2026-10-05 21:36:18,216 - INFO - Log file created at: /home/runner/work/potensitech.com/potensitech.com/languages/english/keywords/logs/kw_search_20261005_213618.log
2026-10-05 21:36:18,216 - INFO - ============================================================
2026-10-05 21:36:18,216 - INFO - AUTOMATIC KEYWORD RESEARCH TOOL
2026-10-05 21:36:18,216 - INFO - ============================================================
2026-10-05 21:36:18,551 - INFO - ========================================
2026-10-05 21:36:18,551 - INFO - Found 14 niches to process: xiaomi, iphone, samsung, apple, sony, asus, philips, sandisk, intel, nvidia, amd, canon, nikon, huawei
2026-10-05 21:36:18,551 - INFO - ========================================
2026-10-05 21:36:18,551 - INFO - Continuing from last processed niche: sandisk
2026-10-05 21:36:18,551 - INFO - ========================================
2026-10-05 21:36:18,551 - INFO - 🎯 PROCESSING NICHE 9/14: 'intel'
2026-10-05 21:36:18,551 - INFO - ========================================
2026-10-05 21:36:18,551 - INFO - 📁 Niche directory: /home/runner/work/potensitech.com/potensitech.com/languages/english/keywords/intel
2026-10-05 21:36:18,551 - INFO - Selected region: us
2026-10-05 21:36:18,551 - INFO - Selected language: en
2026-10-05 21:36:18,551 - INFO - 🎯 Current niche: intel
2026-10-05 21:36:29,830 - INFO - 🎯 Niche terms for filtering: intel, cheap, best, latest, review, price, sell, buy, recommendation, tips, tutorial, guide, how to, vs, versus, compared to, comparison, alternatives, which is better, expensive, discount, deals, sale, affordable, cost, online, offline, marketplace, store, shop, retailer, where to buy, worst, quality, original, genuine, fake, replica, authentic, brand, manufacturer, company, product, intel product, sell intel, buy intel, cheap intel, best intel, intel review, where to buy intel, how to choose intel, top intel, intel guide, intel for sale, intel deals
2026-10-05 21:36:29,830 - INFO - Generated 50 niche-clue pairs for 'intel'.
2026-10-05 21:36:29,832 - INFO - Expanded 50 seed keywords to 218 variations
2026-10-05 21:36:29,832 - INFO - 🔧 Request Handler initialized - Success rate: 100.0%
2026-10-05 21:40:56,909 - INFO - Original clue keywords: digital photography, oled display
2026-10-05 21:40:56,909 - INFO - Niche-focused seeds: digital photography intel, intel digital photography, digital photography cheap, cheap digital photography, digital photography best, best digital photography, digital photography latest, latest digital photography, digital photography review, review digital photography, digital photography price, price digital photography, digital photography sell, sell digital photography, digital photography buy, buy digital photography, digital photography recommendation, recommendation digital photography, digital photography tips, tips digital photography, digital photography tutorial, tutorial digital photography, digital photography guide, guide digital photography, digital photography how to, how to digital photography, digital photography vs, vs digital photography, digital photography versus, versus digital photography, digital photography compared to, compared to digital photography, digital photography comparison, comparison digital photography, digital photography alternatives, alternatives digital photography, digital photography which is better, which is better digital photography, digital photography expensive, expensive digital photography, digital photography discount, discount digital photography, digital photography deals, deals digital photography, digital photography sale, sale digital photography, digital photography affordable, affordable digital photography, digital photography cost, cost digital photography, digital photography online, online digital photography, digital photography offline, offline digital photography, digital photography marketplace, marketplace digital photography, digital photography store, store digital photography, digital photography shop, shop digital photography, digital photography retailer, retailer digital photography, digital photography where to buy, where to buy digital photography, digital photography worst, worst digital photography, digital photography quality, quality digital photography, digital photography original, original digital photography, digital photography genuine, genuine digital photography, digital photography fake, fake digital photography, digital photography replica, replica digital photography, digital photography authentic, authentic digital photography, digital photography brand, brand digital photography, digital photography manufacturer, manufacturer digital photography, digital photography company, company digital photography, digital photography product, product digital photography, digital photography intel product, intel product digital photography, digital photography sell intel, sell intel digital photography, digital photography buy intel, buy intel digital photography, digital photography cheap intel, cheap intel digital photography, digital photography best intel, best intel digital photography, digital photography intel review, intel review digital photography, digital photography where to buy intel, where to buy intel digital photography, digital photography how to choose intel, how to choose intel digital photography, digital photography top intel, top intel digital photography, digital photography intel guide, intel guide digital photography, digital photography intel for sale, intel for sale digital photography, digital photography intel deals, intel deals digital photography, oled display intel, intel oled display, oled display cheap, cheap oled display, oled display best, best oled display, oled display latest, latest oled display, oled display review, review oled display, oled display price, price oled display, oled display sell, sell oled display, oled display buy, buy oled display, oled display recommendation, recommendation oled display, oled display tips, tips oled display, oled display tutorial, tutorial oled display, oled display guide, guide oled display, oled display how to, how to oled display, oled display vs, vs oled display, oled display versus, versus oled display, oled display compared to, compared to oled display, oled display comparison, comparison oled display, oled display alternatives, alternatives oled display, oled display which is better, which is better oled display, oled display expensive, expensive oled display, oled display discount, discount oled display, oled display deals, deals oled display, oled display sale, sale oled display, oled display affordable, affordable oled display, oled display cost, cost oled display, oled display online, online oled display, oled display offline, offline oled display, oled display marketplace, marketplace oled display, oled display store, store oled display, oled display shop, shop oled display, oled display retailer, retailer oled display, oled display where to buy, where to buy oled display, oled display worst, worst oled display, oled display quality, quality oled display, oled display original, original oled display, oled display genuine, genuine oled display, oled display fake, fake oled display, oled display replica, replica oled display, oled display authentic, authentic oled display, oled display brand, brand oled display, oled display manufacturer, manufacturer oled display, oled display company, company oled display, oled display product, product oled display, oled display intel product, intel product oled display, oled display sell intel, sell intel oled display, oled display buy intel, buy intel oled display, oled display cheap intel, cheap intel oled display, oled display best intel, best intel oled display, oled display intel review, intel review oled display, oled display where to buy intel, where to buy intel oled display, oled display how to choose intel, how to choose intel oled display, oled display top intel, top intel oled display, oled display intel guide, intel guide oled display, oled display intel for sale, intel for sale oled display, oled display intel deals, intel deals oled display
2026-10-05 21:40:56,911 - INFO - Expanded 220 seed keywords to 385 variations
2026-10-05 21:40:56,911 - INFO - Language: en
2026-10-05 21:40:56,911 - INFO - Region: us
2026-10-05 21:45:27,791 - INFO - 🎯 After all filtering for 'intel': 120 relevant keywords
2026-10-05 21:45:28,929 - INFO - 🎯 Found 5 new keywords for niche 'intel': intel affordable digital photography, intel affordable oled display, cheap alternatives digital photography, cheap alternatives oled display, best authentic digital photography
2026-10-05 21:45:45,291 - INFO - ✅ Niche 'intel' process complete! 1061 total keyword results.
2026-10-05 21:45:45,291 - INFO - ✅ Completed processing niche: 'intel'
2026-10-05 21:45:45,291 - INFO - 🔧 Request Handler final stats - Success rate: 100.0%
2026-10-05 21:45:45,291 - INFO -    Total requests: 215149, Blocks: 1
2026-10-05 21:45:45,292 - INFO - 
========================================
2026-10-05 21:45:45,292 - INFO - Process Summary:
2026-10-05 21:45:45,292 - INFO - - Current niche: 'intel'
2026-10-05 21:45:45,292 - INFO - - Next niche will be: 'nvidia'
2026-10-05 21:45:45,292 - INFO - - Keywords saved in: languages/english/keywords/intel/
2026-10-05 21:45:45,293 - INFO - ========================================
