2026-08-19 21:55:36,181 - INFO - Log file created at: /home/runner/work/potensitech.com/potensitech.com/languages/english/keywords/logs/kw_search_20260819_215536.log
2026-08-19 21:55:36,181 - INFO - ============================================================
2026-08-19 21:55:36,181 - INFO - AUTOMATIC KEYWORD RESEARCH TOOL
2026-08-19 21:55:36,181 - INFO - ============================================================
2026-08-19 21:55:36,467 - INFO - ========================================
2026-08-19 21:55:36,467 - INFO - Found 14 niches to process: xiaomi, iphone, samsung, apple, sony, asus, philips, sandisk, intel, nvidia, amd, canon, nikon, huawei
2026-08-19 21:55:36,467 - INFO - ========================================
2026-08-19 21:55:36,467 - INFO - Continuing from last processed niche: apple
2026-08-19 21:55:36,467 - INFO - ========================================
2026-08-19 21:55:36,467 - INFO - 🎯 PROCESSING NICHE 5/14: 'sony'
2026-08-19 21:55:36,468 - INFO - ========================================
2026-08-19 21:55:36,468 - INFO - 📁 Niche directory: /home/runner/work/potensitech.com/potensitech.com/languages/english/keywords/sony
2026-08-19 21:55:36,468 - INFO - Selected region: us
2026-08-19 21:55:36,468 - INFO - Selected language: en
2026-08-19 21:55:36,468 - INFO - 🎯 Current niche: sony
2026-08-19 21:55:37,195 - INFO - 🎯 Niche terms for filtering: sony, cheap, best, latest, review, price, sell, buy, recommendation, tips, tutorial, guide, how to, vs, versus, compared to, comparison, alternatives, which is better, expensive, discount, deals, sale, affordable, cost, online, offline, marketplace, store, shop, retailer, where to buy, worst, quality, original, genuine, fake, replica, authentic, brand, manufacturer, company, product, sony product, sell sony, buy sony, cheap sony, best sony, sony review, where to buy sony, how to choose sony, top sony, sony guide, sony for sale, sony deals
2026-08-19 21:55:37,195 - INFO - Generated 50 niche-clue pairs for 'sony'.
2026-08-19 21:55:37,198 - INFO - Expanded 50 seed keywords to 218 variations
2026-08-19 21:55:37,204 - INFO - 🔧 Request Handler initialized - Success rate: 100.0%
2026-08-19 22:00:05,395 - INFO - Original clue keywords: megapixels, autofocus
2026-08-19 22:00:05,395 - INFO - Niche-focused seeds: megapixels sony, sony megapixels, megapixels cheap, cheap megapixels, megapixels best, best megapixels, megapixels latest, latest megapixels, megapixels review, review megapixels, megapixels price, price megapixels, megapixels sell, sell megapixels, megapixels buy, buy megapixels, megapixels recommendation, recommendation megapixels, megapixels tips, tips megapixels, megapixels tutorial, tutorial megapixels, megapixels guide, guide megapixels, megapixels how to, how to megapixels, megapixels vs, vs megapixels, megapixels versus, versus megapixels, megapixels compared to, compared to megapixels, megapixels comparison, comparison megapixels, megapixels alternatives, alternatives megapixels, megapixels which is better, which is better megapixels, megapixels expensive, expensive megapixels, megapixels discount, discount megapixels, megapixels deals, deals megapixels, megapixels sale, sale megapixels, megapixels affordable, affordable megapixels, megapixels cost, cost megapixels, megapixels online, online megapixels, megapixels offline, offline megapixels, megapixels marketplace, marketplace megapixels, megapixels store, store megapixels, megapixels shop, shop megapixels, megapixels retailer, retailer megapixels, megapixels where to buy, where to buy megapixels, megapixels worst, worst megapixels, megapixels quality, quality megapixels, megapixels original, original megapixels, megapixels genuine, genuine megapixels, megapixels fake, fake megapixels, megapixels replica, replica megapixels, megapixels authentic, authentic megapixels, megapixels brand, brand megapixels, megapixels manufacturer, manufacturer megapixels, megapixels company, company megapixels, megapixels product, product megapixels, megapixels sony product, sony product megapixels, megapixels sell sony, sell sony megapixels, megapixels buy sony, buy sony megapixels, megapixels cheap sony, cheap sony megapixels, megapixels best sony, best sony megapixels, megapixels sony review, sony review megapixels, megapixels where to buy sony, where to buy sony megapixels, megapixels how to choose sony, how to choose sony megapixels, megapixels top sony, top sony megapixels, megapixels sony guide, sony guide megapixels, megapixels sony for sale, sony for sale megapixels, megapixels sony deals, sony deals megapixels, autofocus sony, sony autofocus, autofocus cheap, cheap autofocus, autofocus best, best autofocus, autofocus latest, latest autofocus, autofocus review, review autofocus, autofocus price, price autofocus, autofocus sell, sell autofocus, autofocus buy, buy autofocus, autofocus recommendation, recommendation autofocus, autofocus tips, tips autofocus, autofocus tutorial, tutorial autofocus, autofocus guide, guide autofocus, autofocus how to, how to autofocus, autofocus vs, vs autofocus, autofocus versus, versus autofocus, autofocus compared to, compared to autofocus, autofocus comparison, comparison autofocus, autofocus alternatives, alternatives autofocus, autofocus which is better, which is better autofocus, autofocus expensive, expensive autofocus, autofocus discount, discount autofocus, autofocus deals, deals autofocus, autofocus sale, sale autofocus, autofocus affordable, affordable autofocus, autofocus cost, cost autofocus, autofocus online, online autofocus, autofocus offline, offline autofocus, autofocus marketplace, marketplace autofocus, autofocus store, store autofocus, autofocus shop, shop autofocus, autofocus retailer, retailer autofocus, autofocus where to buy, where to buy autofocus, autofocus worst, worst autofocus, autofocus quality, quality autofocus, autofocus original, original autofocus, autofocus genuine, genuine autofocus, autofocus fake, fake autofocus, autofocus replica, replica autofocus, autofocus authentic, authentic autofocus, autofocus brand, brand autofocus, autofocus manufacturer, manufacturer autofocus, autofocus company, company autofocus, autofocus product, product autofocus, autofocus sony product, sony product autofocus, autofocus sell sony, sell sony autofocus, autofocus buy sony, buy sony autofocus, autofocus cheap sony, cheap sony autofocus, autofocus best sony, best sony autofocus, autofocus sony review, sony review autofocus, autofocus where to buy sony, where to buy sony autofocus, autofocus how to choose sony, how to choose sony autofocus, autofocus top sony, top sony autofocus, autofocus sony guide, sony guide autofocus, autofocus sony for sale, sony for sale autofocus, autofocus sony deals, sony deals autofocus
2026-08-19 22:00:05,398 - INFO - Expanded 220 seed keywords to 385 variations
2026-08-19 22:00:05,398 - INFO - Language: en
2026-08-19 22:00:05,399 - INFO - Region: us
2026-08-19 22:00:38,062 - INFO - 🎯 After all filtering for 'sony': 120 relevant keywords
2026-08-19 22:00:38,279 - INFO - 🎯 Found 5 new keywords for niche 'sony': sony affordable autofocus, cheap affordable autofocus, best affordable autofocus, how to affordable autofocus, sony affordable megapixels
2026-08-19 22:00:38,780 - INFO - ✅ Niche 'sony' process complete! 645 total keyword results.
2026-08-19 22:00:38,781 - INFO - ✅ Completed processing niche: 'sony'
2026-08-19 22:00:38,781 - INFO - 🔧 Request Handler final stats - Success rate: 100.0%
2026-08-19 22:00:38,781 - INFO -    Total requests: 175826, Blocks: 1
2026-08-19 22:00:38,782 - INFO - 
========================================
2026-08-19 22:00:38,782 - INFO - Process Summary:
2026-08-19 22:00:38,782 - INFO - - Current niche: 'sony'
2026-08-19 22:00:38,782 - INFO - - Next niche will be: 'asus'
2026-08-19 22:00:38,782 - INFO - - Keywords saved in: languages/english/keywords/sony/
2026-08-19 22:00:38,782 - INFO - ========================================
