2026-10-05 20:19:35,775 - INFO - Log file created at: /home/runner/work/potensitech.com/potensitech.com/languages/english/keywords/logs/kw_search_20261005_201935.log
2026-10-05 20:19:35,775 - INFO - ============================================================
2026-10-05 20:19:35,775 - INFO - AUTOMATIC KEYWORD RESEARCH TOOL
2026-10-05 20:19:35,775 - INFO - ============================================================
2026-10-05 20:19:36,213 - INFO - ========================================
2026-10-05 20:19:36,213 - INFO - Found 14 niches to process: xiaomi, iphone, samsung, apple, sony, asus, philips, sandisk, intel, nvidia, amd, canon, nikon, huawei
2026-10-05 20:19:36,213 - INFO - ========================================
2026-10-05 20:19:36,213 - INFO - Continuing from last processed niche: philips
2026-10-05 20:19:36,213 - INFO - ========================================
2026-10-05 20:19:36,213 - INFO - 🎯 PROCESSING NICHE 8/14: 'sandisk'
2026-10-05 20:19:36,213 - INFO - ========================================
2026-10-05 20:19:36,214 - INFO - 📁 Niche directory: /home/runner/work/potensitech.com/potensitech.com/languages/english/keywords/sandisk
2026-10-05 20:19:36,214 - INFO - Selected region: us
2026-10-05 20:19:36,214 - INFO - Selected language: en
2026-10-05 20:19:36,214 - INFO - 🎯 Current niche: sandisk
2026-10-05 20:19:47,010 - INFO - 🎯 Niche terms for filtering: sandisk, cheap, best, latest, review, price, sell, buy, recommendation, tips, tutorial, guide, how to, vs, versus, compared to, comparison, alternatives, which is better, expensive, discount, deals, sale, affordable, cost, online, offline, marketplace, store, shop, retailer, where to buy, worst, quality, original, genuine, fake, replica, authentic, brand, manufacturer, company, product, sandisk product, sell sandisk, buy sandisk, cheap sandisk, best sandisk, sandisk review, where to buy sandisk, how to choose sandisk, top sandisk, sandisk guide, sandisk for sale, sandisk deals
2026-10-05 20:19:47,011 - INFO - Generated 50 niche-clue pairs for 'sandisk'.
2026-10-05 20:19:47,014 - INFO - Expanded 50 seed keywords to 218 variations
2026-10-05 20:19:47,015 - INFO - 🔧 Request Handler initialized - Success rate: 100.0%
2026-10-05 20:24:13,295 - INFO - Original clue keywords: digital photography, oled display
2026-10-05 20:24:13,295 - INFO - Niche-focused seeds: digital photography sandisk, sandisk digital photography, digital photography cheap, cheap digital photography, digital photography best, best digital photography, digital photography latest, latest digital photography, digital photography review, review digital photography, digital photography price, price digital photography, digital photography sell, sell digital photography, digital photography buy, buy digital photography, digital photography recommendation, recommendation digital photography, digital photography tips, tips digital photography, digital photography tutorial, tutorial digital photography, digital photography guide, guide digital photography, digital photography how to, how to digital photography, digital photography vs, vs digital photography, digital photography versus, versus digital photography, digital photography compared to, compared to digital photography, digital photography comparison, comparison digital photography, digital photography alternatives, alternatives digital photography, digital photography which is better, which is better digital photography, digital photography expensive, expensive digital photography, digital photography discount, discount digital photography, digital photography deals, deals digital photography, digital photography sale, sale digital photography, digital photography affordable, affordable digital photography, digital photography cost, cost digital photography, digital photography online, online digital photography, digital photography offline, offline digital photography, digital photography marketplace, marketplace digital photography, digital photography store, store digital photography, digital photography shop, shop digital photography, digital photography retailer, retailer digital photography, digital photography where to buy, where to buy digital photography, digital photography worst, worst digital photography, digital photography quality, quality digital photography, digital photography original, original digital photography, digital photography genuine, genuine digital photography, digital photography fake, fake digital photography, digital photography replica, replica digital photography, digital photography authentic, authentic digital photography, digital photography brand, brand digital photography, digital photography manufacturer, manufacturer digital photography, digital photography company, company digital photography, digital photography product, product digital photography, digital photography sandisk product, sandisk product digital photography, digital photography sell sandisk, sell sandisk digital photography, digital photography buy sandisk, buy sandisk digital photography, digital photography cheap sandisk, cheap sandisk digital photography, digital photography best sandisk, best sandisk digital photography, digital photography sandisk review, sandisk review digital photography, digital photography where to buy sandisk, where to buy sandisk digital photography, digital photography how to choose sandisk, how to choose sandisk digital photography, digital photography top sandisk, top sandisk digital photography, digital photography sandisk guide, sandisk guide digital photography, digital photography sandisk for sale, sandisk for sale digital photography, digital photography sandisk deals, sandisk deals digital photography, oled display sandisk, sandisk oled display, oled display cheap, cheap oled display, oled display best, best oled display, oled display latest, latest oled display, oled display review, review oled display, oled display price, price oled display, oled display sell, sell oled display, oled display buy, buy oled display, oled display recommendation, recommendation oled display, oled display tips, tips oled display, oled display tutorial, tutorial oled display, oled display guide, guide oled display, oled display how to, how to oled display, oled display vs, vs oled display, oled display versus, versus oled display, oled display compared to, compared to oled display, oled display comparison, comparison oled display, oled display alternatives, alternatives oled display, oled display which is better, which is better oled display, oled display expensive, expensive oled display, oled display discount, discount oled display, oled display deals, deals oled display, oled display sale, sale oled display, oled display affordable, affordable oled display, oled display cost, cost oled display, oled display online, online oled display, oled display offline, offline oled display, oled display marketplace, marketplace oled display, oled display store, store oled display, oled display shop, shop oled display, oled display retailer, retailer oled display, oled display where to buy, where to buy oled display, oled display worst, worst oled display, oled display quality, quality oled display, oled display original, original oled display, oled display genuine, genuine oled display, oled display fake, fake oled display, oled display replica, replica oled display, oled display authentic, authentic oled display, oled display brand, brand oled display, oled display manufacturer, manufacturer oled display, oled display company, company oled display, oled display product, product oled display, oled display sandisk product, sandisk product oled display, oled display sell sandisk, sell sandisk oled display, oled display buy sandisk, buy sandisk oled display, oled display cheap sandisk, cheap sandisk oled display, oled display best sandisk, best sandisk oled display, oled display sandisk review, sandisk review oled display, oled display where to buy sandisk, where to buy sandisk oled display, oled display how to choose sandisk, how to choose sandisk oled display, oled display top sandisk, top sandisk oled display, oled display sandisk guide, sandisk guide oled display, oled display sandisk for sale, sandisk for sale oled display, oled display sandisk deals, sandisk deals oled display
2026-10-05 20:24:13,298 - INFO - Expanded 220 seed keywords to 385 variations
2026-10-05 20:24:13,298 - INFO - Language: en
2026-10-05 20:24:13,298 - INFO - Region: us
2026-10-05 20:28:44,526 - INFO - 🎯 After all filtering for 'sandisk': 120 relevant keywords
2026-10-05 20:28:46,042 - INFO - 🎯 Found 5 new keywords for niche 'sandisk': sandisk affordable digital photography, sandisk affordable oled display, cheap alternatives digital photography, cheap alternatives oled display, best authentic digital photography
2026-10-05 20:29:02,130 - INFO - ✅ Niche 'sandisk' process complete! 879 total keyword results.
2026-10-05 20:29:02,131 - INFO - ✅ Completed processing niche: 'sandisk'
2026-10-05 20:29:02,131 - INFO - 🔧 Request Handler final stats - Success rate: 100.0%
2026-10-05 20:29:02,131 - INFO -    Total requests: 215049, Blocks: 1
2026-10-05 20:29:02,132 - INFO - 
========================================
2026-10-05 20:29:02,133 - INFO - Process Summary:
2026-10-05 20:29:02,133 - INFO - - Current niche: 'sandisk'
2026-10-05 20:29:02,133 - INFO - - Next niche will be: 'intel'
2026-10-05 20:29:02,133 - INFO - - Keywords saved in: languages/english/keywords/sandisk/
2026-10-05 20:29:02,133 - INFO - ========================================
