2026-08-30 10:08:38,659 - INFO - Log file created at: /home/runner/work/potensitech.com/potensitech.com/languages/english/keywords/logs/kw_search_20260830_100838.log
2026-08-30 10:08:38,659 - INFO - ============================================================
2026-08-30 10:08:38,659 - INFO - AUTOMATIC KEYWORD RESEARCH TOOL
2026-08-30 10:08:38,659 - INFO - ============================================================
2026-08-30 10:08:39,034 - INFO - ========================================
2026-08-30 10:08:39,034 - INFO - Found 14 niches to process: xiaomi, iphone, samsung, apple, sony, asus, philips, sandisk, intel, nvidia, amd, canon, nikon, huawei
2026-08-30 10:08:39,034 - INFO - ========================================
2026-08-30 10:08:39,034 - INFO - Continuing from last processed niche: intel
2026-08-30 10:08:39,034 - INFO - ========================================
2026-08-30 10:08:39,034 - INFO - 🎯 PROCESSING NICHE 10/14: 'nvidia'
2026-08-30 10:08:39,034 - INFO - ========================================
2026-08-30 10:08:39,034 - INFO - 📁 Niche directory: /home/runner/work/potensitech.com/potensitech.com/languages/english/keywords/nvidia
2026-08-30 10:08:39,034 - INFO - Selected region: us
2026-08-30 10:08:39,034 - INFO - Selected language: en
2026-08-30 10:08:39,034 - INFO - 🎯 Current niche: nvidia
2026-08-30 10:08:50,864 - INFO - 🎯 Niche terms for filtering: nvidia, cheap, best, latest, review, price, sell, buy, recommendation, tips, tutorial, guide, how to, vs, versus, compared to, comparison, alternatives, which is better, expensive, discount, deals, sale, affordable, cost, online, offline, marketplace, store, shop, retailer, where to buy, worst, quality, original, genuine, fake, replica, authentic, brand, manufacturer, company, product, nvidia product, sell nvidia, buy nvidia, cheap nvidia, best nvidia, nvidia review, where to buy nvidia, how to choose nvidia, top nvidia, nvidia guide, nvidia for sale, nvidia deals
2026-08-30 10:08:50,864 - INFO - Generated 50 niche-clue pairs for 'nvidia'.
2026-08-30 10:08:50,867 - INFO - Expanded 50 seed keywords to 218 variations
2026-08-30 10:08:50,868 - INFO - 🔧 Request Handler initialized - Success rate: 100.0%
2026-08-30 10:13:15,960 - INFO - Original clue keywords: ai rendering, smart-lighting
2026-08-30 10:13:15,960 - INFO - Niche-focused seeds: ai rendering nvidia, nvidia ai rendering, ai rendering cheap, cheap ai rendering, ai rendering best, best ai rendering, ai rendering latest, latest ai rendering, ai rendering review, review ai rendering, ai rendering price, price ai rendering, ai rendering sell, sell ai rendering, ai rendering buy, buy ai rendering, ai rendering recommendation, recommendation ai rendering, ai rendering tips, tips ai rendering, ai rendering tutorial, tutorial ai rendering, ai rendering guide, guide ai rendering, ai rendering how to, how to ai rendering, ai rendering vs, vs ai rendering, ai rendering versus, versus ai rendering, ai rendering compared to, compared to ai rendering, ai rendering comparison, comparison ai rendering, ai rendering alternatives, alternatives ai rendering, ai rendering which is better, which is better ai rendering, ai rendering expensive, expensive ai rendering, ai rendering discount, discount ai rendering, ai rendering deals, deals ai rendering, ai rendering sale, sale ai rendering, ai rendering affordable, affordable ai rendering, ai rendering cost, cost ai rendering, ai rendering online, online ai rendering, ai rendering offline, offline ai rendering, ai rendering marketplace, marketplace ai rendering, ai rendering store, store ai rendering, ai rendering shop, shop ai rendering, ai rendering retailer, retailer ai rendering, ai rendering where to buy, where to buy ai rendering, ai rendering worst, worst ai rendering, ai rendering quality, quality ai rendering, ai rendering original, original ai rendering, ai rendering genuine, genuine ai rendering, ai rendering fake, fake ai rendering, ai rendering replica, replica ai rendering, ai rendering authentic, authentic ai rendering, ai rendering brand, brand ai rendering, ai rendering manufacturer, manufacturer ai rendering, ai rendering company, company ai rendering, ai rendering product, product ai rendering, ai rendering nvidia product, nvidia product ai rendering, ai rendering sell nvidia, sell nvidia ai rendering, ai rendering buy nvidia, buy nvidia ai rendering, ai rendering cheap nvidia, cheap nvidia ai rendering, ai rendering best nvidia, best nvidia ai rendering, ai rendering nvidia review, nvidia review ai rendering, ai rendering where to buy nvidia, where to buy nvidia ai rendering, ai rendering how to choose nvidia, how to choose nvidia ai rendering, ai rendering top nvidia, top nvidia ai rendering, ai rendering nvidia guide, nvidia guide ai rendering, ai rendering nvidia for sale, nvidia for sale ai rendering, ai rendering nvidia deals, nvidia deals ai rendering, smart-lighting nvidia, nvidia smart-lighting, smart-lighting cheap, cheap smart-lighting, smart-lighting best, best smart-lighting, smart-lighting latest, latest smart-lighting, smart-lighting review, review smart-lighting, smart-lighting price, price smart-lighting, smart-lighting sell, sell smart-lighting, smart-lighting buy, buy smart-lighting, smart-lighting recommendation, recommendation smart-lighting, smart-lighting tips, tips smart-lighting, smart-lighting tutorial, tutorial smart-lighting, smart-lighting guide, guide smart-lighting, smart-lighting how to, how to smart-lighting, smart-lighting vs, vs smart-lighting, smart-lighting versus, versus smart-lighting, smart-lighting compared to, compared to smart-lighting, smart-lighting comparison, comparison smart-lighting, smart-lighting alternatives, alternatives smart-lighting, smart-lighting which is better, which is better smart-lighting, smart-lighting expensive, expensive smart-lighting, smart-lighting discount, discount smart-lighting, smart-lighting deals, deals smart-lighting, smart-lighting sale, sale smart-lighting, smart-lighting affordable, affordable smart-lighting, smart-lighting cost, cost smart-lighting, smart-lighting online, online smart-lighting, smart-lighting offline, offline smart-lighting, smart-lighting marketplace, marketplace smart-lighting, smart-lighting store, store smart-lighting, smart-lighting shop, shop smart-lighting, smart-lighting retailer, retailer smart-lighting, smart-lighting where to buy, where to buy smart-lighting, smart-lighting worst, worst smart-lighting, smart-lighting quality, quality smart-lighting, smart-lighting original, original smart-lighting, smart-lighting genuine, genuine smart-lighting, smart-lighting fake, fake smart-lighting, smart-lighting replica, replica smart-lighting, smart-lighting authentic, authentic smart-lighting, smart-lighting brand, brand smart-lighting, smart-lighting manufacturer, manufacturer smart-lighting, smart-lighting company, company smart-lighting, smart-lighting product, product smart-lighting, smart-lighting nvidia product, nvidia product smart-lighting, smart-lighting sell nvidia, sell nvidia smart-lighting, smart-lighting buy nvidia, buy nvidia smart-lighting, smart-lighting cheap nvidia, cheap nvidia smart-lighting, smart-lighting best nvidia, best nvidia smart-lighting, smart-lighting nvidia review, nvidia review smart-lighting, smart-lighting where to buy nvidia, where to buy nvidia smart-lighting, smart-lighting how to choose nvidia, how to choose nvidia smart-lighting, smart-lighting top nvidia, top nvidia smart-lighting, smart-lighting nvidia guide, nvidia guide smart-lighting, smart-lighting nvidia for sale, nvidia for sale smart-lighting, smart-lighting nvidia deals, nvidia deals smart-lighting
2026-08-30 10:13:15,964 - INFO - Expanded 220 seed keywords to 385 variations
2026-08-30 10:13:15,964 - INFO - Language: en
2026-08-30 10:13:15,964 - INFO - Region: us
2026-08-30 10:17:48,560 - INFO - 🎯 After all filtering for 'nvidia': 120 relevant keywords
2026-08-30 10:17:48,879 - INFO - 🎯 Found 5 new keywords for niche 'nvidia': nvidia affordable smart-lighting, cheap affordable smart-lighting, best affordable smart-lighting, how to affordable smart-lighting, nvidia alternatives smart-lighting
2026-08-30 10:18:05,130 - INFO - ✅ Niche 'nvidia' process complete! 864 total keyword results.
2026-08-30 10:18:05,130 - INFO - ✅ Completed processing niche: 'nvidia'
2026-08-30 10:18:05,130 - INFO - 🔧 Request Handler final stats - Success rate: 100.0%
2026-08-30 10:18:05,130 - INFO -    Total requests: 183822, Blocks: 1
2026-08-30 10:18:05,131 - INFO - 
========================================
2026-08-30 10:18:05,131 - INFO - Process Summary:
2026-08-30 10:18:05,131 - INFO - - Current niche: 'nvidia'
2026-08-30 10:18:05,131 - INFO - - Next niche will be: 'amd'
2026-08-30 10:18:05,131 - INFO - - Keywords saved in: languages/english/keywords/nvidia/
2026-08-30 10:18:05,132 - INFO - ========================================
