2026-09-28 19:10:20,031 - INFO - Log file created at: /home/runner/work/potensitech.com/potensitech.com/languages/english/keywords/logs/kw_search_20260928_191020.log
2026-09-28 19:10:20,032 - INFO - ============================================================
2026-09-28 19:10:20,032 - INFO - AUTOMATIC KEYWORD RESEARCH TOOL
2026-09-28 19:10:20,032 - INFO - ============================================================
2026-09-28 19:10:20,467 - INFO - ========================================
2026-09-28 19:10:20,467 - INFO - Found 14 niches to process: xiaomi, iphone, samsung, apple, sony, asus, philips, sandisk, intel, nvidia, amd, canon, nikon, huawei
2026-09-28 19:10:20,467 - INFO - ========================================
2026-09-28 19:10:20,467 - INFO - Continuing from last processed niche: philips
2026-09-28 19:10:20,467 - INFO - ========================================
2026-09-28 19:10:20,467 - INFO - 🎯 PROCESSING NICHE 8/14: 'sandisk'
2026-09-28 19:10:20,468 - INFO - ========================================
2026-09-28 19:10:20,468 - INFO - 📁 Niche directory: /home/runner/work/potensitech.com/potensitech.com/languages/english/keywords/sandisk
2026-09-28 19:10:20,468 - INFO - Selected region: us
2026-09-28 19:10:20,468 - INFO - Selected language: en
2026-09-28 19:10:20,468 - INFO - 🎯 Current niche: sandisk
2026-09-28 19:10:31,113 - INFO - 🎯 Niche terms for filtering: sandisk, cheap, best, latest, review, price, sell, buy, recommendation, tips, tutorial, guide, how to, vs, versus, compared to, comparison, alternatives, which is better, expensive, discount, deals, sale, affordable, cost, online, offline, marketplace, store, shop, retailer, where to buy, worst, quality, original, genuine, fake, replica, authentic, brand, manufacturer, company, product, sandisk product, sell sandisk, buy sandisk, cheap sandisk, best sandisk, sandisk review, where to buy sandisk, how to choose sandisk, top sandisk, sandisk guide, sandisk for sale, sandisk deals
2026-09-28 19:10:31,114 - INFO - Generated 50 niche-clue pairs for 'sandisk'.
2026-09-28 19:10:31,117 - INFO - Expanded 50 seed keywords to 218 variations
2026-09-28 19:10:31,118 - INFO - 🔧 Request Handler initialized - Success rate: 100.0%
2026-09-28 19:14:53,466 - INFO - Original clue keywords: smartphone battery, smartphone display
2026-09-28 19:14:53,466 - INFO - Niche-focused seeds: smartphone battery sandisk, sandisk smartphone battery, smartphone battery cheap, cheap smartphone battery, smartphone battery best, best smartphone battery, smartphone battery latest, latest smartphone battery, smartphone battery review, review smartphone battery, smartphone battery price, price smartphone battery, smartphone battery sell, sell smartphone battery, smartphone battery buy, buy smartphone battery, smartphone battery recommendation, recommendation smartphone battery, smartphone battery tips, tips smartphone battery, smartphone battery tutorial, tutorial smartphone battery, smartphone battery guide, guide smartphone battery, smartphone battery how to, how to smartphone battery, smartphone battery vs, vs smartphone battery, smartphone battery versus, versus smartphone battery, smartphone battery compared to, compared to smartphone battery, smartphone battery comparison, comparison smartphone battery, smartphone battery alternatives, alternatives smartphone battery, smartphone battery which is better, which is better smartphone battery, smartphone battery expensive, expensive smartphone battery, smartphone battery discount, discount smartphone battery, smartphone battery deals, deals smartphone battery, smartphone battery sale, sale smartphone battery, smartphone battery affordable, affordable smartphone battery, smartphone battery cost, cost smartphone battery, smartphone battery online, online smartphone battery, smartphone battery offline, offline smartphone battery, smartphone battery marketplace, marketplace smartphone battery, smartphone battery store, store smartphone battery, smartphone battery shop, shop smartphone battery, smartphone battery retailer, retailer smartphone battery, smartphone battery where to buy, where to buy smartphone battery, smartphone battery worst, worst smartphone battery, smartphone battery quality, quality smartphone battery, smartphone battery original, original smartphone battery, smartphone battery genuine, genuine smartphone battery, smartphone battery fake, fake smartphone battery, smartphone battery replica, replica smartphone battery, smartphone battery authentic, authentic smartphone battery, smartphone battery brand, brand smartphone battery, smartphone battery manufacturer, manufacturer smartphone battery, smartphone battery company, company smartphone battery, smartphone battery product, product smartphone battery, smartphone battery sandisk product, sandisk product smartphone battery, smartphone battery sell sandisk, sell sandisk smartphone battery, smartphone battery buy sandisk, buy sandisk smartphone battery, smartphone battery cheap sandisk, cheap sandisk smartphone battery, smartphone battery best sandisk, best sandisk smartphone battery, smartphone battery sandisk review, sandisk review smartphone battery, smartphone battery where to buy sandisk, where to buy sandisk smartphone battery, smartphone battery how to choose sandisk, how to choose sandisk smartphone battery, smartphone battery top sandisk, top sandisk smartphone battery, smartphone battery sandisk guide, sandisk guide smartphone battery, smartphone battery sandisk for sale, sandisk for sale smartphone battery, smartphone battery sandisk deals, sandisk deals smartphone battery, smartphone display sandisk, sandisk smartphone display, smartphone display cheap, cheap smartphone display, smartphone display best, best smartphone display, smartphone display latest, latest smartphone display, smartphone display review, review smartphone display, smartphone display price, price smartphone display, smartphone display sell, sell smartphone display, smartphone display buy, buy smartphone display, smartphone display recommendation, recommendation smartphone display, smartphone display tips, tips smartphone display, smartphone display tutorial, tutorial smartphone display, smartphone display guide, guide smartphone display, smartphone display how to, how to smartphone display, smartphone display vs, vs smartphone display, smartphone display versus, versus smartphone display, smartphone display compared to, compared to smartphone display, smartphone display comparison, comparison smartphone display, smartphone display alternatives, alternatives smartphone display, smartphone display which is better, which is better smartphone display, smartphone display expensive, expensive smartphone display, smartphone display discount, discount smartphone display, smartphone display deals, deals smartphone display, smartphone display sale, sale smartphone display, smartphone display affordable, affordable smartphone display, smartphone display cost, cost smartphone display, smartphone display online, online smartphone display, smartphone display offline, offline smartphone display, smartphone display marketplace, marketplace smartphone display, smartphone display store, store smartphone display, smartphone display shop, shop smartphone display, smartphone display retailer, retailer smartphone display, smartphone display where to buy, where to buy smartphone display, smartphone display worst, worst smartphone display, smartphone display quality, quality smartphone display, smartphone display original, original smartphone display, smartphone display genuine, genuine smartphone display, smartphone display fake, fake smartphone display, smartphone display replica, replica smartphone display, smartphone display authentic, authentic smartphone display, smartphone display brand, brand smartphone display, smartphone display manufacturer, manufacturer smartphone display, smartphone display company, company smartphone display, smartphone display product, product smartphone display, smartphone display sandisk product, sandisk product smartphone display, smartphone display sell sandisk, sell sandisk smartphone display, smartphone display buy sandisk, buy sandisk smartphone display, smartphone display cheap sandisk, cheap sandisk smartphone display, smartphone display best sandisk, best sandisk smartphone display, smartphone display sandisk review, sandisk review smartphone display, smartphone display where to buy sandisk, where to buy sandisk smartphone display, smartphone display how to choose sandisk, how to choose sandisk smartphone display, smartphone display top sandisk, top sandisk smartphone display, smartphone display sandisk guide, sandisk guide smartphone display, smartphone display sandisk for sale, sandisk for sale smartphone display, smartphone display sandisk deals, sandisk deals smartphone display
2026-09-28 19:14:53,469 - INFO - Expanded 220 seed keywords to 385 variations
2026-09-28 19:14:53,469 - INFO - Language: en
2026-09-28 19:14:53,469 - INFO - Region: us
2026-09-28 19:19:26,002 - INFO - 🎯 After all filtering for 'sandisk': 120 relevant keywords
2026-09-28 19:19:27,583 - INFO - 🎯 Found 5 new keywords for niche 'sandisk': sandisk affordable smartphone battery, cheap affordable smartphone display, cheap alternatives smartphone battery, sandisk alternatives smartphone display, best authentic smartphone battery
2026-09-28 19:19:43,380 - INFO - ✅ Niche 'sandisk' process complete! 869 total keyword results.
2026-09-28 19:19:43,380 - INFO - ✅ Completed processing niche: 'sandisk'
2026-09-28 19:19:43,381 - INFO - 🔧 Request Handler final stats - Success rate: 100.0%
2026-09-28 19:19:43,381 - INFO -    Total requests: 208623, Blocks: 1
2026-09-28 19:19:43,382 - INFO - 
========================================
2026-09-28 19:19:43,382 - INFO - Process Summary:
2026-09-28 19:19:43,382 - INFO - - Current niche: 'sandisk'
2026-09-28 19:19:43,382 - INFO - - Next niche will be: 'intel'
2026-09-28 19:19:43,382 - INFO - - Keywords saved in: languages/english/keywords/sandisk/
2026-09-28 19:19:43,382 - INFO - ========================================
