2026-08-27 01:02:22,952 - INFO - Log file created at: /home/runner/work/potensitech.com/potensitech.com/languages/english/keywords/logs/kw_search_20260827_010222.log
2026-08-27 01:02:22,953 - INFO - ============================================================
2026-08-27 01:02:22,953 - INFO - AUTOMATIC KEYWORD RESEARCH TOOL
2026-08-27 01:02:22,953 - INFO - ============================================================
2026-08-27 01:02:23,253 - INFO - ========================================
2026-08-27 01:02:23,253 - INFO - Found 14 niches to process: xiaomi, iphone, samsung, apple, sony, asus, philips, sandisk, intel, nvidia, amd, canon, nikon, huawei
2026-08-27 01:02:23,253 - INFO - ========================================
2026-08-27 01:02:23,253 - INFO - Continuing from last processed niche: apple
2026-08-27 01:02:23,253 - INFO - ========================================
2026-08-27 01:02:23,253 - INFO - 🎯 PROCESSING NICHE 5/14: 'sony'
2026-08-27 01:02:23,254 - INFO - ========================================
2026-08-27 01:02:23,254 - INFO - 📁 Niche directory: /home/runner/work/potensitech.com/potensitech.com/languages/english/keywords/sony
2026-08-27 01:02:23,254 - INFO - Selected region: us
2026-08-27 01:02:23,254 - INFO - Selected language: en
2026-08-27 01:02:23,254 - INFO - 🎯 Current niche: sony
2026-08-27 01:02:34,406 - INFO - 🎯 Niche terms for filtering: sony, cheap, best, latest, review, price, sell, buy, recommendation, tips, tutorial, guide, how to, vs, versus, compared to, comparison, alternatives, which is better, expensive, discount, deals, sale, affordable, cost, online, offline, marketplace, store, shop, retailer, where to buy, worst, quality, original, genuine, fake, replica, authentic, brand, manufacturer, company, product, sony product, sell sony, buy sony, cheap sony, best sony, sony review, where to buy sony, how to choose sony, top sony, sony guide, sony for sale, sony deals
2026-08-27 01:02:34,406 - INFO - Generated 50 niche-clue pairs for 'sony'.
2026-08-27 01:02:34,409 - INFO - Expanded 50 seed keywords to 218 variations
2026-08-27 01:02:34,410 - INFO - 🔧 Request Handler initialized - Success rate: 100.0%
2026-08-27 01:07:02,778 - INFO - Original clue keywords: portable storage, usb stick
2026-08-27 01:07:02,778 - INFO - Niche-focused seeds: portable storage sony, sony portable storage, portable storage cheap, cheap portable storage, portable storage best, best portable storage, portable storage latest, latest portable storage, portable storage review, review portable storage, portable storage price, price portable storage, portable storage sell, sell portable storage, portable storage buy, buy portable storage, portable storage recommendation, recommendation portable storage, portable storage tips, tips portable storage, portable storage tutorial, tutorial portable storage, portable storage guide, guide portable storage, portable storage how to, how to portable storage, portable storage vs, vs portable storage, portable storage versus, versus portable storage, portable storage compared to, compared to portable storage, portable storage comparison, comparison portable storage, portable storage alternatives, alternatives portable storage, portable storage which is better, which is better portable storage, portable storage expensive, expensive portable storage, portable storage discount, discount portable storage, portable storage deals, deals portable storage, portable storage sale, sale portable storage, portable storage affordable, affordable portable storage, portable storage cost, cost portable storage, portable storage online, online portable storage, portable storage offline, offline portable storage, portable storage marketplace, marketplace portable storage, portable storage store, store portable storage, portable storage shop, shop portable storage, portable storage retailer, retailer portable storage, portable storage where to buy, where to buy portable storage, portable storage worst, worst portable storage, portable storage quality, quality portable storage, portable storage original, original portable storage, portable storage genuine, genuine portable storage, portable storage fake, fake portable storage, portable storage replica, replica portable storage, portable storage authentic, authentic portable storage, portable storage brand, brand portable storage, portable storage manufacturer, manufacturer portable storage, portable storage company, company portable storage, portable storage product, product portable storage, portable storage sony product, sony product portable storage, portable storage sell sony, sell sony portable storage, portable storage buy sony, buy sony portable storage, portable storage cheap sony, cheap sony portable storage, portable storage best sony, best sony portable storage, portable storage sony review, sony review portable storage, portable storage where to buy sony, where to buy sony portable storage, portable storage how to choose sony, how to choose sony portable storage, portable storage top sony, top sony portable storage, portable storage sony guide, sony guide portable storage, portable storage sony for sale, sony for sale portable storage, portable storage sony deals, sony deals portable storage, usb stick sony, sony usb stick, usb stick cheap, cheap usb stick, usb stick best, best usb stick, usb stick latest, latest usb stick, usb stick review, review usb stick, usb stick price, price usb stick, usb stick sell, sell usb stick, usb stick buy, buy usb stick, usb stick recommendation, recommendation usb stick, usb stick tips, tips usb stick, usb stick tutorial, tutorial usb stick, usb stick guide, guide usb stick, usb stick how to, how to usb stick, usb stick vs, vs usb stick, usb stick versus, versus usb stick, usb stick compared to, compared to usb stick, usb stick comparison, comparison usb stick, usb stick alternatives, alternatives usb stick, usb stick which is better, which is better usb stick, usb stick expensive, expensive usb stick, usb stick discount, discount usb stick, usb stick deals, deals usb stick, usb stick sale, sale usb stick, usb stick affordable, affordable usb stick, usb stick cost, cost usb stick, usb stick online, online usb stick, usb stick offline, offline usb stick, usb stick marketplace, marketplace usb stick, usb stick store, store usb stick, usb stick shop, shop usb stick, usb stick retailer, retailer usb stick, usb stick where to buy, where to buy usb stick, usb stick worst, worst usb stick, usb stick quality, quality usb stick, usb stick original, original usb stick, usb stick genuine, genuine usb stick, usb stick fake, fake usb stick, usb stick replica, replica usb stick, usb stick authentic, authentic usb stick, usb stick brand, brand usb stick, usb stick manufacturer, manufacturer usb stick, usb stick company, company usb stick, usb stick product, product usb stick, usb stick sony product, sony product usb stick, usb stick sell sony, sell sony usb stick, usb stick buy sony, buy sony usb stick, usb stick cheap sony, cheap sony usb stick, usb stick best sony, best sony usb stick, usb stick sony review, sony review usb stick, usb stick where to buy sony, where to buy sony usb stick, usb stick how to choose sony, how to choose sony usb stick, usb stick top sony, top sony usb stick, usb stick sony guide, sony guide usb stick, usb stick sony for sale, sony for sale usb stick, usb stick sony deals, sony deals usb stick
2026-08-27 01:07:02,781 - INFO - Expanded 220 seed keywords to 385 variations
2026-08-27 01:07:02,781 - INFO - Language: en
2026-08-27 01:07:02,782 - INFO - Region: us
2026-08-27 01:11:30,014 - INFO - 🎯 After all filtering for 'sony': 120 relevant keywords
2026-08-27 01:11:31,193 - INFO - 🎯 Found 5 new keywords for niche 'sony': sony affordable portable storage, sony affordable usb stick, cheap alternatives portable storage, cheap alternatives usb stick, best authentic portable storage
2026-08-27 01:11:47,433 - INFO - ✅ Niche 'sony' process complete! 654 total keyword results.
2026-08-27 01:11:47,433 - INFO - ✅ Completed processing niche: 'sony'
2026-08-27 01:11:47,433 - INFO - 🔧 Request Handler final stats - Success rate: 100.0%
2026-08-27 01:11:47,433 - INFO -    Total requests: 181282, Blocks: 1
2026-08-27 01:11:47,434 - INFO - 
========================================
2026-08-27 01:11:47,434 - INFO - Process Summary:
2026-08-27 01:11:47,434 - INFO - - Current niche: 'sony'
2026-08-27 01:11:47,434 - INFO - - Next niche will be: 'asus'
2026-08-27 01:11:47,434 - INFO - - Keywords saved in: languages/english/keywords/sony/
2026-08-27 01:11:47,435 - INFO - ========================================
