2026-08-29 09:13:02,638 - INFO - Log file created at: /home/runner/work/potensitech.com/potensitech.com/languages/english/keywords/logs/kw_search_20260829_091302.log
2026-08-29 09:13:02,638 - INFO - ============================================================
2026-08-29 09:13:02,638 - INFO - AUTOMATIC KEYWORD RESEARCH TOOL
2026-08-29 09:13:02,638 - INFO - ============================================================
2026-08-29 09:13:02,866 - INFO - ========================================
2026-08-29 09:13:02,867 - INFO - Found 14 niches to process: xiaomi, iphone, samsung, apple, sony, asus, philips, sandisk, intel, nvidia, amd, canon, nikon, huawei
2026-08-29 09:13:02,867 - INFO - ========================================
2026-08-29 09:13:02,867 - INFO - Continuing from last processed niche: canon
2026-08-29 09:13:02,867 - INFO - ========================================
2026-08-29 09:13:02,867 - INFO - 🎯 PROCESSING NICHE 13/14: 'nikon'
2026-08-29 09:13:02,867 - INFO - ========================================
2026-08-29 09:13:02,867 - INFO - 📁 Niche directory: /home/runner/work/potensitech.com/potensitech.com/languages/english/keywords/nikon
2026-08-29 09:13:02,867 - INFO - Selected region: us
2026-08-29 09:13:02,867 - INFO - Selected language: en
2026-08-29 09:13:02,867 - INFO - 🎯 Current niche: nikon
2026-08-29 09:13:13,931 - INFO - 🎯 Niche terms for filtering: nikon, cheap, best, latest, review, price, sell, buy, recommendation, tips, tutorial, guide, how to, vs, versus, compared to, comparison, alternatives, which is better, expensive, discount, deals, sale, affordable, cost, online, offline, marketplace, store, shop, retailer, where to buy, worst, quality, original, genuine, fake, replica, authentic, brand, manufacturer, company, product, nikon product, sell nikon, buy nikon, cheap nikon, best nikon, nikon review, where to buy nikon, how to choose nikon, top nikon, nikon guide, nikon for sale, nikon deals
2026-08-29 09:13:13,932 - INFO - Generated 50 niche-clue pairs for 'nikon'.
2026-08-29 09:13:13,933 - INFO - Expanded 50 seed keywords to 218 variations
2026-08-29 09:13:13,934 - INFO - 🔧 Request Handler initialized - Success rate: 100.0%
2026-08-29 09:17:38,112 - INFO - Original clue keywords: ai rendering, storage capacity
2026-08-29 09:17:38,112 - INFO - Niche-focused seeds: ai rendering nikon, nikon ai rendering, ai rendering cheap, cheap ai rendering, ai rendering best, best ai rendering, ai rendering latest, latest ai rendering, ai rendering review, review ai rendering, ai rendering price, price ai rendering, ai rendering sell, sell ai rendering, ai rendering buy, buy ai rendering, ai rendering recommendation, recommendation ai rendering, ai rendering tips, tips ai rendering, ai rendering tutorial, tutorial ai rendering, ai rendering guide, guide ai rendering, ai rendering how to, how to ai rendering, ai rendering vs, vs ai rendering, ai rendering versus, versus ai rendering, ai rendering compared to, compared to ai rendering, ai rendering comparison, comparison ai rendering, ai rendering alternatives, alternatives ai rendering, ai rendering which is better, which is better ai rendering, ai rendering expensive, expensive ai rendering, ai rendering discount, discount ai rendering, ai rendering deals, deals ai rendering, ai rendering sale, sale ai rendering, ai rendering affordable, affordable ai rendering, ai rendering cost, cost ai rendering, ai rendering online, online ai rendering, ai rendering offline, offline ai rendering, ai rendering marketplace, marketplace ai rendering, ai rendering store, store ai rendering, ai rendering shop, shop ai rendering, ai rendering retailer, retailer ai rendering, ai rendering where to buy, where to buy ai rendering, ai rendering worst, worst ai rendering, ai rendering quality, quality ai rendering, ai rendering original, original ai rendering, ai rendering genuine, genuine ai rendering, ai rendering fake, fake ai rendering, ai rendering replica, replica ai rendering, ai rendering authentic, authentic ai rendering, ai rendering brand, brand ai rendering, ai rendering manufacturer, manufacturer ai rendering, ai rendering company, company ai rendering, ai rendering product, product ai rendering, ai rendering nikon product, nikon product ai rendering, ai rendering sell nikon, sell nikon ai rendering, ai rendering buy nikon, buy nikon ai rendering, ai rendering cheap nikon, cheap nikon ai rendering, ai rendering best nikon, best nikon ai rendering, ai rendering nikon review, nikon review ai rendering, ai rendering where to buy nikon, where to buy nikon ai rendering, ai rendering how to choose nikon, how to choose nikon ai rendering, ai rendering top nikon, top nikon ai rendering, ai rendering nikon guide, nikon guide ai rendering, ai rendering nikon for sale, nikon for sale ai rendering, ai rendering nikon deals, nikon deals ai rendering, storage capacity nikon, nikon storage capacity, storage capacity cheap, cheap storage capacity, storage capacity best, best storage capacity, storage capacity latest, latest storage capacity, storage capacity review, review storage capacity, storage capacity price, price storage capacity, storage capacity sell, sell storage capacity, storage capacity buy, buy storage capacity, storage capacity recommendation, recommendation storage capacity, storage capacity tips, tips storage capacity, storage capacity tutorial, tutorial storage capacity, storage capacity guide, guide storage capacity, storage capacity how to, how to storage capacity, storage capacity vs, vs storage capacity, storage capacity versus, versus storage capacity, storage capacity compared to, compared to storage capacity, storage capacity comparison, comparison storage capacity, storage capacity alternatives, alternatives storage capacity, storage capacity which is better, which is better storage capacity, storage capacity expensive, expensive storage capacity, storage capacity discount, discount storage capacity, storage capacity deals, deals storage capacity, storage capacity sale, sale storage capacity, storage capacity affordable, affordable storage capacity, storage capacity cost, cost storage capacity, storage capacity online, online storage capacity, storage capacity offline, offline storage capacity, storage capacity marketplace, marketplace storage capacity, storage capacity store, store storage capacity, storage capacity shop, shop storage capacity, storage capacity retailer, retailer storage capacity, storage capacity where to buy, where to buy storage capacity, storage capacity worst, worst storage capacity, storage capacity quality, quality storage capacity, storage capacity original, original storage capacity, storage capacity genuine, genuine storage capacity, storage capacity fake, fake storage capacity, storage capacity replica, replica storage capacity, storage capacity authentic, authentic storage capacity, storage capacity brand, brand storage capacity, storage capacity manufacturer, manufacturer storage capacity, storage capacity company, company storage capacity, storage capacity product, product storage capacity, storage capacity nikon product, nikon product storage capacity, storage capacity sell nikon, sell nikon storage capacity, storage capacity buy nikon, buy nikon storage capacity, storage capacity cheap nikon, cheap nikon storage capacity, storage capacity best nikon, best nikon storage capacity, storage capacity nikon review, nikon review storage capacity, storage capacity where to buy nikon, where to buy nikon storage capacity, storage capacity how to choose nikon, how to choose nikon storage capacity, storage capacity top nikon, top nikon storage capacity, storage capacity nikon guide, nikon guide storage capacity, storage capacity nikon for sale, nikon for sale storage capacity, storage capacity nikon deals, nikon deals storage capacity
2026-08-29 09:17:38,114 - INFO - Expanded 220 seed keywords to 385 variations
2026-08-29 09:17:38,114 - INFO - Language: en
2026-08-29 09:17:38,114 - INFO - Region: us
2026-08-29 09:18:25,821 - INFO - 🎯 After all filtering for 'nikon': 120 relevant keywords
2026-08-29 09:18:26,860 - INFO - 🎯 Found 5 new keywords for niche 'nikon': nikon affordable ai rendering, nikon affordable storage capacity, cheap ai rendering alternatives, best ai rendering authentic, how to ai rendering brand
2026-08-29 09:18:43,393 - INFO - ✅ Niche 'nikon' process complete! 683 total keyword results.
2026-08-29 09:18:43,393 - INFO - ✅ Completed processing niche: 'nikon'
2026-08-29 09:18:43,393 - INFO - 🔧 Request Handler final stats - Success rate: 100.0%
2026-08-29 09:18:43,393 - INFO -    Total requests: 183154, Blocks: 1
2026-08-29 09:18:43,394 - INFO - 
========================================
2026-08-29 09:18:43,394 - INFO - Process Summary:
2026-08-29 09:18:43,394 - INFO - - Current niche: 'nikon'
2026-08-29 09:18:43,394 - INFO - - Next niche will be: 'huawei'
2026-08-29 09:18:43,394 - INFO - - Keywords saved in: languages/english/keywords/nikon/
2026-08-29 09:18:43,395 - INFO - ========================================
