2026-10-01 23:09:55,997 - INFO - Log file created at: /home/runner/work/potensitech.com/potensitech.com/languages/english/keywords/logs/kw_search_20261001_230955.log
2026-10-01 23:09:55,997 - INFO - ============================================================
2026-10-01 23:09:55,997 - INFO - AUTOMATIC KEYWORD RESEARCH TOOL
2026-10-01 23:09:55,997 - INFO - ============================================================
2026-10-01 23:09:56,434 - INFO - ========================================
2026-10-01 23:09:56,434 - INFO - Found 14 niches to process: xiaomi, iphone, samsung, apple, sony, asus, philips, sandisk, intel, nvidia, amd, canon, nikon, huawei
2026-10-01 23:09:56,434 - INFO - ========================================
2026-10-01 23:09:56,434 - INFO - Continuing from last processed niche: canon
2026-10-01 23:09:56,434 - INFO - ========================================
2026-10-01 23:09:56,434 - INFO - 🎯 PROCESSING NICHE 13/14: 'nikon'
2026-10-01 23:09:56,434 - INFO - ========================================
2026-10-01 23:09:56,434 - INFO - 📁 Niche directory: /home/runner/work/potensitech.com/potensitech.com/languages/english/keywords/nikon
2026-10-01 23:09:56,434 - INFO - Selected region: us
2026-10-01 23:09:56,434 - INFO - Selected language: en
2026-10-01 23:09:56,434 - INFO - 🎯 Current niche: nikon
2026-10-01 23:10:06,858 - INFO - 🎯 Niche terms for filtering: nikon, cheap, best, latest, review, price, sell, buy, recommendation, tips, tutorial, guide, how to, vs, versus, compared to, comparison, alternatives, which is better, expensive, discount, deals, sale, affordable, cost, online, offline, marketplace, store, shop, retailer, where to buy, worst, quality, original, genuine, fake, replica, authentic, brand, manufacturer, company, product, nikon product, sell nikon, buy nikon, cheap nikon, best nikon, nikon review, where to buy nikon, how to choose nikon, top nikon, nikon guide, nikon for sale, nikon deals
2026-10-01 23:10:06,859 - INFO - Generated 50 niche-clue pairs for 'nikon'.
2026-10-01 23:10:06,862 - INFO - Expanded 50 seed keywords to 218 variations
2026-10-01 23:10:06,863 - INFO - 🔧 Request Handler initialized - Success rate: 100.0%
2026-10-01 23:14:33,172 - INFO - Original clue keywords: mobile performance, sleek design
2026-10-01 23:14:33,172 - INFO - Niche-focused seeds: mobile performance nikon, nikon mobile performance, mobile performance cheap, cheap mobile performance, mobile performance best, best mobile performance, mobile performance latest, latest mobile performance, mobile performance review, review mobile performance, mobile performance price, price mobile performance, mobile performance sell, sell mobile performance, mobile performance buy, buy mobile performance, mobile performance recommendation, recommendation mobile performance, mobile performance tips, tips mobile performance, mobile performance tutorial, tutorial mobile performance, mobile performance guide, guide mobile performance, mobile performance how to, how to mobile performance, mobile performance vs, vs mobile performance, mobile performance versus, versus mobile performance, mobile performance compared to, compared to mobile performance, mobile performance comparison, comparison mobile performance, mobile performance alternatives, alternatives mobile performance, mobile performance which is better, which is better mobile performance, mobile performance expensive, expensive mobile performance, mobile performance discount, discount mobile performance, mobile performance deals, deals mobile performance, mobile performance sale, sale mobile performance, mobile performance affordable, affordable mobile performance, mobile performance cost, cost mobile performance, mobile performance online, online mobile performance, mobile performance offline, offline mobile performance, mobile performance marketplace, marketplace mobile performance, mobile performance store, store mobile performance, mobile performance shop, shop mobile performance, mobile performance retailer, retailer mobile performance, mobile performance where to buy, where to buy mobile performance, mobile performance worst, worst mobile performance, mobile performance quality, quality mobile performance, mobile performance original, original mobile performance, mobile performance genuine, genuine mobile performance, mobile performance fake, fake mobile performance, mobile performance replica, replica mobile performance, mobile performance authentic, authentic mobile performance, mobile performance brand, brand mobile performance, mobile performance manufacturer, manufacturer mobile performance, mobile performance company, company mobile performance, mobile performance product, product mobile performance, mobile performance nikon product, nikon product mobile performance, mobile performance sell nikon, sell nikon mobile performance, mobile performance buy nikon, buy nikon mobile performance, mobile performance cheap nikon, cheap nikon mobile performance, mobile performance best nikon, best nikon mobile performance, mobile performance nikon review, nikon review mobile performance, mobile performance where to buy nikon, where to buy nikon mobile performance, mobile performance how to choose nikon, how to choose nikon mobile performance, mobile performance top nikon, top nikon mobile performance, mobile performance nikon guide, nikon guide mobile performance, mobile performance nikon for sale, nikon for sale mobile performance, mobile performance nikon deals, nikon deals mobile performance, sleek design nikon, nikon sleek design, sleek design cheap, cheap sleek design, sleek design best, best sleek design, sleek design latest, latest sleek design, sleek design review, review sleek design, sleek design price, price sleek design, sleek design sell, sell sleek design, sleek design buy, buy sleek design, sleek design recommendation, recommendation sleek design, sleek design tips, tips sleek design, sleek design tutorial, tutorial sleek design, sleek design guide, guide sleek design, sleek design how to, how to sleek design, sleek design vs, vs sleek design, sleek design versus, versus sleek design, sleek design compared to, compared to sleek design, sleek design comparison, comparison sleek design, sleek design alternatives, alternatives sleek design, sleek design which is better, which is better sleek design, sleek design expensive, expensive sleek design, sleek design discount, discount sleek design, sleek design deals, deals sleek design, sleek design sale, sale sleek design, sleek design affordable, affordable sleek design, sleek design cost, cost sleek design, sleek design online, online sleek design, sleek design offline, offline sleek design, sleek design marketplace, marketplace sleek design, sleek design store, store sleek design, sleek design shop, shop sleek design, sleek design retailer, retailer sleek design, sleek design where to buy, where to buy sleek design, sleek design worst, worst sleek design, sleek design quality, quality sleek design, sleek design original, original sleek design, sleek design genuine, genuine sleek design, sleek design fake, fake sleek design, sleek design replica, replica sleek design, sleek design authentic, authentic sleek design, sleek design brand, brand sleek design, sleek design manufacturer, manufacturer sleek design, sleek design company, company sleek design, sleek design product, product sleek design, sleek design nikon product, nikon product sleek design, sleek design sell nikon, sell nikon sleek design, sleek design buy nikon, buy nikon sleek design, sleek design cheap nikon, cheap nikon sleek design, sleek design best nikon, best nikon sleek design, sleek design nikon review, nikon review sleek design, sleek design where to buy nikon, where to buy nikon sleek design, sleek design how to choose nikon, how to choose nikon sleek design, sleek design top nikon, top nikon sleek design, sleek design nikon guide, nikon guide sleek design, sleek design nikon for sale, nikon for sale sleek design, sleek design nikon deals, nikon deals sleek design
2026-10-01 23:14:33,176 - INFO - Expanded 220 seed keywords to 385 variations
2026-10-01 23:14:33,176 - INFO - Language: en
2026-10-01 23:14:33,176 - INFO - Region: us
2026-10-01 23:19:03,694 - INFO - 🎯 After all filtering for 'nikon': 120 relevant keywords
2026-10-01 23:19:05,035 - INFO - 🎯 Found 5 new keywords for niche 'nikon': nikon affordable mobile performance, nikon affordable sleek design, cheap alternatives mobile performance, cheap alternatives sleek design, best authentic mobile performance
2026-10-01 23:19:21,602 - INFO - ✅ Niche 'nikon' process complete! 727 total keyword results.
2026-10-01 23:19:21,602 - INFO - ✅ Completed processing niche: 'nikon'
2026-10-01 23:19:21,602 - INFO - 🔧 Request Handler final stats - Success rate: 100.0%
2026-10-01 23:19:21,602 - INFO -    Total requests: 211604, Blocks: 1
2026-10-01 23:19:21,603 - INFO - 
========================================
2026-10-01 23:19:21,603 - INFO - Process Summary:
2026-10-01 23:19:21,603 - INFO - - Current niche: 'nikon'
2026-10-01 23:19:21,604 - INFO - - Next niche will be: 'huawei'
2026-10-01 23:19:21,604 - INFO - - Keywords saved in: languages/english/keywords/nikon/
2026-10-01 23:19:21,604 - INFO - ========================================
