2026-09-19 18:57:20,432 - INFO - Log file created at: /home/runner/work/potensitech.com/potensitech.com/languages/english/keywords/logs/kw_search_20260919_185720.log
2026-09-19 18:57:20,433 - INFO - ============================================================
2026-09-19 18:57:20,433 - INFO - AUTOMATIC KEYWORD RESEARCH TOOL
2026-09-19 18:57:20,433 - INFO - ============================================================
2026-09-19 18:57:20,890 - INFO - ========================================
2026-09-19 18:57:20,890 - INFO - Found 14 niches to process: xiaomi, iphone, samsung, apple, sony, asus, philips, sandisk, intel, nvidia, amd, canon, nikon, huawei
2026-09-19 18:57:20,890 - INFO - ========================================
2026-09-19 18:57:20,890 - INFO - Continuing from last processed niche: samsung
2026-09-19 18:57:20,891 - INFO - ========================================
2026-09-19 18:57:20,891 - INFO - 🎯 PROCESSING NICHE 4/14: 'apple'
2026-09-19 18:57:20,891 - INFO - ========================================
2026-09-19 18:57:20,891 - INFO - 📁 Niche directory: /home/runner/work/potensitech.com/potensitech.com/languages/english/keywords/apple
2026-09-19 18:57:20,891 - INFO - Selected region: us
2026-09-19 18:57:20,891 - INFO - Selected language: en
2026-09-19 18:57:20,891 - INFO - 🎯 Current niche: apple
2026-09-19 18:57:31,518 - INFO - 🎯 Niche terms for filtering: apple, cheap, best, latest, review, price, sell, buy, recommendation, tips, tutorial, guide, how to, vs, versus, compared to, comparison, alternatives, which is better, expensive, discount, deals, sale, affordable, cost, online, offline, marketplace, store, shop, retailer, where to buy, worst, quality, original, genuine, fake, replica, authentic, brand, manufacturer, company, product, apple product, sell apple, buy apple, cheap apple, best apple, apple review, where to buy apple, how to choose apple, top apple, apple guide, apple for sale, apple deals
2026-09-19 18:57:31,518 - INFO - Generated 50 niche-clue pairs for 'apple'.
2026-09-19 18:57:31,521 - INFO - Expanded 50 seed keywords to 218 variations
2026-09-19 18:57:31,522 - INFO - 🔧 Request Handler initialized - Success rate: 100.0%
2026-09-19 19:01:54,387 - INFO - Original clue keywords: ssd storage, portable ssd
2026-09-19 19:01:54,387 - INFO - Niche-focused seeds: ssd storage apple, apple ssd storage, ssd storage cheap, cheap ssd storage, ssd storage best, best ssd storage, ssd storage latest, latest ssd storage, ssd storage review, review ssd storage, ssd storage price, price ssd storage, ssd storage sell, sell ssd storage, ssd storage buy, buy ssd storage, ssd storage recommendation, recommendation ssd storage, ssd storage tips, tips ssd storage, ssd storage tutorial, tutorial ssd storage, ssd storage guide, guide ssd storage, ssd storage how to, how to ssd storage, ssd storage vs, vs ssd storage, ssd storage versus, versus ssd storage, ssd storage compared to, compared to ssd storage, ssd storage comparison, comparison ssd storage, ssd storage alternatives, alternatives ssd storage, ssd storage which is better, which is better ssd storage, ssd storage expensive, expensive ssd storage, ssd storage discount, discount ssd storage, ssd storage deals, deals ssd storage, ssd storage sale, sale ssd storage, ssd storage affordable, affordable ssd storage, ssd storage cost, cost ssd storage, ssd storage online, online ssd storage, ssd storage offline, offline ssd storage, ssd storage marketplace, marketplace ssd storage, ssd storage store, store ssd storage, ssd storage shop, shop ssd storage, ssd storage retailer, retailer ssd storage, ssd storage where to buy, where to buy ssd storage, ssd storage worst, worst ssd storage, ssd storage quality, quality ssd storage, ssd storage original, original ssd storage, ssd storage genuine, genuine ssd storage, ssd storage fake, fake ssd storage, ssd storage replica, replica ssd storage, ssd storage authentic, authentic ssd storage, ssd storage brand, brand ssd storage, ssd storage manufacturer, manufacturer ssd storage, ssd storage company, company ssd storage, ssd storage product, product ssd storage, ssd storage apple product, apple product ssd storage, ssd storage sell apple, sell apple ssd storage, ssd storage buy apple, buy apple ssd storage, ssd storage cheap apple, cheap apple ssd storage, ssd storage best apple, best apple ssd storage, ssd storage apple review, apple review ssd storage, ssd storage where to buy apple, where to buy apple ssd storage, ssd storage how to choose apple, how to choose apple ssd storage, ssd storage top apple, top apple ssd storage, ssd storage apple guide, apple guide ssd storage, ssd storage apple for sale, apple for sale ssd storage, ssd storage apple deals, apple deals ssd storage, portable ssd apple, apple portable ssd, portable ssd cheap, cheap portable ssd, portable ssd best, best portable ssd, portable ssd latest, latest portable ssd, portable ssd review, review portable ssd, portable ssd price, price portable ssd, portable ssd sell, sell portable ssd, portable ssd buy, buy portable ssd, portable ssd recommendation, recommendation portable ssd, portable ssd tips, tips portable ssd, portable ssd tutorial, tutorial portable ssd, portable ssd guide, guide portable ssd, portable ssd how to, how to portable ssd, portable ssd vs, vs portable ssd, portable ssd versus, versus portable ssd, portable ssd compared to, compared to portable ssd, portable ssd comparison, comparison portable ssd, portable ssd alternatives, alternatives portable ssd, portable ssd which is better, which is better portable ssd, portable ssd expensive, expensive portable ssd, portable ssd discount, discount portable ssd, portable ssd deals, deals portable ssd, portable ssd sale, sale portable ssd, portable ssd affordable, affordable portable ssd, portable ssd cost, cost portable ssd, portable ssd online, online portable ssd, portable ssd offline, offline portable ssd, portable ssd marketplace, marketplace portable ssd, portable ssd store, store portable ssd, portable ssd shop, shop portable ssd, portable ssd retailer, retailer portable ssd, portable ssd where to buy, where to buy portable ssd, portable ssd worst, worst portable ssd, portable ssd quality, quality portable ssd, portable ssd original, original portable ssd, portable ssd genuine, genuine portable ssd, portable ssd fake, fake portable ssd, portable ssd replica, replica portable ssd, portable ssd authentic, authentic portable ssd, portable ssd brand, brand portable ssd, portable ssd manufacturer, manufacturer portable ssd, portable ssd company, company portable ssd, portable ssd product, product portable ssd, portable ssd apple product, apple product portable ssd, portable ssd sell apple, sell apple portable ssd, portable ssd buy apple, buy apple portable ssd, portable ssd cheap apple, cheap apple portable ssd, portable ssd best apple, best apple portable ssd, portable ssd apple review, apple review portable ssd, portable ssd where to buy apple, where to buy apple portable ssd, portable ssd how to choose apple, how to choose apple portable ssd, portable ssd top apple, top apple portable ssd, portable ssd apple guide, apple guide portable ssd, portable ssd apple for sale, apple for sale portable ssd, portable ssd apple deals, apple deals portable ssd
2026-09-19 19:01:54,390 - INFO - Expanded 220 seed keywords to 385 variations
2026-09-19 19:01:54,390 - INFO - Language: en
2026-09-19 19:01:54,391 - INFO - Region: us
2026-09-19 19:02:43,406 - INFO - 🎯 After all filtering for 'apple': 120 relevant keywords
2026-09-19 19:02:43,636 - INFO - 🎯 Found 2 new keywords for niche 'apple': apple affordable portable ssd, apple alternatives ssd storage
2026-09-19 19:02:59,449 - INFO - ✅ Niche 'apple' process complete! 589 total keyword results.
2026-09-19 19:02:59,449 - INFO - ✅ Completed processing niche: 'apple'
2026-09-19 19:02:59,449 - INFO - 🔧 Request Handler final stats - Success rate: 100.0%
2026-09-19 19:02:59,450 - INFO -    Total requests: 201173, Blocks: 1
2026-09-19 19:02:59,450 - INFO - 
========================================
2026-09-19 19:02:59,451 - INFO - Process Summary:
2026-09-19 19:02:59,451 - INFO - - Current niche: 'apple'
2026-09-19 19:02:59,451 - INFO - - Next niche will be: 'sony'
2026-09-19 19:02:59,451 - INFO - - Keywords saved in: languages/english/keywords/apple/
2026-09-19 19:02:59,451 - INFO - ========================================
