2026-09-07 04:19:01,008 - INFO - Log file created at: /home/runner/work/potensitech.com/potensitech.com/languages/english/keywords/logs/kw_search_20260907_041901.log
2026-09-07 04:19:01,008 - INFO - ============================================================
2026-09-07 04:19:01,008 - INFO - AUTOMATIC KEYWORD RESEARCH TOOL
2026-09-07 04:19:01,008 - INFO - ============================================================
2026-09-07 04:19:01,369 - INFO - ========================================
2026-09-07 04:19:01,369 - INFO - Found 14 niches to process: xiaomi, iphone, samsung, apple, sony, asus, philips, sandisk, intel, nvidia, amd, canon, nikon, huawei
2026-09-07 04:19:01,369 - INFO - ========================================
2026-09-07 04:19:01,369 - INFO - Continuing from last processed niche: iphone
2026-09-07 04:19:01,369 - INFO - ========================================
2026-09-07 04:19:01,370 - INFO - 🎯 PROCESSING NICHE 3/14: 'samsung'
2026-09-07 04:19:01,370 - INFO - ========================================
2026-09-07 04:19:01,370 - INFO - 📁 Niche directory: /home/runner/work/potensitech.com/potensitech.com/languages/english/keywords/samsung
2026-09-07 04:19:01,370 - INFO - Selected region: us
2026-09-07 04:19:01,370 - INFO - Selected language: en
2026-09-07 04:19:01,370 - INFO - 🎯 Current niche: samsung
2026-09-07 04:19:12,536 - INFO - 🎯 Niche terms for filtering: samsung, cheap, best, latest, review, price, sell, buy, recommendation, tips, tutorial, guide, how to, vs, versus, compared to, comparison, alternatives, which is better, expensive, discount, deals, sale, affordable, cost, online, offline, marketplace, store, shop, retailer, where to buy, worst, quality, original, genuine, fake, replica, authentic, brand, manufacturer, company, product, samsung product, sell samsung, buy samsung, cheap samsung, best samsung, samsung review, where to buy samsung, how to choose samsung, top samsung, samsung guide, samsung for sale, samsung deals
2026-09-07 04:19:12,536 - INFO - Generated 50 niche-clue pairs for 'samsung'.
2026-09-07 04:19:12,540 - INFO - Expanded 50 seed keywords to 218 variations
2026-09-07 04:19:12,540 - INFO - 🔧 Request Handler initialized - Success rate: 100.0%
2026-09-07 04:23:33,462 - INFO - Original clue keywords: ai computing, usb performance
2026-09-07 04:23:33,462 - INFO - Niche-focused seeds: ai computing samsung, samsung ai computing, ai computing cheap, cheap ai computing, ai computing best, best ai computing, ai computing latest, latest ai computing, ai computing review, review ai computing, ai computing price, price ai computing, ai computing sell, sell ai computing, ai computing buy, buy ai computing, ai computing recommendation, recommendation ai computing, ai computing tips, tips ai computing, ai computing tutorial, tutorial ai computing, ai computing guide, guide ai computing, ai computing how to, how to ai computing, ai computing vs, vs ai computing, ai computing versus, versus ai computing, ai computing compared to, compared to ai computing, ai computing comparison, comparison ai computing, ai computing alternatives, alternatives ai computing, ai computing which is better, which is better ai computing, ai computing expensive, expensive ai computing, ai computing discount, discount ai computing, ai computing deals, deals ai computing, ai computing sale, sale ai computing, ai computing affordable, affordable ai computing, ai computing cost, cost ai computing, ai computing online, online ai computing, ai computing offline, offline ai computing, ai computing marketplace, marketplace ai computing, ai computing store, store ai computing, ai computing shop, shop ai computing, ai computing retailer, retailer ai computing, ai computing where to buy, where to buy ai computing, ai computing worst, worst ai computing, ai computing quality, quality ai computing, ai computing original, original ai computing, ai computing genuine, genuine ai computing, ai computing fake, fake ai computing, ai computing replica, replica ai computing, ai computing authentic, authentic ai computing, ai computing brand, brand ai computing, ai computing manufacturer, manufacturer ai computing, ai computing company, company ai computing, ai computing product, product ai computing, ai computing samsung product, samsung product ai computing, ai computing sell samsung, sell samsung ai computing, ai computing buy samsung, buy samsung ai computing, ai computing cheap samsung, cheap samsung ai computing, ai computing best samsung, best samsung ai computing, ai computing samsung review, samsung review ai computing, ai computing where to buy samsung, where to buy samsung ai computing, ai computing how to choose samsung, how to choose samsung ai computing, ai computing top samsung, top samsung ai computing, ai computing samsung guide, samsung guide ai computing, ai computing samsung for sale, samsung for sale ai computing, ai computing samsung deals, samsung deals ai computing, usb performance samsung, samsung usb performance, usb performance cheap, cheap usb performance, usb performance best, best usb performance, usb performance latest, latest usb performance, usb performance review, review usb performance, usb performance price, price usb performance, usb performance sell, sell usb performance, usb performance buy, buy usb performance, usb performance recommendation, recommendation usb performance, usb performance tips, tips usb performance, usb performance tutorial, tutorial usb performance, usb performance guide, guide usb performance, usb performance how to, how to usb performance, usb performance vs, vs usb performance, usb performance versus, versus usb performance, usb performance compared to, compared to usb performance, usb performance comparison, comparison usb performance, usb performance alternatives, alternatives usb performance, usb performance which is better, which is better usb performance, usb performance expensive, expensive usb performance, usb performance discount, discount usb performance, usb performance deals, deals usb performance, usb performance sale, sale usb performance, usb performance affordable, affordable usb performance, usb performance cost, cost usb performance, usb performance online, online usb performance, usb performance offline, offline usb performance, usb performance marketplace, marketplace usb performance, usb performance store, store usb performance, usb performance shop, shop usb performance, usb performance retailer, retailer usb performance, usb performance where to buy, where to buy usb performance, usb performance worst, worst usb performance, usb performance quality, quality usb performance, usb performance original, original usb performance, usb performance genuine, genuine usb performance, usb performance fake, fake usb performance, usb performance replica, replica usb performance, usb performance authentic, authentic usb performance, usb performance brand, brand usb performance, usb performance manufacturer, manufacturer usb performance, usb performance company, company usb performance, usb performance product, product usb performance, usb performance samsung product, samsung product usb performance, usb performance sell samsung, sell samsung usb performance, usb performance buy samsung, buy samsung usb performance, usb performance cheap samsung, cheap samsung usb performance, usb performance best samsung, best samsung usb performance, usb performance samsung review, samsung review usb performance, usb performance where to buy samsung, where to buy samsung usb performance, usb performance how to choose samsung, how to choose samsung usb performance, usb performance top samsung, top samsung usb performance, usb performance samsung guide, samsung guide usb performance, usb performance samsung for sale, samsung for sale usb performance, usb performance samsung deals, samsung deals usb performance
2026-09-07 04:23:33,466 - INFO - Expanded 220 seed keywords to 385 variations
2026-09-07 04:23:33,466 - INFO - Language: en
2026-09-07 04:23:33,466 - INFO - Region: us
2026-09-07 04:28:06,349 - INFO - 🎯 After all filtering for 'samsung': 120 relevant keywords
2026-09-07 04:28:07,961 - INFO - 🎯 Found 5 new keywords for niche 'samsung': samsung affordable ai computing, samsung affordable usb performance, cheap ai computing alternatives, best ai computing authentic, how to ai computing brand
2026-09-07 04:28:23,900 - INFO - ✅ Niche 'samsung' process complete! 640 total keyword results.
2026-09-07 04:28:23,900 - INFO - ✅ Completed processing niche: 'samsung'
2026-09-07 04:28:23,901 - INFO - 🔧 Request Handler final stats - Success rate: 100.0%
2026-09-07 04:28:23,901 - INFO -    Total requests: 190273, Blocks: 1
2026-09-07 04:28:23,902 - INFO - 
========================================
2026-09-07 04:28:23,902 - INFO - Process Summary:
2026-09-07 04:28:23,902 - INFO - - Current niche: 'samsung'
2026-09-07 04:28:23,902 - INFO - - Next niche will be: 'apple'
2026-09-07 04:28:23,902 - INFO - - Keywords saved in: languages/english/keywords/samsung/
2026-09-07 04:28:23,903 - INFO - ========================================
