2026-08-02 17:45:34,032 - INFO - Log file created at: /home/runner/work/potensitech.com/potensitech.com/languages/english/keywords/logs/kw_search_20260802_174534.log
2026-08-02 17:45:34,032 - INFO - ============================================================
2026-08-02 17:45:34,032 - INFO - AUTOMATIC KEYWORD RESEARCH TOOL
2026-08-02 17:45:34,032 - INFO - ============================================================
2026-08-02 17:45:34,287 - INFO - ========================================
2026-08-02 17:45:34,287 - INFO - Found 14 niches to process: xiaomi, iphone, samsung, apple, sony, asus, philips, sandisk, intel, nvidia, amd, canon, nikon, huawei
2026-08-02 17:45:34,287 - INFO - ========================================
2026-08-02 17:45:34,288 - INFO - Continuing from last processed niche: iphone
2026-08-02 17:45:34,288 - INFO - ========================================
2026-08-02 17:45:34,288 - INFO - 🎯 PROCESSING NICHE 3/14: 'samsung'
2026-08-02 17:45:34,288 - INFO - ========================================
2026-08-02 17:45:34,288 - INFO - 📁 Niche directory: /home/runner/work/potensitech.com/potensitech.com/languages/english/keywords/samsung
2026-08-02 17:45:34,288 - INFO - Selected region: us
2026-08-02 17:45:34,288 - INFO - Selected language: en
2026-08-02 17:45:34,288 - INFO - 🎯 Current niche: samsung
2026-08-02 17:45:35,327 - INFO - 🎯 Niche terms for filtering: samsung, cheap, best, latest, review, price, sell, buy, recommendation, tips, tutorial, guide, how to, vs, versus, compared to, comparison, alternatives, which is better, expensive, discount, deals, sale, affordable, cost, online, offline, marketplace, store, shop, retailer, where to buy, worst, quality, original, genuine, fake, replica, authentic, brand, manufacturer, company, product, samsung product, sell samsung, buy samsung, cheap samsung, best samsung, samsung review, where to buy samsung, how to choose samsung, top samsung, samsung guide, samsung for sale, samsung deals
2026-08-02 17:45:35,327 - INFO - Generated 50 niche-clue pairs for 'samsung'.
2026-08-02 17:45:35,330 - INFO - Expanded 50 seed keywords to 218 variations
2026-08-02 17:45:35,331 - INFO - 🔧 Request Handler initialized - Success rate: 100.0%
2026-08-02 17:49:59,825 - INFO - Original clue keywords: solid state, mirrorless options
2026-08-02 17:49:59,825 - INFO - Niche-focused seeds: solid state samsung, samsung solid state, solid state cheap, cheap solid state, solid state best, best solid state, solid state latest, latest solid state, solid state review, review solid state, solid state price, price solid state, solid state sell, sell solid state, solid state buy, buy solid state, solid state recommendation, recommendation solid state, solid state tips, tips solid state, solid state tutorial, tutorial solid state, solid state guide, guide solid state, solid state how to, how to solid state, solid state vs, vs solid state, solid state versus, versus solid state, solid state compared to, compared to solid state, solid state comparison, comparison solid state, solid state alternatives, alternatives solid state, solid state which is better, which is better solid state, solid state expensive, expensive solid state, solid state discount, discount solid state, solid state deals, deals solid state, solid state sale, sale solid state, solid state affordable, affordable solid state, solid state cost, cost solid state, solid state online, online solid state, solid state offline, offline solid state, solid state marketplace, marketplace solid state, solid state store, store solid state, solid state shop, shop solid state, solid state retailer, retailer solid state, solid state where to buy, where to buy solid state, solid state worst, worst solid state, solid state quality, quality solid state, solid state original, original solid state, solid state genuine, genuine solid state, solid state fake, fake solid state, solid state replica, replica solid state, solid state authentic, authentic solid state, solid state brand, brand solid state, solid state manufacturer, manufacturer solid state, solid state company, company solid state, solid state product, product solid state, solid state samsung product, samsung product solid state, solid state sell samsung, sell samsung solid state, solid state buy samsung, buy samsung solid state, solid state cheap samsung, cheap samsung solid state, solid state best samsung, best samsung solid state, solid state samsung review, samsung review solid state, solid state where to buy samsung, where to buy samsung solid state, solid state how to choose samsung, how to choose samsung solid state, solid state top samsung, top samsung solid state, solid state samsung guide, samsung guide solid state, solid state samsung for sale, samsung for sale solid state, solid state samsung deals, samsung deals solid state, mirrorless options samsung, samsung mirrorless options, mirrorless options cheap, cheap mirrorless options, mirrorless options best, best mirrorless options, mirrorless options latest, latest mirrorless options, mirrorless options review, review mirrorless options, mirrorless options price, price mirrorless options, mirrorless options sell, sell mirrorless options, mirrorless options buy, buy mirrorless options, mirrorless options recommendation, recommendation mirrorless options, mirrorless options tips, tips mirrorless options, mirrorless options tutorial, tutorial mirrorless options, mirrorless options guide, guide mirrorless options, mirrorless options how to, how to mirrorless options, mirrorless options vs, vs mirrorless options, mirrorless options versus, versus mirrorless options, mirrorless options compared to, compared to mirrorless options, mirrorless options comparison, comparison mirrorless options, mirrorless options alternatives, alternatives mirrorless options, mirrorless options which is better, which is better mirrorless options, mirrorless options expensive, expensive mirrorless options, mirrorless options discount, discount mirrorless options, mirrorless options deals, deals mirrorless options, mirrorless options sale, sale mirrorless options, mirrorless options affordable, affordable mirrorless options, mirrorless options cost, cost mirrorless options, mirrorless options online, online mirrorless options, mirrorless options offline, offline mirrorless options, mirrorless options marketplace, marketplace mirrorless options, mirrorless options store, store mirrorless options, mirrorless options shop, shop mirrorless options, mirrorless options retailer, retailer mirrorless options, mirrorless options where to buy, where to buy mirrorless options, mirrorless options worst, worst mirrorless options, mirrorless options quality, quality mirrorless options, mirrorless options original, original mirrorless options, mirrorless options genuine, genuine mirrorless options, mirrorless options fake, fake mirrorless options, mirrorless options replica, replica mirrorless options, mirrorless options authentic, authentic mirrorless options, mirrorless options brand, brand mirrorless options, mirrorless options manufacturer, manufacturer mirrorless options, mirrorless options company, company mirrorless options, mirrorless options product, product mirrorless options, mirrorless options samsung product, samsung product mirrorless options, mirrorless options sell samsung, sell samsung mirrorless options, mirrorless options buy samsung, buy samsung mirrorless options, mirrorless options cheap samsung, cheap samsung mirrorless options, mirrorless options best samsung, best samsung mirrorless options, mirrorless options samsung review, samsung review mirrorless options, mirrorless options where to buy samsung, where to buy samsung mirrorless options, mirrorless options how to choose samsung, how to choose samsung mirrorless options, mirrorless options top samsung, top samsung mirrorless options, mirrorless options samsung guide, samsung guide mirrorless options, mirrorless options samsung for sale, samsung for sale mirrorless options, mirrorless options samsung deals, samsung deals mirrorless options
2026-08-02 17:49:59,829 - INFO - Expanded 220 seed keywords to 385 variations
2026-08-02 17:49:59,829 - INFO - Language: en
2026-08-02 17:49:59,829 - INFO - Region: us
2026-08-02 17:54:30,969 - INFO - 🎯 After all filtering for 'samsung': 120 relevant keywords
2026-08-02 17:54:32,109 - INFO - 🎯 Found 5 new keywords for niche 'samsung': samsung affordable mirrorless options, samsung affordable solid state, cheap alternatives mirrorless options, cheap alternatives solid state, best authentic mirrorless options
2026-08-02 17:54:32,942 - INFO - ✅ Niche 'samsung' process complete! 592 total keyword results.
2026-08-02 17:54:32,942 - INFO - ✅ Completed processing niche: 'samsung'
2026-08-02 17:54:32,942 - INFO - 🔧 Request Handler final stats - Success rate: 100.0%
2026-08-02 17:54:32,942 - INFO -    Total requests: 162805, Blocks: 1
2026-08-02 17:54:32,943 - INFO - 
========================================
2026-08-02 17:54:32,943 - INFO - Process Summary:
2026-08-02 17:54:32,944 - INFO - - Current niche: 'samsung'
2026-08-02 17:54:32,944 - INFO - - Next niche will be: 'apple'
2026-08-02 17:54:32,944 - INFO - - Keywords saved in: languages/english/keywords/samsung/
2026-08-02 17:54:32,944 - INFO - ========================================
