2026-08-20 05:16:31,880 - INFO - Log file created at: /home/runner/work/potensitech.com/potensitech.com/languages/english/keywords/logs/kw_search_20260820_051631.log
2026-08-20 05:16:31,880 - INFO - ============================================================
2026-08-20 05:16:31,880 - INFO - AUTOMATIC KEYWORD RESEARCH TOOL
2026-08-20 05:16:31,880 - INFO - ============================================================
2026-08-20 05:16:32,161 - INFO - ========================================
2026-08-20 05:16:32,162 - INFO - Found 14 niches to process: xiaomi, iphone, samsung, apple, sony, asus, philips, sandisk, intel, nvidia, amd, canon, nikon, huawei
2026-08-20 05:16:32,162 - INFO - ========================================
2026-08-20 05:16:32,162 - INFO - Continuing from last processed niche: philips
2026-08-20 05:16:32,162 - INFO - ========================================
2026-08-20 05:16:32,162 - INFO - 🎯 PROCESSING NICHE 8/14: 'sandisk'
2026-08-20 05:16:32,162 - INFO - ========================================
2026-08-20 05:16:32,162 - INFO - 📁 Niche directory: /home/runner/work/potensitech.com/potensitech.com/languages/english/keywords/sandisk
2026-08-20 05:16:32,162 - INFO - Selected region: us
2026-08-20 05:16:32,162 - INFO - Selected language: en
2026-08-20 05:16:32,162 - INFO - 🎯 Current niche: sandisk
2026-08-20 05:16:32,952 - INFO - 🎯 Niche terms for filtering: sandisk, cheap, best, latest, review, price, sell, buy, recommendation, tips, tutorial, guide, how to, vs, versus, compared to, comparison, alternatives, which is better, expensive, discount, deals, sale, affordable, cost, online, offline, marketplace, store, shop, retailer, where to buy, worst, quality, original, genuine, fake, replica, authentic, brand, manufacturer, company, product, sandisk product, sell sandisk, buy sandisk, cheap sandisk, best sandisk, sandisk review, where to buy sandisk, how to choose sandisk, top sandisk, sandisk guide, sandisk for sale, sandisk deals
2026-08-20 05:16:32,953 - INFO - Generated 50 niche-clue pairs for 'sandisk'.
2026-08-20 05:16:32,958 - INFO - Expanded 50 seed keywords to 218 variations
2026-08-20 05:16:32,972 - INFO - 🔧 Request Handler initialized - Success rate: 100.0%
2026-08-20 05:20:54,907 - INFO - Original clue keywords: megapixels, autofocus
2026-08-20 05:20:54,908 - INFO - Niche-focused seeds: megapixels sandisk, sandisk megapixels, megapixels cheap, cheap megapixels, megapixels best, best megapixels, megapixels latest, latest megapixels, megapixels review, review megapixels, megapixels price, price megapixels, megapixels sell, sell megapixels, megapixels buy, buy megapixels, megapixels recommendation, recommendation megapixels, megapixels tips, tips megapixels, megapixels tutorial, tutorial megapixels, megapixels guide, guide megapixels, megapixels how to, how to megapixels, megapixels vs, vs megapixels, megapixels versus, versus megapixels, megapixels compared to, compared to megapixels, megapixels comparison, comparison megapixels, megapixels alternatives, alternatives megapixels, megapixels which is better, which is better megapixels, megapixels expensive, expensive megapixels, megapixels discount, discount megapixels, megapixels deals, deals megapixels, megapixels sale, sale megapixels, megapixels affordable, affordable megapixels, megapixels cost, cost megapixels, megapixels online, online megapixels, megapixels offline, offline megapixels, megapixels marketplace, marketplace megapixels, megapixels store, store megapixels, megapixels shop, shop megapixels, megapixels retailer, retailer megapixels, megapixels where to buy, where to buy megapixels, megapixels worst, worst megapixels, megapixels quality, quality megapixels, megapixels original, original megapixels, megapixels genuine, genuine megapixels, megapixels fake, fake megapixels, megapixels replica, replica megapixels, megapixels authentic, authentic megapixels, megapixels brand, brand megapixels, megapixels manufacturer, manufacturer megapixels, megapixels company, company megapixels, megapixels product, product megapixels, megapixels sandisk product, sandisk product megapixels, megapixels sell sandisk, sell sandisk megapixels, megapixels buy sandisk, buy sandisk megapixels, megapixels cheap sandisk, cheap sandisk megapixels, megapixels best sandisk, best sandisk megapixels, megapixels sandisk review, sandisk review megapixels, megapixels where to buy sandisk, where to buy sandisk megapixels, megapixels how to choose sandisk, how to choose sandisk megapixels, megapixels top sandisk, top sandisk megapixels, megapixels sandisk guide, sandisk guide megapixels, megapixels sandisk for sale, sandisk for sale megapixels, megapixels sandisk deals, sandisk deals megapixels, autofocus sandisk, sandisk autofocus, autofocus cheap, cheap autofocus, autofocus best, best autofocus, autofocus latest, latest autofocus, autofocus review, review autofocus, autofocus price, price autofocus, autofocus sell, sell autofocus, autofocus buy, buy autofocus, autofocus recommendation, recommendation autofocus, autofocus tips, tips autofocus, autofocus tutorial, tutorial autofocus, autofocus guide, guide autofocus, autofocus how to, how to autofocus, autofocus vs, vs autofocus, autofocus versus, versus autofocus, autofocus compared to, compared to autofocus, autofocus comparison, comparison autofocus, autofocus alternatives, alternatives autofocus, autofocus which is better, which is better autofocus, autofocus expensive, expensive autofocus, autofocus discount, discount autofocus, autofocus deals, deals autofocus, autofocus sale, sale autofocus, autofocus affordable, affordable autofocus, autofocus cost, cost autofocus, autofocus online, online autofocus, autofocus offline, offline autofocus, autofocus marketplace, marketplace autofocus, autofocus store, store autofocus, autofocus shop, shop autofocus, autofocus retailer, retailer autofocus, autofocus where to buy, where to buy autofocus, autofocus worst, worst autofocus, autofocus quality, quality autofocus, autofocus original, original autofocus, autofocus genuine, genuine autofocus, autofocus fake, fake autofocus, autofocus replica, replica autofocus, autofocus authentic, authentic autofocus, autofocus brand, brand autofocus, autofocus manufacturer, manufacturer autofocus, autofocus company, company autofocus, autofocus product, product autofocus, autofocus sandisk product, sandisk product autofocus, autofocus sell sandisk, sell sandisk autofocus, autofocus buy sandisk, buy sandisk autofocus, autofocus cheap sandisk, cheap sandisk autofocus, autofocus best sandisk, best sandisk autofocus, autofocus sandisk review, sandisk review autofocus, autofocus where to buy sandisk, where to buy sandisk autofocus, autofocus how to choose sandisk, how to choose sandisk autofocus, autofocus top sandisk, top sandisk autofocus, autofocus sandisk guide, sandisk guide autofocus, autofocus sandisk for sale, sandisk for sale autofocus, autofocus sandisk deals, sandisk deals autofocus
2026-08-20 05:20:54,911 - INFO - Expanded 220 seed keywords to 385 variations
2026-08-20 05:20:54,911 - INFO - Language: en
2026-08-20 05:20:54,911 - INFO - Region: us
2026-08-20 05:25:29,769 - INFO - 🎯 After all filtering for 'sandisk': 120 relevant keywords
2026-08-20 05:25:30,041 - INFO - 🎯 Found 5 new keywords for niche 'sandisk': sandisk affordable autofocus, cheap affordable autofocus, best affordable autofocus, how to affordable autofocus, sandisk affordable megapixels
2026-08-20 05:25:30,542 - INFO - ✅ Niche 'sandisk' process complete! 819 total keyword results.
2026-08-20 05:25:30,542 - INFO - ✅ Completed processing niche: 'sandisk'
2026-08-20 05:25:30,542 - INFO - 🔧 Request Handler final stats - Success rate: 100.0%
2026-08-20 05:25:30,542 - INFO -    Total requests: 176098, Blocks: 1
2026-08-20 05:25:30,543 - INFO - 
========================================
2026-08-20 05:25:30,543 - INFO - Process Summary:
2026-08-20 05:25:30,543 - INFO - - Current niche: 'sandisk'
2026-08-20 05:25:30,544 - INFO - - Next niche will be: 'intel'
2026-08-20 05:25:30,544 - INFO - - Keywords saved in: languages/english/keywords/sandisk/
2026-08-20 05:25:30,544 - INFO - ========================================
