2026-09-04 04:15:31,385 - INFO - Log file created at: /home/runner/work/potensitech.com/potensitech.com/languages/english/keywords/logs/kw_search_20260904_041531.log
2026-09-04 04:15:31,385 - INFO - ============================================================
2026-09-04 04:15:31,385 - INFO - AUTOMATIC KEYWORD RESEARCH TOOL
2026-09-04 04:15:31,385 - INFO - ============================================================
2026-09-04 04:15:31,724 - INFO - ========================================
2026-09-04 04:15:31,724 - INFO - Found 14 niches to process: xiaomi, iphone, samsung, apple, sony, asus, philips, sandisk, intel, nvidia, amd, canon, nikon, huawei
2026-09-04 04:15:31,724 - INFO - ========================================
2026-09-04 04:15:31,725 - INFO - All niches completed, starting over
2026-09-04 04:15:31,725 - INFO - ========================================
2026-09-04 04:15:31,725 - INFO - 🎯 PROCESSING NICHE 1/14: 'xiaomi'
2026-09-04 04:15:31,725 - INFO - ========================================
2026-09-04 04:15:31,725 - INFO - 📁 Niche directory: /home/runner/work/potensitech.com/potensitech.com/languages/english/keywords/xiaomi
2026-09-04 04:15:31,725 - INFO - Selected region: us
2026-09-04 04:15:31,725 - INFO - Selected language: en
2026-09-04 04:15:31,725 - INFO - 🎯 Current niche: xiaomi
2026-09-04 04:15:43,155 - INFO - 🎯 Niche terms for filtering: xiaomi, cheap, best, latest, review, price, sell, buy, recommendation, tips, tutorial, guide, how to, vs, versus, compared to, comparison, alternatives, which is better, expensive, discount, deals, sale, affordable, cost, online, offline, marketplace, store, shop, retailer, where to buy, worst, quality, original, genuine, fake, replica, authentic, brand, manufacturer, company, product, xiaomi product, sell xiaomi, buy xiaomi, cheap xiaomi, best xiaomi, xiaomi review, where to buy xiaomi, how to choose xiaomi, top xiaomi, xiaomi guide, xiaomi for sale, xiaomi deals
2026-09-04 04:15:43,155 - INFO - Generated 50 niche-clue pairs for 'xiaomi'.
2026-09-04 04:15:43,159 - INFO - Expanded 50 seed keywords to 218 variations
2026-09-04 04:15:43,159 - INFO - 🔧 Request Handler initialized - Success rate: 100.0%
2026-09-04 04:20:08,993 - INFO - Original clue keywords: laptop, performance
2026-09-04 04:20:08,993 - INFO - Niche-focused seeds: laptop xiaomi, xiaomi laptop, laptop cheap, cheap laptop, laptop best, best laptop, laptop latest, latest laptop, laptop review, review laptop, laptop price, price laptop, laptop sell, sell laptop, laptop buy, buy laptop, laptop recommendation, recommendation laptop, laptop tips, tips laptop, laptop tutorial, tutorial laptop, laptop guide, guide laptop, laptop how to, how to laptop, laptop vs, vs laptop, laptop versus, versus laptop, laptop compared to, compared to laptop, laptop comparison, comparison laptop, laptop alternatives, alternatives laptop, laptop which is better, which is better laptop, laptop expensive, expensive laptop, laptop discount, discount laptop, laptop deals, deals laptop, laptop sale, sale laptop, laptop affordable, affordable laptop, laptop cost, cost laptop, laptop online, online laptop, laptop offline, offline laptop, laptop marketplace, marketplace laptop, laptop store, store laptop, laptop shop, shop laptop, laptop retailer, retailer laptop, laptop where to buy, where to buy laptop, laptop worst, worst laptop, laptop quality, quality laptop, laptop original, original laptop, laptop genuine, genuine laptop, laptop fake, fake laptop, laptop replica, replica laptop, laptop authentic, authentic laptop, laptop brand, brand laptop, laptop manufacturer, manufacturer laptop, laptop company, company laptop, laptop product, product laptop, laptop xiaomi product, xiaomi product laptop, laptop sell xiaomi, sell xiaomi laptop, laptop buy xiaomi, buy xiaomi laptop, laptop cheap xiaomi, cheap xiaomi laptop, laptop best xiaomi, best xiaomi laptop, laptop xiaomi review, xiaomi review laptop, laptop where to buy xiaomi, where to buy xiaomi laptop, laptop how to choose xiaomi, how to choose xiaomi laptop, laptop top xiaomi, top xiaomi laptop, laptop xiaomi guide, xiaomi guide laptop, laptop xiaomi for sale, xiaomi for sale laptop, laptop xiaomi deals, xiaomi deals laptop, performance xiaomi, xiaomi performance, performance cheap, cheap performance, performance best, best performance, performance latest, latest performance, performance review, review performance, performance price, price performance, performance sell, sell performance, performance buy, buy performance, performance recommendation, recommendation performance, performance tips, tips performance, performance tutorial, tutorial performance, performance guide, guide performance, performance how to, how to performance, performance vs, vs performance, performance versus, versus performance, performance compared to, compared to performance, performance comparison, comparison performance, performance alternatives, alternatives performance, performance which is better, which is better performance, performance expensive, expensive performance, performance discount, discount performance, performance deals, deals performance, performance sale, sale performance, performance affordable, affordable performance, performance cost, cost performance, performance online, online performance, performance offline, offline performance, performance marketplace, marketplace performance, performance store, store performance, performance shop, shop performance, performance retailer, retailer performance, performance where to buy, where to buy performance, performance worst, worst performance, performance quality, quality performance, performance original, original performance, performance genuine, genuine performance, performance fake, fake performance, performance replica, replica performance, performance authentic, authentic performance, performance brand, brand performance, performance manufacturer, manufacturer performance, performance company, company performance, performance product, product performance, performance xiaomi product, xiaomi product performance, performance sell xiaomi, sell xiaomi performance, performance buy xiaomi, buy xiaomi performance, performance cheap xiaomi, cheap xiaomi performance, performance best xiaomi, best xiaomi performance, performance xiaomi review, xiaomi review performance, performance where to buy xiaomi, where to buy xiaomi performance, performance how to choose xiaomi, how to choose xiaomi performance, performance top xiaomi, top xiaomi performance, performance xiaomi guide, xiaomi guide performance, performance xiaomi for sale, xiaomi for sale performance, performance xiaomi deals, xiaomi deals performance
2026-09-04 04:20:08,996 - INFO - Expanded 220 seed keywords to 385 variations
2026-09-04 04:20:08,997 - INFO - Language: en
2026-09-04 04:20:08,997 - INFO - Region: us
2026-09-04 04:24:39,407 - INFO - 🎯 After all filtering for 'xiaomi': 120 relevant keywords
2026-09-04 04:24:39,615 - INFO - 🎯 Found 5 new keywords for niche 'xiaomi': xiaomi affordable laptop, cheap affordable laptop, best affordable laptop, how to affordable laptop, xiaomi affordable performance
2026-09-04 04:24:55,908 - INFO - ✅ Niche 'xiaomi' process complete! 668 total keyword results.
2026-09-04 04:24:55,909 - INFO - ✅ Completed processing niche: 'xiaomi'
2026-09-04 04:24:55,909 - INFO - 🔧 Request Handler final stats - Success rate: 100.0%
2026-09-04 04:24:55,909 - INFO -    Total requests: 187732, Blocks: 1
2026-09-04 04:24:55,910 - INFO - 
========================================
2026-09-04 04:24:55,910 - INFO - Process Summary:
2026-09-04 04:24:55,910 - INFO - - Current niche: 'xiaomi'
2026-09-04 04:24:55,910 - INFO - - Next niche will be: 'iphone'
2026-09-04 04:24:55,910 - INFO - - Keywords saved in: languages/english/keywords/xiaomi/
2026-09-04 04:24:55,911 - INFO - ========================================
