2026-10-01 11:12:56,436 - INFO - Log file created at: /home/runner/work/potensitech.com/potensitech.com/languages/english/keywords/logs/kw_search_20261001_111256.log
2026-10-01 11:12:56,436 - INFO - ============================================================
2026-10-01 11:12:56,436 - INFO - AUTOMATIC KEYWORD RESEARCH TOOL
2026-10-01 11:12:56,436 - INFO - ============================================================
2026-10-01 11:12:56,849 - INFO - ========================================
2026-10-01 11:12:56,849 - INFO - Found 14 niches to process: xiaomi, iphone, samsung, apple, sony, asus, philips, sandisk, intel, nvidia, amd, canon, nikon, huawei
2026-10-01 11:12:56,849 - INFO - ========================================
2026-10-01 11:12:56,849 - INFO - Continuing from last processed niche: asus
2026-10-01 11:12:56,849 - INFO - ========================================
2026-10-01 11:12:56,849 - INFO - 🎯 PROCESSING NICHE 7/14: 'philips'
2026-10-01 11:12:56,849 - INFO - ========================================
2026-10-01 11:12:56,849 - INFO - 📁 Niche directory: /home/runner/work/potensitech.com/potensitech.com/languages/english/keywords/philips
2026-10-01 11:12:56,849 - INFO - Selected region: us
2026-10-01 11:12:56,849 - INFO - Selected language: en
2026-10-01 11:12:56,849 - INFO - 🎯 Current niche: philips
2026-10-01 11:13:07,564 - INFO - 🎯 Niche terms for filtering: philips, cheap, best, latest, review, price, sell, buy, recommendation, tips, tutorial, guide, how to, vs, versus, compared to, comparison, alternatives, which is better, expensive, discount, deals, sale, affordable, cost, online, offline, marketplace, store, shop, retailer, where to buy, worst, quality, original, genuine, fake, replica, authentic, brand, manufacturer, company, product, philips product, sell philips, buy philips, cheap philips, best philips, philips review, where to buy philips, how to choose philips, top philips, philips guide, philips for sale, philips deals
2026-10-01 11:13:07,564 - INFO - Generated 50 niche-clue pairs for 'philips'.
2026-10-01 11:13:07,566 - INFO - Expanded 50 seed keywords to 218 variations
2026-10-01 11:13:07,567 - INFO - 🔧 Request Handler initialized - Success rate: 100.0%
2026-10-01 11:17:31,945 - INFO - Original clue keywords: mobile performance, sleek design
2026-10-01 11:17:31,945 - INFO - Niche-focused seeds: mobile performance philips, philips mobile performance, mobile performance cheap, cheap mobile performance, mobile performance best, best mobile performance, mobile performance latest, latest mobile performance, mobile performance review, review mobile performance, mobile performance price, price mobile performance, mobile performance sell, sell mobile performance, mobile performance buy, buy mobile performance, mobile performance recommendation, recommendation mobile performance, mobile performance tips, tips mobile performance, mobile performance tutorial, tutorial mobile performance, mobile performance guide, guide mobile performance, mobile performance how to, how to mobile performance, mobile performance vs, vs mobile performance, mobile performance versus, versus mobile performance, mobile performance compared to, compared to mobile performance, mobile performance comparison, comparison mobile performance, mobile performance alternatives, alternatives mobile performance, mobile performance which is better, which is better mobile performance, mobile performance expensive, expensive mobile performance, mobile performance discount, discount mobile performance, mobile performance deals, deals mobile performance, mobile performance sale, sale mobile performance, mobile performance affordable, affordable mobile performance, mobile performance cost, cost mobile performance, mobile performance online, online mobile performance, mobile performance offline, offline mobile performance, mobile performance marketplace, marketplace mobile performance, mobile performance store, store mobile performance, mobile performance shop, shop mobile performance, mobile performance retailer, retailer mobile performance, mobile performance where to buy, where to buy mobile performance, mobile performance worst, worst mobile performance, mobile performance quality, quality mobile performance, mobile performance original, original mobile performance, mobile performance genuine, genuine mobile performance, mobile performance fake, fake mobile performance, mobile performance replica, replica mobile performance, mobile performance authentic, authentic mobile performance, mobile performance brand, brand mobile performance, mobile performance manufacturer, manufacturer mobile performance, mobile performance company, company mobile performance, mobile performance product, product mobile performance, mobile performance philips product, philips product mobile performance, mobile performance sell philips, sell philips mobile performance, mobile performance buy philips, buy philips mobile performance, mobile performance cheap philips, cheap philips mobile performance, mobile performance best philips, best philips mobile performance, mobile performance philips review, philips review mobile performance, mobile performance where to buy philips, where to buy philips mobile performance, mobile performance how to choose philips, how to choose philips mobile performance, mobile performance top philips, top philips mobile performance, mobile performance philips guide, philips guide mobile performance, mobile performance philips for sale, philips for sale mobile performance, mobile performance philips deals, philips deals mobile performance, sleek design philips, philips sleek design, sleek design cheap, cheap sleek design, sleek design best, best sleek design, sleek design latest, latest sleek design, sleek design review, review sleek design, sleek design price, price sleek design, sleek design sell, sell sleek design, sleek design buy, buy sleek design, sleek design recommendation, recommendation sleek design, sleek design tips, tips sleek design, sleek design tutorial, tutorial sleek design, sleek design guide, guide sleek design, sleek design how to, how to sleek design, sleek design vs, vs sleek design, sleek design versus, versus sleek design, sleek design compared to, compared to sleek design, sleek design comparison, comparison sleek design, sleek design alternatives, alternatives sleek design, sleek design which is better, which is better sleek design, sleek design expensive, expensive sleek design, sleek design discount, discount sleek design, sleek design deals, deals sleek design, sleek design sale, sale sleek design, sleek design affordable, affordable sleek design, sleek design cost, cost sleek design, sleek design online, online sleek design, sleek design offline, offline sleek design, sleek design marketplace, marketplace sleek design, sleek design store, store sleek design, sleek design shop, shop sleek design, sleek design retailer, retailer sleek design, sleek design where to buy, where to buy sleek design, sleek design worst, worst sleek design, sleek design quality, quality sleek design, sleek design original, original sleek design, sleek design genuine, genuine sleek design, sleek design fake, fake sleek design, sleek design replica, replica sleek design, sleek design authentic, authentic sleek design, sleek design brand, brand sleek design, sleek design manufacturer, manufacturer sleek design, sleek design company, company sleek design, sleek design product, product sleek design, sleek design philips product, philips product sleek design, sleek design sell philips, sell philips sleek design, sleek design buy philips, buy philips sleek design, sleek design cheap philips, cheap philips sleek design, sleek design best philips, best philips sleek design, sleek design philips review, philips review sleek design, sleek design where to buy philips, where to buy philips sleek design, sleek design how to choose philips, how to choose philips sleek design, sleek design top philips, top philips sleek design, sleek design philips guide, philips guide sleek design, sleek design philips for sale, philips for sale sleek design, sleek design philips deals, philips deals sleek design
2026-10-01 11:17:31,948 - INFO - Expanded 220 seed keywords to 385 variations
2026-10-01 11:17:31,948 - INFO - Language: en
2026-10-01 11:17:31,948 - INFO - Region: us
2026-10-01 11:19:57,593 - INFO - 🎯 After all filtering for 'philips': 120 relevant keywords
2026-10-01 11:19:58,716 - INFO - 🎯 Found 5 new keywords for niche 'philips': philips affordable mobile performance, philips affordable sleek design, cheap alternatives mobile performance, cheap alternatives sleek design, best authentic mobile performance
2026-10-01 11:20:15,016 - INFO - ✅ Niche 'philips' process complete! 754 total keyword results.
2026-10-01 11:20:15,017 - INFO - ✅ Completed processing niche: 'philips'
2026-10-01 11:20:15,017 - INFO - 🔧 Request Handler final stats - Success rate: 100.0%
2026-10-01 11:20:15,017 - INFO -    Total requests: 211046, Blocks: 1
2026-10-01 11:20:15,018 - INFO - 
========================================
2026-10-01 11:20:15,018 - INFO - Process Summary:
2026-10-01 11:20:15,018 - INFO - - Current niche: 'philips'
2026-10-01 11:20:15,018 - INFO - - Next niche will be: 'sandisk'
2026-10-01 11:20:15,018 - INFO - - Keywords saved in: languages/english/keywords/philips/
2026-10-01 11:20:15,019 - INFO - ========================================
