2026-08-24 05:25:29,881 - INFO - Log file created at: /home/runner/work/potensitech.com/potensitech.com/languages/english/keywords/logs/kw_search_20260824_052529.log
2026-08-24 05:25:29,881 - INFO - ============================================================
2026-08-24 05:25:29,881 - INFO - AUTOMATIC KEYWORD RESEARCH TOOL
2026-08-24 05:25:29,881 - INFO - ============================================================
2026-08-24 05:25:30,161 - INFO - ========================================
2026-08-24 05:25:30,161 - INFO - Found 14 niches to process: xiaomi, iphone, samsung, apple, sony, asus, philips, sandisk, intel, nvidia, amd, canon, nikon, huawei
2026-08-24 05:25:30,162 - INFO - ========================================
2026-08-24 05:25:30,162 - INFO - Continuing from last processed niche: sony
2026-08-24 05:25:30,162 - INFO - ========================================
2026-08-24 05:25:30,162 - INFO - 🎯 PROCESSING NICHE 6/14: 'asus'
2026-08-24 05:25:30,162 - INFO - ========================================
2026-08-24 05:25:30,162 - INFO - 📁 Niche directory: /home/runner/work/potensitech.com/potensitech.com/languages/english/keywords/asus
2026-08-24 05:25:30,162 - INFO - Selected region: us
2026-08-24 05:25:30,162 - INFO - Selected language: en
2026-08-24 05:25:30,162 - INFO - 🎯 Current niche: asus
2026-08-24 05:25:41,402 - INFO - 🎯 Niche terms for filtering: asus, cheap, best, latest, review, price, sell, buy, recommendation, tips, tutorial, guide, how to, vs, versus, compared to, comparison, alternatives, which is better, expensive, discount, deals, sale, affordable, cost, online, offline, marketplace, store, shop, retailer, where to buy, worst, quality, original, genuine, fake, replica, authentic, brand, manufacturer, company, product, asus product, sell asus, buy asus, cheap asus, best asus, asus review, where to buy asus, how to choose asus, top asus, asus guide, asus for sale, asus deals
2026-08-24 05:25:41,402 - INFO - Generated 50 niche-clue pairs for 'asus'.
2026-08-24 05:25:41,405 - INFO - Expanded 50 seed keywords to 218 variations
2026-08-24 05:25:41,406 - INFO - 🔧 Request Handler initialized - Success rate: 100.0%
2026-08-24 05:30:04,782 - INFO - Original clue keywords: camera lens, mirrorless technology
2026-08-24 05:30:04,782 - INFO - Niche-focused seeds: camera lens asus, asus camera lens, camera lens cheap, cheap camera lens, camera lens best, best camera lens, camera lens latest, latest camera lens, camera lens review, review camera lens, camera lens price, price camera lens, camera lens sell, sell camera lens, camera lens buy, buy camera lens, camera lens recommendation, recommendation camera lens, camera lens tips, tips camera lens, camera lens tutorial, tutorial camera lens, camera lens guide, guide camera lens, camera lens how to, how to camera lens, camera lens vs, vs camera lens, camera lens versus, versus camera lens, camera lens compared to, compared to camera lens, camera lens comparison, comparison camera lens, camera lens alternatives, alternatives camera lens, camera lens which is better, which is better camera lens, camera lens expensive, expensive camera lens, camera lens discount, discount camera lens, camera lens deals, deals camera lens, camera lens sale, sale camera lens, camera lens affordable, affordable camera lens, camera lens cost, cost camera lens, camera lens online, online camera lens, camera lens offline, offline camera lens, camera lens marketplace, marketplace camera lens, camera lens store, store camera lens, camera lens shop, shop camera lens, camera lens retailer, retailer camera lens, camera lens where to buy, where to buy camera lens, camera lens worst, worst camera lens, camera lens quality, quality camera lens, camera lens original, original camera lens, camera lens genuine, genuine camera lens, camera lens fake, fake camera lens, camera lens replica, replica camera lens, camera lens authentic, authentic camera lens, camera lens brand, brand camera lens, camera lens manufacturer, manufacturer camera lens, camera lens company, company camera lens, camera lens product, product camera lens, camera lens asus product, asus product camera lens, camera lens sell asus, sell asus camera lens, camera lens buy asus, buy asus camera lens, camera lens cheap asus, cheap asus camera lens, camera lens best asus, best asus camera lens, camera lens asus review, asus review camera lens, camera lens where to buy asus, where to buy asus camera lens, camera lens how to choose asus, how to choose asus camera lens, camera lens top asus, top asus camera lens, camera lens asus guide, asus guide camera lens, camera lens asus for sale, asus for sale camera lens, camera lens asus deals, asus deals camera lens, mirrorless technology asus, asus mirrorless technology, mirrorless technology cheap, cheap mirrorless technology, mirrorless technology best, best mirrorless technology, mirrorless technology latest, latest mirrorless technology, mirrorless technology review, review mirrorless technology, mirrorless technology price, price mirrorless technology, mirrorless technology sell, sell mirrorless technology, mirrorless technology buy, buy mirrorless technology, mirrorless technology recommendation, recommendation mirrorless technology, mirrorless technology tips, tips mirrorless technology, mirrorless technology tutorial, tutorial mirrorless technology, mirrorless technology guide, guide mirrorless technology, mirrorless technology how to, how to mirrorless technology, mirrorless technology vs, vs mirrorless technology, mirrorless technology versus, versus mirrorless technology, mirrorless technology compared to, compared to mirrorless technology, mirrorless technology comparison, comparison mirrorless technology, mirrorless technology alternatives, alternatives mirrorless technology, mirrorless technology which is better, which is better mirrorless technology, mirrorless technology expensive, expensive mirrorless technology, mirrorless technology discount, discount mirrorless technology, mirrorless technology deals, deals mirrorless technology, mirrorless technology sale, sale mirrorless technology, mirrorless technology affordable, affordable mirrorless technology, mirrorless technology cost, cost mirrorless technology, mirrorless technology online, online mirrorless technology, mirrorless technology offline, offline mirrorless technology, mirrorless technology marketplace, marketplace mirrorless technology, mirrorless technology store, store mirrorless technology, mirrorless technology shop, shop mirrorless technology, mirrorless technology retailer, retailer mirrorless technology, mirrorless technology where to buy, where to buy mirrorless technology, mirrorless technology worst, worst mirrorless technology, mirrorless technology quality, quality mirrorless technology, mirrorless technology original, original mirrorless technology, mirrorless technology genuine, genuine mirrorless technology, mirrorless technology fake, fake mirrorless technology, mirrorless technology replica, replica mirrorless technology, mirrorless technology authentic, authentic mirrorless technology, mirrorless technology brand, brand mirrorless technology, mirrorless technology manufacturer, manufacturer mirrorless technology, mirrorless technology company, company mirrorless technology, mirrorless technology product, product mirrorless technology, mirrorless technology asus product, asus product mirrorless technology, mirrorless technology sell asus, sell asus mirrorless technology, mirrorless technology buy asus, buy asus mirrorless technology, mirrorless technology cheap asus, cheap asus mirrorless technology, mirrorless technology best asus, best asus mirrorless technology, mirrorless technology asus review, asus review mirrorless technology, mirrorless technology where to buy asus, where to buy asus mirrorless technology, mirrorless technology how to choose asus, how to choose asus mirrorless technology, mirrorless technology top asus, top asus mirrorless technology, mirrorless technology asus guide, asus guide mirrorless technology, mirrorless technology asus for sale, asus for sale mirrorless technology, mirrorless technology asus deals, asus deals mirrorless technology
2026-08-24 05:30:04,785 - INFO - Expanded 220 seed keywords to 385 variations
2026-08-24 05:30:04,785 - INFO - Language: en
2026-08-24 05:30:04,785 - INFO - Region: us
2026-08-24 05:34:35,594 - INFO - 🎯 After all filtering for 'asus': 120 relevant keywords
2026-08-24 05:34:38,289 - INFO - 🎯 Found 5 new keywords for niche 'asus': asus affordable camera lens, asus affordable mirrorless technology, cheap alternatives mirrorless technology, best authentic mirrorless technology, how to brand mirrorless technology
2026-08-24 05:34:54,486 - INFO - ✅ Niche 'asus' process complete! 828 total keyword results.
2026-08-24 05:34:54,486 - INFO - ✅ Completed processing niche: 'asus'
2026-08-24 05:34:54,486 - INFO - 🔧 Request Handler final stats - Success rate: 100.0%
2026-08-24 05:34:54,487 - INFO -    Total requests: 179136, Blocks: 1
2026-08-24 05:34:54,488 - INFO - 
========================================
2026-08-24 05:34:54,488 - INFO - Process Summary:
2026-08-24 05:34:54,488 - INFO - - Current niche: 'asus'
2026-08-24 05:34:54,488 - INFO - - Next niche will be: 'philips'
2026-08-24 05:34:54,488 - INFO - - Keywords saved in: languages/english/keywords/asus/
2026-08-24 05:34:54,488 - INFO - ========================================
