2026-09-25 04:41:26,512 - INFO - Log file created at: /home/runner/work/potensitech.com/potensitech.com/languages/english/keywords/logs/kw_search_20260925_044126.log
2026-09-25 04:41:26,512 - INFO - ============================================================
2026-09-25 04:41:26,512 - INFO - AUTOMATIC KEYWORD RESEARCH TOOL
2026-09-25 04:41:26,512 - INFO - ============================================================
2026-09-25 04:41:26,913 - INFO - ========================================
2026-09-25 04:41:26,913 - INFO - Found 14 niches to process: xiaomi, iphone, samsung, apple, sony, asus, philips, sandisk, intel, nvidia, amd, canon, nikon, huawei
2026-09-25 04:41:26,913 - INFO - ========================================
2026-09-25 04:41:26,913 - INFO - All niches completed, starting over
2026-09-25 04:41:26,913 - INFO - ========================================
2026-09-25 04:41:26,913 - INFO - 🎯 PROCESSING NICHE 1/14: 'xiaomi'
2026-09-25 04:41:26,913 - INFO - ========================================
2026-09-25 04:41:26,913 - INFO - 📁 Niche directory: /home/runner/work/potensitech.com/potensitech.com/languages/english/keywords/xiaomi
2026-09-25 04:41:26,914 - INFO - Selected region: us
2026-09-25 04:41:26,914 - INFO - Selected language: en
2026-09-25 04:41:26,914 - INFO - 🎯 Current niche: xiaomi
2026-09-25 04:41:37,518 - INFO - 🎯 Niche terms for filtering: xiaomi, cheap, best, latest, review, price, sell, buy, recommendation, tips, tutorial, guide, how to, vs, versus, compared to, comparison, alternatives, which is better, expensive, discount, deals, sale, affordable, cost, online, offline, marketplace, store, shop, retailer, where to buy, worst, quality, original, genuine, fake, replica, authentic, brand, manufacturer, company, product, xiaomi product, sell xiaomi, buy xiaomi, cheap xiaomi, best xiaomi, xiaomi review, where to buy xiaomi, how to choose xiaomi, top xiaomi, xiaomi guide, xiaomi for sale, xiaomi deals
2026-09-25 04:41:37,518 - INFO - Generated 50 niche-clue pairs for 'xiaomi'.
2026-09-25 04:41:37,522 - INFO - Expanded 50 seed keywords to 218 variations
2026-09-25 04:41:37,522 - INFO - 🔧 Request Handler initialized - Success rate: 100.0%
2026-09-25 04:46:02,474 - INFO - Original clue keywords: core speed, power efficiency
2026-09-25 04:46:02,474 - INFO - Niche-focused seeds: core speed xiaomi, xiaomi core speed, core speed cheap, cheap core speed, core speed best, best core speed, core speed latest, latest core speed, core speed review, review core speed, core speed price, price core speed, core speed sell, sell core speed, core speed buy, buy core speed, core speed recommendation, recommendation core speed, core speed tips, tips core speed, core speed tutorial, tutorial core speed, core speed guide, guide core speed, core speed how to, how to core speed, core speed vs, vs core speed, core speed versus, versus core speed, core speed compared to, compared to core speed, core speed comparison, comparison core speed, core speed alternatives, alternatives core speed, core speed which is better, which is better core speed, core speed expensive, expensive core speed, core speed discount, discount core speed, core speed deals, deals core speed, core speed sale, sale core speed, core speed affordable, affordable core speed, core speed cost, cost core speed, core speed online, online core speed, core speed offline, offline core speed, core speed marketplace, marketplace core speed, core speed store, store core speed, core speed shop, shop core speed, core speed retailer, retailer core speed, core speed where to buy, where to buy core speed, core speed worst, worst core speed, core speed quality, quality core speed, core speed original, original core speed, core speed genuine, genuine core speed, core speed fake, fake core speed, core speed replica, replica core speed, core speed authentic, authentic core speed, core speed brand, brand core speed, core speed manufacturer, manufacturer core speed, core speed company, company core speed, core speed product, product core speed, core speed xiaomi product, xiaomi product core speed, core speed sell xiaomi, sell xiaomi core speed, core speed buy xiaomi, buy xiaomi core speed, core speed cheap xiaomi, cheap xiaomi core speed, core speed best xiaomi, best xiaomi core speed, core speed xiaomi review, xiaomi review core speed, core speed where to buy xiaomi, where to buy xiaomi core speed, core speed how to choose xiaomi, how to choose xiaomi core speed, core speed top xiaomi, top xiaomi core speed, core speed xiaomi guide, xiaomi guide core speed, core speed xiaomi for sale, xiaomi for sale core speed, core speed xiaomi deals, xiaomi deals core speed, power efficiency xiaomi, xiaomi power efficiency, power efficiency cheap, cheap power efficiency, power efficiency best, best power efficiency, power efficiency latest, latest power efficiency, power efficiency review, review power efficiency, power efficiency price, price power efficiency, power efficiency sell, sell power efficiency, power efficiency buy, buy power efficiency, power efficiency recommendation, recommendation power efficiency, power efficiency tips, tips power efficiency, power efficiency tutorial, tutorial power efficiency, power efficiency guide, guide power efficiency, power efficiency how to, how to power efficiency, power efficiency vs, vs power efficiency, power efficiency versus, versus power efficiency, power efficiency compared to, compared to power efficiency, power efficiency comparison, comparison power efficiency, power efficiency alternatives, alternatives power efficiency, power efficiency which is better, which is better power efficiency, power efficiency expensive, expensive power efficiency, power efficiency discount, discount power efficiency, power efficiency deals, deals power efficiency, power efficiency sale, sale power efficiency, power efficiency affordable, affordable power efficiency, power efficiency cost, cost power efficiency, power efficiency online, online power efficiency, power efficiency offline, offline power efficiency, power efficiency marketplace, marketplace power efficiency, power efficiency store, store power efficiency, power efficiency shop, shop power efficiency, power efficiency retailer, retailer power efficiency, power efficiency where to buy, where to buy power efficiency, power efficiency worst, worst power efficiency, power efficiency quality, quality power efficiency, power efficiency original, original power efficiency, power efficiency genuine, genuine power efficiency, power efficiency fake, fake power efficiency, power efficiency replica, replica power efficiency, power efficiency authentic, authentic power efficiency, power efficiency brand, brand power efficiency, power efficiency manufacturer, manufacturer power efficiency, power efficiency company, company power efficiency, power efficiency product, product power efficiency, power efficiency xiaomi product, xiaomi product power efficiency, power efficiency sell xiaomi, sell xiaomi power efficiency, power efficiency buy xiaomi, buy xiaomi power efficiency, power efficiency cheap xiaomi, cheap xiaomi power efficiency, power efficiency best xiaomi, best xiaomi power efficiency, power efficiency xiaomi review, xiaomi review power efficiency, power efficiency where to buy xiaomi, where to buy xiaomi power efficiency, power efficiency how to choose xiaomi, how to choose xiaomi power efficiency, power efficiency top xiaomi, top xiaomi power efficiency, power efficiency xiaomi guide, xiaomi guide power efficiency, power efficiency xiaomi for sale, xiaomi for sale power efficiency, power efficiency xiaomi deals, xiaomi deals power efficiency
2026-09-25 04:46:02,478 - INFO - Expanded 220 seed keywords to 385 variations
2026-09-25 04:46:02,478 - INFO - Language: en
2026-09-25 04:46:02,478 - INFO - Region: us
2026-09-25 04:50:36,363 - INFO - 🎯 After all filtering for 'xiaomi': 120 relevant keywords
2026-09-25 04:50:37,644 - INFO - 🎯 Found 5 new keywords for niche 'xiaomi': xiaomi affordable core speed, xiaomi affordable power efficiency, cheap alternatives core speed, cheap alternatives power efficiency, best authentic core speed
2026-09-25 04:50:53,751 - INFO - ✅ Niche 'xiaomi' process complete! 696 total keyword results.
2026-09-25 04:50:53,751 - INFO - ✅ Completed processing niche: 'xiaomi'
2026-09-25 04:50:53,751 - INFO - 🔧 Request Handler final stats - Success rate: 100.0%
2026-09-25 04:50:53,751 - INFO -    Total requests: 205591, Blocks: 1
2026-09-25 04:50:53,752 - INFO - 
========================================
2026-09-25 04:50:53,753 - INFO - Process Summary:
2026-09-25 04:50:53,753 - INFO - - Current niche: 'xiaomi'
2026-09-25 04:50:53,753 - INFO - - Next niche will be: 'iphone'
2026-09-25 04:50:53,753 - INFO - - Keywords saved in: languages/english/keywords/xiaomi/
2026-09-25 04:50:53,753 - INFO - ========================================
