2026-08-28 16:57:48,192 - INFO - Log file created at: /home/runner/work/potensitech.com/potensitech.com/languages/english/keywords/logs/kw_search_20260828_165748.log
2026-08-28 16:57:48,193 - INFO - ============================================================
2026-08-28 16:57:48,193 - INFO - AUTOMATIC KEYWORD RESEARCH TOOL
2026-08-28 16:57:48,193 - INFO - ============================================================
2026-08-28 16:57:48,433 - INFO - ========================================
2026-08-28 16:57:48,433 - INFO - Found 14 niches to process: xiaomi, iphone, samsung, apple, sony, asus, philips, sandisk, intel, nvidia, amd, canon, nikon, huawei
2026-08-28 16:57:48,433 - INFO - ========================================
2026-08-28 16:57:48,433 - INFO - Continuing from last processed niche: samsung
2026-08-28 16:57:48,433 - INFO - ========================================
2026-08-28 16:57:48,433 - INFO - 🎯 PROCESSING NICHE 4/14: 'apple'
2026-08-28 16:57:48,433 - INFO - ========================================
2026-08-28 16:57:48,433 - INFO - 📁 Niche directory: /home/runner/work/potensitech.com/potensitech.com/languages/english/keywords/apple
2026-08-28 16:57:48,433 - INFO - Selected region: us
2026-08-28 16:57:48,433 - INFO - Selected language: en
2026-08-28 16:57:48,433 - INFO - 🎯 Current niche: apple
2026-08-28 16:57:59,760 - INFO - 🎯 Niche terms for filtering: apple, cheap, best, latest, review, price, sell, buy, recommendation, tips, tutorial, guide, how to, vs, versus, compared to, comparison, alternatives, which is better, expensive, discount, deals, sale, affordable, cost, online, offline, marketplace, store, shop, retailer, where to buy, worst, quality, original, genuine, fake, replica, authentic, brand, manufacturer, company, product, apple product, sell apple, buy apple, cheap apple, best apple, apple review, where to buy apple, how to choose apple, top apple, apple guide, apple for sale, apple deals
2026-08-28 16:57:59,760 - INFO - Generated 50 niche-clue pairs for 'apple'.
2026-08-28 16:57:59,762 - INFO - Expanded 50 seed keywords to 218 variations
2026-08-28 16:57:59,762 - INFO - 🔧 Request Handler initialized - Success rate: 100.0%
2026-08-28 17:02:27,430 - INFO - Original clue keywords: wireless charging, screen resolution
2026-08-28 17:02:27,430 - INFO - Niche-focused seeds: wireless charging apple, apple wireless charging, wireless charging cheap, cheap wireless charging, wireless charging best, best wireless charging, wireless charging latest, latest wireless charging, wireless charging review, review wireless charging, wireless charging price, price wireless charging, wireless charging sell, sell wireless charging, wireless charging buy, buy wireless charging, wireless charging recommendation, recommendation wireless charging, wireless charging tips, tips wireless charging, wireless charging tutorial, tutorial wireless charging, wireless charging guide, guide wireless charging, wireless charging how to, how to wireless charging, wireless charging vs, vs wireless charging, wireless charging versus, versus wireless charging, wireless charging compared to, compared to wireless charging, wireless charging comparison, comparison wireless charging, wireless charging alternatives, alternatives wireless charging, wireless charging which is better, which is better wireless charging, wireless charging expensive, expensive wireless charging, wireless charging discount, discount wireless charging, wireless charging deals, deals wireless charging, wireless charging sale, sale wireless charging, wireless charging affordable, affordable wireless charging, wireless charging cost, cost wireless charging, wireless charging online, online wireless charging, wireless charging offline, offline wireless charging, wireless charging marketplace, marketplace wireless charging, wireless charging store, store wireless charging, wireless charging shop, shop wireless charging, wireless charging retailer, retailer wireless charging, wireless charging where to buy, where to buy wireless charging, wireless charging worst, worst wireless charging, wireless charging quality, quality wireless charging, wireless charging original, original wireless charging, wireless charging genuine, genuine wireless charging, wireless charging fake, fake wireless charging, wireless charging replica, replica wireless charging, wireless charging authentic, authentic wireless charging, wireless charging brand, brand wireless charging, wireless charging manufacturer, manufacturer wireless charging, wireless charging company, company wireless charging, wireless charging product, product wireless charging, wireless charging apple product, apple product wireless charging, wireless charging sell apple, sell apple wireless charging, wireless charging buy apple, buy apple wireless charging, wireless charging cheap apple, cheap apple wireless charging, wireless charging best apple, best apple wireless charging, wireless charging apple review, apple review wireless charging, wireless charging where to buy apple, where to buy apple wireless charging, wireless charging how to choose apple, how to choose apple wireless charging, wireless charging top apple, top apple wireless charging, wireless charging apple guide, apple guide wireless charging, wireless charging apple for sale, apple for sale wireless charging, wireless charging apple deals, apple deals wireless charging, screen resolution apple, apple screen resolution, screen resolution cheap, cheap screen resolution, screen resolution best, best screen resolution, screen resolution latest, latest screen resolution, screen resolution review, review screen resolution, screen resolution price, price screen resolution, screen resolution sell, sell screen resolution, screen resolution buy, buy screen resolution, screen resolution recommendation, recommendation screen resolution, screen resolution tips, tips screen resolution, screen resolution tutorial, tutorial screen resolution, screen resolution guide, guide screen resolution, screen resolution how to, how to screen resolution, screen resolution vs, vs screen resolution, screen resolution versus, versus screen resolution, screen resolution compared to, compared to screen resolution, screen resolution comparison, comparison screen resolution, screen resolution alternatives, alternatives screen resolution, screen resolution which is better, which is better screen resolution, screen resolution expensive, expensive screen resolution, screen resolution discount, discount screen resolution, screen resolution deals, deals screen resolution, screen resolution sale, sale screen resolution, screen resolution affordable, affordable screen resolution, screen resolution cost, cost screen resolution, screen resolution online, online screen resolution, screen resolution offline, offline screen resolution, screen resolution marketplace, marketplace screen resolution, screen resolution store, store screen resolution, screen resolution shop, shop screen resolution, screen resolution retailer, retailer screen resolution, screen resolution where to buy, where to buy screen resolution, screen resolution worst, worst screen resolution, screen resolution quality, quality screen resolution, screen resolution original, original screen resolution, screen resolution genuine, genuine screen resolution, screen resolution fake, fake screen resolution, screen resolution replica, replica screen resolution, screen resolution authentic, authentic screen resolution, screen resolution brand, brand screen resolution, screen resolution manufacturer, manufacturer screen resolution, screen resolution company, company screen resolution, screen resolution product, product screen resolution, screen resolution apple product, apple product screen resolution, screen resolution sell apple, sell apple screen resolution, screen resolution buy apple, buy apple screen resolution, screen resolution cheap apple, cheap apple screen resolution, screen resolution best apple, best apple screen resolution, screen resolution apple review, apple review screen resolution, screen resolution where to buy apple, where to buy apple screen resolution, screen resolution how to choose apple, how to choose apple screen resolution, screen resolution top apple, top apple screen resolution, screen resolution apple guide, apple guide screen resolution, screen resolution apple for sale, apple for sale screen resolution, screen resolution apple deals, apple deals screen resolution
2026-08-28 17:02:27,432 - INFO - Expanded 220 seed keywords to 385 variations
2026-08-28 17:02:27,432 - INFO - Language: en
2026-08-28 17:02:27,432 - INFO - Region: us
2026-08-28 17:06:58,076 - INFO - 🎯 After all filtering for 'apple': 120 relevant keywords
2026-08-28 17:06:58,757 - INFO - 🎯 Found 5 new keywords for niche 'apple': apple affordable screen resolution, apple affordable wireless charging, cheap alternatives screen resolution, cheap alternatives wireless charging, best authentic screen resolution
2026-08-28 17:07:15,849 - INFO - ✅ Niche 'apple' process complete! 560 total keyword results.
2026-08-28 17:07:15,849 - INFO - ✅ Completed processing niche: 'apple'
2026-08-28 17:07:15,850 - INFO - 🔧 Request Handler final stats - Success rate: 100.0%
2026-08-28 17:07:15,850 - INFO -    Total requests: 182408, Blocks: 1
2026-08-28 17:07:15,850 - INFO - 
========================================
2026-08-28 17:07:15,851 - INFO - Process Summary:
2026-08-28 17:07:15,851 - INFO - - Current niche: 'apple'
2026-08-28 17:07:15,851 - INFO - - Next niche will be: 'sony'
2026-08-28 17:07:15,851 - INFO - - Keywords saved in: languages/english/keywords/apple/
2026-08-28 17:07:15,851 - INFO - ========================================
