2026-10-05 11:52:32,007 - INFO - Log file created at: /home/runner/work/potensitech.com/potensitech.com/languages/english/keywords/logs/kw_search_20261005_115232.log
2026-10-05 11:52:32,007 - INFO - ============================================================
2026-10-05 11:52:32,007 - INFO - AUTOMATIC KEYWORD RESEARCH TOOL
2026-10-05 11:52:32,007 - INFO - ============================================================
2026-10-05 11:52:32,469 - INFO - ========================================
2026-10-05 11:52:32,469 - INFO - Found 14 niches to process: xiaomi, iphone, samsung, apple, sony, asus, philips, sandisk, intel, nvidia, amd, canon, nikon, huawei
2026-10-05 11:52:32,469 - INFO - ========================================
2026-10-05 11:52:32,469 - INFO - Continuing from last processed niche: apple
2026-10-05 11:52:32,469 - INFO - ========================================
2026-10-05 11:52:32,469 - INFO - 🎯 PROCESSING NICHE 5/14: 'sony'
2026-10-05 11:52:32,469 - INFO - ========================================
2026-10-05 11:52:32,469 - INFO - 📁 Niche directory: /home/runner/work/potensitech.com/potensitech.com/languages/english/keywords/sony
2026-10-05 11:52:32,470 - INFO - Selected region: us
2026-10-05 11:52:32,470 - INFO - Selected language: en
2026-10-05 11:52:32,470 - INFO - 🎯 Current niche: sony
2026-10-05 11:52:43,563 - INFO - 🎯 Niche terms for filtering: sony, cheap, best, latest, review, price, sell, buy, recommendation, tips, tutorial, guide, how to, vs, versus, compared to, comparison, alternatives, which is better, expensive, discount, deals, sale, affordable, cost, online, offline, marketplace, store, shop, retailer, where to buy, worst, quality, original, genuine, fake, replica, authentic, brand, manufacturer, company, product, sony product, sell sony, buy sony, cheap sony, best sony, sony review, where to buy sony, how to choose sony, top sony, sony guide, sony for sale, sony deals
2026-10-05 11:52:43,564 - INFO - Generated 50 niche-clue pairs for 'sony'.
2026-10-05 11:52:43,567 - INFO - Expanded 50 seed keywords to 218 variations
2026-10-05 11:52:43,568 - INFO - 🔧 Request Handler initialized - Success rate: 100.0%
2026-10-05 11:57:06,431 - INFO - Original clue keywords: dslr features, ai acceleration
2026-10-05 11:57:06,432 - INFO - Niche-focused seeds: dslr features sony, sony dslr features, dslr features cheap, cheap dslr features, dslr features best, best dslr features, dslr features latest, latest dslr features, dslr features review, review dslr features, dslr features price, price dslr features, dslr features sell, sell dslr features, dslr features buy, buy dslr features, dslr features recommendation, recommendation dslr features, dslr features tips, tips dslr features, dslr features tutorial, tutorial dslr features, dslr features guide, guide dslr features, dslr features how to, how to dslr features, dslr features vs, vs dslr features, dslr features versus, versus dslr features, dslr features compared to, compared to dslr features, dslr features comparison, comparison dslr features, dslr features alternatives, alternatives dslr features, dslr features which is better, which is better dslr features, dslr features expensive, expensive dslr features, dslr features discount, discount dslr features, dslr features deals, deals dslr features, dslr features sale, sale dslr features, dslr features affordable, affordable dslr features, dslr features cost, cost dslr features, dslr features online, online dslr features, dslr features offline, offline dslr features, dslr features marketplace, marketplace dslr features, dslr features store, store dslr features, dslr features shop, shop dslr features, dslr features retailer, retailer dslr features, dslr features where to buy, where to buy dslr features, dslr features worst, worst dslr features, dslr features quality, quality dslr features, dslr features original, original dslr features, dslr features genuine, genuine dslr features, dslr features fake, fake dslr features, dslr features replica, replica dslr features, dslr features authentic, authentic dslr features, dslr features brand, brand dslr features, dslr features manufacturer, manufacturer dslr features, dslr features company, company dslr features, dslr features product, product dslr features, dslr features sony product, sony product dslr features, dslr features sell sony, sell sony dslr features, dslr features buy sony, buy sony dslr features, dslr features cheap sony, cheap sony dslr features, dslr features best sony, best sony dslr features, dslr features sony review, sony review dslr features, dslr features where to buy sony, where to buy sony dslr features, dslr features how to choose sony, how to choose sony dslr features, dslr features top sony, top sony dslr features, dslr features sony guide, sony guide dslr features, dslr features sony for sale, sony for sale dslr features, dslr features sony deals, sony deals dslr features, ai acceleration sony, sony ai acceleration, ai acceleration cheap, cheap ai acceleration, ai acceleration best, best ai acceleration, ai acceleration latest, latest ai acceleration, ai acceleration review, review ai acceleration, ai acceleration price, price ai acceleration, ai acceleration sell, sell ai acceleration, ai acceleration buy, buy ai acceleration, ai acceleration recommendation, recommendation ai acceleration, ai acceleration tips, tips ai acceleration, ai acceleration tutorial, tutorial ai acceleration, ai acceleration guide, guide ai acceleration, ai acceleration how to, how to ai acceleration, ai acceleration vs, vs ai acceleration, ai acceleration versus, versus ai acceleration, ai acceleration compared to, compared to ai acceleration, ai acceleration comparison, comparison ai acceleration, ai acceleration alternatives, alternatives ai acceleration, ai acceleration which is better, which is better ai acceleration, ai acceleration expensive, expensive ai acceleration, ai acceleration discount, discount ai acceleration, ai acceleration deals, deals ai acceleration, ai acceleration sale, sale ai acceleration, ai acceleration affordable, affordable ai acceleration, ai acceleration cost, cost ai acceleration, ai acceleration online, online ai acceleration, ai acceleration offline, offline ai acceleration, ai acceleration marketplace, marketplace ai acceleration, ai acceleration store, store ai acceleration, ai acceleration shop, shop ai acceleration, ai acceleration retailer, retailer ai acceleration, ai acceleration where to buy, where to buy ai acceleration, ai acceleration worst, worst ai acceleration, ai acceleration quality, quality ai acceleration, ai acceleration original, original ai acceleration, ai acceleration genuine, genuine ai acceleration, ai acceleration fake, fake ai acceleration, ai acceleration replica, replica ai acceleration, ai acceleration authentic, authentic ai acceleration, ai acceleration brand, brand ai acceleration, ai acceleration manufacturer, manufacturer ai acceleration, ai acceleration company, company ai acceleration, ai acceleration product, product ai acceleration, ai acceleration sony product, sony product ai acceleration, ai acceleration sell sony, sell sony ai acceleration, ai acceleration buy sony, buy sony ai acceleration, ai acceleration cheap sony, cheap sony ai acceleration, ai acceleration best sony, best sony ai acceleration, ai acceleration sony review, sony review ai acceleration, ai acceleration where to buy sony, where to buy sony ai acceleration, ai acceleration how to choose sony, how to choose sony ai acceleration, ai acceleration top sony, top sony ai acceleration, ai acceleration sony guide, sony guide ai acceleration, ai acceleration sony for sale, sony for sale ai acceleration, ai acceleration sony deals, sony deals ai acceleration
2026-10-05 11:57:06,435 - INFO - Expanded 220 seed keywords to 385 variations
2026-10-05 11:57:06,435 - INFO - Language: en
2026-10-05 11:57:06,435 - INFO - Region: us
2026-10-05 12:01:39,884 - INFO - 🎯 After all filtering for 'sony': 120 relevant keywords
2026-10-05 12:01:41,782 - INFO - 🎯 Found 5 new keywords for niche 'sony': sony affordable ai acceleration, sony affordable dslr features, cheap ai acceleration alternatives, best ai acceleration authentic, how to ai acceleration brand
2026-10-05 12:01:58,162 - INFO - ✅ Niche 'sony' process complete! 706 total keyword results.
2026-10-05 12:01:58,162 - INFO - ✅ Completed processing niche: 'sony'
2026-10-05 12:01:58,162 - INFO - 🔧 Request Handler final stats - Success rate: 100.0%
2026-10-05 12:01:58,162 - INFO -    Total requests: 214797, Blocks: 1
2026-10-05 12:01:58,163 - INFO - 
========================================
2026-10-05 12:01:58,164 - INFO - Process Summary:
2026-10-05 12:01:58,164 - INFO - - Current niche: 'sony'
2026-10-05 12:01:58,164 - INFO - - Next niche will be: 'asus'
2026-10-05 12:01:58,164 - INFO - - Keywords saved in: languages/english/keywords/sony/
2026-10-05 12:01:58,164 - INFO - ========================================
