2026-09-06 18:39:23,754 - INFO - Log file created at: /home/runner/work/potensitech.com/potensitech.com/languages/english/keywords/logs/kw_search_20260906_183923.log
2026-09-06 18:39:23,754 - INFO - ============================================================
2026-09-06 18:39:23,754 - INFO - AUTOMATIC KEYWORD RESEARCH TOOL
2026-09-06 18:39:23,754 - INFO - ============================================================
2026-09-06 18:39:24,086 - INFO - ========================================
2026-09-06 18:39:24,086 - INFO - Found 14 niches to process: xiaomi, iphone, samsung, apple, sony, asus, philips, sandisk, intel, nvidia, amd, canon, nikon, huawei
2026-09-06 18:39:24,086 - INFO - ========================================
2026-09-06 18:39:24,086 - INFO - Continuing from last processed niche: nikon
2026-09-06 18:39:24,086 - INFO - ========================================
2026-09-06 18:39:24,086 - INFO - 🎯 PROCESSING NICHE 14/14: 'huawei'
2026-09-06 18:39:24,086 - INFO - ========================================
2026-09-06 18:39:24,086 - INFO - 📁 Niche directory: /home/runner/work/potensitech.com/potensitech.com/languages/english/keywords/huawei
2026-09-06 18:39:24,086 - INFO - Selected region: us
2026-09-06 18:39:24,087 - INFO - Selected language: en
2026-09-06 18:39:24,087 - INFO - 🎯 Current niche: huawei
2026-09-06 18:39:35,212 - INFO - 🎯 Niche terms for filtering: huawei, cheap, best, latest, review, price, sell, buy, recommendation, tips, tutorial, guide, how to, vs, versus, compared to, comparison, alternatives, which is better, expensive, discount, deals, sale, affordable, cost, online, offline, marketplace, store, shop, retailer, where to buy, worst, quality, original, genuine, fake, replica, authentic, brand, manufacturer, company, product, huawei product, sell huawei, buy huawei, cheap huawei, best huawei, huawei review, where to buy huawei, how to choose huawei, top huawei, huawei guide, huawei for sale, huawei deals
2026-09-06 18:39:35,212 - INFO - Generated 50 niche-clue pairs for 'huawei'.
2026-09-06 18:39:35,216 - INFO - Expanded 50 seed keywords to 218 variations
2026-09-06 18:39:35,216 - INFO - 🔧 Request Handler initialized - Success rate: 100.0%
2026-09-06 18:43:59,436 - INFO - Original clue keywords: ai computing, usb performance
2026-09-06 18:43:59,436 - INFO - Niche-focused seeds: ai computing huawei, huawei ai computing, ai computing cheap, cheap ai computing, ai computing best, best ai computing, ai computing latest, latest ai computing, ai computing review, review ai computing, ai computing price, price ai computing, ai computing sell, sell ai computing, ai computing buy, buy ai computing, ai computing recommendation, recommendation ai computing, ai computing tips, tips ai computing, ai computing tutorial, tutorial ai computing, ai computing guide, guide ai computing, ai computing how to, how to ai computing, ai computing vs, vs ai computing, ai computing versus, versus ai computing, ai computing compared to, compared to ai computing, ai computing comparison, comparison ai computing, ai computing alternatives, alternatives ai computing, ai computing which is better, which is better ai computing, ai computing expensive, expensive ai computing, ai computing discount, discount ai computing, ai computing deals, deals ai computing, ai computing sale, sale ai computing, ai computing affordable, affordable ai computing, ai computing cost, cost ai computing, ai computing online, online ai computing, ai computing offline, offline ai computing, ai computing marketplace, marketplace ai computing, ai computing store, store ai computing, ai computing shop, shop ai computing, ai computing retailer, retailer ai computing, ai computing where to buy, where to buy ai computing, ai computing worst, worst ai computing, ai computing quality, quality ai computing, ai computing original, original ai computing, ai computing genuine, genuine ai computing, ai computing fake, fake ai computing, ai computing replica, replica ai computing, ai computing authentic, authentic ai computing, ai computing brand, brand ai computing, ai computing manufacturer, manufacturer ai computing, ai computing company, company ai computing, ai computing product, product ai computing, ai computing huawei product, huawei product ai computing, ai computing sell huawei, sell huawei ai computing, ai computing buy huawei, buy huawei ai computing, ai computing cheap huawei, cheap huawei ai computing, ai computing best huawei, best huawei ai computing, ai computing huawei review, huawei review ai computing, ai computing where to buy huawei, where to buy huawei ai computing, ai computing how to choose huawei, how to choose huawei ai computing, ai computing top huawei, top huawei ai computing, ai computing huawei guide, huawei guide ai computing, ai computing huawei for sale, huawei for sale ai computing, ai computing huawei deals, huawei deals ai computing, usb performance huawei, huawei usb performance, usb performance cheap, cheap usb performance, usb performance best, best usb performance, usb performance latest, latest usb performance, usb performance review, review usb performance, usb performance price, price usb performance, usb performance sell, sell usb performance, usb performance buy, buy usb performance, usb performance recommendation, recommendation usb performance, usb performance tips, tips usb performance, usb performance tutorial, tutorial usb performance, usb performance guide, guide usb performance, usb performance how to, how to usb performance, usb performance vs, vs usb performance, usb performance versus, versus usb performance, usb performance compared to, compared to usb performance, usb performance comparison, comparison usb performance, usb performance alternatives, alternatives usb performance, usb performance which is better, which is better usb performance, usb performance expensive, expensive usb performance, usb performance discount, discount usb performance, usb performance deals, deals usb performance, usb performance sale, sale usb performance, usb performance affordable, affordable usb performance, usb performance cost, cost usb performance, usb performance online, online usb performance, usb performance offline, offline usb performance, usb performance marketplace, marketplace usb performance, usb performance store, store usb performance, usb performance shop, shop usb performance, usb performance retailer, retailer usb performance, usb performance where to buy, where to buy usb performance, usb performance worst, worst usb performance, usb performance quality, quality usb performance, usb performance original, original usb performance, usb performance genuine, genuine usb performance, usb performance fake, fake usb performance, usb performance replica, replica usb performance, usb performance authentic, authentic usb performance, usb performance brand, brand usb performance, usb performance manufacturer, manufacturer usb performance, usb performance company, company usb performance, usb performance product, product usb performance, usb performance huawei product, huawei product usb performance, usb performance sell huawei, sell huawei usb performance, usb performance buy huawei, buy huawei usb performance, usb performance cheap huawei, cheap huawei usb performance, usb performance best huawei, best huawei usb performance, usb performance huawei review, huawei review usb performance, usb performance where to buy huawei, where to buy huawei usb performance, usb performance how to choose huawei, how to choose huawei usb performance, usb performance top huawei, top huawei usb performance, usb performance huawei guide, huawei guide usb performance, usb performance huawei for sale, huawei for sale usb performance, usb performance huawei deals, huawei deals usb performance
2026-09-06 18:43:59,439 - INFO - Expanded 220 seed keywords to 385 variations
2026-09-06 18:43:59,439 - INFO - Language: en
2026-09-06 18:43:59,439 - INFO - Region: us
2026-09-06 18:48:29,597 - INFO - 🎯 After all filtering for 'huawei': 120 relevant keywords
2026-09-06 18:48:33,082 - INFO - 🎯 Found 4 new keywords for niche 'huawei': huawei affordable ai computing, huawei affordable usb performance, cheap ai computing alternatives, best ai computing authentic
2026-09-06 18:48:49,958 - INFO - ✅ Niche 'huawei' process complete! 666 total keyword results.
2026-09-06 18:48:49,958 - INFO - ✅ Completed processing niche: 'huawei'
2026-09-06 18:48:49,958 - INFO - 🔧 Request Handler final stats - Success rate: 100.0%
2026-09-06 18:48:49,959 - INFO -    Total requests: 189998, Blocks: 1
2026-09-06 18:48:49,959 - INFO - 
========================================
2026-09-06 18:48:49,960 - INFO - Process Summary:
2026-09-06 18:48:49,960 - INFO - - Current niche: 'huawei'
2026-09-06 18:48:49,960 - INFO - - Next niche will be: 'xiaomi'
2026-09-06 18:48:49,960 - INFO - - Keywords saved in: languages/english/keywords/huawei/
2026-09-06 18:48:49,961 - INFO - ========================================
