2026-08-30 05:09:18,656 - INFO - Log file created at: /home/runner/work/potensitech.com/potensitech.com/languages/english/keywords/logs/kw_search_20260830_050918.log
2026-08-30 05:09:18,656 - INFO - ============================================================
2026-08-30 05:09:18,656 - INFO - AUTOMATIC KEYWORD RESEARCH TOOL
2026-08-30 05:09:18,656 - INFO - ============================================================
2026-08-30 05:09:18,947 - INFO - ========================================
2026-08-30 05:09:18,947 - INFO - Found 14 niches to process: xiaomi, iphone, samsung, apple, sony, asus, philips, sandisk, intel, nvidia, amd, canon, nikon, huawei
2026-08-30 05:09:18,947 - INFO - ========================================
2026-08-30 05:09:18,947 - INFO - Continuing from last processed niche: philips
2026-08-30 05:09:18,947 - INFO - ========================================
2026-08-30 05:09:18,948 - INFO - 🎯 PROCESSING NICHE 8/14: 'sandisk'
2026-08-30 05:09:18,948 - INFO - ========================================
2026-08-30 05:09:18,948 - INFO - 📁 Niche directory: /home/runner/work/potensitech.com/potensitech.com/languages/english/keywords/sandisk
2026-08-30 05:09:18,948 - INFO - Selected region: us
2026-08-30 05:09:18,948 - INFO - Selected language: en
2026-08-30 05:09:18,948 - INFO - 🎯 Current niche: sandisk
2026-08-30 05:09:30,139 - INFO - 🎯 Niche terms for filtering: sandisk, cheap, best, latest, review, price, sell, buy, recommendation, tips, tutorial, guide, how to, vs, versus, compared to, comparison, alternatives, which is better, expensive, discount, deals, sale, affordable, cost, online, offline, marketplace, store, shop, retailer, where to buy, worst, quality, original, genuine, fake, replica, authentic, brand, manufacturer, company, product, sandisk product, sell sandisk, buy sandisk, cheap sandisk, best sandisk, sandisk review, where to buy sandisk, how to choose sandisk, top sandisk, sandisk guide, sandisk for sale, sandisk deals
2026-08-30 05:09:30,139 - INFO - Generated 50 niche-clue pairs for 'sandisk'.
2026-08-30 05:09:30,143 - INFO - Expanded 50 seed keywords to 218 variations
2026-08-30 05:09:30,143 - INFO - 🔧 Request Handler initialized - Success rate: 100.0%
2026-08-30 05:13:55,023 - INFO - Original clue keywords: ai rendering, smart-lighting
2026-08-30 05:13:55,023 - INFO - Niche-focused seeds: ai rendering sandisk, sandisk ai rendering, ai rendering cheap, cheap ai rendering, ai rendering best, best ai rendering, ai rendering latest, latest ai rendering, ai rendering review, review ai rendering, ai rendering price, price ai rendering, ai rendering sell, sell ai rendering, ai rendering buy, buy ai rendering, ai rendering recommendation, recommendation ai rendering, ai rendering tips, tips ai rendering, ai rendering tutorial, tutorial ai rendering, ai rendering guide, guide ai rendering, ai rendering how to, how to ai rendering, ai rendering vs, vs ai rendering, ai rendering versus, versus ai rendering, ai rendering compared to, compared to ai rendering, ai rendering comparison, comparison ai rendering, ai rendering alternatives, alternatives ai rendering, ai rendering which is better, which is better ai rendering, ai rendering expensive, expensive ai rendering, ai rendering discount, discount ai rendering, ai rendering deals, deals ai rendering, ai rendering sale, sale ai rendering, ai rendering affordable, affordable ai rendering, ai rendering cost, cost ai rendering, ai rendering online, online ai rendering, ai rendering offline, offline ai rendering, ai rendering marketplace, marketplace ai rendering, ai rendering store, store ai rendering, ai rendering shop, shop ai rendering, ai rendering retailer, retailer ai rendering, ai rendering where to buy, where to buy ai rendering, ai rendering worst, worst ai rendering, ai rendering quality, quality ai rendering, ai rendering original, original ai rendering, ai rendering genuine, genuine ai rendering, ai rendering fake, fake ai rendering, ai rendering replica, replica ai rendering, ai rendering authentic, authentic ai rendering, ai rendering brand, brand ai rendering, ai rendering manufacturer, manufacturer ai rendering, ai rendering company, company ai rendering, ai rendering product, product ai rendering, ai rendering sandisk product, sandisk product ai rendering, ai rendering sell sandisk, sell sandisk ai rendering, ai rendering buy sandisk, buy sandisk ai rendering, ai rendering cheap sandisk, cheap sandisk ai rendering, ai rendering best sandisk, best sandisk ai rendering, ai rendering sandisk review, sandisk review ai rendering, ai rendering where to buy sandisk, where to buy sandisk ai rendering, ai rendering how to choose sandisk, how to choose sandisk ai rendering, ai rendering top sandisk, top sandisk ai rendering, ai rendering sandisk guide, sandisk guide ai rendering, ai rendering sandisk for sale, sandisk for sale ai rendering, ai rendering sandisk deals, sandisk deals ai rendering, smart-lighting sandisk, sandisk smart-lighting, smart-lighting cheap, cheap smart-lighting, smart-lighting best, best smart-lighting, smart-lighting latest, latest smart-lighting, smart-lighting review, review smart-lighting, smart-lighting price, price smart-lighting, smart-lighting sell, sell smart-lighting, smart-lighting buy, buy smart-lighting, smart-lighting recommendation, recommendation smart-lighting, smart-lighting tips, tips smart-lighting, smart-lighting tutorial, tutorial smart-lighting, smart-lighting guide, guide smart-lighting, smart-lighting how to, how to smart-lighting, smart-lighting vs, vs smart-lighting, smart-lighting versus, versus smart-lighting, smart-lighting compared to, compared to smart-lighting, smart-lighting comparison, comparison smart-lighting, smart-lighting alternatives, alternatives smart-lighting, smart-lighting which is better, which is better smart-lighting, smart-lighting expensive, expensive smart-lighting, smart-lighting discount, discount smart-lighting, smart-lighting deals, deals smart-lighting, smart-lighting sale, sale smart-lighting, smart-lighting affordable, affordable smart-lighting, smart-lighting cost, cost smart-lighting, smart-lighting online, online smart-lighting, smart-lighting offline, offline smart-lighting, smart-lighting marketplace, marketplace smart-lighting, smart-lighting store, store smart-lighting, smart-lighting shop, shop smart-lighting, smart-lighting retailer, retailer smart-lighting, smart-lighting where to buy, where to buy smart-lighting, smart-lighting worst, worst smart-lighting, smart-lighting quality, quality smart-lighting, smart-lighting original, original smart-lighting, smart-lighting genuine, genuine smart-lighting, smart-lighting fake, fake smart-lighting, smart-lighting replica, replica smart-lighting, smart-lighting authentic, authentic smart-lighting, smart-lighting brand, brand smart-lighting, smart-lighting manufacturer, manufacturer smart-lighting, smart-lighting company, company smart-lighting, smart-lighting product, product smart-lighting, smart-lighting sandisk product, sandisk product smart-lighting, smart-lighting sell sandisk, sell sandisk smart-lighting, smart-lighting buy sandisk, buy sandisk smart-lighting, smart-lighting cheap sandisk, cheap sandisk smart-lighting, smart-lighting best sandisk, best sandisk smart-lighting, smart-lighting sandisk review, sandisk review smart-lighting, smart-lighting where to buy sandisk, where to buy sandisk smart-lighting, smart-lighting how to choose sandisk, how to choose sandisk smart-lighting, smart-lighting top sandisk, top sandisk smart-lighting, smart-lighting sandisk guide, sandisk guide smart-lighting, smart-lighting sandisk for sale, sandisk for sale smart-lighting, smart-lighting sandisk deals, sandisk deals smart-lighting
2026-08-30 05:13:55,027 - INFO - Expanded 220 seed keywords to 385 variations
2026-08-30 05:13:55,027 - INFO - Language: en
2026-08-30 05:13:55,027 - INFO - Region: us
2026-08-30 05:18:27,479 - INFO - 🎯 After all filtering for 'sandisk': 120 relevant keywords
2026-08-30 05:18:27,774 - INFO - 🎯 Found 5 new keywords for niche 'sandisk': sandisk affordable smart-lighting, cheap affordable smart-lighting, best affordable smart-lighting, how to affordable smart-lighting, sandisk alternatives smart-lighting
2026-08-30 05:18:43,731 - INFO - ✅ Niche 'sandisk' process complete! 832 total keyword results.
2026-08-30 05:18:43,731 - INFO - ✅ Completed processing niche: 'sandisk'
2026-08-30 05:18:43,731 - INFO - 🔧 Request Handler final stats - Success rate: 100.0%
2026-08-30 05:18:43,731 - INFO -    Total requests: 183639, Blocks: 1
2026-08-30 05:18:43,732 - INFO - 
========================================
2026-08-30 05:18:43,732 - INFO - Process Summary:
2026-08-30 05:18:43,732 - INFO - - Current niche: 'sandisk'
2026-08-30 05:18:43,732 - INFO - - Next niche will be: 'intel'
2026-08-30 05:18:43,733 - INFO - - Keywords saved in: languages/english/keywords/sandisk/
2026-08-30 05:18:43,734 - INFO - ========================================
