2026-09-23 14:21:00,115 - INFO - Log file created at: /home/runner/work/potensitech.com/potensitech.com/languages/english/keywords/logs/kw_search_20260923_142100.log
2026-09-23 14:21:00,115 - INFO - ============================================================
2026-09-23 14:21:00,115 - INFO - AUTOMATIC KEYWORD RESEARCH TOOL
2026-09-23 14:21:00,115 - INFO - ============================================================
2026-09-23 14:21:00,517 - INFO - ========================================
2026-09-23 14:21:00,517 - INFO - Found 14 niches to process: xiaomi, iphone, samsung, apple, sony, asus, philips, sandisk, intel, nvidia, amd, canon, nikon, huawei
2026-09-23 14:21:00,517 - INFO - ========================================
2026-09-23 14:21:00,517 - INFO - Continuing from last processed niche: canon
2026-09-23 14:21:00,517 - INFO - ========================================
2026-09-23 14:21:00,517 - INFO - 🎯 PROCESSING NICHE 13/14: 'nikon'
2026-09-23 14:21:00,517 - INFO - ========================================
2026-09-23 14:21:00,517 - INFO - 📁 Niche directory: /home/runner/work/potensitech.com/potensitech.com/languages/english/keywords/nikon
2026-09-23 14:21:00,517 - INFO - Selected region: us
2026-09-23 14:21:00,517 - INFO - Selected language: en
2026-09-23 14:21:00,517 - INFO - 🎯 Current niche: nikon
2026-09-23 14:21:10,942 - INFO - 🎯 Niche terms for filtering: nikon, cheap, best, latest, review, price, sell, buy, recommendation, tips, tutorial, guide, how to, vs, versus, compared to, comparison, alternatives, which is better, expensive, discount, deals, sale, affordable, cost, online, offline, marketplace, store, shop, retailer, where to buy, worst, quality, original, genuine, fake, replica, authentic, brand, manufacturer, company, product, nikon product, sell nikon, buy nikon, cheap nikon, best nikon, nikon review, where to buy nikon, how to choose nikon, top nikon, nikon guide, nikon for sale, nikon deals
2026-09-23 14:21:10,943 - INFO - Generated 50 niche-clue pairs for 'nikon'.
2026-09-23 14:21:10,946 - INFO - Expanded 50 seed keywords to 218 variations
2026-09-23 14:21:10,947 - INFO - 🔧 Request Handler initialized - Success rate: 100.0%
2026-09-23 14:25:37,768 - INFO - Original clue keywords: gaming optimization, overclocking capability
2026-09-23 14:25:37,768 - INFO - Niche-focused seeds: gaming optimization nikon, nikon gaming optimization, gaming optimization cheap, cheap gaming optimization, gaming optimization best, best gaming optimization, gaming optimization latest, latest gaming optimization, gaming optimization review, review gaming optimization, gaming optimization price, price gaming optimization, gaming optimization sell, sell gaming optimization, gaming optimization buy, buy gaming optimization, gaming optimization recommendation, recommendation gaming optimization, gaming optimization tips, tips gaming optimization, gaming optimization tutorial, tutorial gaming optimization, gaming optimization guide, guide gaming optimization, gaming optimization how to, how to gaming optimization, gaming optimization vs, vs gaming optimization, gaming optimization versus, versus gaming optimization, gaming optimization compared to, compared to gaming optimization, gaming optimization comparison, comparison gaming optimization, gaming optimization alternatives, alternatives gaming optimization, gaming optimization which is better, which is better gaming optimization, gaming optimization expensive, expensive gaming optimization, gaming optimization discount, discount gaming optimization, gaming optimization deals, deals gaming optimization, gaming optimization sale, sale gaming optimization, gaming optimization affordable, affordable gaming optimization, gaming optimization cost, cost gaming optimization, gaming optimization online, online gaming optimization, gaming optimization offline, offline gaming optimization, gaming optimization marketplace, marketplace gaming optimization, gaming optimization store, store gaming optimization, gaming optimization shop, shop gaming optimization, gaming optimization retailer, retailer gaming optimization, gaming optimization where to buy, where to buy gaming optimization, gaming optimization worst, worst gaming optimization, gaming optimization quality, quality gaming optimization, gaming optimization original, original gaming optimization, gaming optimization genuine, genuine gaming optimization, gaming optimization fake, fake gaming optimization, gaming optimization replica, replica gaming optimization, gaming optimization authentic, authentic gaming optimization, gaming optimization brand, brand gaming optimization, gaming optimization manufacturer, manufacturer gaming optimization, gaming optimization company, company gaming optimization, gaming optimization product, product gaming optimization, gaming optimization nikon product, nikon product gaming optimization, gaming optimization sell nikon, sell nikon gaming optimization, gaming optimization buy nikon, buy nikon gaming optimization, gaming optimization cheap nikon, cheap nikon gaming optimization, gaming optimization best nikon, best nikon gaming optimization, gaming optimization nikon review, nikon review gaming optimization, gaming optimization where to buy nikon, where to buy nikon gaming optimization, gaming optimization how to choose nikon, how to choose nikon gaming optimization, gaming optimization top nikon, top nikon gaming optimization, gaming optimization nikon guide, nikon guide gaming optimization, gaming optimization nikon for sale, nikon for sale gaming optimization, gaming optimization nikon deals, nikon deals gaming optimization, overclocking capability nikon, nikon overclocking capability, overclocking capability cheap, cheap overclocking capability, overclocking capability best, best overclocking capability, overclocking capability latest, latest overclocking capability, overclocking capability review, review overclocking capability, overclocking capability price, price overclocking capability, overclocking capability sell, sell overclocking capability, overclocking capability buy, buy overclocking capability, overclocking capability recommendation, recommendation overclocking capability, overclocking capability tips, tips overclocking capability, overclocking capability tutorial, tutorial overclocking capability, overclocking capability guide, guide overclocking capability, overclocking capability how to, how to overclocking capability, overclocking capability vs, vs overclocking capability, overclocking capability versus, versus overclocking capability, overclocking capability compared to, compared to overclocking capability, overclocking capability comparison, comparison overclocking capability, overclocking capability alternatives, alternatives overclocking capability, overclocking capability which is better, which is better overclocking capability, overclocking capability expensive, expensive overclocking capability, overclocking capability discount, discount overclocking capability, overclocking capability deals, deals overclocking capability, overclocking capability sale, sale overclocking capability, overclocking capability affordable, affordable overclocking capability, overclocking capability cost, cost overclocking capability, overclocking capability online, online overclocking capability, overclocking capability offline, offline overclocking capability, overclocking capability marketplace, marketplace overclocking capability, overclocking capability store, store overclocking capability, overclocking capability shop, shop overclocking capability, overclocking capability retailer, retailer overclocking capability, overclocking capability where to buy, where to buy overclocking capability, overclocking capability worst, worst overclocking capability, overclocking capability quality, quality overclocking capability, overclocking capability original, original overclocking capability, overclocking capability genuine, genuine overclocking capability, overclocking capability fake, fake overclocking capability, overclocking capability replica, replica overclocking capability, overclocking capability authentic, authentic overclocking capability, overclocking capability brand, brand overclocking capability, overclocking capability manufacturer, manufacturer overclocking capability, overclocking capability company, company overclocking capability, overclocking capability product, product overclocking capability, overclocking capability nikon product, nikon product overclocking capability, overclocking capability sell nikon, sell nikon overclocking capability, overclocking capability buy nikon, buy nikon overclocking capability, overclocking capability cheap nikon, cheap nikon overclocking capability, overclocking capability best nikon, best nikon overclocking capability, overclocking capability nikon review, nikon review overclocking capability, overclocking capability where to buy nikon, where to buy nikon overclocking capability, overclocking capability how to choose nikon, how to choose nikon overclocking capability, overclocking capability top nikon, top nikon overclocking capability, overclocking capability nikon guide, nikon guide overclocking capability, overclocking capability nikon for sale, nikon for sale overclocking capability, overclocking capability nikon deals, nikon deals overclocking capability
2026-09-23 14:25:37,772 - INFO - Expanded 220 seed keywords to 385 variations
2026-09-23 14:25:37,772 - INFO - Language: en
2026-09-23 14:25:37,772 - INFO - Region: us
2026-09-23 14:28:07,098 - INFO - 🎯 After all filtering for 'nikon': 120 relevant keywords
2026-09-23 14:28:09,607 - INFO - 🎯 Found 5 new keywords for niche 'nikon': nikon affordable gaming optimization, nikon affordable overclocking capability, cheap alternatives gaming optimization, best authentic gaming optimization, how to brand gaming optimization
2026-09-23 14:28:25,708 - INFO - ✅ Niche 'nikon' process complete! 716 total keyword results.
2026-09-23 14:28:25,709 - INFO - ✅ Completed processing niche: 'nikon'
2026-09-23 14:28:25,709 - INFO - 🔧 Request Handler final stats - Success rate: 100.0%
2026-09-23 14:28:25,709 - INFO -    Total requests: 204081, Blocks: 1
2026-09-23 14:28:25,710 - INFO - 
========================================
2026-09-23 14:28:25,710 - INFO - Process Summary:
2026-09-23 14:28:25,710 - INFO - - Current niche: 'nikon'
2026-09-23 14:28:25,710 - INFO - - Next niche will be: 'huawei'
2026-09-23 14:28:25,710 - INFO - - Keywords saved in: languages/english/keywords/nikon/
2026-09-23 14:28:25,711 - INFO - ========================================
