2026-09-01 19:37:59,499 - INFO - Log file created at: /home/runner/work/potensitech.com/potensitech.com/languages/english/keywords/logs/kw_search_20260901_193759.log
2026-09-01 19:37:59,499 - INFO - ============================================================
2026-09-01 19:37:59,499 - INFO - AUTOMATIC KEYWORD RESEARCH TOOL
2026-09-01 19:37:59,499 - INFO - ============================================================
2026-09-01 19:37:59,821 - INFO - ========================================
2026-09-01 19:37:59,821 - INFO - Found 14 niches to process: xiaomi, iphone, samsung, apple, sony, asus, philips, sandisk, intel, nvidia, amd, canon, nikon, huawei
2026-09-01 19:37:59,821 - INFO - ========================================
2026-09-01 19:37:59,821 - INFO - Continuing from last processed niche: asus
2026-09-01 19:37:59,822 - INFO - ========================================
2026-09-01 19:37:59,822 - INFO - 🎯 PROCESSING NICHE 7/14: 'philips'
2026-09-01 19:37:59,822 - INFO - ========================================
2026-09-01 19:37:59,822 - INFO - 📁 Niche directory: /home/runner/work/potensitech.com/potensitech.com/languages/english/keywords/philips
2026-09-01 19:37:59,822 - INFO - Selected region: us
2026-09-01 19:37:59,822 - INFO - Selected language: en
2026-09-01 19:37:59,822 - INFO - 🎯 Current niche: philips
2026-09-01 19:38:11,113 - INFO - 🎯 Niche terms for filtering: philips, cheap, best, latest, review, price, sell, buy, recommendation, tips, tutorial, guide, how to, vs, versus, compared to, comparison, alternatives, which is better, expensive, discount, deals, sale, affordable, cost, online, offline, marketplace, store, shop, retailer, where to buy, worst, quality, original, genuine, fake, replica, authentic, brand, manufacturer, company, product, philips product, sell philips, buy philips, cheap philips, best philips, philips review, where to buy philips, how to choose philips, top philips, philips guide, philips for sale, philips deals
2026-09-01 19:38:11,114 - INFO - Generated 50 niche-clue pairs for 'philips'.
2026-09-01 19:38:11,117 - INFO - Expanded 50 seed keywords to 218 variations
2026-09-01 19:38:11,118 - INFO - 🔧 Request Handler initialized - Success rate: 100.0%
2026-09-01 19:42:36,989 - INFO - Original clue keywords: electric-shaver, gaming
2026-09-01 19:42:36,989 - INFO - Niche-focused seeds: electric-shaver philips, philips electric-shaver, electric-shaver cheap, cheap electric-shaver, electric-shaver best, best electric-shaver, electric-shaver latest, latest electric-shaver, electric-shaver review, review electric-shaver, electric-shaver price, price electric-shaver, electric-shaver sell, sell electric-shaver, electric-shaver buy, buy electric-shaver, electric-shaver recommendation, recommendation electric-shaver, electric-shaver tips, tips electric-shaver, electric-shaver tutorial, tutorial electric-shaver, electric-shaver guide, guide electric-shaver, electric-shaver how to, how to electric-shaver, electric-shaver vs, vs electric-shaver, electric-shaver versus, versus electric-shaver, electric-shaver compared to, compared to electric-shaver, electric-shaver comparison, comparison electric-shaver, electric-shaver alternatives, alternatives electric-shaver, electric-shaver which is better, which is better electric-shaver, electric-shaver expensive, expensive electric-shaver, electric-shaver discount, discount electric-shaver, electric-shaver deals, deals electric-shaver, electric-shaver sale, sale electric-shaver, electric-shaver affordable, affordable electric-shaver, electric-shaver cost, cost electric-shaver, electric-shaver online, online electric-shaver, electric-shaver offline, offline electric-shaver, electric-shaver marketplace, marketplace electric-shaver, electric-shaver store, store electric-shaver, electric-shaver shop, shop electric-shaver, electric-shaver retailer, retailer electric-shaver, electric-shaver where to buy, where to buy electric-shaver, electric-shaver worst, worst electric-shaver, electric-shaver quality, quality electric-shaver, electric-shaver original, original electric-shaver, electric-shaver genuine, genuine electric-shaver, electric-shaver fake, fake electric-shaver, electric-shaver replica, replica electric-shaver, electric-shaver authentic, authentic electric-shaver, electric-shaver brand, brand electric-shaver, electric-shaver manufacturer, manufacturer electric-shaver, electric-shaver company, company electric-shaver, electric-shaver product, product electric-shaver, electric-shaver philips product, philips product electric-shaver, electric-shaver sell philips, sell philips electric-shaver, electric-shaver buy philips, buy philips electric-shaver, electric-shaver cheap philips, cheap philips electric-shaver, electric-shaver best philips, best philips electric-shaver, electric-shaver philips review, philips review electric-shaver, electric-shaver where to buy philips, where to buy philips electric-shaver, electric-shaver how to choose philips, how to choose philips electric-shaver, electric-shaver top philips, top philips electric-shaver, electric-shaver philips guide, philips guide electric-shaver, electric-shaver philips for sale, philips for sale electric-shaver, electric-shaver philips deals, philips deals electric-shaver, gaming philips, philips gaming, gaming cheap, cheap gaming, gaming best, best gaming, gaming latest, latest gaming, gaming review, review gaming, gaming price, price gaming, gaming sell, sell gaming, gaming buy, buy gaming, gaming recommendation, recommendation gaming, gaming tips, tips gaming, gaming tutorial, tutorial gaming, gaming guide, guide gaming, gaming how to, how to gaming, gaming vs, vs gaming, gaming versus, versus gaming, gaming compared to, compared to gaming, gaming comparison, comparison gaming, gaming alternatives, alternatives gaming, gaming which is better, which is better gaming, gaming expensive, expensive gaming, gaming discount, discount gaming, gaming deals, deals gaming, gaming sale, sale gaming, gaming affordable, affordable gaming, gaming cost, cost gaming, gaming online, online gaming, gaming offline, offline gaming, gaming marketplace, marketplace gaming, gaming store, store gaming, gaming shop, shop gaming, gaming retailer, retailer gaming, gaming where to buy, where to buy gaming, gaming worst, worst gaming, gaming quality, quality gaming, gaming original, original gaming, gaming genuine, genuine gaming, gaming fake, fake gaming, gaming replica, replica gaming, gaming authentic, authentic gaming, gaming brand, brand gaming, gaming manufacturer, manufacturer gaming, gaming company, company gaming, gaming product, product gaming, gaming philips product, philips product gaming, gaming sell philips, sell philips gaming, gaming buy philips, buy philips gaming, gaming cheap philips, cheap philips gaming, gaming best philips, best philips gaming, gaming philips review, philips review gaming, gaming where to buy philips, where to buy philips gaming, gaming how to choose philips, how to choose philips gaming, gaming top philips, top philips gaming, gaming philips guide, philips guide gaming, gaming philips for sale, philips for sale gaming, gaming philips deals, philips deals gaming
2026-09-01 19:42:36,992 - INFO - Expanded 220 seed keywords to 385 variations
2026-09-01 19:42:36,992 - INFO - Language: en
2026-09-01 19:42:36,992 - INFO - Region: us
2026-09-01 19:47:06,818 - INFO - 🎯 After all filtering for 'philips': 120 relevant keywords
2026-09-01 19:47:07,212 - INFO - 🎯 Found 5 new keywords for niche 'philips': philips affordable electric-shaver, affordable electric-shaver cheap, philips affordable gaming, cheap affordable gaming, best affordable gaming
2026-09-01 19:47:28,297 - INFO - ✅ Niche 'philips' process complete! 715 total keyword results.
2026-09-01 19:47:28,297 - INFO - ✅ Completed processing niche: 'philips'
2026-09-01 19:47:28,297 - INFO - 🔧 Request Handler final stats - Success rate: 100.0%
2026-09-01 19:47:28,297 - INFO -    Total requests: 185827, Blocks: 1
2026-09-01 19:47:28,298 - INFO - 
========================================
2026-09-01 19:47:28,298 - INFO - Process Summary:
2026-09-01 19:47:28,298 - INFO - - Current niche: 'philips'
2026-09-01 19:47:28,298 - INFO - - Next niche will be: 'sandisk'
2026-09-01 19:47:28,298 - INFO - - Keywords saved in: languages/english/keywords/philips/
2026-09-01 19:47:28,299 - INFO - ========================================
