2026-08-05 05:27:44,028 - INFO - Log file created at: /home/runner/work/potensitech.com/potensitech.com/languages/english/keywords/logs/kw_search_20260805_052744.log
2026-08-05 05:27:44,028 - INFO - ============================================================
2026-08-05 05:27:44,028 - INFO - AUTOMATIC KEYWORD RESEARCH TOOL
2026-08-05 05:27:44,028 - INFO - ============================================================
2026-08-05 05:27:44,309 - INFO - ========================================
2026-08-05 05:27:44,309 - INFO - Found 14 niches to process: xiaomi, iphone, samsung, apple, sony, asus, philips, sandisk, intel, nvidia, amd, canon, nikon, huawei
2026-08-05 05:27:44,309 - INFO - ========================================
2026-08-05 05:27:44,309 - INFO - Continuing from last processed niche: canon
2026-08-05 05:27:44,309 - INFO - ========================================
2026-08-05 05:27:44,309 - INFO - 🎯 PROCESSING NICHE 13/14: 'nikon'
2026-08-05 05:27:44,309 - INFO - ========================================
2026-08-05 05:27:44,309 - INFO - 📁 Niche directory: /home/runner/work/potensitech.com/potensitech.com/languages/english/keywords/nikon
2026-08-05 05:27:44,309 - INFO - Selected region: us
2026-08-05 05:27:44,309 - INFO - Selected language: en
2026-08-05 05:27:44,309 - INFO - 🎯 Current niche: nikon
2026-08-05 05:27:45,003 - INFO - 🎯 Niche terms for filtering: nikon, cheap, best, latest, review, price, sell, buy, recommendation, tips, tutorial, guide, how to, vs, versus, compared to, comparison, alternatives, which is better, expensive, discount, deals, sale, affordable, cost, online, offline, marketplace, store, shop, retailer, where to buy, worst, quality, original, genuine, fake, replica, authentic, brand, manufacturer, company, product, nikon product, sell nikon, buy nikon, cheap nikon, best nikon, nikon review, where to buy nikon, how to choose nikon, top nikon, nikon guide, nikon for sale, nikon deals
2026-08-05 05:27:45,003 - INFO - Generated 50 niche-clue pairs for 'nikon'.
2026-08-05 05:27:45,006 - INFO - Expanded 50 seed keywords to 218 variations
2026-08-05 05:27:45,007 - INFO - 🔧 Request Handler initialized - Success rate: 100.0%
2026-08-05 05:32:09,626 - INFO - Original clue keywords: thermal efficiency, camera resolution
2026-08-05 05:32:09,626 - INFO - Niche-focused seeds: thermal efficiency nikon, nikon thermal efficiency, thermal efficiency cheap, cheap thermal efficiency, thermal efficiency best, best thermal efficiency, thermal efficiency latest, latest thermal efficiency, thermal efficiency review, review thermal efficiency, thermal efficiency price, price thermal efficiency, thermal efficiency sell, sell thermal efficiency, thermal efficiency buy, buy thermal efficiency, thermal efficiency recommendation, recommendation thermal efficiency, thermal efficiency tips, tips thermal efficiency, thermal efficiency tutorial, tutorial thermal efficiency, thermal efficiency guide, guide thermal efficiency, thermal efficiency how to, how to thermal efficiency, thermal efficiency vs, vs thermal efficiency, thermal efficiency versus, versus thermal efficiency, thermal efficiency compared to, compared to thermal efficiency, thermal efficiency comparison, comparison thermal efficiency, thermal efficiency alternatives, alternatives thermal efficiency, thermal efficiency which is better, which is better thermal efficiency, thermal efficiency expensive, expensive thermal efficiency, thermal efficiency discount, discount thermal efficiency, thermal efficiency deals, deals thermal efficiency, thermal efficiency sale, sale thermal efficiency, thermal efficiency affordable, affordable thermal efficiency, thermal efficiency cost, cost thermal efficiency, thermal efficiency online, online thermal efficiency, thermal efficiency offline, offline thermal efficiency, thermal efficiency marketplace, marketplace thermal efficiency, thermal efficiency store, store thermal efficiency, thermal efficiency shop, shop thermal efficiency, thermal efficiency retailer, retailer thermal efficiency, thermal efficiency where to buy, where to buy thermal efficiency, thermal efficiency worst, worst thermal efficiency, thermal efficiency quality, quality thermal efficiency, thermal efficiency original, original thermal efficiency, thermal efficiency genuine, genuine thermal efficiency, thermal efficiency fake, fake thermal efficiency, thermal efficiency replica, replica thermal efficiency, thermal efficiency authentic, authentic thermal efficiency, thermal efficiency brand, brand thermal efficiency, thermal efficiency manufacturer, manufacturer thermal efficiency, thermal efficiency company, company thermal efficiency, thermal efficiency product, product thermal efficiency, thermal efficiency nikon product, nikon product thermal efficiency, thermal efficiency sell nikon, sell nikon thermal efficiency, thermal efficiency buy nikon, buy nikon thermal efficiency, thermal efficiency cheap nikon, cheap nikon thermal efficiency, thermal efficiency best nikon, best nikon thermal efficiency, thermal efficiency nikon review, nikon review thermal efficiency, thermal efficiency where to buy nikon, where to buy nikon thermal efficiency, thermal efficiency how to choose nikon, how to choose nikon thermal efficiency, thermal efficiency top nikon, top nikon thermal efficiency, thermal efficiency nikon guide, nikon guide thermal efficiency, thermal efficiency nikon for sale, nikon for sale thermal efficiency, thermal efficiency nikon deals, nikon deals thermal efficiency, camera resolution nikon, nikon camera resolution, camera resolution cheap, cheap camera resolution, camera resolution best, best camera resolution, camera resolution latest, latest camera resolution, camera resolution review, review camera resolution, camera resolution price, price camera resolution, camera resolution sell, sell camera resolution, camera resolution buy, buy camera resolution, camera resolution recommendation, recommendation camera resolution, camera resolution tips, tips camera resolution, camera resolution tutorial, tutorial camera resolution, camera resolution guide, guide camera resolution, camera resolution how to, how to camera resolution, camera resolution vs, vs camera resolution, camera resolution versus, versus camera resolution, camera resolution compared to, compared to camera resolution, camera resolution comparison, comparison camera resolution, camera resolution alternatives, alternatives camera resolution, camera resolution which is better, which is better camera resolution, camera resolution expensive, expensive camera resolution, camera resolution discount, discount camera resolution, camera resolution deals, deals camera resolution, camera resolution sale, sale camera resolution, camera resolution affordable, affordable camera resolution, camera resolution cost, cost camera resolution, camera resolution online, online camera resolution, camera resolution offline, offline camera resolution, camera resolution marketplace, marketplace camera resolution, camera resolution store, store camera resolution, camera resolution shop, shop camera resolution, camera resolution retailer, retailer camera resolution, camera resolution where to buy, where to buy camera resolution, camera resolution worst, worst camera resolution, camera resolution quality, quality camera resolution, camera resolution original, original camera resolution, camera resolution genuine, genuine camera resolution, camera resolution fake, fake camera resolution, camera resolution replica, replica camera resolution, camera resolution authentic, authentic camera resolution, camera resolution brand, brand camera resolution, camera resolution manufacturer, manufacturer camera resolution, camera resolution company, company camera resolution, camera resolution product, product camera resolution, camera resolution nikon product, nikon product camera resolution, camera resolution sell nikon, sell nikon camera resolution, camera resolution buy nikon, buy nikon camera resolution, camera resolution cheap nikon, cheap nikon camera resolution, camera resolution best nikon, best nikon camera resolution, camera resolution nikon review, nikon review camera resolution, camera resolution where to buy nikon, where to buy nikon camera resolution, camera resolution how to choose nikon, how to choose nikon camera resolution, camera resolution top nikon, top nikon camera resolution, camera resolution nikon guide, nikon guide camera resolution, camera resolution nikon for sale, nikon for sale camera resolution, camera resolution nikon deals, nikon deals camera resolution
2026-08-05 05:32:09,630 - INFO - Expanded 220 seed keywords to 385 variations
2026-08-05 05:32:09,630 - INFO - Language: en
2026-08-05 05:32:09,630 - INFO - Region: us
2026-08-05 05:32:44,263 - INFO - 🎯 After all filtering for 'nikon': 120 relevant keywords
2026-08-05 05:32:45,785 - INFO - 🎯 Found 2 new keywords for niche 'nikon': nikon affordable camera resolution, nikon affordable thermal efficiency
2026-08-05 05:32:46,217 - INFO - ✅ Niche 'nikon' process complete! 650 total keyword results.
2026-08-05 05:32:46,217 - INFO - ✅ Completed processing niche: 'nikon'
2026-08-05 05:32:46,217 - INFO - 🔧 Request Handler final stats - Success rate: 100.0%
2026-08-05 05:32:46,217 - INFO -    Total requests: 164787, Blocks: 1
2026-08-05 05:32:46,218 - INFO - 
========================================
2026-08-05 05:32:46,218 - INFO - Process Summary:
2026-08-05 05:32:46,218 - INFO - - Current niche: 'nikon'
2026-08-05 05:32:46,218 - INFO - - Next niche will be: 'huawei'
2026-08-05 05:32:46,218 - INFO - - Keywords saved in: languages/english/keywords/nikon/
2026-08-05 05:32:46,219 - INFO - ========================================
