2026-08-02 07:19:56,343 - INFO - Log file created at: /home/runner/work/potensitech.com/potensitech.com/languages/english/keywords/logs/kw_search_20260802_071956.log
2026-08-02 07:19:56,343 - INFO - ============================================================
2026-08-02 07:19:56,343 - INFO - AUTOMATIC KEYWORD RESEARCH TOOL
2026-08-02 07:19:56,343 - INFO - ============================================================
2026-08-02 07:19:56,627 - INFO - ========================================
2026-08-02 07:19:56,627 - INFO - Found 14 niches to process: xiaomi, iphone, samsung, apple, sony, asus, philips, sandisk, intel, nvidia, amd, canon, nikon, huawei
2026-08-02 07:19:56,627 - INFO - ========================================
2026-08-02 07:19:56,627 - INFO - Continuing from last processed niche: amd
2026-08-02 07:19:56,627 - INFO - ========================================
2026-08-02 07:19:56,627 - INFO - 🎯 PROCESSING NICHE 12/14: 'canon'
2026-08-02 07:19:56,627 - INFO - ========================================
2026-08-02 07:19:56,627 - INFO - 📁 Niche directory: /home/runner/work/potensitech.com/potensitech.com/languages/english/keywords/canon
2026-08-02 07:19:56,628 - INFO - Selected region: us
2026-08-02 07:19:56,628 - INFO - Selected language: en
2026-08-02 07:19:56,628 - INFO - 🎯 Current niche: canon
2026-08-02 07:19:57,927 - INFO - 🎯 Niche terms for filtering: canon, cheap, best, latest, review, price, sell, buy, recommendation, tips, tutorial, guide, how to, vs, versus, compared to, comparison, alternatives, which is better, expensive, discount, deals, sale, affordable, cost, online, offline, marketplace, store, shop, retailer, where to buy, worst, quality, original, genuine, fake, replica, authentic, brand, manufacturer, company, product, canon product, sell canon, buy canon, cheap canon, best canon, canon review, where to buy canon, how to choose canon, top canon, canon guide, canon for sale, canon deals
2026-08-02 07:19:57,927 - INFO - Generated 50 niche-clue pairs for 'canon'.
2026-08-02 07:19:57,930 - INFO - Expanded 50 seed keywords to 218 variations
2026-08-02 07:19:57,931 - INFO - 🔧 Request Handler initialized - Success rate: 100.0%
2026-08-02 07:24:25,714 - INFO - Original clue keywords: chipset compatibility, solid state
2026-08-02 07:24:25,714 - INFO - Niche-focused seeds: chipset compatibility canon, canon chipset compatibility, chipset compatibility cheap, cheap chipset compatibility, chipset compatibility best, best chipset compatibility, chipset compatibility latest, latest chipset compatibility, chipset compatibility review, review chipset compatibility, chipset compatibility price, price chipset compatibility, chipset compatibility sell, sell chipset compatibility, chipset compatibility buy, buy chipset compatibility, chipset compatibility recommendation, recommendation chipset compatibility, chipset compatibility tips, tips chipset compatibility, chipset compatibility tutorial, tutorial chipset compatibility, chipset compatibility guide, guide chipset compatibility, chipset compatibility how to, how to chipset compatibility, chipset compatibility vs, vs chipset compatibility, chipset compatibility versus, versus chipset compatibility, chipset compatibility compared to, compared to chipset compatibility, chipset compatibility comparison, comparison chipset compatibility, chipset compatibility alternatives, alternatives chipset compatibility, chipset compatibility which is better, which is better chipset compatibility, chipset compatibility expensive, expensive chipset compatibility, chipset compatibility discount, discount chipset compatibility, chipset compatibility deals, deals chipset compatibility, chipset compatibility sale, sale chipset compatibility, chipset compatibility affordable, affordable chipset compatibility, chipset compatibility cost, cost chipset compatibility, chipset compatibility online, online chipset compatibility, chipset compatibility offline, offline chipset compatibility, chipset compatibility marketplace, marketplace chipset compatibility, chipset compatibility store, store chipset compatibility, chipset compatibility shop, shop chipset compatibility, chipset compatibility retailer, retailer chipset compatibility, chipset compatibility where to buy, where to buy chipset compatibility, chipset compatibility worst, worst chipset compatibility, chipset compatibility quality, quality chipset compatibility, chipset compatibility original, original chipset compatibility, chipset compatibility genuine, genuine chipset compatibility, chipset compatibility fake, fake chipset compatibility, chipset compatibility replica, replica chipset compatibility, chipset compatibility authentic, authentic chipset compatibility, chipset compatibility brand, brand chipset compatibility, chipset compatibility manufacturer, manufacturer chipset compatibility, chipset compatibility company, company chipset compatibility, chipset compatibility product, product chipset compatibility, chipset compatibility canon product, canon product chipset compatibility, chipset compatibility sell canon, sell canon chipset compatibility, chipset compatibility buy canon, buy canon chipset compatibility, chipset compatibility cheap canon, cheap canon chipset compatibility, chipset compatibility best canon, best canon chipset compatibility, chipset compatibility canon review, canon review chipset compatibility, chipset compatibility where to buy canon, where to buy canon chipset compatibility, chipset compatibility how to choose canon, how to choose canon chipset compatibility, chipset compatibility top canon, top canon chipset compatibility, chipset compatibility canon guide, canon guide chipset compatibility, chipset compatibility canon for sale, canon for sale chipset compatibility, chipset compatibility canon deals, canon deals chipset compatibility, solid state canon, canon solid state, solid state cheap, cheap solid state, solid state best, best solid state, solid state latest, latest solid state, solid state review, review solid state, solid state price, price solid state, solid state sell, sell solid state, solid state buy, buy solid state, solid state recommendation, recommendation solid state, solid state tips, tips solid state, solid state tutorial, tutorial solid state, solid state guide, guide solid state, solid state how to, how to solid state, solid state vs, vs solid state, solid state versus, versus solid state, solid state compared to, compared to solid state, solid state comparison, comparison solid state, solid state alternatives, alternatives solid state, solid state which is better, which is better solid state, solid state expensive, expensive solid state, solid state discount, discount solid state, solid state deals, deals solid state, solid state sale, sale solid state, solid state affordable, affordable solid state, solid state cost, cost solid state, solid state online, online solid state, solid state offline, offline solid state, solid state marketplace, marketplace solid state, solid state store, store solid state, solid state shop, shop solid state, solid state retailer, retailer solid state, solid state where to buy, where to buy solid state, solid state worst, worst solid state, solid state quality, quality solid state, solid state original, original solid state, solid state genuine, genuine solid state, solid state fake, fake solid state, solid state replica, replica solid state, solid state authentic, authentic solid state, solid state brand, brand solid state, solid state manufacturer, manufacturer solid state, solid state company, company solid state, solid state product, product solid state, solid state canon product, canon product solid state, solid state sell canon, sell canon solid state, solid state buy canon, buy canon solid state, solid state cheap canon, cheap canon solid state, solid state best canon, best canon solid state, solid state canon review, canon review solid state, solid state where to buy canon, where to buy canon solid state, solid state how to choose canon, how to choose canon solid state, solid state top canon, top canon solid state, solid state canon guide, canon guide solid state, solid state canon for sale, canon for sale solid state, solid state canon deals, canon deals solid state
2026-08-02 07:24:25,718 - INFO - Expanded 220 seed keywords to 385 variations
2026-08-02 07:24:25,718 - INFO - Language: en
2026-08-02 07:24:25,718 - INFO - Region: us
2026-08-02 07:28:57,928 - INFO - 🎯 After all filtering for 'canon': 120 relevant keywords
2026-08-02 07:28:59,200 - INFO - 🎯 Found 5 new keywords for niche 'canon': canon affordable chipset compatibility, canon affordable solid state, cheap alternatives chipset compatibility, cheap alternatives solid state, best authentic chipset compatibility
2026-08-02 07:29:00,439 - INFO - ✅ Niche 'canon' process complete! 659 total keyword results.
2026-08-02 07:29:00,440 - INFO - ✅ Completed processing niche: 'canon'
2026-08-02 07:29:00,440 - INFO - 🔧 Request Handler final stats - Success rate: 100.0%
2026-08-02 07:29:00,440 - INFO -    Total requests: 162414, Blocks: 1
2026-08-02 07:29:00,441 - INFO - 
========================================
2026-08-02 07:29:00,441 - INFO - Process Summary:
2026-08-02 07:29:00,441 - INFO - - Current niche: 'canon'
2026-08-02 07:29:00,441 - INFO - - Next niche will be: 'nikon'
2026-08-02 07:29:00,441 - INFO - - Keywords saved in: languages/english/keywords/canon/
2026-08-02 07:29:00,442 - INFO - ========================================
