2026-08-07 03:11:01,958 - INFO - Log file created at: /home/runner/work/potensitech.com/potensitech.com/languages/english/keywords/logs/kw_search_20260807_031101.log
2026-08-07 03:11:01,958 - INFO - ============================================================
2026-08-07 03:11:01,958 - INFO - AUTOMATIC KEYWORD RESEARCH TOOL
2026-08-07 03:11:01,958 - INFO - ============================================================
2026-08-07 03:11:02,236 - INFO - ========================================
2026-08-07 03:11:02,236 - INFO - Found 14 niches to process: xiaomi, iphone, samsung, apple, sony, asus, philips, sandisk, intel, nvidia, amd, canon, nikon, huawei
2026-08-07 03:11:02,236 - INFO - ========================================
2026-08-07 03:11:02,236 - INFO - Continuing from last processed niche: xiaomi
2026-08-07 03:11:02,236 - INFO - ========================================
2026-08-07 03:11:02,236 - INFO - 🎯 PROCESSING NICHE 2/14: 'iphone'
2026-08-07 03:11:02,236 - INFO - ========================================
2026-08-07 03:11:02,236 - INFO - 📁 Niche directory: /home/runner/work/potensitech.com/potensitech.com/languages/english/keywords/iphone
2026-08-07 03:11:02,236 - INFO - Selected region: us
2026-08-07 03:11:02,236 - INFO - Selected language: en
2026-08-07 03:11:02,236 - INFO - 🎯 Current niche: iphone
2026-08-07 03:11:02,967 - INFO - 🎯 Niche terms for filtering: iphone, cheap, best, latest, review, price, sell, buy, recommendation, tips, tutorial, guide, how to, vs, versus, compared to, comparison, alternatives, which is better, expensive, discount, deals, sale, affordable, cost, online, offline, marketplace, store, shop, retailer, where to buy, worst, quality, original, genuine, fake, replica, authentic, brand, manufacturer, company, product, iphone product, sell iphone, buy iphone, cheap iphone, best iphone, iphone review, where to buy iphone, how to choose iphone, top iphone, iphone guide, iphone for sale, iphone deals
2026-08-07 03:11:02,968 - INFO - Generated 50 niche-clue pairs for 'iphone'.
2026-08-07 03:11:02,971 - INFO - Expanded 50 seed keywords to 218 variations
2026-08-07 03:11:02,972 - INFO - 🔧 Request Handler initialized - Success rate: 100.0%
2026-08-07 03:15:28,597 - INFO - Original clue keywords: dslr lens, mirrorless photography
2026-08-07 03:15:28,597 - INFO - Niche-focused seeds: dslr lens iphone, iphone dslr lens, dslr lens cheap, cheap dslr lens, dslr lens best, best dslr lens, dslr lens latest, latest dslr lens, dslr lens review, review dslr lens, dslr lens price, price dslr lens, dslr lens sell, sell dslr lens, dslr lens buy, buy dslr lens, dslr lens recommendation, recommendation dslr lens, dslr lens tips, tips dslr lens, dslr lens tutorial, tutorial dslr lens, dslr lens guide, guide dslr lens, dslr lens how to, how to dslr lens, dslr lens vs, vs dslr lens, dslr lens versus, versus dslr lens, dslr lens compared to, compared to dslr lens, dslr lens comparison, comparison dslr lens, dslr lens alternatives, alternatives dslr lens, dslr lens which is better, which is better dslr lens, dslr lens expensive, expensive dslr lens, dslr lens discount, discount dslr lens, dslr lens deals, deals dslr lens, dslr lens sale, sale dslr lens, dslr lens affordable, affordable dslr lens, dslr lens cost, cost dslr lens, dslr lens online, online dslr lens, dslr lens offline, offline dslr lens, dslr lens marketplace, marketplace dslr lens, dslr lens store, store dslr lens, dslr lens shop, shop dslr lens, dslr lens retailer, retailer dslr lens, dslr lens where to buy, where to buy dslr lens, dslr lens worst, worst dslr lens, dslr lens quality, quality dslr lens, dslr lens original, original dslr lens, dslr lens genuine, genuine dslr lens, dslr lens fake, fake dslr lens, dslr lens replica, replica dslr lens, dslr lens authentic, authentic dslr lens, dslr lens brand, brand dslr lens, dslr lens manufacturer, manufacturer dslr lens, dslr lens company, company dslr lens, dslr lens product, product dslr lens, dslr lens iphone product, iphone product dslr lens, dslr lens sell iphone, sell iphone dslr lens, dslr lens buy iphone, buy iphone dslr lens, dslr lens cheap iphone, cheap iphone dslr lens, dslr lens best iphone, best iphone dslr lens, dslr lens iphone review, iphone review dslr lens, dslr lens where to buy iphone, where to buy iphone dslr lens, dslr lens how to choose iphone, how to choose iphone dslr lens, dslr lens top iphone, top iphone dslr lens, dslr lens iphone guide, iphone guide dslr lens, dslr lens iphone for sale, iphone for sale dslr lens, dslr lens iphone deals, iphone deals dslr lens, mirrorless photography iphone, iphone mirrorless photography, mirrorless photography cheap, cheap mirrorless photography, mirrorless photography best, best mirrorless photography, mirrorless photography latest, latest mirrorless photography, mirrorless photography review, review mirrorless photography, mirrorless photography price, price mirrorless photography, mirrorless photography sell, sell mirrorless photography, mirrorless photography buy, buy mirrorless photography, mirrorless photography recommendation, recommendation mirrorless photography, mirrorless photography tips, tips mirrorless photography, mirrorless photography tutorial, tutorial mirrorless photography, mirrorless photography guide, guide mirrorless photography, mirrorless photography how to, how to mirrorless photography, mirrorless photography vs, vs mirrorless photography, mirrorless photography versus, versus mirrorless photography, mirrorless photography compared to, compared to mirrorless photography, mirrorless photography comparison, comparison mirrorless photography, mirrorless photography alternatives, alternatives mirrorless photography, mirrorless photography which is better, which is better mirrorless photography, mirrorless photography expensive, expensive mirrorless photography, mirrorless photography discount, discount mirrorless photography, mirrorless photography deals, deals mirrorless photography, mirrorless photography sale, sale mirrorless photography, mirrorless photography affordable, affordable mirrorless photography, mirrorless photography cost, cost mirrorless photography, mirrorless photography online, online mirrorless photography, mirrorless photography offline, offline mirrorless photography, mirrorless photography marketplace, marketplace mirrorless photography, mirrorless photography store, store mirrorless photography, mirrorless photography shop, shop mirrorless photography, mirrorless photography retailer, retailer mirrorless photography, mirrorless photography where to buy, where to buy mirrorless photography, mirrorless photography worst, worst mirrorless photography, mirrorless photography quality, quality mirrorless photography, mirrorless photography original, original mirrorless photography, mirrorless photography genuine, genuine mirrorless photography, mirrorless photography fake, fake mirrorless photography, mirrorless photography replica, replica mirrorless photography, mirrorless photography authentic, authentic mirrorless photography, mirrorless photography brand, brand mirrorless photography, mirrorless photography manufacturer, manufacturer mirrorless photography, mirrorless photography company, company mirrorless photography, mirrorless photography product, product mirrorless photography, mirrorless photography iphone product, iphone product mirrorless photography, mirrorless photography sell iphone, sell iphone mirrorless photography, mirrorless photography buy iphone, buy iphone mirrorless photography, mirrorless photography cheap iphone, cheap iphone mirrorless photography, mirrorless photography best iphone, best iphone mirrorless photography, mirrorless photography iphone review, iphone review mirrorless photography, mirrorless photography where to buy iphone, where to buy iphone mirrorless photography, mirrorless photography how to choose iphone, how to choose iphone mirrorless photography, mirrorless photography top iphone, top iphone mirrorless photography, mirrorless photography iphone guide, iphone guide mirrorless photography, mirrorless photography iphone for sale, iphone for sale mirrorless photography, mirrorless photography iphone deals, iphone deals mirrorless photography
2026-08-07 03:15:28,600 - INFO - Expanded 220 seed keywords to 385 variations
2026-08-07 03:15:28,600 - INFO - Language: en
2026-08-07 03:15:28,600 - INFO - Region: us
2026-08-07 03:19:55,572 - INFO - 🎯 After all filtering for 'iphone': 120 relevant keywords
2026-08-07 03:19:57,693 - INFO - 🎯 Found 4 new keywords for niche 'iphone': iphone affordable dslr lens, iphone affordable mirrorless photography, cheap alternatives dslr lens, best authentic dslr lens
2026-08-07 03:19:58,119 - INFO - ✅ Niche 'iphone' process complete! 835 total keyword results.
2026-08-07 03:19:58,119 - INFO - ✅ Completed processing niche: 'iphone'
2026-08-07 03:19:58,120 - INFO - 🔧 Request Handler final stats - Success rate: 100.0%
2026-08-07 03:19:58,120 - INFO -    Total requests: 165839, Blocks: 1
2026-08-07 03:19:58,121 - INFO - 
========================================
2026-08-07 03:19:58,121 - INFO - Process Summary:
2026-08-07 03:19:58,121 - INFO - - Current niche: 'iphone'
2026-08-07 03:19:58,121 - INFO - - Next niche will be: 'samsung'
2026-08-07 03:19:58,121 - INFO - - Keywords saved in: languages/english/keywords/iphone/
2026-08-07 03:19:58,121 - INFO - ========================================
