2026-07-31 09:59:16,806 - INFO - Log file created at: /home/runner/work/potensitech.com/potensitech.com/languages/english/keywords/logs/kw_search_20260731_095916.log
2026-07-31 09:59:16,807 - INFO - ============================================================
2026-07-31 09:59:16,807 - INFO - AUTOMATIC KEYWORD RESEARCH TOOL
2026-07-31 09:59:16,807 - INFO - ============================================================
2026-07-31 09:59:17,080 - INFO - ========================================
2026-07-31 09:59:17,080 - INFO - Found 14 niches to process: xiaomi, iphone, samsung, apple, sony, asus, philips, sandisk, intel, nvidia, amd, canon, nikon, huawei
2026-07-31 09:59:17,080 - INFO - ========================================
2026-07-31 09:59:17,080 - INFO - Continuing from last processed niche: asus
2026-07-31 09:59:17,080 - INFO - ========================================
2026-07-31 09:59:17,080 - INFO - 🎯 PROCESSING NICHE 7/14: 'philips'
2026-07-31 09:59:17,080 - INFO - ========================================
2026-07-31 09:59:17,080 - INFO - 📁 Niche directory: /home/runner/work/potensitech.com/potensitech.com/languages/english/keywords/philips
2026-07-31 09:59:17,080 - INFO - Selected region: us
2026-07-31 09:59:17,080 - INFO - Selected language: en
2026-07-31 09:59:17,081 - INFO - 🎯 Current niche: philips
2026-07-31 09:59:18,305 - INFO - 🎯 Niche terms for filtering: philips, cheap, best, latest, review, price, sell, buy, recommendation, tips, tutorial, guide, how to, vs, versus, compared to, comparison, alternatives, which is better, expensive, discount, deals, sale, affordable, cost, online, offline, marketplace, store, shop, retailer, where to buy, worst, quality, original, genuine, fake, replica, authentic, brand, manufacturer, company, product, philips product, sell philips, buy philips, cheap philips, best philips, philips review, where to buy philips, how to choose philips, top philips, philips guide, philips for sale, philips deals
2026-07-31 09:59:18,305 - INFO - Generated 50 niche-clue pairs for 'philips'.
2026-07-31 09:59:18,308 - INFO - Expanded 50 seed keywords to 218 variations
2026-07-31 09:59:18,309 - INFO - 🔧 Request Handler initialized - Success rate: 100.0%
2026-07-31 10:03:44,660 - INFO - Original clue keywords: dslr photography, camera lenses
2026-07-31 10:03:44,660 - INFO - Niche-focused seeds: dslr photography philips, philips dslr photography, dslr photography cheap, cheap dslr photography, dslr photography best, best dslr photography, dslr photography latest, latest dslr photography, dslr photography review, review dslr photography, dslr photography price, price dslr photography, dslr photography sell, sell dslr photography, dslr photography buy, buy dslr photography, dslr photography recommendation, recommendation dslr photography, dslr photography tips, tips dslr photography, dslr photography tutorial, tutorial dslr photography, dslr photography guide, guide dslr photography, dslr photography how to, how to dslr photography, dslr photography vs, vs dslr photography, dslr photography versus, versus dslr photography, dslr photography compared to, compared to dslr photography, dslr photography comparison, comparison dslr photography, dslr photography alternatives, alternatives dslr photography, dslr photography which is better, which is better dslr photography, dslr photography expensive, expensive dslr photography, dslr photography discount, discount dslr photography, dslr photography deals, deals dslr photography, dslr photography sale, sale dslr photography, dslr photography affordable, affordable dslr photography, dslr photography cost, cost dslr photography, dslr photography online, online dslr photography, dslr photography offline, offline dslr photography, dslr photography marketplace, marketplace dslr photography, dslr photography store, store dslr photography, dslr photography shop, shop dslr photography, dslr photography retailer, retailer dslr photography, dslr photography where to buy, where to buy dslr photography, dslr photography worst, worst dslr photography, dslr photography quality, quality dslr photography, dslr photography original, original dslr photography, dslr photography genuine, genuine dslr photography, dslr photography fake, fake dslr photography, dslr photography replica, replica dslr photography, dslr photography authentic, authentic dslr photography, dslr photography brand, brand dslr photography, dslr photography manufacturer, manufacturer dslr photography, dslr photography company, company dslr photography, dslr photography product, product dslr photography, dslr photography philips product, philips product dslr photography, dslr photography sell philips, sell philips dslr photography, dslr photography buy philips, buy philips dslr photography, dslr photography cheap philips, cheap philips dslr photography, dslr photography best philips, best philips dslr photography, dslr photography philips review, philips review dslr photography, dslr photography where to buy philips, where to buy philips dslr photography, dslr photography how to choose philips, how to choose philips dslr photography, dslr photography top philips, top philips dslr photography, dslr photography philips guide, philips guide dslr photography, dslr photography philips for sale, philips for sale dslr photography, dslr photography philips deals, philips deals dslr photography, camera lenses philips, philips camera lenses, camera lenses cheap, cheap camera lenses, camera lenses best, best camera lenses, camera lenses latest, latest camera lenses, camera lenses review, review camera lenses, camera lenses price, price camera lenses, camera lenses sell, sell camera lenses, camera lenses buy, buy camera lenses, camera lenses recommendation, recommendation camera lenses, camera lenses tips, tips camera lenses, camera lenses tutorial, tutorial camera lenses, camera lenses guide, guide camera lenses, camera lenses how to, how to camera lenses, camera lenses vs, vs camera lenses, camera lenses versus, versus camera lenses, camera lenses compared to, compared to camera lenses, camera lenses comparison, comparison camera lenses, camera lenses alternatives, alternatives camera lenses, camera lenses which is better, which is better camera lenses, camera lenses expensive, expensive camera lenses, camera lenses discount, discount camera lenses, camera lenses deals, deals camera lenses, camera lenses sale, sale camera lenses, camera lenses affordable, affordable camera lenses, camera lenses cost, cost camera lenses, camera lenses online, online camera lenses, camera lenses offline, offline camera lenses, camera lenses marketplace, marketplace camera lenses, camera lenses store, store camera lenses, camera lenses shop, shop camera lenses, camera lenses retailer, retailer camera lenses, camera lenses where to buy, where to buy camera lenses, camera lenses worst, worst camera lenses, camera lenses quality, quality camera lenses, camera lenses original, original camera lenses, camera lenses genuine, genuine camera lenses, camera lenses fake, fake camera lenses, camera lenses replica, replica camera lenses, camera lenses authentic, authentic camera lenses, camera lenses brand, brand camera lenses, camera lenses manufacturer, manufacturer camera lenses, camera lenses company, company camera lenses, camera lenses product, product camera lenses, camera lenses philips product, philips product camera lenses, camera lenses sell philips, sell philips camera lenses, camera lenses buy philips, buy philips camera lenses, camera lenses cheap philips, cheap philips camera lenses, camera lenses best philips, best philips camera lenses, camera lenses philips review, philips review camera lenses, camera lenses where to buy philips, where to buy philips camera lenses, camera lenses how to choose philips, how to choose philips camera lenses, camera lenses top philips, top philips camera lenses, camera lenses philips guide, philips guide camera lenses, camera lenses philips for sale, philips for sale camera lenses, camera lenses philips deals, philips deals camera lenses
2026-07-31 10:03:44,663 - INFO - Expanded 220 seed keywords to 385 variations
2026-07-31 10:03:44,663 - INFO - Language: en
2026-07-31 10:03:44,663 - INFO - Region: us
2026-07-31 10:04:17,295 - INFO - 🎯 After all filtering for 'philips': 120 relevant keywords
2026-07-31 10:04:18,537 - INFO - 🎯 Found 5 new keywords for niche 'philips': philips affordable camera lenses, philips affordable dslr photography, cheap alternatives camera lenses, cheap alternatives dslr photography, best authentic camera lenses
2026-07-31 10:04:19,549 - INFO - ✅ Niche 'philips' process complete! 671 total keyword results.
2026-07-31 10:04:19,549 - INFO - ✅ Completed processing niche: 'philips'
2026-07-31 10:04:19,550 - INFO - 🔧 Request Handler final stats - Success rate: 100.0%
2026-07-31 10:04:19,550 - INFO -    Total requests: 161259, Blocks: 1
2026-07-31 10:04:19,551 - INFO - 
========================================
2026-07-31 10:04:19,551 - INFO - Process Summary:
2026-07-31 10:04:19,551 - INFO - - Current niche: 'philips'
2026-07-31 10:04:19,551 - INFO - - Next niche will be: 'sandisk'
2026-07-31 10:04:19,551 - INFO - - Keywords saved in: languages/english/keywords/philips/
2026-07-31 10:04:19,551 - INFO - ========================================
