2026-09-06 07:12:34,516 - INFO - Log file created at: /home/runner/work/potensitech.com/potensitech.com/languages/english/keywords/logs/kw_search_20260906_071234.log
2026-09-06 07:12:34,516 - INFO - ============================================================
2026-09-06 07:12:34,516 - INFO - AUTOMATIC KEYWORD RESEARCH TOOL
2026-09-06 07:12:34,516 - INFO - ============================================================
2026-09-06 07:12:34,889 - INFO - ========================================
2026-09-06 07:12:34,889 - INFO - Found 14 niches to process: xiaomi, iphone, samsung, apple, sony, asus, philips, sandisk, intel, nvidia, amd, canon, nikon, huawei
2026-09-06 07:12:34,890 - INFO - ========================================
2026-09-06 07:12:34,890 - INFO - Continuing from last processed niche: philips
2026-09-06 07:12:34,890 - INFO - ========================================
2026-09-06 07:12:34,890 - INFO - 🎯 PROCESSING NICHE 8/14: 'sandisk'
2026-09-06 07:12:34,890 - INFO - ========================================
2026-09-06 07:12:34,890 - INFO - 📁 Niche directory: /home/runner/work/potensitech.com/potensitech.com/languages/english/keywords/sandisk
2026-09-06 07:12:34,890 - INFO - Selected region: us
2026-09-06 07:12:34,890 - INFO - Selected language: en
2026-09-06 07:12:34,890 - INFO - 🎯 Current niche: sandisk
2026-09-06 07:12:46,314 - INFO - 🎯 Niche terms for filtering: sandisk, cheap, best, latest, review, price, sell, buy, recommendation, tips, tutorial, guide, how to, vs, versus, compared to, comparison, alternatives, which is better, expensive, discount, deals, sale, affordable, cost, online, offline, marketplace, store, shop, retailer, where to buy, worst, quality, original, genuine, fake, replica, authentic, brand, manufacturer, company, product, sandisk product, sell sandisk, buy sandisk, cheap sandisk, best sandisk, sandisk review, where to buy sandisk, how to choose sandisk, top sandisk, sandisk guide, sandisk for sale, sandisk deals
2026-09-06 07:12:46,315 - INFO - Generated 50 niche-clue pairs for 'sandisk'.
2026-09-06 07:12:46,318 - INFO - Expanded 50 seed keywords to 218 variations
2026-09-06 07:12:46,319 - INFO - 🔧 Request Handler initialized - Success rate: 100.0%
2026-09-06 07:17:11,039 - INFO - Original clue keywords: ai computing, usb performance
2026-09-06 07:17:11,040 - INFO - Niche-focused seeds: ai computing sandisk, sandisk ai computing, ai computing cheap, cheap ai computing, ai computing best, best ai computing, ai computing latest, latest ai computing, ai computing review, review ai computing, ai computing price, price ai computing, ai computing sell, sell ai computing, ai computing buy, buy ai computing, ai computing recommendation, recommendation ai computing, ai computing tips, tips ai computing, ai computing tutorial, tutorial ai computing, ai computing guide, guide ai computing, ai computing how to, how to ai computing, ai computing vs, vs ai computing, ai computing versus, versus ai computing, ai computing compared to, compared to ai computing, ai computing comparison, comparison ai computing, ai computing alternatives, alternatives ai computing, ai computing which is better, which is better ai computing, ai computing expensive, expensive ai computing, ai computing discount, discount ai computing, ai computing deals, deals ai computing, ai computing sale, sale ai computing, ai computing affordable, affordable ai computing, ai computing cost, cost ai computing, ai computing online, online ai computing, ai computing offline, offline ai computing, ai computing marketplace, marketplace ai computing, ai computing store, store ai computing, ai computing shop, shop ai computing, ai computing retailer, retailer ai computing, ai computing where to buy, where to buy ai computing, ai computing worst, worst ai computing, ai computing quality, quality ai computing, ai computing original, original ai computing, ai computing genuine, genuine ai computing, ai computing fake, fake ai computing, ai computing replica, replica ai computing, ai computing authentic, authentic ai computing, ai computing brand, brand ai computing, ai computing manufacturer, manufacturer ai computing, ai computing company, company ai computing, ai computing product, product ai computing, ai computing sandisk product, sandisk product ai computing, ai computing sell sandisk, sell sandisk ai computing, ai computing buy sandisk, buy sandisk ai computing, ai computing cheap sandisk, cheap sandisk ai computing, ai computing best sandisk, best sandisk ai computing, ai computing sandisk review, sandisk review ai computing, ai computing where to buy sandisk, where to buy sandisk ai computing, ai computing how to choose sandisk, how to choose sandisk ai computing, ai computing top sandisk, top sandisk ai computing, ai computing sandisk guide, sandisk guide ai computing, ai computing sandisk for sale, sandisk for sale ai computing, ai computing sandisk deals, sandisk deals ai computing, usb performance sandisk, sandisk usb performance, usb performance cheap, cheap usb performance, usb performance best, best usb performance, usb performance latest, latest usb performance, usb performance review, review usb performance, usb performance price, price usb performance, usb performance sell, sell usb performance, usb performance buy, buy usb performance, usb performance recommendation, recommendation usb performance, usb performance tips, tips usb performance, usb performance tutorial, tutorial usb performance, usb performance guide, guide usb performance, usb performance how to, how to usb performance, usb performance vs, vs usb performance, usb performance versus, versus usb performance, usb performance compared to, compared to usb performance, usb performance comparison, comparison usb performance, usb performance alternatives, alternatives usb performance, usb performance which is better, which is better usb performance, usb performance expensive, expensive usb performance, usb performance discount, discount usb performance, usb performance deals, deals usb performance, usb performance sale, sale usb performance, usb performance affordable, affordable usb performance, usb performance cost, cost usb performance, usb performance online, online usb performance, usb performance offline, offline usb performance, usb performance marketplace, marketplace usb performance, usb performance store, store usb performance, usb performance shop, shop usb performance, usb performance retailer, retailer usb performance, usb performance where to buy, where to buy usb performance, usb performance worst, worst usb performance, usb performance quality, quality usb performance, usb performance original, original usb performance, usb performance genuine, genuine usb performance, usb performance fake, fake usb performance, usb performance replica, replica usb performance, usb performance authentic, authentic usb performance, usb performance brand, brand usb performance, usb performance manufacturer, manufacturer usb performance, usb performance company, company usb performance, usb performance product, product usb performance, usb performance sandisk product, sandisk product usb performance, usb performance sell sandisk, sell sandisk usb performance, usb performance buy sandisk, buy sandisk usb performance, usb performance cheap sandisk, cheap sandisk usb performance, usb performance best sandisk, best sandisk usb performance, usb performance sandisk review, sandisk review usb performance, usb performance where to buy sandisk, where to buy sandisk usb performance, usb performance how to choose sandisk, how to choose sandisk usb performance, usb performance top sandisk, top sandisk usb performance, usb performance sandisk guide, sandisk guide usb performance, usb performance sandisk for sale, sandisk for sale usb performance, usb performance sandisk deals, sandisk deals usb performance
2026-09-06 07:17:11,043 - INFO - Expanded 220 seed keywords to 385 variations
2026-09-06 07:17:11,043 - INFO - Language: en
2026-09-06 07:17:11,043 - INFO - Region: us
2026-09-06 07:21:24,671 - INFO - 🎯 After all filtering for 'sandisk': 120 relevant keywords
2026-09-06 07:21:26,552 - INFO - 🎯 Found 5 new keywords for niche 'sandisk': sandisk affordable ai computing, sandisk affordable usb performance, cheap ai computing alternatives, best ai computing authentic, how to ai computing brand
2026-09-06 07:21:42,515 - INFO - ✅ Niche 'sandisk' process complete! 842 total keyword results.
2026-09-06 07:21:42,516 - INFO - ✅ Completed processing niche: 'sandisk'
2026-09-06 07:21:42,516 - INFO - 🔧 Request Handler final stats - Success rate: 100.0%
2026-09-06 07:21:42,516 - INFO -    Total requests: 189498, Blocks: 1
2026-09-06 07:21:42,517 - INFO - 
========================================
2026-09-06 07:21:42,517 - INFO - Process Summary:
2026-09-06 07:21:42,517 - INFO - - Current niche: 'sandisk'
2026-09-06 07:21:42,517 - INFO - - Next niche will be: 'intel'
2026-09-06 07:21:42,517 - INFO - - Keywords saved in: languages/english/keywords/sandisk/
2026-09-06 07:21:42,518 - INFO - ========================================
