2026-09-19 04:23:40,076 - INFO - Log file created at: /home/runner/work/potensitech.com/potensitech.com/languages/english/keywords/logs/kw_search_20260919_042340.log
2026-09-19 04:23:40,077 - INFO - ============================================================
2026-09-19 04:23:40,077 - INFO - AUTOMATIC KEYWORD RESEARCH TOOL
2026-09-19 04:23:40,077 - INFO - ============================================================
2026-09-19 04:23:40,538 - INFO - ========================================
2026-09-19 04:23:40,538 - INFO - Found 14 niches to process: xiaomi, iphone, samsung, apple, sony, asus, philips, sandisk, intel, nvidia, amd, canon, nikon, huawei
2026-09-19 04:23:40,538 - INFO - ========================================
2026-09-19 04:23:40,538 - INFO - Continuing from last processed niche: nvidia
2026-09-19 04:23:40,538 - INFO - ========================================
2026-09-19 04:23:40,538 - INFO - 🎯 PROCESSING NICHE 11/14: 'amd'
2026-09-19 04:23:40,538 - INFO - ========================================
2026-09-19 04:23:40,538 - INFO - 📁 Niche directory: /home/runner/work/potensitech.com/potensitech.com/languages/english/keywords/amd
2026-09-19 04:23:40,538 - INFO - Selected region: us
2026-09-19 04:23:40,538 - INFO - Selected language: en
2026-09-19 04:23:40,538 - INFO - 🎯 Current niche: amd
2026-09-19 04:23:51,002 - INFO - 🎯 Niche terms for filtering: amd, cheap, best, latest, review, price, sell, buy, recommendation, tips, tutorial, guide, how to, vs, versus, compared to, comparison, alternatives, which is better, expensive, discount, deals, sale, affordable, cost, online, offline, marketplace, store, shop, retailer, where to buy, worst, quality, original, genuine, fake, replica, authentic, brand, manufacturer, company, product, amd product, sell amd, buy amd, cheap amd, best amd, amd review, where to buy amd, how to choose amd, top amd, amd guide, amd for sale, amd deals
2026-09-19 04:23:51,003 - INFO - Generated 50 niche-clue pairs for 'amd'.
2026-09-19 04:23:51,006 - INFO - Expanded 50 seed keywords to 218 variations
2026-09-19 04:23:51,007 - INFO - 🔧 Request Handler initialized - Success rate: 100.0%
2026-09-19 04:28:14,659 - INFO - Original clue keywords: autofocus system, ssd storage
2026-09-19 04:28:14,659 - INFO - Niche-focused seeds: autofocus system amd, amd autofocus system, autofocus system cheap, cheap autofocus system, autofocus system best, best autofocus system, autofocus system latest, latest autofocus system, autofocus system review, review autofocus system, autofocus system price, price autofocus system, autofocus system sell, sell autofocus system, autofocus system buy, buy autofocus system, autofocus system recommendation, recommendation autofocus system, autofocus system tips, tips autofocus system, autofocus system tutorial, tutorial autofocus system, autofocus system guide, guide autofocus system, autofocus system how to, how to autofocus system, autofocus system vs, vs autofocus system, autofocus system versus, versus autofocus system, autofocus system compared to, compared to autofocus system, autofocus system comparison, comparison autofocus system, autofocus system alternatives, alternatives autofocus system, autofocus system which is better, which is better autofocus system, autofocus system expensive, expensive autofocus system, autofocus system discount, discount autofocus system, autofocus system deals, deals autofocus system, autofocus system sale, sale autofocus system, autofocus system affordable, affordable autofocus system, autofocus system cost, cost autofocus system, autofocus system online, online autofocus system, autofocus system offline, offline autofocus system, autofocus system marketplace, marketplace autofocus system, autofocus system store, store autofocus system, autofocus system shop, shop autofocus system, autofocus system retailer, retailer autofocus system, autofocus system where to buy, where to buy autofocus system, autofocus system worst, worst autofocus system, autofocus system quality, quality autofocus system, autofocus system original, original autofocus system, autofocus system genuine, genuine autofocus system, autofocus system fake, fake autofocus system, autofocus system replica, replica autofocus system, autofocus system authentic, authentic autofocus system, autofocus system brand, brand autofocus system, autofocus system manufacturer, manufacturer autofocus system, autofocus system company, company autofocus system, autofocus system product, product autofocus system, autofocus system amd product, amd product autofocus system, autofocus system sell amd, sell amd autofocus system, autofocus system buy amd, buy amd autofocus system, autofocus system cheap amd, cheap amd autofocus system, autofocus system best amd, best amd autofocus system, autofocus system amd review, amd review autofocus system, autofocus system where to buy amd, where to buy amd autofocus system, autofocus system how to choose amd, how to choose amd autofocus system, autofocus system top amd, top amd autofocus system, autofocus system amd guide, amd guide autofocus system, autofocus system amd for sale, amd for sale autofocus system, autofocus system amd deals, amd deals autofocus system, ssd storage amd, amd ssd storage, ssd storage cheap, cheap ssd storage, ssd storage best, best ssd storage, ssd storage latest, latest ssd storage, ssd storage review, review ssd storage, ssd storage price, price ssd storage, ssd storage sell, sell ssd storage, ssd storage buy, buy ssd storage, ssd storage recommendation, recommendation ssd storage, ssd storage tips, tips ssd storage, ssd storage tutorial, tutorial ssd storage, ssd storage guide, guide ssd storage, ssd storage how to, how to ssd storage, ssd storage vs, vs ssd storage, ssd storage versus, versus ssd storage, ssd storage compared to, compared to ssd storage, ssd storage comparison, comparison ssd storage, ssd storage alternatives, alternatives ssd storage, ssd storage which is better, which is better ssd storage, ssd storage expensive, expensive ssd storage, ssd storage discount, discount ssd storage, ssd storage deals, deals ssd storage, ssd storage sale, sale ssd storage, ssd storage affordable, affordable ssd storage, ssd storage cost, cost ssd storage, ssd storage online, online ssd storage, ssd storage offline, offline ssd storage, ssd storage marketplace, marketplace ssd storage, ssd storage store, store ssd storage, ssd storage shop, shop ssd storage, ssd storage retailer, retailer ssd storage, ssd storage where to buy, where to buy ssd storage, ssd storage worst, worst ssd storage, ssd storage quality, quality ssd storage, ssd storage original, original ssd storage, ssd storage genuine, genuine ssd storage, ssd storage fake, fake ssd storage, ssd storage replica, replica ssd storage, ssd storage authentic, authentic ssd storage, ssd storage brand, brand ssd storage, ssd storage manufacturer, manufacturer ssd storage, ssd storage company, company ssd storage, ssd storage product, product ssd storage, ssd storage amd product, amd product ssd storage, ssd storage sell amd, sell amd ssd storage, ssd storage buy amd, buy amd ssd storage, ssd storage cheap amd, cheap amd ssd storage, ssd storage best amd, best amd ssd storage, ssd storage amd review, amd review ssd storage, ssd storage where to buy amd, where to buy amd ssd storage, ssd storage how to choose amd, how to choose amd ssd storage, ssd storage top amd, top amd ssd storage, ssd storage amd guide, amd guide ssd storage, ssd storage amd for sale, amd for sale ssd storage, ssd storage amd deals, amd deals ssd storage
2026-09-19 04:28:14,662 - INFO - Expanded 220 seed keywords to 385 variations
2026-09-19 04:28:14,662 - INFO - Language: en
2026-09-19 04:28:14,662 - INFO - Region: us
2026-09-19 04:32:46,750 - INFO - 🎯 After all filtering for 'amd': 119 relevant keywords
2026-09-19 04:32:48,164 - INFO - 🎯 Found 5 new keywords for niche 'amd': amd affordable autofocus system, amd affordable ssd storage, cheap alternatives autofocus system, cheap alternatives ssd storage, best authentic autofocus system
2026-09-19 04:33:04,680 - INFO - ✅ Niche 'amd' process complete! 801 total keyword results.
2026-09-19 04:33:04,680 - INFO - ✅ Completed processing niche: 'amd'
2026-09-19 04:33:04,680 - INFO - 🔧 Request Handler final stats - Success rate: 100.0%
2026-09-19 04:33:04,680 - INFO -    Total requests: 200707, Blocks: 1
2026-09-19 04:33:04,681 - INFO - 
========================================
2026-09-19 04:33:04,682 - INFO - Process Summary:
2026-09-19 04:33:04,682 - INFO - - Current niche: 'amd'
2026-09-19 04:33:04,682 - INFO - - Next niche will be: 'canon'
2026-09-19 04:33:04,682 - INFO - - Keywords saved in: languages/english/keywords/amd/
2026-09-19 04:33:04,682 - INFO - ========================================
