2026-09-10 15:45:30,695 - INFO - Log file created at: /home/runner/work/potensitech.com/potensitech.com/languages/english/keywords/logs/kw_search_20260910_154530.log
2026-09-10 15:45:30,695 - INFO - ============================================================
2026-09-10 15:45:30,695 - INFO - AUTOMATIC KEYWORD RESEARCH TOOL
2026-09-10 15:45:30,695 - INFO - ============================================================
2026-09-10 15:45:31,022 - INFO - ========================================
2026-09-10 15:45:31,022 - INFO - Found 14 niches to process: xiaomi, iphone, samsung, apple, sony, asus, philips, sandisk, intel, nvidia, amd, canon, nikon, huawei
2026-09-10 15:45:31,022 - INFO - ========================================
2026-09-10 15:45:31,022 - INFO - Continuing from last processed niche: intel
2026-09-10 15:45:31,022 - INFO - ========================================
2026-09-10 15:45:31,022 - INFO - 🎯 PROCESSING NICHE 10/14: 'nvidia'
2026-09-10 15:45:31,022 - INFO - ========================================
2026-09-10 15:45:31,022 - INFO - 📁 Niche directory: /home/runner/work/potensitech.com/potensitech.com/languages/english/keywords/nvidia
2026-09-10 15:45:31,022 - INFO - Selected region: us
2026-09-10 15:45:31,022 - INFO - Selected language: en
2026-09-10 15:45:31,022 - INFO - 🎯 Current niche: nvidia
2026-09-10 15:45:42,492 - INFO - 🎯 Niche terms for filtering: nvidia, cheap, best, latest, review, price, sell, buy, recommendation, tips, tutorial, guide, how to, vs, versus, compared to, comparison, alternatives, which is better, expensive, discount, deals, sale, affordable, cost, online, offline, marketplace, store, shop, retailer, where to buy, worst, quality, original, genuine, fake, replica, authentic, brand, manufacturer, company, product, nvidia product, sell nvidia, buy nvidia, cheap nvidia, best nvidia, nvidia review, where to buy nvidia, how to choose nvidia, top nvidia, nvidia guide, nvidia for sale, nvidia deals
2026-09-10 15:45:42,493 - INFO - Generated 50 niche-clue pairs for 'nvidia'.
2026-09-10 15:45:42,496 - INFO - Expanded 50 seed keywords to 218 variations
2026-09-10 15:45:42,497 - INFO - 🔧 Request Handler initialized - Success rate: 100.0%
2026-09-10 15:50:06,835 - INFO - Original clue keywords: smartphone performance, mobile processor
2026-09-10 15:50:06,835 - INFO - Niche-focused seeds: smartphone performance nvidia, nvidia smartphone performance, smartphone performance cheap, cheap smartphone performance, smartphone performance best, best smartphone performance, smartphone performance latest, latest smartphone performance, smartphone performance review, review smartphone performance, smartphone performance price, price smartphone performance, smartphone performance sell, sell smartphone performance, smartphone performance buy, buy smartphone performance, smartphone performance recommendation, recommendation smartphone performance, smartphone performance tips, tips smartphone performance, smartphone performance tutorial, tutorial smartphone performance, smartphone performance guide, guide smartphone performance, smartphone performance how to, how to smartphone performance, smartphone performance vs, vs smartphone performance, smartphone performance versus, versus smartphone performance, smartphone performance compared to, compared to smartphone performance, smartphone performance comparison, comparison smartphone performance, smartphone performance alternatives, alternatives smartphone performance, smartphone performance which is better, which is better smartphone performance, smartphone performance expensive, expensive smartphone performance, smartphone performance discount, discount smartphone performance, smartphone performance deals, deals smartphone performance, smartphone performance sale, sale smartphone performance, smartphone performance affordable, affordable smartphone performance, smartphone performance cost, cost smartphone performance, smartphone performance online, online smartphone performance, smartphone performance offline, offline smartphone performance, smartphone performance marketplace, marketplace smartphone performance, smartphone performance store, store smartphone performance, smartphone performance shop, shop smartphone performance, smartphone performance retailer, retailer smartphone performance, smartphone performance where to buy, where to buy smartphone performance, smartphone performance worst, worst smartphone performance, smartphone performance quality, quality smartphone performance, smartphone performance original, original smartphone performance, smartphone performance genuine, genuine smartphone performance, smartphone performance fake, fake smartphone performance, smartphone performance replica, replica smartphone performance, smartphone performance authentic, authentic smartphone performance, smartphone performance brand, brand smartphone performance, smartphone performance manufacturer, manufacturer smartphone performance, smartphone performance company, company smartphone performance, smartphone performance product, product smartphone performance, smartphone performance nvidia product, nvidia product smartphone performance, smartphone performance sell nvidia, sell nvidia smartphone performance, smartphone performance buy nvidia, buy nvidia smartphone performance, smartphone performance cheap nvidia, cheap nvidia smartphone performance, smartphone performance best nvidia, best nvidia smartphone performance, smartphone performance nvidia review, nvidia review smartphone performance, smartphone performance where to buy nvidia, where to buy nvidia smartphone performance, smartphone performance how to choose nvidia, how to choose nvidia smartphone performance, smartphone performance top nvidia, top nvidia smartphone performance, smartphone performance nvidia guide, nvidia guide smartphone performance, smartphone performance nvidia for sale, nvidia for sale smartphone performance, smartphone performance nvidia deals, nvidia deals smartphone performance, mobile processor nvidia, nvidia mobile processor, mobile processor cheap, cheap mobile processor, mobile processor best, best mobile processor, mobile processor latest, latest mobile processor, mobile processor review, review mobile processor, mobile processor price, price mobile processor, mobile processor sell, sell mobile processor, mobile processor buy, buy mobile processor, mobile processor recommendation, recommendation mobile processor, mobile processor tips, tips mobile processor, mobile processor tutorial, tutorial mobile processor, mobile processor guide, guide mobile processor, mobile processor how to, how to mobile processor, mobile processor vs, vs mobile processor, mobile processor versus, versus mobile processor, mobile processor compared to, compared to mobile processor, mobile processor comparison, comparison mobile processor, mobile processor alternatives, alternatives mobile processor, mobile processor which is better, which is better mobile processor, mobile processor expensive, expensive mobile processor, mobile processor discount, discount mobile processor, mobile processor deals, deals mobile processor, mobile processor sale, sale mobile processor, mobile processor affordable, affordable mobile processor, mobile processor cost, cost mobile processor, mobile processor online, online mobile processor, mobile processor offline, offline mobile processor, mobile processor marketplace, marketplace mobile processor, mobile processor store, store mobile processor, mobile processor shop, shop mobile processor, mobile processor retailer, retailer mobile processor, mobile processor where to buy, where to buy mobile processor, mobile processor worst, worst mobile processor, mobile processor quality, quality mobile processor, mobile processor original, original mobile processor, mobile processor genuine, genuine mobile processor, mobile processor fake, fake mobile processor, mobile processor replica, replica mobile processor, mobile processor authentic, authentic mobile processor, mobile processor brand, brand mobile processor, mobile processor manufacturer, manufacturer mobile processor, mobile processor company, company mobile processor, mobile processor product, product mobile processor, mobile processor nvidia product, nvidia product mobile processor, mobile processor sell nvidia, sell nvidia mobile processor, mobile processor buy nvidia, buy nvidia mobile processor, mobile processor cheap nvidia, cheap nvidia mobile processor, mobile processor best nvidia, best nvidia mobile processor, mobile processor nvidia review, nvidia review mobile processor, mobile processor where to buy nvidia, where to buy nvidia mobile processor, mobile processor how to choose nvidia, how to choose nvidia mobile processor, mobile processor top nvidia, top nvidia mobile processor, mobile processor nvidia guide, nvidia guide mobile processor, mobile processor nvidia for sale, nvidia for sale mobile processor, mobile processor nvidia deals, nvidia deals mobile processor
2026-09-10 15:50:06,839 - INFO - Expanded 220 seed keywords to 385 variations
2026-09-10 15:50:06,839 - INFO - Language: en
2026-09-10 15:50:06,839 - INFO - Region: us
2026-09-10 15:52:31,715 - INFO - 🎯 After all filtering for 'nvidia': 120 relevant keywords
2026-09-10 15:52:34,717 - INFO - 🎯 Found 5 new keywords for niche 'nvidia': nvidia affordable mobile processor, nvidia affordable smartphone performance, cheap alternatives mobile processor, best authentic mobile processor, how to brand mobile processor
2026-09-10 15:52:50,411 - INFO - ✅ Niche 'nvidia' process complete! 878 total keyword results.
2026-09-10 15:52:50,411 - INFO - ✅ Completed processing niche: 'nvidia'
2026-09-10 15:52:50,411 - INFO - 🔧 Request Handler final stats - Success rate: 100.0%
2026-09-10 15:52:50,411 - INFO -    Total requests: 193075, Blocks: 1
2026-09-10 15:52:50,412 - INFO - 
========================================
2026-09-10 15:52:50,413 - INFO - Process Summary:
2026-09-10 15:52:50,413 - INFO - - Current niche: 'nvidia'
2026-09-10 15:52:50,413 - INFO - - Next niche will be: 'amd'
2026-09-10 15:52:50,413 - INFO - - Keywords saved in: languages/english/keywords/nvidia/
2026-09-10 15:52:50,413 - INFO - ========================================
