2026-08-05 13:59:09,754 - INFO - Log file created at: /home/runner/work/potensitech.com/potensitech.com/languages/english/keywords/logs/kw_search_20260805_135909.log
2026-08-05 13:59:09,754 - INFO - ============================================================
2026-08-05 13:59:09,754 - INFO - AUTOMATIC KEYWORD RESEARCH TOOL
2026-08-05 13:59:09,754 - INFO - ============================================================
2026-08-05 13:59:10,020 - INFO - ========================================
2026-08-05 13:59:10,020 - INFO - Found 14 niches to process: xiaomi, iphone, samsung, apple, sony, asus, philips, sandisk, intel, nvidia, amd, canon, nikon, huawei
2026-08-05 13:59:10,020 - INFO - ========================================
2026-08-05 13:59:10,020 - INFO - Continuing from last processed niche: iphone
2026-08-05 13:59:10,020 - INFO - ========================================
2026-08-05 13:59:10,020 - INFO - 🎯 PROCESSING NICHE 3/14: 'samsung'
2026-08-05 13:59:10,020 - INFO - ========================================
2026-08-05 13:59:10,020 - INFO - 📁 Niche directory: /home/runner/work/potensitech.com/potensitech.com/languages/english/keywords/samsung
2026-08-05 13:59:10,021 - INFO - Selected region: us
2026-08-05 13:59:10,021 - INFO - Selected language: en
2026-08-05 13:59:10,021 - INFO - 🎯 Current niche: samsung
2026-08-05 13:59:10,775 - INFO - 🎯 Niche terms for filtering: samsung, cheap, best, latest, review, price, sell, buy, recommendation, tips, tutorial, guide, how to, vs, versus, compared to, comparison, alternatives, which is better, expensive, discount, deals, sale, affordable, cost, online, offline, marketplace, store, shop, retailer, where to buy, worst, quality, original, genuine, fake, replica, authentic, brand, manufacturer, company, product, samsung product, sell samsung, buy samsung, cheap samsung, best samsung, samsung review, where to buy samsung, how to choose samsung, top samsung, samsung guide, samsung for sale, samsung deals
2026-08-05 13:59:10,776 - INFO - Generated 50 niche-clue pairs for 'samsung'.
2026-08-05 13:59:10,779 - INFO - Expanded 50 seed keywords to 218 variations
2026-08-05 13:59:10,780 - INFO - 🔧 Request Handler initialized - Success rate: 100.0%
2026-08-05 14:03:36,186 - INFO - Original clue keywords: camera resolution, autofocus technology
2026-08-05 14:03:36,186 - INFO - Niche-focused seeds: camera resolution samsung, samsung camera resolution, camera resolution cheap, cheap camera resolution, camera resolution best, best camera resolution, camera resolution latest, latest camera resolution, camera resolution review, review camera resolution, camera resolution price, price camera resolution, camera resolution sell, sell camera resolution, camera resolution buy, buy camera resolution, camera resolution recommendation, recommendation camera resolution, camera resolution tips, tips camera resolution, camera resolution tutorial, tutorial camera resolution, camera resolution guide, guide camera resolution, camera resolution how to, how to camera resolution, camera resolution vs, vs camera resolution, camera resolution versus, versus camera resolution, camera resolution compared to, compared to camera resolution, camera resolution comparison, comparison camera resolution, camera resolution alternatives, alternatives camera resolution, camera resolution which is better, which is better camera resolution, camera resolution expensive, expensive camera resolution, camera resolution discount, discount camera resolution, camera resolution deals, deals camera resolution, camera resolution sale, sale camera resolution, camera resolution affordable, affordable camera resolution, camera resolution cost, cost camera resolution, camera resolution online, online camera resolution, camera resolution offline, offline camera resolution, camera resolution marketplace, marketplace camera resolution, camera resolution store, store camera resolution, camera resolution shop, shop camera resolution, camera resolution retailer, retailer camera resolution, camera resolution where to buy, where to buy camera resolution, camera resolution worst, worst camera resolution, camera resolution quality, quality camera resolution, camera resolution original, original camera resolution, camera resolution genuine, genuine camera resolution, camera resolution fake, fake camera resolution, camera resolution replica, replica camera resolution, camera resolution authentic, authentic camera resolution, camera resolution brand, brand camera resolution, camera resolution manufacturer, manufacturer camera resolution, camera resolution company, company camera resolution, camera resolution product, product camera resolution, camera resolution samsung product, samsung product camera resolution, camera resolution sell samsung, sell samsung camera resolution, camera resolution buy samsung, buy samsung camera resolution, camera resolution cheap samsung, cheap samsung camera resolution, camera resolution best samsung, best samsung camera resolution, camera resolution samsung review, samsung review camera resolution, camera resolution where to buy samsung, where to buy samsung camera resolution, camera resolution how to choose samsung, how to choose samsung camera resolution, camera resolution top samsung, top samsung camera resolution, camera resolution samsung guide, samsung guide camera resolution, camera resolution samsung for sale, samsung for sale camera resolution, camera resolution samsung deals, samsung deals camera resolution, autofocus technology samsung, samsung autofocus technology, autofocus technology cheap, cheap autofocus technology, autofocus technology best, best autofocus technology, autofocus technology latest, latest autofocus technology, autofocus technology review, review autofocus technology, autofocus technology price, price autofocus technology, autofocus technology sell, sell autofocus technology, autofocus technology buy, buy autofocus technology, autofocus technology recommendation, recommendation autofocus technology, autofocus technology tips, tips autofocus technology, autofocus technology tutorial, tutorial autofocus technology, autofocus technology guide, guide autofocus technology, autofocus technology how to, how to autofocus technology, autofocus technology vs, vs autofocus technology, autofocus technology versus, versus autofocus technology, autofocus technology compared to, compared to autofocus technology, autofocus technology comparison, comparison autofocus technology, autofocus technology alternatives, alternatives autofocus technology, autofocus technology which is better, which is better autofocus technology, autofocus technology expensive, expensive autofocus technology, autofocus technology discount, discount autofocus technology, autofocus technology deals, deals autofocus technology, autofocus technology sale, sale autofocus technology, autofocus technology affordable, affordable autofocus technology, autofocus technology cost, cost autofocus technology, autofocus technology online, online autofocus technology, autofocus technology offline, offline autofocus technology, autofocus technology marketplace, marketplace autofocus technology, autofocus technology store, store autofocus technology, autofocus technology shop, shop autofocus technology, autofocus technology retailer, retailer autofocus technology, autofocus technology where to buy, where to buy autofocus technology, autofocus technology worst, worst autofocus technology, autofocus technology quality, quality autofocus technology, autofocus technology original, original autofocus technology, autofocus technology genuine, genuine autofocus technology, autofocus technology fake, fake autofocus technology, autofocus technology replica, replica autofocus technology, autofocus technology authentic, authentic autofocus technology, autofocus technology brand, brand autofocus technology, autofocus technology manufacturer, manufacturer autofocus technology, autofocus technology company, company autofocus technology, autofocus technology product, product autofocus technology, autofocus technology samsung product, samsung product autofocus technology, autofocus technology sell samsung, sell samsung autofocus technology, autofocus technology buy samsung, buy samsung autofocus technology, autofocus technology cheap samsung, cheap samsung autofocus technology, autofocus technology best samsung, best samsung autofocus technology, autofocus technology samsung review, samsung review autofocus technology, autofocus technology where to buy samsung, where to buy samsung autofocus technology, autofocus technology how to choose samsung, how to choose samsung autofocus technology, autofocus technology top samsung, top samsung autofocus technology, autofocus technology samsung guide, samsung guide autofocus technology, autofocus technology samsung for sale, samsung for sale autofocus technology, autofocus technology samsung deals, samsung deals autofocus technology
2026-08-05 14:03:36,189 - INFO - Expanded 220 seed keywords to 385 variations
2026-08-05 14:03:36,189 - INFO - Language: en
2026-08-05 14:03:36,189 - INFO - Region: us
2026-08-05 14:04:10,337 - INFO - 🎯 After all filtering for 'samsung': 120 relevant keywords
2026-08-05 14:04:11,228 - INFO - 🎯 Found 4 new keywords for niche 'samsung': samsung affordable autofocus technology, samsung affordable camera resolution, cheap alternatives camera resolution, best authentic camera resolution
2026-08-05 14:04:11,680 - INFO - ✅ Niche 'samsung' process complete! 596 total keyword results.
2026-08-05 14:04:11,680 - INFO - ✅ Completed processing niche: 'samsung'
2026-08-05 14:04:11,680 - INFO - 🔧 Request Handler final stats - Success rate: 100.0%
2026-08-05 14:04:11,680 - INFO -    Total requests: 164974, Blocks: 1
2026-08-05 14:04:11,681 - INFO - 
========================================
2026-08-05 14:04:11,681 - INFO - Process Summary:
2026-08-05 14:04:11,681 - INFO - - Current niche: 'samsung'
2026-08-05 14:04:11,681 - INFO - - Next niche will be: 'apple'
2026-08-05 14:04:11,681 - INFO - - Keywords saved in: languages/english/keywords/samsung/
2026-08-05 14:04:11,682 - INFO - ========================================
