2026-08-24 12:40:31,523 - INFO - Log file created at: /home/runner/work/potensitech.com/potensitech.com/languages/english/keywords/logs/kw_search_20260824_124031.log
2026-08-24 12:40:31,523 - INFO - ============================================================
2026-08-24 12:40:31,523 - INFO - AUTOMATIC KEYWORD RESEARCH TOOL
2026-08-24 12:40:31,523 - INFO - ============================================================
2026-08-24 12:40:31,827 - INFO - ========================================
2026-08-24 12:40:31,827 - INFO - Found 14 niches to process: xiaomi, iphone, samsung, apple, sony, asus, philips, sandisk, intel, nvidia, amd, canon, nikon, huawei
2026-08-24 12:40:31,827 - INFO - ========================================
2026-08-24 12:40:31,828 - INFO - Continuing from last processed niche: sandisk
2026-08-24 12:40:31,828 - INFO - ========================================
2026-08-24 12:40:31,828 - INFO - 🎯 PROCESSING NICHE 9/14: 'intel'
2026-08-24 12:40:31,828 - INFO - ========================================
2026-08-24 12:40:31,828 - INFO - 📁 Niche directory: /home/runner/work/potensitech.com/potensitech.com/languages/english/keywords/intel
2026-08-24 12:40:31,828 - INFO - Selected region: us
2026-08-24 12:40:31,828 - INFO - Selected language: en
2026-08-24 12:40:31,828 - INFO - 🎯 Current niche: intel
2026-08-24 12:40:43,063 - INFO - 🎯 Niche terms for filtering: intel, cheap, best, latest, review, price, sell, buy, recommendation, tips, tutorial, guide, how to, vs, versus, compared to, comparison, alternatives, which is better, expensive, discount, deals, sale, affordable, cost, online, offline, marketplace, store, shop, retailer, where to buy, worst, quality, original, genuine, fake, replica, authentic, brand, manufacturer, company, product, intel product, sell intel, buy intel, cheap intel, best intel, intel review, where to buy intel, how to choose intel, top intel, intel guide, intel for sale, intel deals
2026-08-24 12:40:43,064 - INFO - Generated 50 niche-clue pairs for 'intel'.
2026-08-24 12:40:43,067 - INFO - Expanded 50 seed keywords to 218 variations
2026-08-24 12:40:43,067 - INFO - 🔧 Request Handler initialized - Success rate: 100.0%
2026-08-24 12:45:06,203 - INFO - Original clue keywords: camera lens, mirrorless technology
2026-08-24 12:45:06,204 - INFO - Niche-focused seeds: camera lens intel, intel camera lens, camera lens cheap, cheap camera lens, camera lens best, best camera lens, camera lens latest, latest camera lens, camera lens review, review camera lens, camera lens price, price camera lens, camera lens sell, sell camera lens, camera lens buy, buy camera lens, camera lens recommendation, recommendation camera lens, camera lens tips, tips camera lens, camera lens tutorial, tutorial camera lens, camera lens guide, guide camera lens, camera lens how to, how to camera lens, camera lens vs, vs camera lens, camera lens versus, versus camera lens, camera lens compared to, compared to camera lens, camera lens comparison, comparison camera lens, camera lens alternatives, alternatives camera lens, camera lens which is better, which is better camera lens, camera lens expensive, expensive camera lens, camera lens discount, discount camera lens, camera lens deals, deals camera lens, camera lens sale, sale camera lens, camera lens affordable, affordable camera lens, camera lens cost, cost camera lens, camera lens online, online camera lens, camera lens offline, offline camera lens, camera lens marketplace, marketplace camera lens, camera lens store, store camera lens, camera lens shop, shop camera lens, camera lens retailer, retailer camera lens, camera lens where to buy, where to buy camera lens, camera lens worst, worst camera lens, camera lens quality, quality camera lens, camera lens original, original camera lens, camera lens genuine, genuine camera lens, camera lens fake, fake camera lens, camera lens replica, replica camera lens, camera lens authentic, authentic camera lens, camera lens brand, brand camera lens, camera lens manufacturer, manufacturer camera lens, camera lens company, company camera lens, camera lens product, product camera lens, camera lens intel product, intel product camera lens, camera lens sell intel, sell intel camera lens, camera lens buy intel, buy intel camera lens, camera lens cheap intel, cheap intel camera lens, camera lens best intel, best intel camera lens, camera lens intel review, intel review camera lens, camera lens where to buy intel, where to buy intel camera lens, camera lens how to choose intel, how to choose intel camera lens, camera lens top intel, top intel camera lens, camera lens intel guide, intel guide camera lens, camera lens intel for sale, intel for sale camera lens, camera lens intel deals, intel deals camera lens, mirrorless technology intel, intel mirrorless technology, mirrorless technology cheap, cheap mirrorless technology, mirrorless technology best, best mirrorless technology, mirrorless technology latest, latest mirrorless technology, mirrorless technology review, review mirrorless technology, mirrorless technology price, price mirrorless technology, mirrorless technology sell, sell mirrorless technology, mirrorless technology buy, buy mirrorless technology, mirrorless technology recommendation, recommendation mirrorless technology, mirrorless technology tips, tips mirrorless technology, mirrorless technology tutorial, tutorial mirrorless technology, mirrorless technology guide, guide mirrorless technology, mirrorless technology how to, how to mirrorless technology, mirrorless technology vs, vs mirrorless technology, mirrorless technology versus, versus mirrorless technology, mirrorless technology compared to, compared to mirrorless technology, mirrorless technology comparison, comparison mirrorless technology, mirrorless technology alternatives, alternatives mirrorless technology, mirrorless technology which is better, which is better mirrorless technology, mirrorless technology expensive, expensive mirrorless technology, mirrorless technology discount, discount mirrorless technology, mirrorless technology deals, deals mirrorless technology, mirrorless technology sale, sale mirrorless technology, mirrorless technology affordable, affordable mirrorless technology, mirrorless technology cost, cost mirrorless technology, mirrorless technology online, online mirrorless technology, mirrorless technology offline, offline mirrorless technology, mirrorless technology marketplace, marketplace mirrorless technology, mirrorless technology store, store mirrorless technology, mirrorless technology shop, shop mirrorless technology, mirrorless technology retailer, retailer mirrorless technology, mirrorless technology where to buy, where to buy mirrorless technology, mirrorless technology worst, worst mirrorless technology, mirrorless technology quality, quality mirrorless technology, mirrorless technology original, original mirrorless technology, mirrorless technology genuine, genuine mirrorless technology, mirrorless technology fake, fake mirrorless technology, mirrorless technology replica, replica mirrorless technology, mirrorless technology authentic, authentic mirrorless technology, mirrorless technology brand, brand mirrorless technology, mirrorless technology manufacturer, manufacturer mirrorless technology, mirrorless technology company, company mirrorless technology, mirrorless technology product, product mirrorless technology, mirrorless technology intel product, intel product mirrorless technology, mirrorless technology sell intel, sell intel mirrorless technology, mirrorless technology buy intel, buy intel mirrorless technology, mirrorless technology cheap intel, cheap intel mirrorless technology, mirrorless technology best intel, best intel mirrorless technology, mirrorless technology intel review, intel review mirrorless technology, mirrorless technology where to buy intel, where to buy intel mirrorless technology, mirrorless technology how to choose intel, how to choose intel mirrorless technology, mirrorless technology top intel, top intel mirrorless technology, mirrorless technology intel guide, intel guide mirrorless technology, mirrorless technology intel for sale, intel for sale mirrorless technology, mirrorless technology intel deals, intel deals mirrorless technology
2026-08-24 12:45:06,207 - INFO - Expanded 220 seed keywords to 385 variations
2026-08-24 12:45:06,207 - INFO - Language: en
2026-08-24 12:45:06,207 - INFO - Region: us
2026-08-24 12:49:42,665 - INFO - 🎯 After all filtering for 'intel': 120 relevant keywords
2026-08-24 12:49:44,461 - INFO - 🎯 Found 5 new keywords for niche 'intel': intel affordable camera lens, intel affordable mirrorless technology, cheap alternatives camera lens, cheap alternatives mirrorless technology, best authentic camera lens
2026-08-24 12:50:00,391 - INFO - ✅ Niche 'intel' process complete! 1006 total keyword results.
2026-08-24 12:50:00,391 - INFO - ✅ Completed processing niche: 'intel'
2026-08-24 12:50:00,392 - INFO - 🔧 Request Handler final stats - Success rate: 100.0%
2026-08-24 12:50:00,392 - INFO -    Total requests: 179321, Blocks: 1
2026-08-24 12:50:00,393 - INFO - 
========================================
2026-08-24 12:50:00,393 - INFO - Process Summary:
2026-08-24 12:50:00,393 - INFO - - Current niche: 'intel'
2026-08-24 12:50:00,393 - INFO - - Next niche will be: 'nvidia'
2026-08-24 12:50:00,393 - INFO - - Keywords saved in: languages/english/keywords/intel/
2026-08-24 12:50:00,394 - INFO - ========================================
