2026-09-27 23:56:32,235 - INFO - Log file created at: /home/runner/work/potensitech.com/potensitech.com/languages/english/keywords/logs/kw_search_20260927_235632.log
2026-09-27 23:56:32,235 - INFO - ============================================================
2026-09-27 23:56:32,235 - INFO - AUTOMATIC KEYWORD RESEARCH TOOL
2026-09-27 23:56:32,235 - INFO - ============================================================
2026-09-27 23:56:32,698 - INFO - ========================================
2026-09-27 23:56:32,698 - INFO - Found 14 niches to process: xiaomi, iphone, samsung, apple, sony, asus, philips, sandisk, intel, nvidia, amd, canon, nikon, huawei
2026-09-27 23:56:32,698 - INFO - ========================================
2026-09-27 23:56:32,698 - INFO - Continuing from last processed niche: xiaomi
2026-09-27 23:56:32,699 - INFO - ========================================
2026-09-27 23:56:32,699 - INFO - 🎯 PROCESSING NICHE 2/14: 'iphone'
2026-09-27 23:56:32,699 - INFO - ========================================
2026-09-27 23:56:32,699 - INFO - 📁 Niche directory: /home/runner/work/potensitech.com/potensitech.com/languages/english/keywords/iphone
2026-09-27 23:56:32,699 - INFO - Selected region: us
2026-09-27 23:56:32,699 - INFO - Selected language: en
2026-09-27 23:56:32,699 - INFO - 🎯 Current niche: iphone
2026-09-27 23:56:43,565 - INFO - 🎯 Niche terms for filtering: iphone, cheap, best, latest, review, price, sell, buy, recommendation, tips, tutorial, guide, how to, vs, versus, compared to, comparison, alternatives, which is better, expensive, discount, deals, sale, affordable, cost, online, offline, marketplace, store, shop, retailer, where to buy, worst, quality, original, genuine, fake, replica, authentic, brand, manufacturer, company, product, iphone product, sell iphone, buy iphone, cheap iphone, best iphone, iphone review, where to buy iphone, how to choose iphone, top iphone, iphone guide, iphone for sale, iphone deals
2026-09-27 23:56:43,565 - INFO - Generated 50 niche-clue pairs for 'iphone'.
2026-09-27 23:56:43,568 - INFO - Expanded 50 seed keywords to 218 variations
2026-09-27 23:56:43,569 - INFO - 🔧 Request Handler initialized - Success rate: 100.0%
2026-09-28 00:01:07,131 - INFO - Original clue keywords: usb storage, smartphone battery
2026-09-28 00:01:07,131 - INFO - Niche-focused seeds: usb storage iphone, iphone usb storage, usb storage cheap, cheap usb storage, usb storage best, best usb storage, usb storage latest, latest usb storage, usb storage review, review usb storage, usb storage price, price usb storage, usb storage sell, sell usb storage, usb storage buy, buy usb storage, usb storage recommendation, recommendation usb storage, usb storage tips, tips usb storage, usb storage tutorial, tutorial usb storage, usb storage guide, guide usb storage, usb storage how to, how to usb storage, usb storage vs, vs usb storage, usb storage versus, versus usb storage, usb storage compared to, compared to usb storage, usb storage comparison, comparison usb storage, usb storage alternatives, alternatives usb storage, usb storage which is better, which is better usb storage, usb storage expensive, expensive usb storage, usb storage discount, discount usb storage, usb storage deals, deals usb storage, usb storage sale, sale usb storage, usb storage affordable, affordable usb storage, usb storage cost, cost usb storage, usb storage online, online usb storage, usb storage offline, offline usb storage, usb storage marketplace, marketplace usb storage, usb storage store, store usb storage, usb storage shop, shop usb storage, usb storage retailer, retailer usb storage, usb storage where to buy, where to buy usb storage, usb storage worst, worst usb storage, usb storage quality, quality usb storage, usb storage original, original usb storage, usb storage genuine, genuine usb storage, usb storage fake, fake usb storage, usb storage replica, replica usb storage, usb storage authentic, authentic usb storage, usb storage brand, brand usb storage, usb storage manufacturer, manufacturer usb storage, usb storage company, company usb storage, usb storage product, product usb storage, usb storage iphone product, iphone product usb storage, usb storage sell iphone, sell iphone usb storage, usb storage buy iphone, buy iphone usb storage, usb storage cheap iphone, cheap iphone usb storage, usb storage best iphone, best iphone usb storage, usb storage iphone review, iphone review usb storage, usb storage where to buy iphone, where to buy iphone usb storage, usb storage how to choose iphone, how to choose iphone usb storage, usb storage top iphone, top iphone usb storage, usb storage iphone guide, iphone guide usb storage, usb storage iphone for sale, iphone for sale usb storage, usb storage iphone deals, iphone deals usb storage, smartphone battery iphone, iphone smartphone battery, smartphone battery cheap, cheap smartphone battery, smartphone battery best, best smartphone battery, smartphone battery latest, latest smartphone battery, smartphone battery review, review smartphone battery, smartphone battery price, price smartphone battery, smartphone battery sell, sell smartphone battery, smartphone battery buy, buy smartphone battery, smartphone battery recommendation, recommendation smartphone battery, smartphone battery tips, tips smartphone battery, smartphone battery tutorial, tutorial smartphone battery, smartphone battery guide, guide smartphone battery, smartphone battery how to, how to smartphone battery, smartphone battery vs, vs smartphone battery, smartphone battery versus, versus smartphone battery, smartphone battery compared to, compared to smartphone battery, smartphone battery comparison, comparison smartphone battery, smartphone battery alternatives, alternatives smartphone battery, smartphone battery which is better, which is better smartphone battery, smartphone battery expensive, expensive smartphone battery, smartphone battery discount, discount smartphone battery, smartphone battery deals, deals smartphone battery, smartphone battery sale, sale smartphone battery, smartphone battery affordable, affordable smartphone battery, smartphone battery cost, cost smartphone battery, smartphone battery online, online smartphone battery, smartphone battery offline, offline smartphone battery, smartphone battery marketplace, marketplace smartphone battery, smartphone battery store, store smartphone battery, smartphone battery shop, shop smartphone battery, smartphone battery retailer, retailer smartphone battery, smartphone battery where to buy, where to buy smartphone battery, smartphone battery worst, worst smartphone battery, smartphone battery quality, quality smartphone battery, smartphone battery original, original smartphone battery, smartphone battery genuine, genuine smartphone battery, smartphone battery fake, fake smartphone battery, smartphone battery replica, replica smartphone battery, smartphone battery authentic, authentic smartphone battery, smartphone battery brand, brand smartphone battery, smartphone battery manufacturer, manufacturer smartphone battery, smartphone battery company, company smartphone battery, smartphone battery product, product smartphone battery, smartphone battery iphone product, iphone product smartphone battery, smartphone battery sell iphone, sell iphone smartphone battery, smartphone battery buy iphone, buy iphone smartphone battery, smartphone battery cheap iphone, cheap iphone smartphone battery, smartphone battery best iphone, best iphone smartphone battery, smartphone battery iphone review, iphone review smartphone battery, smartphone battery where to buy iphone, where to buy iphone smartphone battery, smartphone battery how to choose iphone, how to choose iphone smartphone battery, smartphone battery top iphone, top iphone smartphone battery, smartphone battery iphone guide, iphone guide smartphone battery, smartphone battery iphone for sale, iphone for sale smartphone battery, smartphone battery iphone deals, iphone deals smartphone battery
2026-09-28 00:01:07,134 - INFO - Expanded 220 seed keywords to 385 variations
2026-09-28 00:01:07,134 - INFO - Language: en
2026-09-28 00:01:07,134 - INFO - Region: us
2026-09-28 00:03:22,213 - INFO - 🎯 After all filtering for 'iphone': 120 relevant keywords
2026-09-28 00:03:24,277 - INFO - 🎯 Found 4 new keywords for niche 'iphone': iphone affordable smartphone battery, iphone affordable usb storage, alternatives usb storage cheap, best authentic usb storage
2026-09-28 00:03:40,401 - INFO - ✅ Niche 'iphone' process complete! 906 total keyword results.
2026-09-28 00:03:40,401 - INFO - ✅ Completed processing niche: 'iphone'
2026-09-28 00:03:40,401 - INFO - 🔧 Request Handler final stats - Success rate: 100.0%
2026-09-28 00:03:40,401 - INFO -    Total requests: 208119, Blocks: 1
2026-09-28 00:03:40,402 - INFO - 
========================================
2026-09-28 00:03:40,403 - INFO - Process Summary:
2026-09-28 00:03:40,403 - INFO - - Current niche: 'iphone'
2026-09-28 00:03:40,403 - INFO - - Next niche will be: 'samsung'
2026-09-28 00:03:40,403 - INFO - - Keywords saved in: languages/english/keywords/iphone/
2026-09-28 00:03:40,403 - INFO - ========================================
