2026-09-11 21:42:33,923 - INFO - Log file created at: /home/runner/work/potensitech.com/potensitech.com/languages/english/keywords/logs/kw_search_20260911_214233.log
2026-09-11 21:42:33,924 - INFO - ============================================================
2026-09-11 21:42:33,924 - INFO - AUTOMATIC KEYWORD RESEARCH TOOL
2026-09-11 21:42:33,924 - INFO - ============================================================
2026-09-11 21:42:34,193 - INFO - ========================================
2026-09-11 21:42:34,193 - INFO - Found 14 niches to process: xiaomi, iphone, samsung, apple, sony, asus, philips, sandisk, intel, nvidia, amd, canon, nikon, huawei
2026-09-11 21:42:34,193 - INFO - ========================================
2026-09-11 21:42:34,193 - INFO - Continuing from last processed niche: sandisk
2026-09-11 21:42:34,193 - INFO - ========================================
2026-09-11 21:42:34,194 - INFO - 🎯 PROCESSING NICHE 9/14: 'intel'
2026-09-11 21:42:34,194 - INFO - ========================================
2026-09-11 21:42:34,194 - INFO - 📁 Niche directory: /home/runner/work/potensitech.com/potensitech.com/languages/english/keywords/intel
2026-09-11 21:42:34,194 - INFO - Selected region: us
2026-09-11 21:42:34,194 - INFO - Selected language: en
2026-09-11 21:42:34,194 - INFO - 🎯 Current niche: intel
2026-09-11 21:42:45,870 - INFO - 🎯 Niche terms for filtering: intel, cheap, best, latest, review, price, sell, buy, recommendation, tips, tutorial, guide, how to, vs, versus, compared to, comparison, alternatives, which is better, expensive, discount, deals, sale, affordable, cost, online, offline, marketplace, store, shop, retailer, where to buy, worst, quality, original, genuine, fake, replica, authentic, brand, manufacturer, company, product, intel product, sell intel, buy intel, cheap intel, best intel, intel review, where to buy intel, how to choose intel, top intel, intel guide, intel for sale, intel deals
2026-09-11 21:42:45,871 - INFO - Generated 50 niche-clue pairs for 'intel'.
2026-09-11 21:42:45,872 - INFO - Expanded 50 seed keywords to 218 variations
2026-09-11 21:42:45,873 - INFO - 🔧 Request Handler initialized - Success rate: 100.0%
2026-09-11 21:47:10,109 - INFO - Original clue keywords: mobile processor, gaming phone
2026-09-11 21:47:10,109 - INFO - Niche-focused seeds: mobile processor intel, intel mobile processor, mobile processor cheap, cheap mobile processor, mobile processor best, best mobile processor, mobile processor latest, latest mobile processor, mobile processor review, review mobile processor, mobile processor price, price mobile processor, mobile processor sell, sell mobile processor, mobile processor buy, buy mobile processor, mobile processor recommendation, recommendation mobile processor, mobile processor tips, tips mobile processor, mobile processor tutorial, tutorial mobile processor, mobile processor guide, guide mobile processor, mobile processor how to, how to mobile processor, mobile processor vs, vs mobile processor, mobile processor versus, versus mobile processor, mobile processor compared to, compared to mobile processor, mobile processor comparison, comparison mobile processor, mobile processor alternatives, alternatives mobile processor, mobile processor which is better, which is better mobile processor, mobile processor expensive, expensive mobile processor, mobile processor discount, discount mobile processor, mobile processor deals, deals mobile processor, mobile processor sale, sale mobile processor, mobile processor affordable, affordable mobile processor, mobile processor cost, cost mobile processor, mobile processor online, online mobile processor, mobile processor offline, offline mobile processor, mobile processor marketplace, marketplace mobile processor, mobile processor store, store mobile processor, mobile processor shop, shop mobile processor, mobile processor retailer, retailer mobile processor, mobile processor where to buy, where to buy mobile processor, mobile processor worst, worst mobile processor, mobile processor quality, quality mobile processor, mobile processor original, original mobile processor, mobile processor genuine, genuine mobile processor, mobile processor fake, fake mobile processor, mobile processor replica, replica mobile processor, mobile processor authentic, authentic mobile processor, mobile processor brand, brand mobile processor, mobile processor manufacturer, manufacturer mobile processor, mobile processor company, company mobile processor, mobile processor product, product mobile processor, mobile processor intel product, intel product mobile processor, mobile processor sell intel, sell intel mobile processor, mobile processor buy intel, buy intel mobile processor, mobile processor cheap intel, cheap intel mobile processor, mobile processor best intel, best intel mobile processor, mobile processor intel review, intel review mobile processor, mobile processor where to buy intel, where to buy intel mobile processor, mobile processor how to choose intel, how to choose intel mobile processor, mobile processor top intel, top intel mobile processor, mobile processor intel guide, intel guide mobile processor, mobile processor intel for sale, intel for sale mobile processor, mobile processor intel deals, intel deals mobile processor, gaming phone intel, intel gaming phone, gaming phone cheap, cheap gaming phone, gaming phone best, best gaming phone, gaming phone latest, latest gaming phone, gaming phone review, review gaming phone, gaming phone price, price gaming phone, gaming phone sell, sell gaming phone, gaming phone buy, buy gaming phone, gaming phone recommendation, recommendation gaming phone, gaming phone tips, tips gaming phone, gaming phone tutorial, tutorial gaming phone, gaming phone guide, guide gaming phone, gaming phone how to, how to gaming phone, gaming phone vs, vs gaming phone, gaming phone versus, versus gaming phone, gaming phone compared to, compared to gaming phone, gaming phone comparison, comparison gaming phone, gaming phone alternatives, alternatives gaming phone, gaming phone which is better, which is better gaming phone, gaming phone expensive, expensive gaming phone, gaming phone discount, discount gaming phone, gaming phone deals, deals gaming phone, gaming phone sale, sale gaming phone, gaming phone affordable, affordable gaming phone, gaming phone cost, cost gaming phone, gaming phone online, online gaming phone, gaming phone offline, offline gaming phone, gaming phone marketplace, marketplace gaming phone, gaming phone store, store gaming phone, gaming phone shop, shop gaming phone, gaming phone retailer, retailer gaming phone, gaming phone where to buy, where to buy gaming phone, gaming phone worst, worst gaming phone, gaming phone quality, quality gaming phone, gaming phone original, original gaming phone, gaming phone genuine, genuine gaming phone, gaming phone fake, fake gaming phone, gaming phone replica, replica gaming phone, gaming phone authentic, authentic gaming phone, gaming phone brand, brand gaming phone, gaming phone manufacturer, manufacturer gaming phone, gaming phone company, company gaming phone, gaming phone product, product gaming phone, gaming phone intel product, intel product gaming phone, gaming phone sell intel, sell intel gaming phone, gaming phone buy intel, buy intel gaming phone, gaming phone cheap intel, cheap intel gaming phone, gaming phone best intel, best intel gaming phone, gaming phone intel review, intel review gaming phone, gaming phone where to buy intel, where to buy intel gaming phone, gaming phone how to choose intel, how to choose intel gaming phone, gaming phone top intel, top intel gaming phone, gaming phone intel guide, intel guide gaming phone, gaming phone intel for sale, intel for sale gaming phone, gaming phone intel deals, intel deals gaming phone
2026-09-11 21:47:10,111 - INFO - Expanded 220 seed keywords to 385 variations
2026-09-11 21:47:10,111 - INFO - Language: en
2026-09-11 21:47:10,111 - INFO - Region: us
2026-09-11 21:49:36,539 - INFO - 🎯 After all filtering for 'intel': 120 relevant keywords
2026-09-11 21:49:39,216 - INFO - 🎯 Found 4 new keywords for niche 'intel': intel affordable gaming phone, intel affordable mobile processor, cheap alternatives gaming phone, best authentic gaming phone
2026-09-11 21:49:55,202 - INFO - ✅ Niche 'intel' process complete! 1029 total keyword results.
2026-09-11 21:49:55,202 - INFO - ✅ Completed processing niche: 'intel'
2026-09-11 21:49:55,203 - INFO - 🔧 Request Handler final stats - Success rate: 100.0%
2026-09-11 21:49:55,203 - INFO -    Total requests: 194173, Blocks: 1
2026-09-11 21:49:55,203 - INFO - 
========================================
2026-09-11 21:49:55,204 - INFO - Process Summary:
2026-09-11 21:49:55,204 - INFO - - Current niche: 'intel'
2026-09-11 21:49:55,204 - INFO - - Next niche will be: 'nvidia'
2026-09-11 21:49:55,204 - INFO - - Keywords saved in: languages/english/keywords/intel/
2026-09-11 21:49:55,204 - INFO - ========================================
