2026-08-20 12:38:45,660 - INFO - Log file created at: /home/runner/work/potensitech.com/potensitech.com/languages/english/keywords/logs/kw_search_20260820_123845.log
2026-08-20 12:38:45,660 - INFO - ============================================================
2026-08-20 12:38:45,660 - INFO - AUTOMATIC KEYWORD RESEARCH TOOL
2026-08-20 12:38:45,661 - INFO - ============================================================
2026-08-20 12:38:45,968 - INFO - ========================================
2026-08-20 12:38:45,968 - INFO - Found 14 niches to process: xiaomi, iphone, samsung, apple, sony, asus, philips, sandisk, intel, nvidia, amd, canon, nikon, huawei
2026-08-20 12:38:45,968 - INFO - ========================================
2026-08-20 12:38:45,968 - INFO - Continuing from last processed niche: nvidia
2026-08-20 12:38:45,968 - INFO - ========================================
2026-08-20 12:38:45,968 - INFO - 🎯 PROCESSING NICHE 11/14: 'amd'
2026-08-20 12:38:45,968 - INFO - ========================================
2026-08-20 12:38:45,968 - INFO - 📁 Niche directory: /home/runner/work/potensitech.com/potensitech.com/languages/english/keywords/amd
2026-08-20 12:38:45,969 - INFO - Selected region: us
2026-08-20 12:38:45,969 - INFO - Selected language: en
2026-08-20 12:38:45,969 - INFO - 🎯 Current niche: amd
2026-08-20 12:38:46,767 - INFO - 🎯 Niche terms for filtering: amd, cheap, best, latest, review, price, sell, buy, recommendation, tips, tutorial, guide, how to, vs, versus, compared to, comparison, alternatives, which is better, expensive, discount, deals, sale, affordable, cost, online, offline, marketplace, store, shop, retailer, where to buy, worst, quality, original, genuine, fake, replica, authentic, brand, manufacturer, company, product, amd product, sell amd, buy amd, cheap amd, best amd, amd review, where to buy amd, how to choose amd, top amd, amd guide, amd for sale, amd deals
2026-08-20 12:38:46,767 - INFO - Generated 50 niche-clue pairs for 'amd'.
2026-08-20 12:38:46,770 - INFO - Expanded 50 seed keywords to 218 variations
2026-08-20 12:38:46,778 - INFO - 🔧 Request Handler initialized - Success rate: 100.0%
2026-08-20 12:43:14,165 - INFO - Original clue keywords: megapixels, autofocus
2026-08-20 12:43:14,165 - INFO - Niche-focused seeds: megapixels amd, amd megapixels, megapixels cheap, cheap megapixels, megapixels best, best megapixels, megapixels latest, latest megapixels, megapixels review, review megapixels, megapixels price, price megapixels, megapixels sell, sell megapixels, megapixels buy, buy megapixels, megapixels recommendation, recommendation megapixels, megapixels tips, tips megapixels, megapixels tutorial, tutorial megapixels, megapixels guide, guide megapixels, megapixels how to, how to megapixels, megapixels vs, vs megapixels, megapixels versus, versus megapixels, megapixels compared to, compared to megapixels, megapixels comparison, comparison megapixels, megapixels alternatives, alternatives megapixels, megapixels which is better, which is better megapixels, megapixels expensive, expensive megapixels, megapixels discount, discount megapixels, megapixels deals, deals megapixels, megapixels sale, sale megapixels, megapixels affordable, affordable megapixels, megapixels cost, cost megapixels, megapixels online, online megapixels, megapixels offline, offline megapixels, megapixels marketplace, marketplace megapixels, megapixels store, store megapixels, megapixels shop, shop megapixels, megapixels retailer, retailer megapixels, megapixels where to buy, where to buy megapixels, megapixels worst, worst megapixels, megapixels quality, quality megapixels, megapixels original, original megapixels, megapixels genuine, genuine megapixels, megapixels fake, fake megapixels, megapixels replica, replica megapixels, megapixels authentic, authentic megapixels, megapixels brand, brand megapixels, megapixels manufacturer, manufacturer megapixels, megapixels company, company megapixels, megapixels product, product megapixels, megapixels amd product, amd product megapixels, megapixels sell amd, sell amd megapixels, megapixels buy amd, buy amd megapixels, megapixels cheap amd, cheap amd megapixels, megapixels best amd, best amd megapixels, megapixels amd review, amd review megapixels, megapixels where to buy amd, where to buy amd megapixels, megapixels how to choose amd, how to choose amd megapixels, megapixels top amd, top amd megapixels, megapixels amd guide, amd guide megapixels, megapixels amd for sale, amd for sale megapixels, megapixels amd deals, amd deals megapixels, autofocus amd, amd autofocus, autofocus cheap, cheap autofocus, autofocus best, best autofocus, autofocus latest, latest autofocus, autofocus review, review autofocus, autofocus price, price autofocus, autofocus sell, sell autofocus, autofocus buy, buy autofocus, autofocus recommendation, recommendation autofocus, autofocus tips, tips autofocus, autofocus tutorial, tutorial autofocus, autofocus guide, guide autofocus, autofocus how to, how to autofocus, autofocus vs, vs autofocus, autofocus versus, versus autofocus, autofocus compared to, compared to autofocus, autofocus comparison, comparison autofocus, autofocus alternatives, alternatives autofocus, autofocus which is better, which is better autofocus, autofocus expensive, expensive autofocus, autofocus discount, discount autofocus, autofocus deals, deals autofocus, autofocus sale, sale autofocus, autofocus affordable, affordable autofocus, autofocus cost, cost autofocus, autofocus online, online autofocus, autofocus offline, offline autofocus, autofocus marketplace, marketplace autofocus, autofocus store, store autofocus, autofocus shop, shop autofocus, autofocus retailer, retailer autofocus, autofocus where to buy, where to buy autofocus, autofocus worst, worst autofocus, autofocus quality, quality autofocus, autofocus original, original autofocus, autofocus genuine, genuine autofocus, autofocus fake, fake autofocus, autofocus replica, replica autofocus, autofocus authentic, authentic autofocus, autofocus brand, brand autofocus, autofocus manufacturer, manufacturer autofocus, autofocus company, company autofocus, autofocus product, product autofocus, autofocus amd product, amd product autofocus, autofocus sell amd, sell amd autofocus, autofocus buy amd, buy amd autofocus, autofocus cheap amd, cheap amd autofocus, autofocus best amd, best amd autofocus, autofocus amd review, amd review autofocus, autofocus where to buy amd, where to buy amd autofocus, autofocus how to choose amd, how to choose amd autofocus, autofocus top amd, top amd autofocus, autofocus amd guide, amd guide autofocus, autofocus amd for sale, amd for sale autofocus, autofocus amd deals, amd deals autofocus
2026-08-20 12:43:14,169 - INFO - Expanded 220 seed keywords to 385 variations
2026-08-20 12:43:14,169 - INFO - Language: en
2026-08-20 12:43:14,169 - INFO - Region: us
2026-08-20 12:47:43,171 - INFO - 🎯 After all filtering for 'amd': 119 relevant keywords
2026-08-20 12:47:43,426 - INFO - 🎯 Found 5 new keywords for niche 'amd': amd affordable autofocus, cheap affordable autofocus, best affordable autofocus, how to affordable autofocus, amd affordable megapixels
2026-08-20 12:47:43,925 - INFO - ✅ Niche 'amd' process complete! 763 total keyword results.
2026-08-20 12:47:43,925 - INFO - ✅ Completed processing niche: 'amd'
2026-08-20 12:47:43,925 - INFO - 🔧 Request Handler final stats - Success rate: 100.0%
2026-08-20 12:47:43,926 - INFO -    Total requests: 176373, Blocks: 1
2026-08-20 12:47:43,926 - INFO - 
========================================
2026-08-20 12:47:43,927 - INFO - Process Summary:
2026-08-20 12:47:43,927 - INFO - - Current niche: 'amd'
2026-08-20 12:47:43,927 - INFO - - Next niche will be: 'canon'
2026-08-20 12:47:43,927 - INFO - - Keywords saved in: languages/english/keywords/amd/
2026-08-20 12:47:43,927 - INFO - ========================================
