2026-09-04 15:40:56,729 - INFO - Log file created at: /home/runner/work/potensitech.com/potensitech.com/languages/english/keywords/logs/kw_search_20260904_154056.log
2026-09-04 15:40:56,729 - INFO - ============================================================
2026-09-04 15:40:56,729 - INFO - AUTOMATIC KEYWORD RESEARCH TOOL
2026-09-04 15:40:56,729 - INFO - ============================================================
2026-09-04 15:40:57,090 - INFO - ========================================
2026-09-04 15:40:57,090 - INFO - Found 14 niches to process: xiaomi, iphone, samsung, apple, sony, asus, philips, sandisk, intel, nvidia, amd, canon, nikon, huawei
2026-09-04 15:40:57,090 - INFO - ========================================
2026-09-04 15:40:57,090 - INFO - Continuing from last processed niche: sony
2026-09-04 15:40:57,090 - INFO - ========================================
2026-09-04 15:40:57,090 - INFO - 🎯 PROCESSING NICHE 6/14: 'asus'
2026-09-04 15:40:57,090 - INFO - ========================================
2026-09-04 15:40:57,090 - INFO - 📁 Niche directory: /home/runner/work/potensitech.com/potensitech.com/languages/english/keywords/asus
2026-09-04 15:40:57,090 - INFO - Selected region: us
2026-09-04 15:40:57,090 - INFO - Selected language: en
2026-09-04 15:40:57,090 - INFO - 🎯 Current niche: asus
2026-09-04 15:41:08,161 - INFO - 🎯 Niche terms for filtering: asus, cheap, best, latest, review, price, sell, buy, recommendation, tips, tutorial, guide, how to, vs, versus, compared to, comparison, alternatives, which is better, expensive, discount, deals, sale, affordable, cost, online, offline, marketplace, store, shop, retailer, where to buy, worst, quality, original, genuine, fake, replica, authentic, brand, manufacturer, company, product, asus product, sell asus, buy asus, cheap asus, best asus, asus review, where to buy asus, how to choose asus, top asus, asus guide, asus for sale, asus deals
2026-09-04 15:41:08,161 - INFO - Generated 50 niche-clue pairs for 'asus'.
2026-09-04 15:41:08,165 - INFO - Expanded 50 seed keywords to 218 variations
2026-09-04 15:41:08,165 - INFO - 🔧 Request Handler initialized - Success rate: 100.0%
2026-09-04 15:45:31,276 - INFO - Original clue keywords: performance, durability
2026-09-04 15:45:31,276 - INFO - Niche-focused seeds: performance asus, asus performance, performance cheap, cheap performance, performance best, best performance, performance latest, latest performance, performance review, review performance, performance price, price performance, performance sell, sell performance, performance buy, buy performance, performance recommendation, recommendation performance, performance tips, tips performance, performance tutorial, tutorial performance, performance guide, guide performance, performance how to, how to performance, performance vs, vs performance, performance versus, versus performance, performance compared to, compared to performance, performance comparison, comparison performance, performance alternatives, alternatives performance, performance which is better, which is better performance, performance expensive, expensive performance, performance discount, discount performance, performance deals, deals performance, performance sale, sale performance, performance affordable, affordable performance, performance cost, cost performance, performance online, online performance, performance offline, offline performance, performance marketplace, marketplace performance, performance store, store performance, performance shop, shop performance, performance retailer, retailer performance, performance where to buy, where to buy performance, performance worst, worst performance, performance quality, quality performance, performance original, original performance, performance genuine, genuine performance, performance fake, fake performance, performance replica, replica performance, performance authentic, authentic performance, performance brand, brand performance, performance manufacturer, manufacturer performance, performance company, company performance, performance product, product performance, performance asus product, asus product performance, performance sell asus, sell asus performance, performance buy asus, buy asus performance, performance cheap asus, cheap asus performance, performance best asus, best asus performance, performance asus review, asus review performance, performance where to buy asus, where to buy asus performance, performance how to choose asus, how to choose asus performance, performance top asus, top asus performance, performance asus guide, asus guide performance, performance asus for sale, asus for sale performance, performance asus deals, asus deals performance, durability asus, asus durability, durability cheap, cheap durability, durability best, best durability, durability latest, latest durability, durability review, review durability, durability price, price durability, durability sell, sell durability, durability buy, buy durability, durability recommendation, recommendation durability, durability tips, tips durability, durability tutorial, tutorial durability, durability guide, guide durability, durability how to, how to durability, durability vs, vs durability, durability versus, versus durability, durability compared to, compared to durability, durability comparison, comparison durability, durability alternatives, alternatives durability, durability which is better, which is better durability, durability expensive, expensive durability, durability discount, discount durability, durability deals, deals durability, durability sale, sale durability, durability affordable, affordable durability, durability cost, cost durability, durability online, online durability, durability offline, offline durability, durability marketplace, marketplace durability, durability store, store durability, durability shop, shop durability, durability retailer, retailer durability, durability where to buy, where to buy durability, durability worst, worst durability, durability quality, quality durability, durability original, original durability, durability genuine, genuine durability, durability fake, fake durability, durability replica, replica durability, durability authentic, authentic durability, durability brand, brand durability, durability manufacturer, manufacturer durability, durability company, company durability, durability product, product durability, durability asus product, asus product durability, durability sell asus, sell asus durability, durability buy asus, buy asus durability, durability cheap asus, cheap asus durability, durability best asus, best asus durability, durability asus review, asus review durability, durability where to buy asus, where to buy asus durability, durability how to choose asus, how to choose asus durability, durability top asus, top asus durability, durability asus guide, asus guide durability, durability asus for sale, asus for sale durability, durability asus deals, asus deals durability
2026-09-04 15:45:31,279 - INFO - Expanded 220 seed keywords to 385 variations
2026-09-04 15:45:31,279 - INFO - Language: en
2026-09-04 15:45:31,279 - INFO - Region: us
2026-09-04 15:47:56,704 - INFO - 🎯 After all filtering for 'asus': 120 relevant keywords
2026-09-04 15:47:56,984 - INFO - 🎯 Found 5 new keywords for niche 'asus': asus affordable durability, cheap affordable durability, best affordable durability, how to affordable durability, asus affordable performance
2026-09-04 15:48:13,301 - INFO - ✅ Niche 'asus' process complete! 843 total keyword results.
2026-09-04 15:48:13,301 - INFO - ✅ Completed processing niche: 'asus'
2026-09-04 15:48:13,301 - INFO - 🔧 Request Handler final stats - Success rate: 100.0%
2026-09-04 15:48:13,301 - INFO -    Total requests: 188128, Blocks: 1
2026-09-04 15:48:13,302 - INFO - 
========================================
2026-09-04 15:48:13,303 - INFO - Process Summary:
2026-09-04 15:48:13,303 - INFO - - Current niche: 'asus'
2026-09-04 15:48:13,303 - INFO - - Next niche will be: 'philips'
2026-09-04 15:48:13,303 - INFO - - Keywords saved in: languages/english/keywords/asus/
2026-09-04 15:48:13,304 - INFO - ========================================
