2026-08-12 20:04:41,642 - INFO - Log file created at: /home/runner/work/potensitech.com/potensitech.com/languages/english/keywords/logs/kw_search_20260812_200441.log
2026-08-12 20:04:41,642 - INFO - ============================================================
2026-08-12 20:04:41,642 - INFO - AUTOMATIC KEYWORD RESEARCH TOOL
2026-08-12 20:04:41,642 - INFO - ============================================================
2026-08-12 20:04:42,037 - INFO - ========================================
2026-08-12 20:04:42,037 - INFO - Found 14 niches to process: xiaomi, iphone, samsung, apple, sony, asus, philips, sandisk, intel, nvidia, amd, canon, nikon, huawei
2026-08-12 20:04:42,037 - INFO - ========================================
2026-08-12 20:04:42,037 - INFO - Continuing from last processed niche: samsung
2026-08-12 20:04:42,037 - INFO - ========================================
2026-08-12 20:04:42,037 - INFO - 🎯 PROCESSING NICHE 4/14: 'apple'
2026-08-12 20:04:42,037 - INFO - ========================================
2026-08-12 20:04:42,037 - INFO - 📁 Niche directory: /home/runner/work/potensitech.com/potensitech.com/languages/english/keywords/apple
2026-08-12 20:04:42,037 - INFO - Selected region: us
2026-08-12 20:04:42,037 - INFO - Selected language: en
2026-08-12 20:04:42,037 - INFO - 🎯 Current niche: apple
2026-08-12 20:04:42,664 - INFO - 🎯 Niche terms for filtering: apple, cheap, best, latest, review, price, sell, buy, recommendation, tips, tutorial, guide, how to, vs, versus, compared to, comparison, alternatives, which is better, expensive, discount, deals, sale, affordable, cost, online, offline, marketplace, store, shop, retailer, where to buy, worst, quality, original, genuine, fake, replica, authentic, brand, manufacturer, company, product, apple product, sell apple, buy apple, cheap apple, best apple, apple review, where to buy apple, how to choose apple, top apple, apple guide, apple for sale, apple deals
2026-08-12 20:04:42,665 - INFO - Generated 50 niche-clue pairs for 'apple'.
2026-08-12 20:04:42,667 - INFO - Expanded 50 seed keywords to 218 variations
2026-08-12 20:04:42,673 - INFO - 🔧 Request Handler initialized - Success rate: 100.0%
2026-08-12 20:09:09,560 - INFO - Original clue keywords: lens compatibility, processor performance
2026-08-12 20:09:09,560 - INFO - Niche-focused seeds: lens compatibility apple, apple lens compatibility, lens compatibility cheap, cheap lens compatibility, lens compatibility best, best lens compatibility, lens compatibility latest, latest lens compatibility, lens compatibility review, review lens compatibility, lens compatibility price, price lens compatibility, lens compatibility sell, sell lens compatibility, lens compatibility buy, buy lens compatibility, lens compatibility recommendation, recommendation lens compatibility, lens compatibility tips, tips lens compatibility, lens compatibility tutorial, tutorial lens compatibility, lens compatibility guide, guide lens compatibility, lens compatibility how to, how to lens compatibility, lens compatibility vs, vs lens compatibility, lens compatibility versus, versus lens compatibility, lens compatibility compared to, compared to lens compatibility, lens compatibility comparison, comparison lens compatibility, lens compatibility alternatives, alternatives lens compatibility, lens compatibility which is better, which is better lens compatibility, lens compatibility expensive, expensive lens compatibility, lens compatibility discount, discount lens compatibility, lens compatibility deals, deals lens compatibility, lens compatibility sale, sale lens compatibility, lens compatibility affordable, affordable lens compatibility, lens compatibility cost, cost lens compatibility, lens compatibility online, online lens compatibility, lens compatibility offline, offline lens compatibility, lens compatibility marketplace, marketplace lens compatibility, lens compatibility store, store lens compatibility, lens compatibility shop, shop lens compatibility, lens compatibility retailer, retailer lens compatibility, lens compatibility where to buy, where to buy lens compatibility, lens compatibility worst, worst lens compatibility, lens compatibility quality, quality lens compatibility, lens compatibility original, original lens compatibility, lens compatibility genuine, genuine lens compatibility, lens compatibility fake, fake lens compatibility, lens compatibility replica, replica lens compatibility, lens compatibility authentic, authentic lens compatibility, lens compatibility brand, brand lens compatibility, lens compatibility manufacturer, manufacturer lens compatibility, lens compatibility company, company lens compatibility, lens compatibility product, product lens compatibility, lens compatibility apple product, apple product lens compatibility, lens compatibility sell apple, sell apple lens compatibility, lens compatibility buy apple, buy apple lens compatibility, lens compatibility cheap apple, cheap apple lens compatibility, lens compatibility best apple, best apple lens compatibility, lens compatibility apple review, apple review lens compatibility, lens compatibility where to buy apple, where to buy apple lens compatibility, lens compatibility how to choose apple, how to choose apple lens compatibility, lens compatibility top apple, top apple lens compatibility, lens compatibility apple guide, apple guide lens compatibility, lens compatibility apple for sale, apple for sale lens compatibility, lens compatibility apple deals, apple deals lens compatibility, processor performance apple, apple processor performance, processor performance cheap, cheap processor performance, processor performance best, best processor performance, processor performance latest, latest processor performance, processor performance review, review processor performance, processor performance price, price processor performance, processor performance sell, sell processor performance, processor performance buy, buy processor performance, processor performance recommendation, recommendation processor performance, processor performance tips, tips processor performance, processor performance tutorial, tutorial processor performance, processor performance guide, guide processor performance, processor performance how to, how to processor performance, processor performance vs, vs processor performance, processor performance versus, versus processor performance, processor performance compared to, compared to processor performance, processor performance comparison, comparison processor performance, processor performance alternatives, alternatives processor performance, processor performance which is better, which is better processor performance, processor performance expensive, expensive processor performance, processor performance discount, discount processor performance, processor performance deals, deals processor performance, processor performance sale, sale processor performance, processor performance affordable, affordable processor performance, processor performance cost, cost processor performance, processor performance online, online processor performance, processor performance offline, offline processor performance, processor performance marketplace, marketplace processor performance, processor performance store, store processor performance, processor performance shop, shop processor performance, processor performance retailer, retailer processor performance, processor performance where to buy, where to buy processor performance, processor performance worst, worst processor performance, processor performance quality, quality processor performance, processor performance original, original processor performance, processor performance genuine, genuine processor performance, processor performance fake, fake processor performance, processor performance replica, replica processor performance, processor performance authentic, authentic processor performance, processor performance brand, brand processor performance, processor performance manufacturer, manufacturer processor performance, processor performance company, company processor performance, processor performance product, product processor performance, processor performance apple product, apple product processor performance, processor performance sell apple, sell apple processor performance, processor performance buy apple, buy apple processor performance, processor performance cheap apple, cheap apple processor performance, processor performance best apple, best apple processor performance, processor performance apple review, apple review processor performance, processor performance where to buy apple, where to buy apple processor performance, processor performance how to choose apple, how to choose apple processor performance, processor performance top apple, top apple processor performance, processor performance apple guide, apple guide processor performance, processor performance apple for sale, apple for sale processor performance, processor performance apple deals, apple deals processor performance
2026-08-12 20:09:09,562 - INFO - Expanded 220 seed keywords to 385 variations
2026-08-12 20:09:09,562 - INFO - Language: en
2026-08-12 20:09:09,562 - INFO - Region: us
2026-08-12 20:09:55,462 - INFO - 🎯 After all filtering for 'apple': 120 relevant keywords
2026-08-12 20:09:55,694 - INFO - 🎯 Found 2 new keywords for niche 'apple': apple affordable lens compatibility, apple affordable processor performance
2026-08-12 20:09:56,165 - INFO - ✅ Niche 'apple' process complete! 538 total keyword results.
2026-08-12 20:09:56,165 - INFO - ✅ Completed processing niche: 'apple'
2026-08-12 20:09:56,165 - INFO - 🔧 Request Handler final stats - Success rate: 100.0%
2026-08-12 20:09:56,165 - INFO -    Total requests: 170204, Blocks: 1
2026-08-12 20:09:56,166 - INFO - 
========================================
2026-08-12 20:09:56,166 - INFO - Process Summary:
2026-08-12 20:09:56,166 - INFO - - Current niche: 'apple'
2026-08-12 20:09:56,166 - INFO - - Next niche will be: 'sony'
2026-08-12 20:09:56,166 - INFO - - Keywords saved in: languages/english/keywords/apple/
2026-08-12 20:09:56,167 - INFO - ========================================
