2026-09-22 18:09:26,730 - INFO - Log file created at: /home/runner/work/potensitech.com/potensitech.com/languages/english/keywords/logs/kw_search_20260922_180926.log
2026-09-22 18:09:26,730 - INFO - ============================================================
2026-09-22 18:09:26,730 - INFO - AUTOMATIC KEYWORD RESEARCH TOOL
2026-09-22 18:09:26,730 - INFO - ============================================================
2026-09-22 18:09:27,164 - INFO - ========================================
2026-09-22 18:09:27,164 - INFO - Found 14 niches to process: xiaomi, iphone, samsung, apple, sony, asus, philips, sandisk, intel, nvidia, amd, canon, nikon, huawei
2026-09-22 18:09:27,164 - INFO - ========================================
2026-09-22 18:09:27,164 - INFO - Continuing from last processed niche: apple
2026-09-22 18:09:27,164 - INFO - ========================================
2026-09-22 18:09:27,164 - INFO - 🎯 PROCESSING NICHE 5/14: 'sony'
2026-09-22 18:09:27,164 - INFO - ========================================
2026-09-22 18:09:27,164 - INFO - 📁 Niche directory: /home/runner/work/potensitech.com/potensitech.com/languages/english/keywords/sony
2026-09-22 18:09:27,164 - INFO - Selected region: us
2026-09-22 18:09:27,165 - INFO - Selected language: en
2026-09-22 18:09:27,165 - INFO - 🎯 Current niche: sony
2026-09-22 18:09:38,052 - INFO - 🎯 Niche terms for filtering: sony, cheap, best, latest, review, price, sell, buy, recommendation, tips, tutorial, guide, how to, vs, versus, compared to, comparison, alternatives, which is better, expensive, discount, deals, sale, affordable, cost, online, offline, marketplace, store, shop, retailer, where to buy, worst, quality, original, genuine, fake, replica, authentic, brand, manufacturer, company, product, sony product, sell sony, buy sony, cheap sony, best sony, sony review, where to buy sony, how to choose sony, top sony, sony guide, sony for sale, sony deals
2026-09-22 18:09:38,053 - INFO - Generated 50 niche-clue pairs for 'sony'.
2026-09-22 18:09:38,056 - INFO - Expanded 50 seed keywords to 218 variations
2026-09-22 18:09:38,057 - INFO - 🔧 Request Handler initialized - Success rate: 100.0%
2026-09-22 18:14:04,663 - INFO - Original clue keywords: dslr settings, gaming optimization
2026-09-22 18:14:04,663 - INFO - Niche-focused seeds: dslr settings sony, sony dslr settings, dslr settings cheap, cheap dslr settings, dslr settings best, best dslr settings, dslr settings latest, latest dslr settings, dslr settings review, review dslr settings, dslr settings price, price dslr settings, dslr settings sell, sell dslr settings, dslr settings buy, buy dslr settings, dslr settings recommendation, recommendation dslr settings, dslr settings tips, tips dslr settings, dslr settings tutorial, tutorial dslr settings, dslr settings guide, guide dslr settings, dslr settings how to, how to dslr settings, dslr settings vs, vs dslr settings, dslr settings versus, versus dslr settings, dslr settings compared to, compared to dslr settings, dslr settings comparison, comparison dslr settings, dslr settings alternatives, alternatives dslr settings, dslr settings which is better, which is better dslr settings, dslr settings expensive, expensive dslr settings, dslr settings discount, discount dslr settings, dslr settings deals, deals dslr settings, dslr settings sale, sale dslr settings, dslr settings affordable, affordable dslr settings, dslr settings cost, cost dslr settings, dslr settings online, online dslr settings, dslr settings offline, offline dslr settings, dslr settings marketplace, marketplace dslr settings, dslr settings store, store dslr settings, dslr settings shop, shop dslr settings, dslr settings retailer, retailer dslr settings, dslr settings where to buy, where to buy dslr settings, dslr settings worst, worst dslr settings, dslr settings quality, quality dslr settings, dslr settings original, original dslr settings, dslr settings genuine, genuine dslr settings, dslr settings fake, fake dslr settings, dslr settings replica, replica dslr settings, dslr settings authentic, authentic dslr settings, dslr settings brand, brand dslr settings, dslr settings manufacturer, manufacturer dslr settings, dslr settings company, company dslr settings, dslr settings product, product dslr settings, dslr settings sony product, sony product dslr settings, dslr settings sell sony, sell sony dslr settings, dslr settings buy sony, buy sony dslr settings, dslr settings cheap sony, cheap sony dslr settings, dslr settings best sony, best sony dslr settings, dslr settings sony review, sony review dslr settings, dslr settings where to buy sony, where to buy sony dslr settings, dslr settings how to choose sony, how to choose sony dslr settings, dslr settings top sony, top sony dslr settings, dslr settings sony guide, sony guide dslr settings, dslr settings sony for sale, sony for sale dslr settings, dslr settings sony deals, sony deals dslr settings, gaming optimization sony, sony gaming optimization, gaming optimization cheap, cheap gaming optimization, gaming optimization best, best gaming optimization, gaming optimization latest, latest gaming optimization, gaming optimization review, review gaming optimization, gaming optimization price, price gaming optimization, gaming optimization sell, sell gaming optimization, gaming optimization buy, buy gaming optimization, gaming optimization recommendation, recommendation gaming optimization, gaming optimization tips, tips gaming optimization, gaming optimization tutorial, tutorial gaming optimization, gaming optimization guide, guide gaming optimization, gaming optimization how to, how to gaming optimization, gaming optimization vs, vs gaming optimization, gaming optimization versus, versus gaming optimization, gaming optimization compared to, compared to gaming optimization, gaming optimization comparison, comparison gaming optimization, gaming optimization alternatives, alternatives gaming optimization, gaming optimization which is better, which is better gaming optimization, gaming optimization expensive, expensive gaming optimization, gaming optimization discount, discount gaming optimization, gaming optimization deals, deals gaming optimization, gaming optimization sale, sale gaming optimization, gaming optimization affordable, affordable gaming optimization, gaming optimization cost, cost gaming optimization, gaming optimization online, online gaming optimization, gaming optimization offline, offline gaming optimization, gaming optimization marketplace, marketplace gaming optimization, gaming optimization store, store gaming optimization, gaming optimization shop, shop gaming optimization, gaming optimization retailer, retailer gaming optimization, gaming optimization where to buy, where to buy gaming optimization, gaming optimization worst, worst gaming optimization, gaming optimization quality, quality gaming optimization, gaming optimization original, original gaming optimization, gaming optimization genuine, genuine gaming optimization, gaming optimization fake, fake gaming optimization, gaming optimization replica, replica gaming optimization, gaming optimization authentic, authentic gaming optimization, gaming optimization brand, brand gaming optimization, gaming optimization manufacturer, manufacturer gaming optimization, gaming optimization company, company gaming optimization, gaming optimization product, product gaming optimization, gaming optimization sony product, sony product gaming optimization, gaming optimization sell sony, sell sony gaming optimization, gaming optimization buy sony, buy sony gaming optimization, gaming optimization cheap sony, cheap sony gaming optimization, gaming optimization best sony, best sony gaming optimization, gaming optimization sony review, sony review gaming optimization, gaming optimization where to buy sony, where to buy sony gaming optimization, gaming optimization how to choose sony, how to choose sony gaming optimization, gaming optimization top sony, top sony gaming optimization, gaming optimization sony guide, sony guide gaming optimization, gaming optimization sony for sale, sony for sale gaming optimization, gaming optimization sony deals, sony deals gaming optimization
2026-09-22 18:14:04,666 - INFO - Expanded 220 seed keywords to 385 variations
2026-09-22 18:14:04,667 - INFO - Language: en
2026-09-22 18:14:04,667 - INFO - Region: us
2026-09-22 18:18:37,100 - INFO - 🎯 After all filtering for 'sony': 120 relevant keywords
2026-09-22 18:18:38,382 - INFO - 🎯 Found 5 new keywords for niche 'sony': sony affordable dslr settings, sony affordable gaming optimization, cheap alternatives dslr settings, cheap alternatives gaming optimization, best authentic dslr settings
2026-09-22 18:18:54,508 - INFO - ✅ Niche 'sony' process complete! 690 total keyword results.
2026-09-22 18:18:54,508 - INFO - ✅ Completed processing niche: 'sony'
2026-09-22 18:18:54,508 - INFO - 🔧 Request Handler final stats - Success rate: 100.0%
2026-09-22 18:18:54,508 - INFO -    Total requests: 203347, Blocks: 1
2026-09-22 18:18:54,509 - INFO - 
========================================
2026-09-22 18:18:54,509 - INFO - Process Summary:
2026-09-22 18:18:54,509 - INFO - - Current niche: 'sony'
2026-09-22 18:18:54,510 - INFO - - Next niche will be: 'asus'
2026-09-22 18:18:54,510 - INFO - - Keywords saved in: languages/english/keywords/sony/
2026-09-22 18:18:54,510 - INFO - ========================================
