2026-08-18 03:13:40,610 - INFO - Log file created at: /home/runner/work/potensitech.com/potensitech.com/languages/english/keywords/logs/kw_search_20260818_031340.log
2026-08-18 03:13:40,610 - INFO - ============================================================
2026-08-18 03:13:40,610 - INFO - AUTOMATIC KEYWORD RESEARCH TOOL
2026-08-18 03:13:40,610 - INFO - ============================================================
2026-08-18 03:13:40,856 - INFO - ========================================
2026-08-18 03:13:40,856 - INFO - Found 14 niches to process: xiaomi, iphone, samsung, apple, sony, asus, philips, sandisk, intel, nvidia, amd, canon, nikon, huawei
2026-08-18 03:13:40,856 - INFO - ========================================
2026-08-18 03:13:40,856 - INFO - All niches completed, starting over
2026-08-18 03:13:40,856 - INFO - ========================================
2026-08-18 03:13:40,856 - INFO - 🎯 PROCESSING NICHE 1/14: 'xiaomi'
2026-08-18 03:13:40,856 - INFO - ========================================
2026-08-18 03:13:40,856 - INFO - 📁 Niche directory: /home/runner/work/potensitech.com/potensitech.com/languages/english/keywords/xiaomi
2026-08-18 03:13:40,856 - INFO - Selected region: us
2026-08-18 03:13:40,856 - INFO - Selected language: en
2026-08-18 03:13:40,856 - INFO - 🎯 Current niche: xiaomi
2026-08-18 03:13:41,461 - INFO - 🎯 Niche terms for filtering: xiaomi, cheap, best, latest, review, price, sell, buy, recommendation, tips, tutorial, guide, how to, vs, versus, compared to, comparison, alternatives, which is better, expensive, discount, deals, sale, affordable, cost, online, offline, marketplace, store, shop, retailer, where to buy, worst, quality, original, genuine, fake, replica, authentic, brand, manufacturer, company, product, xiaomi product, sell xiaomi, buy xiaomi, cheap xiaomi, best xiaomi, xiaomi review, where to buy xiaomi, how to choose xiaomi, top xiaomi, xiaomi guide, xiaomi for sale, xiaomi deals
2026-08-18 03:13:41,462 - INFO - Generated 50 niche-clue pairs for 'xiaomi'.
2026-08-18 03:13:41,464 - INFO - Expanded 50 seed keywords to 218 variations
2026-08-18 03:13:41,470 - INFO - 🔧 Request Handler initialized - Success rate: 100.0%
2026-08-18 03:18:08,044 - INFO - Original clue keywords: gaming smartphone, flagship phone
2026-08-18 03:18:08,044 - INFO - Niche-focused seeds: gaming smartphone xiaomi, xiaomi gaming smartphone, gaming smartphone cheap, cheap gaming smartphone, gaming smartphone best, best gaming smartphone, gaming smartphone latest, latest gaming smartphone, gaming smartphone review, review gaming smartphone, gaming smartphone price, price gaming smartphone, gaming smartphone sell, sell gaming smartphone, gaming smartphone buy, buy gaming smartphone, gaming smartphone recommendation, recommendation gaming smartphone, gaming smartphone tips, tips gaming smartphone, gaming smartphone tutorial, tutorial gaming smartphone, gaming smartphone guide, guide gaming smartphone, gaming smartphone how to, how to gaming smartphone, gaming smartphone vs, vs gaming smartphone, gaming smartphone versus, versus gaming smartphone, gaming smartphone compared to, compared to gaming smartphone, gaming smartphone comparison, comparison gaming smartphone, gaming smartphone alternatives, alternatives gaming smartphone, gaming smartphone which is better, which is better gaming smartphone, gaming smartphone expensive, expensive gaming smartphone, gaming smartphone discount, discount gaming smartphone, gaming smartphone deals, deals gaming smartphone, gaming smartphone sale, sale gaming smartphone, gaming smartphone affordable, affordable gaming smartphone, gaming smartphone cost, cost gaming smartphone, gaming smartphone online, online gaming smartphone, gaming smartphone offline, offline gaming smartphone, gaming smartphone marketplace, marketplace gaming smartphone, gaming smartphone store, store gaming smartphone, gaming smartphone shop, shop gaming smartphone, gaming smartphone retailer, retailer gaming smartphone, gaming smartphone where to buy, where to buy gaming smartphone, gaming smartphone worst, worst gaming smartphone, gaming smartphone quality, quality gaming smartphone, gaming smartphone original, original gaming smartphone, gaming smartphone genuine, genuine gaming smartphone, gaming smartphone fake, fake gaming smartphone, gaming smartphone replica, replica gaming smartphone, gaming smartphone authentic, authentic gaming smartphone, gaming smartphone brand, brand gaming smartphone, gaming smartphone manufacturer, manufacturer gaming smartphone, gaming smartphone company, company gaming smartphone, gaming smartphone product, product gaming smartphone, gaming smartphone xiaomi product, xiaomi product gaming smartphone, gaming smartphone sell xiaomi, sell xiaomi gaming smartphone, gaming smartphone buy xiaomi, buy xiaomi gaming smartphone, gaming smartphone cheap xiaomi, cheap xiaomi gaming smartphone, gaming smartphone best xiaomi, best xiaomi gaming smartphone, gaming smartphone xiaomi review, xiaomi review gaming smartphone, gaming smartphone where to buy xiaomi, where to buy xiaomi gaming smartphone, gaming smartphone how to choose xiaomi, how to choose xiaomi gaming smartphone, gaming smartphone top xiaomi, top xiaomi gaming smartphone, gaming smartphone xiaomi guide, xiaomi guide gaming smartphone, gaming smartphone xiaomi for sale, xiaomi for sale gaming smartphone, gaming smartphone xiaomi deals, xiaomi deals gaming smartphone, flagship phone xiaomi, xiaomi flagship phone, flagship phone cheap, cheap flagship phone, flagship phone best, best flagship phone, flagship phone latest, latest flagship phone, flagship phone review, review flagship phone, flagship phone price, price flagship phone, flagship phone sell, sell flagship phone, flagship phone buy, buy flagship phone, flagship phone recommendation, recommendation flagship phone, flagship phone tips, tips flagship phone, flagship phone tutorial, tutorial flagship phone, flagship phone guide, guide flagship phone, flagship phone how to, how to flagship phone, flagship phone vs, vs flagship phone, flagship phone versus, versus flagship phone, flagship phone compared to, compared to flagship phone, flagship phone comparison, comparison flagship phone, flagship phone alternatives, alternatives flagship phone, flagship phone which is better, which is better flagship phone, flagship phone expensive, expensive flagship phone, flagship phone discount, discount flagship phone, flagship phone deals, deals flagship phone, flagship phone sale, sale flagship phone, flagship phone affordable, affordable flagship phone, flagship phone cost, cost flagship phone, flagship phone online, online flagship phone, flagship phone offline, offline flagship phone, flagship phone marketplace, marketplace flagship phone, flagship phone store, store flagship phone, flagship phone shop, shop flagship phone, flagship phone retailer, retailer flagship phone, flagship phone where to buy, where to buy flagship phone, flagship phone worst, worst flagship phone, flagship phone quality, quality flagship phone, flagship phone original, original flagship phone, flagship phone genuine, genuine flagship phone, flagship phone fake, fake flagship phone, flagship phone replica, replica flagship phone, flagship phone authentic, authentic flagship phone, flagship phone brand, brand flagship phone, flagship phone manufacturer, manufacturer flagship phone, flagship phone company, company flagship phone, flagship phone product, product flagship phone, flagship phone xiaomi product, xiaomi product flagship phone, flagship phone sell xiaomi, sell xiaomi flagship phone, flagship phone buy xiaomi, buy xiaomi flagship phone, flagship phone cheap xiaomi, cheap xiaomi flagship phone, flagship phone best xiaomi, best xiaomi flagship phone, flagship phone xiaomi review, xiaomi review flagship phone, flagship phone where to buy xiaomi, where to buy xiaomi flagship phone, flagship phone how to choose xiaomi, how to choose xiaomi flagship phone, flagship phone top xiaomi, top xiaomi flagship phone, flagship phone xiaomi guide, xiaomi guide flagship phone, flagship phone xiaomi for sale, xiaomi for sale flagship phone, flagship phone xiaomi deals, xiaomi deals flagship phone
2026-08-18 03:18:08,046 - INFO - Expanded 220 seed keywords to 385 variations
2026-08-18 03:18:08,046 - INFO - Language: en
2026-08-18 03:18:08,046 - INFO - Region: us
2026-08-18 03:22:42,280 - INFO - 🎯 After all filtering for 'xiaomi': 120 relevant keywords
2026-08-18 03:22:42,356 - INFO - 🎯 Found 2 new keywords for niche 'xiaomi': xiaomi affordable flagship phone, xiaomi affordable gaming smartphone
2026-08-18 03:22:42,834 - INFO - ✅ Niche 'xiaomi' process complete! 645 total keyword results.
2026-08-18 03:22:42,834 - INFO - ✅ Completed processing niche: 'xiaomi'
2026-08-18 03:22:42,834 - INFO - 🔧 Request Handler final stats - Success rate: 100.0%
2026-08-18 03:22:42,834 - INFO -    Total requests: 174371, Blocks: 1
2026-08-18 03:22:42,835 - INFO - 
========================================
2026-08-18 03:22:42,835 - INFO - Process Summary:
2026-08-18 03:22:42,835 - INFO - - Current niche: 'xiaomi'
2026-08-18 03:22:42,835 - INFO - - Next niche will be: 'iphone'
2026-08-18 03:22:42,835 - INFO - - Keywords saved in: languages/english/keywords/xiaomi/
2026-08-18 03:22:42,835 - INFO - ========================================
