2026-09-19 07:25:47,692 - INFO - Log file created at: /home/runner/work/potensitech.com/potensitech.com/languages/english/keywords/logs/kw_search_20260919_072547.log
2026-09-19 07:25:47,692 - INFO - ============================================================
2026-09-19 07:25:47,692 - INFO - AUTOMATIC KEYWORD RESEARCH TOOL
2026-09-19 07:25:47,692 - INFO - ============================================================
2026-09-19 07:25:48,084 - INFO - ========================================
2026-09-19 07:25:48,084 - INFO - Found 14 niches to process: xiaomi, iphone, samsung, apple, sony, asus, philips, sandisk, intel, nvidia, amd, canon, nikon, huawei
2026-09-19 07:25:48,084 - INFO - ========================================
2026-09-19 07:25:48,084 - INFO - Continuing from last processed niche: amd
2026-09-19 07:25:48,084 - INFO - ========================================
2026-09-19 07:25:48,084 - INFO - 🎯 PROCESSING NICHE 12/14: 'canon'
2026-09-19 07:25:48,085 - INFO - ========================================
2026-09-19 07:25:48,085 - INFO - 📁 Niche directory: /home/runner/work/potensitech.com/potensitech.com/languages/english/keywords/canon
2026-09-19 07:25:48,085 - INFO - Selected region: us
2026-09-19 07:25:48,085 - INFO - Selected language: en
2026-09-19 07:25:48,085 - INFO - 🎯 Current niche: canon
2026-09-19 07:25:58,947 - INFO - 🎯 Niche terms for filtering: canon, cheap, best, latest, review, price, sell, buy, recommendation, tips, tutorial, guide, how to, vs, versus, compared to, comparison, alternatives, which is better, expensive, discount, deals, sale, affordable, cost, online, offline, marketplace, store, shop, retailer, where to buy, worst, quality, original, genuine, fake, replica, authentic, brand, manufacturer, company, product, canon product, sell canon, buy canon, cheap canon, best canon, canon review, where to buy canon, how to choose canon, top canon, canon guide, canon for sale, canon deals
2026-09-19 07:25:58,948 - INFO - Generated 50 niche-clue pairs for 'canon'.
2026-09-19 07:25:58,951 - INFO - Expanded 50 seed keywords to 218 variations
2026-09-19 07:25:58,952 - INFO - 🔧 Request Handler initialized - Success rate: 100.0%
2026-09-19 07:30:20,081 - INFO - Original clue keywords: autofocus system, ssd storage
2026-09-19 07:30:20,082 - INFO - Niche-focused seeds: autofocus system canon, canon autofocus system, autofocus system cheap, cheap autofocus system, autofocus system best, best autofocus system, autofocus system latest, latest autofocus system, autofocus system review, review autofocus system, autofocus system price, price autofocus system, autofocus system sell, sell autofocus system, autofocus system buy, buy autofocus system, autofocus system recommendation, recommendation autofocus system, autofocus system tips, tips autofocus system, autofocus system tutorial, tutorial autofocus system, autofocus system guide, guide autofocus system, autofocus system how to, how to autofocus system, autofocus system vs, vs autofocus system, autofocus system versus, versus autofocus system, autofocus system compared to, compared to autofocus system, autofocus system comparison, comparison autofocus system, autofocus system alternatives, alternatives autofocus system, autofocus system which is better, which is better autofocus system, autofocus system expensive, expensive autofocus system, autofocus system discount, discount autofocus system, autofocus system deals, deals autofocus system, autofocus system sale, sale autofocus system, autofocus system affordable, affordable autofocus system, autofocus system cost, cost autofocus system, autofocus system online, online autofocus system, autofocus system offline, offline autofocus system, autofocus system marketplace, marketplace autofocus system, autofocus system store, store autofocus system, autofocus system shop, shop autofocus system, autofocus system retailer, retailer autofocus system, autofocus system where to buy, where to buy autofocus system, autofocus system worst, worst autofocus system, autofocus system quality, quality autofocus system, autofocus system original, original autofocus system, autofocus system genuine, genuine autofocus system, autofocus system fake, fake autofocus system, autofocus system replica, replica autofocus system, autofocus system authentic, authentic autofocus system, autofocus system brand, brand autofocus system, autofocus system manufacturer, manufacturer autofocus system, autofocus system company, company autofocus system, autofocus system product, product autofocus system, autofocus system canon product, canon product autofocus system, autofocus system sell canon, sell canon autofocus system, autofocus system buy canon, buy canon autofocus system, autofocus system cheap canon, cheap canon autofocus system, autofocus system best canon, best canon autofocus system, autofocus system canon review, canon review autofocus system, autofocus system where to buy canon, where to buy canon autofocus system, autofocus system how to choose canon, how to choose canon autofocus system, autofocus system top canon, top canon autofocus system, autofocus system canon guide, canon guide autofocus system, autofocus system canon for sale, canon for sale autofocus system, autofocus system canon deals, canon deals autofocus system, ssd storage canon, canon ssd storage, ssd storage cheap, cheap ssd storage, ssd storage best, best ssd storage, ssd storage latest, latest ssd storage, ssd storage review, review ssd storage, ssd storage price, price ssd storage, ssd storage sell, sell ssd storage, ssd storage buy, buy ssd storage, ssd storage recommendation, recommendation ssd storage, ssd storage tips, tips ssd storage, ssd storage tutorial, tutorial ssd storage, ssd storage guide, guide ssd storage, ssd storage how to, how to ssd storage, ssd storage vs, vs ssd storage, ssd storage versus, versus ssd storage, ssd storage compared to, compared to ssd storage, ssd storage comparison, comparison ssd storage, ssd storage alternatives, alternatives ssd storage, ssd storage which is better, which is better ssd storage, ssd storage expensive, expensive ssd storage, ssd storage discount, discount ssd storage, ssd storage deals, deals ssd storage, ssd storage sale, sale ssd storage, ssd storage affordable, affordable ssd storage, ssd storage cost, cost ssd storage, ssd storage online, online ssd storage, ssd storage offline, offline ssd storage, ssd storage marketplace, marketplace ssd storage, ssd storage store, store ssd storage, ssd storage shop, shop ssd storage, ssd storage retailer, retailer ssd storage, ssd storage where to buy, where to buy ssd storage, ssd storage worst, worst ssd storage, ssd storage quality, quality ssd storage, ssd storage original, original ssd storage, ssd storage genuine, genuine ssd storage, ssd storage fake, fake ssd storage, ssd storage replica, replica ssd storage, ssd storage authentic, authentic ssd storage, ssd storage brand, brand ssd storage, ssd storage manufacturer, manufacturer ssd storage, ssd storage company, company ssd storage, ssd storage product, product ssd storage, ssd storage canon product, canon product ssd storage, ssd storage sell canon, sell canon ssd storage, ssd storage buy canon, buy canon ssd storage, ssd storage cheap canon, cheap canon ssd storage, ssd storage best canon, best canon ssd storage, ssd storage canon review, canon review ssd storage, ssd storage where to buy canon, where to buy canon ssd storage, ssd storage how to choose canon, how to choose canon ssd storage, ssd storage top canon, top canon ssd storage, ssd storage canon guide, canon guide ssd storage, ssd storage canon for sale, canon for sale ssd storage, ssd storage canon deals, canon deals ssd storage
2026-09-19 07:30:20,085 - INFO - Expanded 220 seed keywords to 385 variations
2026-09-19 07:30:20,085 - INFO - Language: en
2026-09-19 07:30:20,085 - INFO - Region: us
2026-09-19 07:30:52,449 - INFO - 🎯 After all filtering for 'canon': 120 relevant keywords
2026-09-19 07:30:55,307 - INFO - 🎯 Found 2 new keywords for niche 'canon': canon affordable autofocus system, canon affordable ssd storage
2026-09-19 07:31:11,213 - INFO - ✅ Niche 'canon' process complete! 723 total keyword results.
2026-09-19 07:31:11,213 - INFO - ✅ Completed processing niche: 'canon'
2026-09-19 07:31:11,213 - INFO - 🔧 Request Handler final stats - Success rate: 100.0%
2026-09-19 07:31:11,213 - INFO -    Total requests: 200762, Blocks: 1
2026-09-19 07:31:11,214 - INFO - 
========================================
2026-09-19 07:31:11,214 - INFO - Process Summary:
2026-09-19 07:31:11,214 - INFO - - Current niche: 'canon'
2026-09-19 07:31:11,214 - INFO - - Next niche will be: 'nikon'
2026-09-19 07:31:11,214 - INFO - - Keywords saved in: languages/english/keywords/canon/
2026-09-19 07:31:11,215 - INFO - ========================================
