2026-09-21 22:34:38,137 - INFO - Log file created at: /home/runner/work/potensitech.com/potensitech.com/languages/english/keywords/logs/kw_search_20260921_223438.log
2026-09-21 22:34:38,137 - INFO - ============================================================
2026-09-21 22:34:38,137 - INFO - AUTOMATIC KEYWORD RESEARCH TOOL
2026-09-21 22:34:38,137 - INFO - ============================================================
2026-09-21 22:34:38,525 - INFO - ========================================
2026-09-21 22:34:38,525 - INFO - Found 14 niches to process: xiaomi, iphone, samsung, apple, sony, asus, philips, sandisk, intel, nvidia, amd, canon, nikon, huawei
2026-09-21 22:34:38,525 - INFO - ========================================
2026-09-21 22:34:38,525 - INFO - Continuing from last processed niche: nvidia
2026-09-21 22:34:38,525 - INFO - ========================================
2026-09-21 22:34:38,525 - INFO - 🎯 PROCESSING NICHE 11/14: 'amd'
2026-09-21 22:34:38,525 - INFO - ========================================
2026-09-21 22:34:38,525 - INFO - 📁 Niche directory: /home/runner/work/potensitech.com/potensitech.com/languages/english/keywords/amd
2026-09-21 22:34:38,525 - INFO - Selected region: us
2026-09-21 22:34:38,525 - INFO - Selected language: en
2026-09-21 22:34:38,525 - INFO - 🎯 Current niche: amd
2026-09-21 22:34:49,186 - INFO - 🎯 Niche terms for filtering: amd, cheap, best, latest, review, price, sell, buy, recommendation, tips, tutorial, guide, how to, vs, versus, compared to, comparison, alternatives, which is better, expensive, discount, deals, sale, affordable, cost, online, offline, marketplace, store, shop, retailer, where to buy, worst, quality, original, genuine, fake, replica, authentic, brand, manufacturer, company, product, amd product, sell amd, buy amd, cheap amd, best amd, amd review, where to buy amd, how to choose amd, top amd, amd guide, amd for sale, amd deals
2026-09-21 22:34:49,186 - INFO - Generated 50 niche-clue pairs for 'amd'.
2026-09-21 22:34:49,190 - INFO - Expanded 50 seed keywords to 218 variations
2026-09-21 22:34:49,190 - INFO - 🔧 Request Handler initialized - Success rate: 100.0%
2026-09-21 22:39:13,517 - INFO - Original clue keywords: processor efficiency, autofocus speed
2026-09-21 22:39:13,517 - INFO - Niche-focused seeds: processor efficiency amd, amd processor efficiency, processor efficiency cheap, cheap processor efficiency, processor efficiency best, best processor efficiency, processor efficiency latest, latest processor efficiency, processor efficiency review, review processor efficiency, processor efficiency price, price processor efficiency, processor efficiency sell, sell processor efficiency, processor efficiency buy, buy processor efficiency, processor efficiency recommendation, recommendation processor efficiency, processor efficiency tips, tips processor efficiency, processor efficiency tutorial, tutorial processor efficiency, processor efficiency guide, guide processor efficiency, processor efficiency how to, how to processor efficiency, processor efficiency vs, vs processor efficiency, processor efficiency versus, versus processor efficiency, processor efficiency compared to, compared to processor efficiency, processor efficiency comparison, comparison processor efficiency, processor efficiency alternatives, alternatives processor efficiency, processor efficiency which is better, which is better processor efficiency, processor efficiency expensive, expensive processor efficiency, processor efficiency discount, discount processor efficiency, processor efficiency deals, deals processor efficiency, processor efficiency sale, sale processor efficiency, processor efficiency affordable, affordable processor efficiency, processor efficiency cost, cost processor efficiency, processor efficiency online, online processor efficiency, processor efficiency offline, offline processor efficiency, processor efficiency marketplace, marketplace processor efficiency, processor efficiency store, store processor efficiency, processor efficiency shop, shop processor efficiency, processor efficiency retailer, retailer processor efficiency, processor efficiency where to buy, where to buy processor efficiency, processor efficiency worst, worst processor efficiency, processor efficiency quality, quality processor efficiency, processor efficiency original, original processor efficiency, processor efficiency genuine, genuine processor efficiency, processor efficiency fake, fake processor efficiency, processor efficiency replica, replica processor efficiency, processor efficiency authentic, authentic processor efficiency, processor efficiency brand, brand processor efficiency, processor efficiency manufacturer, manufacturer processor efficiency, processor efficiency company, company processor efficiency, processor efficiency product, product processor efficiency, processor efficiency amd product, amd product processor efficiency, processor efficiency sell amd, sell amd processor efficiency, processor efficiency buy amd, buy amd processor efficiency, processor efficiency cheap amd, cheap amd processor efficiency, processor efficiency best amd, best amd processor efficiency, processor efficiency amd review, amd review processor efficiency, processor efficiency where to buy amd, where to buy amd processor efficiency, processor efficiency how to choose amd, how to choose amd processor efficiency, processor efficiency top amd, top amd processor efficiency, processor efficiency amd guide, amd guide processor efficiency, processor efficiency amd for sale, amd for sale processor efficiency, processor efficiency amd deals, amd deals processor efficiency, autofocus speed amd, amd autofocus speed, autofocus speed cheap, cheap autofocus speed, autofocus speed best, best autofocus speed, autofocus speed latest, latest autofocus speed, autofocus speed review, review autofocus speed, autofocus speed price, price autofocus speed, autofocus speed sell, sell autofocus speed, autofocus speed buy, buy autofocus speed, autofocus speed recommendation, recommendation autofocus speed, autofocus speed tips, tips autofocus speed, autofocus speed tutorial, tutorial autofocus speed, autofocus speed guide, guide autofocus speed, autofocus speed how to, how to autofocus speed, autofocus speed vs, vs autofocus speed, autofocus speed versus, versus autofocus speed, autofocus speed compared to, compared to autofocus speed, autofocus speed comparison, comparison autofocus speed, autofocus speed alternatives, alternatives autofocus speed, autofocus speed which is better, which is better autofocus speed, autofocus speed expensive, expensive autofocus speed, autofocus speed discount, discount autofocus speed, autofocus speed deals, deals autofocus speed, autofocus speed sale, sale autofocus speed, autofocus speed affordable, affordable autofocus speed, autofocus speed cost, cost autofocus speed, autofocus speed online, online autofocus speed, autofocus speed offline, offline autofocus speed, autofocus speed marketplace, marketplace autofocus speed, autofocus speed store, store autofocus speed, autofocus speed shop, shop autofocus speed, autofocus speed retailer, retailer autofocus speed, autofocus speed where to buy, where to buy autofocus speed, autofocus speed worst, worst autofocus speed, autofocus speed quality, quality autofocus speed, autofocus speed original, original autofocus speed, autofocus speed genuine, genuine autofocus speed, autofocus speed fake, fake autofocus speed, autofocus speed replica, replica autofocus speed, autofocus speed authentic, authentic autofocus speed, autofocus speed brand, brand autofocus speed, autofocus speed manufacturer, manufacturer autofocus speed, autofocus speed company, company autofocus speed, autofocus speed product, product autofocus speed, autofocus speed amd product, amd product autofocus speed, autofocus speed sell amd, sell amd autofocus speed, autofocus speed buy amd, buy amd autofocus speed, autofocus speed cheap amd, cheap amd autofocus speed, autofocus speed best amd, best amd autofocus speed, autofocus speed amd review, amd review autofocus speed, autofocus speed where to buy amd, where to buy amd autofocus speed, autofocus speed how to choose amd, how to choose amd autofocus speed, autofocus speed top amd, top amd autofocus speed, autofocus speed amd guide, amd guide autofocus speed, autofocus speed amd for sale, amd for sale autofocus speed, autofocus speed amd deals, amd deals autofocus speed
2026-09-21 22:39:13,521 - INFO - Expanded 220 seed keywords to 385 variations
2026-09-21 22:39:13,521 - INFO - Language: en
2026-09-21 22:39:13,521 - INFO - Region: us
2026-09-21 22:42:31,011 - INFO - 🎯 After all filtering for 'amd': 119 relevant keywords
2026-09-21 22:42:33,391 - INFO - 🎯 Found 5 new keywords for niche 'amd': amd affordable autofocus speed, amd affordable processor efficiency, cheap alternatives autofocus speed, best authentic autofocus speed, how to autofocus speed brand
2026-09-21 22:42:49,580 - INFO - ✅ Niche 'amd' process complete! 805 total keyword results.
2026-09-21 22:42:49,580 - INFO - ✅ Completed processing niche: 'amd'
2026-09-21 22:42:49,581 - INFO - 🔧 Request Handler final stats - Success rate: 100.0%
2026-09-21 22:42:49,581 - INFO -    Total requests: 202613, Blocks: 1
2026-09-21 22:42:49,581 - INFO - 
========================================
2026-09-21 22:42:49,582 - INFO - Process Summary:
2026-09-21 22:42:49,582 - INFO - - Current niche: 'amd'
2026-09-21 22:42:49,582 - INFO - - Next niche will be: 'canon'
2026-09-21 22:42:49,582 - INFO - - Keywords saved in: languages/english/keywords/amd/
2026-09-21 22:42:49,582 - INFO - ========================================
