2026-08-20 07:56:45,721 - INFO - Log file created at: /home/runner/work/potensitech.com/potensitech.com/languages/english/keywords/logs/kw_search_20260820_075645.log
2026-08-20 07:56:45,721 - INFO - ============================================================
2026-08-20 07:56:45,721 - INFO - AUTOMATIC KEYWORD RESEARCH TOOL
2026-08-20 07:56:45,721 - INFO - ============================================================
2026-08-20 07:56:46,014 - INFO - ========================================
2026-08-20 07:56:46,014 - INFO - Found 14 niches to process: xiaomi, iphone, samsung, apple, sony, asus, philips, sandisk, intel, nvidia, amd, canon, nikon, huawei
2026-08-20 07:56:46,014 - INFO - ========================================
2026-08-20 07:56:46,014 - INFO - Continuing from last processed niche: sandisk
2026-08-20 07:56:46,014 - INFO - ========================================
2026-08-20 07:56:46,014 - INFO - 🎯 PROCESSING NICHE 9/14: 'intel'
2026-08-20 07:56:46,014 - INFO - ========================================
2026-08-20 07:56:46,014 - INFO - 📁 Niche directory: /home/runner/work/potensitech.com/potensitech.com/languages/english/keywords/intel
2026-08-20 07:56:46,014 - INFO - Selected region: us
2026-08-20 07:56:46,014 - INFO - Selected language: en
2026-08-20 07:56:46,015 - INFO - 🎯 Current niche: intel
2026-08-20 07:56:46,729 - INFO - 🎯 Niche terms for filtering: intel, cheap, best, latest, review, price, sell, buy, recommendation, tips, tutorial, guide, how to, vs, versus, compared to, comparison, alternatives, which is better, expensive, discount, deals, sale, affordable, cost, online, offline, marketplace, store, shop, retailer, where to buy, worst, quality, original, genuine, fake, replica, authentic, brand, manufacturer, company, product, intel product, sell intel, buy intel, cheap intel, best intel, intel review, where to buy intel, how to choose intel, top intel, intel guide, intel for sale, intel deals
2026-08-20 07:56:46,730 - INFO - Generated 50 niche-clue pairs for 'intel'.
2026-08-20 07:56:46,733 - INFO - Expanded 50 seed keywords to 218 variations
2026-08-20 07:56:46,738 - INFO - 🔧 Request Handler initialized - Success rate: 100.0%
2026-08-20 08:01:09,846 - INFO - Original clue keywords: megapixels, autofocus
2026-08-20 08:01:09,846 - INFO - Niche-focused seeds: megapixels intel, intel megapixels, megapixels cheap, cheap megapixels, megapixels best, best megapixels, megapixels latest, latest megapixels, megapixels review, review megapixels, megapixels price, price megapixels, megapixels sell, sell megapixels, megapixels buy, buy megapixels, megapixels recommendation, recommendation megapixels, megapixels tips, tips megapixels, megapixels tutorial, tutorial megapixels, megapixels guide, guide megapixels, megapixels how to, how to megapixels, megapixels vs, vs megapixels, megapixels versus, versus megapixels, megapixels compared to, compared to megapixels, megapixels comparison, comparison megapixels, megapixels alternatives, alternatives megapixels, megapixels which is better, which is better megapixels, megapixels expensive, expensive megapixels, megapixels discount, discount megapixels, megapixels deals, deals megapixels, megapixels sale, sale megapixels, megapixels affordable, affordable megapixels, megapixels cost, cost megapixels, megapixels online, online megapixels, megapixels offline, offline megapixels, megapixels marketplace, marketplace megapixels, megapixels store, store megapixels, megapixels shop, shop megapixels, megapixels retailer, retailer megapixels, megapixels where to buy, where to buy megapixels, megapixels worst, worst megapixels, megapixels quality, quality megapixels, megapixels original, original megapixels, megapixels genuine, genuine megapixels, megapixels fake, fake megapixels, megapixels replica, replica megapixels, megapixels authentic, authentic megapixels, megapixels brand, brand megapixels, megapixels manufacturer, manufacturer megapixels, megapixels company, company megapixels, megapixels product, product megapixels, megapixels intel product, intel product megapixels, megapixels sell intel, sell intel megapixels, megapixels buy intel, buy intel megapixels, megapixels cheap intel, cheap intel megapixels, megapixels best intel, best intel megapixels, megapixels intel review, intel review megapixels, megapixels where to buy intel, where to buy intel megapixels, megapixels how to choose intel, how to choose intel megapixels, megapixels top intel, top intel megapixels, megapixels intel guide, intel guide megapixels, megapixels intel for sale, intel for sale megapixels, megapixels intel deals, intel deals megapixels, autofocus intel, intel autofocus, autofocus cheap, cheap autofocus, autofocus best, best autofocus, autofocus latest, latest autofocus, autofocus review, review autofocus, autofocus price, price autofocus, autofocus sell, sell autofocus, autofocus buy, buy autofocus, autofocus recommendation, recommendation autofocus, autofocus tips, tips autofocus, autofocus tutorial, tutorial autofocus, autofocus guide, guide autofocus, autofocus how to, how to autofocus, autofocus vs, vs autofocus, autofocus versus, versus autofocus, autofocus compared to, compared to autofocus, autofocus comparison, comparison autofocus, autofocus alternatives, alternatives autofocus, autofocus which is better, which is better autofocus, autofocus expensive, expensive autofocus, autofocus discount, discount autofocus, autofocus deals, deals autofocus, autofocus sale, sale autofocus, autofocus affordable, affordable autofocus, autofocus cost, cost autofocus, autofocus online, online autofocus, autofocus offline, offline autofocus, autofocus marketplace, marketplace autofocus, autofocus store, store autofocus, autofocus shop, shop autofocus, autofocus retailer, retailer autofocus, autofocus where to buy, where to buy autofocus, autofocus worst, worst autofocus, autofocus quality, quality autofocus, autofocus original, original autofocus, autofocus genuine, genuine autofocus, autofocus fake, fake autofocus, autofocus replica, replica autofocus, autofocus authentic, authentic autofocus, autofocus brand, brand autofocus, autofocus manufacturer, manufacturer autofocus, autofocus company, company autofocus, autofocus product, product autofocus, autofocus intel product, intel product autofocus, autofocus sell intel, sell intel autofocus, autofocus buy intel, buy intel autofocus, autofocus cheap intel, cheap intel autofocus, autofocus best intel, best intel autofocus, autofocus intel review, intel review autofocus, autofocus where to buy intel, where to buy intel autofocus, autofocus how to choose intel, how to choose intel autofocus, autofocus top intel, top intel autofocus, autofocus intel guide, intel guide autofocus, autofocus intel for sale, intel for sale autofocus, autofocus intel deals, intel deals autofocus
2026-08-20 08:01:09,850 - INFO - Expanded 220 seed keywords to 385 variations
2026-08-20 08:01:09,850 - INFO - Language: en
2026-08-20 08:01:09,850 - INFO - Region: us
2026-08-20 08:05:38,502 - INFO - 🎯 After all filtering for 'intel': 120 relevant keywords
2026-08-20 08:05:38,869 - INFO - 🎯 Found 5 new keywords for niche 'intel': intel affordable autofocus, cheap affordable autofocus, best affordable autofocus, intel affordable megapixels, cheap affordable megapixels
2026-08-20 08:05:39,364 - INFO - ✅ Niche 'intel' process complete! 1000 total keyword results.
2026-08-20 08:05:39,364 - INFO - ✅ Completed processing niche: 'intel'
2026-08-20 08:05:39,364 - INFO - 🔧 Request Handler final stats - Success rate: 100.0%
2026-08-20 08:05:39,364 - INFO -    Total requests: 176189, Blocks: 1
2026-08-20 08:05:39,365 - INFO - 
========================================
2026-08-20 08:05:39,366 - INFO - Process Summary:
2026-08-20 08:05:39,366 - INFO - - Current niche: 'intel'
2026-08-20 08:05:39,366 - INFO - - Next niche will be: 'nvidia'
2026-08-20 08:05:39,366 - INFO - - Keywords saved in: languages/english/keywords/intel/
2026-08-20 08:05:39,366 - INFO - ========================================
