2026-08-08 05:29:41,888 - INFO - Log file created at: /home/runner/work/potensitech.com/potensitech.com/languages/english/keywords/logs/kw_search_20260808_052941.log
2026-08-08 05:29:41,888 - INFO - ============================================================
2026-08-08 05:29:41,888 - INFO - AUTOMATIC KEYWORD RESEARCH TOOL
2026-08-08 05:29:41,888 - INFO - ============================================================
2026-08-08 05:29:42,157 - INFO - ========================================
2026-08-08 05:29:42,157 - INFO - Found 14 niches to process: xiaomi, iphone, samsung, apple, sony, asus, philips, sandisk, intel, nvidia, amd, canon, nikon, huawei
2026-08-08 05:29:42,157 - INFO - ========================================
2026-08-08 05:29:42,157 - INFO - Continuing from last processed niche: nikon
2026-08-08 05:29:42,157 - INFO - ========================================
2026-08-08 05:29:42,157 - INFO - 🎯 PROCESSING NICHE 14/14: 'huawei'
2026-08-08 05:29:42,157 - INFO - ========================================
2026-08-08 05:29:42,157 - INFO - 📁 Niche directory: /home/runner/work/potensitech.com/potensitech.com/languages/english/keywords/huawei
2026-08-08 05:29:42,158 - INFO - Selected region: us
2026-08-08 05:29:42,158 - INFO - Selected language: en
2026-08-08 05:29:42,158 - INFO - 🎯 Current niche: huawei
2026-08-08 05:29:42,849 - INFO - 🎯 Niche terms for filtering: huawei, cheap, best, latest, review, price, sell, buy, recommendation, tips, tutorial, guide, how to, vs, versus, compared to, comparison, alternatives, which is better, expensive, discount, deals, sale, affordable, cost, online, offline, marketplace, store, shop, retailer, where to buy, worst, quality, original, genuine, fake, replica, authentic, brand, manufacturer, company, product, huawei product, sell huawei, buy huawei, cheap huawei, best huawei, huawei review, where to buy huawei, how to choose huawei, top huawei, huawei guide, huawei for sale, huawei deals
2026-08-08 05:29:42,850 - INFO - Generated 50 niche-clue pairs for 'huawei'.
2026-08-08 05:29:42,853 - INFO - Expanded 50 seed keywords to 218 variations
2026-08-08 05:29:42,854 - INFO - 🔧 Request Handler initialized - Success rate: 100.0%
2026-08-08 05:34:05,370 - INFO - Original clue keywords: mirrorless photography, chip performance
2026-08-08 05:34:05,370 - INFO - Niche-focused seeds: mirrorless photography huawei, huawei mirrorless photography, mirrorless photography cheap, cheap mirrorless photography, mirrorless photography best, best mirrorless photography, mirrorless photography latest, latest mirrorless photography, mirrorless photography review, review mirrorless photography, mirrorless photography price, price mirrorless photography, mirrorless photography sell, sell mirrorless photography, mirrorless photography buy, buy mirrorless photography, mirrorless photography recommendation, recommendation mirrorless photography, mirrorless photography tips, tips mirrorless photography, mirrorless photography tutorial, tutorial mirrorless photography, mirrorless photography guide, guide mirrorless photography, mirrorless photography how to, how to mirrorless photography, mirrorless photography vs, vs mirrorless photography, mirrorless photography versus, versus mirrorless photography, mirrorless photography compared to, compared to mirrorless photography, mirrorless photography comparison, comparison mirrorless photography, mirrorless photography alternatives, alternatives mirrorless photography, mirrorless photography which is better, which is better mirrorless photography, mirrorless photography expensive, expensive mirrorless photography, mirrorless photography discount, discount mirrorless photography, mirrorless photography deals, deals mirrorless photography, mirrorless photography sale, sale mirrorless photography, mirrorless photography affordable, affordable mirrorless photography, mirrorless photography cost, cost mirrorless photography, mirrorless photography online, online mirrorless photography, mirrorless photography offline, offline mirrorless photography, mirrorless photography marketplace, marketplace mirrorless photography, mirrorless photography store, store mirrorless photography, mirrorless photography shop, shop mirrorless photography, mirrorless photography retailer, retailer mirrorless photography, mirrorless photography where to buy, where to buy mirrorless photography, mirrorless photography worst, worst mirrorless photography, mirrorless photography quality, quality mirrorless photography, mirrorless photography original, original mirrorless photography, mirrorless photography genuine, genuine mirrorless photography, mirrorless photography fake, fake mirrorless photography, mirrorless photography replica, replica mirrorless photography, mirrorless photography authentic, authentic mirrorless photography, mirrorless photography brand, brand mirrorless photography, mirrorless photography manufacturer, manufacturer mirrorless photography, mirrorless photography company, company mirrorless photography, mirrorless photography product, product mirrorless photography, mirrorless photography huawei product, huawei product mirrorless photography, mirrorless photography sell huawei, sell huawei mirrorless photography, mirrorless photography buy huawei, buy huawei mirrorless photography, mirrorless photography cheap huawei, cheap huawei mirrorless photography, mirrorless photography best huawei, best huawei mirrorless photography, mirrorless photography huawei review, huawei review mirrorless photography, mirrorless photography where to buy huawei, where to buy huawei mirrorless photography, mirrorless photography how to choose huawei, how to choose huawei mirrorless photography, mirrorless photography top huawei, top huawei mirrorless photography, mirrorless photography huawei guide, huawei guide mirrorless photography, mirrorless photography huawei for sale, huawei for sale mirrorless photography, mirrorless photography huawei deals, huawei deals mirrorless photography, chip performance huawei, huawei chip performance, chip performance cheap, cheap chip performance, chip performance best, best chip performance, chip performance latest, latest chip performance, chip performance review, review chip performance, chip performance price, price chip performance, chip performance sell, sell chip performance, chip performance buy, buy chip performance, chip performance recommendation, recommendation chip performance, chip performance tips, tips chip performance, chip performance tutorial, tutorial chip performance, chip performance guide, guide chip performance, chip performance how to, how to chip performance, chip performance vs, vs chip performance, chip performance versus, versus chip performance, chip performance compared to, compared to chip performance, chip performance comparison, comparison chip performance, chip performance alternatives, alternatives chip performance, chip performance which is better, which is better chip performance, chip performance expensive, expensive chip performance, chip performance discount, discount chip performance, chip performance deals, deals chip performance, chip performance sale, sale chip performance, chip performance affordable, affordable chip performance, chip performance cost, cost chip performance, chip performance online, online chip performance, chip performance offline, offline chip performance, chip performance marketplace, marketplace chip performance, chip performance store, store chip performance, chip performance shop, shop chip performance, chip performance retailer, retailer chip performance, chip performance where to buy, where to buy chip performance, chip performance worst, worst chip performance, chip performance quality, quality chip performance, chip performance original, original chip performance, chip performance genuine, genuine chip performance, chip performance fake, fake chip performance, chip performance replica, replica chip performance, chip performance authentic, authentic chip performance, chip performance brand, brand chip performance, chip performance manufacturer, manufacturer chip performance, chip performance company, company chip performance, chip performance product, product chip performance, chip performance huawei product, huawei product chip performance, chip performance sell huawei, sell huawei chip performance, chip performance buy huawei, buy huawei chip performance, chip performance cheap huawei, cheap huawei chip performance, chip performance best huawei, best huawei chip performance, chip performance huawei review, huawei review chip performance, chip performance where to buy huawei, where to buy huawei chip performance, chip performance how to choose huawei, how to choose huawei chip performance, chip performance top huawei, top huawei chip performance, chip performance huawei guide, huawei guide chip performance, chip performance huawei for sale, huawei for sale chip performance, chip performance huawei deals, huawei deals chip performance
2026-08-08 05:34:05,374 - INFO - Expanded 220 seed keywords to 385 variations
2026-08-08 05:34:05,374 - INFO - Language: en
2026-08-08 05:34:05,374 - INFO - Region: us
2026-08-08 05:38:36,913 - INFO - 🎯 After all filtering for 'huawei': 120 relevant keywords
2026-08-08 05:38:38,111 - INFO - 🎯 Found 5 new keywords for niche 'huawei': huawei affordable chip performance, huawei affordable mirrorless photography, cheap alternatives chip performance, cheap alternatives mirrorless photography, best authentic chip performance
2026-08-08 05:38:38,542 - INFO - ✅ Niche 'huawei' process complete! 627 total keyword results.
2026-08-08 05:38:38,542 - INFO - ✅ Completed processing niche: 'huawei'
2026-08-08 05:38:38,542 - INFO - 🔧 Request Handler final stats - Success rate: 100.0%
2026-08-08 05:38:38,542 - INFO -    Total requests: 166879, Blocks: 1
2026-08-08 05:38:38,543 - INFO - 
========================================
2026-08-08 05:38:38,543 - INFO - Process Summary:
2026-08-08 05:38:38,543 - INFO - - Current niche: 'huawei'
2026-08-08 05:38:38,543 - INFO - - Next niche will be: 'xiaomi'
2026-08-08 05:38:38,543 - INFO - - Keywords saved in: languages/english/keywords/huawei/
2026-08-08 05:38:38,544 - INFO - ========================================
