2026-09-20 13:40:30,834 - INFO - Log file created at: /home/runner/work/potensitech.com/potensitech.com/languages/english/keywords/logs/kw_search_20260920_134030.log
2026-09-20 13:40:30,835 - INFO - ============================================================
2026-09-20 13:40:30,835 - INFO - AUTOMATIC KEYWORD RESEARCH TOOL
2026-09-20 13:40:30,835 - INFO - ============================================================
2026-09-20 13:40:31,221 - INFO - ========================================
2026-09-20 13:40:31,221 - INFO - Found 14 niches to process: xiaomi, iphone, samsung, apple, sony, asus, philips, sandisk, intel, nvidia, amd, canon, nikon, huawei
2026-09-20 13:40:31,221 - INFO - ========================================
2026-09-20 13:40:31,221 - INFO - Continuing from last processed niche: nvidia
2026-09-20 13:40:31,221 - INFO - ========================================
2026-09-20 13:40:31,221 - INFO - 🎯 PROCESSING NICHE 11/14: 'amd'
2026-09-20 13:40:31,221 - INFO - ========================================
2026-09-20 13:40:31,221 - INFO - 📁 Niche directory: /home/runner/work/potensitech.com/potensitech.com/languages/english/keywords/amd
2026-09-20 13:40:31,221 - INFO - Selected region: us
2026-09-20 13:40:31,221 - INFO - Selected language: en
2026-09-20 13:40:31,221 - INFO - 🎯 Current niche: amd
2026-09-20 13:40:42,024 - INFO - 🎯 Niche terms for filtering: amd, cheap, best, latest, review, price, sell, buy, recommendation, tips, tutorial, guide, how to, vs, versus, compared to, comparison, alternatives, which is better, expensive, discount, deals, sale, affordable, cost, online, offline, marketplace, store, shop, retailer, where to buy, worst, quality, original, genuine, fake, replica, authentic, brand, manufacturer, company, product, amd product, sell amd, buy amd, cheap amd, best amd, amd review, where to buy amd, how to choose amd, top amd, amd guide, amd for sale, amd deals
2026-09-20 13:40:42,024 - INFO - Generated 50 niche-clue pairs for 'amd'.
2026-09-20 13:40:42,027 - INFO - Expanded 50 seed keywords to 218 variations
2026-09-20 13:40:42,028 - INFO - 🔧 Request Handler initialized - Success rate: 100.0%
2026-09-20 13:45:08,794 - INFO - Original clue keywords: ssd storage, portable ssd
2026-09-20 13:45:08,794 - INFO - Niche-focused seeds: ssd storage amd, amd ssd storage, ssd storage cheap, cheap ssd storage, ssd storage best, best ssd storage, ssd storage latest, latest ssd storage, ssd storage review, review ssd storage, ssd storage price, price ssd storage, ssd storage sell, sell ssd storage, ssd storage buy, buy ssd storage, ssd storage recommendation, recommendation ssd storage, ssd storage tips, tips ssd storage, ssd storage tutorial, tutorial ssd storage, ssd storage guide, guide ssd storage, ssd storage how to, how to ssd storage, ssd storage vs, vs ssd storage, ssd storage versus, versus ssd storage, ssd storage compared to, compared to ssd storage, ssd storage comparison, comparison ssd storage, ssd storage alternatives, alternatives ssd storage, ssd storage which is better, which is better ssd storage, ssd storage expensive, expensive ssd storage, ssd storage discount, discount ssd storage, ssd storage deals, deals ssd storage, ssd storage sale, sale ssd storage, ssd storage affordable, affordable ssd storage, ssd storage cost, cost ssd storage, ssd storage online, online ssd storage, ssd storage offline, offline ssd storage, ssd storage marketplace, marketplace ssd storage, ssd storage store, store ssd storage, ssd storage shop, shop ssd storage, ssd storage retailer, retailer ssd storage, ssd storage where to buy, where to buy ssd storage, ssd storage worst, worst ssd storage, ssd storage quality, quality ssd storage, ssd storage original, original ssd storage, ssd storage genuine, genuine ssd storage, ssd storage fake, fake ssd storage, ssd storage replica, replica ssd storage, ssd storage authentic, authentic ssd storage, ssd storage brand, brand ssd storage, ssd storage manufacturer, manufacturer ssd storage, ssd storage company, company ssd storage, ssd storage product, product ssd storage, ssd storage amd product, amd product ssd storage, ssd storage sell amd, sell amd ssd storage, ssd storage buy amd, buy amd ssd storage, ssd storage cheap amd, cheap amd ssd storage, ssd storage best amd, best amd ssd storage, ssd storage amd review, amd review ssd storage, ssd storage where to buy amd, where to buy amd ssd storage, ssd storage how to choose amd, how to choose amd ssd storage, ssd storage top amd, top amd ssd storage, ssd storage amd guide, amd guide ssd storage, ssd storage amd for sale, amd for sale ssd storage, ssd storage amd deals, amd deals ssd storage, portable ssd amd, amd portable ssd, portable ssd cheap, cheap portable ssd, portable ssd best, best portable ssd, portable ssd latest, latest portable ssd, portable ssd review, review portable ssd, portable ssd price, price portable ssd, portable ssd sell, sell portable ssd, portable ssd buy, buy portable ssd, portable ssd recommendation, recommendation portable ssd, portable ssd tips, tips portable ssd, portable ssd tutorial, tutorial portable ssd, portable ssd guide, guide portable ssd, portable ssd how to, how to portable ssd, portable ssd vs, vs portable ssd, portable ssd versus, versus portable ssd, portable ssd compared to, compared to portable ssd, portable ssd comparison, comparison portable ssd, portable ssd alternatives, alternatives portable ssd, portable ssd which is better, which is better portable ssd, portable ssd expensive, expensive portable ssd, portable ssd discount, discount portable ssd, portable ssd deals, deals portable ssd, portable ssd sale, sale portable ssd, portable ssd affordable, affordable portable ssd, portable ssd cost, cost portable ssd, portable ssd online, online portable ssd, portable ssd offline, offline portable ssd, portable ssd marketplace, marketplace portable ssd, portable ssd store, store portable ssd, portable ssd shop, shop portable ssd, portable ssd retailer, retailer portable ssd, portable ssd where to buy, where to buy portable ssd, portable ssd worst, worst portable ssd, portable ssd quality, quality portable ssd, portable ssd original, original portable ssd, portable ssd genuine, genuine portable ssd, portable ssd fake, fake portable ssd, portable ssd replica, replica portable ssd, portable ssd authentic, authentic portable ssd, portable ssd brand, brand portable ssd, portable ssd manufacturer, manufacturer portable ssd, portable ssd company, company portable ssd, portable ssd product, product portable ssd, portable ssd amd product, amd product portable ssd, portable ssd sell amd, sell amd portable ssd, portable ssd buy amd, buy amd portable ssd, portable ssd cheap amd, cheap amd portable ssd, portable ssd best amd, best amd portable ssd, portable ssd amd review, amd review portable ssd, portable ssd where to buy amd, where to buy amd portable ssd, portable ssd how to choose amd, how to choose amd portable ssd, portable ssd top amd, top amd portable ssd, portable ssd amd guide, amd guide portable ssd, portable ssd amd for sale, amd for sale portable ssd, portable ssd amd deals, amd deals portable ssd
2026-09-20 13:45:08,798 - INFO - Expanded 220 seed keywords to 385 variations
2026-09-20 13:45:08,798 - INFO - Language: en
2026-09-20 13:45:08,798 - INFO - Region: us
2026-09-20 13:48:29,805 - INFO - 🎯 After all filtering for 'amd': 120 relevant keywords
2026-09-20 13:48:32,278 - INFO - 🎯 Found 5 new keywords for niche 'amd': amd affordable portable ssd, cheap alternatives portable ssd, amd alternatives ssd storage, best authentic portable ssd, how to brand portable ssd
2026-09-20 13:48:47,993 - INFO - ✅ Niche 'amd' process complete! 803 total keyword results.
2026-09-20 13:48:47,994 - INFO - ✅ Completed processing niche: 'amd'
2026-09-20 13:48:47,994 - INFO - 🔧 Request Handler final stats - Success rate: 100.0%
2026-09-20 13:48:47,994 - INFO -    Total requests: 201645, Blocks: 1
2026-09-20 13:48:47,995 - INFO - 
========================================
2026-09-20 13:48:47,995 - INFO - Process Summary:
2026-09-20 13:48:47,995 - INFO - - Current niche: 'amd'
2026-09-20 13:48:47,995 - INFO - - Next niche will be: 'canon'
2026-09-20 13:48:47,995 - INFO - - Keywords saved in: languages/english/keywords/amd/
2026-09-20 13:48:47,996 - INFO - ========================================
