2026-09-20 17:31:10,598 - INFO - Log file created at: /home/runner/work/potensitech.com/potensitech.com/languages/english/keywords/logs/kw_search_20260920_173110.log
2026-09-20 17:31:10,598 - INFO - ============================================================
2026-09-20 17:31:10,598 - INFO - AUTOMATIC KEYWORD RESEARCH TOOL
2026-09-20 17:31:10,598 - INFO - ============================================================
2026-09-20 17:31:10,992 - INFO - ========================================
2026-09-20 17:31:10,992 - INFO - Found 14 niches to process: xiaomi, iphone, samsung, apple, sony, asus, philips, sandisk, intel, nvidia, amd, canon, nikon, huawei
2026-09-20 17:31:10,992 - INFO - ========================================
2026-09-20 17:31:10,992 - INFO - Continuing from last processed niche: canon
2026-09-20 17:31:10,992 - INFO - ========================================
2026-09-20 17:31:10,992 - INFO - 🎯 PROCESSING NICHE 13/14: 'nikon'
2026-09-20 17:31:10,992 - INFO - ========================================
2026-09-20 17:31:10,992 - INFO - 📁 Niche directory: /home/runner/work/potensitech.com/potensitech.com/languages/english/keywords/nikon
2026-09-20 17:31:10,992 - INFO - Selected region: us
2026-09-20 17:31:10,993 - INFO - Selected language: en
2026-09-20 17:31:10,993 - INFO - 🎯 Current niche: nikon
2026-09-20 17:31:21,813 - INFO - 🎯 Niche terms for filtering: nikon, cheap, best, latest, review, price, sell, buy, recommendation, tips, tutorial, guide, how to, vs, versus, compared to, comparison, alternatives, which is better, expensive, discount, deals, sale, affordable, cost, online, offline, marketplace, store, shop, retailer, where to buy, worst, quality, original, genuine, fake, replica, authentic, brand, manufacturer, company, product, nikon product, sell nikon, buy nikon, cheap nikon, best nikon, nikon review, where to buy nikon, how to choose nikon, top nikon, nikon guide, nikon for sale, nikon deals
2026-09-20 17:31:21,814 - INFO - Generated 50 niche-clue pairs for 'nikon'.
2026-09-20 17:31:21,817 - INFO - Expanded 50 seed keywords to 218 variations
2026-09-20 17:31:21,818 - INFO - 🔧 Request Handler initialized - Success rate: 100.0%
2026-09-20 17:35:43,888 - INFO - Original clue keywords: overclocking capability
2026-09-20 17:35:43,888 - INFO - Niche-focused seeds: overclocking capability nikon, nikon overclocking capability, overclocking capability cheap, cheap overclocking capability, overclocking capability best, best overclocking capability, overclocking capability latest, latest overclocking capability, overclocking capability review, review overclocking capability, overclocking capability price, price overclocking capability, overclocking capability sell, sell overclocking capability, overclocking capability buy, buy overclocking capability, overclocking capability recommendation, recommendation overclocking capability, overclocking capability tips, tips overclocking capability, overclocking capability tutorial, tutorial overclocking capability, overclocking capability guide, guide overclocking capability, overclocking capability how to, how to overclocking capability, overclocking capability vs, vs overclocking capability, overclocking capability versus, versus overclocking capability, overclocking capability compared to, compared to overclocking capability, overclocking capability comparison, comparison overclocking capability, overclocking capability alternatives, alternatives overclocking capability, overclocking capability which is better, which is better overclocking capability, overclocking capability expensive, expensive overclocking capability, overclocking capability discount, discount overclocking capability, overclocking capability deals, deals overclocking capability, overclocking capability sale, sale overclocking capability, overclocking capability affordable, affordable overclocking capability, overclocking capability cost, cost overclocking capability, overclocking capability online, online overclocking capability, overclocking capability offline, offline overclocking capability, overclocking capability marketplace, marketplace overclocking capability, overclocking capability store, store overclocking capability, overclocking capability shop, shop overclocking capability, overclocking capability retailer, retailer overclocking capability, overclocking capability where to buy, where to buy overclocking capability, overclocking capability worst, worst overclocking capability, overclocking capability quality, quality overclocking capability, overclocking capability original, original overclocking capability, overclocking capability genuine, genuine overclocking capability, overclocking capability fake, fake overclocking capability, overclocking capability replica, replica overclocking capability, overclocking capability authentic, authentic overclocking capability, overclocking capability brand, brand overclocking capability, overclocking capability manufacturer, manufacturer overclocking capability, overclocking capability company, company overclocking capability, overclocking capability product, product overclocking capability, overclocking capability nikon product, nikon product overclocking capability, overclocking capability sell nikon, sell nikon overclocking capability, overclocking capability buy nikon, buy nikon overclocking capability, overclocking capability cheap nikon, cheap nikon overclocking capability, overclocking capability best nikon, best nikon overclocking capability, overclocking capability nikon review, nikon review overclocking capability, overclocking capability where to buy nikon, where to buy nikon overclocking capability, overclocking capability how to choose nikon, how to choose nikon overclocking capability, overclocking capability top nikon, top nikon overclocking capability, overclocking capability nikon guide, nikon guide overclocking capability, overclocking capability nikon for sale, nikon for sale overclocking capability, overclocking capability nikon deals, nikon deals overclocking capability
2026-09-20 17:35:43,891 - INFO - Expanded 110 seed keywords to 275 variations
2026-09-20 17:35:43,892 - INFO - Language: en
2026-09-20 17:35:43,892 - INFO - Region: us
2026-09-20 17:40:13,380 - INFO - 🎯 After all filtering for 'nikon': 120 relevant keywords
2026-09-20 17:40:17,871 - INFO - 🎯 Found 4 new keywords for niche 'nikon': nikon affordable overclocking capability, cheap alternatives overclocking capability, best authentic overclocking capability, how to brand overclocking capability
2026-09-20 17:40:34,268 - INFO - ✅ Niche 'nikon' process complete! 713 total keyword results.
2026-09-20 17:40:34,268 - INFO - ✅ Completed processing niche: 'nikon'
2026-09-20 17:40:34,268 - INFO - 🔧 Request Handler final stats - Success rate: 100.0%
2026-09-20 17:40:34,268 - INFO -    Total requests: 201845, Blocks: 1
2026-09-20 17:40:34,270 - INFO - 
========================================
2026-09-20 17:40:34,270 - INFO - Process Summary:
2026-09-20 17:40:34,270 - INFO - - Current niche: 'nikon'
2026-09-20 17:40:34,270 - INFO - - Next niche will be: 'huawei'
2026-09-20 17:40:34,270 - INFO - - Keywords saved in: languages/english/keywords/nikon/
2026-09-20 17:40:34,270 - INFO - ========================================
