2026-09-11 12:12:50,661 - INFO - Log file created at: /home/runner/work/potensitech.com/potensitech.com/languages/english/keywords/logs/kw_search_20260911_121250.log
2026-09-11 12:12:50,661 - INFO - ============================================================
2026-09-11 12:12:50,661 - INFO - AUTOMATIC KEYWORD RESEARCH TOOL
2026-09-11 12:12:50,661 - INFO - ============================================================
2026-09-11 12:12:50,917 - INFO - ========================================
2026-09-11 12:12:50,917 - INFO - Found 14 niches to process: xiaomi, iphone, samsung, apple, sony, asus, philips, sandisk, intel, nvidia, amd, canon, nikon, huawei
2026-09-11 12:12:50,917 - INFO - ========================================
2026-09-11 12:12:50,917 - INFO - Continuing from last processed niche: samsung
2026-09-11 12:12:50,917 - INFO - ========================================
2026-09-11 12:12:50,917 - INFO - 🎯 PROCESSING NICHE 4/14: 'apple'
2026-09-11 12:12:50,917 - INFO - ========================================
2026-09-11 12:12:50,917 - INFO - 📁 Niche directory: /home/runner/work/potensitech.com/potensitech.com/languages/english/keywords/apple
2026-09-11 12:12:50,917 - INFO - Selected region: us
2026-09-11 12:12:50,917 - INFO - Selected language: en
2026-09-11 12:12:50,917 - INFO - 🎯 Current niche: apple
2026-09-11 12:13:01,763 - INFO - 🎯 Niche terms for filtering: apple, cheap, best, latest, review, price, sell, buy, recommendation, tips, tutorial, guide, how to, vs, versus, compared to, comparison, alternatives, which is better, expensive, discount, deals, sale, affordable, cost, online, offline, marketplace, store, shop, retailer, where to buy, worst, quality, original, genuine, fake, replica, authentic, brand, manufacturer, company, product, apple product, sell apple, buy apple, cheap apple, best apple, apple review, where to buy apple, how to choose apple, top apple, apple guide, apple for sale, apple deals
2026-09-11 12:13:01,763 - INFO - Generated 50 niche-clue pairs for 'apple'.
2026-09-11 12:13:01,765 - INFO - Expanded 50 seed keywords to 218 variations
2026-09-11 12:13:01,766 - INFO - 🔧 Request Handler initialized - Success rate: 100.0%
2026-09-11 12:17:27,691 - INFO - Original clue keywords: mobile processor, gaming phone
2026-09-11 12:17:27,691 - INFO - Niche-focused seeds: mobile processor apple, apple mobile processor, mobile processor cheap, cheap mobile processor, mobile processor best, best mobile processor, mobile processor latest, latest mobile processor, mobile processor review, review mobile processor, mobile processor price, price mobile processor, mobile processor sell, sell mobile processor, mobile processor buy, buy mobile processor, mobile processor recommendation, recommendation mobile processor, mobile processor tips, tips mobile processor, mobile processor tutorial, tutorial mobile processor, mobile processor guide, guide mobile processor, mobile processor how to, how to mobile processor, mobile processor vs, vs mobile processor, mobile processor versus, versus mobile processor, mobile processor compared to, compared to mobile processor, mobile processor comparison, comparison mobile processor, mobile processor alternatives, alternatives mobile processor, mobile processor which is better, which is better mobile processor, mobile processor expensive, expensive mobile processor, mobile processor discount, discount mobile processor, mobile processor deals, deals mobile processor, mobile processor sale, sale mobile processor, mobile processor affordable, affordable mobile processor, mobile processor cost, cost mobile processor, mobile processor online, online mobile processor, mobile processor offline, offline mobile processor, mobile processor marketplace, marketplace mobile processor, mobile processor store, store mobile processor, mobile processor shop, shop mobile processor, mobile processor retailer, retailer mobile processor, mobile processor where to buy, where to buy mobile processor, mobile processor worst, worst mobile processor, mobile processor quality, quality mobile processor, mobile processor original, original mobile processor, mobile processor genuine, genuine mobile processor, mobile processor fake, fake mobile processor, mobile processor replica, replica mobile processor, mobile processor authentic, authentic mobile processor, mobile processor brand, brand mobile processor, mobile processor manufacturer, manufacturer mobile processor, mobile processor company, company mobile processor, mobile processor product, product mobile processor, mobile processor apple product, apple product mobile processor, mobile processor sell apple, sell apple mobile processor, mobile processor buy apple, buy apple mobile processor, mobile processor cheap apple, cheap apple mobile processor, mobile processor best apple, best apple mobile processor, mobile processor apple review, apple review mobile processor, mobile processor where to buy apple, where to buy apple mobile processor, mobile processor how to choose apple, how to choose apple mobile processor, mobile processor top apple, top apple mobile processor, mobile processor apple guide, apple guide mobile processor, mobile processor apple for sale, apple for sale mobile processor, mobile processor apple deals, apple deals mobile processor, gaming phone apple, apple gaming phone, gaming phone cheap, cheap gaming phone, gaming phone best, best gaming phone, gaming phone latest, latest gaming phone, gaming phone review, review gaming phone, gaming phone price, price gaming phone, gaming phone sell, sell gaming phone, gaming phone buy, buy gaming phone, gaming phone recommendation, recommendation gaming phone, gaming phone tips, tips gaming phone, gaming phone tutorial, tutorial gaming phone, gaming phone guide, guide gaming phone, gaming phone how to, how to gaming phone, gaming phone vs, vs gaming phone, gaming phone versus, versus gaming phone, gaming phone compared to, compared to gaming phone, gaming phone comparison, comparison gaming phone, gaming phone alternatives, alternatives gaming phone, gaming phone which is better, which is better gaming phone, gaming phone expensive, expensive gaming phone, gaming phone discount, discount gaming phone, gaming phone deals, deals gaming phone, gaming phone sale, sale gaming phone, gaming phone affordable, affordable gaming phone, gaming phone cost, cost gaming phone, gaming phone online, online gaming phone, gaming phone offline, offline gaming phone, gaming phone marketplace, marketplace gaming phone, gaming phone store, store gaming phone, gaming phone shop, shop gaming phone, gaming phone retailer, retailer gaming phone, gaming phone where to buy, where to buy gaming phone, gaming phone worst, worst gaming phone, gaming phone quality, quality gaming phone, gaming phone original, original gaming phone, gaming phone genuine, genuine gaming phone, gaming phone fake, fake gaming phone, gaming phone replica, replica gaming phone, gaming phone authentic, authentic gaming phone, gaming phone brand, brand gaming phone, gaming phone manufacturer, manufacturer gaming phone, gaming phone company, company gaming phone, gaming phone product, product gaming phone, gaming phone apple product, apple product gaming phone, gaming phone sell apple, sell apple gaming phone, gaming phone buy apple, buy apple gaming phone, gaming phone cheap apple, cheap apple gaming phone, gaming phone best apple, best apple gaming phone, gaming phone apple review, apple review gaming phone, gaming phone where to buy apple, where to buy apple gaming phone, gaming phone how to choose apple, how to choose apple gaming phone, gaming phone top apple, top apple gaming phone, gaming phone apple guide, apple guide gaming phone, gaming phone apple for sale, apple for sale gaming phone, gaming phone apple deals, apple deals gaming phone
2026-09-11 12:17:27,693 - INFO - Expanded 220 seed keywords to 385 variations
2026-09-11 12:17:27,693 - INFO - Language: en
2026-09-11 12:17:27,693 - INFO - Region: us
2026-09-11 12:21:59,009 - INFO - 🎯 After all filtering for 'apple': 120 relevant keywords
2026-09-11 12:21:59,672 - INFO - 🎯 Found 5 new keywords for niche 'apple': apple affordable gaming phone, apple affordable mobile processor, cheap alternatives gaming phone, cheap alternatives mobile processor, best authentic gaming phone
2026-09-11 12:22:16,257 - INFO - ✅ Niche 'apple' process complete! 578 total keyword results.
2026-09-11 12:22:16,257 - INFO - ✅ Completed processing niche: 'apple'
2026-09-11 12:22:16,257 - INFO - 🔧 Request Handler final stats - Success rate: 100.0%
2026-09-11 12:22:16,257 - INFO -    Total requests: 193783, Blocks: 1
2026-09-11 12:22:16,258 - INFO - 
========================================
2026-09-11 12:22:16,258 - INFO - Process Summary:
2026-09-11 12:22:16,258 - INFO - - Current niche: 'apple'
2026-09-11 12:22:16,258 - INFO - - Next niche will be: 'sony'
2026-09-11 12:22:16,258 - INFO - - Keywords saved in: languages/english/keywords/apple/
2026-09-11 12:22:16,259 - INFO - ========================================
