2026-09-20 23:29:12,709 - INFO - Log file created at: /home/runner/work/potensitech.com/potensitech.com/languages/english/keywords/logs/kw_search_20260920_232912.log
2026-09-20 23:29:12,709 - INFO - ============================================================
2026-09-20 23:29:12,709 - INFO - AUTOMATIC KEYWORD RESEARCH TOOL
2026-09-20 23:29:12,709 - INFO - ============================================================
2026-09-20 23:29:13,017 - INFO - ========================================
2026-09-20 23:29:13,017 - INFO - Found 14 niches to process: xiaomi, iphone, samsung, apple, sony, asus, philips, sandisk, intel, nvidia, amd, canon, nikon, huawei
2026-09-20 23:29:13,017 - INFO - ========================================
2026-09-20 23:29:13,017 - INFO - Continuing from last processed niche: xiaomi
2026-09-20 23:29:13,017 - INFO - ========================================
2026-09-20 23:29:13,017 - INFO - 🎯 PROCESSING NICHE 2/14: 'iphone'
2026-09-20 23:29:13,017 - INFO - ========================================
2026-09-20 23:29:13,017 - INFO - 📁 Niche directory: /home/runner/work/potensitech.com/potensitech.com/languages/english/keywords/iphone
2026-09-20 23:29:13,018 - INFO - Selected region: us
2026-09-20 23:29:13,018 - INFO - Selected language: en
2026-09-20 23:29:13,018 - INFO - 🎯 Current niche: iphone
2026-09-20 23:29:23,966 - INFO - 🎯 Niche terms for filtering: iphone, cheap, best, latest, review, price, sell, buy, recommendation, tips, tutorial, guide, how to, vs, versus, compared to, comparison, alternatives, which is better, expensive, discount, deals, sale, affordable, cost, online, offline, marketplace, store, shop, retailer, where to buy, worst, quality, original, genuine, fake, replica, authentic, brand, manufacturer, company, product, iphone product, sell iphone, buy iphone, cheap iphone, best iphone, iphone review, where to buy iphone, how to choose iphone, top iphone, iphone guide, iphone for sale, iphone deals
2026-09-20 23:29:23,967 - INFO - Generated 50 niche-clue pairs for 'iphone'.
2026-09-20 23:29:23,969 - INFO - Expanded 50 seed keywords to 218 variations
2026-09-20 23:29:23,969 - INFO - 🔧 Request Handler initialized - Success rate: 100.0%
2026-09-20 23:33:46,763 - INFO - Original clue keywords: processor efficiency, autofocus speed
2026-09-20 23:33:46,763 - INFO - Niche-focused seeds: processor efficiency iphone, iphone processor efficiency, processor efficiency cheap, cheap processor efficiency, processor efficiency best, best processor efficiency, processor efficiency latest, latest processor efficiency, processor efficiency review, review processor efficiency, processor efficiency price, price processor efficiency, processor efficiency sell, sell processor efficiency, processor efficiency buy, buy processor efficiency, processor efficiency recommendation, recommendation processor efficiency, processor efficiency tips, tips processor efficiency, processor efficiency tutorial, tutorial processor efficiency, processor efficiency guide, guide processor efficiency, processor efficiency how to, how to processor efficiency, processor efficiency vs, vs processor efficiency, processor efficiency versus, versus processor efficiency, processor efficiency compared to, compared to processor efficiency, processor efficiency comparison, comparison processor efficiency, processor efficiency alternatives, alternatives processor efficiency, processor efficiency which is better, which is better processor efficiency, processor efficiency expensive, expensive processor efficiency, processor efficiency discount, discount processor efficiency, processor efficiency deals, deals processor efficiency, processor efficiency sale, sale processor efficiency, processor efficiency affordable, affordable processor efficiency, processor efficiency cost, cost processor efficiency, processor efficiency online, online processor efficiency, processor efficiency offline, offline processor efficiency, processor efficiency marketplace, marketplace processor efficiency, processor efficiency store, store processor efficiency, processor efficiency shop, shop processor efficiency, processor efficiency retailer, retailer processor efficiency, processor efficiency where to buy, where to buy processor efficiency, processor efficiency worst, worst processor efficiency, processor efficiency quality, quality processor efficiency, processor efficiency original, original processor efficiency, processor efficiency genuine, genuine processor efficiency, processor efficiency fake, fake processor efficiency, processor efficiency replica, replica processor efficiency, processor efficiency authentic, authentic processor efficiency, processor efficiency brand, brand processor efficiency, processor efficiency manufacturer, manufacturer processor efficiency, processor efficiency company, company processor efficiency, processor efficiency product, product processor efficiency, processor efficiency iphone product, iphone product processor efficiency, processor efficiency sell iphone, sell iphone processor efficiency, processor efficiency buy iphone, buy iphone processor efficiency, processor efficiency cheap iphone, cheap iphone processor efficiency, processor efficiency best iphone, best iphone processor efficiency, processor efficiency iphone review, iphone review processor efficiency, processor efficiency where to buy iphone, where to buy iphone processor efficiency, processor efficiency how to choose iphone, how to choose iphone processor efficiency, processor efficiency top iphone, top iphone processor efficiency, processor efficiency iphone guide, iphone guide processor efficiency, processor efficiency iphone for sale, iphone for sale processor efficiency, processor efficiency iphone deals, iphone deals processor efficiency, autofocus speed iphone, iphone autofocus speed, autofocus speed cheap, cheap autofocus speed, autofocus speed best, best autofocus speed, autofocus speed latest, latest autofocus speed, autofocus speed review, review autofocus speed, autofocus speed price, price autofocus speed, autofocus speed sell, sell autofocus speed, autofocus speed buy, buy autofocus speed, autofocus speed recommendation, recommendation autofocus speed, autofocus speed tips, tips autofocus speed, autofocus speed tutorial, tutorial autofocus speed, autofocus speed guide, guide autofocus speed, autofocus speed how to, how to autofocus speed, autofocus speed vs, vs autofocus speed, autofocus speed versus, versus autofocus speed, autofocus speed compared to, compared to autofocus speed, autofocus speed comparison, comparison autofocus speed, autofocus speed alternatives, alternatives autofocus speed, autofocus speed which is better, which is better autofocus speed, autofocus speed expensive, expensive autofocus speed, autofocus speed discount, discount autofocus speed, autofocus speed deals, deals autofocus speed, autofocus speed sale, sale autofocus speed, autofocus speed affordable, affordable autofocus speed, autofocus speed cost, cost autofocus speed, autofocus speed online, online autofocus speed, autofocus speed offline, offline autofocus speed, autofocus speed marketplace, marketplace autofocus speed, autofocus speed store, store autofocus speed, autofocus speed shop, shop autofocus speed, autofocus speed retailer, retailer autofocus speed, autofocus speed where to buy, where to buy autofocus speed, autofocus speed worst, worst autofocus speed, autofocus speed quality, quality autofocus speed, autofocus speed original, original autofocus speed, autofocus speed genuine, genuine autofocus speed, autofocus speed fake, fake autofocus speed, autofocus speed replica, replica autofocus speed, autofocus speed authentic, authentic autofocus speed, autofocus speed brand, brand autofocus speed, autofocus speed manufacturer, manufacturer autofocus speed, autofocus speed company, company autofocus speed, autofocus speed product, product autofocus speed, autofocus speed iphone product, iphone product autofocus speed, autofocus speed sell iphone, sell iphone autofocus speed, autofocus speed buy iphone, buy iphone autofocus speed, autofocus speed cheap iphone, cheap iphone autofocus speed, autofocus speed best iphone, best iphone autofocus speed, autofocus speed iphone review, iphone review autofocus speed, autofocus speed where to buy iphone, where to buy iphone autofocus speed, autofocus speed how to choose iphone, how to choose iphone autofocus speed, autofocus speed top iphone, top iphone autofocus speed, autofocus speed iphone guide, iphone guide autofocus speed, autofocus speed iphone for sale, iphone for sale autofocus speed, autofocus speed iphone deals, iphone deals autofocus speed
2026-09-20 23:33:46,765 - INFO - Expanded 220 seed keywords to 385 variations
2026-09-20 23:33:46,765 - INFO - Language: en
2026-09-20 23:33:46,765 - INFO - Region: us
2026-09-20 23:35:01,527 - INFO - 🎯 After all filtering for 'iphone': 120 relevant keywords
2026-09-20 23:35:02,484 - INFO - 🎯 Found 4 new keywords for niche 'iphone': iphone affordable autofocus speed, iphone affordable processor efficiency, cheap alternatives processor efficiency, best authentic processor efficiency
2026-09-20 23:35:19,230 - INFO - ✅ Niche 'iphone' process complete! 897 total keyword results.
2026-09-20 23:35:19,230 - INFO - ✅ Completed processing niche: 'iphone'
2026-09-20 23:35:19,230 - INFO - 🔧 Request Handler final stats - Success rate: 100.0%
2026-09-20 23:35:19,230 - INFO -    Total requests: 202037, Blocks: 1
2026-09-20 23:35:19,231 - INFO - 
========================================
2026-09-20 23:35:19,231 - INFO - Process Summary:
2026-09-20 23:35:19,231 - INFO - - Current niche: 'iphone'
2026-09-20 23:35:19,231 - INFO - - Next niche will be: 'samsung'
2026-09-20 23:35:19,231 - INFO - - Keywords saved in: languages/english/keywords/iphone/
2026-09-20 23:35:19,232 - INFO - ========================================
