2026-08-12 15:17:39,291 - INFO - Log file created at: /home/runner/work/potensitech.com/potensitech.com/languages/english/keywords/logs/kw_search_20260812_151739.log
2026-08-12 15:17:39,291 - INFO - ============================================================
2026-08-12 15:17:39,291 - INFO - AUTOMATIC KEYWORD RESEARCH TOOL
2026-08-12 15:17:39,292 - INFO - ============================================================
2026-08-12 15:17:39,569 - INFO - ========================================
2026-08-12 15:17:39,570 - INFO - Found 14 niches to process: xiaomi, iphone, samsung, apple, sony, asus, philips, sandisk, intel, nvidia, amd, canon, nikon, huawei
2026-08-12 15:17:39,570 - INFO - ========================================
2026-08-12 15:17:39,570 - INFO - Continuing from last processed niche: xiaomi
2026-08-12 15:17:39,570 - INFO - ========================================
2026-08-12 15:17:39,570 - INFO - 🎯 PROCESSING NICHE 2/14: 'iphone'
2026-08-12 15:17:39,570 - INFO - ========================================
2026-08-12 15:17:39,570 - INFO - 📁 Niche directory: /home/runner/work/potensitech.com/potensitech.com/languages/english/keywords/iphone
2026-08-12 15:17:39,570 - INFO - Selected region: us
2026-08-12 15:17:39,570 - INFO - Selected language: en
2026-08-12 15:17:39,570 - INFO - 🎯 Current niche: iphone
2026-08-12 15:17:40,289 - INFO - 🎯 Niche terms for filtering: iphone, cheap, best, latest, review, price, sell, buy, recommendation, tips, tutorial, guide, how to, vs, versus, compared to, comparison, alternatives, which is better, expensive, discount, deals, sale, affordable, cost, online, offline, marketplace, store, shop, retailer, where to buy, worst, quality, original, genuine, fake, replica, authentic, brand, manufacturer, company, product, iphone product, sell iphone, buy iphone, cheap iphone, best iphone, iphone review, where to buy iphone, how to choose iphone, top iphone, iphone guide, iphone for sale, iphone deals
2026-08-12 15:17:40,289 - INFO - Generated 50 niche-clue pairs for 'iphone'.
2026-08-12 15:17:40,292 - INFO - Expanded 50 seed keywords to 218 variations
2026-08-12 15:17:40,299 - INFO - 🔧 Request Handler initialized - Success rate: 100.0%
2026-08-12 15:22:05,642 - INFO - Original clue keywords: lens compatibility, processor performance
2026-08-12 15:22:05,642 - INFO - Niche-focused seeds: lens compatibility iphone, iphone lens compatibility, lens compatibility cheap, cheap lens compatibility, lens compatibility best, best lens compatibility, lens compatibility latest, latest lens compatibility, lens compatibility review, review lens compatibility, lens compatibility price, price lens compatibility, lens compatibility sell, sell lens compatibility, lens compatibility buy, buy lens compatibility, lens compatibility recommendation, recommendation lens compatibility, lens compatibility tips, tips lens compatibility, lens compatibility tutorial, tutorial lens compatibility, lens compatibility guide, guide lens compatibility, lens compatibility how to, how to lens compatibility, lens compatibility vs, vs lens compatibility, lens compatibility versus, versus lens compatibility, lens compatibility compared to, compared to lens compatibility, lens compatibility comparison, comparison lens compatibility, lens compatibility alternatives, alternatives lens compatibility, lens compatibility which is better, which is better lens compatibility, lens compatibility expensive, expensive lens compatibility, lens compatibility discount, discount lens compatibility, lens compatibility deals, deals lens compatibility, lens compatibility sale, sale lens compatibility, lens compatibility affordable, affordable lens compatibility, lens compatibility cost, cost lens compatibility, lens compatibility online, online lens compatibility, lens compatibility offline, offline lens compatibility, lens compatibility marketplace, marketplace lens compatibility, lens compatibility store, store lens compatibility, lens compatibility shop, shop lens compatibility, lens compatibility retailer, retailer lens compatibility, lens compatibility where to buy, where to buy lens compatibility, lens compatibility worst, worst lens compatibility, lens compatibility quality, quality lens compatibility, lens compatibility original, original lens compatibility, lens compatibility genuine, genuine lens compatibility, lens compatibility fake, fake lens compatibility, lens compatibility replica, replica lens compatibility, lens compatibility authentic, authentic lens compatibility, lens compatibility brand, brand lens compatibility, lens compatibility manufacturer, manufacturer lens compatibility, lens compatibility company, company lens compatibility, lens compatibility product, product lens compatibility, lens compatibility iphone product, iphone product lens compatibility, lens compatibility sell iphone, sell iphone lens compatibility, lens compatibility buy iphone, buy iphone lens compatibility, lens compatibility cheap iphone, cheap iphone lens compatibility, lens compatibility best iphone, best iphone lens compatibility, lens compatibility iphone review, iphone review lens compatibility, lens compatibility where to buy iphone, where to buy iphone lens compatibility, lens compatibility how to choose iphone, how to choose iphone lens compatibility, lens compatibility top iphone, top iphone lens compatibility, lens compatibility iphone guide, iphone guide lens compatibility, lens compatibility iphone for sale, iphone for sale lens compatibility, lens compatibility iphone deals, iphone deals lens compatibility, processor performance iphone, iphone processor performance, processor performance cheap, cheap processor performance, processor performance best, best processor performance, processor performance latest, latest processor performance, processor performance review, review processor performance, processor performance price, price processor performance, processor performance sell, sell processor performance, processor performance buy, buy processor performance, processor performance recommendation, recommendation processor performance, processor performance tips, tips processor performance, processor performance tutorial, tutorial processor performance, processor performance guide, guide processor performance, processor performance how to, how to processor performance, processor performance vs, vs processor performance, processor performance versus, versus processor performance, processor performance compared to, compared to processor performance, processor performance comparison, comparison processor performance, processor performance alternatives, alternatives processor performance, processor performance which is better, which is better processor performance, processor performance expensive, expensive processor performance, processor performance discount, discount processor performance, processor performance deals, deals processor performance, processor performance sale, sale processor performance, processor performance affordable, affordable processor performance, processor performance cost, cost processor performance, processor performance online, online processor performance, processor performance offline, offline processor performance, processor performance marketplace, marketplace processor performance, processor performance store, store processor performance, processor performance shop, shop processor performance, processor performance retailer, retailer processor performance, processor performance where to buy, where to buy processor performance, processor performance worst, worst processor performance, processor performance quality, quality processor performance, processor performance original, original processor performance, processor performance genuine, genuine processor performance, processor performance fake, fake processor performance, processor performance replica, replica processor performance, processor performance authentic, authentic processor performance, processor performance brand, brand processor performance, processor performance manufacturer, manufacturer processor performance, processor performance company, company processor performance, processor performance product, product processor performance, processor performance iphone product, iphone product processor performance, processor performance sell iphone, sell iphone processor performance, processor performance buy iphone, buy iphone processor performance, processor performance cheap iphone, cheap iphone processor performance, processor performance best iphone, best iphone processor performance, processor performance iphone review, iphone review processor performance, processor performance where to buy iphone, where to buy iphone processor performance, processor performance how to choose iphone, how to choose iphone processor performance, processor performance top iphone, top iphone processor performance, processor performance iphone guide, iphone guide processor performance, processor performance iphone for sale, iphone for sale processor performance, processor performance iphone deals, iphone deals processor performance
2026-08-12 15:22:05,645 - INFO - Expanded 220 seed keywords to 385 variations
2026-08-12 15:22:05,645 - INFO - Language: en
2026-08-12 15:22:05,645 - INFO - Region: us
2026-08-12 15:22:53,235 - INFO - 🎯 After all filtering for 'iphone': 120 relevant keywords
2026-08-12 15:22:53,653 - INFO - 🎯 Found 2 new keywords for niche 'iphone': iphone affordable lens compatibility, iphone affordable processor performance
2026-08-12 15:22:54,124 - INFO - ✅ Niche 'iphone' process complete! 842 total keyword results.
2026-08-12 15:22:54,124 - INFO - ✅ Completed processing niche: 'iphone'
2026-08-12 15:22:54,124 - INFO - 🔧 Request Handler final stats - Success rate: 100.0%
2026-08-12 15:22:54,124 - INFO -    Total requests: 170107, Blocks: 1
2026-08-12 15:22:54,125 - INFO - 
========================================
2026-08-12 15:22:54,125 - INFO - Process Summary:
2026-08-12 15:22:54,125 - INFO - - Current niche: 'iphone'
2026-08-12 15:22:54,125 - INFO - - Next niche will be: 'samsung'
2026-08-12 15:22:54,125 - INFO - - Keywords saved in: languages/english/keywords/iphone/
2026-08-12 15:22:54,126 - INFO - ========================================
