2026-10-04 16:22:39,585 - INFO - Log file created at: /home/runner/work/potensitech.com/potensitech.com/languages/english/keywords/logs/kw_search_20261004_162239.log
2026-10-04 16:22:39,585 - INFO - ============================================================
2026-10-04 16:22:39,586 - INFO - AUTOMATIC KEYWORD RESEARCH TOOL
2026-10-04 16:22:39,586 - INFO - ============================================================
2026-10-04 16:22:40,088 - INFO - ========================================
2026-10-04 16:22:40,088 - INFO - Found 14 niches to process: xiaomi, iphone, samsung, apple, sony, asus, philips, sandisk, intel, nvidia, amd, canon, nikon, huawei
2026-10-04 16:22:40,088 - INFO - ========================================
2026-10-04 16:22:40,088 - INFO - Continuing from last processed niche: amd
2026-10-04 16:22:40,088 - INFO - ========================================
2026-10-04 16:22:40,088 - INFO - 🎯 PROCESSING NICHE 12/14: 'canon'
2026-10-04 16:22:40,088 - INFO - ========================================
2026-10-04 16:22:40,088 - INFO - 📁 Niche directory: /home/runner/work/potensitech.com/potensitech.com/languages/english/keywords/canon
2026-10-04 16:22:40,088 - INFO - Selected region: us
2026-10-04 16:22:40,089 - INFO - Selected language: en
2026-10-04 16:22:40,089 - INFO - 🎯 Current niche: canon
2026-10-04 16:22:51,005 - INFO - 🎯 Niche terms for filtering: canon, cheap, best, latest, review, price, sell, buy, recommendation, tips, tutorial, guide, how to, vs, versus, compared to, comparison, alternatives, which is better, expensive, discount, deals, sale, affordable, cost, online, offline, marketplace, store, shop, retailer, where to buy, worst, quality, original, genuine, fake, replica, authentic, brand, manufacturer, company, product, canon product, sell canon, buy canon, cheap canon, best canon, canon review, where to buy canon, how to choose canon, top canon, canon guide, canon for sale, canon deals
2026-10-04 16:22:51,005 - INFO - Generated 50 niche-clue pairs for 'canon'.
2026-10-04 16:22:51,008 - INFO - Expanded 50 seed keywords to 218 variations
2026-10-04 16:22:51,009 - INFO - 🔧 Request Handler initialized - Success rate: 100.0%
2026-10-04 16:27:17,714 - INFO - Original clue keywords: dslr features, ai acceleration
2026-10-04 16:27:17,715 - INFO - Niche-focused seeds: dslr features canon, canon dslr features, dslr features cheap, cheap dslr features, dslr features best, best dslr features, dslr features latest, latest dslr features, dslr features review, review dslr features, dslr features price, price dslr features, dslr features sell, sell dslr features, dslr features buy, buy dslr features, dslr features recommendation, recommendation dslr features, dslr features tips, tips dslr features, dslr features tutorial, tutorial dslr features, dslr features guide, guide dslr features, dslr features how to, how to dslr features, dslr features vs, vs dslr features, dslr features versus, versus dslr features, dslr features compared to, compared to dslr features, dslr features comparison, comparison dslr features, dslr features alternatives, alternatives dslr features, dslr features which is better, which is better dslr features, dslr features expensive, expensive dslr features, dslr features discount, discount dslr features, dslr features deals, deals dslr features, dslr features sale, sale dslr features, dslr features affordable, affordable dslr features, dslr features cost, cost dslr features, dslr features online, online dslr features, dslr features offline, offline dslr features, dslr features marketplace, marketplace dslr features, dslr features store, store dslr features, dslr features shop, shop dslr features, dslr features retailer, retailer dslr features, dslr features where to buy, where to buy dslr features, dslr features worst, worst dslr features, dslr features quality, quality dslr features, dslr features original, original dslr features, dslr features genuine, genuine dslr features, dslr features fake, fake dslr features, dslr features replica, replica dslr features, dslr features authentic, authentic dslr features, dslr features brand, brand dslr features, dslr features manufacturer, manufacturer dslr features, dslr features company, company dslr features, dslr features product, product dslr features, dslr features canon product, canon product dslr features, dslr features sell canon, sell canon dslr features, dslr features buy canon, buy canon dslr features, dslr features cheap canon, cheap canon dslr features, dslr features best canon, best canon dslr features, dslr features canon review, canon review dslr features, dslr features where to buy canon, where to buy canon dslr features, dslr features how to choose canon, how to choose canon dslr features, dslr features top canon, top canon dslr features, dslr features canon guide, canon guide dslr features, dslr features canon for sale, canon for sale dslr features, dslr features canon deals, canon deals dslr features, ai acceleration canon, canon ai acceleration, ai acceleration cheap, cheap ai acceleration, ai acceleration best, best ai acceleration, ai acceleration latest, latest ai acceleration, ai acceleration review, review ai acceleration, ai acceleration price, price ai acceleration, ai acceleration sell, sell ai acceleration, ai acceleration buy, buy ai acceleration, ai acceleration recommendation, recommendation ai acceleration, ai acceleration tips, tips ai acceleration, ai acceleration tutorial, tutorial ai acceleration, ai acceleration guide, guide ai acceleration, ai acceleration how to, how to ai acceleration, ai acceleration vs, vs ai acceleration, ai acceleration versus, versus ai acceleration, ai acceleration compared to, compared to ai acceleration, ai acceleration comparison, comparison ai acceleration, ai acceleration alternatives, alternatives ai acceleration, ai acceleration which is better, which is better ai acceleration, ai acceleration expensive, expensive ai acceleration, ai acceleration discount, discount ai acceleration, ai acceleration deals, deals ai acceleration, ai acceleration sale, sale ai acceleration, ai acceleration affordable, affordable ai acceleration, ai acceleration cost, cost ai acceleration, ai acceleration online, online ai acceleration, ai acceleration offline, offline ai acceleration, ai acceleration marketplace, marketplace ai acceleration, ai acceleration store, store ai acceleration, ai acceleration shop, shop ai acceleration, ai acceleration retailer, retailer ai acceleration, ai acceleration where to buy, where to buy ai acceleration, ai acceleration worst, worst ai acceleration, ai acceleration quality, quality ai acceleration, ai acceleration original, original ai acceleration, ai acceleration genuine, genuine ai acceleration, ai acceleration fake, fake ai acceleration, ai acceleration replica, replica ai acceleration, ai acceleration authentic, authentic ai acceleration, ai acceleration brand, brand ai acceleration, ai acceleration manufacturer, manufacturer ai acceleration, ai acceleration company, company ai acceleration, ai acceleration product, product ai acceleration, ai acceleration canon product, canon product ai acceleration, ai acceleration sell canon, sell canon ai acceleration, ai acceleration buy canon, buy canon ai acceleration, ai acceleration cheap canon, cheap canon ai acceleration, ai acceleration best canon, best canon ai acceleration, ai acceleration canon review, canon review ai acceleration, ai acceleration where to buy canon, where to buy canon ai acceleration, ai acceleration how to choose canon, how to choose canon ai acceleration, ai acceleration top canon, top canon ai acceleration, ai acceleration canon guide, canon guide ai acceleration, ai acceleration canon for sale, canon for sale ai acceleration, ai acceleration canon deals, canon deals ai acceleration
2026-10-04 16:27:17,718 - INFO - Expanded 220 seed keywords to 385 variations
2026-10-04 16:27:17,718 - INFO - Language: en
2026-10-04 16:27:17,718 - INFO - Region: us
2026-10-04 16:31:50,852 - INFO - 🎯 After all filtering for 'canon': 120 relevant keywords
2026-10-04 16:31:52,758 - INFO - 🎯 Found 5 new keywords for niche 'canon': canon affordable ai acceleration, canon affordable dslr features, cheap ai acceleration alternatives, best ai acceleration authentic, how to ai acceleration brand
2026-10-04 16:32:08,887 - INFO - ✅ Niche 'canon' process complete! 743 total keyword results.
2026-10-04 16:32:08,887 - INFO - ✅ Completed processing niche: 'canon'
2026-10-04 16:32:08,887 - INFO - 🔧 Request Handler final stats - Success rate: 100.0%
2026-10-04 16:32:08,887 - INFO -    Total requests: 214106, Blocks: 1
2026-10-04 16:32:08,888 - INFO - 
========================================
2026-10-04 16:32:08,888 - INFO - Process Summary:
2026-10-04 16:32:08,888 - INFO - - Current niche: 'canon'
2026-10-04 16:32:08,888 - INFO - - Next niche will be: 'nikon'
2026-10-04 16:32:08,888 - INFO - - Keywords saved in: languages/english/keywords/canon/
2026-10-04 16:32:08,889 - INFO - ========================================
