2026-09-27 05:06:03,076 - INFO - Log file created at: /home/runner/work/potensitech.com/potensitech.com/languages/english/keywords/logs/kw_search_20260927_050603.log
2026-09-27 05:06:03,076 - INFO - ============================================================
2026-09-27 05:06:03,076 - INFO - AUTOMATIC KEYWORD RESEARCH TOOL
2026-09-27 05:06:03,076 - INFO - ============================================================
2026-09-27 05:06:03,495 - INFO - ========================================
2026-09-27 05:06:03,495 - INFO - Found 14 niches to process: xiaomi, iphone, samsung, apple, sony, asus, philips, sandisk, intel, nvidia, amd, canon, nikon, huawei
2026-09-27 05:06:03,495 - INFO - ========================================
2026-09-27 05:06:03,495 - INFO - Continuing from last processed niche: asus
2026-09-27 05:06:03,495 - INFO - ========================================
2026-09-27 05:06:03,495 - INFO - 🎯 PROCESSING NICHE 7/14: 'philips'
2026-09-27 05:06:03,496 - INFO - ========================================
2026-09-27 05:06:03,496 - INFO - 📁 Niche directory: /home/runner/work/potensitech.com/potensitech.com/languages/english/keywords/philips
2026-09-27 05:06:03,496 - INFO - Selected region: us
2026-09-27 05:06:03,496 - INFO - Selected language: en
2026-09-27 05:06:03,496 - INFO - 🎯 Current niche: philips
2026-09-27 05:06:13,984 - INFO - 🎯 Niche terms for filtering: philips, cheap, best, latest, review, price, sell, buy, recommendation, tips, tutorial, guide, how to, vs, versus, compared to, comparison, alternatives, which is better, expensive, discount, deals, sale, affordable, cost, online, offline, marketplace, store, shop, retailer, where to buy, worst, quality, original, genuine, fake, replica, authentic, brand, manufacturer, company, product, philips product, sell philips, buy philips, cheap philips, best philips, philips review, where to buy philips, how to choose philips, top philips, philips guide, philips for sale, philips deals
2026-09-27 05:06:13,985 - INFO - Generated 50 niche-clue pairs for 'philips'.
2026-09-27 05:06:13,988 - INFO - Expanded 50 seed keywords to 218 variations
2026-09-27 05:06:13,988 - INFO - 🔧 Request Handler initialized - Success rate: 100.0%
2026-09-27 05:10:40,357 - INFO - Original clue keywords: solid-state, usb storage
2026-09-27 05:10:40,357 - INFO - Niche-focused seeds: solid-state philips, philips solid-state, solid-state cheap, cheap solid-state, solid-state best, best solid-state, solid-state latest, latest solid-state, solid-state review, review solid-state, solid-state price, price solid-state, solid-state sell, sell solid-state, solid-state buy, buy solid-state, solid-state recommendation, recommendation solid-state, solid-state tips, tips solid-state, solid-state tutorial, tutorial solid-state, solid-state guide, guide solid-state, solid-state how to, how to solid-state, solid-state vs, vs solid-state, solid-state versus, versus solid-state, solid-state compared to, compared to solid-state, solid-state comparison, comparison solid-state, solid-state alternatives, alternatives solid-state, solid-state which is better, which is better solid-state, solid-state expensive, expensive solid-state, solid-state discount, discount solid-state, solid-state deals, deals solid-state, solid-state sale, sale solid-state, solid-state affordable, affordable solid-state, solid-state cost, cost solid-state, solid-state online, online solid-state, solid-state offline, offline solid-state, solid-state marketplace, marketplace solid-state, solid-state store, store solid-state, solid-state shop, shop solid-state, solid-state retailer, retailer solid-state, solid-state where to buy, where to buy solid-state, solid-state worst, worst solid-state, solid-state quality, quality solid-state, solid-state original, original solid-state, solid-state genuine, genuine solid-state, solid-state fake, fake solid-state, solid-state replica, replica solid-state, solid-state authentic, authentic solid-state, solid-state brand, brand solid-state, solid-state manufacturer, manufacturer solid-state, solid-state company, company solid-state, solid-state product, product solid-state, solid-state philips product, philips product solid-state, solid-state sell philips, sell philips solid-state, solid-state buy philips, buy philips solid-state, solid-state cheap philips, cheap philips solid-state, solid-state best philips, best philips solid-state, solid-state philips review, philips review solid-state, solid-state where to buy philips, where to buy philips solid-state, solid-state how to choose philips, how to choose philips solid-state, solid-state top philips, top philips solid-state, solid-state philips guide, philips guide solid-state, solid-state philips for sale, philips for sale solid-state, solid-state philips deals, philips deals solid-state, usb storage philips, philips usb storage, usb storage cheap, cheap usb storage, usb storage best, best usb storage, usb storage latest, latest usb storage, usb storage review, review usb storage, usb storage price, price usb storage, usb storage sell, sell usb storage, usb storage buy, buy usb storage, usb storage recommendation, recommendation usb storage, usb storage tips, tips usb storage, usb storage tutorial, tutorial usb storage, usb storage guide, guide usb storage, usb storage how to, how to usb storage, usb storage vs, vs usb storage, usb storage versus, versus usb storage, usb storage compared to, compared to usb storage, usb storage comparison, comparison usb storage, usb storage alternatives, alternatives usb storage, usb storage which is better, which is better usb storage, usb storage expensive, expensive usb storage, usb storage discount, discount usb storage, usb storage deals, deals usb storage, usb storage sale, sale usb storage, usb storage affordable, affordable usb storage, usb storage cost, cost usb storage, usb storage online, online usb storage, usb storage offline, offline usb storage, usb storage marketplace, marketplace usb storage, usb storage store, store usb storage, usb storage shop, shop usb storage, usb storage retailer, retailer usb storage, usb storage where to buy, where to buy usb storage, usb storage worst, worst usb storage, usb storage quality, quality usb storage, usb storage original, original usb storage, usb storage genuine, genuine usb storage, usb storage fake, fake usb storage, usb storage replica, replica usb storage, usb storage authentic, authentic usb storage, usb storage brand, brand usb storage, usb storage manufacturer, manufacturer usb storage, usb storage company, company usb storage, usb storage product, product usb storage, usb storage philips product, philips product usb storage, usb storage sell philips, sell philips usb storage, usb storage buy philips, buy philips usb storage, usb storage cheap philips, cheap philips usb storage, usb storage best philips, best philips usb storage, usb storage philips review, philips review usb storage, usb storage where to buy philips, where to buy philips usb storage, usb storage how to choose philips, how to choose philips usb storage, usb storage top philips, top philips usb storage, usb storage philips guide, philips guide usb storage, usb storage philips for sale, philips for sale usb storage, usb storage philips deals, philips deals usb storage
2026-09-27 05:10:40,360 - INFO - Expanded 220 seed keywords to 385 variations
2026-09-27 05:10:40,360 - INFO - Language: en
2026-09-27 05:10:40,360 - INFO - Region: us
2026-09-27 05:15:11,327 - INFO - 🎯 After all filtering for 'philips': 120 relevant keywords
2026-09-27 05:15:11,635 - INFO - 🎯 Found 5 new keywords for niche 'philips': philips affordable solid-state, affordable solid-state cheap, how to affordable solid-state, philips alternatives solid-state, cheap alternatives solid-state
2026-09-27 05:15:28,106 - INFO - ✅ Niche 'philips' process complete! 748 total keyword results.
2026-09-27 05:15:28,107 - INFO - ✅ Completed processing niche: 'philips'
2026-09-27 05:15:28,107 - INFO - 🔧 Request Handler final stats - Success rate: 100.0%
2026-09-27 05:15:28,107 - INFO -    Total requests: 207420, Blocks: 1
2026-09-27 05:15:28,108 - INFO - 
========================================
2026-09-27 05:15:28,108 - INFO - Process Summary:
2026-09-27 05:15:28,108 - INFO - - Current niche: 'philips'
2026-09-27 05:15:28,108 - INFO - - Next niche will be: 'sandisk'
2026-09-27 05:15:28,108 - INFO - - Keywords saved in: languages/english/keywords/philips/
2026-09-27 05:15:28,108 - INFO - ========================================
