2026-09-30 05:19:57,393 - INFO - Log file created at: /home/runner/work/potensitech.com/potensitech.com/languages/english/keywords/logs/kw_search_20260930_051957.log
2026-09-30 05:19:57,393 - INFO - ============================================================
2026-09-30 05:19:57,393 - INFO - AUTOMATIC KEYWORD RESEARCH TOOL
2026-09-30 05:19:57,393 - INFO - ============================================================
2026-09-30 05:19:57,688 - INFO - ========================================
2026-09-30 05:19:57,689 - INFO - Found 14 niches to process: xiaomi, iphone, samsung, apple, sony, asus, philips, sandisk, intel, nvidia, amd, canon, nikon, huawei
2026-09-30 05:19:57,689 - INFO - ========================================
2026-09-30 05:19:57,689 - INFO - Continuing from last processed niche: sandisk
2026-09-30 05:19:57,689 - INFO - ========================================
2026-09-30 05:19:57,689 - INFO - 🎯 PROCESSING NICHE 9/14: 'intel'
2026-09-30 05:19:57,689 - INFO - ========================================
2026-09-30 05:19:57,689 - INFO - 📁 Niche directory: /home/runner/work/potensitech.com/potensitech.com/languages/english/keywords/intel
2026-09-30 05:19:57,689 - INFO - Selected region: us
2026-09-30 05:19:57,689 - INFO - Selected language: en
2026-09-30 05:19:57,689 - INFO - 🎯 Current niche: intel
2026-09-30 05:20:08,677 - INFO - 🎯 Niche terms for filtering: intel, cheap, best, latest, review, price, sell, buy, recommendation, tips, tutorial, guide, how to, vs, versus, compared to, comparison, alternatives, which is better, expensive, discount, deals, sale, affordable, cost, online, offline, marketplace, store, shop, retailer, where to buy, worst, quality, original, genuine, fake, replica, authentic, brand, manufacturer, company, product, intel product, sell intel, buy intel, cheap intel, best intel, intel review, where to buy intel, how to choose intel, top intel, intel guide, intel for sale, intel deals
2026-09-30 05:20:08,677 - INFO - Generated 50 niche-clue pairs for 'intel'.
2026-09-30 05:20:08,679 - INFO - Expanded 50 seed keywords to 218 variations
2026-09-30 05:20:08,680 - INFO - 🔧 Request Handler initialized - Success rate: 100.0%
2026-09-30 05:24:32,550 - INFO - Original clue keywords: smartphone storage, gaming performance
2026-09-30 05:24:32,550 - INFO - Niche-focused seeds: smartphone storage intel, intel smartphone storage, smartphone storage cheap, cheap smartphone storage, smartphone storage best, best smartphone storage, smartphone storage latest, latest smartphone storage, smartphone storage review, review smartphone storage, smartphone storage price, price smartphone storage, smartphone storage sell, sell smartphone storage, smartphone storage buy, buy smartphone storage, smartphone storage recommendation, recommendation smartphone storage, smartphone storage tips, tips smartphone storage, smartphone storage tutorial, tutorial smartphone storage, smartphone storage guide, guide smartphone storage, smartphone storage how to, how to smartphone storage, smartphone storage vs, vs smartphone storage, smartphone storage versus, versus smartphone storage, smartphone storage compared to, compared to smartphone storage, smartphone storage comparison, comparison smartphone storage, smartphone storage alternatives, alternatives smartphone storage, smartphone storage which is better, which is better smartphone storage, smartphone storage expensive, expensive smartphone storage, smartphone storage discount, discount smartphone storage, smartphone storage deals, deals smartphone storage, smartphone storage sale, sale smartphone storage, smartphone storage affordable, affordable smartphone storage, smartphone storage cost, cost smartphone storage, smartphone storage online, online smartphone storage, smartphone storage offline, offline smartphone storage, smartphone storage marketplace, marketplace smartphone storage, smartphone storage store, store smartphone storage, smartphone storage shop, shop smartphone storage, smartphone storage retailer, retailer smartphone storage, smartphone storage where to buy, where to buy smartphone storage, smartphone storage worst, worst smartphone storage, smartphone storage quality, quality smartphone storage, smartphone storage original, original smartphone storage, smartphone storage genuine, genuine smartphone storage, smartphone storage fake, fake smartphone storage, smartphone storage replica, replica smartphone storage, smartphone storage authentic, authentic smartphone storage, smartphone storage brand, brand smartphone storage, smartphone storage manufacturer, manufacturer smartphone storage, smartphone storage company, company smartphone storage, smartphone storage product, product smartphone storage, smartphone storage intel product, intel product smartphone storage, smartphone storage sell intel, sell intel smartphone storage, smartphone storage buy intel, buy intel smartphone storage, smartphone storage cheap intel, cheap intel smartphone storage, smartphone storage best intel, best intel smartphone storage, smartphone storage intel review, intel review smartphone storage, smartphone storage where to buy intel, where to buy intel smartphone storage, smartphone storage how to choose intel, how to choose intel smartphone storage, smartphone storage top intel, top intel smartphone storage, smartphone storage intel guide, intel guide smartphone storage, smartphone storage intel for sale, intel for sale smartphone storage, smartphone storage intel deals, intel deals smartphone storage, gaming performance intel, intel gaming performance, gaming performance cheap, cheap gaming performance, gaming performance best, best gaming performance, gaming performance latest, latest gaming performance, gaming performance review, review gaming performance, gaming performance price, price gaming performance, gaming performance sell, sell gaming performance, gaming performance buy, buy gaming performance, gaming performance recommendation, recommendation gaming performance, gaming performance tips, tips gaming performance, gaming performance tutorial, tutorial gaming performance, gaming performance guide, guide gaming performance, gaming performance how to, how to gaming performance, gaming performance vs, vs gaming performance, gaming performance versus, versus gaming performance, gaming performance compared to, compared to gaming performance, gaming performance comparison, comparison gaming performance, gaming performance alternatives, alternatives gaming performance, gaming performance which is better, which is better gaming performance, gaming performance expensive, expensive gaming performance, gaming performance discount, discount gaming performance, gaming performance deals, deals gaming performance, gaming performance sale, sale gaming performance, gaming performance affordable, affordable gaming performance, gaming performance cost, cost gaming performance, gaming performance online, online gaming performance, gaming performance offline, offline gaming performance, gaming performance marketplace, marketplace gaming performance, gaming performance store, store gaming performance, gaming performance shop, shop gaming performance, gaming performance retailer, retailer gaming performance, gaming performance where to buy, where to buy gaming performance, gaming performance worst, worst gaming performance, gaming performance quality, quality gaming performance, gaming performance original, original gaming performance, gaming performance genuine, genuine gaming performance, gaming performance fake, fake gaming performance, gaming performance replica, replica gaming performance, gaming performance authentic, authentic gaming performance, gaming performance brand, brand gaming performance, gaming performance manufacturer, manufacturer gaming performance, gaming performance company, company gaming performance, gaming performance product, product gaming performance, gaming performance intel product, intel product gaming performance, gaming performance sell intel, sell intel gaming performance, gaming performance buy intel, buy intel gaming performance, gaming performance cheap intel, cheap intel gaming performance, gaming performance best intel, best intel gaming performance, gaming performance intel review, intel review gaming performance, gaming performance where to buy intel, where to buy intel gaming performance, gaming performance how to choose intel, how to choose intel gaming performance, gaming performance top intel, top intel gaming performance, gaming performance intel guide, intel guide gaming performance, gaming performance intel for sale, intel for sale gaming performance, gaming performance intel deals, intel deals gaming performance
2026-09-30 05:24:32,553 - INFO - Expanded 220 seed keywords to 385 variations
2026-09-30 05:24:32,553 - INFO - Language: en
2026-09-30 05:24:32,553 - INFO - Region: us
2026-09-30 05:29:01,075 - INFO - 🎯 After all filtering for 'intel': 120 relevant keywords
2026-09-30 05:29:03,378 - INFO - 🎯 Found 4 new keywords for niche 'intel': intel affordable gaming performance, intel affordable smartphone storage, cheap alternatives smartphone storage, best authentic smartphone storage
2026-09-30 05:29:20,300 - INFO - ✅ Niche 'intel' process complete! 1053 total keyword results.
2026-09-30 05:29:20,300 - INFO - ✅ Completed processing niche: 'intel'
2026-09-30 05:29:20,300 - INFO - 🔧 Request Handler final stats - Success rate: 100.0%
2026-09-30 05:29:20,300 - INFO -    Total requests: 209960, Blocks: 1
2026-09-30 05:29:20,301 - INFO - 
========================================
2026-09-30 05:29:20,302 - INFO - Process Summary:
2026-09-30 05:29:20,302 - INFO - - Current niche: 'intel'
2026-09-30 05:29:20,302 - INFO - - Next niche will be: 'nvidia'
2026-09-30 05:29:20,302 - INFO - - Keywords saved in: languages/english/keywords/intel/
2026-09-30 05:29:20,302 - INFO - ========================================
