2026-10-09 23:14:18,081 - INFO - Log file created at: /home/runner/work/potensitech.com/potensitech.com/languages/english/keywords/logs/kw_search_20261009_231418.log
2026-10-09 23:14:18,081 - INFO - ============================================================
2026-10-09 23:14:18,081 - INFO - AUTOMATIC KEYWORD RESEARCH TOOL
2026-10-09 23:14:18,081 - INFO - ============================================================
2026-10-09 23:14:18,475 - INFO - ========================================
2026-10-09 23:14:18,475 - INFO - Found 14 niches to process: xiaomi, iphone, samsung, apple, sony, asus, philips, sandisk, intel, nvidia, amd, canon, nikon, huawei
2026-10-09 23:14:18,475 - INFO - ========================================
2026-10-09 23:14:18,475 - INFO - Continuing from last processed niche: philips
2026-10-09 23:14:18,475 - INFO - ========================================
2026-10-09 23:14:18,475 - INFO - 🎯 PROCESSING NICHE 8/14: 'sandisk'
2026-10-09 23:14:18,475 - INFO - ========================================
2026-10-09 23:14:18,475 - INFO - 📁 Niche directory: /home/runner/work/potensitech.com/potensitech.com/languages/english/keywords/sandisk
2026-10-09 23:14:18,475 - INFO - Selected region: us
2026-10-09 23:14:18,475 - INFO - Selected language: en
2026-10-09 23:14:18,475 - INFO - 🎯 Current niche: sandisk
2026-10-09 23:14:29,172 - INFO - 🎯 Niche terms for filtering: sandisk, cheap, best, latest, review, price, sell, buy, recommendation, tips, tutorial, guide, how to, vs, versus, compared to, comparison, alternatives, which is better, expensive, discount, deals, sale, affordable, cost, online, offline, marketplace, store, shop, retailer, where to buy, worst, quality, original, genuine, fake, replica, authentic, brand, manufacturer, company, product, sandisk product, sell sandisk, buy sandisk, cheap sandisk, best sandisk, sandisk review, where to buy sandisk, how to choose sandisk, top sandisk, sandisk guide, sandisk for sale, sandisk deals
2026-10-09 23:14:29,172 - INFO - Generated 50 niche-clue pairs for 'sandisk'.
2026-10-09 23:14:29,174 - INFO - Expanded 50 seed keywords to 218 variations
2026-10-09 23:14:29,174 - INFO - 🔧 Request Handler initialized - Success rate: 100.0%
2026-10-09 23:18:49,936 - INFO - Original clue keywords: android, battery
2026-10-09 23:18:49,936 - INFO - Niche-focused seeds: android sandisk, sandisk android, android cheap, cheap android, android best, best android, android latest, latest android, android review, review android, android price, price android, android sell, sell android, android buy, buy android, android recommendation, recommendation android, android tips, tips android, android tutorial, tutorial android, android guide, guide android, android how to, how to android, android vs, vs android, android versus, versus android, android compared to, compared to android, android comparison, comparison android, android alternatives, alternatives android, android which is better, which is better android, android expensive, expensive android, android discount, discount android, android deals, deals android, android sale, sale android, android affordable, affordable android, android cost, cost android, android online, online android, android offline, offline android, android marketplace, marketplace android, android store, store android, android shop, shop android, android retailer, retailer android, android where to buy, where to buy android, android worst, worst android, android quality, quality android, android original, original android, android genuine, genuine android, android fake, fake android, android replica, replica android, android authentic, authentic android, android brand, brand android, android manufacturer, manufacturer android, android company, company android, android product, product android, android sandisk product, sandisk product android, android sell sandisk, sell sandisk android, android buy sandisk, buy sandisk android, android cheap sandisk, cheap sandisk android, android best sandisk, best sandisk android, android sandisk review, sandisk review android, android where to buy sandisk, where to buy sandisk android, android how to choose sandisk, how to choose sandisk android, android top sandisk, top sandisk android, android sandisk guide, sandisk guide android, android sandisk for sale, sandisk for sale android, android sandisk deals, sandisk deals android, battery sandisk, sandisk battery, battery cheap, cheap battery, battery best, best battery, battery latest, latest battery, battery review, review battery, battery price, price battery, battery sell, sell battery, battery buy, buy battery, battery recommendation, recommendation battery, battery tips, tips battery, battery tutorial, tutorial battery, battery guide, guide battery, battery how to, how to battery, battery vs, vs battery, battery versus, versus battery, battery compared to, compared to battery, battery comparison, comparison battery, battery alternatives, alternatives battery, battery which is better, which is better battery, battery expensive, expensive battery, battery discount, discount battery, battery deals, deals battery, battery sale, sale battery, battery affordable, affordable battery, battery cost, cost battery, battery online, online battery, battery offline, offline battery, battery marketplace, marketplace battery, battery store, store battery, battery shop, shop battery, battery retailer, retailer battery, battery where to buy, where to buy battery, battery worst, worst battery, battery quality, quality battery, battery original, original battery, battery genuine, genuine battery, battery fake, fake battery, battery replica, replica battery, battery authentic, authentic battery, battery brand, brand battery, battery manufacturer, manufacturer battery, battery company, company battery, battery product, product battery, battery sandisk product, sandisk product battery, battery sell sandisk, sell sandisk battery, battery buy sandisk, buy sandisk battery, battery cheap sandisk, cheap sandisk battery, battery best sandisk, best sandisk battery, battery sandisk review, sandisk review battery, battery where to buy sandisk, where to buy sandisk battery, battery how to choose sandisk, how to choose sandisk battery, battery top sandisk, top sandisk battery, battery sandisk guide, sandisk guide battery, battery sandisk for sale, sandisk for sale battery, battery sandisk deals, sandisk deals battery
2026-10-09 23:18:49,938 - INFO - Expanded 220 seed keywords to 385 variations
2026-10-09 23:18:49,938 - INFO - Language: en
2026-10-09 23:18:49,938 - INFO - Region: us
2026-10-09 23:23:17,737 - INFO - 🎯 After all filtering for 'sandisk': 120 relevant keywords
2026-10-09 23:23:17,870 - INFO - 🎯 Found 5 new keywords for niche 'sandisk': sandisk affordable android, cheap affordable android, best affordable android, how to affordable android, sandisk affordable battery
2026-10-09 23:23:34,301 - INFO - ✅ Niche 'sandisk' process complete! 884 total keyword results.
2026-10-09 23:23:34,301 - INFO - ✅ Completed processing niche: 'sandisk'
2026-10-09 23:23:34,301 - INFO - 🔧 Request Handler final stats - Success rate: 100.0%
2026-10-09 23:23:34,301 - INFO -    Total requests: 218850, Blocks: 1
2026-10-09 23:23:34,302 - INFO - 
========================================
2026-10-09 23:23:34,302 - INFO - Process Summary:
2026-10-09 23:23:34,302 - INFO - - Current niche: 'sandisk'
2026-10-09 23:23:34,302 - INFO - - Next niche will be: 'intel'
2026-10-09 23:23:34,302 - INFO - - Keywords saved in: languages/english/keywords/sandisk/
2026-10-09 23:23:34,302 - INFO - ========================================
