2026-08-20 03:14:59,940 - INFO - Log file created at: /home/runner/work/potensitech.com/potensitech.com/languages/english/keywords/logs/kw_search_20260820_031459.log
2026-08-20 03:14:59,940 - INFO - ============================================================
2026-08-20 03:14:59,940 - INFO - AUTOMATIC KEYWORD RESEARCH TOOL
2026-08-20 03:14:59,940 - INFO - ============================================================
2026-08-20 03:15:00,220 - INFO - ========================================
2026-08-20 03:15:00,220 - INFO - Found 14 niches to process: xiaomi, iphone, samsung, apple, sony, asus, philips, sandisk, intel, nvidia, amd, canon, nikon, huawei
2026-08-20 03:15:00,220 - INFO - ========================================
2026-08-20 03:15:00,220 - INFO - Continuing from last processed niche: asus
2026-08-20 03:15:00,221 - INFO - ========================================
2026-08-20 03:15:00,221 - INFO - 🎯 PROCESSING NICHE 7/14: 'philips'
2026-08-20 03:15:00,221 - INFO - ========================================
2026-08-20 03:15:00,221 - INFO - 📁 Niche directory: /home/runner/work/potensitech.com/potensitech.com/languages/english/keywords/philips
2026-08-20 03:15:00,221 - INFO - Selected region: us
2026-08-20 03:15:00,221 - INFO - Selected language: en
2026-08-20 03:15:00,221 - INFO - 🎯 Current niche: philips
2026-08-20 03:15:00,956 - INFO - 🎯 Niche terms for filtering: philips, cheap, best, latest, review, price, sell, buy, recommendation, tips, tutorial, guide, how to, vs, versus, compared to, comparison, alternatives, which is better, expensive, discount, deals, sale, affordable, cost, online, offline, marketplace, store, shop, retailer, where to buy, worst, quality, original, genuine, fake, replica, authentic, brand, manufacturer, company, product, philips product, sell philips, buy philips, cheap philips, best philips, philips review, where to buy philips, how to choose philips, top philips, philips guide, philips for sale, philips deals
2026-08-20 03:15:00,957 - INFO - Generated 50 niche-clue pairs for 'philips'.
2026-08-20 03:15:00,960 - INFO - Expanded 50 seed keywords to 218 variations
2026-08-20 03:15:00,965 - INFO - 🔧 Request Handler initialized - Success rate: 100.0%
2026-08-20 03:19:23,566 - INFO - Original clue keywords: megapixels, autofocus
2026-08-20 03:19:23,566 - INFO - Niche-focused seeds: megapixels philips, philips megapixels, megapixels cheap, cheap megapixels, megapixels best, best megapixels, megapixels latest, latest megapixels, megapixels review, review megapixels, megapixels price, price megapixels, megapixels sell, sell megapixels, megapixels buy, buy megapixels, megapixels recommendation, recommendation megapixels, megapixels tips, tips megapixels, megapixels tutorial, tutorial megapixels, megapixels guide, guide megapixels, megapixels how to, how to megapixels, megapixels vs, vs megapixels, megapixels versus, versus megapixels, megapixels compared to, compared to megapixels, megapixels comparison, comparison megapixels, megapixels alternatives, alternatives megapixels, megapixels which is better, which is better megapixels, megapixels expensive, expensive megapixels, megapixels discount, discount megapixels, megapixels deals, deals megapixels, megapixels sale, sale megapixels, megapixels affordable, affordable megapixels, megapixels cost, cost megapixels, megapixels online, online megapixels, megapixels offline, offline megapixels, megapixels marketplace, marketplace megapixels, megapixels store, store megapixels, megapixels shop, shop megapixels, megapixels retailer, retailer megapixels, megapixels where to buy, where to buy megapixels, megapixels worst, worst megapixels, megapixels quality, quality megapixels, megapixels original, original megapixels, megapixels genuine, genuine megapixels, megapixels fake, fake megapixels, megapixels replica, replica megapixels, megapixels authentic, authentic megapixels, megapixels brand, brand megapixels, megapixels manufacturer, manufacturer megapixels, megapixels company, company megapixels, megapixels product, product megapixels, megapixels philips product, philips product megapixels, megapixels sell philips, sell philips megapixels, megapixels buy philips, buy philips megapixels, megapixels cheap philips, cheap philips megapixels, megapixels best philips, best philips megapixels, megapixels philips review, philips review megapixels, megapixels where to buy philips, where to buy philips megapixels, megapixels how to choose philips, how to choose philips megapixels, megapixels top philips, top philips megapixels, megapixels philips guide, philips guide megapixels, megapixels philips for sale, philips for sale megapixels, megapixels philips deals, philips deals megapixels, autofocus philips, philips autofocus, autofocus cheap, cheap autofocus, autofocus best, best autofocus, autofocus latest, latest autofocus, autofocus review, review autofocus, autofocus price, price autofocus, autofocus sell, sell autofocus, autofocus buy, buy autofocus, autofocus recommendation, recommendation autofocus, autofocus tips, tips autofocus, autofocus tutorial, tutorial autofocus, autofocus guide, guide autofocus, autofocus how to, how to autofocus, autofocus vs, vs autofocus, autofocus versus, versus autofocus, autofocus compared to, compared to autofocus, autofocus comparison, comparison autofocus, autofocus alternatives, alternatives autofocus, autofocus which is better, which is better autofocus, autofocus expensive, expensive autofocus, autofocus discount, discount autofocus, autofocus deals, deals autofocus, autofocus sale, sale autofocus, autofocus affordable, affordable autofocus, autofocus cost, cost autofocus, autofocus online, online autofocus, autofocus offline, offline autofocus, autofocus marketplace, marketplace autofocus, autofocus store, store autofocus, autofocus shop, shop autofocus, autofocus retailer, retailer autofocus, autofocus where to buy, where to buy autofocus, autofocus worst, worst autofocus, autofocus quality, quality autofocus, autofocus original, original autofocus, autofocus genuine, genuine autofocus, autofocus fake, fake autofocus, autofocus replica, replica autofocus, autofocus authentic, authentic autofocus, autofocus brand, brand autofocus, autofocus manufacturer, manufacturer autofocus, autofocus company, company autofocus, autofocus product, product autofocus, autofocus philips product, philips product autofocus, autofocus sell philips, sell philips autofocus, autofocus buy philips, buy philips autofocus, autofocus cheap philips, cheap philips autofocus, autofocus best philips, best philips autofocus, autofocus philips review, philips review autofocus, autofocus where to buy philips, where to buy philips autofocus, autofocus how to choose philips, how to choose philips autofocus, autofocus top philips, top philips autofocus, autofocus philips guide, philips guide autofocus, autofocus philips for sale, philips for sale autofocus, autofocus philips deals, philips deals autofocus
2026-08-20 03:19:23,570 - INFO - Expanded 220 seed keywords to 385 variations
2026-08-20 03:19:23,570 - INFO - Language: en
2026-08-20 03:19:23,570 - INFO - Region: us
2026-08-20 03:23:53,418 - INFO - 🎯 After all filtering for 'philips': 120 relevant keywords
2026-08-20 03:23:53,652 - INFO - 🎯 Found 5 new keywords for niche 'philips': philips affordable autofocus, cheap affordable autofocus, best affordable autofocus, how to affordable autofocus, philips affordable megapixels
2026-08-20 03:23:54,200 - INFO - ✅ Niche 'philips' process complete! 697 total keyword results.
2026-08-20 03:23:54,200 - INFO - ✅ Completed processing niche: 'philips'
2026-08-20 03:23:54,200 - INFO - 🔧 Request Handler final stats - Success rate: 100.0%
2026-08-20 03:23:54,200 - INFO -    Total requests: 176007, Blocks: 1
2026-08-20 03:23:54,201 - INFO - 
========================================
2026-08-20 03:23:54,202 - INFO - Process Summary:
2026-08-20 03:23:54,202 - INFO - - Current niche: 'philips'
2026-08-20 03:23:54,202 - INFO - - Next niche will be: 'sandisk'
2026-08-20 03:23:54,202 - INFO - - Keywords saved in: languages/english/keywords/philips/
2026-08-20 03:23:54,202 - INFO - ========================================
