2026-08-29 13:10:27,836 - INFO - Log file created at: /home/runner/work/potensitech.com/potensitech.com/languages/english/keywords/logs/kw_search_20260829_131027.log
2026-08-29 13:10:27,836 - INFO - ============================================================
2026-08-29 13:10:27,836 - INFO - AUTOMATIC KEYWORD RESEARCH TOOL
2026-08-29 13:10:27,836 - INFO - ============================================================
2026-08-29 13:10:28,126 - INFO - ========================================
2026-08-29 13:10:28,126 - INFO - Found 14 niches to process: xiaomi, iphone, samsung, apple, sony, asus, philips, sandisk, intel, nvidia, amd, canon, nikon, huawei
2026-08-29 13:10:28,126 - INFO - ========================================
2026-08-29 13:10:28,126 - INFO - All niches completed, starting over
2026-08-29 13:10:28,126 - INFO - ========================================
2026-08-29 13:10:28,126 - INFO - 🎯 PROCESSING NICHE 1/14: 'xiaomi'
2026-08-29 13:10:28,126 - INFO - ========================================
2026-08-29 13:10:28,126 - INFO - 📁 Niche directory: /home/runner/work/potensitech.com/potensitech.com/languages/english/keywords/xiaomi
2026-08-29 13:10:28,126 - INFO - Selected region: us
2026-08-29 13:10:28,126 - INFO - Selected language: en
2026-08-29 13:10:28,126 - INFO - 🎯 Current niche: xiaomi
2026-08-29 13:10:39,490 - INFO - 🎯 Niche terms for filtering: xiaomi, cheap, best, latest, review, price, sell, buy, recommendation, tips, tutorial, guide, how to, vs, versus, compared to, comparison, alternatives, which is better, expensive, discount, deals, sale, affordable, cost, online, offline, marketplace, store, shop, retailer, where to buy, worst, quality, original, genuine, fake, replica, authentic, brand, manufacturer, company, product, xiaomi product, sell xiaomi, buy xiaomi, cheap xiaomi, best xiaomi, xiaomi review, where to buy xiaomi, how to choose xiaomi, top xiaomi, xiaomi guide, xiaomi for sale, xiaomi deals
2026-08-29 13:10:39,490 - INFO - Generated 50 niche-clue pairs for 'xiaomi'.
2026-08-29 13:10:39,492 - INFO - Expanded 50 seed keywords to 218 variations
2026-08-29 13:10:39,492 - INFO - 🔧 Request Handler initialized - Success rate: 100.0%
2026-08-29 13:15:03,599 - INFO - Original clue keywords: ai rendering, storage capacity
2026-08-29 13:15:03,599 - INFO - Niche-focused seeds: ai rendering xiaomi, xiaomi ai rendering, ai rendering cheap, cheap ai rendering, ai rendering best, best ai rendering, ai rendering latest, latest ai rendering, ai rendering review, review ai rendering, ai rendering price, price ai rendering, ai rendering sell, sell ai rendering, ai rendering buy, buy ai rendering, ai rendering recommendation, recommendation ai rendering, ai rendering tips, tips ai rendering, ai rendering tutorial, tutorial ai rendering, ai rendering guide, guide ai rendering, ai rendering how to, how to ai rendering, ai rendering vs, vs ai rendering, ai rendering versus, versus ai rendering, ai rendering compared to, compared to ai rendering, ai rendering comparison, comparison ai rendering, ai rendering alternatives, alternatives ai rendering, ai rendering which is better, which is better ai rendering, ai rendering expensive, expensive ai rendering, ai rendering discount, discount ai rendering, ai rendering deals, deals ai rendering, ai rendering sale, sale ai rendering, ai rendering affordable, affordable ai rendering, ai rendering cost, cost ai rendering, ai rendering online, online ai rendering, ai rendering offline, offline ai rendering, ai rendering marketplace, marketplace ai rendering, ai rendering store, store ai rendering, ai rendering shop, shop ai rendering, ai rendering retailer, retailer ai rendering, ai rendering where to buy, where to buy ai rendering, ai rendering worst, worst ai rendering, ai rendering quality, quality ai rendering, ai rendering original, original ai rendering, ai rendering genuine, genuine ai rendering, ai rendering fake, fake ai rendering, ai rendering replica, replica ai rendering, ai rendering authentic, authentic ai rendering, ai rendering brand, brand ai rendering, ai rendering manufacturer, manufacturer ai rendering, ai rendering company, company ai rendering, ai rendering product, product ai rendering, ai rendering xiaomi product, xiaomi product ai rendering, ai rendering sell xiaomi, sell xiaomi ai rendering, ai rendering buy xiaomi, buy xiaomi ai rendering, ai rendering cheap xiaomi, cheap xiaomi ai rendering, ai rendering best xiaomi, best xiaomi ai rendering, ai rendering xiaomi review, xiaomi review ai rendering, ai rendering where to buy xiaomi, where to buy xiaomi ai rendering, ai rendering how to choose xiaomi, how to choose xiaomi ai rendering, ai rendering top xiaomi, top xiaomi ai rendering, ai rendering xiaomi guide, xiaomi guide ai rendering, ai rendering xiaomi for sale, xiaomi for sale ai rendering, ai rendering xiaomi deals, xiaomi deals ai rendering, storage capacity xiaomi, xiaomi storage capacity, storage capacity cheap, cheap storage capacity, storage capacity best, best storage capacity, storage capacity latest, latest storage capacity, storage capacity review, review storage capacity, storage capacity price, price storage capacity, storage capacity sell, sell storage capacity, storage capacity buy, buy storage capacity, storage capacity recommendation, recommendation storage capacity, storage capacity tips, tips storage capacity, storage capacity tutorial, tutorial storage capacity, storage capacity guide, guide storage capacity, storage capacity how to, how to storage capacity, storage capacity vs, vs storage capacity, storage capacity versus, versus storage capacity, storage capacity compared to, compared to storage capacity, storage capacity comparison, comparison storage capacity, storage capacity alternatives, alternatives storage capacity, storage capacity which is better, which is better storage capacity, storage capacity expensive, expensive storage capacity, storage capacity discount, discount storage capacity, storage capacity deals, deals storage capacity, storage capacity sale, sale storage capacity, storage capacity affordable, affordable storage capacity, storage capacity cost, cost storage capacity, storage capacity online, online storage capacity, storage capacity offline, offline storage capacity, storage capacity marketplace, marketplace storage capacity, storage capacity store, store storage capacity, storage capacity shop, shop storage capacity, storage capacity retailer, retailer storage capacity, storage capacity where to buy, where to buy storage capacity, storage capacity worst, worst storage capacity, storage capacity quality, quality storage capacity, storage capacity original, original storage capacity, storage capacity genuine, genuine storage capacity, storage capacity fake, fake storage capacity, storage capacity replica, replica storage capacity, storage capacity authentic, authentic storage capacity, storage capacity brand, brand storage capacity, storage capacity manufacturer, manufacturer storage capacity, storage capacity company, company storage capacity, storage capacity product, product storage capacity, storage capacity xiaomi product, xiaomi product storage capacity, storage capacity sell xiaomi, sell xiaomi storage capacity, storage capacity buy xiaomi, buy xiaomi storage capacity, storage capacity cheap xiaomi, cheap xiaomi storage capacity, storage capacity best xiaomi, best xiaomi storage capacity, storage capacity xiaomi review, xiaomi review storage capacity, storage capacity where to buy xiaomi, where to buy xiaomi storage capacity, storage capacity how to choose xiaomi, how to choose xiaomi storage capacity, storage capacity top xiaomi, top xiaomi storage capacity, storage capacity xiaomi guide, xiaomi guide storage capacity, storage capacity xiaomi for sale, xiaomi for sale storage capacity, storage capacity xiaomi deals, xiaomi deals storage capacity
2026-08-29 13:15:03,602 - INFO - Expanded 220 seed keywords to 385 variations
2026-08-29 13:15:03,602 - INFO - Language: en
2026-08-29 13:15:03,602 - INFO - Region: us
2026-08-29 13:15:39,031 - INFO - 🎯 After all filtering for 'xiaomi': 120 relevant keywords
2026-08-29 13:15:39,466 - INFO - 🎯 Found 2 new keywords for niche 'xiaomi': xiaomi affordable ai rendering, xiaomi affordable storage capacity
2026-08-29 13:15:55,935 - INFO - ✅ Niche 'xiaomi' process complete! 660 total keyword results.
2026-08-29 13:15:55,936 - INFO - ✅ Completed processing niche: 'xiaomi'
2026-08-29 13:15:55,936 - INFO - 🔧 Request Handler final stats - Success rate: 100.0%
2026-08-29 13:15:55,936 - INFO -    Total requests: 183235, Blocks: 1
2026-08-29 13:15:55,936 - INFO - 
========================================
2026-08-29 13:15:55,937 - INFO - Process Summary:
2026-08-29 13:15:55,937 - INFO - - Current niche: 'xiaomi'
2026-08-29 13:15:55,937 - INFO - - Next niche will be: 'iphone'
2026-08-29 13:15:55,937 - INFO - - Keywords saved in: languages/english/keywords/xiaomi/
2026-08-29 13:15:55,937 - INFO - ========================================
