2026-09-25 22:16:56,041 - INFO - Log file created at: /home/runner/work/potensitech.com/potensitech.com/languages/english/keywords/logs/kw_search_20260925_221656.log
2026-09-25 22:16:56,041 - INFO - ============================================================
2026-09-25 22:16:56,041 - INFO - AUTOMATIC KEYWORD RESEARCH TOOL
2026-09-25 22:16:56,041 - INFO - ============================================================
2026-09-25 22:16:56,476 - INFO - ========================================
2026-09-25 22:16:56,476 - INFO - Found 14 niches to process: xiaomi, iphone, samsung, apple, sony, asus, philips, sandisk, intel, nvidia, amd, canon, nikon, huawei
2026-09-25 22:16:56,476 - INFO - ========================================
2026-09-25 22:16:56,476 - INFO - Continuing from last processed niche: sandisk
2026-09-25 22:16:56,477 - INFO - ========================================
2026-09-25 22:16:56,477 - INFO - 🎯 PROCESSING NICHE 9/14: 'intel'
2026-09-25 22:16:56,477 - INFO - ========================================
2026-09-25 22:16:56,477 - INFO - 📁 Niche directory: /home/runner/work/potensitech.com/potensitech.com/languages/english/keywords/intel
2026-09-25 22:16:56,477 - INFO - Selected region: us
2026-09-25 22:16:56,477 - INFO - Selected language: en
2026-09-25 22:16:56,477 - INFO - 🎯 Current niche: intel
2026-09-25 22:17:07,217 - INFO - 🎯 Niche terms for filtering: intel, cheap, best, latest, review, price, sell, buy, recommendation, tips, tutorial, guide, how to, vs, versus, compared to, comparison, alternatives, which is better, expensive, discount, deals, sale, affordable, cost, online, offline, marketplace, store, shop, retailer, where to buy, worst, quality, original, genuine, fake, replica, authentic, brand, manufacturer, company, product, intel product, sell intel, buy intel, cheap intel, best intel, intel review, where to buy intel, how to choose intel, top intel, intel guide, intel for sale, intel deals
2026-09-25 22:17:07,218 - INFO - Generated 50 niche-clue pairs for 'intel'.
2026-09-25 22:17:07,221 - INFO - Expanded 50 seed keywords to 218 variations
2026-09-25 22:17:07,222 - INFO - 🔧 Request Handler initialized - Success rate: 100.0%
2026-09-25 22:21:31,715 - INFO - Original clue keywords: power efficiency, smartphone features
2026-09-25 22:21:31,715 - INFO - Niche-focused seeds: power efficiency intel, intel power efficiency, power efficiency cheap, cheap power efficiency, power efficiency best, best power efficiency, power efficiency latest, latest power efficiency, power efficiency review, review power efficiency, power efficiency price, price power efficiency, power efficiency sell, sell power efficiency, power efficiency buy, buy power efficiency, power efficiency recommendation, recommendation power efficiency, power efficiency tips, tips power efficiency, power efficiency tutorial, tutorial power efficiency, power efficiency guide, guide power efficiency, power efficiency how to, how to power efficiency, power efficiency vs, vs power efficiency, power efficiency versus, versus power efficiency, power efficiency compared to, compared to power efficiency, power efficiency comparison, comparison power efficiency, power efficiency alternatives, alternatives power efficiency, power efficiency which is better, which is better power efficiency, power efficiency expensive, expensive power efficiency, power efficiency discount, discount power efficiency, power efficiency deals, deals power efficiency, power efficiency sale, sale power efficiency, power efficiency affordable, affordable power efficiency, power efficiency cost, cost power efficiency, power efficiency online, online power efficiency, power efficiency offline, offline power efficiency, power efficiency marketplace, marketplace power efficiency, power efficiency store, store power efficiency, power efficiency shop, shop power efficiency, power efficiency retailer, retailer power efficiency, power efficiency where to buy, where to buy power efficiency, power efficiency worst, worst power efficiency, power efficiency quality, quality power efficiency, power efficiency original, original power efficiency, power efficiency genuine, genuine power efficiency, power efficiency fake, fake power efficiency, power efficiency replica, replica power efficiency, power efficiency authentic, authentic power efficiency, power efficiency brand, brand power efficiency, power efficiency manufacturer, manufacturer power efficiency, power efficiency company, company power efficiency, power efficiency product, product power efficiency, power efficiency intel product, intel product power efficiency, power efficiency sell intel, sell intel power efficiency, power efficiency buy intel, buy intel power efficiency, power efficiency cheap intel, cheap intel power efficiency, power efficiency best intel, best intel power efficiency, power efficiency intel review, intel review power efficiency, power efficiency where to buy intel, where to buy intel power efficiency, power efficiency how to choose intel, how to choose intel power efficiency, power efficiency top intel, top intel power efficiency, power efficiency intel guide, intel guide power efficiency, power efficiency intel for sale, intel for sale power efficiency, power efficiency intel deals, intel deals power efficiency, smartphone features intel, intel smartphone features, smartphone features cheap, cheap smartphone features, smartphone features best, best smartphone features, smartphone features latest, latest smartphone features, smartphone features review, review smartphone features, smartphone features price, price smartphone features, smartphone features sell, sell smartphone features, smartphone features buy, buy smartphone features, smartphone features recommendation, recommendation smartphone features, smartphone features tips, tips smartphone features, smartphone features tutorial, tutorial smartphone features, smartphone features guide, guide smartphone features, smartphone features how to, how to smartphone features, smartphone features vs, vs smartphone features, smartphone features versus, versus smartphone features, smartphone features compared to, compared to smartphone features, smartphone features comparison, comparison smartphone features, smartphone features alternatives, alternatives smartphone features, smartphone features which is better, which is better smartphone features, smartphone features expensive, expensive smartphone features, smartphone features discount, discount smartphone features, smartphone features deals, deals smartphone features, smartphone features sale, sale smartphone features, smartphone features affordable, affordable smartphone features, smartphone features cost, cost smartphone features, smartphone features online, online smartphone features, smartphone features offline, offline smartphone features, smartphone features marketplace, marketplace smartphone features, smartphone features store, store smartphone features, smartphone features shop, shop smartphone features, smartphone features retailer, retailer smartphone features, smartphone features where to buy, where to buy smartphone features, smartphone features worst, worst smartphone features, smartphone features quality, quality smartphone features, smartphone features original, original smartphone features, smartphone features genuine, genuine smartphone features, smartphone features fake, fake smartphone features, smartphone features replica, replica smartphone features, smartphone features authentic, authentic smartphone features, smartphone features brand, brand smartphone features, smartphone features manufacturer, manufacturer smartphone features, smartphone features company, company smartphone features, smartphone features product, product smartphone features, smartphone features intel product, intel product smartphone features, smartphone features sell intel, sell intel smartphone features, smartphone features buy intel, buy intel smartphone features, smartphone features cheap intel, cheap intel smartphone features, smartphone features best intel, best intel smartphone features, smartphone features intel review, intel review smartphone features, smartphone features where to buy intel, where to buy intel smartphone features, smartphone features how to choose intel, how to choose intel smartphone features, smartphone features top intel, top intel smartphone features, smartphone features intel guide, intel guide smartphone features, smartphone features intel for sale, intel for sale smartphone features, smartphone features intel deals, intel deals smartphone features
2026-09-25 22:21:31,718 - INFO - Expanded 220 seed keywords to 385 variations
2026-09-25 22:21:31,718 - INFO - Language: en
2026-09-25 22:21:31,719 - INFO - Region: us
2026-09-25 22:23:59,480 - INFO - 🎯 After all filtering for 'intel': 120 relevant keywords
2026-09-25 22:24:01,363 - INFO - 🎯 Found 5 new keywords for niche 'intel': intel affordable power efficiency, intel affordable smartphone features, cheap alternatives power efficiency, cheap alternatives smartphone features, best authentic power efficiency
2026-09-25 22:24:17,436 - INFO - ✅ Niche 'intel' process complete! 1047 total keyword results.
2026-09-25 22:24:17,436 - INFO - ✅ Completed processing niche: 'intel'
2026-09-25 22:24:17,436 - INFO - 🔧 Request Handler final stats - Success rate: 100.0%
2026-09-25 22:24:17,436 - INFO -    Total requests: 206241, Blocks: 1
2026-09-25 22:24:17,437 - INFO - 
========================================
2026-09-25 22:24:17,437 - INFO - Process Summary:
2026-09-25 22:24:17,437 - INFO - - Current niche: 'intel'
2026-09-25 22:24:17,437 - INFO - - Next niche will be: 'nvidia'
2026-09-25 22:24:17,437 - INFO - - Keywords saved in: languages/english/keywords/intel/
2026-09-25 22:24:17,438 - INFO - ========================================
