2026-08-30 14:30:35,262 - INFO - Log file created at: /home/runner/work/potensitech.com/potensitech.com/languages/english/keywords/logs/kw_search_20260830_143035.log
2026-08-30 14:30:35,262 - INFO - ============================================================
2026-08-30 14:30:35,262 - INFO - AUTOMATIC KEYWORD RESEARCH TOOL
2026-08-30 14:30:35,262 - INFO - ============================================================
2026-08-30 14:30:35,576 - INFO - ========================================
2026-08-30 14:30:35,576 - INFO - Found 14 niches to process: xiaomi, iphone, samsung, apple, sony, asus, philips, sandisk, intel, nvidia, amd, canon, nikon, huawei
2026-08-30 14:30:35,576 - INFO - ========================================
2026-08-30 14:30:35,576 - INFO - Continuing from last processed niche: amd
2026-08-30 14:30:35,576 - INFO - ========================================
2026-08-30 14:30:35,576 - INFO - 🎯 PROCESSING NICHE 12/14: 'canon'
2026-08-30 14:30:35,576 - INFO - ========================================
2026-08-30 14:30:35,576 - INFO - 📁 Niche directory: /home/runner/work/potensitech.com/potensitech.com/languages/english/keywords/canon
2026-08-30 14:30:35,576 - INFO - Selected region: us
2026-08-30 14:30:35,576 - INFO - Selected language: en
2026-08-30 14:30:35,576 - INFO - 🎯 Current niche: canon
2026-08-30 14:30:46,661 - INFO - 🎯 Niche terms for filtering: canon, cheap, best, latest, review, price, sell, buy, recommendation, tips, tutorial, guide, how to, vs, versus, compared to, comparison, alternatives, which is better, expensive, discount, deals, sale, affordable, cost, online, offline, marketplace, store, shop, retailer, where to buy, worst, quality, original, genuine, fake, replica, authentic, brand, manufacturer, company, product, canon product, sell canon, buy canon, cheap canon, best canon, canon review, where to buy canon, how to choose canon, top canon, canon guide, canon for sale, canon deals
2026-08-30 14:30:46,661 - INFO - Generated 50 niche-clue pairs for 'canon'.
2026-08-30 14:30:46,664 - INFO - Expanded 50 seed keywords to 218 variations
2026-08-30 14:30:46,665 - INFO - 🔧 Request Handler initialized - Success rate: 100.0%
2026-08-30 14:35:07,895 - INFO - Original clue keywords: ai rendering, smart-lighting
2026-08-30 14:35:07,895 - INFO - Niche-focused seeds: ai rendering canon, canon ai rendering, ai rendering cheap, cheap ai rendering, ai rendering best, best ai rendering, ai rendering latest, latest ai rendering, ai rendering review, review ai rendering, ai rendering price, price ai rendering, ai rendering sell, sell ai rendering, ai rendering buy, buy ai rendering, ai rendering recommendation, recommendation ai rendering, ai rendering tips, tips ai rendering, ai rendering tutorial, tutorial ai rendering, ai rendering guide, guide ai rendering, ai rendering how to, how to ai rendering, ai rendering vs, vs ai rendering, ai rendering versus, versus ai rendering, ai rendering compared to, compared to ai rendering, ai rendering comparison, comparison ai rendering, ai rendering alternatives, alternatives ai rendering, ai rendering which is better, which is better ai rendering, ai rendering expensive, expensive ai rendering, ai rendering discount, discount ai rendering, ai rendering deals, deals ai rendering, ai rendering sale, sale ai rendering, ai rendering affordable, affordable ai rendering, ai rendering cost, cost ai rendering, ai rendering online, online ai rendering, ai rendering offline, offline ai rendering, ai rendering marketplace, marketplace ai rendering, ai rendering store, store ai rendering, ai rendering shop, shop ai rendering, ai rendering retailer, retailer ai rendering, ai rendering where to buy, where to buy ai rendering, ai rendering worst, worst ai rendering, ai rendering quality, quality ai rendering, ai rendering original, original ai rendering, ai rendering genuine, genuine ai rendering, ai rendering fake, fake ai rendering, ai rendering replica, replica ai rendering, ai rendering authentic, authentic ai rendering, ai rendering brand, brand ai rendering, ai rendering manufacturer, manufacturer ai rendering, ai rendering company, company ai rendering, ai rendering product, product ai rendering, ai rendering canon product, canon product ai rendering, ai rendering sell canon, sell canon ai rendering, ai rendering buy canon, buy canon ai rendering, ai rendering cheap canon, cheap canon ai rendering, ai rendering best canon, best canon ai rendering, ai rendering canon review, canon review ai rendering, ai rendering where to buy canon, where to buy canon ai rendering, ai rendering how to choose canon, how to choose canon ai rendering, ai rendering top canon, top canon ai rendering, ai rendering canon guide, canon guide ai rendering, ai rendering canon for sale, canon for sale ai rendering, ai rendering canon deals, canon deals ai rendering, smart-lighting canon, canon smart-lighting, smart-lighting cheap, cheap smart-lighting, smart-lighting best, best smart-lighting, smart-lighting latest, latest smart-lighting, smart-lighting review, review smart-lighting, smart-lighting price, price smart-lighting, smart-lighting sell, sell smart-lighting, smart-lighting buy, buy smart-lighting, smart-lighting recommendation, recommendation smart-lighting, smart-lighting tips, tips smart-lighting, smart-lighting tutorial, tutorial smart-lighting, smart-lighting guide, guide smart-lighting, smart-lighting how to, how to smart-lighting, smart-lighting vs, vs smart-lighting, smart-lighting versus, versus smart-lighting, smart-lighting compared to, compared to smart-lighting, smart-lighting comparison, comparison smart-lighting, smart-lighting alternatives, alternatives smart-lighting, smart-lighting which is better, which is better smart-lighting, smart-lighting expensive, expensive smart-lighting, smart-lighting discount, discount smart-lighting, smart-lighting deals, deals smart-lighting, smart-lighting sale, sale smart-lighting, smart-lighting affordable, affordable smart-lighting, smart-lighting cost, cost smart-lighting, smart-lighting online, online smart-lighting, smart-lighting offline, offline smart-lighting, smart-lighting marketplace, marketplace smart-lighting, smart-lighting store, store smart-lighting, smart-lighting shop, shop smart-lighting, smart-lighting retailer, retailer smart-lighting, smart-lighting where to buy, where to buy smart-lighting, smart-lighting worst, worst smart-lighting, smart-lighting quality, quality smart-lighting, smart-lighting original, original smart-lighting, smart-lighting genuine, genuine smart-lighting, smart-lighting fake, fake smart-lighting, smart-lighting replica, replica smart-lighting, smart-lighting authentic, authentic smart-lighting, smart-lighting brand, brand smart-lighting, smart-lighting manufacturer, manufacturer smart-lighting, smart-lighting company, company smart-lighting, smart-lighting product, product smart-lighting, smart-lighting canon product, canon product smart-lighting, smart-lighting sell canon, sell canon smart-lighting, smart-lighting buy canon, buy canon smart-lighting, smart-lighting cheap canon, cheap canon smart-lighting, smart-lighting best canon, best canon smart-lighting, smart-lighting canon review, canon review smart-lighting, smart-lighting where to buy canon, where to buy canon smart-lighting, smart-lighting how to choose canon, how to choose canon smart-lighting, smart-lighting top canon, top canon smart-lighting, smart-lighting canon guide, canon guide smart-lighting, smart-lighting canon for sale, canon for sale smart-lighting, smart-lighting canon deals, canon deals smart-lighting
2026-08-30 14:35:07,898 - INFO - Expanded 220 seed keywords to 385 variations
2026-08-30 14:35:07,899 - INFO - Language: en
2026-08-30 14:35:07,899 - INFO - Region: us
2026-08-30 14:39:38,141 - INFO - 🎯 After all filtering for 'canon': 120 relevant keywords
2026-08-30 14:39:38,409 - INFO - 🎯 Found 5 new keywords for niche 'canon': canon affordable smart-lighting, cheap affordable smart-lighting, best affordable smart-lighting, how to affordable smart-lighting, canon alternatives smart-lighting
2026-08-30 14:39:54,729 - INFO - ✅ Niche 'canon' process complete! 697 total keyword results.
2026-08-30 14:39:54,729 - INFO - ✅ Completed processing niche: 'canon'
2026-08-30 14:39:54,729 - INFO - 🔧 Request Handler final stats - Success rate: 100.0%
2026-08-30 14:39:54,729 - INFO -    Total requests: 184004, Blocks: 1
2026-08-30 14:39:54,730 - INFO - 
========================================
2026-08-30 14:39:54,731 - INFO - Process Summary:
2026-08-30 14:39:54,731 - INFO - - Current niche: 'canon'
2026-08-30 14:39:54,731 - INFO - - Next niche will be: 'nikon'
2026-08-30 14:39:54,731 - INFO - - Keywords saved in: languages/english/keywords/canon/
2026-08-30 14:39:54,732 - INFO - ========================================
