2026-09-07 20:11:02,244 - INFO - Log file created at: /home/runner/work/potensitech.com/potensitech.com/languages/english/keywords/logs/kw_search_20260907_201102.log
2026-09-07 20:11:02,244 - INFO - ============================================================
2026-09-07 20:11:02,244 - INFO - AUTOMATIC KEYWORD RESEARCH TOOL
2026-09-07 20:11:02,244 - INFO - ============================================================
2026-09-07 20:11:02,584 - INFO - ========================================
2026-09-07 20:11:02,584 - INFO - Found 14 niches to process: xiaomi, iphone, samsung, apple, sony, asus, philips, sandisk, intel, nvidia, amd, canon, nikon, huawei
2026-09-07 20:11:02,584 - INFO - ========================================
2026-09-07 20:11:02,584 - INFO - Continuing from last processed niche: intel
2026-09-07 20:11:02,584 - INFO - ========================================
2026-09-07 20:11:02,584 - INFO - 🎯 PROCESSING NICHE 10/14: 'nvidia'
2026-09-07 20:11:02,584 - INFO - ========================================
2026-09-07 20:11:02,584 - INFO - 📁 Niche directory: /home/runner/work/potensitech.com/potensitech.com/languages/english/keywords/nvidia
2026-09-07 20:11:02,585 - INFO - Selected region: us
2026-09-07 20:11:02,585 - INFO - Selected language: en
2026-09-07 20:11:02,585 - INFO - 🎯 Current niche: nvidia
2026-09-07 20:11:13,859 - INFO - 🎯 Niche terms for filtering: nvidia, cheap, best, latest, review, price, sell, buy, recommendation, tips, tutorial, guide, how to, vs, versus, compared to, comparison, alternatives, which is better, expensive, discount, deals, sale, affordable, cost, online, offline, marketplace, store, shop, retailer, where to buy, worst, quality, original, genuine, fake, replica, authentic, brand, manufacturer, company, product, nvidia product, sell nvidia, buy nvidia, cheap nvidia, best nvidia, nvidia review, where to buy nvidia, how to choose nvidia, top nvidia, nvidia guide, nvidia for sale, nvidia deals
2026-09-07 20:11:13,859 - INFO - Generated 50 niche-clue pairs for 'nvidia'.
2026-09-07 20:11:13,863 - INFO - Expanded 50 seed keywords to 218 variations
2026-09-07 20:11:13,863 - INFO - 🔧 Request Handler initialized - Success rate: 100.0%
2026-09-07 20:15:57,941 - INFO - Original clue keywords: core technology, chipset upgrade
2026-09-07 20:15:57,941 - INFO - Niche-focused seeds: core technology nvidia, nvidia core technology, core technology cheap, cheap core technology, core technology best, best core technology, core technology latest, latest core technology, core technology review, review core technology, core technology price, price core technology, core technology sell, sell core technology, core technology buy, buy core technology, core technology recommendation, recommendation core technology, core technology tips, tips core technology, core technology tutorial, tutorial core technology, core technology guide, guide core technology, core technology how to, how to core technology, core technology vs, vs core technology, core technology versus, versus core technology, core technology compared to, compared to core technology, core technology comparison, comparison core technology, core technology alternatives, alternatives core technology, core technology which is better, which is better core technology, core technology expensive, expensive core technology, core technology discount, discount core technology, core technology deals, deals core technology, core technology sale, sale core technology, core technology affordable, affordable core technology, core technology cost, cost core technology, core technology online, online core technology, core technology offline, offline core technology, core technology marketplace, marketplace core technology, core technology store, store core technology, core technology shop, shop core technology, core technology retailer, retailer core technology, core technology where to buy, where to buy core technology, core technology worst, worst core technology, core technology quality, quality core technology, core technology original, original core technology, core technology genuine, genuine core technology, core technology fake, fake core technology, core technology replica, replica core technology, core technology authentic, authentic core technology, core technology brand, brand core technology, core technology manufacturer, manufacturer core technology, core technology company, company core technology, core technology product, product core technology, core technology nvidia product, nvidia product core technology, core technology sell nvidia, sell nvidia core technology, core technology buy nvidia, buy nvidia core technology, core technology cheap nvidia, cheap nvidia core technology, core technology best nvidia, best nvidia core technology, core technology nvidia review, nvidia review core technology, core technology where to buy nvidia, where to buy nvidia core technology, core technology how to choose nvidia, how to choose nvidia core technology, core technology top nvidia, top nvidia core technology, core technology nvidia guide, nvidia guide core technology, core technology nvidia for sale, nvidia for sale core technology, core technology nvidia deals, nvidia deals core technology, chipset upgrade nvidia, nvidia chipset upgrade, chipset upgrade cheap, cheap chipset upgrade, chipset upgrade best, best chipset upgrade, chipset upgrade latest, latest chipset upgrade, chipset upgrade review, review chipset upgrade, chipset upgrade price, price chipset upgrade, chipset upgrade sell, sell chipset upgrade, chipset upgrade buy, buy chipset upgrade, chipset upgrade recommendation, recommendation chipset upgrade, chipset upgrade tips, tips chipset upgrade, chipset upgrade tutorial, tutorial chipset upgrade, chipset upgrade guide, guide chipset upgrade, chipset upgrade how to, how to chipset upgrade, chipset upgrade vs, vs chipset upgrade, chipset upgrade versus, versus chipset upgrade, chipset upgrade compared to, compared to chipset upgrade, chipset upgrade comparison, comparison chipset upgrade, chipset upgrade alternatives, alternatives chipset upgrade, chipset upgrade which is better, which is better chipset upgrade, chipset upgrade expensive, expensive chipset upgrade, chipset upgrade discount, discount chipset upgrade, chipset upgrade deals, deals chipset upgrade, chipset upgrade sale, sale chipset upgrade, chipset upgrade affordable, affordable chipset upgrade, chipset upgrade cost, cost chipset upgrade, chipset upgrade online, online chipset upgrade, chipset upgrade offline, offline chipset upgrade, chipset upgrade marketplace, marketplace chipset upgrade, chipset upgrade store, store chipset upgrade, chipset upgrade shop, shop chipset upgrade, chipset upgrade retailer, retailer chipset upgrade, chipset upgrade where to buy, where to buy chipset upgrade, chipset upgrade worst, worst chipset upgrade, chipset upgrade quality, quality chipset upgrade, chipset upgrade original, original chipset upgrade, chipset upgrade genuine, genuine chipset upgrade, chipset upgrade fake, fake chipset upgrade, chipset upgrade replica, replica chipset upgrade, chipset upgrade authentic, authentic chipset upgrade, chipset upgrade brand, brand chipset upgrade, chipset upgrade manufacturer, manufacturer chipset upgrade, chipset upgrade company, company chipset upgrade, chipset upgrade product, product chipset upgrade, chipset upgrade nvidia product, nvidia product chipset upgrade, chipset upgrade sell nvidia, sell nvidia chipset upgrade, chipset upgrade buy nvidia, buy nvidia chipset upgrade, chipset upgrade cheap nvidia, cheap nvidia chipset upgrade, chipset upgrade best nvidia, best nvidia chipset upgrade, chipset upgrade nvidia review, nvidia review chipset upgrade, chipset upgrade where to buy nvidia, where to buy nvidia chipset upgrade, chipset upgrade how to choose nvidia, how to choose nvidia chipset upgrade, chipset upgrade top nvidia, top nvidia chipset upgrade, chipset upgrade nvidia guide, nvidia guide chipset upgrade, chipset upgrade nvidia for sale, nvidia for sale chipset upgrade, chipset upgrade nvidia deals, nvidia deals chipset upgrade
2026-09-07 20:15:57,945 - INFO - Expanded 220 seed keywords to 385 variations
2026-09-07 20:15:57,945 - INFO - Language: en
2026-09-07 20:15:57,945 - INFO - Region: us
2026-09-07 20:20:31,728 - INFO - 🎯 After all filtering for 'nvidia': 120 relevant keywords
2026-09-07 20:20:34,888 - INFO - 🎯 Found 5 new keywords for niche 'nvidia': nvidia affordable chipset upgrade, nvidia affordable core technology, cheap alternatives core technology, best authentic core technology, how to brand core technology
2026-09-07 20:20:51,506 - INFO - ✅ Niche 'nvidia' process complete! 875 total keyword results.
2026-09-07 20:20:51,506 - INFO - ✅ Completed processing niche: 'nvidia'
2026-09-07 20:20:51,506 - INFO - 🔧 Request Handler final stats - Success rate: 100.0%
2026-09-07 20:20:51,506 - INFO -    Total requests: 190803, Blocks: 1
2026-09-07 20:20:51,507 - INFO - 
========================================
2026-09-07 20:20:51,507 - INFO - Process Summary:
2026-09-07 20:20:51,507 - INFO - - Current niche: 'nvidia'
2026-09-07 20:20:51,507 - INFO - - Next niche will be: 'amd'
2026-09-07 20:20:51,507 - INFO - - Keywords saved in: languages/english/keywords/nvidia/
2026-09-07 20:20:51,508 - INFO - ========================================
