2026-08-03 05:55:32,372 - INFO - Log file created at: /home/runner/work/potensitech.com/potensitech.com/languages/english/keywords/logs/kw_search_20260803_055532.log
2026-08-03 05:55:32,372 - INFO - ============================================================
2026-08-03 05:55:32,372 - INFO - AUTOMATIC KEYWORD RESEARCH TOOL
2026-08-03 05:55:32,372 - INFO - ============================================================
2026-08-03 05:55:32,630 - INFO - ========================================
2026-08-03 05:55:32,630 - INFO - Found 14 niches to process: xiaomi, iphone, samsung, apple, sony, asus, philips, sandisk, intel, nvidia, amd, canon, nikon, huawei
2026-08-03 05:55:32,630 - INFO - ========================================
2026-08-03 05:55:32,630 - INFO - Continuing from last processed niche: asus
2026-08-03 05:55:32,630 - INFO - ========================================
2026-08-03 05:55:32,630 - INFO - 🎯 PROCESSING NICHE 7/14: 'philips'
2026-08-03 05:55:32,630 - INFO - ========================================
2026-08-03 05:55:32,630 - INFO - 📁 Niche directory: /home/runner/work/potensitech.com/potensitech.com/languages/english/keywords/philips
2026-08-03 05:55:32,630 - INFO - Selected region: us
2026-08-03 05:55:32,631 - INFO - Selected language: en
2026-08-03 05:55:32,631 - INFO - 🎯 Current niche: philips
2026-08-03 05:55:36,215 - INFO - 🎯 Niche terms for filtering: philips, cheap, best, latest, review, price, sell, buy, recommendation, tips, tutorial, guide, how to, vs, versus, compared to, comparison, alternatives, which is better, expensive, discount, deals, sale, affordable, cost, online, offline, marketplace, store, shop, retailer, where to buy, worst, quality, original, genuine, fake, replica, authentic, brand, manufacturer, company, product, philips product, sell philips, buy philips, cheap philips, best philips, philips review, where to buy philips, how to choose philips, top philips, philips guide, philips for sale, philips deals
2026-08-03 05:55:36,216 - INFO - Generated 50 niche-clue pairs for 'philips'.
2026-08-03 05:55:36,219 - INFO - Expanded 50 seed keywords to 218 variations
2026-08-03 05:55:36,219 - INFO - 🔧 Request Handler initialized - Success rate: 100.0%
2026-08-03 05:59:58,695 - INFO - Original clue keywords: solid state, mirrorless options
2026-08-03 05:59:58,695 - INFO - Niche-focused seeds: solid state philips, philips solid state, solid state cheap, cheap solid state, solid state best, best solid state, solid state latest, latest solid state, solid state review, review solid state, solid state price, price solid state, solid state sell, sell solid state, solid state buy, buy solid state, solid state recommendation, recommendation solid state, solid state tips, tips solid state, solid state tutorial, tutorial solid state, solid state guide, guide solid state, solid state how to, how to solid state, solid state vs, vs solid state, solid state versus, versus solid state, solid state compared to, compared to solid state, solid state comparison, comparison solid state, solid state alternatives, alternatives solid state, solid state which is better, which is better solid state, solid state expensive, expensive solid state, solid state discount, discount solid state, solid state deals, deals solid state, solid state sale, sale solid state, solid state affordable, affordable solid state, solid state cost, cost solid state, solid state online, online solid state, solid state offline, offline solid state, solid state marketplace, marketplace solid state, solid state store, store solid state, solid state shop, shop solid state, solid state retailer, retailer solid state, solid state where to buy, where to buy solid state, solid state worst, worst solid state, solid state quality, quality solid state, solid state original, original solid state, solid state genuine, genuine solid state, solid state fake, fake solid state, solid state replica, replica solid state, solid state authentic, authentic solid state, solid state brand, brand solid state, solid state manufacturer, manufacturer solid state, solid state company, company solid state, solid state product, product solid state, solid state philips product, philips product solid state, solid state sell philips, sell philips solid state, solid state buy philips, buy philips solid state, solid state cheap philips, cheap philips solid state, solid state best philips, best philips solid state, solid state philips review, philips review solid state, solid state where to buy philips, where to buy philips solid state, solid state how to choose philips, how to choose philips solid state, solid state top philips, top philips solid state, solid state philips guide, philips guide solid state, solid state philips for sale, philips for sale solid state, solid state philips deals, philips deals solid state, mirrorless options philips, philips mirrorless options, mirrorless options cheap, cheap mirrorless options, mirrorless options best, best mirrorless options, mirrorless options latest, latest mirrorless options, mirrorless options review, review mirrorless options, mirrorless options price, price mirrorless options, mirrorless options sell, sell mirrorless options, mirrorless options buy, buy mirrorless options, mirrorless options recommendation, recommendation mirrorless options, mirrorless options tips, tips mirrorless options, mirrorless options tutorial, tutorial mirrorless options, mirrorless options guide, guide mirrorless options, mirrorless options how to, how to mirrorless options, mirrorless options vs, vs mirrorless options, mirrorless options versus, versus mirrorless options, mirrorless options compared to, compared to mirrorless options, mirrorless options comparison, comparison mirrorless options, mirrorless options alternatives, alternatives mirrorless options, mirrorless options which is better, which is better mirrorless options, mirrorless options expensive, expensive mirrorless options, mirrorless options discount, discount mirrorless options, mirrorless options deals, deals mirrorless options, mirrorless options sale, sale mirrorless options, mirrorless options affordable, affordable mirrorless options, mirrorless options cost, cost mirrorless options, mirrorless options online, online mirrorless options, mirrorless options offline, offline mirrorless options, mirrorless options marketplace, marketplace mirrorless options, mirrorless options store, store mirrorless options, mirrorless options shop, shop mirrorless options, mirrorless options retailer, retailer mirrorless options, mirrorless options where to buy, where to buy mirrorless options, mirrorless options worst, worst mirrorless options, mirrorless options quality, quality mirrorless options, mirrorless options original, original mirrorless options, mirrorless options genuine, genuine mirrorless options, mirrorless options fake, fake mirrorless options, mirrorless options replica, replica mirrorless options, mirrorless options authentic, authentic mirrorless options, mirrorless options brand, brand mirrorless options, mirrorless options manufacturer, manufacturer mirrorless options, mirrorless options company, company mirrorless options, mirrorless options product, product mirrorless options, mirrorless options philips product, philips product mirrorless options, mirrorless options sell philips, sell philips mirrorless options, mirrorless options buy philips, buy philips mirrorless options, mirrorless options cheap philips, cheap philips mirrorless options, mirrorless options best philips, best philips mirrorless options, mirrorless options philips review, philips review mirrorless options, mirrorless options where to buy philips, where to buy philips mirrorless options, mirrorless options how to choose philips, how to choose philips mirrorless options, mirrorless options top philips, top philips mirrorless options, mirrorless options philips guide, philips guide mirrorless options, mirrorless options philips for sale, philips for sale mirrorless options, mirrorless options philips deals, philips deals mirrorless options
2026-08-03 05:59:58,698 - INFO - Expanded 220 seed keywords to 385 variations
2026-08-03 05:59:58,698 - INFO - Language: en
2026-08-03 05:59:58,698 - INFO - Region: us
2026-08-03 06:04:33,105 - INFO - 🎯 After all filtering for 'philips': 120 relevant keywords
2026-08-03 06:04:34,442 - INFO - 🎯 Found 5 new keywords for niche 'philips': philips affordable mirrorless options, philips affordable solid state, cheap alternatives mirrorless options, cheap alternatives solid state, best authentic mirrorless options
2026-08-03 06:04:36,000 - INFO - ✅ Niche 'philips' process complete! 673 total keyword results.
2026-08-03 06:04:36,001 - INFO - ✅ Completed processing niche: 'philips'
2026-08-03 06:04:36,001 - INFO - 🔧 Request Handler final stats - Success rate: 100.0%
2026-08-03 06:04:36,001 - INFO -    Total requests: 163171, Blocks: 1
2026-08-03 06:04:36,002 - INFO - 
========================================
2026-08-03 06:04:36,002 - INFO - Process Summary:
2026-08-03 06:04:36,002 - INFO - - Current niche: 'philips'
2026-08-03 06:04:36,002 - INFO - - Next niche will be: 'sandisk'
2026-08-03 06:04:36,002 - INFO - - Keywords saved in: languages/english/keywords/philips/
2026-08-03 06:04:36,003 - INFO - ========================================
