2026-08-29 19:31:56,008 - INFO - Log file created at: /home/runner/work/potensitech.com/potensitech.com/languages/english/keywords/logs/kw_search_20260829_193156.log
2026-08-29 19:31:56,008 - INFO - ============================================================
2026-08-29 19:31:56,008 - INFO - AUTOMATIC KEYWORD RESEARCH TOOL
2026-08-29 19:31:56,008 - INFO - ============================================================
2026-08-29 19:31:56,266 - INFO - ========================================
2026-08-29 19:31:56,266 - INFO - Found 14 niches to process: xiaomi, iphone, samsung, apple, sony, asus, philips, sandisk, intel, nvidia, amd, canon, nikon, huawei
2026-08-29 19:31:56,266 - INFO - ========================================
2026-08-29 19:31:56,266 - INFO - Continuing from last processed niche: apple
2026-08-29 19:31:56,266 - INFO - ========================================
2026-08-29 19:31:56,267 - INFO - 🎯 PROCESSING NICHE 5/14: 'sony'
2026-08-29 19:31:56,267 - INFO - ========================================
2026-08-29 19:31:56,267 - INFO - 📁 Niche directory: /home/runner/work/potensitech.com/potensitech.com/languages/english/keywords/sony
2026-08-29 19:31:56,267 - INFO - Selected region: us
2026-08-29 19:31:56,267 - INFO - Selected language: en
2026-08-29 19:31:56,267 - INFO - 🎯 Current niche: sony
2026-08-29 19:32:07,057 - INFO - 🎯 Niche terms for filtering: sony, cheap, best, latest, review, price, sell, buy, recommendation, tips, tutorial, guide, how to, vs, versus, compared to, comparison, alternatives, which is better, expensive, discount, deals, sale, affordable, cost, online, offline, marketplace, store, shop, retailer, where to buy, worst, quality, original, genuine, fake, replica, authentic, brand, manufacturer, company, product, sony product, sell sony, buy sony, cheap sony, best sony, sony review, where to buy sony, how to choose sony, top sony, sony guide, sony for sale, sony deals
2026-08-29 19:32:07,058 - INFO - Generated 50 niche-clue pairs for 'sony'.
2026-08-29 19:32:07,059 - INFO - Expanded 50 seed keywords to 218 variations
2026-08-29 19:32:07,060 - INFO - 🔧 Request Handler initialized - Success rate: 100.0%
2026-08-29 19:36:31,906 - INFO - Original clue keywords: ai rendering, smart-lighting
2026-08-29 19:36:31,906 - INFO - Niche-focused seeds: ai rendering sony, sony ai rendering, ai rendering cheap, cheap ai rendering, ai rendering best, best ai rendering, ai rendering latest, latest ai rendering, ai rendering review, review ai rendering, ai rendering price, price ai rendering, ai rendering sell, sell ai rendering, ai rendering buy, buy ai rendering, ai rendering recommendation, recommendation ai rendering, ai rendering tips, tips ai rendering, ai rendering tutorial, tutorial ai rendering, ai rendering guide, guide ai rendering, ai rendering how to, how to ai rendering, ai rendering vs, vs ai rendering, ai rendering versus, versus ai rendering, ai rendering compared to, compared to ai rendering, ai rendering comparison, comparison ai rendering, ai rendering alternatives, alternatives ai rendering, ai rendering which is better, which is better ai rendering, ai rendering expensive, expensive ai rendering, ai rendering discount, discount ai rendering, ai rendering deals, deals ai rendering, ai rendering sale, sale ai rendering, ai rendering affordable, affordable ai rendering, ai rendering cost, cost ai rendering, ai rendering online, online ai rendering, ai rendering offline, offline ai rendering, ai rendering marketplace, marketplace ai rendering, ai rendering store, store ai rendering, ai rendering shop, shop ai rendering, ai rendering retailer, retailer ai rendering, ai rendering where to buy, where to buy ai rendering, ai rendering worst, worst ai rendering, ai rendering quality, quality ai rendering, ai rendering original, original ai rendering, ai rendering genuine, genuine ai rendering, ai rendering fake, fake ai rendering, ai rendering replica, replica ai rendering, ai rendering authentic, authentic ai rendering, ai rendering brand, brand ai rendering, ai rendering manufacturer, manufacturer ai rendering, ai rendering company, company ai rendering, ai rendering product, product ai rendering, ai rendering sony product, sony product ai rendering, ai rendering sell sony, sell sony ai rendering, ai rendering buy sony, buy sony ai rendering, ai rendering cheap sony, cheap sony ai rendering, ai rendering best sony, best sony ai rendering, ai rendering sony review, sony review ai rendering, ai rendering where to buy sony, where to buy sony ai rendering, ai rendering how to choose sony, how to choose sony ai rendering, ai rendering top sony, top sony ai rendering, ai rendering sony guide, sony guide ai rendering, ai rendering sony for sale, sony for sale ai rendering, ai rendering sony deals, sony deals ai rendering, smart-lighting sony, sony smart-lighting, smart-lighting cheap, cheap smart-lighting, smart-lighting best, best smart-lighting, smart-lighting latest, latest smart-lighting, smart-lighting review, review smart-lighting, smart-lighting price, price smart-lighting, smart-lighting sell, sell smart-lighting, smart-lighting buy, buy smart-lighting, smart-lighting recommendation, recommendation smart-lighting, smart-lighting tips, tips smart-lighting, smart-lighting tutorial, tutorial smart-lighting, smart-lighting guide, guide smart-lighting, smart-lighting how to, how to smart-lighting, smart-lighting vs, vs smart-lighting, smart-lighting versus, versus smart-lighting, smart-lighting compared to, compared to smart-lighting, smart-lighting comparison, comparison smart-lighting, smart-lighting alternatives, alternatives smart-lighting, smart-lighting which is better, which is better smart-lighting, smart-lighting expensive, expensive smart-lighting, smart-lighting discount, discount smart-lighting, smart-lighting deals, deals smart-lighting, smart-lighting sale, sale smart-lighting, smart-lighting affordable, affordable smart-lighting, smart-lighting cost, cost smart-lighting, smart-lighting online, online smart-lighting, smart-lighting offline, offline smart-lighting, smart-lighting marketplace, marketplace smart-lighting, smart-lighting store, store smart-lighting, smart-lighting shop, shop smart-lighting, smart-lighting retailer, retailer smart-lighting, smart-lighting where to buy, where to buy smart-lighting, smart-lighting worst, worst smart-lighting, smart-lighting quality, quality smart-lighting, smart-lighting original, original smart-lighting, smart-lighting genuine, genuine smart-lighting, smart-lighting fake, fake smart-lighting, smart-lighting replica, replica smart-lighting, smart-lighting authentic, authentic smart-lighting, smart-lighting brand, brand smart-lighting, smart-lighting manufacturer, manufacturer smart-lighting, smart-lighting company, company smart-lighting, smart-lighting product, product smart-lighting, smart-lighting sony product, sony product smart-lighting, smart-lighting sell sony, sell sony smart-lighting, smart-lighting buy sony, buy sony smart-lighting, smart-lighting cheap sony, cheap sony smart-lighting, smart-lighting best sony, best sony smart-lighting, smart-lighting sony review, sony review smart-lighting, smart-lighting where to buy sony, where to buy sony smart-lighting, smart-lighting how to choose sony, how to choose sony smart-lighting, smart-lighting top sony, top sony smart-lighting, smart-lighting sony guide, sony guide smart-lighting, smart-lighting sony for sale, sony for sale smart-lighting, smart-lighting sony deals, sony deals smart-lighting
2026-08-29 19:36:31,908 - INFO - Expanded 220 seed keywords to 385 variations
2026-08-29 19:36:31,908 - INFO - Language: en
2026-08-29 19:36:31,908 - INFO - Region: us
2026-08-29 19:37:20,416 - INFO - 🎯 After all filtering for 'sony': 120 relevant keywords
2026-08-29 19:37:20,591 - INFO - 🎯 Found 5 new keywords for niche 'sony': sony affordable smart-lighting, cheap affordable smart-lighting, best affordable smart-lighting, how to affordable smart-lighting, sony alternatives smart-lighting
2026-08-29 19:37:37,275 - INFO - ✅ Niche 'sony' process complete! 658 total keyword results.
2026-08-29 19:37:37,275 - INFO - ✅ Completed processing niche: 'sony'
2026-08-29 19:37:37,275 - INFO - 🔧 Request Handler final stats - Success rate: 100.0%
2026-08-29 19:37:37,275 - INFO -    Total requests: 183427, Blocks: 1
2026-08-29 19:37:37,276 - INFO - 
========================================
2026-08-29 19:37:37,276 - INFO - Process Summary:
2026-08-29 19:37:37,276 - INFO - - Current niche: 'sony'
2026-08-29 19:37:37,276 - INFO - - Next niche will be: 'asus'
2026-08-29 19:37:37,276 - INFO - - Keywords saved in: languages/english/keywords/sony/
2026-08-29 19:37:37,277 - INFO - ========================================
