2026-09-02 21:47:52,815 - INFO - Log file created at: /home/runner/work/potensitech.com/potensitech.com/languages/english/keywords/logs/kw_search_20260902_214752.log
2026-09-02 21:47:52,815 - INFO - ============================================================
2026-09-02 21:47:52,815 - INFO - AUTOMATIC KEYWORD RESEARCH TOOL
2026-09-02 21:47:52,815 - INFO - ============================================================
2026-09-02 21:47:53,199 - INFO - ========================================
2026-09-02 21:47:53,199 - INFO - Found 14 niches to process: xiaomi, iphone, samsung, apple, sony, asus, philips, sandisk, intel, nvidia, amd, canon, nikon, huawei
2026-09-02 21:47:53,199 - INFO - ========================================
2026-09-02 21:47:53,199 - INFO - Continuing from last processed niche: samsung
2026-09-02 21:47:53,199 - INFO - ========================================
2026-09-02 21:47:53,199 - INFO - 🎯 PROCESSING NICHE 4/14: 'apple'
2026-09-02 21:47:53,199 - INFO - ========================================
2026-09-02 21:47:53,199 - INFO - 📁 Niche directory: /home/runner/work/potensitech.com/potensitech.com/languages/english/keywords/apple
2026-09-02 21:47:53,200 - INFO - Selected region: us
2026-09-02 21:47:53,200 - INFO - Selected language: en
2026-09-02 21:47:53,200 - INFO - 🎯 Current niche: apple
2026-09-02 21:48:04,498 - INFO - 🎯 Niche terms for filtering: apple, cheap, best, latest, review, price, sell, buy, recommendation, tips, tutorial, guide, how to, vs, versus, compared to, comparison, alternatives, which is better, expensive, discount, deals, sale, affordable, cost, online, offline, marketplace, store, shop, retailer, where to buy, worst, quality, original, genuine, fake, replica, authentic, brand, manufacturer, company, product, apple product, sell apple, buy apple, cheap apple, best apple, apple review, where to buy apple, how to choose apple, top apple, apple guide, apple for sale, apple deals
2026-09-02 21:48:04,498 - INFO - Generated 50 niche-clue pairs for 'apple'.
2026-09-02 21:48:04,501 - INFO - Expanded 50 seed keywords to 218 variations
2026-09-02 21:48:04,501 - INFO - 🔧 Request Handler initialized - Success rate: 100.0%
2026-09-02 21:52:29,324 - INFO - Original clue keywords: electric-shaver, gaming
2026-09-02 21:52:29,324 - INFO - Niche-focused seeds: electric-shaver apple, apple electric-shaver, electric-shaver cheap, cheap electric-shaver, electric-shaver best, best electric-shaver, electric-shaver latest, latest electric-shaver, electric-shaver review, review electric-shaver, electric-shaver price, price electric-shaver, electric-shaver sell, sell electric-shaver, electric-shaver buy, buy electric-shaver, electric-shaver recommendation, recommendation electric-shaver, electric-shaver tips, tips electric-shaver, electric-shaver tutorial, tutorial electric-shaver, electric-shaver guide, guide electric-shaver, electric-shaver how to, how to electric-shaver, electric-shaver vs, vs electric-shaver, electric-shaver versus, versus electric-shaver, electric-shaver compared to, compared to electric-shaver, electric-shaver comparison, comparison electric-shaver, electric-shaver alternatives, alternatives electric-shaver, electric-shaver which is better, which is better electric-shaver, electric-shaver expensive, expensive electric-shaver, electric-shaver discount, discount electric-shaver, electric-shaver deals, deals electric-shaver, electric-shaver sale, sale electric-shaver, electric-shaver affordable, affordable electric-shaver, electric-shaver cost, cost electric-shaver, electric-shaver online, online electric-shaver, electric-shaver offline, offline electric-shaver, electric-shaver marketplace, marketplace electric-shaver, electric-shaver store, store electric-shaver, electric-shaver shop, shop electric-shaver, electric-shaver retailer, retailer electric-shaver, electric-shaver where to buy, where to buy electric-shaver, electric-shaver worst, worst electric-shaver, electric-shaver quality, quality electric-shaver, electric-shaver original, original electric-shaver, electric-shaver genuine, genuine electric-shaver, electric-shaver fake, fake electric-shaver, electric-shaver replica, replica electric-shaver, electric-shaver authentic, authentic electric-shaver, electric-shaver brand, brand electric-shaver, electric-shaver manufacturer, manufacturer electric-shaver, electric-shaver company, company electric-shaver, electric-shaver product, product electric-shaver, electric-shaver apple product, apple product electric-shaver, electric-shaver sell apple, sell apple electric-shaver, electric-shaver buy apple, buy apple electric-shaver, electric-shaver cheap apple, cheap apple electric-shaver, electric-shaver best apple, best apple electric-shaver, electric-shaver apple review, apple review electric-shaver, electric-shaver where to buy apple, where to buy apple electric-shaver, electric-shaver how to choose apple, how to choose apple electric-shaver, electric-shaver top apple, top apple electric-shaver, electric-shaver apple guide, apple guide electric-shaver, electric-shaver apple for sale, apple for sale electric-shaver, electric-shaver apple deals, apple deals electric-shaver, gaming apple, apple gaming, gaming cheap, cheap gaming, gaming best, best gaming, gaming latest, latest gaming, gaming review, review gaming, gaming price, price gaming, gaming sell, sell gaming, gaming buy, buy gaming, gaming recommendation, recommendation gaming, gaming tips, tips gaming, gaming tutorial, tutorial gaming, gaming guide, guide gaming, gaming how to, how to gaming, gaming vs, vs gaming, gaming versus, versus gaming, gaming compared to, compared to gaming, gaming comparison, comparison gaming, gaming alternatives, alternatives gaming, gaming which is better, which is better gaming, gaming expensive, expensive gaming, gaming discount, discount gaming, gaming deals, deals gaming, gaming sale, sale gaming, gaming affordable, affordable gaming, gaming cost, cost gaming, gaming online, online gaming, gaming offline, offline gaming, gaming marketplace, marketplace gaming, gaming store, store gaming, gaming shop, shop gaming, gaming retailer, retailer gaming, gaming where to buy, where to buy gaming, gaming worst, worst gaming, gaming quality, quality gaming, gaming original, original gaming, gaming genuine, genuine gaming, gaming fake, fake gaming, gaming replica, replica gaming, gaming authentic, authentic gaming, gaming brand, brand gaming, gaming manufacturer, manufacturer gaming, gaming company, company gaming, gaming product, product gaming, gaming apple product, apple product gaming, gaming sell apple, sell apple gaming, gaming buy apple, buy apple gaming, gaming cheap apple, cheap apple gaming, gaming best apple, best apple gaming, gaming apple review, apple review gaming, gaming where to buy apple, where to buy apple gaming, gaming how to choose apple, how to choose apple gaming, gaming top apple, top apple gaming, gaming apple guide, apple guide gaming, gaming apple for sale, apple for sale gaming, gaming apple deals, apple deals gaming
2026-09-02 21:52:29,328 - INFO - Expanded 220 seed keywords to 385 variations
2026-09-02 21:52:29,328 - INFO - Language: en
2026-09-02 21:52:29,328 - INFO - Region: us
2026-09-02 21:54:54,215 - INFO - 🎯 After all filtering for 'apple': 120 relevant keywords
2026-09-02 21:54:54,593 - INFO - 🎯 Found 5 new keywords for niche 'apple': apple affordable electric-shaver, apple affordable gaming, cheap affordable gaming, best affordable gaming, how to affordable gaming
2026-09-02 21:55:11,316 - INFO - ✅ Niche 'apple' process complete! 566 total keyword results.
2026-09-02 21:55:11,316 - INFO - ✅ Completed processing niche: 'apple'
2026-09-02 21:55:11,316 - INFO - 🔧 Request Handler final stats - Success rate: 100.0%
2026-09-02 21:55:11,316 - INFO -    Total requests: 186786, Blocks: 1
2026-09-02 21:55:11,317 - INFO - 
========================================
2026-09-02 21:55:11,318 - INFO - Process Summary:
2026-09-02 21:55:11,318 - INFO - - Current niche: 'apple'
2026-09-02 21:55:11,318 - INFO - - Next niche will be: 'sony'
2026-09-02 21:55:11,318 - INFO - - Keywords saved in: languages/english/keywords/apple/
2026-09-02 21:55:11,319 - INFO - ========================================
