2026-10-02 22:57:52,374 - INFO - Log file created at: /home/runner/work/potensitech.com/potensitech.com/languages/english/keywords/logs/kw_search_20261002_225752.log
2026-10-02 22:57:52,374 - INFO - ============================================================
2026-10-02 22:57:52,374 - INFO - AUTOMATIC KEYWORD RESEARCH TOOL
2026-10-02 22:57:52,375 - INFO - ============================================================
2026-10-02 22:57:52,820 - INFO - ========================================
2026-10-02 22:57:52,821 - INFO - Found 14 niches to process: xiaomi, iphone, samsung, apple, sony, asus, philips, sandisk, intel, nvidia, amd, canon, nikon, huawei
2026-10-02 22:57:52,821 - INFO - ========================================
2026-10-02 22:57:52,821 - INFO - Continuing from last processed niche: sandisk
2026-10-02 22:57:52,821 - INFO - ========================================
2026-10-02 22:57:52,821 - INFO - 🎯 PROCESSING NICHE 9/14: 'intel'
2026-10-02 22:57:52,821 - INFO - ========================================
2026-10-02 22:57:52,821 - INFO - 📁 Niche directory: /home/runner/work/potensitech.com/potensitech.com/languages/english/keywords/intel
2026-10-02 22:57:52,821 - INFO - Selected region: us
2026-10-02 22:57:52,821 - INFO - Selected language: en
2026-10-02 22:57:52,821 - INFO - 🎯 Current niche: intel
2026-10-02 22:58:03,377 - INFO - 🎯 Niche terms for filtering: intel, cheap, best, latest, review, price, sell, buy, recommendation, tips, tutorial, guide, how to, vs, versus, compared to, comparison, alternatives, which is better, expensive, discount, deals, sale, affordable, cost, online, offline, marketplace, store, shop, retailer, where to buy, worst, quality, original, genuine, fake, replica, authentic, brand, manufacturer, company, product, intel product, sell intel, buy intel, cheap intel, best intel, intel review, where to buy intel, how to choose intel, top intel, intel guide, intel for sale, intel deals
2026-10-02 22:58:03,378 - INFO - Generated 50 niche-clue pairs for 'intel'.
2026-10-02 22:58:03,381 - INFO - Expanded 50 seed keywords to 218 variations
2026-10-02 22:58:03,382 - INFO - 🔧 Request Handler initialized - Success rate: 100.0%
2026-10-02 23:02:33,290 - INFO - Original clue keywords: core count, thermal performance
2026-10-02 23:02:33,290 - INFO - Niche-focused seeds: core count intel, intel core count, core count cheap, cheap core count, core count best, best core count, core count latest, latest core count, core count review, review core count, core count price, price core count, core count sell, sell core count, core count buy, buy core count, core count recommendation, recommendation core count, core count tips, tips core count, core count tutorial, tutorial core count, core count guide, guide core count, core count how to, how to core count, core count vs, vs core count, core count versus, versus core count, core count compared to, compared to core count, core count comparison, comparison core count, core count alternatives, alternatives core count, core count which is better, which is better core count, core count expensive, expensive core count, core count discount, discount core count, core count deals, deals core count, core count sale, sale core count, core count affordable, affordable core count, core count cost, cost core count, core count online, online core count, core count offline, offline core count, core count marketplace, marketplace core count, core count store, store core count, core count shop, shop core count, core count retailer, retailer core count, core count where to buy, where to buy core count, core count worst, worst core count, core count quality, quality core count, core count original, original core count, core count genuine, genuine core count, core count fake, fake core count, core count replica, replica core count, core count authentic, authentic core count, core count brand, brand core count, core count manufacturer, manufacturer core count, core count company, company core count, core count product, product core count, core count intel product, intel product core count, core count sell intel, sell intel core count, core count buy intel, buy intel core count, core count cheap intel, cheap intel core count, core count best intel, best intel core count, core count intel review, intel review core count, core count where to buy intel, where to buy intel core count, core count how to choose intel, how to choose intel core count, core count top intel, top intel core count, core count intel guide, intel guide core count, core count intel for sale, intel for sale core count, core count intel deals, intel deals core count, thermal performance intel, intel thermal performance, thermal performance cheap, cheap thermal performance, thermal performance best, best thermal performance, thermal performance latest, latest thermal performance, thermal performance review, review thermal performance, thermal performance price, price thermal performance, thermal performance sell, sell thermal performance, thermal performance buy, buy thermal performance, thermal performance recommendation, recommendation thermal performance, thermal performance tips, tips thermal performance, thermal performance tutorial, tutorial thermal performance, thermal performance guide, guide thermal performance, thermal performance how to, how to thermal performance, thermal performance vs, vs thermal performance, thermal performance versus, versus thermal performance, thermal performance compared to, compared to thermal performance, thermal performance comparison, comparison thermal performance, thermal performance alternatives, alternatives thermal performance, thermal performance which is better, which is better thermal performance, thermal performance expensive, expensive thermal performance, thermal performance discount, discount thermal performance, thermal performance deals, deals thermal performance, thermal performance sale, sale thermal performance, thermal performance affordable, affordable thermal performance, thermal performance cost, cost thermal performance, thermal performance online, online thermal performance, thermal performance offline, offline thermal performance, thermal performance marketplace, marketplace thermal performance, thermal performance store, store thermal performance, thermal performance shop, shop thermal performance, thermal performance retailer, retailer thermal performance, thermal performance where to buy, where to buy thermal performance, thermal performance worst, worst thermal performance, thermal performance quality, quality thermal performance, thermal performance original, original thermal performance, thermal performance genuine, genuine thermal performance, thermal performance fake, fake thermal performance, thermal performance replica, replica thermal performance, thermal performance authentic, authentic thermal performance, thermal performance brand, brand thermal performance, thermal performance manufacturer, manufacturer thermal performance, thermal performance company, company thermal performance, thermal performance product, product thermal performance, thermal performance intel product, intel product thermal performance, thermal performance sell intel, sell intel thermal performance, thermal performance buy intel, buy intel thermal performance, thermal performance cheap intel, cheap intel thermal performance, thermal performance best intel, best intel thermal performance, thermal performance intel review, intel review thermal performance, thermal performance where to buy intel, where to buy intel thermal performance, thermal performance how to choose intel, how to choose intel thermal performance, thermal performance top intel, top intel thermal performance, thermal performance intel guide, intel guide thermal performance, thermal performance intel for sale, intel for sale thermal performance, thermal performance intel deals, intel deals thermal performance
2026-10-02 23:02:33,294 - INFO - Expanded 220 seed keywords to 385 variations
2026-10-02 23:02:33,294 - INFO - Language: en
2026-10-02 23:02:33,294 - INFO - Region: us
2026-10-02 23:04:43,519 - INFO - 🎯 After all filtering for 'intel': 120 relevant keywords
2026-10-02 23:04:45,234 - INFO - 🎯 Found 5 new keywords for niche 'intel': intel affordable core count, intel affordable thermal performance, cheap alternatives core count, cheap alternatives thermal performance, best authentic core count
2026-10-02 23:05:01,251 - INFO - ✅ Niche 'intel' process complete! 1057 total keyword results.
2026-10-02 23:05:01,252 - INFO - ✅ Completed processing niche: 'intel'
2026-10-02 23:05:01,252 - INFO - 🔧 Request Handler final stats - Success rate: 100.0%
2026-10-02 23:05:01,252 - INFO -    Total requests: 212538, Blocks: 1
2026-10-02 23:05:01,253 - INFO - 
========================================
2026-10-02 23:05:01,253 - INFO - Process Summary:
2026-10-02 23:05:01,253 - INFO - - Current niche: 'intel'
2026-10-02 23:05:01,253 - INFO - - Next niche will be: 'nvidia'
2026-10-02 23:05:01,253 - INFO - - Keywords saved in: languages/english/keywords/intel/
2026-10-02 23:05:01,254 - INFO - ========================================
