2026-09-30 16:03:10,906 - INFO - Log file created at: /home/runner/work/potensitech.com/potensitech.com/languages/english/keywords/logs/kw_search_20260930_160310.log
2026-09-30 16:03:10,906 - INFO - ============================================================
2026-09-30 16:03:10,906 - INFO - AUTOMATIC KEYWORD RESEARCH TOOL
2026-09-30 16:03:10,907 - INFO - ============================================================
2026-09-30 16:03:11,330 - INFO - ========================================
2026-09-30 16:03:11,331 - INFO - Found 14 niches to process: xiaomi, iphone, samsung, apple, sony, asus, philips, sandisk, intel, nvidia, amd, canon, nikon, huawei
2026-09-30 16:03:11,331 - INFO - ========================================
2026-09-30 16:03:11,331 - INFO - Continuing from last processed niche: canon
2026-09-30 16:03:11,331 - INFO - ========================================
2026-09-30 16:03:11,331 - INFO - 🎯 PROCESSING NICHE 13/14: 'nikon'
2026-09-30 16:03:11,331 - INFO - ========================================
2026-09-30 16:03:11,331 - INFO - 📁 Niche directory: /home/runner/work/potensitech.com/potensitech.com/languages/english/keywords/nikon
2026-09-30 16:03:11,331 - INFO - Selected region: us
2026-09-30 16:03:11,331 - INFO - Selected language: en
2026-09-30 16:03:11,331 - INFO - 🎯 Current niche: nikon
2026-09-30 16:03:22,133 - INFO - 🎯 Niche terms for filtering: nikon, cheap, best, latest, review, price, sell, buy, recommendation, tips, tutorial, guide, how to, vs, versus, compared to, comparison, alternatives, which is better, expensive, discount, deals, sale, affordable, cost, online, offline, marketplace, store, shop, retailer, where to buy, worst, quality, original, genuine, fake, replica, authentic, brand, manufacturer, company, product, nikon product, sell nikon, buy nikon, cheap nikon, best nikon, nikon review, where to buy nikon, how to choose nikon, top nikon, nikon guide, nikon for sale, nikon deals
2026-09-30 16:03:22,133 - INFO - Generated 50 niche-clue pairs for 'nikon'.
2026-09-30 16:03:22,136 - INFO - Expanded 50 seed keywords to 218 variations
2026-09-30 16:03:22,137 - INFO - 🔧 Request Handler initialized - Success rate: 100.0%
2026-09-30 16:07:47,080 - INFO - Original clue keywords: smartphone storage, gaming performance
2026-09-30 16:07:47,080 - INFO - Niche-focused seeds: smartphone storage nikon, nikon smartphone storage, smartphone storage cheap, cheap smartphone storage, smartphone storage best, best smartphone storage, smartphone storage latest, latest smartphone storage, smartphone storage review, review smartphone storage, smartphone storage price, price smartphone storage, smartphone storage sell, sell smartphone storage, smartphone storage buy, buy smartphone storage, smartphone storage recommendation, recommendation smartphone storage, smartphone storage tips, tips smartphone storage, smartphone storage tutorial, tutorial smartphone storage, smartphone storage guide, guide smartphone storage, smartphone storage how to, how to smartphone storage, smartphone storage vs, vs smartphone storage, smartphone storage versus, versus smartphone storage, smartphone storage compared to, compared to smartphone storage, smartphone storage comparison, comparison smartphone storage, smartphone storage alternatives, alternatives smartphone storage, smartphone storage which is better, which is better smartphone storage, smartphone storage expensive, expensive smartphone storage, smartphone storage discount, discount smartphone storage, smartphone storage deals, deals smartphone storage, smartphone storage sale, sale smartphone storage, smartphone storage affordable, affordable smartphone storage, smartphone storage cost, cost smartphone storage, smartphone storage online, online smartphone storage, smartphone storage offline, offline smartphone storage, smartphone storage marketplace, marketplace smartphone storage, smartphone storage store, store smartphone storage, smartphone storage shop, shop smartphone storage, smartphone storage retailer, retailer smartphone storage, smartphone storage where to buy, where to buy smartphone storage, smartphone storage worst, worst smartphone storage, smartphone storage quality, quality smartphone storage, smartphone storage original, original smartphone storage, smartphone storage genuine, genuine smartphone storage, smartphone storage fake, fake smartphone storage, smartphone storage replica, replica smartphone storage, smartphone storage authentic, authentic smartphone storage, smartphone storage brand, brand smartphone storage, smartphone storage manufacturer, manufacturer smartphone storage, smartphone storage company, company smartphone storage, smartphone storage product, product smartphone storage, smartphone storage nikon product, nikon product smartphone storage, smartphone storage sell nikon, sell nikon smartphone storage, smartphone storage buy nikon, buy nikon smartphone storage, smartphone storage cheap nikon, cheap nikon smartphone storage, smartphone storage best nikon, best nikon smartphone storage, smartphone storage nikon review, nikon review smartphone storage, smartphone storage where to buy nikon, where to buy nikon smartphone storage, smartphone storage how to choose nikon, how to choose nikon smartphone storage, smartphone storage top nikon, top nikon smartphone storage, smartphone storage nikon guide, nikon guide smartphone storage, smartphone storage nikon for sale, nikon for sale smartphone storage, smartphone storage nikon deals, nikon deals smartphone storage, gaming performance nikon, nikon gaming performance, gaming performance cheap, cheap gaming performance, gaming performance best, best gaming performance, gaming performance latest, latest gaming performance, gaming performance review, review gaming performance, gaming performance price, price gaming performance, gaming performance sell, sell gaming performance, gaming performance buy, buy gaming performance, gaming performance recommendation, recommendation gaming performance, gaming performance tips, tips gaming performance, gaming performance tutorial, tutorial gaming performance, gaming performance guide, guide gaming performance, gaming performance how to, how to gaming performance, gaming performance vs, vs gaming performance, gaming performance versus, versus gaming performance, gaming performance compared to, compared to gaming performance, gaming performance comparison, comparison gaming performance, gaming performance alternatives, alternatives gaming performance, gaming performance which is better, which is better gaming performance, gaming performance expensive, expensive gaming performance, gaming performance discount, discount gaming performance, gaming performance deals, deals gaming performance, gaming performance sale, sale gaming performance, gaming performance affordable, affordable gaming performance, gaming performance cost, cost gaming performance, gaming performance online, online gaming performance, gaming performance offline, offline gaming performance, gaming performance marketplace, marketplace gaming performance, gaming performance store, store gaming performance, gaming performance shop, shop gaming performance, gaming performance retailer, retailer gaming performance, gaming performance where to buy, where to buy gaming performance, gaming performance worst, worst gaming performance, gaming performance quality, quality gaming performance, gaming performance original, original gaming performance, gaming performance genuine, genuine gaming performance, gaming performance fake, fake gaming performance, gaming performance replica, replica gaming performance, gaming performance authentic, authentic gaming performance, gaming performance brand, brand gaming performance, gaming performance manufacturer, manufacturer gaming performance, gaming performance company, company gaming performance, gaming performance product, product gaming performance, gaming performance nikon product, nikon product gaming performance, gaming performance sell nikon, sell nikon gaming performance, gaming performance buy nikon, buy nikon gaming performance, gaming performance cheap nikon, cheap nikon gaming performance, gaming performance best nikon, best nikon gaming performance, gaming performance nikon review, nikon review gaming performance, gaming performance where to buy nikon, where to buy nikon gaming performance, gaming performance how to choose nikon, how to choose nikon gaming performance, gaming performance top nikon, top nikon gaming performance, gaming performance nikon guide, nikon guide gaming performance, gaming performance nikon for sale, nikon for sale gaming performance, gaming performance nikon deals, nikon deals gaming performance
2026-09-30 16:07:47,084 - INFO - Expanded 220 seed keywords to 385 variations
2026-09-30 16:07:47,084 - INFO - Language: en
2026-09-30 16:07:47,084 - INFO - Region: us
2026-09-30 16:12:18,732 - INFO - 🎯 After all filtering for 'nikon': 120 relevant keywords
2026-09-30 16:12:20,147 - INFO - 🎯 Found 5 new keywords for niche 'nikon': nikon affordable gaming performance, nikon affordable smartphone storage, cheap alternatives gaming performance, cheap alternatives smartphone storage, best authentic gaming performance
2026-09-30 16:12:36,510 - INFO - ✅ Niche 'nikon' process complete! 725 total keyword results.
2026-09-30 16:12:36,511 - INFO - ✅ Completed processing niche: 'nikon'
2026-09-30 16:12:36,511 - INFO - 🔧 Request Handler final stats - Success rate: 100.0%
2026-09-30 16:12:36,511 - INFO -    Total requests: 210357, Blocks: 1
2026-09-30 16:12:36,512 - INFO - 
========================================
2026-09-30 16:12:36,512 - INFO - Process Summary:
2026-09-30 16:12:36,512 - INFO - - Current niche: 'nikon'
2026-09-30 16:12:36,512 - INFO - - Next niche will be: 'huawei'
2026-09-30 16:12:36,512 - INFO - - Keywords saved in: languages/english/keywords/nikon/
2026-09-30 16:12:36,513 - INFO - ========================================
