2026-08-16 05:12:31,180 - INFO - Log file created at: /home/runner/work/potensitech.com/potensitech.com/languages/english/keywords/logs/kw_search_20260816_051231.log
2026-08-16 05:12:31,180 - INFO - ============================================================
2026-08-16 05:12:31,180 - INFO - AUTOMATIC KEYWORD RESEARCH TOOL
2026-08-16 05:12:31,180 - INFO - ============================================================
2026-08-16 05:12:31,477 - INFO - ========================================
2026-08-16 05:12:31,477 - INFO - Found 14 niches to process: xiaomi, iphone, samsung, apple, sony, asus, philips, sandisk, intel, nvidia, amd, canon, nikon, huawei
2026-08-16 05:12:31,477 - INFO - ========================================
2026-08-16 05:12:31,477 - INFO - Continuing from last processed niche: intel
2026-08-16 05:12:31,477 - INFO - ========================================
2026-08-16 05:12:31,477 - INFO - 🎯 PROCESSING NICHE 10/14: 'nvidia'
2026-08-16 05:12:31,477 - INFO - ========================================
2026-08-16 05:12:31,477 - INFO - 📁 Niche directory: /home/runner/work/potensitech.com/potensitech.com/languages/english/keywords/nvidia
2026-08-16 05:12:31,478 - INFO - Selected region: us
2026-08-16 05:12:31,478 - INFO - Selected language: en
2026-08-16 05:12:31,478 - INFO - 🎯 Current niche: nvidia
2026-08-16 05:12:32,204 - INFO - 🎯 Niche terms for filtering: nvidia, cheap, best, latest, review, price, sell, buy, recommendation, tips, tutorial, guide, how to, vs, versus, compared to, comparison, alternatives, which is better, expensive, discount, deals, sale, affordable, cost, online, offline, marketplace, store, shop, retailer, where to buy, worst, quality, original, genuine, fake, replica, authentic, brand, manufacturer, company, product, nvidia product, sell nvidia, buy nvidia, cheap nvidia, best nvidia, nvidia review, where to buy nvidia, how to choose nvidia, top nvidia, nvidia guide, nvidia for sale, nvidia deals
2026-08-16 05:12:32,205 - INFO - Generated 50 niche-clue pairs for 'nvidia'.
2026-08-16 05:12:32,208 - INFO - Expanded 50 seed keywords to 218 variations
2026-08-16 05:12:32,215 - INFO - 🔧 Request Handler initialized - Success rate: 100.0%
2026-08-16 05:16:56,313 - INFO - Original clue keywords: external storage, high-performance
2026-08-16 05:16:56,313 - INFO - Niche-focused seeds: external storage nvidia, nvidia external storage, external storage cheap, cheap external storage, external storage best, best external storage, external storage latest, latest external storage, external storage review, review external storage, external storage price, price external storage, external storage sell, sell external storage, external storage buy, buy external storage, external storage recommendation, recommendation external storage, external storage tips, tips external storage, external storage tutorial, tutorial external storage, external storage guide, guide external storage, external storage how to, how to external storage, external storage vs, vs external storage, external storage versus, versus external storage, external storage compared to, compared to external storage, external storage comparison, comparison external storage, external storage alternatives, alternatives external storage, external storage which is better, which is better external storage, external storage expensive, expensive external storage, external storage discount, discount external storage, external storage deals, deals external storage, external storage sale, sale external storage, external storage affordable, affordable external storage, external storage cost, cost external storage, external storage online, online external storage, external storage offline, offline external storage, external storage marketplace, marketplace external storage, external storage store, store external storage, external storage shop, shop external storage, external storage retailer, retailer external storage, external storage where to buy, where to buy external storage, external storage worst, worst external storage, external storage quality, quality external storage, external storage original, original external storage, external storage genuine, genuine external storage, external storage fake, fake external storage, external storage replica, replica external storage, external storage authentic, authentic external storage, external storage brand, brand external storage, external storage manufacturer, manufacturer external storage, external storage company, company external storage, external storage product, product external storage, external storage nvidia product, nvidia product external storage, external storage sell nvidia, sell nvidia external storage, external storage buy nvidia, buy nvidia external storage, external storage cheap nvidia, cheap nvidia external storage, external storage best nvidia, best nvidia external storage, external storage nvidia review, nvidia review external storage, external storage where to buy nvidia, where to buy nvidia external storage, external storage how to choose nvidia, how to choose nvidia external storage, external storage top nvidia, top nvidia external storage, external storage nvidia guide, nvidia guide external storage, external storage nvidia for sale, nvidia for sale external storage, external storage nvidia deals, nvidia deals external storage, high-performance nvidia, nvidia high-performance, high-performance cheap, cheap high-performance, high-performance best, best high-performance, high-performance latest, latest high-performance, high-performance review, review high-performance, high-performance price, price high-performance, high-performance sell, sell high-performance, high-performance buy, buy high-performance, high-performance recommendation, recommendation high-performance, high-performance tips, tips high-performance, high-performance tutorial, tutorial high-performance, high-performance guide, guide high-performance, high-performance how to, how to high-performance, high-performance vs, vs high-performance, high-performance versus, versus high-performance, high-performance compared to, compared to high-performance, high-performance comparison, comparison high-performance, high-performance alternatives, alternatives high-performance, high-performance which is better, which is better high-performance, high-performance expensive, expensive high-performance, high-performance discount, discount high-performance, high-performance deals, deals high-performance, high-performance sale, sale high-performance, high-performance affordable, affordable high-performance, high-performance cost, cost high-performance, high-performance online, online high-performance, high-performance offline, offline high-performance, high-performance marketplace, marketplace high-performance, high-performance store, store high-performance, high-performance shop, shop high-performance, high-performance retailer, retailer high-performance, high-performance where to buy, where to buy high-performance, high-performance worst, worst high-performance, high-performance quality, quality high-performance, high-performance original, original high-performance, high-performance genuine, genuine high-performance, high-performance fake, fake high-performance, high-performance replica, replica high-performance, high-performance authentic, authentic high-performance, high-performance brand, brand high-performance, high-performance manufacturer, manufacturer high-performance, high-performance company, company high-performance, high-performance product, product high-performance, high-performance nvidia product, nvidia product high-performance, high-performance sell nvidia, sell nvidia high-performance, high-performance buy nvidia, buy nvidia high-performance, high-performance cheap nvidia, cheap nvidia high-performance, high-performance best nvidia, best nvidia high-performance, high-performance nvidia review, nvidia review high-performance, high-performance where to buy nvidia, where to buy nvidia high-performance, high-performance how to choose nvidia, how to choose nvidia high-performance, high-performance top nvidia, top nvidia high-performance, high-performance nvidia guide, nvidia guide high-performance, high-performance nvidia for sale, nvidia for sale high-performance, high-performance nvidia deals, nvidia deals high-performance
2026-08-16 05:16:56,316 - INFO - Expanded 220 seed keywords to 385 variations
2026-08-16 05:16:56,316 - INFO - Language: en
2026-08-16 05:16:56,316 - INFO - Region: us
2026-08-16 05:21:26,119 - INFO - 🎯 After all filtering for 'nvidia': 120 relevant keywords
2026-08-16 05:21:26,352 - INFO - 🎯 Found 5 new keywords for niche 'nvidia': nvidia affordable high-performance, best cheap affordable high-performance, how to affordable high-performance, nvidia alternatives high-performance, cheap alternatives high-performance
2026-08-16 05:21:26,823 - INFO - ✅ Niche 'nvidia' process complete! 845 total keyword results.
2026-08-16 05:21:26,823 - INFO - ✅ Completed processing niche: 'nvidia'
2026-08-16 05:21:26,823 - INFO - 🔧 Request Handler final stats - Success rate: 100.0%
2026-08-16 05:21:26,823 - INFO -    Total requests: 172767, Blocks: 1
2026-08-16 05:21:26,824 - INFO - 
========================================
2026-08-16 05:21:26,825 - INFO - Process Summary:
2026-08-16 05:21:26,825 - INFO - - Current niche: 'nvidia'
2026-08-16 05:21:26,825 - INFO - - Next niche will be: 'amd'
2026-08-16 05:21:26,825 - INFO - - Keywords saved in: languages/english/keywords/nvidia/
2026-08-16 05:21:26,825 - INFO - ========================================
