2026-09-01 00:46:20,997 - INFO - Log file created at: /home/runner/work/potensitech.com/potensitech.com/languages/english/keywords/logs/kw_search_20260901_004620.log
2026-09-01 00:46:20,997 - INFO - ============================================================
2026-09-01 00:46:20,997 - INFO - AUTOMATIC KEYWORD RESEARCH TOOL
2026-09-01 00:46:20,997 - INFO - ============================================================
2026-09-01 00:46:21,339 - INFO - ========================================
2026-09-01 00:46:21,339 - INFO - Found 14 niches to process: xiaomi, iphone, samsung, apple, sony, asus, philips, sandisk, intel, nvidia, amd, canon, nikon, huawei
2026-09-01 00:46:21,339 - INFO - ========================================
2026-09-01 00:46:21,339 - INFO - Continuing from last processed niche: canon
2026-09-01 00:46:21,339 - INFO - ========================================
2026-09-01 00:46:21,339 - INFO - 🎯 PROCESSING NICHE 13/14: 'nikon'
2026-09-01 00:46:21,339 - INFO - ========================================
2026-09-01 00:46:21,339 - INFO - 📁 Niche directory: /home/runner/work/potensitech.com/potensitech.com/languages/english/keywords/nikon
2026-09-01 00:46:21,339 - INFO - Selected region: us
2026-09-01 00:46:21,339 - INFO - Selected language: en
2026-09-01 00:46:21,339 - INFO - 🎯 Current niche: nikon
2026-09-01 00:46:32,153 - INFO - 🎯 Niche terms for filtering: nikon, cheap, best, latest, review, price, sell, buy, recommendation, tips, tutorial, guide, how to, vs, versus, compared to, comparison, alternatives, which is better, expensive, discount, deals, sale, affordable, cost, online, offline, marketplace, store, shop, retailer, where to buy, worst, quality, original, genuine, fake, replica, authentic, brand, manufacturer, company, product, nikon product, sell nikon, buy nikon, cheap nikon, best nikon, nikon review, where to buy nikon, how to choose nikon, top nikon, nikon guide, nikon for sale, nikon deals
2026-09-01 00:46:32,154 - INFO - Generated 50 niche-clue pairs for 'nikon'.
2026-09-01 00:46:32,157 - INFO - Expanded 50 seed keywords to 218 variations
2026-09-01 00:46:32,157 - INFO - 🔧 Request Handler initialized - Success rate: 100.0%
2026-09-01 00:50:56,235 - INFO - Original clue keywords: air-purifier, coffee-machine
2026-09-01 00:50:56,235 - INFO - Niche-focused seeds: air-purifier nikon, nikon air-purifier, air-purifier cheap, cheap air-purifier, air-purifier best, best air-purifier, air-purifier latest, latest air-purifier, air-purifier review, review air-purifier, air-purifier price, price air-purifier, air-purifier sell, sell air-purifier, air-purifier buy, buy air-purifier, air-purifier recommendation, recommendation air-purifier, air-purifier tips, tips air-purifier, air-purifier tutorial, tutorial air-purifier, air-purifier guide, guide air-purifier, air-purifier how to, how to air-purifier, air-purifier vs, vs air-purifier, air-purifier versus, versus air-purifier, air-purifier compared to, compared to air-purifier, air-purifier comparison, comparison air-purifier, air-purifier alternatives, alternatives air-purifier, air-purifier which is better, which is better air-purifier, air-purifier expensive, expensive air-purifier, air-purifier discount, discount air-purifier, air-purifier deals, deals air-purifier, air-purifier sale, sale air-purifier, air-purifier affordable, affordable air-purifier, air-purifier cost, cost air-purifier, air-purifier online, online air-purifier, air-purifier offline, offline air-purifier, air-purifier marketplace, marketplace air-purifier, air-purifier store, store air-purifier, air-purifier shop, shop air-purifier, air-purifier retailer, retailer air-purifier, air-purifier where to buy, where to buy air-purifier, air-purifier worst, worst air-purifier, air-purifier quality, quality air-purifier, air-purifier original, original air-purifier, air-purifier genuine, genuine air-purifier, air-purifier fake, fake air-purifier, air-purifier replica, replica air-purifier, air-purifier authentic, authentic air-purifier, air-purifier brand, brand air-purifier, air-purifier manufacturer, manufacturer air-purifier, air-purifier company, company air-purifier, air-purifier product, product air-purifier, air-purifier nikon product, nikon product air-purifier, air-purifier sell nikon, sell nikon air-purifier, air-purifier buy nikon, buy nikon air-purifier, air-purifier cheap nikon, cheap nikon air-purifier, air-purifier best nikon, best nikon air-purifier, air-purifier nikon review, nikon review air-purifier, air-purifier where to buy nikon, where to buy nikon air-purifier, air-purifier how to choose nikon, how to choose nikon air-purifier, air-purifier top nikon, top nikon air-purifier, air-purifier nikon guide, nikon guide air-purifier, air-purifier nikon for sale, nikon for sale air-purifier, air-purifier nikon deals, nikon deals air-purifier, coffee-machine nikon, nikon coffee-machine, coffee-machine cheap, cheap coffee-machine, coffee-machine best, best coffee-machine, coffee-machine latest, latest coffee-machine, coffee-machine review, review coffee-machine, coffee-machine price, price coffee-machine, coffee-machine sell, sell coffee-machine, coffee-machine buy, buy coffee-machine, coffee-machine recommendation, recommendation coffee-machine, coffee-machine tips, tips coffee-machine, coffee-machine tutorial, tutorial coffee-machine, coffee-machine guide, guide coffee-machine, coffee-machine how to, how to coffee-machine, coffee-machine vs, vs coffee-machine, coffee-machine versus, versus coffee-machine, coffee-machine compared to, compared to coffee-machine, coffee-machine comparison, comparison coffee-machine, coffee-machine alternatives, alternatives coffee-machine, coffee-machine which is better, which is better coffee-machine, coffee-machine expensive, expensive coffee-machine, coffee-machine discount, discount coffee-machine, coffee-machine deals, deals coffee-machine, coffee-machine sale, sale coffee-machine, coffee-machine affordable, affordable coffee-machine, coffee-machine cost, cost coffee-machine, coffee-machine online, online coffee-machine, coffee-machine offline, offline coffee-machine, coffee-machine marketplace, marketplace coffee-machine, coffee-machine store, store coffee-machine, coffee-machine shop, shop coffee-machine, coffee-machine retailer, retailer coffee-machine, coffee-machine where to buy, where to buy coffee-machine, coffee-machine worst, worst coffee-machine, coffee-machine quality, quality coffee-machine, coffee-machine original, original coffee-machine, coffee-machine genuine, genuine coffee-machine, coffee-machine fake, fake coffee-machine, coffee-machine replica, replica coffee-machine, coffee-machine authentic, authentic coffee-machine, coffee-machine brand, brand coffee-machine, coffee-machine manufacturer, manufacturer coffee-machine, coffee-machine company, company coffee-machine, coffee-machine product, product coffee-machine, coffee-machine nikon product, nikon product coffee-machine, coffee-machine sell nikon, sell nikon coffee-machine, coffee-machine buy nikon, buy nikon coffee-machine, coffee-machine cheap nikon, cheap nikon coffee-machine, coffee-machine best nikon, best nikon coffee-machine, coffee-machine nikon review, nikon review coffee-machine, coffee-machine where to buy nikon, where to buy nikon coffee-machine, coffee-machine how to choose nikon, how to choose nikon coffee-machine, coffee-machine top nikon, top nikon coffee-machine, coffee-machine nikon guide, nikon guide coffee-machine, coffee-machine nikon for sale, nikon for sale coffee-machine, coffee-machine nikon deals, nikon deals coffee-machine
2026-09-01 00:50:56,238 - INFO - Expanded 220 seed keywords to 385 variations
2026-09-01 00:50:56,239 - INFO - Language: en
2026-09-01 00:50:56,239 - INFO - Region: us
2026-09-01 00:55:27,411 - INFO - 🎯 After all filtering for 'nikon': 120 relevant keywords
2026-09-01 00:55:27,653 - INFO - 🎯 Found 5 new keywords for niche 'nikon': nikon affordable air-purifier, cheap affordable air-purifier, best affordable air-purifier, how to affordable air-purifier, nikon affordable coffee-machine
2026-09-01 00:55:43,220 - INFO - ✅ Niche 'nikon' process complete! 687 total keyword results.
2026-09-01 00:55:43,221 - INFO - ✅ Completed processing niche: 'nikon'
2026-09-01 00:55:43,221 - INFO - 🔧 Request Handler final stats - Success rate: 100.0%
2026-09-01 00:55:43,221 - INFO -    Total requests: 185202, Blocks: 1
2026-09-01 00:55:43,222 - INFO - 
========================================
2026-09-01 00:55:43,222 - INFO - Process Summary:
2026-09-01 00:55:43,222 - INFO - - Current niche: 'nikon'
2026-09-01 00:55:43,222 - INFO - - Next niche will be: 'huawei'
2026-09-01 00:55:43,222 - INFO - - Keywords saved in: languages/english/keywords/nikon/
2026-09-01 00:55:43,223 - INFO - ========================================
