2026-09-14 19:27:24,528 - INFO - Log file created at: /home/runner/work/potensitech.com/potensitech.com/languages/english/keywords/logs/kw_search_20260914_192724.log
2026-09-14 19:27:24,528 - INFO - ============================================================
2026-09-14 19:27:24,528 - INFO - AUTOMATIC KEYWORD RESEARCH TOOL
2026-09-14 19:27:24,528 - INFO - ============================================================
2026-09-14 19:27:24,925 - INFO - ========================================
2026-09-14 19:27:24,925 - INFO - Found 14 niches to process: xiaomi, iphone, samsung, apple, sony, asus, philips, sandisk, intel, nvidia, amd, canon, nikon, huawei
2026-09-14 19:27:24,925 - INFO - ========================================
2026-09-14 19:27:24,925 - INFO - Continuing from last processed niche: sandisk
2026-09-14 19:27:24,925 - INFO - ========================================
2026-09-14 19:27:24,925 - INFO - 🎯 PROCESSING NICHE 9/14: 'intel'
2026-09-14 19:27:24,925 - INFO - ========================================
2026-09-14 19:27:24,925 - INFO - 📁 Niche directory: /home/runner/work/potensitech.com/potensitech.com/languages/english/keywords/intel
2026-09-14 19:27:24,926 - INFO - Selected region: us
2026-09-14 19:27:24,926 - INFO - Selected language: en
2026-09-14 19:27:24,926 - INFO - 🎯 Current niche: intel
2026-09-14 19:27:36,437 - INFO - 🎯 Niche terms for filtering: intel, cheap, best, latest, review, price, sell, buy, recommendation, tips, tutorial, guide, how to, vs, versus, compared to, comparison, alternatives, which is better, expensive, discount, deals, sale, affordable, cost, online, offline, marketplace, store, shop, retailer, where to buy, worst, quality, original, genuine, fake, replica, authentic, brand, manufacturer, company, product, intel product, sell intel, buy intel, cheap intel, best intel, intel review, where to buy intel, how to choose intel, top intel, intel guide, intel for sale, intel deals
2026-09-14 19:27:36,437 - INFO - Generated 50 niche-clue pairs for 'intel'.
2026-09-14 19:27:36,441 - INFO - Expanded 50 seed keywords to 218 variations
2026-09-14 19:27:36,441 - INFO - 🔧 Request Handler initialized - Success rate: 100.0%
2026-09-14 19:32:01,379 - INFO - Original clue keywords: home appliances
2026-09-14 19:32:01,379 - INFO - Niche-focused seeds: home appliances intel, intel home appliances, home appliances cheap, cheap home appliances, home appliances best, best home appliances, home appliances latest, latest home appliances, home appliances review, review home appliances, home appliances price, price home appliances, home appliances sell, sell home appliances, home appliances buy, buy home appliances, home appliances recommendation, recommendation home appliances, home appliances tips, tips home appliances, home appliances tutorial, tutorial home appliances, home appliances guide, guide home appliances, home appliances how to, how to home appliances, home appliances vs, vs home appliances, home appliances versus, versus home appliances, home appliances compared to, compared to home appliances, home appliances comparison, comparison home appliances, home appliances alternatives, alternatives home appliances, home appliances which is better, which is better home appliances, home appliances expensive, expensive home appliances, home appliances discount, discount home appliances, home appliances deals, deals home appliances, home appliances sale, sale home appliances, home appliances affordable, affordable home appliances, home appliances cost, cost home appliances, home appliances online, online home appliances, home appliances offline, offline home appliances, home appliances marketplace, marketplace home appliances, home appliances store, store home appliances, home appliances shop, shop home appliances, home appliances retailer, retailer home appliances, home appliances where to buy, where to buy home appliances, home appliances worst, worst home appliances, home appliances quality, quality home appliances, home appliances original, original home appliances, home appliances genuine, genuine home appliances, home appliances fake, fake home appliances, home appliances replica, replica home appliances, home appliances authentic, authentic home appliances, home appliances brand, brand home appliances, home appliances manufacturer, manufacturer home appliances, home appliances company, company home appliances, home appliances product, product home appliances, home appliances intel product, intel product home appliances, home appliances sell intel, sell intel home appliances, home appliances buy intel, buy intel home appliances, home appliances cheap intel, cheap intel home appliances, home appliances best intel, best intel home appliances, home appliances intel review, intel review home appliances, home appliances where to buy intel, where to buy intel home appliances, home appliances how to choose intel, how to choose intel home appliances, home appliances top intel, top intel home appliances, home appliances intel guide, intel guide home appliances, home appliances intel for sale, intel for sale home appliances, home appliances intel deals, intel deals home appliances
2026-09-14 19:32:01,383 - INFO - Expanded 110 seed keywords to 275 variations
2026-09-14 19:32:01,383 - INFO - Language: en
2026-09-14 19:32:01,383 - INFO - Region: us
2026-09-14 19:36:29,793 - INFO - 🎯 After all filtering for 'intel': 120 relevant keywords
2026-09-14 19:36:34,905 - INFO - 🎯 Found 3 new keywords for niche 'intel': intel affordable home appliances, cheap alternatives home appliances, best authentic home appliances
2026-09-14 19:36:51,317 - INFO - ✅ Niche 'intel' process complete! 1032 total keyword results.
2026-09-14 19:36:51,317 - INFO - ✅ Completed processing niche: 'intel'
2026-09-14 19:36:51,317 - INFO - 🔧 Request Handler final stats - Success rate: 100.0%
2026-09-14 19:36:51,317 - INFO -    Total requests: 196628, Blocks: 1
2026-09-14 19:36:51,318 - INFO - 
========================================
2026-09-14 19:36:51,318 - INFO - Process Summary:
2026-09-14 19:36:51,318 - INFO - - Current niche: 'intel'
2026-09-14 19:36:51,318 - INFO - - Next niche will be: 'nvidia'
2026-09-14 19:36:51,318 - INFO - - Keywords saved in: languages/english/keywords/intel/
2026-09-14 19:36:51,319 - INFO - ========================================
