2026-08-14 17:38:46,280 - INFO - Log file created at: /home/runner/work/potensitech.com/potensitech.com/languages/english/keywords/logs/kw_search_20260814_173846.log
2026-08-14 17:38:46,281 - INFO - ============================================================
2026-08-14 17:38:46,281 - INFO - AUTOMATIC KEYWORD RESEARCH TOOL
2026-08-14 17:38:46,281 - INFO - ============================================================
2026-08-14 17:38:46,500 - INFO - ========================================
2026-08-14 17:38:46,500 - INFO - Found 14 niches to process: xiaomi, iphone, samsung, apple, sony, asus, philips, sandisk, intel, nvidia, amd, canon, nikon, huawei
2026-08-14 17:38:46,500 - INFO - ========================================
2026-08-14 17:38:46,500 - INFO - Continuing from last processed niche: sandisk
2026-08-14 17:38:46,500 - INFO - ========================================
2026-08-14 17:38:46,500 - INFO - 🎯 PROCESSING NICHE 9/14: 'intel'
2026-08-14 17:38:46,500 - INFO - ========================================
2026-08-14 17:38:46,500 - INFO - 📁 Niche directory: /home/runner/work/potensitech.com/potensitech.com/languages/english/keywords/intel
2026-08-14 17:38:46,500 - INFO - Selected region: us
2026-08-14 17:38:46,500 - INFO - Selected language: en
2026-08-14 17:38:46,500 - INFO - 🎯 Current niche: intel
2026-08-14 17:38:47,162 - INFO - 🎯 Niche terms for filtering: intel, cheap, best, latest, review, price, sell, buy, recommendation, tips, tutorial, guide, how to, vs, versus, compared to, comparison, alternatives, which is better, expensive, discount, deals, sale, affordable, cost, online, offline, marketplace, store, shop, retailer, where to buy, worst, quality, original, genuine, fake, replica, authentic, brand, manufacturer, company, product, intel product, sell intel, buy intel, cheap intel, best intel, intel review, where to buy intel, how to choose intel, top intel, intel guide, intel for sale, intel deals
2026-08-14 17:38:47,162 - INFO - Generated 50 niche-clue pairs for 'intel'.
2026-08-14 17:38:47,164 - INFO - Expanded 50 seed keywords to 218 variations
2026-08-14 17:38:47,165 - INFO - 🔧 Request Handler initialized - Success rate: 100.0%
2026-08-14 17:43:10,954 - INFO - Original clue keywords: core efficiency, chip architecture
2026-08-14 17:43:10,954 - INFO - Niche-focused seeds: core efficiency intel, intel core efficiency, core efficiency cheap, cheap core efficiency, core efficiency best, best core efficiency, core efficiency latest, latest core efficiency, core efficiency review, review core efficiency, core efficiency price, price core efficiency, core efficiency sell, sell core efficiency, core efficiency buy, buy core efficiency, core efficiency recommendation, recommendation core efficiency, core efficiency tips, tips core efficiency, core efficiency tutorial, tutorial core efficiency, core efficiency guide, guide core efficiency, core efficiency how to, how to core efficiency, core efficiency vs, vs core efficiency, core efficiency versus, versus core efficiency, core efficiency compared to, compared to core efficiency, core efficiency comparison, comparison core efficiency, core efficiency alternatives, alternatives core efficiency, core efficiency which is better, which is better core efficiency, core efficiency expensive, expensive core efficiency, core efficiency discount, discount core efficiency, core efficiency deals, deals core efficiency, core efficiency sale, sale core efficiency, core efficiency affordable, affordable core efficiency, core efficiency cost, cost core efficiency, core efficiency online, online core efficiency, core efficiency offline, offline core efficiency, core efficiency marketplace, marketplace core efficiency, core efficiency store, store core efficiency, core efficiency shop, shop core efficiency, core efficiency retailer, retailer core efficiency, core efficiency where to buy, where to buy core efficiency, core efficiency worst, worst core efficiency, core efficiency quality, quality core efficiency, core efficiency original, original core efficiency, core efficiency genuine, genuine core efficiency, core efficiency fake, fake core efficiency, core efficiency replica, replica core efficiency, core efficiency authentic, authentic core efficiency, core efficiency brand, brand core efficiency, core efficiency manufacturer, manufacturer core efficiency, core efficiency company, company core efficiency, core efficiency product, product core efficiency, core efficiency intel product, intel product core efficiency, core efficiency sell intel, sell intel core efficiency, core efficiency buy intel, buy intel core efficiency, core efficiency cheap intel, cheap intel core efficiency, core efficiency best intel, best intel core efficiency, core efficiency intel review, intel review core efficiency, core efficiency where to buy intel, where to buy intel core efficiency, core efficiency how to choose intel, how to choose intel core efficiency, core efficiency top intel, top intel core efficiency, core efficiency intel guide, intel guide core efficiency, core efficiency intel for sale, intel for sale core efficiency, core efficiency intel deals, intel deals core efficiency, chip architecture intel, intel chip architecture, chip architecture cheap, cheap chip architecture, chip architecture best, best chip architecture, chip architecture latest, latest chip architecture, chip architecture review, review chip architecture, chip architecture price, price chip architecture, chip architecture sell, sell chip architecture, chip architecture buy, buy chip architecture, chip architecture recommendation, recommendation chip architecture, chip architecture tips, tips chip architecture, chip architecture tutorial, tutorial chip architecture, chip architecture guide, guide chip architecture, chip architecture how to, how to chip architecture, chip architecture vs, vs chip architecture, chip architecture versus, versus chip architecture, chip architecture compared to, compared to chip architecture, chip architecture comparison, comparison chip architecture, chip architecture alternatives, alternatives chip architecture, chip architecture which is better, which is better chip architecture, chip architecture expensive, expensive chip architecture, chip architecture discount, discount chip architecture, chip architecture deals, deals chip architecture, chip architecture sale, sale chip architecture, chip architecture affordable, affordable chip architecture, chip architecture cost, cost chip architecture, chip architecture online, online chip architecture, chip architecture offline, offline chip architecture, chip architecture marketplace, marketplace chip architecture, chip architecture store, store chip architecture, chip architecture shop, shop chip architecture, chip architecture retailer, retailer chip architecture, chip architecture where to buy, where to buy chip architecture, chip architecture worst, worst chip architecture, chip architecture quality, quality chip architecture, chip architecture original, original chip architecture, chip architecture genuine, genuine chip architecture, chip architecture fake, fake chip architecture, chip architecture replica, replica chip architecture, chip architecture authentic, authentic chip architecture, chip architecture brand, brand chip architecture, chip architecture manufacturer, manufacturer chip architecture, chip architecture company, company chip architecture, chip architecture product, product chip architecture, chip architecture intel product, intel product chip architecture, chip architecture sell intel, sell intel chip architecture, chip architecture buy intel, buy intel chip architecture, chip architecture cheap intel, cheap intel chip architecture, chip architecture best intel, best intel chip architecture, chip architecture intel review, intel review chip architecture, chip architecture where to buy intel, where to buy intel chip architecture, chip architecture how to choose intel, how to choose intel chip architecture, chip architecture top intel, top intel chip architecture, chip architecture intel guide, intel guide chip architecture, chip architecture intel for sale, intel for sale chip architecture, chip architecture intel deals, intel deals chip architecture
2026-08-14 17:43:10,956 - INFO - Expanded 220 seed keywords to 385 variations
2026-08-14 17:43:10,956 - INFO - Language: en
2026-08-14 17:43:10,956 - INFO - Region: us
2026-08-14 17:45:34,835 - INFO - 🎯 After all filtering for 'intel': 120 relevant keywords
2026-08-14 17:45:37,330 - INFO - 🎯 Found 4 new keywords for niche 'intel': intel affordable chip architecture, intel affordable core efficiency, cheap alternatives chip architecture, best authentic chip architecture
2026-08-14 17:45:37,818 - INFO - ✅ Niche 'intel' process complete! 992 total keyword results.
2026-08-14 17:45:37,818 - INFO - ✅ Completed processing niche: 'intel'
2026-08-14 17:45:37,818 - INFO - 🔧 Request Handler final stats - Success rate: 100.0%
2026-08-14 17:45:37,818 - INFO -    Total requests: 171489, Blocks: 1
2026-08-14 17:45:37,819 - INFO - 
========================================
2026-08-14 17:45:37,819 - INFO - Process Summary:
2026-08-14 17:45:37,819 - INFO - - Current niche: 'intel'
2026-08-14 17:45:37,819 - INFO - - Next niche will be: 'nvidia'
2026-08-14 17:45:37,819 - INFO - - Keywords saved in: languages/english/keywords/intel/
2026-08-14 17:45:37,819 - INFO - ========================================
