2026-09-27 19:53:29,375 - INFO - Log file created at: /home/runner/work/potensitech.com/potensitech.com/languages/english/keywords/logs/kw_search_20260927_195329.log
2026-09-27 19:53:29,375 - INFO - ============================================================
2026-09-27 19:53:29,375 - INFO - AUTOMATIC KEYWORD RESEARCH TOOL
2026-09-27 19:53:29,375 - INFO - ============================================================
2026-09-27 19:53:29,806 - INFO - ========================================
2026-09-27 19:53:29,806 - INFO - Found 14 niches to process: xiaomi, iphone, samsung, apple, sony, asus, philips, sandisk, intel, nvidia, amd, canon, nikon, huawei
2026-09-27 19:53:29,806 - INFO - ========================================
2026-09-27 19:53:29,807 - INFO - Continuing from last processed niche: nikon
2026-09-27 19:53:29,807 - INFO - ========================================
2026-09-27 19:53:29,807 - INFO - 🎯 PROCESSING NICHE 14/14: 'huawei'
2026-09-27 19:53:29,807 - INFO - ========================================
2026-09-27 19:53:29,807 - INFO - 📁 Niche directory: /home/runner/work/potensitech.com/potensitech.com/languages/english/keywords/huawei
2026-09-27 19:53:29,807 - INFO - Selected region: us
2026-09-27 19:53:29,807 - INFO - Selected language: en
2026-09-27 19:53:29,807 - INFO - 🎯 Current niche: huawei
2026-09-27 19:53:40,125 - INFO - 🎯 Niche terms for filtering: huawei, cheap, best, latest, review, price, sell, buy, recommendation, tips, tutorial, guide, how to, vs, versus, compared to, comparison, alternatives, which is better, expensive, discount, deals, sale, affordable, cost, online, offline, marketplace, store, shop, retailer, where to buy, worst, quality, original, genuine, fake, replica, authentic, brand, manufacturer, company, product, huawei product, sell huawei, buy huawei, cheap huawei, best huawei, huawei review, where to buy huawei, how to choose huawei, top huawei, huawei guide, huawei for sale, huawei deals
2026-09-27 19:53:40,125 - INFO - Generated 50 niche-clue pairs for 'huawei'.
2026-09-27 19:53:40,128 - INFO - Expanded 50 seed keywords to 218 variations
2026-09-27 19:53:40,129 - INFO - 🔧 Request Handler initialized - Success rate: 100.0%
2026-09-27 19:58:02,866 - INFO - Original clue keywords: solid-state, usb storage
2026-09-27 19:58:02,866 - INFO - Niche-focused seeds: solid-state huawei, huawei solid-state, solid-state cheap, cheap solid-state, solid-state best, best solid-state, solid-state latest, latest solid-state, solid-state review, review solid-state, solid-state price, price solid-state, solid-state sell, sell solid-state, solid-state buy, buy solid-state, solid-state recommendation, recommendation solid-state, solid-state tips, tips solid-state, solid-state tutorial, tutorial solid-state, solid-state guide, guide solid-state, solid-state how to, how to solid-state, solid-state vs, vs solid-state, solid-state versus, versus solid-state, solid-state compared to, compared to solid-state, solid-state comparison, comparison solid-state, solid-state alternatives, alternatives solid-state, solid-state which is better, which is better solid-state, solid-state expensive, expensive solid-state, solid-state discount, discount solid-state, solid-state deals, deals solid-state, solid-state sale, sale solid-state, solid-state affordable, affordable solid-state, solid-state cost, cost solid-state, solid-state online, online solid-state, solid-state offline, offline solid-state, solid-state marketplace, marketplace solid-state, solid-state store, store solid-state, solid-state shop, shop solid-state, solid-state retailer, retailer solid-state, solid-state where to buy, where to buy solid-state, solid-state worst, worst solid-state, solid-state quality, quality solid-state, solid-state original, original solid-state, solid-state genuine, genuine solid-state, solid-state fake, fake solid-state, solid-state replica, replica solid-state, solid-state authentic, authentic solid-state, solid-state brand, brand solid-state, solid-state manufacturer, manufacturer solid-state, solid-state company, company solid-state, solid-state product, product solid-state, solid-state huawei product, huawei product solid-state, solid-state sell huawei, sell huawei solid-state, solid-state buy huawei, buy huawei solid-state, solid-state cheap huawei, cheap huawei solid-state, solid-state best huawei, best huawei solid-state, solid-state huawei review, huawei review solid-state, solid-state where to buy huawei, where to buy huawei solid-state, solid-state how to choose huawei, how to choose huawei solid-state, solid-state top huawei, top huawei solid-state, solid-state huawei guide, huawei guide solid-state, solid-state huawei for sale, huawei for sale solid-state, solid-state huawei deals, huawei deals solid-state, usb storage huawei, huawei usb storage, usb storage cheap, cheap usb storage, usb storage best, best usb storage, usb storage latest, latest usb storage, usb storage review, review usb storage, usb storage price, price usb storage, usb storage sell, sell usb storage, usb storage buy, buy usb storage, usb storage recommendation, recommendation usb storage, usb storage tips, tips usb storage, usb storage tutorial, tutorial usb storage, usb storage guide, guide usb storage, usb storage how to, how to usb storage, usb storage vs, vs usb storage, usb storage versus, versus usb storage, usb storage compared to, compared to usb storage, usb storage comparison, comparison usb storage, usb storage alternatives, alternatives usb storage, usb storage which is better, which is better usb storage, usb storage expensive, expensive usb storage, usb storage discount, discount usb storage, usb storage deals, deals usb storage, usb storage sale, sale usb storage, usb storage affordable, affordable usb storage, usb storage cost, cost usb storage, usb storage online, online usb storage, usb storage offline, offline usb storage, usb storage marketplace, marketplace usb storage, usb storage store, store usb storage, usb storage shop, shop usb storage, usb storage retailer, retailer usb storage, usb storage where to buy, where to buy usb storage, usb storage worst, worst usb storage, usb storage quality, quality usb storage, usb storage original, original usb storage, usb storage genuine, genuine usb storage, usb storage fake, fake usb storage, usb storage replica, replica usb storage, usb storage authentic, authentic usb storage, usb storage brand, brand usb storage, usb storage manufacturer, manufacturer usb storage, usb storage company, company usb storage, usb storage product, product usb storage, usb storage huawei product, huawei product usb storage, usb storage sell huawei, sell huawei usb storage, usb storage buy huawei, buy huawei usb storage, usb storage cheap huawei, cheap huawei usb storage, usb storage best huawei, best huawei usb storage, usb storage huawei review, huawei review usb storage, usb storage where to buy huawei, where to buy huawei usb storage, usb storage how to choose huawei, how to choose huawei usb storage, usb storage top huawei, top huawei usb storage, usb storage huawei guide, huawei guide usb storage, usb storage huawei for sale, huawei for sale usb storage, usb storage huawei deals, huawei deals usb storage
2026-09-27 19:58:02,869 - INFO - Expanded 220 seed keywords to 385 variations
2026-09-27 19:58:02,869 - INFO - Language: en
2026-09-27 19:58:02,870 - INFO - Region: us
2026-09-27 20:02:32,582 - INFO - 🎯 After all filtering for 'huawei': 120 relevant keywords
2026-09-27 20:02:33,034 - INFO - 🎯 Found 5 new keywords for niche 'huawei': huawei affordable solid-state, affordable solid-state cheap, huawei alternatives solid-state, cheap alternatives solid-state, best alternatives solid-state
2026-09-27 20:02:48,866 - INFO - ✅ Niche 'huawei' process complete! 692 total keyword results.
2026-09-27 20:02:48,866 - INFO - ✅ Completed processing niche: 'huawei'
2026-09-27 20:02:48,867 - INFO - 🔧 Request Handler final stats - Success rate: 100.0%
2026-09-27 20:02:48,867 - INFO -    Total requests: 207988, Blocks: 1
2026-09-27 20:02:48,868 - INFO - 
========================================
2026-09-27 20:02:48,868 - INFO - Process Summary:
2026-09-27 20:02:48,868 - INFO - - Current niche: 'huawei'
2026-09-27 20:02:48,868 - INFO - - Next niche will be: 'xiaomi'
2026-09-27 20:02:48,868 - INFO - - Keywords saved in: languages/english/keywords/huawei/
2026-09-27 20:02:48,868 - INFO - ========================================
