2026-09-12 07:14:51,421 - INFO - Log file created at: /home/runner/work/potensitech.com/potensitech.com/languages/english/keywords/logs/kw_search_20260912_071451.log
2026-09-12 07:14:51,421 - INFO - ============================================================
2026-09-12 07:14:51,421 - INFO - AUTOMATIC KEYWORD RESEARCH TOOL
2026-09-12 07:14:51,422 - INFO - ============================================================
2026-09-12 07:14:51,766 - INFO - ========================================
2026-09-12 07:14:51,766 - INFO - Found 14 niches to process: xiaomi, iphone, samsung, apple, sony, asus, philips, sandisk, intel, nvidia, amd, canon, nikon, huawei
2026-09-12 07:14:51,766 - INFO - ========================================
2026-09-12 07:14:51,766 - INFO - Continuing from last processed niche: amd
2026-09-12 07:14:51,766 - INFO - ========================================
2026-09-12 07:14:51,766 - INFO - 🎯 PROCESSING NICHE 12/14: 'canon'
2026-09-12 07:14:51,766 - INFO - ========================================
2026-09-12 07:14:51,766 - INFO - 📁 Niche directory: /home/runner/work/potensitech.com/potensitech.com/languages/english/keywords/canon
2026-09-12 07:14:51,766 - INFO - Selected region: us
2026-09-12 07:14:51,767 - INFO - Selected language: en
2026-09-12 07:14:51,767 - INFO - 🎯 Current niche: canon
2026-09-12 07:15:02,711 - INFO - 🎯 Niche terms for filtering: canon, cheap, best, latest, review, price, sell, buy, recommendation, tips, tutorial, guide, how to, vs, versus, compared to, comparison, alternatives, which is better, expensive, discount, deals, sale, affordable, cost, online, offline, marketplace, store, shop, retailer, where to buy, worst, quality, original, genuine, fake, replica, authentic, brand, manufacturer, company, product, canon product, sell canon, buy canon, cheap canon, best canon, canon review, where to buy canon, how to choose canon, top canon, canon guide, canon for sale, canon deals
2026-09-12 07:15:02,711 - INFO - Generated 50 niche-clue pairs for 'canon'.
2026-09-12 07:15:02,715 - INFO - Expanded 50 seed keywords to 218 variations
2026-09-12 07:15:02,715 - INFO - 🔧 Request Handler initialized - Success rate: 100.0%
2026-09-12 07:19:22,426 - INFO - Original clue keywords: long battery, dlss technology
2026-09-12 07:19:22,426 - INFO - Niche-focused seeds: long battery canon, canon long battery, long battery cheap, cheap long battery, long battery best, best long battery, long battery latest, latest long battery, long battery review, review long battery, long battery price, price long battery, long battery sell, sell long battery, long battery buy, buy long battery, long battery recommendation, recommendation long battery, long battery tips, tips long battery, long battery tutorial, tutorial long battery, long battery guide, guide long battery, long battery how to, how to long battery, long battery vs, vs long battery, long battery versus, versus long battery, long battery compared to, compared to long battery, long battery comparison, comparison long battery, long battery alternatives, alternatives long battery, long battery which is better, which is better long battery, long battery expensive, expensive long battery, long battery discount, discount long battery, long battery deals, deals long battery, long battery sale, sale long battery, long battery affordable, affordable long battery, long battery cost, cost long battery, long battery online, online long battery, long battery offline, offline long battery, long battery marketplace, marketplace long battery, long battery store, store long battery, long battery shop, shop long battery, long battery retailer, retailer long battery, long battery where to buy, where to buy long battery, long battery worst, worst long battery, long battery quality, quality long battery, long battery original, original long battery, long battery genuine, genuine long battery, long battery fake, fake long battery, long battery replica, replica long battery, long battery authentic, authentic long battery, long battery brand, brand long battery, long battery manufacturer, manufacturer long battery, long battery company, company long battery, long battery product, product long battery, long battery canon product, canon product long battery, long battery sell canon, sell canon long battery, long battery buy canon, buy canon long battery, long battery cheap canon, cheap canon long battery, long battery best canon, best canon long battery, long battery canon review, canon review long battery, long battery where to buy canon, where to buy canon long battery, long battery how to choose canon, how to choose canon long battery, long battery top canon, top canon long battery, long battery canon guide, canon guide long battery, long battery canon for sale, canon for sale long battery, long battery canon deals, canon deals long battery, dlss technology canon, canon dlss technology, dlss technology cheap, cheap dlss technology, dlss technology best, best dlss technology, dlss technology latest, latest dlss technology, dlss technology review, review dlss technology, dlss technology price, price dlss technology, dlss technology sell, sell dlss technology, dlss technology buy, buy dlss technology, dlss technology recommendation, recommendation dlss technology, dlss technology tips, tips dlss technology, dlss technology tutorial, tutorial dlss technology, dlss technology guide, guide dlss technology, dlss technology how to, how to dlss technology, dlss technology vs, vs dlss technology, dlss technology versus, versus dlss technology, dlss technology compared to, compared to dlss technology, dlss technology comparison, comparison dlss technology, dlss technology alternatives, alternatives dlss technology, dlss technology which is better, which is better dlss technology, dlss technology expensive, expensive dlss technology, dlss technology discount, discount dlss technology, dlss technology deals, deals dlss technology, dlss technology sale, sale dlss technology, dlss technology affordable, affordable dlss technology, dlss technology cost, cost dlss technology, dlss technology online, online dlss technology, dlss technology offline, offline dlss technology, dlss technology marketplace, marketplace dlss technology, dlss technology store, store dlss technology, dlss technology shop, shop dlss technology, dlss technology retailer, retailer dlss technology, dlss technology where to buy, where to buy dlss technology, dlss technology worst, worst dlss technology, dlss technology quality, quality dlss technology, dlss technology original, original dlss technology, dlss technology genuine, genuine dlss technology, dlss technology fake, fake dlss technology, dlss technology replica, replica dlss technology, dlss technology authentic, authentic dlss technology, dlss technology brand, brand dlss technology, dlss technology manufacturer, manufacturer dlss technology, dlss technology company, company dlss technology, dlss technology product, product dlss technology, dlss technology canon product, canon product dlss technology, dlss technology sell canon, sell canon dlss technology, dlss technology buy canon, buy canon dlss technology, dlss technology cheap canon, cheap canon dlss technology, dlss technology best canon, best canon dlss technology, dlss technology canon review, canon review dlss technology, dlss technology where to buy canon, where to buy canon dlss technology, dlss technology how to choose canon, how to choose canon dlss technology, dlss technology top canon, top canon dlss technology, dlss technology canon guide, canon guide dlss technology, dlss technology canon for sale, canon for sale dlss technology, dlss technology canon deals, canon deals dlss technology
2026-09-12 07:19:22,429 - INFO - Expanded 220 seed keywords to 385 variations
2026-09-12 07:19:22,430 - INFO - Language: en
2026-09-12 07:19:22,430 - INFO - Region: us
2026-09-12 07:23:52,215 - INFO - 🎯 After all filtering for 'canon': 120 relevant keywords
2026-09-12 07:23:53,501 - INFO - 🎯 Found 5 new keywords for niche 'canon': canon affordable dlss technology, canon affordable long battery, cheap alternatives dlss technology, cheap alternatives long battery, best authentic dlss technology
2026-09-12 07:24:09,978 - INFO - ✅ Niche 'canon' process complete! 715 total keyword results.
2026-09-12 07:24:09,979 - INFO - ✅ Completed processing niche: 'canon'
2026-09-12 07:24:09,979 - INFO - 🔧 Request Handler final stats - Success rate: 100.0%
2026-09-12 07:24:09,979 - INFO -    Total requests: 194449, Blocks: 1
2026-09-12 07:24:09,980 - INFO - 
========================================
2026-09-12 07:24:09,980 - INFO - Process Summary:
2026-09-12 07:24:09,980 - INFO - - Current niche: 'canon'
2026-09-12 07:24:09,980 - INFO - - Next niche will be: 'nikon'
2026-09-12 07:24:09,980 - INFO - - Keywords saved in: languages/english/keywords/canon/
2026-09-12 07:24:09,980 - INFO - ========================================
