2026-09-30 19:27:39,954 - INFO - Log file created at: /home/runner/work/potensitech.com/potensitech.com/languages/english/keywords/logs/kw_search_20260930_192739.log
2026-09-30 19:27:39,954 - INFO - ============================================================
2026-09-30 19:27:39,954 - INFO - AUTOMATIC KEYWORD RESEARCH TOOL
2026-09-30 19:27:39,954 - INFO - ============================================================
2026-09-30 19:27:40,286 - INFO - ========================================
2026-09-30 19:27:40,286 - INFO - Found 14 niches to process: xiaomi, iphone, samsung, apple, sony, asus, philips, sandisk, intel, nvidia, amd, canon, nikon, huawei
2026-09-30 19:27:40,286 - INFO - ========================================
2026-09-30 19:27:40,286 - INFO - All niches completed, starting over
2026-09-30 19:27:40,286 - INFO - ========================================
2026-09-30 19:27:40,286 - INFO - 🎯 PROCESSING NICHE 1/14: 'xiaomi'
2026-09-30 19:27:40,286 - INFO - ========================================
2026-09-30 19:27:40,287 - INFO - 📁 Niche directory: /home/runner/work/potensitech.com/potensitech.com/languages/english/keywords/xiaomi
2026-09-30 19:27:40,287 - INFO - Selected region: us
2026-09-30 19:27:40,287 - INFO - Selected language: en
2026-09-30 19:27:40,287 - INFO - 🎯 Current niche: xiaomi
2026-09-30 19:27:51,098 - INFO - 🎯 Niche terms for filtering: xiaomi, cheap, best, latest, review, price, sell, buy, recommendation, tips, tutorial, guide, how to, vs, versus, compared to, comparison, alternatives, which is better, expensive, discount, deals, sale, affordable, cost, online, offline, marketplace, store, shop, retailer, where to buy, worst, quality, original, genuine, fake, replica, authentic, brand, manufacturer, company, product, xiaomi product, sell xiaomi, buy xiaomi, cheap xiaomi, best xiaomi, xiaomi review, where to buy xiaomi, how to choose xiaomi, top xiaomi, xiaomi guide, xiaomi for sale, xiaomi deals
2026-09-30 19:27:51,099 - INFO - Generated 50 niche-clue pairs for 'xiaomi'.
2026-09-30 19:27:51,101 - INFO - Expanded 50 seed keywords to 218 variations
2026-09-30 19:27:51,102 - INFO - 🔧 Request Handler initialized - Success rate: 100.0%
2026-09-30 19:32:15,055 - INFO - Original clue keywords: smartphone storage, gaming performance
2026-09-30 19:32:15,055 - INFO - Niche-focused seeds: smartphone storage xiaomi, xiaomi smartphone storage, smartphone storage cheap, cheap smartphone storage, smartphone storage best, best smartphone storage, smartphone storage latest, latest smartphone storage, smartphone storage review, review smartphone storage, smartphone storage price, price smartphone storage, smartphone storage sell, sell smartphone storage, smartphone storage buy, buy smartphone storage, smartphone storage recommendation, recommendation smartphone storage, smartphone storage tips, tips smartphone storage, smartphone storage tutorial, tutorial smartphone storage, smartphone storage guide, guide smartphone storage, smartphone storage how to, how to smartphone storage, smartphone storage vs, vs smartphone storage, smartphone storage versus, versus smartphone storage, smartphone storage compared to, compared to smartphone storage, smartphone storage comparison, comparison smartphone storage, smartphone storage alternatives, alternatives smartphone storage, smartphone storage which is better, which is better smartphone storage, smartphone storage expensive, expensive smartphone storage, smartphone storage discount, discount smartphone storage, smartphone storage deals, deals smartphone storage, smartphone storage sale, sale smartphone storage, smartphone storage affordable, affordable smartphone storage, smartphone storage cost, cost smartphone storage, smartphone storage online, online smartphone storage, smartphone storage offline, offline smartphone storage, smartphone storage marketplace, marketplace smartphone storage, smartphone storage store, store smartphone storage, smartphone storage shop, shop smartphone storage, smartphone storage retailer, retailer smartphone storage, smartphone storage where to buy, where to buy smartphone storage, smartphone storage worst, worst smartphone storage, smartphone storage quality, quality smartphone storage, smartphone storage original, original smartphone storage, smartphone storage genuine, genuine smartphone storage, smartphone storage fake, fake smartphone storage, smartphone storage replica, replica smartphone storage, smartphone storage authentic, authentic smartphone storage, smartphone storage brand, brand smartphone storage, smartphone storage manufacturer, manufacturer smartphone storage, smartphone storage company, company smartphone storage, smartphone storage product, product smartphone storage, smartphone storage xiaomi product, xiaomi product smartphone storage, smartphone storage sell xiaomi, sell xiaomi smartphone storage, smartphone storage buy xiaomi, buy xiaomi smartphone storage, smartphone storage cheap xiaomi, cheap xiaomi smartphone storage, smartphone storage best xiaomi, best xiaomi smartphone storage, smartphone storage xiaomi review, xiaomi review smartphone storage, smartphone storage where to buy xiaomi, where to buy xiaomi smartphone storage, smartphone storage how to choose xiaomi, how to choose xiaomi smartphone storage, smartphone storage top xiaomi, top xiaomi smartphone storage, smartphone storage xiaomi guide, xiaomi guide smartphone storage, smartphone storage xiaomi for sale, xiaomi for sale smartphone storage, smartphone storage xiaomi deals, xiaomi deals smartphone storage, gaming performance xiaomi, xiaomi gaming performance, gaming performance cheap, cheap gaming performance, gaming performance best, best gaming performance, gaming performance latest, latest gaming performance, gaming performance review, review gaming performance, gaming performance price, price gaming performance, gaming performance sell, sell gaming performance, gaming performance buy, buy gaming performance, gaming performance recommendation, recommendation gaming performance, gaming performance tips, tips gaming performance, gaming performance tutorial, tutorial gaming performance, gaming performance guide, guide gaming performance, gaming performance how to, how to gaming performance, gaming performance vs, vs gaming performance, gaming performance versus, versus gaming performance, gaming performance compared to, compared to gaming performance, gaming performance comparison, comparison gaming performance, gaming performance alternatives, alternatives gaming performance, gaming performance which is better, which is better gaming performance, gaming performance expensive, expensive gaming performance, gaming performance discount, discount gaming performance, gaming performance deals, deals gaming performance, gaming performance sale, sale gaming performance, gaming performance affordable, affordable gaming performance, gaming performance cost, cost gaming performance, gaming performance online, online gaming performance, gaming performance offline, offline gaming performance, gaming performance marketplace, marketplace gaming performance, gaming performance store, store gaming performance, gaming performance shop, shop gaming performance, gaming performance retailer, retailer gaming performance, gaming performance where to buy, where to buy gaming performance, gaming performance worst, worst gaming performance, gaming performance quality, quality gaming performance, gaming performance original, original gaming performance, gaming performance genuine, genuine gaming performance, gaming performance fake, fake gaming performance, gaming performance replica, replica gaming performance, gaming performance authentic, authentic gaming performance, gaming performance brand, brand gaming performance, gaming performance manufacturer, manufacturer gaming performance, gaming performance company, company gaming performance, gaming performance product, product gaming performance, gaming performance xiaomi product, xiaomi product gaming performance, gaming performance sell xiaomi, sell xiaomi gaming performance, gaming performance buy xiaomi, buy xiaomi gaming performance, gaming performance cheap xiaomi, cheap xiaomi gaming performance, gaming performance best xiaomi, best xiaomi gaming performance, gaming performance xiaomi review, xiaomi review gaming performance, gaming performance where to buy xiaomi, where to buy xiaomi gaming performance, gaming performance how to choose xiaomi, how to choose xiaomi gaming performance, gaming performance top xiaomi, top xiaomi gaming performance, gaming performance xiaomi guide, xiaomi guide gaming performance, gaming performance xiaomi for sale, xiaomi for sale gaming performance, gaming performance xiaomi deals, xiaomi deals gaming performance
2026-09-30 19:32:15,058 - INFO - Expanded 220 seed keywords to 385 variations
2026-09-30 19:32:15,058 - INFO - Language: en
2026-09-30 19:32:15,058 - INFO - Region: us
2026-09-30 19:36:46,452 - INFO - 🎯 After all filtering for 'xiaomi': 120 relevant keywords
2026-09-30 19:36:47,801 - INFO - 🎯 Found 5 new keywords for niche 'xiaomi': xiaomi affordable gaming performance, xiaomi affordable smartphone storage, cheap alternatives gaming performance, best authentic gaming performance, how to brand gaming performance
2026-09-30 19:37:03,729 - INFO - ✅ Niche 'xiaomi' process complete! 703 total keyword results.
2026-09-30 19:37:03,730 - INFO - ✅ Completed processing niche: 'xiaomi'
2026-09-30 19:37:03,730 - INFO - 🔧 Request Handler final stats - Success rate: 100.0%
2026-09-30 19:37:03,730 - INFO -    Total requests: 210557, Blocks: 1
2026-09-30 19:37:03,731 - INFO - 
========================================
2026-09-30 19:37:03,731 - INFO - Process Summary:
2026-09-30 19:37:03,731 - INFO - - Current niche: 'xiaomi'
2026-09-30 19:37:03,731 - INFO - - Next niche will be: 'iphone'
2026-09-30 19:37:03,731 - INFO - - Keywords saved in: languages/english/keywords/xiaomi/
2026-09-30 19:37:03,731 - INFO - ========================================
