2026-08-12 08:39:39,867 - INFO - Log file created at: /home/runner/work/potensitech.com/potensitech.com/languages/english/keywords/logs/kw_search_20260812_083939.log
2026-08-12 08:39:39,867 - INFO - ============================================================
2026-08-12 08:39:39,867 - INFO - AUTOMATIC KEYWORD RESEARCH TOOL
2026-08-12 08:39:39,867 - INFO - ============================================================
2026-08-12 08:39:40,173 - INFO - ========================================
2026-08-12 08:39:40,173 - INFO - Found 14 niches to process: xiaomi, iphone, samsung, apple, sony, asus, philips, sandisk, intel, nvidia, amd, canon, nikon, huawei
2026-08-12 08:39:40,173 - INFO - ========================================
2026-08-12 08:39:40,173 - INFO - Continuing from last processed niche: canon
2026-08-12 08:39:40,173 - INFO - ========================================
2026-08-12 08:39:40,173 - INFO - 🎯 PROCESSING NICHE 13/14: 'nikon'
2026-08-12 08:39:40,173 - INFO - ========================================
2026-08-12 08:39:40,173 - INFO - 📁 Niche directory: /home/runner/work/potensitech.com/potensitech.com/languages/english/keywords/nikon
2026-08-12 08:39:40,174 - INFO - Selected region: us
2026-08-12 08:39:40,174 - INFO - Selected language: en
2026-08-12 08:39:40,174 - INFO - 🎯 Current niche: nikon
2026-08-12 08:39:40,922 - INFO - 🎯 Niche terms for filtering: nikon, cheap, best, latest, review, price, sell, buy, recommendation, tips, tutorial, guide, how to, vs, versus, compared to, comparison, alternatives, which is better, expensive, discount, deals, sale, affordable, cost, online, offline, marketplace, store, shop, retailer, where to buy, worst, quality, original, genuine, fake, replica, authentic, brand, manufacturer, company, product, nikon product, sell nikon, buy nikon, cheap nikon, best nikon, nikon review, where to buy nikon, how to choose nikon, top nikon, nikon guide, nikon for sale, nikon deals
2026-08-12 08:39:40,923 - INFO - Generated 50 niche-clue pairs for 'nikon'.
2026-08-12 08:39:40,926 - INFO - Expanded 50 seed keywords to 218 variations
2026-08-12 08:39:40,932 - INFO - 🔧 Request Handler initialized - Success rate: 100.0%
2026-08-12 08:44:08,798 - INFO - Original clue keywords: full-frame sensor, lens compatibility
2026-08-12 08:44:08,798 - INFO - Niche-focused seeds: full-frame sensor nikon, nikon full-frame sensor, full-frame sensor cheap, cheap full-frame sensor, full-frame sensor best, best full-frame sensor, full-frame sensor latest, latest full-frame sensor, full-frame sensor review, review full-frame sensor, full-frame sensor price, price full-frame sensor, full-frame sensor sell, sell full-frame sensor, full-frame sensor buy, buy full-frame sensor, full-frame sensor recommendation, recommendation full-frame sensor, full-frame sensor tips, tips full-frame sensor, full-frame sensor tutorial, tutorial full-frame sensor, full-frame sensor guide, guide full-frame sensor, full-frame sensor how to, how to full-frame sensor, full-frame sensor vs, vs full-frame sensor, full-frame sensor versus, versus full-frame sensor, full-frame sensor compared to, compared to full-frame sensor, full-frame sensor comparison, comparison full-frame sensor, full-frame sensor alternatives, alternatives full-frame sensor, full-frame sensor which is better, which is better full-frame sensor, full-frame sensor expensive, expensive full-frame sensor, full-frame sensor discount, discount full-frame sensor, full-frame sensor deals, deals full-frame sensor, full-frame sensor sale, sale full-frame sensor, full-frame sensor affordable, affordable full-frame sensor, full-frame sensor cost, cost full-frame sensor, full-frame sensor online, online full-frame sensor, full-frame sensor offline, offline full-frame sensor, full-frame sensor marketplace, marketplace full-frame sensor, full-frame sensor store, store full-frame sensor, full-frame sensor shop, shop full-frame sensor, full-frame sensor retailer, retailer full-frame sensor, full-frame sensor where to buy, where to buy full-frame sensor, full-frame sensor worst, worst full-frame sensor, full-frame sensor quality, quality full-frame sensor, full-frame sensor original, original full-frame sensor, full-frame sensor genuine, genuine full-frame sensor, full-frame sensor fake, fake full-frame sensor, full-frame sensor replica, replica full-frame sensor, full-frame sensor authentic, authentic full-frame sensor, full-frame sensor brand, brand full-frame sensor, full-frame sensor manufacturer, manufacturer full-frame sensor, full-frame sensor company, company full-frame sensor, full-frame sensor product, product full-frame sensor, full-frame sensor nikon product, nikon product full-frame sensor, full-frame sensor sell nikon, sell nikon full-frame sensor, full-frame sensor buy nikon, buy nikon full-frame sensor, full-frame sensor cheap nikon, cheap nikon full-frame sensor, full-frame sensor best nikon, best nikon full-frame sensor, full-frame sensor nikon review, nikon review full-frame sensor, full-frame sensor where to buy nikon, where to buy nikon full-frame sensor, full-frame sensor how to choose nikon, how to choose nikon full-frame sensor, full-frame sensor top nikon, top nikon full-frame sensor, full-frame sensor nikon guide, nikon guide full-frame sensor, full-frame sensor nikon for sale, nikon for sale full-frame sensor, full-frame sensor nikon deals, nikon deals full-frame sensor, lens compatibility nikon, nikon lens compatibility, lens compatibility cheap, cheap lens compatibility, lens compatibility best, best lens compatibility, lens compatibility latest, latest lens compatibility, lens compatibility review, review lens compatibility, lens compatibility price, price lens compatibility, lens compatibility sell, sell lens compatibility, lens compatibility buy, buy lens compatibility, lens compatibility recommendation, recommendation lens compatibility, lens compatibility tips, tips lens compatibility, lens compatibility tutorial, tutorial lens compatibility, lens compatibility guide, guide lens compatibility, lens compatibility how to, how to lens compatibility, lens compatibility vs, vs lens compatibility, lens compatibility versus, versus lens compatibility, lens compatibility compared to, compared to lens compatibility, lens compatibility comparison, comparison lens compatibility, lens compatibility alternatives, alternatives lens compatibility, lens compatibility which is better, which is better lens compatibility, lens compatibility expensive, expensive lens compatibility, lens compatibility discount, discount lens compatibility, lens compatibility deals, deals lens compatibility, lens compatibility sale, sale lens compatibility, lens compatibility affordable, affordable lens compatibility, lens compatibility cost, cost lens compatibility, lens compatibility online, online lens compatibility, lens compatibility offline, offline lens compatibility, lens compatibility marketplace, marketplace lens compatibility, lens compatibility store, store lens compatibility, lens compatibility shop, shop lens compatibility, lens compatibility retailer, retailer lens compatibility, lens compatibility where to buy, where to buy lens compatibility, lens compatibility worst, worst lens compatibility, lens compatibility quality, quality lens compatibility, lens compatibility original, original lens compatibility, lens compatibility genuine, genuine lens compatibility, lens compatibility fake, fake lens compatibility, lens compatibility replica, replica lens compatibility, lens compatibility authentic, authentic lens compatibility, lens compatibility brand, brand lens compatibility, lens compatibility manufacturer, manufacturer lens compatibility, lens compatibility company, company lens compatibility, lens compatibility product, product lens compatibility, lens compatibility nikon product, nikon product lens compatibility, lens compatibility sell nikon, sell nikon lens compatibility, lens compatibility buy nikon, buy nikon lens compatibility, lens compatibility cheap nikon, cheap nikon lens compatibility, lens compatibility best nikon, best nikon lens compatibility, lens compatibility nikon review, nikon review lens compatibility, lens compatibility where to buy nikon, where to buy nikon lens compatibility, lens compatibility how to choose nikon, how to choose nikon lens compatibility, lens compatibility top nikon, top nikon lens compatibility, lens compatibility nikon guide, nikon guide lens compatibility, lens compatibility nikon for sale, nikon for sale lens compatibility, lens compatibility nikon deals, nikon deals lens compatibility
2026-08-12 08:44:08,801 - INFO - Expanded 220 seed keywords to 385 variations
2026-08-12 08:44:08,801 - INFO - Language: en
2026-08-12 08:44:08,802 - INFO - Region: us
2026-08-12 08:47:43,966 - INFO - 🎯 After all filtering for 'nikon': 120 relevant keywords
2026-08-12 08:47:45,309 - INFO - 🎯 Found 5 new keywords for niche 'nikon': nikon affordable full-frame sensor, nikon affordable lens compatibility, cheap alternatives full-frame sensor, best authentic full-frame sensor, how to brand full-frame sensor
2026-08-12 08:47:45,792 - INFO - ✅ Niche 'nikon' process complete! 660 total keyword results.
2026-08-12 08:47:45,793 - INFO - ✅ Completed processing niche: 'nikon'
2026-08-12 08:47:45,793 - INFO - 🔧 Request Handler final stats - Success rate: 100.0%
2026-08-12 08:47:45,793 - INFO -    Total requests: 169961, Blocks: 1
2026-08-12 08:47:45,794 - INFO - 
========================================
2026-08-12 08:47:45,794 - INFO - Process Summary:
2026-08-12 08:47:45,794 - INFO - - Current niche: 'nikon'
2026-08-12 08:47:45,794 - INFO - - Next niche will be: 'huawei'
2026-08-12 08:47:45,794 - INFO - - Keywords saved in: languages/english/keywords/nikon/
2026-08-12 08:47:45,795 - INFO - ========================================
