2026-10-06 09:08:50,991 - INFO - Log file created at: /home/runner/work/potensitech.com/potensitech.com/languages/english/keywords/logs/kw_search_20261006_090850.log
2026-10-06 09:08:50,991 - INFO - ============================================================
2026-10-06 09:08:50,991 - INFO - AUTOMATIC KEYWORD RESEARCH TOOL
2026-10-06 09:08:50,991 - INFO - ============================================================
2026-10-06 09:08:51,433 - INFO - ========================================
2026-10-06 09:08:51,433 - INFO - Found 14 niches to process: xiaomi, iphone, samsung, apple, sony, asus, philips, sandisk, intel, nvidia, amd, canon, nikon, huawei
2026-10-06 09:08:51,433 - INFO - ========================================
2026-10-06 09:08:51,433 - INFO - Continuing from last processed niche: nikon
2026-10-06 09:08:51,433 - INFO - ========================================
2026-10-06 09:08:51,433 - INFO - 🎯 PROCESSING NICHE 14/14: 'huawei'
2026-10-06 09:08:51,433 - INFO - ========================================
2026-10-06 09:08:51,434 - INFO - 📁 Niche directory: /home/runner/work/potensitech.com/potensitech.com/languages/english/keywords/huawei
2026-10-06 09:08:51,434 - INFO - Selected region: us
2026-10-06 09:08:51,434 - INFO - Selected language: en
2026-10-06 09:08:51,434 - INFO - 🎯 Current niche: huawei
2026-10-06 09:09:01,819 - INFO - 🎯 Niche terms for filtering: huawei, cheap, best, latest, review, price, sell, buy, recommendation, tips, tutorial, guide, how to, vs, versus, compared to, comparison, alternatives, which is better, expensive, discount, deals, sale, affordable, cost, online, offline, marketplace, store, shop, retailer, where to buy, worst, quality, original, genuine, fake, replica, authentic, brand, manufacturer, company, product, huawei product, sell huawei, buy huawei, cheap huawei, best huawei, huawei review, where to buy huawei, how to choose huawei, top huawei, huawei guide, huawei for sale, huawei deals
2026-10-06 09:09:01,819 - INFO - Generated 50 niche-clue pairs for 'huawei'.
2026-10-06 09:09:01,822 - INFO - Expanded 50 seed keywords to 218 variations
2026-10-06 09:09:01,823 - INFO - 🔧 Request Handler initialized - Success rate: 100.0%
2026-10-06 09:13:24,880 - INFO - Original clue keywords: digital photography, oled display
2026-10-06 09:13:24,880 - INFO - Niche-focused seeds: digital photography huawei, huawei digital photography, digital photography cheap, cheap digital photography, digital photography best, best digital photography, digital photography latest, latest digital photography, digital photography review, review digital photography, digital photography price, price digital photography, digital photography sell, sell digital photography, digital photography buy, buy digital photography, digital photography recommendation, recommendation digital photography, digital photography tips, tips digital photography, digital photography tutorial, tutorial digital photography, digital photography guide, guide digital photography, digital photography how to, how to digital photography, digital photography vs, vs digital photography, digital photography versus, versus digital photography, digital photography compared to, compared to digital photography, digital photography comparison, comparison digital photography, digital photography alternatives, alternatives digital photography, digital photography which is better, which is better digital photography, digital photography expensive, expensive digital photography, digital photography discount, discount digital photography, digital photography deals, deals digital photography, digital photography sale, sale digital photography, digital photography affordable, affordable digital photography, digital photography cost, cost digital photography, digital photography online, online digital photography, digital photography offline, offline digital photography, digital photography marketplace, marketplace digital photography, digital photography store, store digital photography, digital photography shop, shop digital photography, digital photography retailer, retailer digital photography, digital photography where to buy, where to buy digital photography, digital photography worst, worst digital photography, digital photography quality, quality digital photography, digital photography original, original digital photography, digital photography genuine, genuine digital photography, digital photography fake, fake digital photography, digital photography replica, replica digital photography, digital photography authentic, authentic digital photography, digital photography brand, brand digital photography, digital photography manufacturer, manufacturer digital photography, digital photography company, company digital photography, digital photography product, product digital photography, digital photography huawei product, huawei product digital photography, digital photography sell huawei, sell huawei digital photography, digital photography buy huawei, buy huawei digital photography, digital photography cheap huawei, cheap huawei digital photography, digital photography best huawei, best huawei digital photography, digital photography huawei review, huawei review digital photography, digital photography where to buy huawei, where to buy huawei digital photography, digital photography how to choose huawei, how to choose huawei digital photography, digital photography top huawei, top huawei digital photography, digital photography huawei guide, huawei guide digital photography, digital photography huawei for sale, huawei for sale digital photography, digital photography huawei deals, huawei deals digital photography, oled display huawei, huawei oled display, oled display cheap, cheap oled display, oled display best, best oled display, oled display latest, latest oled display, oled display review, review oled display, oled display price, price oled display, oled display sell, sell oled display, oled display buy, buy oled display, oled display recommendation, recommendation oled display, oled display tips, tips oled display, oled display tutorial, tutorial oled display, oled display guide, guide oled display, oled display how to, how to oled display, oled display vs, vs oled display, oled display versus, versus oled display, oled display compared to, compared to oled display, oled display comparison, comparison oled display, oled display alternatives, alternatives oled display, oled display which is better, which is better oled display, oled display expensive, expensive oled display, oled display discount, discount oled display, oled display deals, deals oled display, oled display sale, sale oled display, oled display affordable, affordable oled display, oled display cost, cost oled display, oled display online, online oled display, oled display offline, offline oled display, oled display marketplace, marketplace oled display, oled display store, store oled display, oled display shop, shop oled display, oled display retailer, retailer oled display, oled display where to buy, where to buy oled display, oled display worst, worst oled display, oled display quality, quality oled display, oled display original, original oled display, oled display genuine, genuine oled display, oled display fake, fake oled display, oled display replica, replica oled display, oled display authentic, authentic oled display, oled display brand, brand oled display, oled display manufacturer, manufacturer oled display, oled display company, company oled display, oled display product, product oled display, oled display huawei product, huawei product oled display, oled display sell huawei, sell huawei oled display, oled display buy huawei, buy huawei oled display, oled display cheap huawei, cheap huawei oled display, oled display best huawei, best huawei oled display, oled display huawei review, huawei review oled display, oled display where to buy huawei, where to buy huawei oled display, oled display how to choose huawei, how to choose huawei oled display, oled display top huawei, top huawei oled display, oled display huawei guide, huawei guide oled display, oled display huawei for sale, huawei for sale oled display, oled display huawei deals, huawei deals oled display
2026-10-06 09:13:24,883 - INFO - Expanded 220 seed keywords to 385 variations
2026-10-06 09:13:24,884 - INFO - Language: en
2026-10-06 09:13:24,884 - INFO - Region: us
2026-10-06 09:15:32,900 - INFO - 🎯 After all filtering for 'huawei': 120 relevant keywords
2026-10-06 09:15:34,587 - INFO - 🎯 Found 4 new keywords for niche 'huawei': huawei affordable digital photography, huawei affordable oled display, cheap alternatives oled display, best authentic oled display
2026-10-06 09:15:50,337 - INFO - ✅ Niche 'huawei' process complete! 704 total keyword results.
2026-10-06 09:15:50,338 - INFO - ✅ Completed processing niche: 'huawei'
2026-10-06 09:15:50,338 - INFO - 🔧 Request Handler final stats - Success rate: 100.0%
2026-10-06 09:15:50,338 - INFO -    Total requests: 215559, Blocks: 1
2026-10-06 09:15:50,339 - INFO - 
========================================
2026-10-06 09:15:50,339 - INFO - Process Summary:
2026-10-06 09:15:50,339 - INFO - - Current niche: 'huawei'
2026-10-06 09:15:50,339 - INFO - - Next niche will be: 'xiaomi'
2026-10-06 09:15:50,339 - INFO - - Keywords saved in: languages/english/keywords/huawei/
2026-10-06 09:15:50,340 - INFO - ========================================
