2026-08-26 12:42:38,188 - INFO - Log file created at: /home/runner/work/potensitech.com/potensitech.com/languages/english/keywords/logs/kw_search_20260826_124238.log
2026-08-26 12:42:38,188 - INFO - ============================================================
2026-08-26 12:42:38,188 - INFO - AUTOMATIC KEYWORD RESEARCH TOOL
2026-08-26 12:42:38,188 - INFO - ============================================================
2026-08-26 12:42:38,541 - INFO - ========================================
2026-08-26 12:42:38,541 - INFO - Found 14 niches to process: xiaomi, iphone, samsung, apple, sony, asus, philips, sandisk, intel, nvidia, amd, canon, nikon, huawei
2026-08-26 12:42:38,541 - INFO - ========================================
2026-08-26 12:42:38,541 - INFO - All niches completed, starting over
2026-08-26 12:42:38,541 - INFO - ========================================
2026-08-26 12:42:38,541 - INFO - 🎯 PROCESSING NICHE 1/14: 'xiaomi'
2026-08-26 12:42:38,541 - INFO - ========================================
2026-08-26 12:42:38,541 - INFO - 📁 Niche directory: /home/runner/work/potensitech.com/potensitech.com/languages/english/keywords/xiaomi
2026-08-26 12:42:38,541 - INFO - Selected region: us
2026-08-26 12:42:38,541 - INFO - Selected language: en
2026-08-26 12:42:38,541 - INFO - 🎯 Current niche: xiaomi
2026-08-26 12:42:49,740 - INFO - 🎯 Niche terms for filtering: xiaomi, cheap, best, latest, review, price, sell, buy, recommendation, tips, tutorial, guide, how to, vs, versus, compared to, comparison, alternatives, which is better, expensive, discount, deals, sale, affordable, cost, online, offline, marketplace, store, shop, retailer, where to buy, worst, quality, original, genuine, fake, replica, authentic, brand, manufacturer, company, product, xiaomi product, sell xiaomi, buy xiaomi, cheap xiaomi, best xiaomi, xiaomi review, where to buy xiaomi, how to choose xiaomi, top xiaomi, xiaomi guide, xiaomi for sale, xiaomi deals
2026-08-26 12:42:49,740 - INFO - Generated 50 niche-clue pairs for 'xiaomi'.
2026-08-26 12:42:49,743 - INFO - Expanded 50 seed keywords to 218 variations
2026-08-26 12:42:49,744 - INFO - 🔧 Request Handler initialized - Success rate: 100.0%
2026-08-26 12:47:12,004 - INFO - Original clue keywords: portable storage, usb stick
2026-08-26 12:47:12,004 - INFO - Niche-focused seeds: portable storage xiaomi, xiaomi portable storage, portable storage cheap, cheap portable storage, portable storage best, best portable storage, portable storage latest, latest portable storage, portable storage review, review portable storage, portable storage price, price portable storage, portable storage sell, sell portable storage, portable storage buy, buy portable storage, portable storage recommendation, recommendation portable storage, portable storage tips, tips portable storage, portable storage tutorial, tutorial portable storage, portable storage guide, guide portable storage, portable storage how to, how to portable storage, portable storage vs, vs portable storage, portable storage versus, versus portable storage, portable storage compared to, compared to portable storage, portable storage comparison, comparison portable storage, portable storage alternatives, alternatives portable storage, portable storage which is better, which is better portable storage, portable storage expensive, expensive portable storage, portable storage discount, discount portable storage, portable storage deals, deals portable storage, portable storage sale, sale portable storage, portable storage affordable, affordable portable storage, portable storage cost, cost portable storage, portable storage online, online portable storage, portable storage offline, offline portable storage, portable storage marketplace, marketplace portable storage, portable storage store, store portable storage, portable storage shop, shop portable storage, portable storage retailer, retailer portable storage, portable storage where to buy, where to buy portable storage, portable storage worst, worst portable storage, portable storage quality, quality portable storage, portable storage original, original portable storage, portable storage genuine, genuine portable storage, portable storage fake, fake portable storage, portable storage replica, replica portable storage, portable storage authentic, authentic portable storage, portable storage brand, brand portable storage, portable storage manufacturer, manufacturer portable storage, portable storage company, company portable storage, portable storage product, product portable storage, portable storage xiaomi product, xiaomi product portable storage, portable storage sell xiaomi, sell xiaomi portable storage, portable storage buy xiaomi, buy xiaomi portable storage, portable storage cheap xiaomi, cheap xiaomi portable storage, portable storage best xiaomi, best xiaomi portable storage, portable storage xiaomi review, xiaomi review portable storage, portable storage where to buy xiaomi, where to buy xiaomi portable storage, portable storage how to choose xiaomi, how to choose xiaomi portable storage, portable storage top xiaomi, top xiaomi portable storage, portable storage xiaomi guide, xiaomi guide portable storage, portable storage xiaomi for sale, xiaomi for sale portable storage, portable storage xiaomi deals, xiaomi deals portable storage, usb stick xiaomi, xiaomi usb stick, usb stick cheap, cheap usb stick, usb stick best, best usb stick, usb stick latest, latest usb stick, usb stick review, review usb stick, usb stick price, price usb stick, usb stick sell, sell usb stick, usb stick buy, buy usb stick, usb stick recommendation, recommendation usb stick, usb stick tips, tips usb stick, usb stick tutorial, tutorial usb stick, usb stick guide, guide usb stick, usb stick how to, how to usb stick, usb stick vs, vs usb stick, usb stick versus, versus usb stick, usb stick compared to, compared to usb stick, usb stick comparison, comparison usb stick, usb stick alternatives, alternatives usb stick, usb stick which is better, which is better usb stick, usb stick expensive, expensive usb stick, usb stick discount, discount usb stick, usb stick deals, deals usb stick, usb stick sale, sale usb stick, usb stick affordable, affordable usb stick, usb stick cost, cost usb stick, usb stick online, online usb stick, usb stick offline, offline usb stick, usb stick marketplace, marketplace usb stick, usb stick store, store usb stick, usb stick shop, shop usb stick, usb stick retailer, retailer usb stick, usb stick where to buy, where to buy usb stick, usb stick worst, worst usb stick, usb stick quality, quality usb stick, usb stick original, original usb stick, usb stick genuine, genuine usb stick, usb stick fake, fake usb stick, usb stick replica, replica usb stick, usb stick authentic, authentic usb stick, usb stick brand, brand usb stick, usb stick manufacturer, manufacturer usb stick, usb stick company, company usb stick, usb stick product, product usb stick, usb stick xiaomi product, xiaomi product usb stick, usb stick sell xiaomi, sell xiaomi usb stick, usb stick buy xiaomi, buy xiaomi usb stick, usb stick cheap xiaomi, cheap xiaomi usb stick, usb stick best xiaomi, best xiaomi usb stick, usb stick xiaomi review, xiaomi review usb stick, usb stick where to buy xiaomi, where to buy xiaomi usb stick, usb stick how to choose xiaomi, how to choose xiaomi usb stick, usb stick top xiaomi, top xiaomi usb stick, usb stick xiaomi guide, xiaomi guide usb stick, usb stick xiaomi for sale, xiaomi for sale usb stick, usb stick xiaomi deals, xiaomi deals usb stick
2026-08-26 12:47:12,008 - INFO - Expanded 220 seed keywords to 385 variations
2026-08-26 12:47:12,008 - INFO - Language: en
2026-08-26 12:47:12,008 - INFO - Region: us
2026-08-26 12:51:43,695 - INFO - 🎯 After all filtering for 'xiaomi': 120 relevant keywords
2026-08-26 12:51:44,821 - INFO - 🎯 Found 5 new keywords for niche 'xiaomi': xiaomi affordable portable storage, xiaomi affordable usb stick, cheap alternatives usb stick, best authentic usb stick, how to brand usb stick
2026-08-26 12:52:00,684 - INFO - ✅ Niche 'xiaomi' process complete! 656 total keyword results.
2026-08-26 12:52:00,684 - INFO - ✅ Completed processing niche: 'xiaomi'
2026-08-26 12:52:00,684 - INFO - 🔧 Request Handler final stats - Success rate: 100.0%
2026-08-26 12:52:00,684 - INFO -    Total requests: 180916, Blocks: 1
2026-08-26 12:52:00,685 - INFO - 
========================================
2026-08-26 12:52:00,685 - INFO - Process Summary:
2026-08-26 12:52:00,686 - INFO - - Current niche: 'xiaomi'
2026-08-26 12:52:00,686 - INFO - - Next niche will be: 'iphone'
2026-08-26 12:52:00,686 - INFO - - Keywords saved in: languages/english/keywords/xiaomi/
2026-08-26 12:52:00,686 - INFO - ========================================
