2026-09-12 11:36:57,716 - INFO - Log file created at: /home/runner/work/potensitech.com/potensitech.com/languages/english/keywords/logs/kw_search_20260912_113657.log
2026-09-12 11:36:57,716 - INFO - ============================================================
2026-09-12 11:36:57,716 - INFO - AUTOMATIC KEYWORD RESEARCH TOOL
2026-09-12 11:36:57,716 - INFO - ============================================================
2026-09-12 11:36:58,044 - INFO - ========================================
2026-09-12 11:36:58,044 - INFO - Found 14 niches to process: xiaomi, iphone, samsung, apple, sony, asus, philips, sandisk, intel, nvidia, amd, canon, nikon, huawei
2026-09-12 11:36:58,044 - INFO - ========================================
2026-09-12 11:36:58,044 - INFO - Continuing from last processed niche: nikon
2026-09-12 11:36:58,044 - INFO - ========================================
2026-09-12 11:36:58,044 - INFO - 🎯 PROCESSING NICHE 14/14: 'huawei'
2026-09-12 11:36:58,044 - INFO - ========================================
2026-09-12 11:36:58,044 - INFO - 📁 Niche directory: /home/runner/work/potensitech.com/potensitech.com/languages/english/keywords/huawei
2026-09-12 11:36:58,045 - INFO - Selected region: us
2026-09-12 11:36:58,045 - INFO - Selected language: en
2026-09-12 11:36:58,045 - INFO - 🎯 Current niche: huawei
2026-09-12 11:37:09,331 - INFO - 🎯 Niche terms for filtering: huawei, cheap, best, latest, review, price, sell, buy, recommendation, tips, tutorial, guide, how to, vs, versus, compared to, comparison, alternatives, which is better, expensive, discount, deals, sale, affordable, cost, online, offline, marketplace, store, shop, retailer, where to buy, worst, quality, original, genuine, fake, replica, authentic, brand, manufacturer, company, product, huawei product, sell huawei, buy huawei, cheap huawei, best huawei, huawei review, where to buy huawei, how to choose huawei, top huawei, huawei guide, huawei for sale, huawei deals
2026-09-12 11:37:09,331 - INFO - Generated 50 niche-clue pairs for 'huawei'.
2026-09-12 11:37:09,335 - INFO - Expanded 50 seed keywords to 218 variations
2026-09-12 11:37:09,335 - INFO - 🔧 Request Handler initialized - Success rate: 100.0%
2026-09-12 11:41:36,784 - INFO - Original clue keywords: long battery, dlss technology
2026-09-12 11:41:36,784 - INFO - Niche-focused seeds: long battery huawei, huawei long battery, long battery cheap, cheap long battery, long battery best, best long battery, long battery latest, latest long battery, long battery review, review long battery, long battery price, price long battery, long battery sell, sell long battery, long battery buy, buy long battery, long battery recommendation, recommendation long battery, long battery tips, tips long battery, long battery tutorial, tutorial long battery, long battery guide, guide long battery, long battery how to, how to long battery, long battery vs, vs long battery, long battery versus, versus long battery, long battery compared to, compared to long battery, long battery comparison, comparison long battery, long battery alternatives, alternatives long battery, long battery which is better, which is better long battery, long battery expensive, expensive long battery, long battery discount, discount long battery, long battery deals, deals long battery, long battery sale, sale long battery, long battery affordable, affordable long battery, long battery cost, cost long battery, long battery online, online long battery, long battery offline, offline long battery, long battery marketplace, marketplace long battery, long battery store, store long battery, long battery shop, shop long battery, long battery retailer, retailer long battery, long battery where to buy, where to buy long battery, long battery worst, worst long battery, long battery quality, quality long battery, long battery original, original long battery, long battery genuine, genuine long battery, long battery fake, fake long battery, long battery replica, replica long battery, long battery authentic, authentic long battery, long battery brand, brand long battery, long battery manufacturer, manufacturer long battery, long battery company, company long battery, long battery product, product long battery, long battery huawei product, huawei product long battery, long battery sell huawei, sell huawei long battery, long battery buy huawei, buy huawei long battery, long battery cheap huawei, cheap huawei long battery, long battery best huawei, best huawei long battery, long battery huawei review, huawei review long battery, long battery where to buy huawei, where to buy huawei long battery, long battery how to choose huawei, how to choose huawei long battery, long battery top huawei, top huawei long battery, long battery huawei guide, huawei guide long battery, long battery huawei for sale, huawei for sale long battery, long battery huawei deals, huawei deals long battery, dlss technology huawei, huawei dlss technology, dlss technology cheap, cheap dlss technology, dlss technology best, best dlss technology, dlss technology latest, latest dlss technology, dlss technology review, review dlss technology, dlss technology price, price dlss technology, dlss technology sell, sell dlss technology, dlss technology buy, buy dlss technology, dlss technology recommendation, recommendation dlss technology, dlss technology tips, tips dlss technology, dlss technology tutorial, tutorial dlss technology, dlss technology guide, guide dlss technology, dlss technology how to, how to dlss technology, dlss technology vs, vs dlss technology, dlss technology versus, versus dlss technology, dlss technology compared to, compared to dlss technology, dlss technology comparison, comparison dlss technology, dlss technology alternatives, alternatives dlss technology, dlss technology which is better, which is better dlss technology, dlss technology expensive, expensive dlss technology, dlss technology discount, discount dlss technology, dlss technology deals, deals dlss technology, dlss technology sale, sale dlss technology, dlss technology affordable, affordable dlss technology, dlss technology cost, cost dlss technology, dlss technology online, online dlss technology, dlss technology offline, offline dlss technology, dlss technology marketplace, marketplace dlss technology, dlss technology store, store dlss technology, dlss technology shop, shop dlss technology, dlss technology retailer, retailer dlss technology, dlss technology where to buy, where to buy dlss technology, dlss technology worst, worst dlss technology, dlss technology quality, quality dlss technology, dlss technology original, original dlss technology, dlss technology genuine, genuine dlss technology, dlss technology fake, fake dlss technology, dlss technology replica, replica dlss technology, dlss technology authentic, authentic dlss technology, dlss technology brand, brand dlss technology, dlss technology manufacturer, manufacturer dlss technology, dlss technology company, company dlss technology, dlss technology product, product dlss technology, dlss technology huawei product, huawei product dlss technology, dlss technology sell huawei, sell huawei dlss technology, dlss technology buy huawei, buy huawei dlss technology, dlss technology cheap huawei, cheap huawei dlss technology, dlss technology best huawei, best huawei dlss technology, dlss technology huawei review, huawei review dlss technology, dlss technology where to buy huawei, where to buy huawei dlss technology, dlss technology how to choose huawei, how to choose huawei dlss technology, dlss technology top huawei, top huawei dlss technology, dlss technology huawei guide, huawei guide dlss technology, dlss technology huawei for sale, huawei for sale dlss technology, dlss technology huawei deals, huawei deals dlss technology
2026-09-12 11:41:36,788 - INFO - Expanded 220 seed keywords to 385 variations
2026-09-12 11:41:36,788 - INFO - Language: en
2026-09-12 11:41:36,788 - INFO - Region: us
2026-09-12 11:46:06,709 - INFO - 🎯 After all filtering for 'huawei': 120 relevant keywords
2026-09-12 11:46:09,043 - INFO - 🎯 Found 4 new keywords for niche 'huawei': huawei affordable dlss technology, huawei affordable long battery, cheap alternatives dlss technology, best authentic dlss technology
2026-09-12 11:46:25,464 - INFO - ✅ Niche 'huawei' process complete! 674 total keyword results.
2026-09-12 11:46:25,464 - INFO - ✅ Completed processing niche: 'huawei'
2026-09-12 11:46:25,464 - INFO - 🔧 Request Handler final stats - Success rate: 100.0%
2026-09-12 11:46:25,464 - INFO -    Total requests: 194649, Blocks: 1
2026-09-12 11:46:25,465 - INFO - 
========================================
2026-09-12 11:46:25,465 - INFO - Process Summary:
2026-09-12 11:46:25,465 - INFO - - Current niche: 'huawei'
2026-09-12 11:46:25,465 - INFO - - Next niche will be: 'xiaomi'
2026-09-12 11:46:25,466 - INFO - - Keywords saved in: languages/english/keywords/huawei/
2026-09-12 11:46:25,466 - INFO - ========================================
