2026-09-20 07:49:23,376 - INFO - Log file created at: /home/runner/work/potensitech.com/potensitech.com/languages/english/keywords/logs/kw_search_20260920_074923.log
2026-09-20 07:49:23,376 - INFO - ============================================================
2026-09-20 07:49:23,376 - INFO - AUTOMATIC KEYWORD RESEARCH TOOL
2026-09-20 07:49:23,376 - INFO - ============================================================
2026-09-20 07:49:23,775 - INFO - ========================================
2026-09-20 07:49:23,775 - INFO - Found 14 niches to process: xiaomi, iphone, samsung, apple, sony, asus, philips, sandisk, intel, nvidia, amd, canon, nikon, huawei
2026-09-20 07:49:23,775 - INFO - ========================================
2026-09-20 07:49:23,775 - INFO - Continuing from last processed niche: philips
2026-09-20 07:49:23,775 - INFO - ========================================
2026-09-20 07:49:23,775 - INFO - 🎯 PROCESSING NICHE 8/14: 'sandisk'
2026-09-20 07:49:23,775 - INFO - ========================================
2026-09-20 07:49:23,775 - INFO - 📁 Niche directory: /home/runner/work/potensitech.com/potensitech.com/languages/english/keywords/sandisk
2026-09-20 07:49:23,775 - INFO - Selected region: us
2026-09-20 07:49:23,775 - INFO - Selected language: en
2026-09-20 07:49:23,775 - INFO - 🎯 Current niche: sandisk
2026-09-20 07:49:34,503 - INFO - 🎯 Niche terms for filtering: sandisk, cheap, best, latest, review, price, sell, buy, recommendation, tips, tutorial, guide, how to, vs, versus, compared to, comparison, alternatives, which is better, expensive, discount, deals, sale, affordable, cost, online, offline, marketplace, store, shop, retailer, where to buy, worst, quality, original, genuine, fake, replica, authentic, brand, manufacturer, company, product, sandisk product, sell sandisk, buy sandisk, cheap sandisk, best sandisk, sandisk review, where to buy sandisk, how to choose sandisk, top sandisk, sandisk guide, sandisk for sale, sandisk deals
2026-09-20 07:49:34,504 - INFO - Generated 50 niche-clue pairs for 'sandisk'.
2026-09-20 07:49:34,507 - INFO - Expanded 50 seed keywords to 218 variations
2026-09-20 07:49:34,508 - INFO - 🔧 Request Handler initialized - Success rate: 100.0%
2026-09-20 07:53:56,225 - INFO - Original clue keywords: ssd storage, portable ssd
2026-09-20 07:53:56,226 - INFO - Niche-focused seeds: ssd storage sandisk, sandisk ssd storage, ssd storage cheap, cheap ssd storage, ssd storage best, best ssd storage, ssd storage latest, latest ssd storage, ssd storage review, review ssd storage, ssd storage price, price ssd storage, ssd storage sell, sell ssd storage, ssd storage buy, buy ssd storage, ssd storage recommendation, recommendation ssd storage, ssd storage tips, tips ssd storage, ssd storage tutorial, tutorial ssd storage, ssd storage guide, guide ssd storage, ssd storage how to, how to ssd storage, ssd storage vs, vs ssd storage, ssd storage versus, versus ssd storage, ssd storage compared to, compared to ssd storage, ssd storage comparison, comparison ssd storage, ssd storage alternatives, alternatives ssd storage, ssd storage which is better, which is better ssd storage, ssd storage expensive, expensive ssd storage, ssd storage discount, discount ssd storage, ssd storage deals, deals ssd storage, ssd storage sale, sale ssd storage, ssd storage affordable, affordable ssd storage, ssd storage cost, cost ssd storage, ssd storage online, online ssd storage, ssd storage offline, offline ssd storage, ssd storage marketplace, marketplace ssd storage, ssd storage store, store ssd storage, ssd storage shop, shop ssd storage, ssd storage retailer, retailer ssd storage, ssd storage where to buy, where to buy ssd storage, ssd storage worst, worst ssd storage, ssd storage quality, quality ssd storage, ssd storage original, original ssd storage, ssd storage genuine, genuine ssd storage, ssd storage fake, fake ssd storage, ssd storage replica, replica ssd storage, ssd storage authentic, authentic ssd storage, ssd storage brand, brand ssd storage, ssd storage manufacturer, manufacturer ssd storage, ssd storage company, company ssd storage, ssd storage product, product ssd storage, ssd storage sandisk product, sandisk product ssd storage, ssd storage sell sandisk, sell sandisk ssd storage, ssd storage buy sandisk, buy sandisk ssd storage, ssd storage cheap sandisk, cheap sandisk ssd storage, ssd storage best sandisk, best sandisk ssd storage, ssd storage sandisk review, sandisk review ssd storage, ssd storage where to buy sandisk, where to buy sandisk ssd storage, ssd storage how to choose sandisk, how to choose sandisk ssd storage, ssd storage top sandisk, top sandisk ssd storage, ssd storage sandisk guide, sandisk guide ssd storage, ssd storage sandisk for sale, sandisk for sale ssd storage, ssd storage sandisk deals, sandisk deals ssd storage, portable ssd sandisk, sandisk portable ssd, portable ssd cheap, cheap portable ssd, portable ssd best, best portable ssd, portable ssd latest, latest portable ssd, portable ssd review, review portable ssd, portable ssd price, price portable ssd, portable ssd sell, sell portable ssd, portable ssd buy, buy portable ssd, portable ssd recommendation, recommendation portable ssd, portable ssd tips, tips portable ssd, portable ssd tutorial, tutorial portable ssd, portable ssd guide, guide portable ssd, portable ssd how to, how to portable ssd, portable ssd vs, vs portable ssd, portable ssd versus, versus portable ssd, portable ssd compared to, compared to portable ssd, portable ssd comparison, comparison portable ssd, portable ssd alternatives, alternatives portable ssd, portable ssd which is better, which is better portable ssd, portable ssd expensive, expensive portable ssd, portable ssd discount, discount portable ssd, portable ssd deals, deals portable ssd, portable ssd sale, sale portable ssd, portable ssd affordable, affordable portable ssd, portable ssd cost, cost portable ssd, portable ssd online, online portable ssd, portable ssd offline, offline portable ssd, portable ssd marketplace, marketplace portable ssd, portable ssd store, store portable ssd, portable ssd shop, shop portable ssd, portable ssd retailer, retailer portable ssd, portable ssd where to buy, where to buy portable ssd, portable ssd worst, worst portable ssd, portable ssd quality, quality portable ssd, portable ssd original, original portable ssd, portable ssd genuine, genuine portable ssd, portable ssd fake, fake portable ssd, portable ssd replica, replica portable ssd, portable ssd authentic, authentic portable ssd, portable ssd brand, brand portable ssd, portable ssd manufacturer, manufacturer portable ssd, portable ssd company, company portable ssd, portable ssd product, product portable ssd, portable ssd sandisk product, sandisk product portable ssd, portable ssd sell sandisk, sell sandisk portable ssd, portable ssd buy sandisk, buy sandisk portable ssd, portable ssd cheap sandisk, cheap sandisk portable ssd, portable ssd best sandisk, best sandisk portable ssd, portable ssd sandisk review, sandisk review portable ssd, portable ssd where to buy sandisk, where to buy sandisk portable ssd, portable ssd how to choose sandisk, how to choose sandisk portable ssd, portable ssd top sandisk, top sandisk portable ssd, portable ssd sandisk guide, sandisk guide portable ssd, portable ssd sandisk for sale, sandisk for sale portable ssd, portable ssd sandisk deals, sandisk deals portable ssd
2026-09-20 07:53:56,229 - INFO - Expanded 220 seed keywords to 385 variations
2026-09-20 07:53:56,229 - INFO - Language: en
2026-09-20 07:53:56,229 - INFO - Region: us
2026-09-20 07:54:33,921 - INFO - 🎯 After all filtering for 'sandisk': 120 relevant keywords
2026-09-20 07:54:34,046 - INFO - 🎯 Found 2 new keywords for niche 'sandisk': sandisk affordable portable ssd, sandisk alternatives ssd storage
2026-09-20 07:54:50,038 - INFO - ✅ Niche 'sandisk' process complete! 857 total keyword results.
2026-09-20 07:54:50,038 - INFO - ✅ Completed processing niche: 'sandisk'
2026-09-20 07:54:50,038 - INFO - 🔧 Request Handler final stats - Success rate: 100.0%
2026-09-20 07:54:50,038 - INFO -    Total requests: 201402, Blocks: 1
2026-09-20 07:54:50,039 - INFO - 
========================================
2026-09-20 07:54:50,039 - INFO - Process Summary:
2026-09-20 07:54:50,039 - INFO - - Current niche: 'sandisk'
2026-09-20 07:54:50,039 - INFO - - Next niche will be: 'intel'
2026-09-20 07:54:50,040 - INFO - - Keywords saved in: languages/english/keywords/sandisk/
2026-09-20 07:54:50,040 - INFO - ========================================
