2026-08-14 04:26:03,124 - INFO - Log file created at: /home/runner/work/potensitech.com/potensitech.com/languages/english/keywords/logs/kw_search_20260814_042603.log
2026-08-14 04:26:03,124 - INFO - ============================================================
2026-08-14 04:26:03,125 - INFO - AUTOMATIC KEYWORD RESEARCH TOOL
2026-08-14 04:26:03,125 - INFO - ============================================================
2026-08-14 04:26:03,394 - INFO - ========================================
2026-08-14 04:26:03,394 - INFO - Found 14 niches to process: xiaomi, iphone, samsung, apple, sony, asus, philips, sandisk, intel, nvidia, amd, canon, nikon, huawei
2026-08-14 04:26:03,394 - INFO - ========================================
2026-08-14 04:26:03,394 - INFO - Continuing from last processed niche: iphone
2026-08-14 04:26:03,394 - INFO - ========================================
2026-08-14 04:26:03,394 - INFO - 🎯 PROCESSING NICHE 3/14: 'samsung'
2026-08-14 04:26:03,394 - INFO - ========================================
2026-08-14 04:26:03,395 - INFO - 📁 Niche directory: /home/runner/work/potensitech.com/potensitech.com/languages/english/keywords/samsung
2026-08-14 04:26:03,395 - INFO - Selected region: us
2026-08-14 04:26:03,395 - INFO - Selected language: en
2026-08-14 04:26:03,395 - INFO - 🎯 Current niche: samsung
2026-08-14 04:26:04,079 - INFO - 🎯 Niche terms for filtering: samsung, cheap, best, latest, review, price, sell, buy, recommendation, tips, tutorial, guide, how to, vs, versus, compared to, comparison, alternatives, which is better, expensive, discount, deals, sale, affordable, cost, online, offline, marketplace, store, shop, retailer, where to buy, worst, quality, original, genuine, fake, replica, authentic, brand, manufacturer, company, product, samsung product, sell samsung, buy samsung, cheap samsung, best samsung, samsung review, where to buy samsung, how to choose samsung, top samsung, samsung guide, samsung for sale, samsung deals
2026-08-14 04:26:04,079 - INFO - Generated 50 niche-clue pairs for 'samsung'.
2026-08-14 04:26:04,082 - INFO - Expanded 50 seed keywords to 218 variations
2026-08-14 04:26:04,083 - INFO - 🔧 Request Handler initialized - Success rate: 100.0%
2026-08-14 04:30:30,457 - INFO - Original clue keywords: core efficiency, chip architecture
2026-08-14 04:30:30,457 - INFO - Niche-focused seeds: core efficiency samsung, samsung core efficiency, core efficiency cheap, cheap core efficiency, core efficiency best, best core efficiency, core efficiency latest, latest core efficiency, core efficiency review, review core efficiency, core efficiency price, price core efficiency, core efficiency sell, sell core efficiency, core efficiency buy, buy core efficiency, core efficiency recommendation, recommendation core efficiency, core efficiency tips, tips core efficiency, core efficiency tutorial, tutorial core efficiency, core efficiency guide, guide core efficiency, core efficiency how to, how to core efficiency, core efficiency vs, vs core efficiency, core efficiency versus, versus core efficiency, core efficiency compared to, compared to core efficiency, core efficiency comparison, comparison core efficiency, core efficiency alternatives, alternatives core efficiency, core efficiency which is better, which is better core efficiency, core efficiency expensive, expensive core efficiency, core efficiency discount, discount core efficiency, core efficiency deals, deals core efficiency, core efficiency sale, sale core efficiency, core efficiency affordable, affordable core efficiency, core efficiency cost, cost core efficiency, core efficiency online, online core efficiency, core efficiency offline, offline core efficiency, core efficiency marketplace, marketplace core efficiency, core efficiency store, store core efficiency, core efficiency shop, shop core efficiency, core efficiency retailer, retailer core efficiency, core efficiency where to buy, where to buy core efficiency, core efficiency worst, worst core efficiency, core efficiency quality, quality core efficiency, core efficiency original, original core efficiency, core efficiency genuine, genuine core efficiency, core efficiency fake, fake core efficiency, core efficiency replica, replica core efficiency, core efficiency authentic, authentic core efficiency, core efficiency brand, brand core efficiency, core efficiency manufacturer, manufacturer core efficiency, core efficiency company, company core efficiency, core efficiency product, product core efficiency, core efficiency samsung product, samsung product core efficiency, core efficiency sell samsung, sell samsung core efficiency, core efficiency buy samsung, buy samsung core efficiency, core efficiency cheap samsung, cheap samsung core efficiency, core efficiency best samsung, best samsung core efficiency, core efficiency samsung review, samsung review core efficiency, core efficiency where to buy samsung, where to buy samsung core efficiency, core efficiency how to choose samsung, how to choose samsung core efficiency, core efficiency top samsung, top samsung core efficiency, core efficiency samsung guide, samsung guide core efficiency, core efficiency samsung for sale, samsung for sale core efficiency, core efficiency samsung deals, samsung deals core efficiency, chip architecture samsung, samsung chip architecture, chip architecture cheap, cheap chip architecture, chip architecture best, best chip architecture, chip architecture latest, latest chip architecture, chip architecture review, review chip architecture, chip architecture price, price chip architecture, chip architecture sell, sell chip architecture, chip architecture buy, buy chip architecture, chip architecture recommendation, recommendation chip architecture, chip architecture tips, tips chip architecture, chip architecture tutorial, tutorial chip architecture, chip architecture guide, guide chip architecture, chip architecture how to, how to chip architecture, chip architecture vs, vs chip architecture, chip architecture versus, versus chip architecture, chip architecture compared to, compared to chip architecture, chip architecture comparison, comparison chip architecture, chip architecture alternatives, alternatives chip architecture, chip architecture which is better, which is better chip architecture, chip architecture expensive, expensive chip architecture, chip architecture discount, discount chip architecture, chip architecture deals, deals chip architecture, chip architecture sale, sale chip architecture, chip architecture affordable, affordable chip architecture, chip architecture cost, cost chip architecture, chip architecture online, online chip architecture, chip architecture offline, offline chip architecture, chip architecture marketplace, marketplace chip architecture, chip architecture store, store chip architecture, chip architecture shop, shop chip architecture, chip architecture retailer, retailer chip architecture, chip architecture where to buy, where to buy chip architecture, chip architecture worst, worst chip architecture, chip architecture quality, quality chip architecture, chip architecture original, original chip architecture, chip architecture genuine, genuine chip architecture, chip architecture fake, fake chip architecture, chip architecture replica, replica chip architecture, chip architecture authentic, authentic chip architecture, chip architecture brand, brand chip architecture, chip architecture manufacturer, manufacturer chip architecture, chip architecture company, company chip architecture, chip architecture product, product chip architecture, chip architecture samsung product, samsung product chip architecture, chip architecture sell samsung, sell samsung chip architecture, chip architecture buy samsung, buy samsung chip architecture, chip architecture cheap samsung, cheap samsung chip architecture, chip architecture best samsung, best samsung chip architecture, chip architecture samsung review, samsung review chip architecture, chip architecture where to buy samsung, where to buy samsung chip architecture, chip architecture how to choose samsung, how to choose samsung chip architecture, chip architecture top samsung, top samsung chip architecture, chip architecture samsung guide, samsung guide chip architecture, chip architecture samsung for sale, samsung for sale chip architecture, chip architecture samsung deals, samsung deals chip architecture
2026-08-14 04:30:30,461 - INFO - Expanded 220 seed keywords to 385 variations
2026-08-14 04:30:30,461 - INFO - Language: en
2026-08-14 04:30:30,461 - INFO - Region: us
2026-08-14 04:32:58,284 - INFO - 🎯 After all filtering for 'samsung': 120 relevant keywords
2026-08-14 04:32:59,753 - INFO - 🎯 Found 5 new keywords for niche 'samsung': samsung affordable chip architecture, samsung affordable core efficiency, cheap alternatives chip architecture, best authentic chip architecture, how to brand chip architecture
2026-08-14 04:33:00,207 - INFO - ✅ Niche 'samsung' process complete! 608 total keyword results.
2026-08-14 04:33:00,207 - INFO - ✅ Completed processing niche: 'samsung'
2026-08-14 04:33:00,207 - INFO - 🔧 Request Handler final stats - Success rate: 100.0%
2026-08-14 04:33:00,207 - INFO -    Total requests: 171047, Blocks: 1
2026-08-14 04:33:00,208 - INFO - 
========================================
2026-08-14 04:33:00,208 - INFO - Process Summary:
2026-08-14 04:33:00,208 - INFO - - Current niche: 'samsung'
2026-08-14 04:33:00,208 - INFO - - Next niche will be: 'apple'
2026-08-14 04:33:00,208 - INFO - - Keywords saved in: languages/english/keywords/samsung/
2026-08-14 04:33:00,208 - INFO - ========================================
