2026-08-11 08:15:21,913 - INFO - Log file created at: /home/runner/work/potensitech.com/potensitech.com/languages/english/keywords/logs/kw_search_20260811_081521.log
2026-08-11 08:15:21,913 - INFO - ============================================================
2026-08-11 08:15:21,913 - INFO - AUTOMATIC KEYWORD RESEARCH TOOL
2026-08-11 08:15:21,913 - INFO - ============================================================
2026-08-11 08:15:22,164 - INFO - ========================================
2026-08-11 08:15:22,164 - INFO - Found 14 niches to process: xiaomi, iphone, samsung, apple, sony, asus, philips, sandisk, intel, nvidia, amd, canon, nikon, huawei
2026-08-11 08:15:22,164 - INFO - ========================================
2026-08-11 08:15:22,164 - INFO - Continuing from last processed niche: iphone
2026-08-11 08:15:22,165 - INFO - ========================================
2026-08-11 08:15:22,165 - INFO - 🎯 PROCESSING NICHE 3/14: 'samsung'
2026-08-11 08:15:22,165 - INFO - ========================================
2026-08-11 08:15:22,165 - INFO - 📁 Niche directory: /home/runner/work/potensitech.com/potensitech.com/languages/english/keywords/samsung
2026-08-11 08:15:22,165 - INFO - Selected region: us
2026-08-11 08:15:22,165 - INFO - Selected language: en
2026-08-11 08:15:22,165 - INFO - 🎯 Current niche: samsung
2026-08-11 08:15:22,882 - INFO - 🎯 Niche terms for filtering: samsung, cheap, best, latest, review, price, sell, buy, recommendation, tips, tutorial, guide, how to, vs, versus, compared to, comparison, alternatives, which is better, expensive, discount, deals, sale, affordable, cost, online, offline, marketplace, store, shop, retailer, where to buy, worst, quality, original, genuine, fake, replica, authentic, brand, manufacturer, company, product, samsung product, sell samsung, buy samsung, cheap samsung, best samsung, samsung review, where to buy samsung, how to choose samsung, top samsung, samsung guide, samsung for sale, samsung deals
2026-08-11 08:15:22,882 - INFO - Generated 50 niche-clue pairs for 'samsung'.
2026-08-11 08:15:22,886 - INFO - Expanded 50 seed keywords to 218 variations
2026-08-11 08:15:22,886 - INFO - 🔧 Request Handler initialized - Success rate: 100.0%
2026-08-11 08:19:49,299 - INFO - Original clue keywords: mobile display, full-frame sensor
2026-08-11 08:19:49,299 - INFO - Niche-focused seeds: mobile display samsung, samsung mobile display, mobile display cheap, cheap mobile display, mobile display best, best mobile display, mobile display latest, latest mobile display, mobile display review, review mobile display, mobile display price, price mobile display, mobile display sell, sell mobile display, mobile display buy, buy mobile display, mobile display recommendation, recommendation mobile display, mobile display tips, tips mobile display, mobile display tutorial, tutorial mobile display, mobile display guide, guide mobile display, mobile display how to, how to mobile display, mobile display vs, vs mobile display, mobile display versus, versus mobile display, mobile display compared to, compared to mobile display, mobile display comparison, comparison mobile display, mobile display alternatives, alternatives mobile display, mobile display which is better, which is better mobile display, mobile display expensive, expensive mobile display, mobile display discount, discount mobile display, mobile display deals, deals mobile display, mobile display sale, sale mobile display, mobile display affordable, affordable mobile display, mobile display cost, cost mobile display, mobile display online, online mobile display, mobile display offline, offline mobile display, mobile display marketplace, marketplace mobile display, mobile display store, store mobile display, mobile display shop, shop mobile display, mobile display retailer, retailer mobile display, mobile display where to buy, where to buy mobile display, mobile display worst, worst mobile display, mobile display quality, quality mobile display, mobile display original, original mobile display, mobile display genuine, genuine mobile display, mobile display fake, fake mobile display, mobile display replica, replica mobile display, mobile display authentic, authentic mobile display, mobile display brand, brand mobile display, mobile display manufacturer, manufacturer mobile display, mobile display company, company mobile display, mobile display product, product mobile display, mobile display samsung product, samsung product mobile display, mobile display sell samsung, sell samsung mobile display, mobile display buy samsung, buy samsung mobile display, mobile display cheap samsung, cheap samsung mobile display, mobile display best samsung, best samsung mobile display, mobile display samsung review, samsung review mobile display, mobile display where to buy samsung, where to buy samsung mobile display, mobile display how to choose samsung, how to choose samsung mobile display, mobile display top samsung, top samsung mobile display, mobile display samsung guide, samsung guide mobile display, mobile display samsung for sale, samsung for sale mobile display, mobile display samsung deals, samsung deals mobile display, full-frame sensor samsung, samsung full-frame sensor, full-frame sensor cheap, cheap full-frame sensor, full-frame sensor best, best full-frame sensor, full-frame sensor latest, latest full-frame sensor, full-frame sensor review, review full-frame sensor, full-frame sensor price, price full-frame sensor, full-frame sensor sell, sell full-frame sensor, full-frame sensor buy, buy full-frame sensor, full-frame sensor recommendation, recommendation full-frame sensor, full-frame sensor tips, tips full-frame sensor, full-frame sensor tutorial, tutorial full-frame sensor, full-frame sensor guide, guide full-frame sensor, full-frame sensor how to, how to full-frame sensor, full-frame sensor vs, vs full-frame sensor, full-frame sensor versus, versus full-frame sensor, full-frame sensor compared to, compared to full-frame sensor, full-frame sensor comparison, comparison full-frame sensor, full-frame sensor alternatives, alternatives full-frame sensor, full-frame sensor which is better, which is better full-frame sensor, full-frame sensor expensive, expensive full-frame sensor, full-frame sensor discount, discount full-frame sensor, full-frame sensor deals, deals full-frame sensor, full-frame sensor sale, sale full-frame sensor, full-frame sensor affordable, affordable full-frame sensor, full-frame sensor cost, cost full-frame sensor, full-frame sensor online, online full-frame sensor, full-frame sensor offline, offline full-frame sensor, full-frame sensor marketplace, marketplace full-frame sensor, full-frame sensor store, store full-frame sensor, full-frame sensor shop, shop full-frame sensor, full-frame sensor retailer, retailer full-frame sensor, full-frame sensor where to buy, where to buy full-frame sensor, full-frame sensor worst, worst full-frame sensor, full-frame sensor quality, quality full-frame sensor, full-frame sensor original, original full-frame sensor, full-frame sensor genuine, genuine full-frame sensor, full-frame sensor fake, fake full-frame sensor, full-frame sensor replica, replica full-frame sensor, full-frame sensor authentic, authentic full-frame sensor, full-frame sensor brand, brand full-frame sensor, full-frame sensor manufacturer, manufacturer full-frame sensor, full-frame sensor company, company full-frame sensor, full-frame sensor product, product full-frame sensor, full-frame sensor samsung product, samsung product full-frame sensor, full-frame sensor sell samsung, sell samsung full-frame sensor, full-frame sensor buy samsung, buy samsung full-frame sensor, full-frame sensor cheap samsung, cheap samsung full-frame sensor, full-frame sensor best samsung, best samsung full-frame sensor, full-frame sensor samsung review, samsung review full-frame sensor, full-frame sensor where to buy samsung, where to buy samsung full-frame sensor, full-frame sensor how to choose samsung, how to choose samsung full-frame sensor, full-frame sensor top samsung, top samsung full-frame sensor, full-frame sensor samsung guide, samsung guide full-frame sensor, full-frame sensor samsung for sale, samsung for sale full-frame sensor, full-frame sensor samsung deals, samsung deals full-frame sensor
2026-08-11 08:19:49,303 - INFO - Expanded 220 seed keywords to 385 variations
2026-08-11 08:19:49,303 - INFO - Language: en
2026-08-11 08:19:49,303 - INFO - Region: us
2026-08-11 08:24:19,308 - INFO - 🎯 After all filtering for 'samsung': 120 relevant keywords
2026-08-11 08:24:20,461 - INFO - 🎯 Found 5 new keywords for niche 'samsung': samsung affordable full-frame sensor, samsung affordable mobile display, cheap alternatives full-frame sensor, cheap alternatives mobile display, best authentic full-frame sensor
2026-08-11 08:24:20,994 - INFO - ✅ Niche 'samsung' process complete! 604 total keyword results.
2026-08-11 08:24:20,994 - INFO - ✅ Completed processing niche: 'samsung'
2026-08-11 08:24:20,994 - INFO - 🔧 Request Handler final stats - Success rate: 100.0%
2026-08-11 08:24:20,995 - INFO -    Total requests: 169089, Blocks: 1
2026-08-11 08:24:20,995 - INFO - 
========================================
2026-08-11 08:24:20,996 - INFO - Process Summary:
2026-08-11 08:24:20,996 - INFO - - Current niche: 'samsung'
2026-08-11 08:24:20,996 - INFO - - Next niche will be: 'apple'
2026-08-11 08:24:20,996 - INFO - - Keywords saved in: languages/english/keywords/samsung/
2026-08-11 08:24:20,996 - INFO - ========================================
