2026-08-18 07:53:57,630 - INFO - Log file created at: /home/runner/work/potensitech.com/potensitech.com/languages/english/keywords/logs/kw_search_20260818_075357.log
2026-08-18 07:53:57,630 - INFO - ============================================================
2026-08-18 07:53:57,630 - INFO - AUTOMATIC KEYWORD RESEARCH TOOL
2026-08-18 07:53:57,630 - INFO - ============================================================
2026-08-18 07:53:57,929 - INFO - ========================================
2026-08-18 07:53:57,929 - INFO - Found 14 niches to process: xiaomi, iphone, samsung, apple, sony, asus, philips, sandisk, intel, nvidia, amd, canon, nikon, huawei
2026-08-18 07:53:57,929 - INFO - ========================================
2026-08-18 07:53:57,929 - INFO - Continuing from last processed niche: iphone
2026-08-18 07:53:57,929 - INFO - ========================================
2026-08-18 07:53:57,929 - INFO - 🎯 PROCESSING NICHE 3/14: 'samsung'
2026-08-18 07:53:57,929 - INFO - ========================================
2026-08-18 07:53:57,930 - INFO - 📁 Niche directory: /home/runner/work/potensitech.com/potensitech.com/languages/english/keywords/samsung
2026-08-18 07:53:57,930 - INFO - Selected region: us
2026-08-18 07:53:57,930 - INFO - Selected language: en
2026-08-18 07:53:57,930 - INFO - 🎯 Current niche: samsung
2026-08-18 07:53:58,662 - INFO - 🎯 Niche terms for filtering: samsung, cheap, best, latest, review, price, sell, buy, recommendation, tips, tutorial, guide, how to, vs, versus, compared to, comparison, alternatives, which is better, expensive, discount, deals, sale, affordable, cost, online, offline, marketplace, store, shop, retailer, where to buy, worst, quality, original, genuine, fake, replica, authentic, brand, manufacturer, company, product, samsung product, sell samsung, buy samsung, cheap samsung, best samsung, samsung review, where to buy samsung, how to choose samsung, top samsung, samsung guide, samsung for sale, samsung deals
2026-08-18 07:53:58,663 - INFO - Generated 50 niche-clue pairs for 'samsung'.
2026-08-18 07:53:58,666 - INFO - Expanded 50 seed keywords to 218 variations
2026-08-18 07:53:58,675 - INFO - 🔧 Request Handler initialized - Success rate: 100.0%
2026-08-18 07:58:23,420 - INFO - Original clue keywords: flagship phone, amoled display
2026-08-18 07:58:23,421 - INFO - Niche-focused seeds: flagship phone samsung, samsung flagship phone, flagship phone cheap, cheap flagship phone, flagship phone best, best flagship phone, flagship phone latest, latest flagship phone, flagship phone review, review flagship phone, flagship phone price, price flagship phone, flagship phone sell, sell flagship phone, flagship phone buy, buy flagship phone, flagship phone recommendation, recommendation flagship phone, flagship phone tips, tips flagship phone, flagship phone tutorial, tutorial flagship phone, flagship phone guide, guide flagship phone, flagship phone how to, how to flagship phone, flagship phone vs, vs flagship phone, flagship phone versus, versus flagship phone, flagship phone compared to, compared to flagship phone, flagship phone comparison, comparison flagship phone, flagship phone alternatives, alternatives flagship phone, flagship phone which is better, which is better flagship phone, flagship phone expensive, expensive flagship phone, flagship phone discount, discount flagship phone, flagship phone deals, deals flagship phone, flagship phone sale, sale flagship phone, flagship phone affordable, affordable flagship phone, flagship phone cost, cost flagship phone, flagship phone online, online flagship phone, flagship phone offline, offline flagship phone, flagship phone marketplace, marketplace flagship phone, flagship phone store, store flagship phone, flagship phone shop, shop flagship phone, flagship phone retailer, retailer flagship phone, flagship phone where to buy, where to buy flagship phone, flagship phone worst, worst flagship phone, flagship phone quality, quality flagship phone, flagship phone original, original flagship phone, flagship phone genuine, genuine flagship phone, flagship phone fake, fake flagship phone, flagship phone replica, replica flagship phone, flagship phone authentic, authentic flagship phone, flagship phone brand, brand flagship phone, flagship phone manufacturer, manufacturer flagship phone, flagship phone company, company flagship phone, flagship phone product, product flagship phone, flagship phone samsung product, samsung product flagship phone, flagship phone sell samsung, sell samsung flagship phone, flagship phone buy samsung, buy samsung flagship phone, flagship phone cheap samsung, cheap samsung flagship phone, flagship phone best samsung, best samsung flagship phone, flagship phone samsung review, samsung review flagship phone, flagship phone where to buy samsung, where to buy samsung flagship phone, flagship phone how to choose samsung, how to choose samsung flagship phone, flagship phone top samsung, top samsung flagship phone, flagship phone samsung guide, samsung guide flagship phone, flagship phone samsung for sale, samsung for sale flagship phone, flagship phone samsung deals, samsung deals flagship phone, amoled display samsung, samsung amoled display, amoled display cheap, cheap amoled display, amoled display best, best amoled display, amoled display latest, latest amoled display, amoled display review, review amoled display, amoled display price, price amoled display, amoled display sell, sell amoled display, amoled display buy, buy amoled display, amoled display recommendation, recommendation amoled display, amoled display tips, tips amoled display, amoled display tutorial, tutorial amoled display, amoled display guide, guide amoled display, amoled display how to, how to amoled display, amoled display vs, vs amoled display, amoled display versus, versus amoled display, amoled display compared to, compared to amoled display, amoled display comparison, comparison amoled display, amoled display alternatives, alternatives amoled display, amoled display which is better, which is better amoled display, amoled display expensive, expensive amoled display, amoled display discount, discount amoled display, amoled display deals, deals amoled display, amoled display sale, sale amoled display, amoled display affordable, affordable amoled display, amoled display cost, cost amoled display, amoled display online, online amoled display, amoled display offline, offline amoled display, amoled display marketplace, marketplace amoled display, amoled display store, store amoled display, amoled display shop, shop amoled display, amoled display retailer, retailer amoled display, amoled display where to buy, where to buy amoled display, amoled display worst, worst amoled display, amoled display quality, quality amoled display, amoled display original, original amoled display, amoled display genuine, genuine amoled display, amoled display fake, fake amoled display, amoled display replica, replica amoled display, amoled display authentic, authentic amoled display, amoled display brand, brand amoled display, amoled display manufacturer, manufacturer amoled display, amoled display company, company amoled display, amoled display product, product amoled display, amoled display samsung product, samsung product amoled display, amoled display sell samsung, sell samsung amoled display, amoled display buy samsung, buy samsung amoled display, amoled display cheap samsung, cheap samsung amoled display, amoled display best samsung, best samsung amoled display, amoled display samsung review, samsung review amoled display, amoled display where to buy samsung, where to buy samsung amoled display, amoled display how to choose samsung, how to choose samsung amoled display, amoled display top samsung, top samsung amoled display, amoled display samsung guide, samsung guide amoled display, amoled display samsung for sale, samsung for sale amoled display, amoled display samsung deals, samsung deals amoled display
2026-08-18 07:58:23,424 - INFO - Expanded 220 seed keywords to 385 variations
2026-08-18 07:58:23,424 - INFO - Language: en
2026-08-18 07:58:23,424 - INFO - Region: us
2026-08-18 08:02:55,172 - INFO - 🎯 After all filtering for 'samsung': 120 relevant keywords
2026-08-18 08:02:56,775 - INFO - 🎯 Found 5 new keywords for niche 'samsung': samsung affordable amoled display, samsung affordable flagship phone, cheap alternatives amoled display, cheap alternatives flagship phone, best amoled display authentic
2026-08-18 08:02:57,257 - INFO - ✅ Niche 'samsung' process complete! 614 total keyword results.
2026-08-18 08:02:57,257 - INFO - ✅ Completed processing niche: 'samsung'
2026-08-18 08:02:57,257 - INFO - 🔧 Request Handler final stats - Success rate: 100.0%
2026-08-18 08:02:57,257 - INFO -    Total requests: 174552, Blocks: 1
2026-08-18 08:02:57,259 - INFO - 
========================================
2026-08-18 08:02:57,259 - INFO - Process Summary:
2026-08-18 08:02:57,259 - INFO - - Current niche: 'samsung'
2026-08-18 08:02:57,259 - INFO - - Next niche will be: 'apple'
2026-08-18 08:02:57,259 - INFO - - Keywords saved in: languages/english/keywords/samsung/
2026-08-18 08:02:57,259 - INFO - ========================================
