2026-08-03 20:38:51,029 - INFO - Log file created at: /home/runner/work/potensitech.com/potensitech.com/languages/english/keywords/logs/kw_search_20260803_203851.log
2026-08-03 20:38:51,029 - INFO - ============================================================
2026-08-03 20:38:51,029 - INFO - AUTOMATIC KEYWORD RESEARCH TOOL
2026-08-03 20:38:51,029 - INFO - ============================================================
2026-08-03 20:38:51,300 - INFO - ========================================
2026-08-03 20:38:51,300 - INFO - Found 14 niches to process: xiaomi, iphone, samsung, apple, sony, asus, philips, sandisk, intel, nvidia, amd, canon, nikon, huawei
2026-08-03 20:38:51,300 - INFO - ========================================
2026-08-03 20:38:51,300 - INFO - Continuing from last processed niche: nikon
2026-08-03 20:38:51,300 - INFO - ========================================
2026-08-03 20:38:51,300 - INFO - 🎯 PROCESSING NICHE 14/14: 'huawei'
2026-08-03 20:38:51,300 - INFO - ========================================
2026-08-03 20:38:51,300 - INFO - 📁 Niche directory: /home/runner/work/potensitech.com/potensitech.com/languages/english/keywords/huawei
2026-08-03 20:38:51,300 - INFO - Selected region: us
2026-08-03 20:38:51,301 - INFO - Selected language: en
2026-08-03 20:38:51,301 - INFO - 🎯 Current niche: huawei
2026-08-03 20:38:52,635 - INFO - 🎯 Niche terms for filtering: huawei, cheap, best, latest, review, price, sell, buy, recommendation, tips, tutorial, guide, how to, vs, versus, compared to, comparison, alternatives, which is better, expensive, discount, deals, sale, affordable, cost, online, offline, marketplace, store, shop, retailer, where to buy, worst, quality, original, genuine, fake, replica, authentic, brand, manufacturer, company, product, huawei product, sell huawei, buy huawei, cheap huawei, best huawei, huawei review, where to buy huawei, how to choose huawei, top huawei, huawei guide, huawei for sale, huawei deals
2026-08-03 20:38:52,636 - INFO - Generated 50 niche-clue pairs for 'huawei'.
2026-08-03 20:38:52,639 - INFO - Expanded 50 seed keywords to 218 variations
2026-08-03 20:38:52,639 - INFO - 🔧 Request Handler initialized - Success rate: 100.0%
2026-08-03 20:43:16,675 - INFO - Original clue keywords: core architecture, thermal efficiency
2026-08-03 20:43:16,675 - INFO - Niche-focused seeds: core architecture huawei, huawei core architecture, core architecture cheap, cheap core architecture, core architecture best, best core architecture, core architecture latest, latest core architecture, core architecture review, review core architecture, core architecture price, price core architecture, core architecture sell, sell core architecture, core architecture buy, buy core architecture, core architecture recommendation, recommendation core architecture, core architecture tips, tips core architecture, core architecture tutorial, tutorial core architecture, core architecture guide, guide core architecture, core architecture how to, how to core architecture, core architecture vs, vs core architecture, core architecture versus, versus core architecture, core architecture compared to, compared to core architecture, core architecture comparison, comparison core architecture, core architecture alternatives, alternatives core architecture, core architecture which is better, which is better core architecture, core architecture expensive, expensive core architecture, core architecture discount, discount core architecture, core architecture deals, deals core architecture, core architecture sale, sale core architecture, core architecture affordable, affordable core architecture, core architecture cost, cost core architecture, core architecture online, online core architecture, core architecture offline, offline core architecture, core architecture marketplace, marketplace core architecture, core architecture store, store core architecture, core architecture shop, shop core architecture, core architecture retailer, retailer core architecture, core architecture where to buy, where to buy core architecture, core architecture worst, worst core architecture, core architecture quality, quality core architecture, core architecture original, original core architecture, core architecture genuine, genuine core architecture, core architecture fake, fake core architecture, core architecture replica, replica core architecture, core architecture authentic, authentic core architecture, core architecture brand, brand core architecture, core architecture manufacturer, manufacturer core architecture, core architecture company, company core architecture, core architecture product, product core architecture, core architecture huawei product, huawei product core architecture, core architecture sell huawei, sell huawei core architecture, core architecture buy huawei, buy huawei core architecture, core architecture cheap huawei, cheap huawei core architecture, core architecture best huawei, best huawei core architecture, core architecture huawei review, huawei review core architecture, core architecture where to buy huawei, where to buy huawei core architecture, core architecture how to choose huawei, how to choose huawei core architecture, core architecture top huawei, top huawei core architecture, core architecture huawei guide, huawei guide core architecture, core architecture huawei for sale, huawei for sale core architecture, core architecture huawei deals, huawei deals core architecture, thermal efficiency huawei, huawei thermal efficiency, thermal efficiency cheap, cheap thermal efficiency, thermal efficiency best, best thermal efficiency, thermal efficiency latest, latest thermal efficiency, thermal efficiency review, review thermal efficiency, thermal efficiency price, price thermal efficiency, thermal efficiency sell, sell thermal efficiency, thermal efficiency buy, buy thermal efficiency, thermal efficiency recommendation, recommendation thermal efficiency, thermal efficiency tips, tips thermal efficiency, thermal efficiency tutorial, tutorial thermal efficiency, thermal efficiency guide, guide thermal efficiency, thermal efficiency how to, how to thermal efficiency, thermal efficiency vs, vs thermal efficiency, thermal efficiency versus, versus thermal efficiency, thermal efficiency compared to, compared to thermal efficiency, thermal efficiency comparison, comparison thermal efficiency, thermal efficiency alternatives, alternatives thermal efficiency, thermal efficiency which is better, which is better thermal efficiency, thermal efficiency expensive, expensive thermal efficiency, thermal efficiency discount, discount thermal efficiency, thermal efficiency deals, deals thermal efficiency, thermal efficiency sale, sale thermal efficiency, thermal efficiency affordable, affordable thermal efficiency, thermal efficiency cost, cost thermal efficiency, thermal efficiency online, online thermal efficiency, thermal efficiency offline, offline thermal efficiency, thermal efficiency marketplace, marketplace thermal efficiency, thermal efficiency store, store thermal efficiency, thermal efficiency shop, shop thermal efficiency, thermal efficiency retailer, retailer thermal efficiency, thermal efficiency where to buy, where to buy thermal efficiency, thermal efficiency worst, worst thermal efficiency, thermal efficiency quality, quality thermal efficiency, thermal efficiency original, original thermal efficiency, thermal efficiency genuine, genuine thermal efficiency, thermal efficiency fake, fake thermal efficiency, thermal efficiency replica, replica thermal efficiency, thermal efficiency authentic, authentic thermal efficiency, thermal efficiency brand, brand thermal efficiency, thermal efficiency manufacturer, manufacturer thermal efficiency, thermal efficiency company, company thermal efficiency, thermal efficiency product, product thermal efficiency, thermal efficiency huawei product, huawei product thermal efficiency, thermal efficiency sell huawei, sell huawei thermal efficiency, thermal efficiency buy huawei, buy huawei thermal efficiency, thermal efficiency cheap huawei, cheap huawei thermal efficiency, thermal efficiency best huawei, best huawei thermal efficiency, thermal efficiency huawei review, huawei review thermal efficiency, thermal efficiency where to buy huawei, where to buy huawei thermal efficiency, thermal efficiency how to choose huawei, how to choose huawei thermal efficiency, thermal efficiency top huawei, top huawei thermal efficiency, thermal efficiency huawei guide, huawei guide thermal efficiency, thermal efficiency huawei for sale, huawei for sale thermal efficiency, thermal efficiency huawei deals, huawei deals thermal efficiency
2026-08-03 20:43:16,679 - INFO - Expanded 220 seed keywords to 385 variations
2026-08-03 20:43:16,679 - INFO - Language: en
2026-08-03 20:43:16,679 - INFO - Region: us
2026-08-03 20:47:46,723 - INFO - 🎯 After all filtering for 'huawei': 120 relevant keywords
2026-08-03 20:47:48,025 - INFO - 🎯 Found 5 new keywords for niche 'huawei': huawei affordable core architecture, huawei affordable thermal efficiency, cheap alternatives core architecture, cheap alternatives thermal efficiency, best authentic core architecture
2026-08-03 20:47:48,907 - INFO - ✅ Niche 'huawei' process complete! 622 total keyword results.
2026-08-03 20:47:48,907 - INFO - ✅ Completed processing niche: 'huawei'
2026-08-03 20:47:48,907 - INFO - 🔧 Request Handler final stats - Success rate: 100.0%
2026-08-03 20:47:48,907 - INFO -    Total requests: 163728, Blocks: 1
2026-08-03 20:47:48,908 - INFO - 
========================================
2026-08-03 20:47:48,909 - INFO - Process Summary:
2026-08-03 20:47:48,909 - INFO - - Current niche: 'huawei'
2026-08-03 20:47:48,909 - INFO - - Next niche will be: 'xiaomi'
2026-08-03 20:47:48,909 - INFO - - Keywords saved in: languages/english/keywords/huawei/
2026-08-03 20:47:48,909 - INFO - ========================================
