2026-08-09 03:56:12,390 - INFO - Log file created at: /home/runner/work/potensitech.com/potensitech.com/languages/english/keywords/logs/kw_search_20260809_035612.log
2026-08-09 03:56:12,390 - INFO - ============================================================
2026-08-09 03:56:12,390 - INFO - AUTOMATIC KEYWORD RESEARCH TOOL
2026-08-09 03:56:12,390 - INFO - ============================================================
2026-08-09 03:56:12,577 - INFO - ========================================
2026-08-09 03:56:12,577 - INFO - Found 14 niches to process: xiaomi, iphone, samsung, apple, sony, asus, philips, sandisk, intel, nvidia, amd, canon, nikon, huawei
2026-08-09 03:56:12,577 - INFO - ========================================
2026-08-09 03:56:12,577 - INFO - Continuing from last processed niche: sandisk
2026-08-09 03:56:12,577 - INFO - ========================================
2026-08-09 03:56:12,577 - INFO - 🎯 PROCESSING NICHE 9/14: 'intel'
2026-08-09 03:56:12,577 - INFO - ========================================
2026-08-09 03:56:12,577 - INFO - 📁 Niche directory: /home/runner/work/potensitech.com/potensitech.com/languages/english/keywords/intel
2026-08-09 03:56:12,577 - INFO - Selected region: us
2026-08-09 03:56:12,577 - INFO - Selected language: en
2026-08-09 03:56:12,577 - INFO - 🎯 Current niche: intel
2026-08-09 03:56:13,142 - INFO - 🎯 Niche terms for filtering: intel, cheap, best, latest, review, price, sell, buy, recommendation, tips, tutorial, guide, how to, vs, versus, compared to, comparison, alternatives, which is better, expensive, discount, deals, sale, affordable, cost, online, offline, marketplace, store, shop, retailer, where to buy, worst, quality, original, genuine, fake, replica, authentic, brand, manufacturer, company, product, intel product, sell intel, buy intel, cheap intel, best intel, intel review, where to buy intel, how to choose intel, top intel, intel guide, intel for sale, intel deals
2026-08-09 03:56:13,142 - INFO - Generated 50 niche-clue pairs for 'intel'.
2026-08-09 03:56:13,144 - INFO - Expanded 50 seed keywords to 218 variations
2026-08-09 03:56:13,145 - INFO - 🔧 Request Handler initialized - Success rate: 100.0%
2026-08-09 04:00:36,572 - INFO - Original clue keywords: chip performance, smartphone camera
2026-08-09 04:00:36,572 - INFO - Niche-focused seeds: chip performance intel, intel chip performance, chip performance cheap, cheap chip performance, chip performance best, best chip performance, chip performance latest, latest chip performance, chip performance review, review chip performance, chip performance price, price chip performance, chip performance sell, sell chip performance, chip performance buy, buy chip performance, chip performance recommendation, recommendation chip performance, chip performance tips, tips chip performance, chip performance tutorial, tutorial chip performance, chip performance guide, guide chip performance, chip performance how to, how to chip performance, chip performance vs, vs chip performance, chip performance versus, versus chip performance, chip performance compared to, compared to chip performance, chip performance comparison, comparison chip performance, chip performance alternatives, alternatives chip performance, chip performance which is better, which is better chip performance, chip performance expensive, expensive chip performance, chip performance discount, discount chip performance, chip performance deals, deals chip performance, chip performance sale, sale chip performance, chip performance affordable, affordable chip performance, chip performance cost, cost chip performance, chip performance online, online chip performance, chip performance offline, offline chip performance, chip performance marketplace, marketplace chip performance, chip performance store, store chip performance, chip performance shop, shop chip performance, chip performance retailer, retailer chip performance, chip performance where to buy, where to buy chip performance, chip performance worst, worst chip performance, chip performance quality, quality chip performance, chip performance original, original chip performance, chip performance genuine, genuine chip performance, chip performance fake, fake chip performance, chip performance replica, replica chip performance, chip performance authentic, authentic chip performance, chip performance brand, brand chip performance, chip performance manufacturer, manufacturer chip performance, chip performance company, company chip performance, chip performance product, product chip performance, chip performance intel product, intel product chip performance, chip performance sell intel, sell intel chip performance, chip performance buy intel, buy intel chip performance, chip performance cheap intel, cheap intel chip performance, chip performance best intel, best intel chip performance, chip performance intel review, intel review chip performance, chip performance where to buy intel, where to buy intel chip performance, chip performance how to choose intel, how to choose intel chip performance, chip performance top intel, top intel chip performance, chip performance intel guide, intel guide chip performance, chip performance intel for sale, intel for sale chip performance, chip performance intel deals, intel deals chip performance, smartphone camera intel, intel smartphone camera, smartphone camera cheap, cheap smartphone camera, smartphone camera best, best smartphone camera, smartphone camera latest, latest smartphone camera, smartphone camera review, review smartphone camera, smartphone camera price, price smartphone camera, smartphone camera sell, sell smartphone camera, smartphone camera buy, buy smartphone camera, smartphone camera recommendation, recommendation smartphone camera, smartphone camera tips, tips smartphone camera, smartphone camera tutorial, tutorial smartphone camera, smartphone camera guide, guide smartphone camera, smartphone camera how to, how to smartphone camera, smartphone camera vs, vs smartphone camera, smartphone camera versus, versus smartphone camera, smartphone camera compared to, compared to smartphone camera, smartphone camera comparison, comparison smartphone camera, smartphone camera alternatives, alternatives smartphone camera, smartphone camera which is better, which is better smartphone camera, smartphone camera expensive, expensive smartphone camera, smartphone camera discount, discount smartphone camera, smartphone camera deals, deals smartphone camera, smartphone camera sale, sale smartphone camera, smartphone camera affordable, affordable smartphone camera, smartphone camera cost, cost smartphone camera, smartphone camera online, online smartphone camera, smartphone camera offline, offline smartphone camera, smartphone camera marketplace, marketplace smartphone camera, smartphone camera store, store smartphone camera, smartphone camera shop, shop smartphone camera, smartphone camera retailer, retailer smartphone camera, smartphone camera where to buy, where to buy smartphone camera, smartphone camera worst, worst smartphone camera, smartphone camera quality, quality smartphone camera, smartphone camera original, original smartphone camera, smartphone camera genuine, genuine smartphone camera, smartphone camera fake, fake smartphone camera, smartphone camera replica, replica smartphone camera, smartphone camera authentic, authentic smartphone camera, smartphone camera brand, brand smartphone camera, smartphone camera manufacturer, manufacturer smartphone camera, smartphone camera company, company smartphone camera, smartphone camera product, product smartphone camera, smartphone camera intel product, intel product smartphone camera, smartphone camera sell intel, sell intel smartphone camera, smartphone camera buy intel, buy intel smartphone camera, smartphone camera cheap intel, cheap intel smartphone camera, smartphone camera best intel, best intel smartphone camera, smartphone camera intel review, intel review smartphone camera, smartphone camera where to buy intel, where to buy intel smartphone camera, smartphone camera how to choose intel, how to choose intel smartphone camera, smartphone camera top intel, top intel smartphone camera, smartphone camera intel guide, intel guide smartphone camera, smartphone camera intel for sale, intel for sale smartphone camera, smartphone camera intel deals, intel deals smartphone camera
2026-08-09 04:00:36,574 - INFO - Expanded 220 seed keywords to 385 variations
2026-08-09 04:00:36,574 - INFO - Language: en
2026-08-09 04:00:36,574 - INFO - Region: us
2026-08-09 04:02:46,057 - INFO - 🎯 After all filtering for 'intel': 120 relevant keywords
2026-08-09 04:02:48,451 - INFO - 🎯 Found 4 new keywords for niche 'intel': intel affordable chip performance, intel affordable smartphone camera, cheap alternatives smartphone camera, best authentic smartphone camera
2026-08-09 04:02:48,877 - INFO - ✅ Niche 'intel' process complete! 985 total keyword results.
2026-08-09 04:02:48,877 - INFO - ✅ Completed processing niche: 'intel'
2026-08-09 04:02:48,877 - INFO - 🔧 Request Handler final stats - Success rate: 100.0%
2026-08-09 04:02:48,877 - INFO -    Total requests: 167524, Blocks: 1
2026-08-09 04:02:48,878 - INFO - 
========================================
2026-08-09 04:02:48,878 - INFO - Process Summary:
2026-08-09 04:02:48,878 - INFO - - Current niche: 'intel'
2026-08-09 04:02:48,878 - INFO - - Next niche will be: 'nvidia'
2026-08-09 04:02:48,878 - INFO - - Keywords saved in: languages/english/keywords/intel/
2026-08-09 04:02:48,879 - INFO - ========================================
