2026-09-01 14:15:56,332 - INFO - Log file created at: /home/runner/work/potensitech.com/potensitech.com/languages/english/keywords/logs/kw_search_20260901_141556.log
2026-09-01 14:15:56,332 - INFO - ============================================================
2026-09-01 14:15:56,332 - INFO - AUTOMATIC KEYWORD RESEARCH TOOL
2026-09-01 14:15:56,332 - INFO - ============================================================
2026-09-01 14:15:56,638 - INFO - ========================================
2026-09-01 14:15:56,638 - INFO - Found 14 niches to process: xiaomi, iphone, samsung, apple, sony, asus, philips, sandisk, intel, nvidia, amd, canon, nikon, huawei
2026-09-01 14:15:56,638 - INFO - ========================================
2026-09-01 14:15:56,638 - INFO - Continuing from last processed niche: samsung
2026-09-01 14:15:56,638 - INFO - ========================================
2026-09-01 14:15:56,638 - INFO - 🎯 PROCESSING NICHE 4/14: 'apple'
2026-09-01 14:15:56,638 - INFO - ========================================
2026-09-01 14:15:56,638 - INFO - 📁 Niche directory: /home/runner/work/potensitech.com/potensitech.com/languages/english/keywords/apple
2026-09-01 14:15:56,639 - INFO - Selected region: us
2026-09-01 14:15:56,639 - INFO - Selected language: en
2026-09-01 14:15:56,639 - INFO - 🎯 Current niche: apple
2026-09-01 14:16:07,766 - INFO - 🎯 Niche terms for filtering: apple, cheap, best, latest, review, price, sell, buy, recommendation, tips, tutorial, guide, how to, vs, versus, compared to, comparison, alternatives, which is better, expensive, discount, deals, sale, affordable, cost, online, offline, marketplace, store, shop, retailer, where to buy, worst, quality, original, genuine, fake, replica, authentic, brand, manufacturer, company, product, apple product, sell apple, buy apple, cheap apple, best apple, apple review, where to buy apple, how to choose apple, top apple, apple guide, apple for sale, apple deals
2026-09-01 14:16:07,766 - INFO - Generated 50 niche-clue pairs for 'apple'.
2026-09-01 14:16:07,769 - INFO - Expanded 50 seed keywords to 218 variations
2026-09-01 14:16:07,770 - INFO - 🔧 Request Handler initialized - Success rate: 100.0%
2026-09-01 14:20:30,901 - INFO - Original clue keywords: coffee-machine, electric-shaver
2026-09-01 14:20:30,901 - INFO - Niche-focused seeds: coffee-machine apple, apple coffee-machine, coffee-machine cheap, cheap coffee-machine, coffee-machine best, best coffee-machine, coffee-machine latest, latest coffee-machine, coffee-machine review, review coffee-machine, coffee-machine price, price coffee-machine, coffee-machine sell, sell coffee-machine, coffee-machine buy, buy coffee-machine, coffee-machine recommendation, recommendation coffee-machine, coffee-machine tips, tips coffee-machine, coffee-machine tutorial, tutorial coffee-machine, coffee-machine guide, guide coffee-machine, coffee-machine how to, how to coffee-machine, coffee-machine vs, vs coffee-machine, coffee-machine versus, versus coffee-machine, coffee-machine compared to, compared to coffee-machine, coffee-machine comparison, comparison coffee-machine, coffee-machine alternatives, alternatives coffee-machine, coffee-machine which is better, which is better coffee-machine, coffee-machine expensive, expensive coffee-machine, coffee-machine discount, discount coffee-machine, coffee-machine deals, deals coffee-machine, coffee-machine sale, sale coffee-machine, coffee-machine affordable, affordable coffee-machine, coffee-machine cost, cost coffee-machine, coffee-machine online, online coffee-machine, coffee-machine offline, offline coffee-machine, coffee-machine marketplace, marketplace coffee-machine, coffee-machine store, store coffee-machine, coffee-machine shop, shop coffee-machine, coffee-machine retailer, retailer coffee-machine, coffee-machine where to buy, where to buy coffee-machine, coffee-machine worst, worst coffee-machine, coffee-machine quality, quality coffee-machine, coffee-machine original, original coffee-machine, coffee-machine genuine, genuine coffee-machine, coffee-machine fake, fake coffee-machine, coffee-machine replica, replica coffee-machine, coffee-machine authentic, authentic coffee-machine, coffee-machine brand, brand coffee-machine, coffee-machine manufacturer, manufacturer coffee-machine, coffee-machine company, company coffee-machine, coffee-machine product, product coffee-machine, coffee-machine apple product, apple product coffee-machine, coffee-machine sell apple, sell apple coffee-machine, coffee-machine buy apple, buy apple coffee-machine, coffee-machine cheap apple, cheap apple coffee-machine, coffee-machine best apple, best apple coffee-machine, coffee-machine apple review, apple review coffee-machine, coffee-machine where to buy apple, where to buy apple coffee-machine, coffee-machine how to choose apple, how to choose apple coffee-machine, coffee-machine top apple, top apple coffee-machine, coffee-machine apple guide, apple guide coffee-machine, coffee-machine apple for sale, apple for sale coffee-machine, coffee-machine apple deals, apple deals coffee-machine, electric-shaver apple, apple electric-shaver, electric-shaver cheap, cheap electric-shaver, electric-shaver best, best electric-shaver, electric-shaver latest, latest electric-shaver, electric-shaver review, review electric-shaver, electric-shaver price, price electric-shaver, electric-shaver sell, sell electric-shaver, electric-shaver buy, buy electric-shaver, electric-shaver recommendation, recommendation electric-shaver, electric-shaver tips, tips electric-shaver, electric-shaver tutorial, tutorial electric-shaver, electric-shaver guide, guide electric-shaver, electric-shaver how to, how to electric-shaver, electric-shaver vs, vs electric-shaver, electric-shaver versus, versus electric-shaver, electric-shaver compared to, compared to electric-shaver, electric-shaver comparison, comparison electric-shaver, electric-shaver alternatives, alternatives electric-shaver, electric-shaver which is better, which is better electric-shaver, electric-shaver expensive, expensive electric-shaver, electric-shaver discount, discount electric-shaver, electric-shaver deals, deals electric-shaver, electric-shaver sale, sale electric-shaver, electric-shaver affordable, affordable electric-shaver, electric-shaver cost, cost electric-shaver, electric-shaver online, online electric-shaver, electric-shaver offline, offline electric-shaver, electric-shaver marketplace, marketplace electric-shaver, electric-shaver store, store electric-shaver, electric-shaver shop, shop electric-shaver, electric-shaver retailer, retailer electric-shaver, electric-shaver where to buy, where to buy electric-shaver, electric-shaver worst, worst electric-shaver, electric-shaver quality, quality electric-shaver, electric-shaver original, original electric-shaver, electric-shaver genuine, genuine electric-shaver, electric-shaver fake, fake electric-shaver, electric-shaver replica, replica electric-shaver, electric-shaver authentic, authentic electric-shaver, electric-shaver brand, brand electric-shaver, electric-shaver manufacturer, manufacturer electric-shaver, electric-shaver company, company electric-shaver, electric-shaver product, product electric-shaver, electric-shaver apple product, apple product electric-shaver, electric-shaver sell apple, sell apple electric-shaver, electric-shaver buy apple, buy apple electric-shaver, electric-shaver cheap apple, cheap apple electric-shaver, electric-shaver best apple, best apple electric-shaver, electric-shaver apple review, apple review electric-shaver, electric-shaver where to buy apple, where to buy apple electric-shaver, electric-shaver how to choose apple, how to choose apple electric-shaver, electric-shaver top apple, top apple electric-shaver, electric-shaver apple guide, apple guide electric-shaver, electric-shaver apple for sale, apple for sale electric-shaver, electric-shaver apple deals, apple deals electric-shaver
2026-09-01 14:20:30,904 - INFO - Expanded 220 seed keywords to 385 variations
2026-09-01 14:20:30,904 - INFO - Language: en
2026-09-01 14:20:30,904 - INFO - Region: us
2026-09-01 14:24:42,787 - INFO - 🎯 After all filtering for 'apple': 120 relevant keywords
2026-09-01 14:24:43,213 - INFO - 🎯 Found 5 new keywords for niche 'apple': apple affordable coffee-machine, apple affordable electric-shaver, cheap affordable electric-shaver, best affordable electric-shaver, how to affordable electric-shaver
2026-09-01 14:24:59,943 - INFO - ✅ Niche 'apple' process complete! 565 total keyword results.
2026-09-01 14:24:59,943 - INFO - ✅ Completed processing niche: 'apple'
2026-09-01 14:24:59,944 - INFO - 🔧 Request Handler final stats - Success rate: 100.0%
2026-09-01 14:24:59,944 - INFO -    Total requests: 185572, Blocks: 1
2026-09-01 14:24:59,945 - INFO - 
========================================
2026-09-01 14:24:59,945 - INFO - Process Summary:
2026-09-01 14:24:59,945 - INFO - - Current niche: 'apple'
2026-09-01 14:24:59,945 - INFO - - Next niche will be: 'sony'
2026-09-01 14:24:59,945 - INFO - - Keywords saved in: languages/english/keywords/apple/
2026-09-01 14:24:59,946 - INFO - ========================================
