2026-08-05 07:26:53,971 - INFO - Log file created at: /home/runner/work/potensitech.com/potensitech.com/languages/english/keywords/logs/kw_search_20260805_072653.log
2026-08-05 07:26:53,971 - INFO - ============================================================
2026-08-05 07:26:53,971 - INFO - AUTOMATIC KEYWORD RESEARCH TOOL
2026-08-05 07:26:53,971 - INFO - ============================================================
2026-08-05 07:26:54,231 - INFO - ========================================
2026-08-05 07:26:54,231 - INFO - Found 14 niches to process: xiaomi, iphone, samsung, apple, sony, asus, philips, sandisk, intel, nvidia, amd, canon, nikon, huawei
2026-08-05 07:26:54,231 - INFO - ========================================
2026-08-05 07:26:54,231 - INFO - Continuing from last processed niche: nikon
2026-08-05 07:26:54,231 - INFO - ========================================
2026-08-05 07:26:54,231 - INFO - 🎯 PROCESSING NICHE 14/14: 'huawei'
2026-08-05 07:26:54,231 - INFO - ========================================
2026-08-05 07:26:54,231 - INFO - 📁 Niche directory: /home/runner/work/potensitech.com/potensitech.com/languages/english/keywords/huawei
2026-08-05 07:26:54,231 - INFO - Selected region: us
2026-08-05 07:26:54,231 - INFO - Selected language: en
2026-08-05 07:26:54,231 - INFO - 🎯 Current niche: huawei
2026-08-05 07:26:55,565 - INFO - 🎯 Niche terms for filtering: huawei, cheap, best, latest, review, price, sell, buy, recommendation, tips, tutorial, guide, how to, vs, versus, compared to, comparison, alternatives, which is better, expensive, discount, deals, sale, affordable, cost, online, offline, marketplace, store, shop, retailer, where to buy, worst, quality, original, genuine, fake, replica, authentic, brand, manufacturer, company, product, huawei product, sell huawei, buy huawei, cheap huawei, best huawei, huawei review, where to buy huawei, how to choose huawei, top huawei, huawei guide, huawei for sale, huawei deals
2026-08-05 07:26:55,566 - INFO - Generated 50 niche-clue pairs for 'huawei'.
2026-08-05 07:26:55,567 - INFO - Expanded 50 seed keywords to 218 variations
2026-08-05 07:26:55,568 - INFO - 🔧 Request Handler initialized - Success rate: 100.0%
2026-08-05 07:31:18,666 - INFO - Original clue keywords: camera resolution, autofocus technology
2026-08-05 07:31:18,666 - INFO - Niche-focused seeds: camera resolution huawei, huawei camera resolution, camera resolution cheap, cheap camera resolution, camera resolution best, best camera resolution, camera resolution latest, latest camera resolution, camera resolution review, review camera resolution, camera resolution price, price camera resolution, camera resolution sell, sell camera resolution, camera resolution buy, buy camera resolution, camera resolution recommendation, recommendation camera resolution, camera resolution tips, tips camera resolution, camera resolution tutorial, tutorial camera resolution, camera resolution guide, guide camera resolution, camera resolution how to, how to camera resolution, camera resolution vs, vs camera resolution, camera resolution versus, versus camera resolution, camera resolution compared to, compared to camera resolution, camera resolution comparison, comparison camera resolution, camera resolution alternatives, alternatives camera resolution, camera resolution which is better, which is better camera resolution, camera resolution expensive, expensive camera resolution, camera resolution discount, discount camera resolution, camera resolution deals, deals camera resolution, camera resolution sale, sale camera resolution, camera resolution affordable, affordable camera resolution, camera resolution cost, cost camera resolution, camera resolution online, online camera resolution, camera resolution offline, offline camera resolution, camera resolution marketplace, marketplace camera resolution, camera resolution store, store camera resolution, camera resolution shop, shop camera resolution, camera resolution retailer, retailer camera resolution, camera resolution where to buy, where to buy camera resolution, camera resolution worst, worst camera resolution, camera resolution quality, quality camera resolution, camera resolution original, original camera resolution, camera resolution genuine, genuine camera resolution, camera resolution fake, fake camera resolution, camera resolution replica, replica camera resolution, camera resolution authentic, authentic camera resolution, camera resolution brand, brand camera resolution, camera resolution manufacturer, manufacturer camera resolution, camera resolution company, company camera resolution, camera resolution product, product camera resolution, camera resolution huawei product, huawei product camera resolution, camera resolution sell huawei, sell huawei camera resolution, camera resolution buy huawei, buy huawei camera resolution, camera resolution cheap huawei, cheap huawei camera resolution, camera resolution best huawei, best huawei camera resolution, camera resolution huawei review, huawei review camera resolution, camera resolution where to buy huawei, where to buy huawei camera resolution, camera resolution how to choose huawei, how to choose huawei camera resolution, camera resolution top huawei, top huawei camera resolution, camera resolution huawei guide, huawei guide camera resolution, camera resolution huawei for sale, huawei for sale camera resolution, camera resolution huawei deals, huawei deals camera resolution, autofocus technology huawei, huawei autofocus technology, autofocus technology cheap, cheap autofocus technology, autofocus technology best, best autofocus technology, autofocus technology latest, latest autofocus technology, autofocus technology review, review autofocus technology, autofocus technology price, price autofocus technology, autofocus technology sell, sell autofocus technology, autofocus technology buy, buy autofocus technology, autofocus technology recommendation, recommendation autofocus technology, autofocus technology tips, tips autofocus technology, autofocus technology tutorial, tutorial autofocus technology, autofocus technology guide, guide autofocus technology, autofocus technology how to, how to autofocus technology, autofocus technology vs, vs autofocus technology, autofocus technology versus, versus autofocus technology, autofocus technology compared to, compared to autofocus technology, autofocus technology comparison, comparison autofocus technology, autofocus technology alternatives, alternatives autofocus technology, autofocus technology which is better, which is better autofocus technology, autofocus technology expensive, expensive autofocus technology, autofocus technology discount, discount autofocus technology, autofocus technology deals, deals autofocus technology, autofocus technology sale, sale autofocus technology, autofocus technology affordable, affordable autofocus technology, autofocus technology cost, cost autofocus technology, autofocus technology online, online autofocus technology, autofocus technology offline, offline autofocus technology, autofocus technology marketplace, marketplace autofocus technology, autofocus technology store, store autofocus technology, autofocus technology shop, shop autofocus technology, autofocus technology retailer, retailer autofocus technology, autofocus technology where to buy, where to buy autofocus technology, autofocus technology worst, worst autofocus technology, autofocus technology quality, quality autofocus technology, autofocus technology original, original autofocus technology, autofocus technology genuine, genuine autofocus technology, autofocus technology fake, fake autofocus technology, autofocus technology replica, replica autofocus technology, autofocus technology authentic, authentic autofocus technology, autofocus technology brand, brand autofocus technology, autofocus technology manufacturer, manufacturer autofocus technology, autofocus technology company, company autofocus technology, autofocus technology product, product autofocus technology, autofocus technology huawei product, huawei product autofocus technology, autofocus technology sell huawei, sell huawei autofocus technology, autofocus technology buy huawei, buy huawei autofocus technology, autofocus technology cheap huawei, cheap huawei autofocus technology, autofocus technology best huawei, best huawei autofocus technology, autofocus technology huawei review, huawei review autofocus technology, autofocus technology where to buy huawei, where to buy huawei autofocus technology, autofocus technology how to choose huawei, how to choose huawei autofocus technology, autofocus technology top huawei, top huawei autofocus technology, autofocus technology huawei guide, huawei guide autofocus technology, autofocus technology huawei for sale, huawei for sale autofocus technology, autofocus technology huawei deals, huawei deals autofocus technology
2026-08-05 07:31:18,668 - INFO - Expanded 220 seed keywords to 385 variations
2026-08-05 07:31:18,668 - INFO - Language: en
2026-08-05 07:31:18,668 - INFO - Region: us
2026-08-05 07:31:50,418 - INFO - 🎯 After all filtering for 'huawei': 120 relevant keywords
2026-08-05 07:31:51,628 - INFO - 🎯 Found 4 new keywords for niche 'huawei': huawei affordable autofocus technology, huawei affordable camera resolution, cheap alternatives camera resolution, best authentic camera resolution
2026-08-05 07:31:52,586 - INFO - ✅ Niche 'huawei' process complete! 624 total keyword results.
2026-08-05 07:31:52,586 - INFO - ✅ Completed processing niche: 'huawei'
2026-08-05 07:31:52,586 - INFO - 🔧 Request Handler final stats - Success rate: 100.0%
2026-08-05 07:31:52,586 - INFO -    Total requests: 164835, Blocks: 1
2026-08-05 07:31:52,587 - INFO - 
========================================
2026-08-05 07:31:52,587 - INFO - Process Summary:
2026-08-05 07:31:52,587 - INFO - - Current niche: 'huawei'
2026-08-05 07:31:52,587 - INFO - - Next niche will be: 'xiaomi'
2026-08-05 07:31:52,587 - INFO - - Keywords saved in: languages/english/keywords/huawei/
2026-08-05 07:31:52,587 - INFO - ========================================
