2026-09-12 13:03:40,253 - INFO - Log file created at: /home/runner/work/potensitech.com/potensitech.com/languages/english/keywords/logs/kw_search_20260912_130340.log
2026-09-12 13:03:40,253 - INFO - ============================================================
2026-09-12 13:03:40,253 - INFO - AUTOMATIC KEYWORD RESEARCH TOOL
2026-09-12 13:03:40,254 - INFO - ============================================================
2026-09-12 13:03:40,580 - INFO - ========================================
2026-09-12 13:03:40,581 - INFO - Found 14 niches to process: xiaomi, iphone, samsung, apple, sony, asus, philips, sandisk, intel, nvidia, amd, canon, nikon, huawei
2026-09-12 13:03:40,581 - INFO - ========================================
2026-09-12 13:03:40,581 - INFO - All niches completed, starting over
2026-09-12 13:03:40,581 - INFO - ========================================
2026-09-12 13:03:40,581 - INFO - 🎯 PROCESSING NICHE 1/14: 'xiaomi'
2026-09-12 13:03:40,581 - INFO - ========================================
2026-09-12 13:03:40,581 - INFO - 📁 Niche directory: /home/runner/work/potensitech.com/potensitech.com/languages/english/keywords/xiaomi
2026-09-12 13:03:40,581 - INFO - Selected region: us
2026-09-12 13:03:40,581 - INFO - Selected language: en
2026-09-12 13:03:40,581 - INFO - 🎯 Current niche: xiaomi
2026-09-12 13:03:51,745 - INFO - 🎯 Niche terms for filtering: xiaomi, cheap, best, latest, review, price, sell, buy, recommendation, tips, tutorial, guide, how to, vs, versus, compared to, comparison, alternatives, which is better, expensive, discount, deals, sale, affordable, cost, online, offline, marketplace, store, shop, retailer, where to buy, worst, quality, original, genuine, fake, replica, authentic, brand, manufacturer, company, product, xiaomi product, sell xiaomi, buy xiaomi, cheap xiaomi, best xiaomi, xiaomi review, where to buy xiaomi, how to choose xiaomi, top xiaomi, xiaomi guide, xiaomi for sale, xiaomi deals
2026-09-12 13:03:51,745 - INFO - Generated 50 niche-clue pairs for 'xiaomi'.
2026-09-12 13:03:51,749 - INFO - Expanded 50 seed keywords to 218 variations
2026-09-12 13:03:51,749 - INFO - 🔧 Request Handler initialized - Success rate: 100.0%
2026-09-12 13:08:14,673 - INFO - Original clue keywords: long battery, dlss technology
2026-09-12 13:08:14,673 - INFO - Niche-focused seeds: long battery xiaomi, xiaomi long battery, long battery cheap, cheap long battery, long battery best, best long battery, long battery latest, latest long battery, long battery review, review long battery, long battery price, price long battery, long battery sell, sell long battery, long battery buy, buy long battery, long battery recommendation, recommendation long battery, long battery tips, tips long battery, long battery tutorial, tutorial long battery, long battery guide, guide long battery, long battery how to, how to long battery, long battery vs, vs long battery, long battery versus, versus long battery, long battery compared to, compared to long battery, long battery comparison, comparison long battery, long battery alternatives, alternatives long battery, long battery which is better, which is better long battery, long battery expensive, expensive long battery, long battery discount, discount long battery, long battery deals, deals long battery, long battery sale, sale long battery, long battery affordable, affordable long battery, long battery cost, cost long battery, long battery online, online long battery, long battery offline, offline long battery, long battery marketplace, marketplace long battery, long battery store, store long battery, long battery shop, shop long battery, long battery retailer, retailer long battery, long battery where to buy, where to buy long battery, long battery worst, worst long battery, long battery quality, quality long battery, long battery original, original long battery, long battery genuine, genuine long battery, long battery fake, fake long battery, long battery replica, replica long battery, long battery authentic, authentic long battery, long battery brand, brand long battery, long battery manufacturer, manufacturer long battery, long battery company, company long battery, long battery product, product long battery, long battery xiaomi product, xiaomi product long battery, long battery sell xiaomi, sell xiaomi long battery, long battery buy xiaomi, buy xiaomi long battery, long battery cheap xiaomi, cheap xiaomi long battery, long battery best xiaomi, best xiaomi long battery, long battery xiaomi review, xiaomi review long battery, long battery where to buy xiaomi, where to buy xiaomi long battery, long battery how to choose xiaomi, how to choose xiaomi long battery, long battery top xiaomi, top xiaomi long battery, long battery xiaomi guide, xiaomi guide long battery, long battery xiaomi for sale, xiaomi for sale long battery, long battery xiaomi deals, xiaomi deals long battery, dlss technology xiaomi, xiaomi dlss technology, dlss technology cheap, cheap dlss technology, dlss technology best, best dlss technology, dlss technology latest, latest dlss technology, dlss technology review, review dlss technology, dlss technology price, price dlss technology, dlss technology sell, sell dlss technology, dlss technology buy, buy dlss technology, dlss technology recommendation, recommendation dlss technology, dlss technology tips, tips dlss technology, dlss technology tutorial, tutorial dlss technology, dlss technology guide, guide dlss technology, dlss technology how to, how to dlss technology, dlss technology vs, vs dlss technology, dlss technology versus, versus dlss technology, dlss technology compared to, compared to dlss technology, dlss technology comparison, comparison dlss technology, dlss technology alternatives, alternatives dlss technology, dlss technology which is better, which is better dlss technology, dlss technology expensive, expensive dlss technology, dlss technology discount, discount dlss technology, dlss technology deals, deals dlss technology, dlss technology sale, sale dlss technology, dlss technology affordable, affordable dlss technology, dlss technology cost, cost dlss technology, dlss technology online, online dlss technology, dlss technology offline, offline dlss technology, dlss technology marketplace, marketplace dlss technology, dlss technology store, store dlss technology, dlss technology shop, shop dlss technology, dlss technology retailer, retailer dlss technology, dlss technology where to buy, where to buy dlss technology, dlss technology worst, worst dlss technology, dlss technology quality, quality dlss technology, dlss technology original, original dlss technology, dlss technology genuine, genuine dlss technology, dlss technology fake, fake dlss technology, dlss technology replica, replica dlss technology, dlss technology authentic, authentic dlss technology, dlss technology brand, brand dlss technology, dlss technology manufacturer, manufacturer dlss technology, dlss technology company, company dlss technology, dlss technology product, product dlss technology, dlss technology xiaomi product, xiaomi product dlss technology, dlss technology sell xiaomi, sell xiaomi dlss technology, dlss technology buy xiaomi, buy xiaomi dlss technology, dlss technology cheap xiaomi, cheap xiaomi dlss technology, dlss technology best xiaomi, best xiaomi dlss technology, dlss technology xiaomi review, xiaomi review dlss technology, dlss technology where to buy xiaomi, where to buy xiaomi dlss technology, dlss technology how to choose xiaomi, how to choose xiaomi dlss technology, dlss technology top xiaomi, top xiaomi dlss technology, dlss technology xiaomi guide, xiaomi guide dlss technology, dlss technology xiaomi for sale, xiaomi for sale dlss technology, dlss technology xiaomi deals, xiaomi deals dlss technology
2026-09-12 13:08:14,677 - INFO - Expanded 220 seed keywords to 385 variations
2026-09-12 13:08:14,677 - INFO - Language: en
2026-09-12 13:08:14,677 - INFO - Region: us
2026-09-12 13:12:45,527 - INFO - 🎯 After all filtering for 'xiaomi': 120 relevant keywords
2026-09-12 13:12:46,753 - INFO - 🎯 Found 5 new keywords for niche 'xiaomi': xiaomi affordable dlss technology, xiaomi affordable long battery, cheap alternatives dlss technology, cheap alternatives long battery, best authentic dlss technology
2026-09-12 13:13:02,847 - INFO - ✅ Niche 'xiaomi' process complete! 680 total keyword results.
2026-09-12 13:13:02,848 - INFO - ✅ Completed processing niche: 'xiaomi'
2026-09-12 13:13:02,848 - INFO - 🔧 Request Handler final stats - Success rate: 100.0%
2026-09-12 13:13:02,848 - INFO -    Total requests: 194749, Blocks: 1
2026-09-12 13:13:02,849 - INFO - 
========================================
2026-09-12 13:13:02,849 - INFO - Process Summary:
2026-09-12 13:13:02,849 - INFO - - Current niche: 'xiaomi'
2026-09-12 13:13:02,849 - INFO - - Next niche will be: 'iphone'
2026-09-12 13:13:02,849 - INFO - - Keywords saved in: languages/english/keywords/xiaomi/
2026-09-12 13:13:02,850 - INFO - ========================================
