2026-09-12 18:47:27,667 - INFO - Log file created at: /home/runner/work/potensitech.com/potensitech.com/languages/english/keywords/logs/kw_search_20260912_184727.log
2026-09-12 18:47:27,667 - INFO - ============================================================
2026-09-12 18:47:27,667 - INFO - AUTOMATIC KEYWORD RESEARCH TOOL
2026-09-12 18:47:27,667 - INFO - ============================================================
2026-09-12 18:47:27,943 - INFO - ========================================
2026-09-12 18:47:27,944 - INFO - Found 14 niches to process: xiaomi, iphone, samsung, apple, sony, asus, philips, sandisk, intel, nvidia, amd, canon, nikon, huawei
2026-09-12 18:47:27,944 - INFO - ========================================
2026-09-12 18:47:27,944 - INFO - Continuing from last processed niche: samsung
2026-09-12 18:47:27,944 - INFO - ========================================
2026-09-12 18:47:27,944 - INFO - 🎯 PROCESSING NICHE 4/14: 'apple'
2026-09-12 18:47:27,944 - INFO - ========================================
2026-09-12 18:47:27,944 - INFO - 📁 Niche directory: /home/runner/work/potensitech.com/potensitech.com/languages/english/keywords/apple
2026-09-12 18:47:27,944 - INFO - Selected region: us
2026-09-12 18:47:27,944 - INFO - Selected language: en
2026-09-12 18:47:27,944 - INFO - 🎯 Current niche: apple
2026-09-12 18:47:38,956 - INFO - 🎯 Niche terms for filtering: apple, cheap, best, latest, review, price, sell, buy, recommendation, tips, tutorial, guide, how to, vs, versus, compared to, comparison, alternatives, which is better, expensive, discount, deals, sale, affordable, cost, online, offline, marketplace, store, shop, retailer, where to buy, worst, quality, original, genuine, fake, replica, authentic, brand, manufacturer, company, product, apple product, sell apple, buy apple, cheap apple, best apple, apple review, where to buy apple, how to choose apple, top apple, apple guide, apple for sale, apple deals
2026-09-12 18:47:38,956 - INFO - Generated 50 niche-clue pairs for 'apple'.
2026-09-12 18:47:38,958 - INFO - Expanded 50 seed keywords to 218 variations
2026-09-12 18:47:38,958 - INFO - 🔧 Request Handler initialized - Success rate: 100.0%
2026-09-12 18:52:00,729 - INFO - Original clue keywords: long battery, dlss technology
2026-09-12 18:52:00,729 - INFO - Niche-focused seeds: long battery apple, apple long battery, long battery cheap, cheap long battery, long battery best, best long battery, long battery latest, latest long battery, long battery review, review long battery, long battery price, price long battery, long battery sell, sell long battery, long battery buy, buy long battery, long battery recommendation, recommendation long battery, long battery tips, tips long battery, long battery tutorial, tutorial long battery, long battery guide, guide long battery, long battery how to, how to long battery, long battery vs, vs long battery, long battery versus, versus long battery, long battery compared to, compared to long battery, long battery comparison, comparison long battery, long battery alternatives, alternatives long battery, long battery which is better, which is better long battery, long battery expensive, expensive long battery, long battery discount, discount long battery, long battery deals, deals long battery, long battery sale, sale long battery, long battery affordable, affordable long battery, long battery cost, cost long battery, long battery online, online long battery, long battery offline, offline long battery, long battery marketplace, marketplace long battery, long battery store, store long battery, long battery shop, shop long battery, long battery retailer, retailer long battery, long battery where to buy, where to buy long battery, long battery worst, worst long battery, long battery quality, quality long battery, long battery original, original long battery, long battery genuine, genuine long battery, long battery fake, fake long battery, long battery replica, replica long battery, long battery authentic, authentic long battery, long battery brand, brand long battery, long battery manufacturer, manufacturer long battery, long battery company, company long battery, long battery product, product long battery, long battery apple product, apple product long battery, long battery sell apple, sell apple long battery, long battery buy apple, buy apple long battery, long battery cheap apple, cheap apple long battery, long battery best apple, best apple long battery, long battery apple review, apple review long battery, long battery where to buy apple, where to buy apple long battery, long battery how to choose apple, how to choose apple long battery, long battery top apple, top apple long battery, long battery apple guide, apple guide long battery, long battery apple for sale, apple for sale long battery, long battery apple deals, apple deals long battery, dlss technology apple, apple dlss technology, dlss technology cheap, cheap dlss technology, dlss technology best, best dlss technology, dlss technology latest, latest dlss technology, dlss technology review, review dlss technology, dlss technology price, price dlss technology, dlss technology sell, sell dlss technology, dlss technology buy, buy dlss technology, dlss technology recommendation, recommendation dlss technology, dlss technology tips, tips dlss technology, dlss technology tutorial, tutorial dlss technology, dlss technology guide, guide dlss technology, dlss technology how to, how to dlss technology, dlss technology vs, vs dlss technology, dlss technology versus, versus dlss technology, dlss technology compared to, compared to dlss technology, dlss technology comparison, comparison dlss technology, dlss technology alternatives, alternatives dlss technology, dlss technology which is better, which is better dlss technology, dlss technology expensive, expensive dlss technology, dlss technology discount, discount dlss technology, dlss technology deals, deals dlss technology, dlss technology sale, sale dlss technology, dlss technology affordable, affordable dlss technology, dlss technology cost, cost dlss technology, dlss technology online, online dlss technology, dlss technology offline, offline dlss technology, dlss technology marketplace, marketplace dlss technology, dlss technology store, store dlss technology, dlss technology shop, shop dlss technology, dlss technology retailer, retailer dlss technology, dlss technology where to buy, where to buy dlss technology, dlss technology worst, worst dlss technology, dlss technology quality, quality dlss technology, dlss technology original, original dlss technology, dlss technology genuine, genuine dlss technology, dlss technology fake, fake dlss technology, dlss technology replica, replica dlss technology, dlss technology authentic, authentic dlss technology, dlss technology brand, brand dlss technology, dlss technology manufacturer, manufacturer dlss technology, dlss technology company, company dlss technology, dlss technology product, product dlss technology, dlss technology apple product, apple product dlss technology, dlss technology sell apple, sell apple dlss technology, dlss technology buy apple, buy apple dlss technology, dlss technology cheap apple, cheap apple dlss technology, dlss technology best apple, best apple dlss technology, dlss technology apple review, apple review dlss technology, dlss technology where to buy apple, where to buy apple dlss technology, dlss technology how to choose apple, how to choose apple dlss technology, dlss technology top apple, top apple dlss technology, dlss technology apple guide, apple guide dlss technology, dlss technology apple for sale, apple for sale dlss technology, dlss technology apple deals, apple deals dlss technology
2026-09-12 18:52:00,731 - INFO - Expanded 220 seed keywords to 385 variations
2026-09-12 18:52:00,731 - INFO - Language: en
2026-09-12 18:52:00,731 - INFO - Region: us
2026-09-12 18:56:31,069 - INFO - 🎯 After all filtering for 'apple': 120 relevant keywords
2026-09-12 18:56:31,711 - INFO - 🎯 Found 5 new keywords for niche 'apple': apple affordable dlss technology, apple affordable long battery, cheap alternatives dlss technology, cheap alternatives long battery, best authentic dlss technology
2026-09-12 18:56:48,044 - INFO - ✅ Niche 'apple' process complete! 580 total keyword results.
2026-09-12 18:56:48,045 - INFO - ✅ Completed processing niche: 'apple'
2026-09-12 18:56:48,045 - INFO - 🔧 Request Handler final stats - Success rate: 100.0%
2026-09-12 18:56:48,045 - INFO -    Total requests: 195049, Blocks: 1
2026-09-12 18:56:48,046 - INFO - 
========================================
2026-09-12 18:56:48,046 - INFO - Process Summary:
2026-09-12 18:56:48,046 - INFO - - Current niche: 'apple'
2026-09-12 18:56:48,046 - INFO - - Next niche will be: 'sony'
2026-09-12 18:56:48,046 - INFO - - Keywords saved in: languages/english/keywords/apple/
2026-09-12 18:56:48,046 - INFO - ========================================
