2026-09-04 09:05:31,480 - INFO - Log file created at: /home/runner/work/potensitech.com/potensitech.com/languages/english/keywords/logs/kw_search_20260904_090531.log
2026-09-04 09:05:31,480 - INFO - ============================================================
2026-09-04 09:05:31,480 - INFO - AUTOMATIC KEYWORD RESEARCH TOOL
2026-09-04 09:05:31,480 - INFO - ============================================================
2026-09-04 09:05:31,824 - INFO - ========================================
2026-09-04 09:05:31,824 - INFO - Found 14 niches to process: xiaomi, iphone, samsung, apple, sony, asus, philips, sandisk, intel, nvidia, amd, canon, nikon, huawei
2026-09-04 09:05:31,824 - INFO - ========================================
2026-09-04 09:05:31,824 - INFO - Continuing from last processed niche: iphone
2026-09-04 09:05:31,825 - INFO - ========================================
2026-09-04 09:05:31,825 - INFO - 🎯 PROCESSING NICHE 3/14: 'samsung'
2026-09-04 09:05:31,825 - INFO - ========================================
2026-09-04 09:05:31,825 - INFO - 📁 Niche directory: /home/runner/work/potensitech.com/potensitech.com/languages/english/keywords/samsung
2026-09-04 09:05:31,825 - INFO - Selected region: us
2026-09-04 09:05:31,825 - INFO - Selected language: en
2026-09-04 09:05:31,825 - INFO - 🎯 Current niche: samsung
2026-09-04 09:05:42,998 - INFO - 🎯 Niche terms for filtering: samsung, cheap, best, latest, review, price, sell, buy, recommendation, tips, tutorial, guide, how to, vs, versus, compared to, comparison, alternatives, which is better, expensive, discount, deals, sale, affordable, cost, online, offline, marketplace, store, shop, retailer, where to buy, worst, quality, original, genuine, fake, replica, authentic, brand, manufacturer, company, product, samsung product, sell samsung, buy samsung, cheap samsung, best samsung, samsung review, where to buy samsung, how to choose samsung, top samsung, samsung guide, samsung for sale, samsung deals
2026-09-04 09:05:42,999 - INFO - Generated 50 niche-clue pairs for 'samsung'.
2026-09-04 09:05:43,002 - INFO - Expanded 50 seed keywords to 218 variations
2026-09-04 09:05:43,003 - INFO - 🔧 Request Handler initialized - Success rate: 100.0%
2026-09-04 09:10:08,459 - INFO - Original clue keywords: laptop, performance
2026-09-04 09:10:08,459 - INFO - Niche-focused seeds: laptop samsung, samsung laptop, laptop cheap, cheap laptop, laptop best, best laptop, laptop latest, latest laptop, laptop review, review laptop, laptop price, price laptop, laptop sell, sell laptop, laptop buy, buy laptop, laptop recommendation, recommendation laptop, laptop tips, tips laptop, laptop tutorial, tutorial laptop, laptop guide, guide laptop, laptop how to, how to laptop, laptop vs, vs laptop, laptop versus, versus laptop, laptop compared to, compared to laptop, laptop comparison, comparison laptop, laptop alternatives, alternatives laptop, laptop which is better, which is better laptop, laptop expensive, expensive laptop, laptop discount, discount laptop, laptop deals, deals laptop, laptop sale, sale laptop, laptop affordable, affordable laptop, laptop cost, cost laptop, laptop online, online laptop, laptop offline, offline laptop, laptop marketplace, marketplace laptop, laptop store, store laptop, laptop shop, shop laptop, laptop retailer, retailer laptop, laptop where to buy, where to buy laptop, laptop worst, worst laptop, laptop quality, quality laptop, laptop original, original laptop, laptop genuine, genuine laptop, laptop fake, fake laptop, laptop replica, replica laptop, laptop authentic, authentic laptop, laptop brand, brand laptop, laptop manufacturer, manufacturer laptop, laptop company, company laptop, laptop product, product laptop, laptop samsung product, samsung product laptop, laptop sell samsung, sell samsung laptop, laptop buy samsung, buy samsung laptop, laptop cheap samsung, cheap samsung laptop, laptop best samsung, best samsung laptop, laptop samsung review, samsung review laptop, laptop where to buy samsung, where to buy samsung laptop, laptop how to choose samsung, how to choose samsung laptop, laptop top samsung, top samsung laptop, laptop samsung guide, samsung guide laptop, laptop samsung for sale, samsung for sale laptop, laptop samsung deals, samsung deals laptop, performance samsung, samsung performance, performance cheap, cheap performance, performance best, best performance, performance latest, latest performance, performance review, review performance, performance price, price performance, performance sell, sell performance, performance buy, buy performance, performance recommendation, recommendation performance, performance tips, tips performance, performance tutorial, tutorial performance, performance guide, guide performance, performance how to, how to performance, performance vs, vs performance, performance versus, versus performance, performance compared to, compared to performance, performance comparison, comparison performance, performance alternatives, alternatives performance, performance which is better, which is better performance, performance expensive, expensive performance, performance discount, discount performance, performance deals, deals performance, performance sale, sale performance, performance affordable, affordable performance, performance cost, cost performance, performance online, online performance, performance offline, offline performance, performance marketplace, marketplace performance, performance store, store performance, performance shop, shop performance, performance retailer, retailer performance, performance where to buy, where to buy performance, performance worst, worst performance, performance quality, quality performance, performance original, original performance, performance genuine, genuine performance, performance fake, fake performance, performance replica, replica performance, performance authentic, authentic performance, performance brand, brand performance, performance manufacturer, manufacturer performance, performance company, company performance, performance product, product performance, performance samsung product, samsung product performance, performance sell samsung, sell samsung performance, performance buy samsung, buy samsung performance, performance cheap samsung, cheap samsung performance, performance best samsung, best samsung performance, performance samsung review, samsung review performance, performance where to buy samsung, where to buy samsung performance, performance how to choose samsung, how to choose samsung performance, performance top samsung, top samsung performance, performance samsung guide, samsung guide performance, performance samsung for sale, samsung for sale performance, performance samsung deals, samsung deals performance
2026-09-04 09:10:08,462 - INFO - Expanded 220 seed keywords to 385 variations
2026-09-04 09:10:08,462 - INFO - Language: en
2026-09-04 09:10:08,462 - INFO - Region: us
2026-09-04 09:12:35,997 - INFO - 🎯 After all filtering for 'samsung': 120 relevant keywords
2026-09-04 09:12:36,187 - INFO - 🎯 Found 5 new keywords for niche 'samsung': samsung affordable laptop, cheap affordable laptop, best affordable laptop, how to affordable laptop, samsung affordable performance
2026-09-04 09:12:51,993 - INFO - ✅ Niche 'samsung' process complete! 636 total keyword results.
2026-09-04 09:12:51,993 - INFO - ✅ Completed processing niche: 'samsung'
2026-09-04 09:12:51,993 - INFO - 🔧 Request Handler final stats - Success rate: 100.0%
2026-09-04 09:12:51,993 - INFO -    Total requests: 187895, Blocks: 1
2026-09-04 09:12:51,994 - INFO - 
========================================
2026-09-04 09:12:51,995 - INFO - Process Summary:
2026-09-04 09:12:51,995 - INFO - - Current niche: 'samsung'
2026-09-04 09:12:51,995 - INFO - - Next niche will be: 'apple'
2026-09-04 09:12:51,995 - INFO - - Keywords saved in: languages/english/keywords/samsung/
2026-09-04 09:12:51,996 - INFO - ========================================
