2026-08-18 17:05:05,800 - INFO - Log file created at: /home/runner/work/potensitech.com/potensitech.com/languages/english/keywords/logs/kw_search_20260818_170505.log
2026-08-18 17:05:05,801 - INFO - ============================================================
2026-08-18 17:05:05,801 - INFO - AUTOMATIC KEYWORD RESEARCH TOOL
2026-08-18 17:05:05,801 - INFO - ============================================================
2026-08-18 17:05:06,108 - INFO - ========================================
2026-08-18 17:05:06,108 - INFO - Found 14 niches to process: xiaomi, iphone, samsung, apple, sony, asus, philips, sandisk, intel, nvidia, amd, canon, nikon, huawei
2026-08-18 17:05:06,108 - INFO - ========================================
2026-08-18 17:05:06,108 - INFO - Continuing from last processed niche: asus
2026-08-18 17:05:06,108 - INFO - ========================================
2026-08-18 17:05:06,108 - INFO - 🎯 PROCESSING NICHE 7/14: 'philips'
2026-08-18 17:05:06,108 - INFO - ========================================
2026-08-18 17:05:06,108 - INFO - 📁 Niche directory: /home/runner/work/potensitech.com/potensitech.com/languages/english/keywords/philips
2026-08-18 17:05:06,108 - INFO - Selected region: us
2026-08-18 17:05:06,109 - INFO - Selected language: en
2026-08-18 17:05:06,109 - INFO - 🎯 Current niche: philips
2026-08-18 17:05:06,837 - INFO - 🎯 Niche terms for filtering: philips, cheap, best, latest, review, price, sell, buy, recommendation, tips, tutorial, guide, how to, vs, versus, compared to, comparison, alternatives, which is better, expensive, discount, deals, sale, affordable, cost, online, offline, marketplace, store, shop, retailer, where to buy, worst, quality, original, genuine, fake, replica, authentic, brand, manufacturer, company, product, philips product, sell philips, buy philips, cheap philips, best philips, philips review, where to buy philips, how to choose philips, top philips, philips guide, philips for sale, philips deals
2026-08-18 17:05:06,838 - INFO - Generated 50 niche-clue pairs for 'philips'.
2026-08-18 17:05:06,841 - INFO - Expanded 50 seed keywords to 218 variations
2026-08-18 17:05:06,848 - INFO - 🔧 Request Handler initialized - Success rate: 100.0%
2026-08-18 17:09:34,913 - INFO - Original clue keywords: flagship phone, amoled display
2026-08-18 17:09:34,913 - INFO - Niche-focused seeds: flagship phone philips, philips flagship phone, flagship phone cheap, cheap flagship phone, flagship phone best, best flagship phone, flagship phone latest, latest flagship phone, flagship phone review, review flagship phone, flagship phone price, price flagship phone, flagship phone sell, sell flagship phone, flagship phone buy, buy flagship phone, flagship phone recommendation, recommendation flagship phone, flagship phone tips, tips flagship phone, flagship phone tutorial, tutorial flagship phone, flagship phone guide, guide flagship phone, flagship phone how to, how to flagship phone, flagship phone vs, vs flagship phone, flagship phone versus, versus flagship phone, flagship phone compared to, compared to flagship phone, flagship phone comparison, comparison flagship phone, flagship phone alternatives, alternatives flagship phone, flagship phone which is better, which is better flagship phone, flagship phone expensive, expensive flagship phone, flagship phone discount, discount flagship phone, flagship phone deals, deals flagship phone, flagship phone sale, sale flagship phone, flagship phone affordable, affordable flagship phone, flagship phone cost, cost flagship phone, flagship phone online, online flagship phone, flagship phone offline, offline flagship phone, flagship phone marketplace, marketplace flagship phone, flagship phone store, store flagship phone, flagship phone shop, shop flagship phone, flagship phone retailer, retailer flagship phone, flagship phone where to buy, where to buy flagship phone, flagship phone worst, worst flagship phone, flagship phone quality, quality flagship phone, flagship phone original, original flagship phone, flagship phone genuine, genuine flagship phone, flagship phone fake, fake flagship phone, flagship phone replica, replica flagship phone, flagship phone authentic, authentic flagship phone, flagship phone brand, brand flagship phone, flagship phone manufacturer, manufacturer flagship phone, flagship phone company, company flagship phone, flagship phone product, product flagship phone, flagship phone philips product, philips product flagship phone, flagship phone sell philips, sell philips flagship phone, flagship phone buy philips, buy philips flagship phone, flagship phone cheap philips, cheap philips flagship phone, flagship phone best philips, best philips flagship phone, flagship phone philips review, philips review flagship phone, flagship phone where to buy philips, where to buy philips flagship phone, flagship phone how to choose philips, how to choose philips flagship phone, flagship phone top philips, top philips flagship phone, flagship phone philips guide, philips guide flagship phone, flagship phone philips for sale, philips for sale flagship phone, flagship phone philips deals, philips deals flagship phone, amoled display philips, philips amoled display, amoled display cheap, cheap amoled display, amoled display best, best amoled display, amoled display latest, latest amoled display, amoled display review, review amoled display, amoled display price, price amoled display, amoled display sell, sell amoled display, amoled display buy, buy amoled display, amoled display recommendation, recommendation amoled display, amoled display tips, tips amoled display, amoled display tutorial, tutorial amoled display, amoled display guide, guide amoled display, amoled display how to, how to amoled display, amoled display vs, vs amoled display, amoled display versus, versus amoled display, amoled display compared to, compared to amoled display, amoled display comparison, comparison amoled display, amoled display alternatives, alternatives amoled display, amoled display which is better, which is better amoled display, amoled display expensive, expensive amoled display, amoled display discount, discount amoled display, amoled display deals, deals amoled display, amoled display sale, sale amoled display, amoled display affordable, affordable amoled display, amoled display cost, cost amoled display, amoled display online, online amoled display, amoled display offline, offline amoled display, amoled display marketplace, marketplace amoled display, amoled display store, store amoled display, amoled display shop, shop amoled display, amoled display retailer, retailer amoled display, amoled display where to buy, where to buy amoled display, amoled display worst, worst amoled display, amoled display quality, quality amoled display, amoled display original, original amoled display, amoled display genuine, genuine amoled display, amoled display fake, fake amoled display, amoled display replica, replica amoled display, amoled display authentic, authentic amoled display, amoled display brand, brand amoled display, amoled display manufacturer, manufacturer amoled display, amoled display company, company amoled display, amoled display product, product amoled display, amoled display philips product, philips product amoled display, amoled display sell philips, sell philips amoled display, amoled display buy philips, buy philips amoled display, amoled display cheap philips, cheap philips amoled display, amoled display best philips, best philips amoled display, amoled display philips review, philips review amoled display, amoled display where to buy philips, where to buy philips amoled display, amoled display how to choose philips, how to choose philips amoled display, amoled display top philips, top philips amoled display, amoled display philips guide, philips guide amoled display, amoled display philips for sale, philips for sale amoled display, amoled display philips deals, philips deals amoled display
2026-08-18 17:09:34,916 - INFO - Expanded 220 seed keywords to 385 variations
2026-08-18 17:09:34,917 - INFO - Language: en
2026-08-18 17:09:34,917 - INFO - Region: us
2026-08-18 17:14:05,692 - INFO - 🎯 After all filtering for 'philips': 120 relevant keywords
2026-08-18 17:14:07,647 - INFO - 🎯 Found 5 new keywords for niche 'philips': philips affordable amoled display, philips affordable flagship phone, cheap alternatives amoled display, cheap alternatives flagship phone, best amoled display authentic
2026-08-18 17:14:08,084 - INFO - ✅ Niche 'philips' process complete! 695 total keyword results.
2026-08-18 17:14:08,084 - INFO - ✅ Completed processing niche: 'philips'
2026-08-18 17:14:08,084 - INFO - 🔧 Request Handler final stats - Success rate: 100.0%
2026-08-18 17:14:08,084 - INFO -    Total requests: 174909, Blocks: 1
2026-08-18 17:14:08,086 - INFO - 
========================================
2026-08-18 17:14:08,086 - INFO - Process Summary:
2026-08-18 17:14:08,086 - INFO - - Current niche: 'philips'
2026-08-18 17:14:08,086 - INFO - - Next niche will be: 'sandisk'
2026-08-18 17:14:08,086 - INFO - - Keywords saved in: languages/english/keywords/philips/
2026-08-18 17:14:08,086 - INFO - ========================================
