2026-09-25 20:09:08,538 - INFO - Log file created at: /home/runner/work/potensitech.com/potensitech.com/languages/english/keywords/logs/kw_search_20260925_200908.log
2026-09-25 20:09:08,538 - INFO - ============================================================
2026-09-25 20:09:08,538 - INFO - AUTOMATIC KEYWORD RESEARCH TOOL
2026-09-25 20:09:08,538 - INFO - ============================================================
2026-09-25 20:09:08,834 - INFO - ========================================
2026-09-25 20:09:08,834 - INFO - Found 14 niches to process: xiaomi, iphone, samsung, apple, sony, asus, philips, sandisk, intel, nvidia, amd, canon, nikon, huawei
2026-09-25 20:09:08,834 - INFO - ========================================
2026-09-25 20:09:08,834 - INFO - Continuing from last processed niche: philips
2026-09-25 20:09:08,834 - INFO - ========================================
2026-09-25 20:09:08,834 - INFO - 🎯 PROCESSING NICHE 8/14: 'sandisk'
2026-09-25 20:09:08,834 - INFO - ========================================
2026-09-25 20:09:08,834 - INFO - 📁 Niche directory: /home/runner/work/potensitech.com/potensitech.com/languages/english/keywords/sandisk
2026-09-25 20:09:08,835 - INFO - Selected region: us
2026-09-25 20:09:08,835 - INFO - Selected language: en
2026-09-25 20:09:08,835 - INFO - 🎯 Current niche: sandisk
2026-09-25 20:09:19,525 - INFO - 🎯 Niche terms for filtering: sandisk, cheap, best, latest, review, price, sell, buy, recommendation, tips, tutorial, guide, how to, vs, versus, compared to, comparison, alternatives, which is better, expensive, discount, deals, sale, affordable, cost, online, offline, marketplace, store, shop, retailer, where to buy, worst, quality, original, genuine, fake, replica, authentic, brand, manufacturer, company, product, sandisk product, sell sandisk, buy sandisk, cheap sandisk, best sandisk, sandisk review, where to buy sandisk, how to choose sandisk, top sandisk, sandisk guide, sandisk for sale, sandisk deals
2026-09-25 20:09:19,525 - INFO - Generated 50 niche-clue pairs for 'sandisk'.
2026-09-25 20:09:19,527 - INFO - Expanded 50 seed keywords to 218 variations
2026-09-25 20:09:19,528 - INFO - 🔧 Request Handler initialized - Success rate: 100.0%
2026-09-25 20:13:41,626 - INFO - Original clue keywords: power efficiency, smartphone features
2026-09-25 20:13:41,626 - INFO - Niche-focused seeds: power efficiency sandisk, sandisk power efficiency, power efficiency cheap, cheap power efficiency, power efficiency best, best power efficiency, power efficiency latest, latest power efficiency, power efficiency review, review power efficiency, power efficiency price, price power efficiency, power efficiency sell, sell power efficiency, power efficiency buy, buy power efficiency, power efficiency recommendation, recommendation power efficiency, power efficiency tips, tips power efficiency, power efficiency tutorial, tutorial power efficiency, power efficiency guide, guide power efficiency, power efficiency how to, how to power efficiency, power efficiency vs, vs power efficiency, power efficiency versus, versus power efficiency, power efficiency compared to, compared to power efficiency, power efficiency comparison, comparison power efficiency, power efficiency alternatives, alternatives power efficiency, power efficiency which is better, which is better power efficiency, power efficiency expensive, expensive power efficiency, power efficiency discount, discount power efficiency, power efficiency deals, deals power efficiency, power efficiency sale, sale power efficiency, power efficiency affordable, affordable power efficiency, power efficiency cost, cost power efficiency, power efficiency online, online power efficiency, power efficiency offline, offline power efficiency, power efficiency marketplace, marketplace power efficiency, power efficiency store, store power efficiency, power efficiency shop, shop power efficiency, power efficiency retailer, retailer power efficiency, power efficiency where to buy, where to buy power efficiency, power efficiency worst, worst power efficiency, power efficiency quality, quality power efficiency, power efficiency original, original power efficiency, power efficiency genuine, genuine power efficiency, power efficiency fake, fake power efficiency, power efficiency replica, replica power efficiency, power efficiency authentic, authentic power efficiency, power efficiency brand, brand power efficiency, power efficiency manufacturer, manufacturer power efficiency, power efficiency company, company power efficiency, power efficiency product, product power efficiency, power efficiency sandisk product, sandisk product power efficiency, power efficiency sell sandisk, sell sandisk power efficiency, power efficiency buy sandisk, buy sandisk power efficiency, power efficiency cheap sandisk, cheap sandisk power efficiency, power efficiency best sandisk, best sandisk power efficiency, power efficiency sandisk review, sandisk review power efficiency, power efficiency where to buy sandisk, where to buy sandisk power efficiency, power efficiency how to choose sandisk, how to choose sandisk power efficiency, power efficiency top sandisk, top sandisk power efficiency, power efficiency sandisk guide, sandisk guide power efficiency, power efficiency sandisk for sale, sandisk for sale power efficiency, power efficiency sandisk deals, sandisk deals power efficiency, smartphone features sandisk, sandisk smartphone features, smartphone features cheap, cheap smartphone features, smartphone features best, best smartphone features, smartphone features latest, latest smartphone features, smartphone features review, review smartphone features, smartphone features price, price smartphone features, smartphone features sell, sell smartphone features, smartphone features buy, buy smartphone features, smartphone features recommendation, recommendation smartphone features, smartphone features tips, tips smartphone features, smartphone features tutorial, tutorial smartphone features, smartphone features guide, guide smartphone features, smartphone features how to, how to smartphone features, smartphone features vs, vs smartphone features, smartphone features versus, versus smartphone features, smartphone features compared to, compared to smartphone features, smartphone features comparison, comparison smartphone features, smartphone features alternatives, alternatives smartphone features, smartphone features which is better, which is better smartphone features, smartphone features expensive, expensive smartphone features, smartphone features discount, discount smartphone features, smartphone features deals, deals smartphone features, smartphone features sale, sale smartphone features, smartphone features affordable, affordable smartphone features, smartphone features cost, cost smartphone features, smartphone features online, online smartphone features, smartphone features offline, offline smartphone features, smartphone features marketplace, marketplace smartphone features, smartphone features store, store smartphone features, smartphone features shop, shop smartphone features, smartphone features retailer, retailer smartphone features, smartphone features where to buy, where to buy smartphone features, smartphone features worst, worst smartphone features, smartphone features quality, quality smartphone features, smartphone features original, original smartphone features, smartphone features genuine, genuine smartphone features, smartphone features fake, fake smartphone features, smartphone features replica, replica smartphone features, smartphone features authentic, authentic smartphone features, smartphone features brand, brand smartphone features, smartphone features manufacturer, manufacturer smartphone features, smartphone features company, company smartphone features, smartphone features product, product smartphone features, smartphone features sandisk product, sandisk product smartphone features, smartphone features sell sandisk, sell sandisk smartphone features, smartphone features buy sandisk, buy sandisk smartphone features, smartphone features cheap sandisk, cheap sandisk smartphone features, smartphone features best sandisk, best sandisk smartphone features, smartphone features sandisk review, sandisk review smartphone features, smartphone features where to buy sandisk, where to buy sandisk smartphone features, smartphone features how to choose sandisk, how to choose sandisk smartphone features, smartphone features top sandisk, top sandisk smartphone features, smartphone features sandisk guide, sandisk guide smartphone features, smartphone features sandisk for sale, sandisk for sale smartphone features, smartphone features sandisk deals, sandisk deals smartphone features
2026-09-25 20:13:41,628 - INFO - Expanded 220 seed keywords to 385 variations
2026-09-25 20:13:41,628 - INFO - Language: en
2026-09-25 20:13:41,628 - INFO - Region: us
2026-09-25 20:16:06,874 - INFO - 🎯 After all filtering for 'sandisk': 120 relevant keywords
2026-09-25 20:16:08,241 - INFO - 🎯 Found 5 new keywords for niche 'sandisk': sandisk affordable power efficiency, sandisk affordable smartphone features, cheap alternatives power efficiency, best authentic power efficiency, how to brand power efficiency
2026-09-25 20:16:25,092 - INFO - ✅ Niche 'sandisk' process complete! 865 total keyword results.
2026-09-25 20:16:25,093 - INFO - ✅ Completed processing niche: 'sandisk'
2026-09-25 20:16:25,093 - INFO - 🔧 Request Handler final stats - Success rate: 100.0%
2026-09-25 20:16:25,093 - INFO -    Total requests: 206162, Blocks: 1
2026-09-25 20:16:25,094 - INFO - 
========================================
2026-09-25 20:16:25,094 - INFO - Process Summary:
2026-09-25 20:16:25,094 - INFO - - Current niche: 'sandisk'
2026-09-25 20:16:25,094 - INFO - - Next niche will be: 'intel'
2026-09-25 20:16:25,094 - INFO - - Keywords saved in: languages/english/keywords/sandisk/
2026-09-25 20:16:25,095 - INFO - ========================================
