2026-08-18 14:55:27,528 - INFO - Log file created at: /home/runner/work/potensitech.com/potensitech.com/languages/english/keywords/logs/kw_search_20260818_145527.log
2026-08-18 14:55:27,528 - INFO - ============================================================
2026-08-18 14:55:27,528 - INFO - AUTOMATIC KEYWORD RESEARCH TOOL
2026-08-18 14:55:27,528 - INFO - ============================================================
2026-08-18 14:55:27,852 - INFO - ========================================
2026-08-18 14:55:27,852 - INFO - Found 14 niches to process: xiaomi, iphone, samsung, apple, sony, asus, philips, sandisk, intel, nvidia, amd, canon, nikon, huawei
2026-08-18 14:55:27,852 - INFO - ========================================
2026-08-18 14:55:27,852 - INFO - Continuing from last processed niche: sony
2026-08-18 14:55:27,852 - INFO - ========================================
2026-08-18 14:55:27,852 - INFO - 🎯 PROCESSING NICHE 6/14: 'asus'
2026-08-18 14:55:27,852 - INFO - ========================================
2026-08-18 14:55:27,853 - INFO - 📁 Niche directory: /home/runner/work/potensitech.com/potensitech.com/languages/english/keywords/asus
2026-08-18 14:55:27,853 - INFO - Selected region: us
2026-08-18 14:55:27,853 - INFO - Selected language: en
2026-08-18 14:55:27,853 - INFO - 🎯 Current niche: asus
2026-08-18 14:55:28,557 - INFO - 🎯 Niche terms for filtering: asus, cheap, best, latest, review, price, sell, buy, recommendation, tips, tutorial, guide, how to, vs, versus, compared to, comparison, alternatives, which is better, expensive, discount, deals, sale, affordable, cost, online, offline, marketplace, store, shop, retailer, where to buy, worst, quality, original, genuine, fake, replica, authentic, brand, manufacturer, company, product, asus product, sell asus, buy asus, cheap asus, best asus, asus review, where to buy asus, how to choose asus, top asus, asus guide, asus for sale, asus deals
2026-08-18 14:55:28,557 - INFO - Generated 50 niche-clue pairs for 'asus'.
2026-08-18 14:55:28,560 - INFO - Expanded 50 seed keywords to 218 variations
2026-08-18 14:55:28,569 - INFO - 🔧 Request Handler initialized - Success rate: 100.0%
2026-08-18 14:59:53,478 - INFO - Original clue keywords: flagship phone, amoled display
2026-08-18 14:59:53,478 - INFO - Niche-focused seeds: flagship phone asus, asus flagship phone, flagship phone cheap, cheap flagship phone, flagship phone best, best flagship phone, flagship phone latest, latest flagship phone, flagship phone review, review flagship phone, flagship phone price, price flagship phone, flagship phone sell, sell flagship phone, flagship phone buy, buy flagship phone, flagship phone recommendation, recommendation flagship phone, flagship phone tips, tips flagship phone, flagship phone tutorial, tutorial flagship phone, flagship phone guide, guide flagship phone, flagship phone how to, how to flagship phone, flagship phone vs, vs flagship phone, flagship phone versus, versus flagship phone, flagship phone compared to, compared to flagship phone, flagship phone comparison, comparison flagship phone, flagship phone alternatives, alternatives flagship phone, flagship phone which is better, which is better flagship phone, flagship phone expensive, expensive flagship phone, flagship phone discount, discount flagship phone, flagship phone deals, deals flagship phone, flagship phone sale, sale flagship phone, flagship phone affordable, affordable flagship phone, flagship phone cost, cost flagship phone, flagship phone online, online flagship phone, flagship phone offline, offline flagship phone, flagship phone marketplace, marketplace flagship phone, flagship phone store, store flagship phone, flagship phone shop, shop flagship phone, flagship phone retailer, retailer flagship phone, flagship phone where to buy, where to buy flagship phone, flagship phone worst, worst flagship phone, flagship phone quality, quality flagship phone, flagship phone original, original flagship phone, flagship phone genuine, genuine flagship phone, flagship phone fake, fake flagship phone, flagship phone replica, replica flagship phone, flagship phone authentic, authentic flagship phone, flagship phone brand, brand flagship phone, flagship phone manufacturer, manufacturer flagship phone, flagship phone company, company flagship phone, flagship phone product, product flagship phone, flagship phone asus product, asus product flagship phone, flagship phone sell asus, sell asus flagship phone, flagship phone buy asus, buy asus flagship phone, flagship phone cheap asus, cheap asus flagship phone, flagship phone best asus, best asus flagship phone, flagship phone asus review, asus review flagship phone, flagship phone where to buy asus, where to buy asus flagship phone, flagship phone how to choose asus, how to choose asus flagship phone, flagship phone top asus, top asus flagship phone, flagship phone asus guide, asus guide flagship phone, flagship phone asus for sale, asus for sale flagship phone, flagship phone asus deals, asus deals flagship phone, amoled display asus, asus amoled display, amoled display cheap, cheap amoled display, amoled display best, best amoled display, amoled display latest, latest amoled display, amoled display review, review amoled display, amoled display price, price amoled display, amoled display sell, sell amoled display, amoled display buy, buy amoled display, amoled display recommendation, recommendation amoled display, amoled display tips, tips amoled display, amoled display tutorial, tutorial amoled display, amoled display guide, guide amoled display, amoled display how to, how to amoled display, amoled display vs, vs amoled display, amoled display versus, versus amoled display, amoled display compared to, compared to amoled display, amoled display comparison, comparison amoled display, amoled display alternatives, alternatives amoled display, amoled display which is better, which is better amoled display, amoled display expensive, expensive amoled display, amoled display discount, discount amoled display, amoled display deals, deals amoled display, amoled display sale, sale amoled display, amoled display affordable, affordable amoled display, amoled display cost, cost amoled display, amoled display online, online amoled display, amoled display offline, offline amoled display, amoled display marketplace, marketplace amoled display, amoled display store, store amoled display, amoled display shop, shop amoled display, amoled display retailer, retailer amoled display, amoled display where to buy, where to buy amoled display, amoled display worst, worst amoled display, amoled display quality, quality amoled display, amoled display original, original amoled display, amoled display genuine, genuine amoled display, amoled display fake, fake amoled display, amoled display replica, replica amoled display, amoled display authentic, authentic amoled display, amoled display brand, brand amoled display, amoled display manufacturer, manufacturer amoled display, amoled display company, company amoled display, amoled display product, product amoled display, amoled display asus product, asus product amoled display, amoled display sell asus, sell asus amoled display, amoled display buy asus, buy asus amoled display, amoled display cheap asus, cheap asus amoled display, amoled display best asus, best asus amoled display, amoled display asus review, asus review amoled display, amoled display where to buy asus, where to buy asus amoled display, amoled display how to choose asus, how to choose asus amoled display, amoled display top asus, top asus amoled display, amoled display asus guide, asus guide amoled display, amoled display asus for sale, asus for sale amoled display, amoled display asus deals, asus deals amoled display
2026-08-18 14:59:53,481 - INFO - Expanded 220 seed keywords to 385 variations
2026-08-18 14:59:53,481 - INFO - Language: en
2026-08-18 14:59:53,481 - INFO - Region: us
2026-08-18 15:03:47,863 - INFO - 🎯 After all filtering for 'asus': 120 relevant keywords
2026-08-18 15:03:49,996 - INFO - 🎯 Found 5 new keywords for niche 'asus': asus affordable amoled display, asus affordable flagship phone, cheap alternatives amoled display, cheap alternatives flagship phone, best amoled display authentic
2026-08-18 15:03:50,454 - INFO - ✅ Niche 'asus' process complete! 820 total keyword results.
2026-08-18 15:03:50,454 - INFO - ✅ Completed processing niche: 'asus'
2026-08-18 15:03:50,454 - INFO - 🔧 Request Handler final stats - Success rate: 100.0%
2026-08-18 15:03:50,454 - INFO -    Total requests: 174819, Blocks: 1
2026-08-18 15:03:50,456 - INFO - 
========================================
2026-08-18 15:03:50,456 - INFO - Process Summary:
2026-08-18 15:03:50,456 - INFO - - Current niche: 'asus'
2026-08-18 15:03:50,456 - INFO - - Next niche will be: 'philips'
2026-08-18 15:03:50,456 - INFO - - Keywords saved in: languages/english/keywords/asus/
2026-08-18 15:03:50,456 - INFO - ========================================
