2026-08-19 07:54:16,417 - INFO - Log file created at: /home/runner/work/potensitech.com/potensitech.com/languages/english/keywords/logs/kw_search_20260819_075416.log
2026-08-19 07:54:16,417 - INFO - ============================================================
2026-08-19 07:54:16,417 - INFO - AUTOMATIC KEYWORD RESEARCH TOOL
2026-08-19 07:54:16,417 - INFO - ============================================================
2026-08-19 07:54:16,715 - INFO - ========================================
2026-08-19 07:54:16,715 - INFO - Found 14 niches to process: xiaomi, iphone, samsung, apple, sony, asus, philips, sandisk, intel, nvidia, amd, canon, nikon, huawei
2026-08-19 07:54:16,715 - INFO - ========================================
2026-08-19 07:54:16,715 - INFO - Continuing from last processed niche: canon
2026-08-19 07:54:16,715 - INFO - ========================================
2026-08-19 07:54:16,715 - INFO - 🎯 PROCESSING NICHE 13/14: 'nikon'
2026-08-19 07:54:16,715 - INFO - ========================================
2026-08-19 07:54:16,716 - INFO - 📁 Niche directory: /home/runner/work/potensitech.com/potensitech.com/languages/english/keywords/nikon
2026-08-19 07:54:16,716 - INFO - Selected region: us
2026-08-19 07:54:16,716 - INFO - Selected language: en
2026-08-19 07:54:16,716 - INFO - 🎯 Current niche: nikon
2026-08-19 07:54:17,506 - INFO - 🎯 Niche terms for filtering: nikon, cheap, best, latest, review, price, sell, buy, recommendation, tips, tutorial, guide, how to, vs, versus, compared to, comparison, alternatives, which is better, expensive, discount, deals, sale, affordable, cost, online, offline, marketplace, store, shop, retailer, where to buy, worst, quality, original, genuine, fake, replica, authentic, brand, manufacturer, company, product, nikon product, sell nikon, buy nikon, cheap nikon, best nikon, nikon review, where to buy nikon, how to choose nikon, top nikon, nikon guide, nikon for sale, nikon deals
2026-08-19 07:54:17,507 - INFO - Generated 50 niche-clue pairs for 'nikon'.
2026-08-19 07:54:17,510 - INFO - Expanded 50 seed keywords to 218 variations
2026-08-19 07:54:17,510 - INFO - 🔧 Request Handler initialized - Success rate: 100.0%
2026-08-19 07:58:42,387 - INFO - Original clue keywords: amoled display, megapixels
2026-08-19 07:58:42,387 - INFO - Niche-focused seeds: amoled display nikon, nikon amoled display, amoled display cheap, cheap amoled display, amoled display best, best amoled display, amoled display latest, latest amoled display, amoled display review, review amoled display, amoled display price, price amoled display, amoled display sell, sell amoled display, amoled display buy, buy amoled display, amoled display recommendation, recommendation amoled display, amoled display tips, tips amoled display, amoled display tutorial, tutorial amoled display, amoled display guide, guide amoled display, amoled display how to, how to amoled display, amoled display vs, vs amoled display, amoled display versus, versus amoled display, amoled display compared to, compared to amoled display, amoled display comparison, comparison amoled display, amoled display alternatives, alternatives amoled display, amoled display which is better, which is better amoled display, amoled display expensive, expensive amoled display, amoled display discount, discount amoled display, amoled display deals, deals amoled display, amoled display sale, sale amoled display, amoled display affordable, affordable amoled display, amoled display cost, cost amoled display, amoled display online, online amoled display, amoled display offline, offline amoled display, amoled display marketplace, marketplace amoled display, amoled display store, store amoled display, amoled display shop, shop amoled display, amoled display retailer, retailer amoled display, amoled display where to buy, where to buy amoled display, amoled display worst, worst amoled display, amoled display quality, quality amoled display, amoled display original, original amoled display, amoled display genuine, genuine amoled display, amoled display fake, fake amoled display, amoled display replica, replica amoled display, amoled display authentic, authentic amoled display, amoled display brand, brand amoled display, amoled display manufacturer, manufacturer amoled display, amoled display company, company amoled display, amoled display product, product amoled display, amoled display nikon product, nikon product amoled display, amoled display sell nikon, sell nikon amoled display, amoled display buy nikon, buy nikon amoled display, amoled display cheap nikon, cheap nikon amoled display, amoled display best nikon, best nikon amoled display, amoled display nikon review, nikon review amoled display, amoled display where to buy nikon, where to buy nikon amoled display, amoled display how to choose nikon, how to choose nikon amoled display, amoled display top nikon, top nikon amoled display, amoled display nikon guide, nikon guide amoled display, amoled display nikon for sale, nikon for sale amoled display, amoled display nikon deals, nikon deals amoled display, megapixels nikon, nikon megapixels, megapixels cheap, cheap megapixels, megapixels best, best megapixels, megapixels latest, latest megapixels, megapixels review, review megapixels, megapixels price, price megapixels, megapixels sell, sell megapixels, megapixels buy, buy megapixels, megapixels recommendation, recommendation megapixels, megapixels tips, tips megapixels, megapixels tutorial, tutorial megapixels, megapixels guide, guide megapixels, megapixels how to, how to megapixels, megapixels vs, vs megapixels, megapixels versus, versus megapixels, megapixels compared to, compared to megapixels, megapixels comparison, comparison megapixels, megapixels alternatives, alternatives megapixels, megapixels which is better, which is better megapixels, megapixels expensive, expensive megapixels, megapixels discount, discount megapixels, megapixels deals, deals megapixels, megapixels sale, sale megapixels, megapixels affordable, affordable megapixels, megapixels cost, cost megapixels, megapixels online, online megapixels, megapixels offline, offline megapixels, megapixels marketplace, marketplace megapixels, megapixels store, store megapixels, megapixels shop, shop megapixels, megapixels retailer, retailer megapixels, megapixels where to buy, where to buy megapixels, megapixels worst, worst megapixels, megapixels quality, quality megapixels, megapixels original, original megapixels, megapixels genuine, genuine megapixels, megapixels fake, fake megapixels, megapixels replica, replica megapixels, megapixels authentic, authentic megapixels, megapixels brand, brand megapixels, megapixels manufacturer, manufacturer megapixels, megapixels company, company megapixels, megapixels product, product megapixels, megapixels nikon product, nikon product megapixels, megapixels sell nikon, sell nikon megapixels, megapixels buy nikon, buy nikon megapixels, megapixels cheap nikon, cheap nikon megapixels, megapixels best nikon, best nikon megapixels, megapixels nikon review, nikon review megapixels, megapixels where to buy nikon, where to buy nikon megapixels, megapixels how to choose nikon, how to choose nikon megapixels, megapixels top nikon, top nikon megapixels, megapixels nikon guide, nikon guide megapixels, megapixels nikon for sale, nikon for sale megapixels, megapixels nikon deals, nikon deals megapixels
2026-08-19 07:58:42,390 - INFO - Expanded 220 seed keywords to 385 variations
2026-08-19 07:58:42,390 - INFO - Language: en
2026-08-19 07:58:42,391 - INFO - Region: us
2026-08-19 08:02:25,690 - INFO - 🎯 After all filtering for 'nikon': 120 relevant keywords
2026-08-19 08:02:25,923 - INFO - 🎯 Found 5 new keywords for niche 'nikon': nikon affordable megapixels, cheap affordable megapixels, best affordable megapixels, how to affordable megapixels, nikon alternatives megapixels
2026-08-19 08:02:26,374 - INFO - ✅ Niche 'nikon' process complete! 669 total keyword results.
2026-08-19 08:02:26,375 - INFO - ✅ Completed processing niche: 'nikon'
2026-08-19 08:02:26,375 - INFO - 🔧 Request Handler final stats - Success rate: 100.0%
2026-08-19 08:02:26,375 - INFO -    Total requests: 175437, Blocks: 1
2026-08-19 08:02:26,376 - INFO - 
========================================
2026-08-19 08:02:26,376 - INFO - Process Summary:
2026-08-19 08:02:26,377 - INFO - - Current niche: 'nikon'
2026-08-19 08:02:26,377 - INFO - - Next niche will be: 'huawei'
2026-08-19 08:02:26,377 - INFO - - Keywords saved in: languages/english/keywords/nikon/
2026-08-19 08:02:26,377 - INFO - ========================================
