2026-09-13 23:27:31,229 - INFO - Log file created at: /home/runner/work/potensitech.com/potensitech.com/languages/english/keywords/logs/kw_search_20260913_232731.log
2026-09-13 23:27:31,230 - INFO - ============================================================
2026-09-13 23:27:31,230 - INFO - AUTOMATIC KEYWORD RESEARCH TOOL
2026-09-13 23:27:31,230 - INFO - ============================================================
2026-09-13 23:27:31,569 - INFO - ========================================
2026-09-13 23:27:31,569 - INFO - Found 14 niches to process: xiaomi, iphone, samsung, apple, sony, asus, philips, sandisk, intel, nvidia, amd, canon, nikon, huawei
2026-09-13 23:27:31,569 - INFO - ========================================
2026-09-13 23:27:31,570 - INFO - Continuing from last processed niche: xiaomi
2026-09-13 23:27:31,570 - INFO - ========================================
2026-09-13 23:27:31,570 - INFO - 🎯 PROCESSING NICHE 2/14: 'iphone'
2026-09-13 23:27:31,570 - INFO - ========================================
2026-09-13 23:27:31,570 - INFO - 📁 Niche directory: /home/runner/work/potensitech.com/potensitech.com/languages/english/keywords/iphone
2026-09-13 23:27:31,570 - INFO - Selected region: us
2026-09-13 23:27:31,570 - INFO - Selected language: en
2026-09-13 23:27:31,570 - INFO - 🎯 Current niche: iphone
2026-09-13 23:27:42,674 - INFO - 🎯 Niche terms for filtering: iphone, cheap, best, latest, review, price, sell, buy, recommendation, tips, tutorial, guide, how to, vs, versus, compared to, comparison, alternatives, which is better, expensive, discount, deals, sale, affordable, cost, online, offline, marketplace, store, shop, retailer, where to buy, worst, quality, original, genuine, fake, replica, authentic, brand, manufacturer, company, product, iphone product, sell iphone, buy iphone, cheap iphone, best iphone, iphone review, where to buy iphone, how to choose iphone, top iphone, iphone guide, iphone for sale, iphone deals
2026-09-13 23:27:42,675 - INFO - Generated 50 niche-clue pairs for 'iphone'.
2026-09-13 23:27:42,678 - INFO - Expanded 50 seed keywords to 218 variations
2026-09-13 23:27:42,679 - INFO - 🔧 Request Handler initialized - Success rate: 100.0%
2026-09-13 23:32:09,088 - INFO - Original clue keywords: dlss technology, cuda cores
2026-09-13 23:32:09,089 - INFO - Niche-focused seeds: dlss technology iphone, iphone dlss technology, dlss technology cheap, cheap dlss technology, dlss technology best, best dlss technology, dlss technology latest, latest dlss technology, dlss technology review, review dlss technology, dlss technology price, price dlss technology, dlss technology sell, sell dlss technology, dlss technology buy, buy dlss technology, dlss technology recommendation, recommendation dlss technology, dlss technology tips, tips dlss technology, dlss technology tutorial, tutorial dlss technology, dlss technology guide, guide dlss technology, dlss technology how to, how to dlss technology, dlss technology vs, vs dlss technology, dlss technology versus, versus dlss technology, dlss technology compared to, compared to dlss technology, dlss technology comparison, comparison dlss technology, dlss technology alternatives, alternatives dlss technology, dlss technology which is better, which is better dlss technology, dlss technology expensive, expensive dlss technology, dlss technology discount, discount dlss technology, dlss technology deals, deals dlss technology, dlss technology sale, sale dlss technology, dlss technology affordable, affordable dlss technology, dlss technology cost, cost dlss technology, dlss technology online, online dlss technology, dlss technology offline, offline dlss technology, dlss technology marketplace, marketplace dlss technology, dlss technology store, store dlss technology, dlss technology shop, shop dlss technology, dlss technology retailer, retailer dlss technology, dlss technology where to buy, where to buy dlss technology, dlss technology worst, worst dlss technology, dlss technology quality, quality dlss technology, dlss technology original, original dlss technology, dlss technology genuine, genuine dlss technology, dlss technology fake, fake dlss technology, dlss technology replica, replica dlss technology, dlss technology authentic, authentic dlss technology, dlss technology brand, brand dlss technology, dlss technology manufacturer, manufacturer dlss technology, dlss technology company, company dlss technology, dlss technology product, product dlss technology, dlss technology iphone product, iphone product dlss technology, dlss technology sell iphone, sell iphone dlss technology, dlss technology buy iphone, buy iphone dlss technology, dlss technology cheap iphone, cheap iphone dlss technology, dlss technology best iphone, best iphone dlss technology, dlss technology iphone review, iphone review dlss technology, dlss technology where to buy iphone, where to buy iphone dlss technology, dlss technology how to choose iphone, how to choose iphone dlss technology, dlss technology top iphone, top iphone dlss technology, dlss technology iphone guide, iphone guide dlss technology, dlss technology iphone for sale, iphone for sale dlss technology, dlss technology iphone deals, iphone deals dlss technology, cuda cores iphone, iphone cuda cores, cuda cores cheap, cheap cuda cores, cuda cores best, best cuda cores, cuda cores latest, latest cuda cores, cuda cores review, review cuda cores, cuda cores price, price cuda cores, cuda cores sell, sell cuda cores, cuda cores buy, buy cuda cores, cuda cores recommendation, recommendation cuda cores, cuda cores tips, tips cuda cores, cuda cores tutorial, tutorial cuda cores, cuda cores guide, guide cuda cores, cuda cores how to, how to cuda cores, cuda cores vs, vs cuda cores, cuda cores versus, versus cuda cores, cuda cores compared to, compared to cuda cores, cuda cores comparison, comparison cuda cores, cuda cores alternatives, alternatives cuda cores, cuda cores which is better, which is better cuda cores, cuda cores expensive, expensive cuda cores, cuda cores discount, discount cuda cores, cuda cores deals, deals cuda cores, cuda cores sale, sale cuda cores, cuda cores affordable, affordable cuda cores, cuda cores cost, cost cuda cores, cuda cores online, online cuda cores, cuda cores offline, offline cuda cores, cuda cores marketplace, marketplace cuda cores, cuda cores store, store cuda cores, cuda cores shop, shop cuda cores, cuda cores retailer, retailer cuda cores, cuda cores where to buy, where to buy cuda cores, cuda cores worst, worst cuda cores, cuda cores quality, quality cuda cores, cuda cores original, original cuda cores, cuda cores genuine, genuine cuda cores, cuda cores fake, fake cuda cores, cuda cores replica, replica cuda cores, cuda cores authentic, authentic cuda cores, cuda cores brand, brand cuda cores, cuda cores manufacturer, manufacturer cuda cores, cuda cores company, company cuda cores, cuda cores product, product cuda cores, cuda cores iphone product, iphone product cuda cores, cuda cores sell iphone, sell iphone cuda cores, cuda cores buy iphone, buy iphone cuda cores, cuda cores cheap iphone, cheap iphone cuda cores, cuda cores best iphone, best iphone cuda cores, cuda cores iphone review, iphone review cuda cores, cuda cores where to buy iphone, where to buy iphone cuda cores, cuda cores how to choose iphone, how to choose iphone cuda cores, cuda cores top iphone, top iphone cuda cores, cuda cores iphone guide, iphone guide cuda cores, cuda cores iphone for sale, iphone for sale cuda cores, cuda cores iphone deals, iphone deals cuda cores
2026-09-13 23:32:09,092 - INFO - Expanded 220 seed keywords to 385 variations
2026-09-13 23:32:09,092 - INFO - Language: en
2026-09-13 23:32:09,092 - INFO - Region: us
2026-09-13 23:34:35,853 - INFO - 🎯 After all filtering for 'iphone': 120 relevant keywords
2026-09-13 23:34:39,534 - INFO - 🎯 Found 4 new keywords for niche 'iphone': iphone affordable cuda cores, iphone affordable dlss technology, cheap alternatives cuda cores, best authentic cuda cores
2026-09-13 23:34:55,341 - INFO - ✅ Niche 'iphone' process complete! 887 total keyword results.
2026-09-13 23:34:55,341 - INFO - ✅ Completed processing niche: 'iphone'
2026-09-13 23:34:55,342 - INFO - 🔧 Request Handler final stats - Success rate: 100.0%
2026-09-13 23:34:55,342 - INFO -    Total requests: 196057, Blocks: 1
2026-09-13 23:34:55,343 - INFO - 
========================================
2026-09-13 23:34:55,343 - INFO - Process Summary:
2026-09-13 23:34:55,343 - INFO - - Current niche: 'iphone'
2026-09-13 23:34:55,343 - INFO - - Next niche will be: 'samsung'
2026-09-13 23:34:55,343 - INFO - - Keywords saved in: languages/english/keywords/iphone/
2026-09-13 23:34:55,343 - INFO - ========================================
