2026-08-06 03:25:35,461 - INFO - Log file created at: /home/runner/work/potensitech.com/potensitech.com/languages/english/keywords/logs/kw_search_20260806_032535.log
2026-08-06 03:25:35,461 - INFO - ============================================================
2026-08-06 03:25:35,461 - INFO - AUTOMATIC KEYWORD RESEARCH TOOL
2026-08-06 03:25:35,461 - INFO - ============================================================
2026-08-06 03:25:35,733 - INFO - ========================================
2026-08-06 03:25:35,733 - INFO - Found 14 niches to process: xiaomi, iphone, samsung, apple, sony, asus, philips, sandisk, intel, nvidia, amd, canon, nikon, huawei
2026-08-06 03:25:35,733 - INFO - ========================================
2026-08-06 03:25:35,733 - INFO - Continuing from last processed niche: philips
2026-08-06 03:25:35,733 - INFO - ========================================
2026-08-06 03:25:35,734 - INFO - 🎯 PROCESSING NICHE 8/14: 'sandisk'
2026-08-06 03:25:35,734 - INFO - ========================================
2026-08-06 03:25:35,734 - INFO - 📁 Niche directory: /home/runner/work/potensitech.com/potensitech.com/languages/english/keywords/sandisk
2026-08-06 03:25:35,734 - INFO - Selected region: us
2026-08-06 03:25:35,734 - INFO - Selected language: en
2026-08-06 03:25:35,734 - INFO - 🎯 Current niche: sandisk
2026-08-06 03:25:36,299 - INFO - 🎯 Niche terms for filtering: sandisk, cheap, best, latest, review, price, sell, buy, recommendation, tips, tutorial, guide, how to, vs, versus, compared to, comparison, alternatives, which is better, expensive, discount, deals, sale, affordable, cost, online, offline, marketplace, store, shop, retailer, where to buy, worst, quality, original, genuine, fake, replica, authentic, brand, manufacturer, company, product, sandisk product, sell sandisk, buy sandisk, cheap sandisk, best sandisk, sandisk review, where to buy sandisk, how to choose sandisk, top sandisk, sandisk guide, sandisk for sale, sandisk deals
2026-08-06 03:25:36,299 - INFO - Generated 50 niche-clue pairs for 'sandisk'.
2026-08-06 03:25:36,301 - INFO - Expanded 50 seed keywords to 218 variations
2026-08-06 03:25:36,302 - INFO - 🔧 Request Handler initialized - Success rate: 100.0%
2026-08-06 03:30:03,574 - INFO - Original clue keywords: camera resolution, autofocus technology
2026-08-06 03:30:03,574 - INFO - Niche-focused seeds: camera resolution sandisk, sandisk camera resolution, camera resolution cheap, cheap camera resolution, camera resolution best, best camera resolution, camera resolution latest, latest camera resolution, camera resolution review, review camera resolution, camera resolution price, price camera resolution, camera resolution sell, sell camera resolution, camera resolution buy, buy camera resolution, camera resolution recommendation, recommendation camera resolution, camera resolution tips, tips camera resolution, camera resolution tutorial, tutorial camera resolution, camera resolution guide, guide camera resolution, camera resolution how to, how to camera resolution, camera resolution vs, vs camera resolution, camera resolution versus, versus camera resolution, camera resolution compared to, compared to camera resolution, camera resolution comparison, comparison camera resolution, camera resolution alternatives, alternatives camera resolution, camera resolution which is better, which is better camera resolution, camera resolution expensive, expensive camera resolution, camera resolution discount, discount camera resolution, camera resolution deals, deals camera resolution, camera resolution sale, sale camera resolution, camera resolution affordable, affordable camera resolution, camera resolution cost, cost camera resolution, camera resolution online, online camera resolution, camera resolution offline, offline camera resolution, camera resolution marketplace, marketplace camera resolution, camera resolution store, store camera resolution, camera resolution shop, shop camera resolution, camera resolution retailer, retailer camera resolution, camera resolution where to buy, where to buy camera resolution, camera resolution worst, worst camera resolution, camera resolution quality, quality camera resolution, camera resolution original, original camera resolution, camera resolution genuine, genuine camera resolution, camera resolution fake, fake camera resolution, camera resolution replica, replica camera resolution, camera resolution authentic, authentic camera resolution, camera resolution brand, brand camera resolution, camera resolution manufacturer, manufacturer camera resolution, camera resolution company, company camera resolution, camera resolution product, product camera resolution, camera resolution sandisk product, sandisk product camera resolution, camera resolution sell sandisk, sell sandisk camera resolution, camera resolution buy sandisk, buy sandisk camera resolution, camera resolution cheap sandisk, cheap sandisk camera resolution, camera resolution best sandisk, best sandisk camera resolution, camera resolution sandisk review, sandisk review camera resolution, camera resolution where to buy sandisk, where to buy sandisk camera resolution, camera resolution how to choose sandisk, how to choose sandisk camera resolution, camera resolution top sandisk, top sandisk camera resolution, camera resolution sandisk guide, sandisk guide camera resolution, camera resolution sandisk for sale, sandisk for sale camera resolution, camera resolution sandisk deals, sandisk deals camera resolution, autofocus technology sandisk, sandisk autofocus technology, autofocus technology cheap, cheap autofocus technology, autofocus technology best, best autofocus technology, autofocus technology latest, latest autofocus technology, autofocus technology review, review autofocus technology, autofocus technology price, price autofocus technology, autofocus technology sell, sell autofocus technology, autofocus technology buy, buy autofocus technology, autofocus technology recommendation, recommendation autofocus technology, autofocus technology tips, tips autofocus technology, autofocus technology tutorial, tutorial autofocus technology, autofocus technology guide, guide autofocus technology, autofocus technology how to, how to autofocus technology, autofocus technology vs, vs autofocus technology, autofocus technology versus, versus autofocus technology, autofocus technology compared to, compared to autofocus technology, autofocus technology comparison, comparison autofocus technology, autofocus technology alternatives, alternatives autofocus technology, autofocus technology which is better, which is better autofocus technology, autofocus technology expensive, expensive autofocus technology, autofocus technology discount, discount autofocus technology, autofocus technology deals, deals autofocus technology, autofocus technology sale, sale autofocus technology, autofocus technology affordable, affordable autofocus technology, autofocus technology cost, cost autofocus technology, autofocus technology online, online autofocus technology, autofocus technology offline, offline autofocus technology, autofocus technology marketplace, marketplace autofocus technology, autofocus technology store, store autofocus technology, autofocus technology shop, shop autofocus technology, autofocus technology retailer, retailer autofocus technology, autofocus technology where to buy, where to buy autofocus technology, autofocus technology worst, worst autofocus technology, autofocus technology quality, quality autofocus technology, autofocus technology original, original autofocus technology, autofocus technology genuine, genuine autofocus technology, autofocus technology fake, fake autofocus technology, autofocus technology replica, replica autofocus technology, autofocus technology authentic, authentic autofocus technology, autofocus technology brand, brand autofocus technology, autofocus technology manufacturer, manufacturer autofocus technology, autofocus technology company, company autofocus technology, autofocus technology product, product autofocus technology, autofocus technology sandisk product, sandisk product autofocus technology, autofocus technology sell sandisk, sell sandisk autofocus technology, autofocus technology buy sandisk, buy sandisk autofocus technology, autofocus technology cheap sandisk, cheap sandisk autofocus technology, autofocus technology best sandisk, best sandisk autofocus technology, autofocus technology sandisk review, sandisk review autofocus technology, autofocus technology where to buy sandisk, where to buy sandisk autofocus technology, autofocus technology how to choose sandisk, how to choose sandisk autofocus technology, autofocus technology top sandisk, top sandisk autofocus technology, autofocus technology sandisk guide, sandisk guide autofocus technology, autofocus technology sandisk for sale, sandisk for sale autofocus technology, autofocus technology sandisk deals, sandisk deals autofocus technology
2026-08-06 03:30:03,577 - INFO - Expanded 220 seed keywords to 385 variations
2026-08-06 03:30:03,577 - INFO - Language: en
2026-08-06 03:30:03,577 - INFO - Region: us
2026-08-06 03:30:35,647 - INFO - 🎯 After all filtering for 'sandisk': 120 relevant keywords
2026-08-06 03:30:36,773 - INFO - 🎯 Found 5 new keywords for niche 'sandisk': sandisk affordable autofocus technology, sandisk affordable camera resolution, cheap alternatives autofocus technology, cheap alternatives camera resolution, best authentic autofocus technology
2026-08-06 03:30:37,145 - INFO - ✅ Niche 'sandisk' process complete! 799 total keyword results.
2026-08-06 03:30:37,145 - INFO - ✅ Completed processing niche: 'sandisk'
2026-08-06 03:30:37,145 - INFO - 🔧 Request Handler final stats - Success rate: 100.0%
2026-08-06 03:30:37,145 - INFO -    Total requests: 165205, Blocks: 1
2026-08-06 03:30:37,146 - INFO - 
========================================
2026-08-06 03:30:37,146 - INFO - Process Summary:
2026-08-06 03:30:37,146 - INFO - - Current niche: 'sandisk'
2026-08-06 03:30:37,146 - INFO - - Next niche will be: 'intel'
2026-08-06 03:30:37,146 - INFO - - Keywords saved in: languages/english/keywords/sandisk/
2026-08-06 03:30:37,146 - INFO - ========================================
