2026-08-25 01:44:06,969 - INFO - Log file created at: /home/runner/work/potensitech.com/potensitech.com/languages/english/keywords/logs/kw_search_20260825_014406.log
2026-08-25 01:44:06,970 - INFO - ============================================================
2026-08-25 01:44:06,970 - INFO - AUTOMATIC KEYWORD RESEARCH TOOL
2026-08-25 01:44:06,970 - INFO - ============================================================
2026-08-25 01:44:07,218 - INFO - ========================================
2026-08-25 01:44:07,218 - INFO - Found 14 niches to process: xiaomi, iphone, samsung, apple, sony, asus, philips, sandisk, intel, nvidia, amd, canon, nikon, huawei
2026-08-25 01:44:07,218 - INFO - ========================================
2026-08-25 01:44:07,218 - INFO - Continuing from last processed niche: nikon
2026-08-25 01:44:07,218 - INFO - ========================================
2026-08-25 01:44:07,218 - INFO - 🎯 PROCESSING NICHE 14/14: 'huawei'
2026-08-25 01:44:07,218 - INFO - ========================================
2026-08-25 01:44:07,218 - INFO - 📁 Niche directory: /home/runner/work/potensitech.com/potensitech.com/languages/english/keywords/huawei
2026-08-25 01:44:07,218 - INFO - Selected region: us
2026-08-25 01:44:07,218 - INFO - Selected language: en
2026-08-25 01:44:07,218 - INFO - 🎯 Current niche: huawei
2026-08-25 01:44:23,481 - INFO - 🎯 Niche terms for filtering: huawei, cheap, best, latest, review, price, sell, buy, recommendation, tips, tutorial, guide, how to, vs, versus, compared to, comparison, alternatives, which is better, expensive, discount, deals, sale, affordable, cost, online, offline, marketplace, store, shop, retailer, where to buy, worst, quality, original, genuine, fake, replica, authentic, brand, manufacturer, company, product, huawei product, sell huawei, buy huawei, cheap huawei, best huawei, huawei review, where to buy huawei, how to choose huawei, top huawei, huawei guide, huawei for sale, huawei deals
2026-08-25 01:44:23,481 - INFO - Generated 50 niche-clue pairs for 'huawei'.
2026-08-25 01:44:23,483 - INFO - Expanded 50 seed keywords to 218 variations
2026-08-25 01:44:23,483 - INFO - 🔧 Request Handler initialized - Success rate: 100.0%
2026-08-25 01:48:46,503 - INFO - Original clue keywords: ray tracing, graphics card
2026-08-25 01:48:46,503 - INFO - Niche-focused seeds: ray tracing huawei, huawei ray tracing, ray tracing cheap, cheap ray tracing, ray tracing best, best ray tracing, ray tracing latest, latest ray tracing, ray tracing review, review ray tracing, ray tracing price, price ray tracing, ray tracing sell, sell ray tracing, ray tracing buy, buy ray tracing, ray tracing recommendation, recommendation ray tracing, ray tracing tips, tips ray tracing, ray tracing tutorial, tutorial ray tracing, ray tracing guide, guide ray tracing, ray tracing how to, how to ray tracing, ray tracing vs, vs ray tracing, ray tracing versus, versus ray tracing, ray tracing compared to, compared to ray tracing, ray tracing comparison, comparison ray tracing, ray tracing alternatives, alternatives ray tracing, ray tracing which is better, which is better ray tracing, ray tracing expensive, expensive ray tracing, ray tracing discount, discount ray tracing, ray tracing deals, deals ray tracing, ray tracing sale, sale ray tracing, ray tracing affordable, affordable ray tracing, ray tracing cost, cost ray tracing, ray tracing online, online ray tracing, ray tracing offline, offline ray tracing, ray tracing marketplace, marketplace ray tracing, ray tracing store, store ray tracing, ray tracing shop, shop ray tracing, ray tracing retailer, retailer ray tracing, ray tracing where to buy, where to buy ray tracing, ray tracing worst, worst ray tracing, ray tracing quality, quality ray tracing, ray tracing original, original ray tracing, ray tracing genuine, genuine ray tracing, ray tracing fake, fake ray tracing, ray tracing replica, replica ray tracing, ray tracing authentic, authentic ray tracing, ray tracing brand, brand ray tracing, ray tracing manufacturer, manufacturer ray tracing, ray tracing company, company ray tracing, ray tracing product, product ray tracing, ray tracing huawei product, huawei product ray tracing, ray tracing sell huawei, sell huawei ray tracing, ray tracing buy huawei, buy huawei ray tracing, ray tracing cheap huawei, cheap huawei ray tracing, ray tracing best huawei, best huawei ray tracing, ray tracing huawei review, huawei review ray tracing, ray tracing where to buy huawei, where to buy huawei ray tracing, ray tracing how to choose huawei, how to choose huawei ray tracing, ray tracing top huawei, top huawei ray tracing, ray tracing huawei guide, huawei guide ray tracing, ray tracing huawei for sale, huawei for sale ray tracing, ray tracing huawei deals, huawei deals ray tracing, graphics card huawei, huawei graphics card, graphics card cheap, cheap graphics card, graphics card best, best graphics card, graphics card latest, latest graphics card, graphics card review, review graphics card, graphics card price, price graphics card, graphics card sell, sell graphics card, graphics card buy, buy graphics card, graphics card recommendation, recommendation graphics card, graphics card tips, tips graphics card, graphics card tutorial, tutorial graphics card, graphics card guide, guide graphics card, graphics card how to, how to graphics card, graphics card vs, vs graphics card, graphics card versus, versus graphics card, graphics card compared to, compared to graphics card, graphics card comparison, comparison graphics card, graphics card alternatives, alternatives graphics card, graphics card which is better, which is better graphics card, graphics card expensive, expensive graphics card, graphics card discount, discount graphics card, graphics card deals, deals graphics card, graphics card sale, sale graphics card, graphics card affordable, affordable graphics card, graphics card cost, cost graphics card, graphics card online, online graphics card, graphics card offline, offline graphics card, graphics card marketplace, marketplace graphics card, graphics card store, store graphics card, graphics card shop, shop graphics card, graphics card retailer, retailer graphics card, graphics card where to buy, where to buy graphics card, graphics card worst, worst graphics card, graphics card quality, quality graphics card, graphics card original, original graphics card, graphics card genuine, genuine graphics card, graphics card fake, fake graphics card, graphics card replica, replica graphics card, graphics card authentic, authentic graphics card, graphics card brand, brand graphics card, graphics card manufacturer, manufacturer graphics card, graphics card company, company graphics card, graphics card product, product graphics card, graphics card huawei product, huawei product graphics card, graphics card sell huawei, sell huawei graphics card, graphics card buy huawei, buy huawei graphics card, graphics card cheap huawei, cheap huawei graphics card, graphics card best huawei, best huawei graphics card, graphics card huawei review, huawei review graphics card, graphics card where to buy huawei, where to buy huawei graphics card, graphics card how to choose huawei, how to choose huawei graphics card, graphics card top huawei, top huawei graphics card, graphics card huawei guide, huawei guide graphics card, graphics card huawei for sale, huawei for sale graphics card, graphics card huawei deals, huawei deals graphics card
2026-08-25 01:48:46,505 - INFO - Expanded 220 seed keywords to 385 variations
2026-08-25 01:48:46,505 - INFO - Language: en
2026-08-25 01:48:46,505 - INFO - Region: us
2026-08-25 01:52:59,546 - INFO - 🎯 After all filtering for 'huawei': 120 relevant keywords
2026-08-25 01:53:00,455 - INFO - 🎯 Found 5 new keywords for niche 'huawei': huawei affordable graphics card, huawei affordable ray tracing, cheap alternatives graphics card, cheap alternatives ray tracing, best authentic graphics card
2026-08-25 01:53:17,044 - INFO - ✅ Niche 'huawei' process complete! 648 total keyword results.
2026-08-25 01:53:17,044 - INFO - ✅ Completed processing niche: 'huawei'
2026-08-25 01:53:17,044 - INFO - 🔧 Request Handler final stats - Success rate: 100.0%
2026-08-25 01:53:17,044 - INFO -    Total requests: 179687, Blocks: 1
2026-08-25 01:53:17,045 - INFO - 
========================================
2026-08-25 01:53:17,045 - INFO - Process Summary:
2026-08-25 01:53:17,045 - INFO - - Current niche: 'huawei'
2026-08-25 01:53:17,045 - INFO - - Next niche will be: 'xiaomi'
2026-08-25 01:53:17,045 - INFO - - Keywords saved in: languages/english/keywords/huawei/
2026-08-25 01:53:17,045 - INFO - ========================================
