2026-10-02 10:45:34,977 - INFO - Log file created at: /home/runner/work/potensitech.com/potensitech.com/languages/english/keywords/logs/kw_search_20261002_104534.log
2026-10-02 10:45:34,977 - INFO - ============================================================
2026-10-02 10:45:34,977 - INFO - AUTOMATIC KEYWORD RESEARCH TOOL
2026-10-02 10:45:34,977 - INFO - ============================================================
2026-10-02 10:45:35,410 - INFO - ========================================
2026-10-02 10:45:35,410 - INFO - Found 14 niches to process: xiaomi, iphone, samsung, apple, sony, asus, philips, sandisk, intel, nvidia, amd, canon, nikon, huawei
2026-10-02 10:45:35,410 - INFO - ========================================
2026-10-02 10:45:35,410 - INFO - Continuing from last processed niche: iphone
2026-10-02 10:45:35,410 - INFO - ========================================
2026-10-02 10:45:35,410 - INFO - 🎯 PROCESSING NICHE 3/14: 'samsung'
2026-10-02 10:45:35,410 - INFO - ========================================
2026-10-02 10:45:35,411 - INFO - 📁 Niche directory: /home/runner/work/potensitech.com/potensitech.com/languages/english/keywords/samsung
2026-10-02 10:45:35,411 - INFO - Selected region: us
2026-10-02 10:45:35,411 - INFO - Selected language: en
2026-10-02 10:45:35,411 - INFO - 🎯 Current niche: samsung
2026-10-02 10:45:46,151 - INFO - 🎯 Niche terms for filtering: samsung, cheap, best, latest, review, price, sell, buy, recommendation, tips, tutorial, guide, how to, vs, versus, compared to, comparison, alternatives, which is better, expensive, discount, deals, sale, affordable, cost, online, offline, marketplace, store, shop, retailer, where to buy, worst, quality, original, genuine, fake, replica, authentic, brand, manufacturer, company, product, samsung product, sell samsung, buy samsung, cheap samsung, best samsung, samsung review, where to buy samsung, how to choose samsung, top samsung, samsung guide, samsung for sale, samsung deals
2026-10-02 10:45:46,152 - INFO - Generated 50 niche-clue pairs for 'samsung'.
2026-10-02 10:45:46,155 - INFO - Expanded 50 seed keywords to 218 variations
2026-10-02 10:45:46,156 - INFO - 🔧 Request Handler initialized - Success rate: 100.0%
2026-10-02 10:50:08,792 - INFO - Original clue keywords: mobile performance, sleek design
2026-10-02 10:50:08,792 - INFO - Niche-focused seeds: mobile performance samsung, samsung mobile performance, mobile performance cheap, cheap mobile performance, mobile performance best, best mobile performance, mobile performance latest, latest mobile performance, mobile performance review, review mobile performance, mobile performance price, price mobile performance, mobile performance sell, sell mobile performance, mobile performance buy, buy mobile performance, mobile performance recommendation, recommendation mobile performance, mobile performance tips, tips mobile performance, mobile performance tutorial, tutorial mobile performance, mobile performance guide, guide mobile performance, mobile performance how to, how to mobile performance, mobile performance vs, vs mobile performance, mobile performance versus, versus mobile performance, mobile performance compared to, compared to mobile performance, mobile performance comparison, comparison mobile performance, mobile performance alternatives, alternatives mobile performance, mobile performance which is better, which is better mobile performance, mobile performance expensive, expensive mobile performance, mobile performance discount, discount mobile performance, mobile performance deals, deals mobile performance, mobile performance sale, sale mobile performance, mobile performance affordable, affordable mobile performance, mobile performance cost, cost mobile performance, mobile performance online, online mobile performance, mobile performance offline, offline mobile performance, mobile performance marketplace, marketplace mobile performance, mobile performance store, store mobile performance, mobile performance shop, shop mobile performance, mobile performance retailer, retailer mobile performance, mobile performance where to buy, where to buy mobile performance, mobile performance worst, worst mobile performance, mobile performance quality, quality mobile performance, mobile performance original, original mobile performance, mobile performance genuine, genuine mobile performance, mobile performance fake, fake mobile performance, mobile performance replica, replica mobile performance, mobile performance authentic, authentic mobile performance, mobile performance brand, brand mobile performance, mobile performance manufacturer, manufacturer mobile performance, mobile performance company, company mobile performance, mobile performance product, product mobile performance, mobile performance samsung product, samsung product mobile performance, mobile performance sell samsung, sell samsung mobile performance, mobile performance buy samsung, buy samsung mobile performance, mobile performance cheap samsung, cheap samsung mobile performance, mobile performance best samsung, best samsung mobile performance, mobile performance samsung review, samsung review mobile performance, mobile performance where to buy samsung, where to buy samsung mobile performance, mobile performance how to choose samsung, how to choose samsung mobile performance, mobile performance top samsung, top samsung mobile performance, mobile performance samsung guide, samsung guide mobile performance, mobile performance samsung for sale, samsung for sale mobile performance, mobile performance samsung deals, samsung deals mobile performance, sleek design samsung, samsung sleek design, sleek design cheap, cheap sleek design, sleek design best, best sleek design, sleek design latest, latest sleek design, sleek design review, review sleek design, sleek design price, price sleek design, sleek design sell, sell sleek design, sleek design buy, buy sleek design, sleek design recommendation, recommendation sleek design, sleek design tips, tips sleek design, sleek design tutorial, tutorial sleek design, sleek design guide, guide sleek design, sleek design how to, how to sleek design, sleek design vs, vs sleek design, sleek design versus, versus sleek design, sleek design compared to, compared to sleek design, sleek design comparison, comparison sleek design, sleek design alternatives, alternatives sleek design, sleek design which is better, which is better sleek design, sleek design expensive, expensive sleek design, sleek design discount, discount sleek design, sleek design deals, deals sleek design, sleek design sale, sale sleek design, sleek design affordable, affordable sleek design, sleek design cost, cost sleek design, sleek design online, online sleek design, sleek design offline, offline sleek design, sleek design marketplace, marketplace sleek design, sleek design store, store sleek design, sleek design shop, shop sleek design, sleek design retailer, retailer sleek design, sleek design where to buy, where to buy sleek design, sleek design worst, worst sleek design, sleek design quality, quality sleek design, sleek design original, original sleek design, sleek design genuine, genuine sleek design, sleek design fake, fake sleek design, sleek design replica, replica sleek design, sleek design authentic, authentic sleek design, sleek design brand, brand sleek design, sleek design manufacturer, manufacturer sleek design, sleek design company, company sleek design, sleek design product, product sleek design, sleek design samsung product, samsung product sleek design, sleek design sell samsung, sell samsung sleek design, sleek design buy samsung, buy samsung sleek design, sleek design cheap samsung, cheap samsung sleek design, sleek design best samsung, best samsung sleek design, sleek design samsung review, samsung review sleek design, sleek design where to buy samsung, where to buy samsung sleek design, sleek design how to choose samsung, how to choose samsung sleek design, sleek design top samsung, top samsung sleek design, sleek design samsung guide, samsung guide sleek design, sleek design samsung for sale, samsung for sale sleek design, sleek design samsung deals, samsung deals sleek design
2026-10-02 10:50:08,796 - INFO - Expanded 220 seed keywords to 385 variations
2026-10-02 10:50:08,796 - INFO - Language: en
2026-10-02 10:50:08,796 - INFO - Region: us
2026-10-02 10:54:39,705 - INFO - 🎯 After all filtering for 'samsung': 120 relevant keywords
2026-10-02 10:54:40,979 - INFO - 🎯 Found 5 new keywords for niche 'samsung': samsung affordable mobile performance, samsung affordable sleek design, cheap alternatives mobile performance, cheap alternatives sleek design, best authentic mobile performance
2026-10-02 10:54:56,925 - INFO - ✅ Niche 'samsung' process complete! 675 total keyword results.
2026-10-02 10:54:56,926 - INFO - ✅ Completed processing niche: 'samsung'
2026-10-02 10:54:56,926 - INFO - 🔧 Request Handler final stats - Success rate: 100.0%
2026-10-02 10:54:56,926 - INFO -    Total requests: 212004, Blocks: 1
2026-10-02 10:54:56,927 - INFO - 
========================================
2026-10-02 10:54:56,927 - INFO - Process Summary:
2026-10-02 10:54:56,927 - INFO - - Current niche: 'samsung'
2026-10-02 10:54:56,927 - INFO - - Next niche will be: 'apple'
2026-10-02 10:54:56,927 - INFO - - Keywords saved in: languages/english/keywords/samsung/
2026-10-02 10:54:56,928 - INFO - ========================================
