2026-10-02 15:57:04,342 - INFO - Log file created at: /home/runner/work/potensitech.com/potensitech.com/languages/english/keywords/logs/kw_search_20261002_155704.log
2026-10-02 15:57:04,343 - INFO - ============================================================
2026-10-02 15:57:04,343 - INFO - AUTOMATIC KEYWORD RESEARCH TOOL
2026-10-02 15:57:04,343 - INFO - ============================================================
2026-10-02 15:57:04,789 - INFO - ========================================
2026-10-02 15:57:04,790 - INFO - Found 14 niches to process: xiaomi, iphone, samsung, apple, sony, asus, philips, sandisk, intel, nvidia, amd, canon, nikon, huawei
2026-10-02 15:57:04,790 - INFO - ========================================
2026-10-02 15:57:04,790 - INFO - Continuing from last processed niche: apple
2026-10-02 15:57:04,790 - INFO - ========================================
2026-10-02 15:57:04,790 - INFO - 🎯 PROCESSING NICHE 5/14: 'sony'
2026-10-02 15:57:04,790 - INFO - ========================================
2026-10-02 15:57:04,790 - INFO - 📁 Niche directory: /home/runner/work/potensitech.com/potensitech.com/languages/english/keywords/sony
2026-10-02 15:57:04,790 - INFO - Selected region: us
2026-10-02 15:57:04,790 - INFO - Selected language: en
2026-10-02 15:57:04,790 - INFO - 🎯 Current niche: sony
2026-10-02 15:57:15,458 - INFO - 🎯 Niche terms for filtering: sony, cheap, best, latest, review, price, sell, buy, recommendation, tips, tutorial, guide, how to, vs, versus, compared to, comparison, alternatives, which is better, expensive, discount, deals, sale, affordable, cost, online, offline, marketplace, store, shop, retailer, where to buy, worst, quality, original, genuine, fake, replica, authentic, brand, manufacturer, company, product, sony product, sell sony, buy sony, cheap sony, best sony, sony review, where to buy sony, how to choose sony, top sony, sony guide, sony for sale, sony deals
2026-10-02 15:57:15,458 - INFO - Generated 50 niche-clue pairs for 'sony'.
2026-10-02 15:57:15,461 - INFO - Expanded 50 seed keywords to 218 variations
2026-10-02 15:57:15,462 - INFO - 🔧 Request Handler initialized - Success rate: 100.0%
2026-10-02 16:01:39,417 - INFO - Original clue keywords: sleek design, core count
2026-10-02 16:01:39,417 - INFO - Niche-focused seeds: sleek design sony, sony sleek design, sleek design cheap, cheap sleek design, sleek design best, best sleek design, sleek design latest, latest sleek design, sleek design review, review sleek design, sleek design price, price sleek design, sleek design sell, sell sleek design, sleek design buy, buy sleek design, sleek design recommendation, recommendation sleek design, sleek design tips, tips sleek design, sleek design tutorial, tutorial sleek design, sleek design guide, guide sleek design, sleek design how to, how to sleek design, sleek design vs, vs sleek design, sleek design versus, versus sleek design, sleek design compared to, compared to sleek design, sleek design comparison, comparison sleek design, sleek design alternatives, alternatives sleek design, sleek design which is better, which is better sleek design, sleek design expensive, expensive sleek design, sleek design discount, discount sleek design, sleek design deals, deals sleek design, sleek design sale, sale sleek design, sleek design affordable, affordable sleek design, sleek design cost, cost sleek design, sleek design online, online sleek design, sleek design offline, offline sleek design, sleek design marketplace, marketplace sleek design, sleek design store, store sleek design, sleek design shop, shop sleek design, sleek design retailer, retailer sleek design, sleek design where to buy, where to buy sleek design, sleek design worst, worst sleek design, sleek design quality, quality sleek design, sleek design original, original sleek design, sleek design genuine, genuine sleek design, sleek design fake, fake sleek design, sleek design replica, replica sleek design, sleek design authentic, authentic sleek design, sleek design brand, brand sleek design, sleek design manufacturer, manufacturer sleek design, sleek design company, company sleek design, sleek design product, product sleek design, sleek design sony product, sony product sleek design, sleek design sell sony, sell sony sleek design, sleek design buy sony, buy sony sleek design, sleek design cheap sony, cheap sony sleek design, sleek design best sony, best sony sleek design, sleek design sony review, sony review sleek design, sleek design where to buy sony, where to buy sony sleek design, sleek design how to choose sony, how to choose sony sleek design, sleek design top sony, top sony sleek design, sleek design sony guide, sony guide sleek design, sleek design sony for sale, sony for sale sleek design, sleek design sony deals, sony deals sleek design, core count sony, sony core count, core count cheap, cheap core count, core count best, best core count, core count latest, latest core count, core count review, review core count, core count price, price core count, core count sell, sell core count, core count buy, buy core count, core count recommendation, recommendation core count, core count tips, tips core count, core count tutorial, tutorial core count, core count guide, guide core count, core count how to, how to core count, core count vs, vs core count, core count versus, versus core count, core count compared to, compared to core count, core count comparison, comparison core count, core count alternatives, alternatives core count, core count which is better, which is better core count, core count expensive, expensive core count, core count discount, discount core count, core count deals, deals core count, core count sale, sale core count, core count affordable, affordable core count, core count cost, cost core count, core count online, online core count, core count offline, offline core count, core count marketplace, marketplace core count, core count store, store core count, core count shop, shop core count, core count retailer, retailer core count, core count where to buy, where to buy core count, core count worst, worst core count, core count quality, quality core count, core count original, original core count, core count genuine, genuine core count, core count fake, fake core count, core count replica, replica core count, core count authentic, authentic core count, core count brand, brand core count, core count manufacturer, manufacturer core count, core count company, company core count, core count product, product core count, core count sony product, sony product core count, core count sell sony, sell sony core count, core count buy sony, buy sony core count, core count cheap sony, cheap sony core count, core count best sony, best sony core count, core count sony review, sony review core count, core count where to buy sony, where to buy sony core count, core count how to choose sony, how to choose sony core count, core count top sony, top sony core count, core count sony guide, sony guide core count, core count sony for sale, sony for sale core count, core count sony deals, sony deals core count
2026-10-02 16:01:39,420 - INFO - Expanded 220 seed keywords to 385 variations
2026-10-02 16:01:39,420 - INFO - Language: en
2026-10-02 16:01:39,420 - INFO - Region: us
2026-10-02 16:04:02,825 - INFO - 🎯 After all filtering for 'sony': 120 relevant keywords
2026-10-02 16:04:04,995 - INFO - 🎯 Found 5 new keywords for niche 'sony': sony affordable core count, sony affordable sleek design, cheap alternatives core count, best authentic core count, how to brand core count
2026-10-02 16:04:20,905 - INFO - ✅ Niche 'sony' process complete! 703 total keyword results.
2026-10-02 16:04:20,906 - INFO - ✅ Completed processing niche: 'sony'
2026-10-02 16:04:20,906 - INFO - 🔧 Request Handler final stats - Success rate: 100.0%
2026-10-02 16:04:20,906 - INFO -    Total requests: 212162, Blocks: 1
2026-10-02 16:04:20,907 - INFO - 
========================================
2026-10-02 16:04:20,907 - INFO - Process Summary:
2026-10-02 16:04:20,907 - INFO - - Current niche: 'sony'
2026-10-02 16:04:20,907 - INFO - - Next niche will be: 'asus'
2026-10-02 16:04:20,908 - INFO - - Keywords saved in: languages/english/keywords/sony/
2026-10-02 16:04:20,908 - INFO - ========================================
