2026-09-10 12:14:05,705 - INFO - Log file created at: /home/runner/work/potensitech.com/potensitech.com/languages/english/keywords/logs/kw_search_20260910_121405.log
2026-09-10 12:14:05,706 - INFO - ============================================================
2026-09-10 12:14:05,706 - INFO - AUTOMATIC KEYWORD RESEARCH TOOL
2026-09-10 12:14:05,706 - INFO - ============================================================
2026-09-10 12:14:06,077 - INFO - ========================================
2026-09-10 12:14:06,077 - INFO - Found 14 niches to process: xiaomi, iphone, samsung, apple, sony, asus, philips, sandisk, intel, nvidia, amd, canon, nikon, huawei
2026-09-10 12:14:06,077 - INFO - ========================================
2026-09-10 12:14:06,077 - INFO - Continuing from last processed niche: philips
2026-09-10 12:14:06,077 - INFO - ========================================
2026-09-10 12:14:06,077 - INFO - 🎯 PROCESSING NICHE 8/14: 'sandisk'
2026-09-10 12:14:06,077 - INFO - ========================================
2026-09-10 12:14:06,077 - INFO - 📁 Niche directory: /home/runner/work/potensitech.com/potensitech.com/languages/english/keywords/sandisk
2026-09-10 12:14:06,078 - INFO - Selected region: us
2026-09-10 12:14:06,078 - INFO - Selected language: en
2026-09-10 12:14:06,078 - INFO - 🎯 Current niche: sandisk
2026-09-10 12:14:17,333 - INFO - 🎯 Niche terms for filtering: sandisk, cheap, best, latest, review, price, sell, buy, recommendation, tips, tutorial, guide, how to, vs, versus, compared to, comparison, alternatives, which is better, expensive, discount, deals, sale, affordable, cost, online, offline, marketplace, store, shop, retailer, where to buy, worst, quality, original, genuine, fake, replica, authentic, brand, manufacturer, company, product, sandisk product, sell sandisk, buy sandisk, cheap sandisk, best sandisk, sandisk review, where to buy sandisk, how to choose sandisk, top sandisk, sandisk guide, sandisk for sale, sandisk deals
2026-09-10 12:14:17,333 - INFO - Generated 50 niche-clue pairs for 'sandisk'.
2026-09-10 12:14:17,336 - INFO - Expanded 50 seed keywords to 218 variations
2026-09-10 12:14:17,337 - INFO - 🔧 Request Handler initialized - Success rate: 100.0%
2026-09-10 12:18:38,239 - INFO - Original clue keywords: cpu benchmark, smartphone performance
2026-09-10 12:18:38,239 - INFO - Niche-focused seeds: cpu benchmark sandisk, sandisk cpu benchmark, cpu benchmark cheap, cheap cpu benchmark, cpu benchmark best, best cpu benchmark, cpu benchmark latest, latest cpu benchmark, cpu benchmark review, review cpu benchmark, cpu benchmark price, price cpu benchmark, cpu benchmark sell, sell cpu benchmark, cpu benchmark buy, buy cpu benchmark, cpu benchmark recommendation, recommendation cpu benchmark, cpu benchmark tips, tips cpu benchmark, cpu benchmark tutorial, tutorial cpu benchmark, cpu benchmark guide, guide cpu benchmark, cpu benchmark how to, how to cpu benchmark, cpu benchmark vs, vs cpu benchmark, cpu benchmark versus, versus cpu benchmark, cpu benchmark compared to, compared to cpu benchmark, cpu benchmark comparison, comparison cpu benchmark, cpu benchmark alternatives, alternatives cpu benchmark, cpu benchmark which is better, which is better cpu benchmark, cpu benchmark expensive, expensive cpu benchmark, cpu benchmark discount, discount cpu benchmark, cpu benchmark deals, deals cpu benchmark, cpu benchmark sale, sale cpu benchmark, cpu benchmark affordable, affordable cpu benchmark, cpu benchmark cost, cost cpu benchmark, cpu benchmark online, online cpu benchmark, cpu benchmark offline, offline cpu benchmark, cpu benchmark marketplace, marketplace cpu benchmark, cpu benchmark store, store cpu benchmark, cpu benchmark shop, shop cpu benchmark, cpu benchmark retailer, retailer cpu benchmark, cpu benchmark where to buy, where to buy cpu benchmark, cpu benchmark worst, worst cpu benchmark, cpu benchmark quality, quality cpu benchmark, cpu benchmark original, original cpu benchmark, cpu benchmark genuine, genuine cpu benchmark, cpu benchmark fake, fake cpu benchmark, cpu benchmark replica, replica cpu benchmark, cpu benchmark authentic, authentic cpu benchmark, cpu benchmark brand, brand cpu benchmark, cpu benchmark manufacturer, manufacturer cpu benchmark, cpu benchmark company, company cpu benchmark, cpu benchmark product, product cpu benchmark, cpu benchmark sandisk product, sandisk product cpu benchmark, cpu benchmark sell sandisk, sell sandisk cpu benchmark, cpu benchmark buy sandisk, buy sandisk cpu benchmark, cpu benchmark cheap sandisk, cheap sandisk cpu benchmark, cpu benchmark best sandisk, best sandisk cpu benchmark, cpu benchmark sandisk review, sandisk review cpu benchmark, cpu benchmark where to buy sandisk, where to buy sandisk cpu benchmark, cpu benchmark how to choose sandisk, how to choose sandisk cpu benchmark, cpu benchmark top sandisk, top sandisk cpu benchmark, cpu benchmark sandisk guide, sandisk guide cpu benchmark, cpu benchmark sandisk for sale, sandisk for sale cpu benchmark, cpu benchmark sandisk deals, sandisk deals cpu benchmark, smartphone performance sandisk, sandisk smartphone performance, smartphone performance cheap, cheap smartphone performance, smartphone performance best, best smartphone performance, smartphone performance latest, latest smartphone performance, smartphone performance review, review smartphone performance, smartphone performance price, price smartphone performance, smartphone performance sell, sell smartphone performance, smartphone performance buy, buy smartphone performance, smartphone performance recommendation, recommendation smartphone performance, smartphone performance tips, tips smartphone performance, smartphone performance tutorial, tutorial smartphone performance, smartphone performance guide, guide smartphone performance, smartphone performance how to, how to smartphone performance, smartphone performance vs, vs smartphone performance, smartphone performance versus, versus smartphone performance, smartphone performance compared to, compared to smartphone performance, smartphone performance comparison, comparison smartphone performance, smartphone performance alternatives, alternatives smartphone performance, smartphone performance which is better, which is better smartphone performance, smartphone performance expensive, expensive smartphone performance, smartphone performance discount, discount smartphone performance, smartphone performance deals, deals smartphone performance, smartphone performance sale, sale smartphone performance, smartphone performance affordable, affordable smartphone performance, smartphone performance cost, cost smartphone performance, smartphone performance online, online smartphone performance, smartphone performance offline, offline smartphone performance, smartphone performance marketplace, marketplace smartphone performance, smartphone performance store, store smartphone performance, smartphone performance shop, shop smartphone performance, smartphone performance retailer, retailer smartphone performance, smartphone performance where to buy, where to buy smartphone performance, smartphone performance worst, worst smartphone performance, smartphone performance quality, quality smartphone performance, smartphone performance original, original smartphone performance, smartphone performance genuine, genuine smartphone performance, smartphone performance fake, fake smartphone performance, smartphone performance replica, replica smartphone performance, smartphone performance authentic, authentic smartphone performance, smartphone performance brand, brand smartphone performance, smartphone performance manufacturer, manufacturer smartphone performance, smartphone performance company, company smartphone performance, smartphone performance product, product smartphone performance, smartphone performance sandisk product, sandisk product smartphone performance, smartphone performance sell sandisk, sell sandisk smartphone performance, smartphone performance buy sandisk, buy sandisk smartphone performance, smartphone performance cheap sandisk, cheap sandisk smartphone performance, smartphone performance best sandisk, best sandisk smartphone performance, smartphone performance sandisk review, sandisk review smartphone performance, smartphone performance where to buy sandisk, where to buy sandisk smartphone performance, smartphone performance how to choose sandisk, how to choose sandisk smartphone performance, smartphone performance top sandisk, top sandisk smartphone performance, smartphone performance sandisk guide, sandisk guide smartphone performance, smartphone performance sandisk for sale, sandisk for sale smartphone performance, smartphone performance sandisk deals, sandisk deals smartphone performance
2026-09-10 12:18:38,242 - INFO - Expanded 220 seed keywords to 385 variations
2026-09-10 12:18:38,242 - INFO - Language: en
2026-09-10 12:18:38,242 - INFO - Region: us
2026-09-10 12:21:09,754 - INFO - 🎯 After all filtering for 'sandisk': 120 relevant keywords
2026-09-10 12:21:12,795 - INFO - 🎯 Found 5 new keywords for niche 'sandisk': sandisk affordable cpu benchmark, sandisk affordable smartphone performance, cheap alternatives smartphone performance, best authentic smartphone performance, how to brand smartphone performance
2026-09-10 12:21:28,526 - INFO - ✅ Niche 'sandisk' process complete! 846 total keyword results.
2026-09-10 12:21:28,526 - INFO - ✅ Completed processing niche: 'sandisk'
2026-09-10 12:21:28,527 - INFO - 🔧 Request Handler final stats - Success rate: 100.0%
2026-09-10 12:21:28,527 - INFO -    Total requests: 192912, Blocks: 1
2026-09-10 12:21:28,527 - INFO - 
========================================
2026-09-10 12:21:28,528 - INFO - Process Summary:
2026-09-10 12:21:28,528 - INFO - - Current niche: 'sandisk'
2026-09-10 12:21:28,528 - INFO - - Next niche will be: 'intel'
2026-09-10 12:21:28,528 - INFO - - Keywords saved in: languages/english/keywords/sandisk/
2026-09-10 12:21:28,528 - INFO - ========================================
