2026-08-22 03:12:25,177 - INFO - Log file created at: /home/runner/work/potensitech.com/potensitech.com/languages/english/keywords/logs/kw_search_20260822_031225.log
2026-08-22 03:12:25,177 - INFO - ============================================================
2026-08-22 03:12:25,177 - INFO - AUTOMATIC KEYWORD RESEARCH TOOL
2026-08-22 03:12:25,177 - INFO - ============================================================
2026-08-22 03:12:25,501 - INFO - ========================================
2026-08-22 03:12:25,501 - INFO - Found 14 niches to process: xiaomi, iphone, samsung, apple, sony, asus, philips, sandisk, intel, nvidia, amd, canon, nikon, huawei
2026-08-22 03:12:25,501 - INFO - ========================================
2026-08-22 03:12:25,502 - INFO - Continuing from last processed niche: canon
2026-08-22 03:12:25,502 - INFO - ========================================
2026-08-22 03:12:25,502 - INFO - 🎯 PROCESSING NICHE 13/14: 'nikon'
2026-08-22 03:12:25,502 - INFO - ========================================
2026-08-22 03:12:25,502 - INFO - 📁 Niche directory: /home/runner/work/potensitech.com/potensitech.com/languages/english/keywords/nikon
2026-08-22 03:12:25,502 - INFO - Selected region: us
2026-08-22 03:12:25,502 - INFO - Selected language: en
2026-08-22 03:12:25,502 - INFO - 🎯 Current niche: nikon
2026-08-22 03:12:36,823 - INFO - 🎯 Niche terms for filtering: nikon, cheap, best, latest, review, price, sell, buy, recommendation, tips, tutorial, guide, how to, vs, versus, compared to, comparison, alternatives, which is better, expensive, discount, deals, sale, affordable, cost, online, offline, marketplace, store, shop, retailer, where to buy, worst, quality, original, genuine, fake, replica, authentic, brand, manufacturer, company, product, nikon product, sell nikon, buy nikon, cheap nikon, best nikon, nikon review, where to buy nikon, how to choose nikon, top nikon, nikon guide, nikon for sale, nikon deals
2026-08-22 03:12:36,823 - INFO - Generated 50 niche-clue pairs for 'nikon'.
2026-08-22 03:12:36,826 - INFO - Expanded 50 seed keywords to 218 variations
2026-08-22 03:12:36,827 - INFO - 🔧 Request Handler initialized - Success rate: 100.0%
2026-08-22 03:17:04,683 - INFO - Original clue keywords: mirrorless, gpu performance
2026-08-22 03:17:04,683 - INFO - Niche-focused seeds: mirrorless nikon, nikon mirrorless, mirrorless cheap, cheap mirrorless, mirrorless best, best mirrorless, mirrorless latest, latest mirrorless, mirrorless review, review mirrorless, mirrorless price, price mirrorless, mirrorless sell, sell mirrorless, mirrorless buy, buy mirrorless, mirrorless recommendation, recommendation mirrorless, mirrorless tips, tips mirrorless, mirrorless tutorial, tutorial mirrorless, mirrorless guide, guide mirrorless, mirrorless how to, how to mirrorless, mirrorless vs, vs mirrorless, mirrorless versus, versus mirrorless, mirrorless compared to, compared to mirrorless, mirrorless comparison, comparison mirrorless, mirrorless alternatives, alternatives mirrorless, mirrorless which is better, which is better mirrorless, mirrorless expensive, expensive mirrorless, mirrorless discount, discount mirrorless, mirrorless deals, deals mirrorless, mirrorless sale, sale mirrorless, mirrorless affordable, affordable mirrorless, mirrorless cost, cost mirrorless, mirrorless online, online mirrorless, mirrorless offline, offline mirrorless, mirrorless marketplace, marketplace mirrorless, mirrorless store, store mirrorless, mirrorless shop, shop mirrorless, mirrorless retailer, retailer mirrorless, mirrorless where to buy, where to buy mirrorless, mirrorless worst, worst mirrorless, mirrorless quality, quality mirrorless, mirrorless original, original mirrorless, mirrorless genuine, genuine mirrorless, mirrorless fake, fake mirrorless, mirrorless replica, replica mirrorless, mirrorless authentic, authentic mirrorless, mirrorless brand, brand mirrorless, mirrorless manufacturer, manufacturer mirrorless, mirrorless company, company mirrorless, mirrorless product, product mirrorless, mirrorless nikon product, nikon product mirrorless, mirrorless sell nikon, sell nikon mirrorless, mirrorless buy nikon, buy nikon mirrorless, mirrorless cheap nikon, cheap nikon mirrorless, mirrorless best nikon, best nikon mirrorless, mirrorless nikon review, nikon review mirrorless, mirrorless where to buy nikon, where to buy nikon mirrorless, mirrorless how to choose nikon, how to choose nikon mirrorless, mirrorless top nikon, top nikon mirrorless, mirrorless nikon guide, nikon guide mirrorless, mirrorless nikon for sale, nikon for sale mirrorless, mirrorless nikon deals, nikon deals mirrorless, gpu performance nikon, nikon gpu performance, gpu performance cheap, cheap gpu performance, gpu performance best, best gpu performance, gpu performance latest, latest gpu performance, gpu performance review, review gpu performance, gpu performance price, price gpu performance, gpu performance sell, sell gpu performance, gpu performance buy, buy gpu performance, gpu performance recommendation, recommendation gpu performance, gpu performance tips, tips gpu performance, gpu performance tutorial, tutorial gpu performance, gpu performance guide, guide gpu performance, gpu performance how to, how to gpu performance, gpu performance vs, vs gpu performance, gpu performance versus, versus gpu performance, gpu performance compared to, compared to gpu performance, gpu performance comparison, comparison gpu performance, gpu performance alternatives, alternatives gpu performance, gpu performance which is better, which is better gpu performance, gpu performance expensive, expensive gpu performance, gpu performance discount, discount gpu performance, gpu performance deals, deals gpu performance, gpu performance sale, sale gpu performance, gpu performance affordable, affordable gpu performance, gpu performance cost, cost gpu performance, gpu performance online, online gpu performance, gpu performance offline, offline gpu performance, gpu performance marketplace, marketplace gpu performance, gpu performance store, store gpu performance, gpu performance shop, shop gpu performance, gpu performance retailer, retailer gpu performance, gpu performance where to buy, where to buy gpu performance, gpu performance worst, worst gpu performance, gpu performance quality, quality gpu performance, gpu performance original, original gpu performance, gpu performance genuine, genuine gpu performance, gpu performance fake, fake gpu performance, gpu performance replica, replica gpu performance, gpu performance authentic, authentic gpu performance, gpu performance brand, brand gpu performance, gpu performance manufacturer, manufacturer gpu performance, gpu performance company, company gpu performance, gpu performance product, product gpu performance, gpu performance nikon product, nikon product gpu performance, gpu performance sell nikon, sell nikon gpu performance, gpu performance buy nikon, buy nikon gpu performance, gpu performance cheap nikon, cheap nikon gpu performance, gpu performance best nikon, best nikon gpu performance, gpu performance nikon review, nikon review gpu performance, gpu performance where to buy nikon, where to buy nikon gpu performance, gpu performance how to choose nikon, how to choose nikon gpu performance, gpu performance top nikon, top nikon gpu performance, gpu performance nikon guide, nikon guide gpu performance, gpu performance nikon for sale, nikon for sale gpu performance, gpu performance nikon deals, nikon deals gpu performance
2026-08-22 03:17:04,686 - INFO - Expanded 220 seed keywords to 385 variations
2026-08-22 03:17:04,686 - INFO - Language: en
2026-08-22 03:17:04,686 - INFO - Region: us
2026-08-22 03:21:32,803 - INFO - 🎯 After all filtering for 'nikon': 120 relevant keywords
2026-08-22 03:21:32,989 - INFO - 🎯 Found 5 new keywords for niche 'nikon': nikon affordable mirrorless, cheap affordable mirrorless, best affordable mirrorless, how to affordable mirrorless, nikon alternatives mirrorless
2026-08-22 03:21:48,895 - INFO - ✅ Niche 'nikon' process complete! 673 total keyword results.
2026-08-22 03:21:48,895 - INFO - ✅ Completed processing niche: 'nikon'
2026-08-22 03:21:48,895 - INFO - 🔧 Request Handler final stats - Success rate: 100.0%
2026-08-22 03:21:48,895 - INFO -    Total requests: 177748, Blocks: 1
2026-08-22 03:21:48,896 - INFO - 
========================================
2026-08-22 03:21:48,897 - INFO - Process Summary:
2026-08-22 03:21:48,897 - INFO - - Current niche: 'nikon'
2026-08-22 03:21:48,897 - INFO - - Next niche will be: 'huawei'
2026-08-22 03:21:48,897 - INFO - - Keywords saved in: languages/english/keywords/nikon/
2026-08-22 03:21:48,898 - INFO - ========================================
