2026-09-06 13:04:39,766 - INFO - Log file created at: /home/runner/work/potensitech.com/potensitech.com/languages/english/keywords/logs/kw_search_20260906_130439.log
2026-09-06 13:04:39,766 - INFO - ============================================================
2026-09-06 13:04:39,766 - INFO - AUTOMATIC KEYWORD RESEARCH TOOL
2026-09-06 13:04:39,766 - INFO - ============================================================
2026-09-06 13:04:40,093 - INFO - ========================================
2026-09-06 13:04:40,093 - INFO - Found 14 niches to process: xiaomi, iphone, samsung, apple, sony, asus, philips, sandisk, intel, nvidia, amd, canon, nikon, huawei
2026-09-06 13:04:40,093 - INFO - ========================================
2026-09-06 13:04:40,093 - INFO - Continuing from last processed niche: nvidia
2026-09-06 13:04:40,093 - INFO - ========================================
2026-09-06 13:04:40,093 - INFO - 🎯 PROCESSING NICHE 11/14: 'amd'
2026-09-06 13:04:40,093 - INFO - ========================================
2026-09-06 13:04:40,093 - INFO - 📁 Niche directory: /home/runner/work/potensitech.com/potensitech.com/languages/english/keywords/amd
2026-09-06 13:04:40,093 - INFO - Selected region: us
2026-09-06 13:04:40,093 - INFO - Selected language: en
2026-09-06 13:04:40,094 - INFO - 🎯 Current niche: amd
2026-09-06 13:04:50,899 - INFO - 🎯 Niche terms for filtering: amd, cheap, best, latest, review, price, sell, buy, recommendation, tips, tutorial, guide, how to, vs, versus, compared to, comparison, alternatives, which is better, expensive, discount, deals, sale, affordable, cost, online, offline, marketplace, store, shop, retailer, where to buy, worst, quality, original, genuine, fake, replica, authentic, brand, manufacturer, company, product, amd product, sell amd, buy amd, cheap amd, best amd, amd review, where to buy amd, how to choose amd, top amd, amd guide, amd for sale, amd deals
2026-09-06 13:04:50,899 - INFO - Generated 50 niche-clue pairs for 'amd'.
2026-09-06 13:04:50,902 - INFO - Expanded 50 seed keywords to 218 variations
2026-09-06 13:04:50,902 - INFO - 🔧 Request Handler initialized - Success rate: 100.0%
2026-09-06 13:09:12,122 - INFO - Original clue keywords: ai computing, usb performance
2026-09-06 13:09:12,122 - INFO - Niche-focused seeds: ai computing amd, amd ai computing, ai computing cheap, cheap ai computing, ai computing best, best ai computing, ai computing latest, latest ai computing, ai computing review, review ai computing, ai computing price, price ai computing, ai computing sell, sell ai computing, ai computing buy, buy ai computing, ai computing recommendation, recommendation ai computing, ai computing tips, tips ai computing, ai computing tutorial, tutorial ai computing, ai computing guide, guide ai computing, ai computing how to, how to ai computing, ai computing vs, vs ai computing, ai computing versus, versus ai computing, ai computing compared to, compared to ai computing, ai computing comparison, comparison ai computing, ai computing alternatives, alternatives ai computing, ai computing which is better, which is better ai computing, ai computing expensive, expensive ai computing, ai computing discount, discount ai computing, ai computing deals, deals ai computing, ai computing sale, sale ai computing, ai computing affordable, affordable ai computing, ai computing cost, cost ai computing, ai computing online, online ai computing, ai computing offline, offline ai computing, ai computing marketplace, marketplace ai computing, ai computing store, store ai computing, ai computing shop, shop ai computing, ai computing retailer, retailer ai computing, ai computing where to buy, where to buy ai computing, ai computing worst, worst ai computing, ai computing quality, quality ai computing, ai computing original, original ai computing, ai computing genuine, genuine ai computing, ai computing fake, fake ai computing, ai computing replica, replica ai computing, ai computing authentic, authentic ai computing, ai computing brand, brand ai computing, ai computing manufacturer, manufacturer ai computing, ai computing company, company ai computing, ai computing product, product ai computing, ai computing amd product, amd product ai computing, ai computing sell amd, sell amd ai computing, ai computing buy amd, buy amd ai computing, ai computing cheap amd, cheap amd ai computing, ai computing best amd, best amd ai computing, ai computing amd review, amd review ai computing, ai computing where to buy amd, where to buy amd ai computing, ai computing how to choose amd, how to choose amd ai computing, ai computing top amd, top amd ai computing, ai computing amd guide, amd guide ai computing, ai computing amd for sale, amd for sale ai computing, ai computing amd deals, amd deals ai computing, usb performance amd, amd usb performance, usb performance cheap, cheap usb performance, usb performance best, best usb performance, usb performance latest, latest usb performance, usb performance review, review usb performance, usb performance price, price usb performance, usb performance sell, sell usb performance, usb performance buy, buy usb performance, usb performance recommendation, recommendation usb performance, usb performance tips, tips usb performance, usb performance tutorial, tutorial usb performance, usb performance guide, guide usb performance, usb performance how to, how to usb performance, usb performance vs, vs usb performance, usb performance versus, versus usb performance, usb performance compared to, compared to usb performance, usb performance comparison, comparison usb performance, usb performance alternatives, alternatives usb performance, usb performance which is better, which is better usb performance, usb performance expensive, expensive usb performance, usb performance discount, discount usb performance, usb performance deals, deals usb performance, usb performance sale, sale usb performance, usb performance affordable, affordable usb performance, usb performance cost, cost usb performance, usb performance online, online usb performance, usb performance offline, offline usb performance, usb performance marketplace, marketplace usb performance, usb performance store, store usb performance, usb performance shop, shop usb performance, usb performance retailer, retailer usb performance, usb performance where to buy, where to buy usb performance, usb performance worst, worst usb performance, usb performance quality, quality usb performance, usb performance original, original usb performance, usb performance genuine, genuine usb performance, usb performance fake, fake usb performance, usb performance replica, replica usb performance, usb performance authentic, authentic usb performance, usb performance brand, brand usb performance, usb performance manufacturer, manufacturer usb performance, usb performance company, company usb performance, usb performance product, product usb performance, usb performance amd product, amd product usb performance, usb performance sell amd, sell amd usb performance, usb performance buy amd, buy amd usb performance, usb performance cheap amd, cheap amd usb performance, usb performance best amd, best amd usb performance, usb performance amd review, amd review usb performance, usb performance where to buy amd, where to buy amd usb performance, usb performance how to choose amd, how to choose amd usb performance, usb performance top amd, top amd usb performance, usb performance amd guide, amd guide usb performance, usb performance amd for sale, amd for sale usb performance, usb performance amd deals, amd deals usb performance
2026-09-06 13:09:12,125 - INFO - Expanded 220 seed keywords to 385 variations
2026-09-06 13:09:12,125 - INFO - Language: en
2026-09-06 13:09:12,125 - INFO - Region: us
2026-09-06 13:13:40,627 - INFO - 🎯 After all filtering for 'amd': 120 relevant keywords
2026-09-06 13:13:41,977 - INFO - 🎯 Found 5 new keywords for niche 'amd': amd affordable ai computing, amd affordable usb performance, cheap ai computing alternatives, best ai computing authentic, how to ai computing brand
2026-09-06 13:13:58,172 - INFO - ✅ Niche 'amd' process complete! 786 total keyword results.
2026-09-06 13:13:58,172 - INFO - ✅ Completed processing niche: 'amd'
2026-09-06 13:13:58,172 - INFO - 🔧 Request Handler final stats - Success rate: 100.0%
2026-09-06 13:13:58,172 - INFO -    Total requests: 189726, Blocks: 1
2026-09-06 13:13:58,173 - INFO - 
========================================
2026-09-06 13:13:58,173 - INFO - Process Summary:
2026-09-06 13:13:58,173 - INFO - - Current niche: 'amd'
2026-09-06 13:13:58,173 - INFO - - Next niche will be: 'canon'
2026-09-06 13:13:58,173 - INFO - - Keywords saved in: languages/english/keywords/amd/
2026-09-06 13:13:58,173 - INFO - ========================================
