2026-10-11 00:26:17,508 - INFO - Log file created at: /home/runner/work/potensitech.com/potensitech.com/languages/english/keywords/logs/kw_search_20261011_002617.log
2026-10-11 00:26:17,508 - INFO - ============================================================
2026-10-11 00:26:17,508 - INFO - AUTOMATIC KEYWORD RESEARCH TOOL
2026-10-11 00:26:17,508 - INFO - ============================================================
2026-10-11 00:26:17,924 - INFO - ========================================
2026-10-11 00:26:17,925 - INFO - Found 14 niches to process: xiaomi, iphone, samsung, apple, sony, asus, philips, sandisk, intel, nvidia, amd, canon, nikon, huawei
2026-10-11 00:26:17,925 - INFO - ========================================
2026-10-11 00:26:17,925 - INFO - Continuing from last processed niche: apple
2026-10-11 00:26:17,925 - INFO - ========================================
2026-10-11 00:26:17,925 - INFO - 🎯 PROCESSING NICHE 5/14: 'sony'
2026-10-11 00:26:17,925 - INFO - ========================================
2026-10-11 00:26:17,925 - INFO - 📁 Niche directory: /home/runner/work/potensitech.com/potensitech.com/languages/english/keywords/sony
2026-10-11 00:26:17,925 - INFO - Selected region: us
2026-10-11 00:26:17,925 - INFO - Selected language: en
2026-10-11 00:26:17,925 - INFO - 🎯 Current niche: sony
2026-10-11 00:26:28,529 - INFO - 🎯 Niche terms for filtering: sony, cheap, best, latest, review, price, sell, buy, recommendation, tips, tutorial, guide, how to, vs, versus, compared to, comparison, alternatives, which is better, expensive, discount, deals, sale, affordable, cost, online, offline, marketplace, store, shop, retailer, where to buy, worst, quality, original, genuine, fake, replica, authentic, brand, manufacturer, company, product, sony product, sell sony, buy sony, cheap sony, best sony, sony review, where to buy sony, how to choose sony, top sony, sony guide, sony for sale, sony deals
2026-10-11 00:26:28,529 - INFO - Generated 50 niche-clue pairs for 'sony'.
2026-10-11 00:26:28,532 - INFO - Expanded 50 seed keywords to 218 variations
2026-10-11 00:26:28,533 - INFO - 🔧 Request Handler initialized - Success rate: 100.0%
2026-10-11 00:30:52,234 - INFO - Original clue keywords: battery, display
2026-10-11 00:30:52,235 - INFO - Niche-focused seeds: battery sony, sony battery, battery cheap, cheap battery, battery best, best battery, battery latest, latest battery, battery review, review battery, battery price, price battery, battery sell, sell battery, battery buy, buy battery, battery recommendation, recommendation battery, battery tips, tips battery, battery tutorial, tutorial battery, battery guide, guide battery, battery how to, how to battery, battery vs, vs battery, battery versus, versus battery, battery compared to, compared to battery, battery comparison, comparison battery, battery alternatives, alternatives battery, battery which is better, which is better battery, battery expensive, expensive battery, battery discount, discount battery, battery deals, deals battery, battery sale, sale battery, battery affordable, affordable battery, battery cost, cost battery, battery online, online battery, battery offline, offline battery, battery marketplace, marketplace battery, battery store, store battery, battery shop, shop battery, battery retailer, retailer battery, battery where to buy, where to buy battery, battery worst, worst battery, battery quality, quality battery, battery original, original battery, battery genuine, genuine battery, battery fake, fake battery, battery replica, replica battery, battery authentic, authentic battery, battery brand, brand battery, battery manufacturer, manufacturer battery, battery company, company battery, battery product, product battery, battery sony product, sony product battery, battery sell sony, sell sony battery, battery buy sony, buy sony battery, battery cheap sony, cheap sony battery, battery best sony, best sony battery, battery sony review, sony review battery, battery where to buy sony, where to buy sony battery, battery how to choose sony, how to choose sony battery, battery top sony, top sony battery, battery sony guide, sony guide battery, battery sony for sale, sony for sale battery, battery sony deals, sony deals battery, display sony, sony display, display cheap, cheap display, display best, best display, display latest, latest display, display review, review display, display price, price display, display sell, sell display, display buy, buy display, display recommendation, recommendation display, display tips, tips display, display tutorial, tutorial display, display guide, guide display, display how to, how to display, display vs, vs display, display versus, versus display, display compared to, compared to display, display comparison, comparison display, display alternatives, alternatives display, display which is better, which is better display, display expensive, expensive display, display discount, discount display, display deals, deals display, display sale, sale display, display affordable, affordable display, display cost, cost display, display online, online display, display offline, offline display, display marketplace, marketplace display, display store, store display, display shop, shop display, display retailer, retailer display, display where to buy, where to buy display, display worst, worst display, display quality, quality display, display original, original display, display genuine, genuine display, display fake, fake display, display replica, replica display, display authentic, authentic display, display brand, brand display, display manufacturer, manufacturer display, display company, company display, display product, product display, display sony product, sony product display, display sell sony, sell sony display, display buy sony, buy sony display, display cheap sony, cheap sony display, display best sony, best sony display, display sony review, sony review display, display where to buy sony, where to buy sony display, display how to choose sony, how to choose sony display, display top sony, top sony display, display sony guide, sony guide display, display sony for sale, sony for sale display, display sony deals, sony deals display
2026-10-11 00:30:52,238 - INFO - Expanded 220 seed keywords to 385 variations
2026-10-11 00:30:52,238 - INFO - Language: en
2026-10-11 00:30:52,238 - INFO - Region: us
2026-10-11 00:32:09,231 - INFO - 🎯 After all filtering for 'sony': 120 relevant keywords
2026-10-11 00:32:09,446 - INFO - 🎯 Found 5 new keywords for niche 'sony': sony affordable battery, cheap affordable battery, best affordable battery, how to affordable battery, sony affordable display
2026-10-11 00:32:25,566 - INFO - ✅ Niche 'sony' process complete! 714 total keyword results.
2026-10-11 00:32:25,566 - INFO - ✅ Completed processing niche: 'sony'
2026-10-11 00:32:25,566 - INFO - 🔧 Request Handler final stats - Success rate: 100.0%
2026-10-11 00:32:25,566 - INFO -    Total requests: 219872, Blocks: 1
2026-10-11 00:32:25,567 - INFO - 
========================================
2026-10-11 00:32:25,567 - INFO - Process Summary:
2026-10-11 00:32:25,567 - INFO - - Current niche: 'sony'
2026-10-11 00:32:25,567 - INFO - - Next niche will be: 'asus'
2026-10-11 00:32:25,568 - INFO - - Keywords saved in: languages/english/keywords/sony/
2026-10-11 00:32:25,568 - INFO - ========================================
