2026-08-07 06:01:08,853 - INFO - Log file created at: /home/runner/work/potensitech.com/potensitech.com/languages/english/keywords/logs/kw_search_20260807_060108.log
2026-08-07 06:01:08,853 - INFO - ============================================================
2026-08-07 06:01:08,853 - INFO - AUTOMATIC KEYWORD RESEARCH TOOL
2026-08-07 06:01:08,853 - INFO - ============================================================
2026-08-07 06:01:09,123 - INFO - ========================================
2026-08-07 06:01:09,124 - INFO - Found 14 niches to process: xiaomi, iphone, samsung, apple, sony, asus, philips, sandisk, intel, nvidia, amd, canon, nikon, huawei
2026-08-07 06:01:09,124 - INFO - ========================================
2026-08-07 06:01:09,124 - INFO - Continuing from last processed niche: samsung
2026-08-07 06:01:09,124 - INFO - ========================================
2026-08-07 06:01:09,124 - INFO - 🎯 PROCESSING NICHE 4/14: 'apple'
2026-08-07 06:01:09,124 - INFO - ========================================
2026-08-07 06:01:09,124 - INFO - 📁 Niche directory: /home/runner/work/potensitech.com/potensitech.com/languages/english/keywords/apple
2026-08-07 06:01:09,124 - INFO - Selected region: us
2026-08-07 06:01:09,124 - INFO - Selected language: en
2026-08-07 06:01:09,124 - INFO - 🎯 Current niche: apple
2026-08-07 06:01:09,852 - INFO - 🎯 Niche terms for filtering: apple, cheap, best, latest, review, price, sell, buy, recommendation, tips, tutorial, guide, how to, vs, versus, compared to, comparison, alternatives, which is better, expensive, discount, deals, sale, affordable, cost, online, offline, marketplace, store, shop, retailer, where to buy, worst, quality, original, genuine, fake, replica, authentic, brand, manufacturer, company, product, apple product, sell apple, buy apple, cheap apple, best apple, apple review, where to buy apple, how to choose apple, top apple, apple guide, apple for sale, apple deals
2026-08-07 06:01:09,853 - INFO - Generated 50 niche-clue pairs for 'apple'.
2026-08-07 06:01:09,856 - INFO - Expanded 50 seed keywords to 218 variations
2026-08-07 06:01:09,857 - INFO - 🔧 Request Handler initialized - Success rate: 100.0%
2026-08-07 06:05:33,431 - INFO - Original clue keywords: dslr lens, mirrorless photography
2026-08-07 06:05:33,431 - INFO - Niche-focused seeds: dslr lens apple, apple dslr lens, dslr lens cheap, cheap dslr lens, dslr lens best, best dslr lens, dslr lens latest, latest dslr lens, dslr lens review, review dslr lens, dslr lens price, price dslr lens, dslr lens sell, sell dslr lens, dslr lens buy, buy dslr lens, dslr lens recommendation, recommendation dslr lens, dslr lens tips, tips dslr lens, dslr lens tutorial, tutorial dslr lens, dslr lens guide, guide dslr lens, dslr lens how to, how to dslr lens, dslr lens vs, vs dslr lens, dslr lens versus, versus dslr lens, dslr lens compared to, compared to dslr lens, dslr lens comparison, comparison dslr lens, dslr lens alternatives, alternatives dslr lens, dslr lens which is better, which is better dslr lens, dslr lens expensive, expensive dslr lens, dslr lens discount, discount dslr lens, dslr lens deals, deals dslr lens, dslr lens sale, sale dslr lens, dslr lens affordable, affordable dslr lens, dslr lens cost, cost dslr lens, dslr lens online, online dslr lens, dslr lens offline, offline dslr lens, dslr lens marketplace, marketplace dslr lens, dslr lens store, store dslr lens, dslr lens shop, shop dslr lens, dslr lens retailer, retailer dslr lens, dslr lens where to buy, where to buy dslr lens, dslr lens worst, worst dslr lens, dslr lens quality, quality dslr lens, dslr lens original, original dslr lens, dslr lens genuine, genuine dslr lens, dslr lens fake, fake dslr lens, dslr lens replica, replica dslr lens, dslr lens authentic, authentic dslr lens, dslr lens brand, brand dslr lens, dslr lens manufacturer, manufacturer dslr lens, dslr lens company, company dslr lens, dslr lens product, product dslr lens, dslr lens apple product, apple product dslr lens, dslr lens sell apple, sell apple dslr lens, dslr lens buy apple, buy apple dslr lens, dslr lens cheap apple, cheap apple dslr lens, dslr lens best apple, best apple dslr lens, dslr lens apple review, apple review dslr lens, dslr lens where to buy apple, where to buy apple dslr lens, dslr lens how to choose apple, how to choose apple dslr lens, dslr lens top apple, top apple dslr lens, dslr lens apple guide, apple guide dslr lens, dslr lens apple for sale, apple for sale dslr lens, dslr lens apple deals, apple deals dslr lens, mirrorless photography apple, apple mirrorless photography, mirrorless photography cheap, cheap mirrorless photography, mirrorless photography best, best mirrorless photography, mirrorless photography latest, latest mirrorless photography, mirrorless photography review, review mirrorless photography, mirrorless photography price, price mirrorless photography, mirrorless photography sell, sell mirrorless photography, mirrorless photography buy, buy mirrorless photography, mirrorless photography recommendation, recommendation mirrorless photography, mirrorless photography tips, tips mirrorless photography, mirrorless photography tutorial, tutorial mirrorless photography, mirrorless photography guide, guide mirrorless photography, mirrorless photography how to, how to mirrorless photography, mirrorless photography vs, vs mirrorless photography, mirrorless photography versus, versus mirrorless photography, mirrorless photography compared to, compared to mirrorless photography, mirrorless photography comparison, comparison mirrorless photography, mirrorless photography alternatives, alternatives mirrorless photography, mirrorless photography which is better, which is better mirrorless photography, mirrorless photography expensive, expensive mirrorless photography, mirrorless photography discount, discount mirrorless photography, mirrorless photography deals, deals mirrorless photography, mirrorless photography sale, sale mirrorless photography, mirrorless photography affordable, affordable mirrorless photography, mirrorless photography cost, cost mirrorless photography, mirrorless photography online, online mirrorless photography, mirrorless photography offline, offline mirrorless photography, mirrorless photography marketplace, marketplace mirrorless photography, mirrorless photography store, store mirrorless photography, mirrorless photography shop, shop mirrorless photography, mirrorless photography retailer, retailer mirrorless photography, mirrorless photography where to buy, where to buy mirrorless photography, mirrorless photography worst, worst mirrorless photography, mirrorless photography quality, quality mirrorless photography, mirrorless photography original, original mirrorless photography, mirrorless photography genuine, genuine mirrorless photography, mirrorless photography fake, fake mirrorless photography, mirrorless photography replica, replica mirrorless photography, mirrorless photography authentic, authentic mirrorless photography, mirrorless photography brand, brand mirrorless photography, mirrorless photography manufacturer, manufacturer mirrorless photography, mirrorless photography company, company mirrorless photography, mirrorless photography product, product mirrorless photography, mirrorless photography apple product, apple product mirrorless photography, mirrorless photography sell apple, sell apple mirrorless photography, mirrorless photography buy apple, buy apple mirrorless photography, mirrorless photography cheap apple, cheap apple mirrorless photography, mirrorless photography best apple, best apple mirrorless photography, mirrorless photography apple review, apple review mirrorless photography, mirrorless photography where to buy apple, where to buy apple mirrorless photography, mirrorless photography how to choose apple, how to choose apple mirrorless photography, mirrorless photography top apple, top apple mirrorless photography, mirrorless photography apple guide, apple guide mirrorless photography, mirrorless photography apple for sale, apple for sale mirrorless photography, mirrorless photography apple deals, apple deals mirrorless photography
2026-08-07 06:05:33,435 - INFO - Expanded 220 seed keywords to 385 variations
2026-08-07 06:05:33,435 - INFO - Language: en
2026-08-07 06:05:33,435 - INFO - Region: us
2026-08-07 06:10:06,559 - INFO - 🎯 After all filtering for 'apple': 120 relevant keywords
2026-08-07 06:10:07,577 - INFO - 🎯 Found 5 new keywords for niche 'apple': apple affordable dslr lens, apple affordable mirrorless photography, cheap alternatives dslr lens, cheap alternatives mirrorless photography, best authentic dslr lens
2026-08-07 06:10:08,044 - INFO - ✅ Niche 'apple' process complete! 530 total keyword results.
2026-08-07 06:10:08,044 - INFO - ✅ Completed processing niche: 'apple'
2026-08-07 06:10:08,044 - INFO - 🔧 Request Handler final stats - Success rate: 100.0%
2026-08-07 06:10:08,045 - INFO -    Total requests: 166019, Blocks: 1
2026-08-07 06:10:08,045 - INFO - 
========================================
2026-08-07 06:10:08,046 - INFO - Process Summary:
2026-08-07 06:10:08,046 - INFO - - Current niche: 'apple'
2026-08-07 06:10:08,046 - INFO - - Next niche will be: 'sony'
2026-08-07 06:10:08,046 - INFO - - Keywords saved in: languages/english/keywords/apple/
2026-08-07 06:10:08,046 - INFO - ========================================
