2026-08-23 09:53:59,129 - INFO - Log file created at: /home/runner/work/potensitech.com/potensitech.com/languages/english/keywords/logs/kw_search_20260823_095359.log
2026-08-23 09:53:59,129 - INFO - ============================================================
2026-08-23 09:53:59,129 - INFO - AUTOMATIC KEYWORD RESEARCH TOOL
2026-08-23 09:53:59,129 - INFO - ============================================================
2026-08-23 09:53:59,430 - INFO - ========================================
2026-08-23 09:53:59,430 - INFO - Found 14 niches to process: xiaomi, iphone, samsung, apple, sony, asus, philips, sandisk, intel, nvidia, amd, canon, nikon, huawei
2026-08-23 09:53:59,430 - INFO - ========================================
2026-08-23 09:53:59,430 - INFO - Continuing from last processed niche: amd
2026-08-23 09:53:59,430 - INFO - ========================================
2026-08-23 09:53:59,430 - INFO - 🎯 PROCESSING NICHE 12/14: 'canon'
2026-08-23 09:53:59,430 - INFO - ========================================
2026-08-23 09:53:59,430 - INFO - 📁 Niche directory: /home/runner/work/potensitech.com/potensitech.com/languages/english/keywords/canon
2026-08-23 09:53:59,431 - INFO - Selected region: us
2026-08-23 09:53:59,431 - INFO - Selected language: en
2026-08-23 09:53:59,431 - INFO - 🎯 Current niche: canon
2026-08-23 09:54:10,484 - INFO - 🎯 Niche terms for filtering: canon, cheap, best, latest, review, price, sell, buy, recommendation, tips, tutorial, guide, how to, vs, versus, compared to, comparison, alternatives, which is better, expensive, discount, deals, sale, affordable, cost, online, offline, marketplace, store, shop, retailer, where to buy, worst, quality, original, genuine, fake, replica, authentic, brand, manufacturer, company, product, canon product, sell canon, buy canon, cheap canon, best canon, canon review, where to buy canon, how to choose canon, top canon, canon guide, canon for sale, canon deals
2026-08-23 09:54:10,484 - INFO - Generated 50 niche-clue pairs for 'canon'.
2026-08-23 09:54:10,487 - INFO - Expanded 50 seed keywords to 218 variations
2026-08-23 09:54:10,488 - INFO - 🔧 Request Handler initialized - Success rate: 100.0%
2026-08-23 09:58:37,402 - INFO - Original clue keywords: data storage, usb drive
2026-08-23 09:58:37,402 - INFO - Niche-focused seeds: data storage canon, canon data storage, data storage cheap, cheap data storage, data storage best, best data storage, data storage latest, latest data storage, data storage review, review data storage, data storage price, price data storage, data storage sell, sell data storage, data storage buy, buy data storage, data storage recommendation, recommendation data storage, data storage tips, tips data storage, data storage tutorial, tutorial data storage, data storage guide, guide data storage, data storage how to, how to data storage, data storage vs, vs data storage, data storage versus, versus data storage, data storage compared to, compared to data storage, data storage comparison, comparison data storage, data storage alternatives, alternatives data storage, data storage which is better, which is better data storage, data storage expensive, expensive data storage, data storage discount, discount data storage, data storage deals, deals data storage, data storage sale, sale data storage, data storage affordable, affordable data storage, data storage cost, cost data storage, data storage online, online data storage, data storage offline, offline data storage, data storage marketplace, marketplace data storage, data storage store, store data storage, data storage shop, shop data storage, data storage retailer, retailer data storage, data storage where to buy, where to buy data storage, data storage worst, worst data storage, data storage quality, quality data storage, data storage original, original data storage, data storage genuine, genuine data storage, data storage fake, fake data storage, data storage replica, replica data storage, data storage authentic, authentic data storage, data storage brand, brand data storage, data storage manufacturer, manufacturer data storage, data storage company, company data storage, data storage product, product data storage, data storage canon product, canon product data storage, data storage sell canon, sell canon data storage, data storage buy canon, buy canon data storage, data storage cheap canon, cheap canon data storage, data storage best canon, best canon data storage, data storage canon review, canon review data storage, data storage where to buy canon, where to buy canon data storage, data storage how to choose canon, how to choose canon data storage, data storage top canon, top canon data storage, data storage canon guide, canon guide data storage, data storage canon for sale, canon for sale data storage, data storage canon deals, canon deals data storage, usb drive canon, canon usb drive, usb drive cheap, cheap usb drive, usb drive best, best usb drive, usb drive latest, latest usb drive, usb drive review, review usb drive, usb drive price, price usb drive, usb drive sell, sell usb drive, usb drive buy, buy usb drive, usb drive recommendation, recommendation usb drive, usb drive tips, tips usb drive, usb drive tutorial, tutorial usb drive, usb drive guide, guide usb drive, usb drive how to, how to usb drive, usb drive vs, vs usb drive, usb drive versus, versus usb drive, usb drive compared to, compared to usb drive, usb drive comparison, comparison usb drive, usb drive alternatives, alternatives usb drive, usb drive which is better, which is better usb drive, usb drive expensive, expensive usb drive, usb drive discount, discount usb drive, usb drive deals, deals usb drive, usb drive sale, sale usb drive, usb drive affordable, affordable usb drive, usb drive cost, cost usb drive, usb drive online, online usb drive, usb drive offline, offline usb drive, usb drive marketplace, marketplace usb drive, usb drive store, store usb drive, usb drive shop, shop usb drive, usb drive retailer, retailer usb drive, usb drive where to buy, where to buy usb drive, usb drive worst, worst usb drive, usb drive quality, quality usb drive, usb drive original, original usb drive, usb drive genuine, genuine usb drive, usb drive fake, fake usb drive, usb drive replica, replica usb drive, usb drive authentic, authentic usb drive, usb drive brand, brand usb drive, usb drive manufacturer, manufacturer usb drive, usb drive company, company usb drive, usb drive product, product usb drive, usb drive canon product, canon product usb drive, usb drive sell canon, sell canon usb drive, usb drive buy canon, buy canon usb drive, usb drive cheap canon, cheap canon usb drive, usb drive best canon, best canon usb drive, usb drive canon review, canon review usb drive, usb drive where to buy canon, where to buy canon usb drive, usb drive how to choose canon, how to choose canon usb drive, usb drive top canon, top canon usb drive, usb drive canon guide, canon guide usb drive, usb drive canon for sale, canon for sale usb drive, usb drive canon deals, canon deals usb drive
2026-08-23 09:58:37,405 - INFO - Expanded 220 seed keywords to 385 variations
2026-08-23 09:58:37,405 - INFO - Language: en
2026-08-23 09:58:37,406 - INFO - Region: us
2026-08-23 10:01:04,417 - INFO - 🎯 After all filtering for 'canon': 120 relevant keywords
2026-08-23 10:01:05,602 - INFO - 🎯 Found 5 new keywords for niche 'canon': canon affordable data storage, canon affordable usb drive, cheap alternatives data storage, cheap alternatives usb drive, best authentic data storage
2026-08-23 10:01:21,924 - INFO - ✅ Niche 'canon' process complete! 687 total keyword results.
2026-08-23 10:01:21,924 - INFO - ✅ Completed processing niche: 'canon'
2026-08-23 10:01:21,924 - INFO - 🔧 Request Handler final stats - Success rate: 100.0%
2026-08-23 10:01:21,925 - INFO -    Total requests: 178676, Blocks: 1
2026-08-23 10:01:21,926 - INFO - 
========================================
2026-08-23 10:01:21,926 - INFO - Process Summary:
2026-08-23 10:01:21,926 - INFO - - Current niche: 'canon'
2026-08-23 10:01:21,926 - INFO - - Next niche will be: 'nikon'
2026-08-23 10:01:21,926 - INFO - - Keywords saved in: languages/english/keywords/canon/
2026-08-23 10:01:21,927 - INFO - ========================================
