2026-09-29 01:13:41,509 - INFO - Log file created at: /home/runner/work/potensitech.com/potensitech.com/languages/english/keywords/logs/kw_search_20260929_011341.log
2026-09-29 01:13:41,509 - INFO - ============================================================
2026-09-29 01:13:41,509 - INFO - AUTOMATIC KEYWORD RESEARCH TOOL
2026-09-29 01:13:41,509 - INFO - ============================================================
2026-09-29 01:13:41,937 - INFO - ========================================
2026-09-29 01:13:41,937 - INFO - Found 14 niches to process: xiaomi, iphone, samsung, apple, sony, asus, philips, sandisk, intel, nvidia, amd, canon, nikon, huawei
2026-09-29 01:13:41,937 - INFO - ========================================
2026-09-29 01:13:41,937 - INFO - Continuing from last processed niche: amd
2026-09-29 01:13:41,937 - INFO - ========================================
2026-09-29 01:13:41,937 - INFO - 🎯 PROCESSING NICHE 12/14: 'canon'
2026-09-29 01:13:41,937 - INFO - ========================================
2026-09-29 01:13:41,937 - INFO - 📁 Niche directory: /home/runner/work/potensitech.com/potensitech.com/languages/english/keywords/canon
2026-09-29 01:13:41,937 - INFO - Selected region: us
2026-09-29 01:13:41,938 - INFO - Selected language: en
2026-09-29 01:13:41,938 - INFO - 🎯 Current niche: canon
2026-09-29 01:13:52,530 - INFO - 🎯 Niche terms for filtering: canon, cheap, best, latest, review, price, sell, buy, recommendation, tips, tutorial, guide, how to, vs, versus, compared to, comparison, alternatives, which is better, expensive, discount, deals, sale, affordable, cost, online, offline, marketplace, store, shop, retailer, where to buy, worst, quality, original, genuine, fake, replica, authentic, brand, manufacturer, company, product, canon product, sell canon, buy canon, cheap canon, best canon, canon review, where to buy canon, how to choose canon, top canon, canon guide, canon for sale, canon deals
2026-09-29 01:13:52,530 - INFO - Generated 50 niche-clue pairs for 'canon'.
2026-09-29 01:13:52,533 - INFO - Expanded 50 seed keywords to 218 variations
2026-09-29 01:13:52,534 - INFO - 🔧 Request Handler initialized - Success rate: 100.0%
2026-09-29 01:18:16,360 - INFO - Original clue keywords: smartphone battery, smartphone display
2026-09-29 01:18:16,360 - INFO - Niche-focused seeds: smartphone battery canon, canon smartphone battery, smartphone battery cheap, cheap smartphone battery, smartphone battery best, best smartphone battery, smartphone battery latest, latest smartphone battery, smartphone battery review, review smartphone battery, smartphone battery price, price smartphone battery, smartphone battery sell, sell smartphone battery, smartphone battery buy, buy smartphone battery, smartphone battery recommendation, recommendation smartphone battery, smartphone battery tips, tips smartphone battery, smartphone battery tutorial, tutorial smartphone battery, smartphone battery guide, guide smartphone battery, smartphone battery how to, how to smartphone battery, smartphone battery vs, vs smartphone battery, smartphone battery versus, versus smartphone battery, smartphone battery compared to, compared to smartphone battery, smartphone battery comparison, comparison smartphone battery, smartphone battery alternatives, alternatives smartphone battery, smartphone battery which is better, which is better smartphone battery, smartphone battery expensive, expensive smartphone battery, smartphone battery discount, discount smartphone battery, smartphone battery deals, deals smartphone battery, smartphone battery sale, sale smartphone battery, smartphone battery affordable, affordable smartphone battery, smartphone battery cost, cost smartphone battery, smartphone battery online, online smartphone battery, smartphone battery offline, offline smartphone battery, smartphone battery marketplace, marketplace smartphone battery, smartphone battery store, store smartphone battery, smartphone battery shop, shop smartphone battery, smartphone battery retailer, retailer smartphone battery, smartphone battery where to buy, where to buy smartphone battery, smartphone battery worst, worst smartphone battery, smartphone battery quality, quality smartphone battery, smartphone battery original, original smartphone battery, smartphone battery genuine, genuine smartphone battery, smartphone battery fake, fake smartphone battery, smartphone battery replica, replica smartphone battery, smartphone battery authentic, authentic smartphone battery, smartphone battery brand, brand smartphone battery, smartphone battery manufacturer, manufacturer smartphone battery, smartphone battery company, company smartphone battery, smartphone battery product, product smartphone battery, smartphone battery canon product, canon product smartphone battery, smartphone battery sell canon, sell canon smartphone battery, smartphone battery buy canon, buy canon smartphone battery, smartphone battery cheap canon, cheap canon smartphone battery, smartphone battery best canon, best canon smartphone battery, smartphone battery canon review, canon review smartphone battery, smartphone battery where to buy canon, where to buy canon smartphone battery, smartphone battery how to choose canon, how to choose canon smartphone battery, smartphone battery top canon, top canon smartphone battery, smartphone battery canon guide, canon guide smartphone battery, smartphone battery canon for sale, canon for sale smartphone battery, smartphone battery canon deals, canon deals smartphone battery, smartphone display canon, canon smartphone display, smartphone display cheap, cheap smartphone display, smartphone display best, best smartphone display, smartphone display latest, latest smartphone display, smartphone display review, review smartphone display, smartphone display price, price smartphone display, smartphone display sell, sell smartphone display, smartphone display buy, buy smartphone display, smartphone display recommendation, recommendation smartphone display, smartphone display tips, tips smartphone display, smartphone display tutorial, tutorial smartphone display, smartphone display guide, guide smartphone display, smartphone display how to, how to smartphone display, smartphone display vs, vs smartphone display, smartphone display versus, versus smartphone display, smartphone display compared to, compared to smartphone display, smartphone display comparison, comparison smartphone display, smartphone display alternatives, alternatives smartphone display, smartphone display which is better, which is better smartphone display, smartphone display expensive, expensive smartphone display, smartphone display discount, discount smartphone display, smartphone display deals, deals smartphone display, smartphone display sale, sale smartphone display, smartphone display affordable, affordable smartphone display, smartphone display cost, cost smartphone display, smartphone display online, online smartphone display, smartphone display offline, offline smartphone display, smartphone display marketplace, marketplace smartphone display, smartphone display store, store smartphone display, smartphone display shop, shop smartphone display, smartphone display retailer, retailer smartphone display, smartphone display where to buy, where to buy smartphone display, smartphone display worst, worst smartphone display, smartphone display quality, quality smartphone display, smartphone display original, original smartphone display, smartphone display genuine, genuine smartphone display, smartphone display fake, fake smartphone display, smartphone display replica, replica smartphone display, smartphone display authentic, authentic smartphone display, smartphone display brand, brand smartphone display, smartphone display manufacturer, manufacturer smartphone display, smartphone display company, company smartphone display, smartphone display product, product smartphone display, smartphone display canon product, canon product smartphone display, smartphone display sell canon, sell canon smartphone display, smartphone display buy canon, buy canon smartphone display, smartphone display cheap canon, cheap canon smartphone display, smartphone display best canon, best canon smartphone display, smartphone display canon review, canon review smartphone display, smartphone display where to buy canon, where to buy canon smartphone display, smartphone display how to choose canon, how to choose canon smartphone display, smartphone display top canon, top canon smartphone display, smartphone display canon guide, canon guide smartphone display, smartphone display canon for sale, canon for sale smartphone display, smartphone display canon deals, canon deals smartphone display
2026-09-29 01:18:16,364 - INFO - Expanded 220 seed keywords to 385 variations
2026-09-29 01:18:16,364 - INFO - Language: en
2026-09-29 01:18:16,364 - INFO - Region: us
2026-09-29 01:22:44,770 - INFO - 🎯 After all filtering for 'canon': 120 relevant keywords
2026-09-29 01:22:46,241 - INFO - 🎯 Found 5 new keywords for niche 'canon': canon affordable smartphone battery, cheap affordable smartphone display, alternatives smartphone battery cheap, canon alternatives smartphone display, best authentic smartphone battery
2026-09-29 01:23:02,851 - INFO - ✅ Niche 'canon' process complete! 735 total keyword results.
2026-09-29 01:23:02,851 - INFO - ✅ Completed processing niche: 'canon'
2026-09-29 01:23:02,851 - INFO - 🔧 Request Handler final stats - Success rate: 100.0%
2026-09-29 01:23:02,851 - INFO -    Total requests: 208968, Blocks: 1
2026-09-29 01:23:02,852 - INFO - 
========================================
2026-09-29 01:23:02,852 - INFO - Process Summary:
2026-09-29 01:23:02,852 - INFO - - Current niche: 'canon'
2026-09-29 01:23:02,852 - INFO - - Next niche will be: 'nikon'
2026-09-29 01:23:02,852 - INFO - - Keywords saved in: languages/english/keywords/canon/
2026-09-29 01:23:02,853 - INFO - ========================================
