2026-10-04 00:01:05,009 - INFO - Log file created at: /home/runner/work/potensitech.com/potensitech.com/languages/english/keywords/logs/kw_search_20261004_000105.log
2026-10-04 00:01:05,009 - INFO - ============================================================
2026-10-04 00:01:05,009 - INFO - AUTOMATIC KEYWORD RESEARCH TOOL
2026-10-04 00:01:05,009 - INFO - ============================================================
2026-10-04 00:01:05,396 - INFO - ========================================
2026-10-04 00:01:05,396 - INFO - Found 14 niches to process: xiaomi, iphone, samsung, apple, sony, asus, philips, sandisk, intel, nvidia, amd, canon, nikon, huawei
2026-10-04 00:01:05,396 - INFO - ========================================
2026-10-04 00:01:05,396 - INFO - Continuing from last processed niche: sony
2026-10-04 00:01:05,396 - INFO - ========================================
2026-10-04 00:01:05,396 - INFO - 🎯 PROCESSING NICHE 6/14: 'asus'
2026-10-04 00:01:05,396 - INFO - ========================================
2026-10-04 00:01:05,396 - INFO - 📁 Niche directory: /home/runner/work/potensitech.com/potensitech.com/languages/english/keywords/asus
2026-10-04 00:01:05,397 - INFO - Selected region: us
2026-10-04 00:01:05,397 - INFO - Selected language: en
2026-10-04 00:01:05,397 - INFO - 🎯 Current niche: asus
2026-10-04 00:01:16,822 - INFO - 🎯 Niche terms for filtering: asus, cheap, best, latest, review, price, sell, buy, recommendation, tips, tutorial, guide, how to, vs, versus, compared to, comparison, alternatives, which is better, expensive, discount, deals, sale, affordable, cost, online, offline, marketplace, store, shop, retailer, where to buy, worst, quality, original, genuine, fake, replica, authentic, brand, manufacturer, company, product, asus product, sell asus, buy asus, cheap asus, best asus, asus review, where to buy asus, how to choose asus, top asus, asus guide, asus for sale, asus deals
2026-10-04 00:01:16,823 - INFO - Generated 50 niche-clue pairs for 'asus'.
2026-10-04 00:01:16,824 - INFO - Expanded 50 seed keywords to 218 variations
2026-10-04 00:01:16,825 - INFO - 🔧 Request Handler initialized - Success rate: 100.0%
2026-10-04 00:05:40,434 - INFO - Original clue keywords: thermal performance, dslr features
2026-10-04 00:05:40,434 - INFO - Niche-focused seeds: thermal performance asus, asus thermal performance, thermal performance cheap, cheap thermal performance, thermal performance best, best thermal performance, thermal performance latest, latest thermal performance, thermal performance review, review thermal performance, thermal performance price, price thermal performance, thermal performance sell, sell thermal performance, thermal performance buy, buy thermal performance, thermal performance recommendation, recommendation thermal performance, thermal performance tips, tips thermal performance, thermal performance tutorial, tutorial thermal performance, thermal performance guide, guide thermal performance, thermal performance how to, how to thermal performance, thermal performance vs, vs thermal performance, thermal performance versus, versus thermal performance, thermal performance compared to, compared to thermal performance, thermal performance comparison, comparison thermal performance, thermal performance alternatives, alternatives thermal performance, thermal performance which is better, which is better thermal performance, thermal performance expensive, expensive thermal performance, thermal performance discount, discount thermal performance, thermal performance deals, deals thermal performance, thermal performance sale, sale thermal performance, thermal performance affordable, affordable thermal performance, thermal performance cost, cost thermal performance, thermal performance online, online thermal performance, thermal performance offline, offline thermal performance, thermal performance marketplace, marketplace thermal performance, thermal performance store, store thermal performance, thermal performance shop, shop thermal performance, thermal performance retailer, retailer thermal performance, thermal performance where to buy, where to buy thermal performance, thermal performance worst, worst thermal performance, thermal performance quality, quality thermal performance, thermal performance original, original thermal performance, thermal performance genuine, genuine thermal performance, thermal performance fake, fake thermal performance, thermal performance replica, replica thermal performance, thermal performance authentic, authentic thermal performance, thermal performance brand, brand thermal performance, thermal performance manufacturer, manufacturer thermal performance, thermal performance company, company thermal performance, thermal performance product, product thermal performance, thermal performance asus product, asus product thermal performance, thermal performance sell asus, sell asus thermal performance, thermal performance buy asus, buy asus thermal performance, thermal performance cheap asus, cheap asus thermal performance, thermal performance best asus, best asus thermal performance, thermal performance asus review, asus review thermal performance, thermal performance where to buy asus, where to buy asus thermal performance, thermal performance how to choose asus, how to choose asus thermal performance, thermal performance top asus, top asus thermal performance, thermal performance asus guide, asus guide thermal performance, thermal performance asus for sale, asus for sale thermal performance, thermal performance asus deals, asus deals thermal performance, dslr features asus, asus dslr features, dslr features cheap, cheap dslr features, dslr features best, best dslr features, dslr features latest, latest dslr features, dslr features review, review dslr features, dslr features price, price dslr features, dslr features sell, sell dslr features, dslr features buy, buy dslr features, dslr features recommendation, recommendation dslr features, dslr features tips, tips dslr features, dslr features tutorial, tutorial dslr features, dslr features guide, guide dslr features, dslr features how to, how to dslr features, dslr features vs, vs dslr features, dslr features versus, versus dslr features, dslr features compared to, compared to dslr features, dslr features comparison, comparison dslr features, dslr features alternatives, alternatives dslr features, dslr features which is better, which is better dslr features, dslr features expensive, expensive dslr features, dslr features discount, discount dslr features, dslr features deals, deals dslr features, dslr features sale, sale dslr features, dslr features affordable, affordable dslr features, dslr features cost, cost dslr features, dslr features online, online dslr features, dslr features offline, offline dslr features, dslr features marketplace, marketplace dslr features, dslr features store, store dslr features, dslr features shop, shop dslr features, dslr features retailer, retailer dslr features, dslr features where to buy, where to buy dslr features, dslr features worst, worst dslr features, dslr features quality, quality dslr features, dslr features original, original dslr features, dslr features genuine, genuine dslr features, dslr features fake, fake dslr features, dslr features replica, replica dslr features, dslr features authentic, authentic dslr features, dslr features brand, brand dslr features, dslr features manufacturer, manufacturer dslr features, dslr features company, company dslr features, dslr features product, product dslr features, dslr features asus product, asus product dslr features, dslr features sell asus, sell asus dslr features, dslr features buy asus, buy asus dslr features, dslr features cheap asus, cheap asus dslr features, dslr features best asus, best asus dslr features, dslr features asus review, asus review dslr features, dslr features where to buy asus, where to buy asus dslr features, dslr features how to choose asus, how to choose asus dslr features, dslr features top asus, top asus dslr features, dslr features asus guide, asus guide dslr features, dslr features asus for sale, asus for sale dslr features, dslr features asus deals, asus deals dslr features
2026-10-04 00:05:40,436 - INFO - Expanded 220 seed keywords to 385 variations
2026-10-04 00:05:40,436 - INFO - Language: en
2026-10-04 00:05:40,436 - INFO - Region: us
2026-10-04 00:08:09,263 - INFO - 🎯 After all filtering for 'asus': 120 relevant keywords
2026-10-04 00:08:10,933 - INFO - 🎯 Found 5 new keywords for niche 'asus': asus affordable dslr features, asus affordable thermal performance, cheap alternatives dslr features, best authentic dslr features, how to brand dslr features
2026-10-04 00:08:27,421 - INFO - ✅ Niche 'asus' process complete! 882 total keyword results.
2026-10-04 00:08:27,421 - INFO - ✅ Completed processing niche: 'asus'
2026-10-04 00:08:27,421 - INFO - 🔧 Request Handler final stats - Success rate: 100.0%
2026-10-04 00:08:27,421 - INFO -    Total requests: 213548, Blocks: 1
2026-10-04 00:08:27,422 - INFO - 
========================================
2026-10-04 00:08:27,422 - INFO - Process Summary:
2026-10-04 00:08:27,422 - INFO - - Current niche: 'asus'
2026-10-04 00:08:27,422 - INFO - - Next niche will be: 'philips'
2026-10-04 00:08:27,422 - INFO - - Keywords saved in: languages/english/keywords/asus/
2026-10-04 00:08:27,423 - INFO - ========================================
