2026-08-09 19:46:31,867 - INFO - Log file created at: /home/runner/work/potensitech.com/potensitech.com/languages/english/keywords/logs/kw_search_20260809_194631.log
2026-08-09 19:46:31,867 - INFO - ============================================================
2026-08-09 19:46:31,867 - INFO - AUTOMATIC KEYWORD RESEARCH TOOL
2026-08-09 19:46:31,867 - INFO - ============================================================
2026-08-09 19:46:32,127 - INFO - ========================================
2026-08-09 19:46:32,127 - INFO - Found 14 niches to process: xiaomi, iphone, samsung, apple, sony, asus, philips, sandisk, intel, nvidia, amd, canon, nikon, huawei
2026-08-09 19:46:32,127 - INFO - ========================================
2026-08-09 19:46:32,127 - INFO - Continuing from last processed niche: xiaomi
2026-08-09 19:46:32,127 - INFO - ========================================
2026-08-09 19:46:32,127 - INFO - 🎯 PROCESSING NICHE 2/14: 'iphone'
2026-08-09 19:46:32,127 - INFO - ========================================
2026-08-09 19:46:32,127 - INFO - 📁 Niche directory: /home/runner/work/potensitech.com/potensitech.com/languages/english/keywords/iphone
2026-08-09 19:46:32,127 - INFO - Selected region: us
2026-08-09 19:46:32,127 - INFO - Selected language: en
2026-08-09 19:46:32,127 - INFO - 🎯 Current niche: iphone
2026-08-09 19:46:32,731 - INFO - 🎯 Niche terms for filtering: iphone, cheap, best, latest, review, price, sell, buy, recommendation, tips, tutorial, guide, how to, vs, versus, compared to, comparison, alternatives, which is better, expensive, discount, deals, sale, affordable, cost, online, offline, marketplace, store, shop, retailer, where to buy, worst, quality, original, genuine, fake, replica, authentic, brand, manufacturer, company, product, iphone product, sell iphone, buy iphone, cheap iphone, best iphone, iphone review, where to buy iphone, how to choose iphone, top iphone, iphone guide, iphone for sale, iphone deals
2026-08-09 19:46:32,731 - INFO - Generated 50 niche-clue pairs for 'iphone'.
2026-08-09 19:46:32,734 - INFO - Expanded 50 seed keywords to 218 variations
2026-08-09 19:46:32,734 - INFO - 🔧 Request Handler initialized - Success rate: 100.0%
2026-08-09 19:50:55,893 - INFO - Original clue keywords: mirrorless camera, battery life
2026-08-09 19:50:55,893 - INFO - Niche-focused seeds: mirrorless camera iphone, iphone mirrorless camera, mirrorless camera cheap, cheap mirrorless camera, mirrorless camera best, best mirrorless camera, mirrorless camera latest, latest mirrorless camera, mirrorless camera review, review mirrorless camera, mirrorless camera price, price mirrorless camera, mirrorless camera sell, sell mirrorless camera, mirrorless camera buy, buy mirrorless camera, mirrorless camera recommendation, recommendation mirrorless camera, mirrorless camera tips, tips mirrorless camera, mirrorless camera tutorial, tutorial mirrorless camera, mirrorless camera guide, guide mirrorless camera, mirrorless camera how to, how to mirrorless camera, mirrorless camera vs, vs mirrorless camera, mirrorless camera versus, versus mirrorless camera, mirrorless camera compared to, compared to mirrorless camera, mirrorless camera comparison, comparison mirrorless camera, mirrorless camera alternatives, alternatives mirrorless camera, mirrorless camera which is better, which is better mirrorless camera, mirrorless camera expensive, expensive mirrorless camera, mirrorless camera discount, discount mirrorless camera, mirrorless camera deals, deals mirrorless camera, mirrorless camera sale, sale mirrorless camera, mirrorless camera affordable, affordable mirrorless camera, mirrorless camera cost, cost mirrorless camera, mirrorless camera online, online mirrorless camera, mirrorless camera offline, offline mirrorless camera, mirrorless camera marketplace, marketplace mirrorless camera, mirrorless camera store, store mirrorless camera, mirrorless camera shop, shop mirrorless camera, mirrorless camera retailer, retailer mirrorless camera, mirrorless camera where to buy, where to buy mirrorless camera, mirrorless camera worst, worst mirrorless camera, mirrorless camera quality, quality mirrorless camera, mirrorless camera original, original mirrorless camera, mirrorless camera genuine, genuine mirrorless camera, mirrorless camera fake, fake mirrorless camera, mirrorless camera replica, replica mirrorless camera, mirrorless camera authentic, authentic mirrorless camera, mirrorless camera brand, brand mirrorless camera, mirrorless camera manufacturer, manufacturer mirrorless camera, mirrorless camera company, company mirrorless camera, mirrorless camera product, product mirrorless camera, mirrorless camera iphone product, iphone product mirrorless camera, mirrorless camera sell iphone, sell iphone mirrorless camera, mirrorless camera buy iphone, buy iphone mirrorless camera, mirrorless camera cheap iphone, cheap iphone mirrorless camera, mirrorless camera best iphone, best iphone mirrorless camera, mirrorless camera iphone review, iphone review mirrorless camera, mirrorless camera where to buy iphone, where to buy iphone mirrorless camera, mirrorless camera how to choose iphone, how to choose iphone mirrorless camera, mirrorless camera top iphone, top iphone mirrorless camera, mirrorless camera iphone guide, iphone guide mirrorless camera, mirrorless camera iphone for sale, iphone for sale mirrorless camera, mirrorless camera iphone deals, iphone deals mirrorless camera, battery life iphone, iphone battery life, battery life cheap, cheap battery life, battery life best, best battery life, battery life latest, latest battery life, battery life review, review battery life, battery life price, price battery life, battery life sell, sell battery life, battery life buy, buy battery life, battery life recommendation, recommendation battery life, battery life tips, tips battery life, battery life tutorial, tutorial battery life, battery life guide, guide battery life, battery life how to, how to battery life, battery life vs, vs battery life, battery life versus, versus battery life, battery life compared to, compared to battery life, battery life comparison, comparison battery life, battery life alternatives, alternatives battery life, battery life which is better, which is better battery life, battery life expensive, expensive battery life, battery life discount, discount battery life, battery life deals, deals battery life, battery life sale, sale battery life, battery life affordable, affordable battery life, battery life cost, cost battery life, battery life online, online battery life, battery life offline, offline battery life, battery life marketplace, marketplace battery life, battery life store, store battery life, battery life shop, shop battery life, battery life retailer, retailer battery life, battery life where to buy, where to buy battery life, battery life worst, worst battery life, battery life quality, quality battery life, battery life original, original battery life, battery life genuine, genuine battery life, battery life fake, fake battery life, battery life replica, replica battery life, battery life authentic, authentic battery life, battery life brand, brand battery life, battery life manufacturer, manufacturer battery life, battery life company, company battery life, battery life product, product battery life, battery life iphone product, iphone product battery life, battery life sell iphone, sell iphone battery life, battery life buy iphone, buy iphone battery life, battery life cheap iphone, cheap iphone battery life, battery life best iphone, best iphone battery life, battery life iphone review, iphone review battery life, battery life where to buy iphone, where to buy iphone battery life, battery life how to choose iphone, how to choose iphone battery life, battery life top iphone, top iphone battery life, battery life iphone guide, iphone guide battery life, battery life iphone for sale, iphone for sale battery life, battery life iphone deals, iphone deals battery life
2026-08-09 19:50:55,896 - INFO - Expanded 220 seed keywords to 385 variations
2026-08-09 19:50:55,896 - INFO - Language: en
2026-08-09 19:50:55,896 - INFO - Region: us
2026-08-09 19:52:11,787 - INFO - 🎯 After all filtering for 'iphone': 120 relevant keywords
2026-08-09 19:52:13,091 - INFO - 🎯 Found 4 new keywords for niche 'iphone': iphone affordable battery life, iphone affordable mirrorless camera, cheap alternatives mirrorless camera, best authentic mirrorless camera
2026-08-09 19:52:13,507 - INFO - ✅ Niche 'iphone' process complete! 839 total keyword results.
2026-08-09 19:52:13,508 - INFO - ✅ Completed processing niche: 'iphone'
2026-08-09 19:52:13,508 - INFO - 🔧 Request Handler final stats - Success rate: 100.0%
2026-08-09 19:52:13,508 - INFO -    Total requests: 168000, Blocks: 1
2026-08-09 19:52:13,509 - INFO - 
========================================
2026-08-09 19:52:13,509 - INFO - Process Summary:
2026-08-09 19:52:13,509 - INFO - - Current niche: 'iphone'
2026-08-09 19:52:13,509 - INFO - - Next niche will be: 'samsung'
2026-08-09 19:52:13,509 - INFO - - Keywords saved in: languages/english/keywords/iphone/
2026-08-09 19:52:13,510 - INFO - ========================================
