2026-08-23 05:14:18,357 - INFO - Log file created at: /home/runner/work/potensitech.com/potensitech.com/languages/english/keywords/logs/kw_search_20260823_051418.log
2026-08-23 05:14:18,358 - INFO - ============================================================
2026-08-23 05:14:18,358 - INFO - AUTOMATIC KEYWORD RESEARCH TOOL
2026-08-23 05:14:18,358 - INFO - ============================================================
2026-08-23 05:14:18,706 - INFO - ========================================
2026-08-23 05:14:18,706 - INFO - Found 14 niches to process: xiaomi, iphone, samsung, apple, sony, asus, philips, sandisk, intel, nvidia, amd, canon, nikon, huawei
2026-08-23 05:14:18,706 - INFO - ========================================
2026-08-23 05:14:18,706 - INFO - Continuing from last processed niche: intel
2026-08-23 05:14:18,706 - INFO - ========================================
2026-08-23 05:14:18,706 - INFO - 🎯 PROCESSING NICHE 10/14: 'nvidia'
2026-08-23 05:14:18,706 - INFO - ========================================
2026-08-23 05:14:18,706 - INFO - 📁 Niche directory: /home/runner/work/potensitech.com/potensitech.com/languages/english/keywords/nvidia
2026-08-23 05:14:18,706 - INFO - Selected region: us
2026-08-23 05:14:18,706 - INFO - Selected language: en
2026-08-23 05:14:18,706 - INFO - 🎯 Current niche: nvidia
2026-08-23 05:14:29,644 - INFO - 🎯 Niche terms for filtering: nvidia, cheap, best, latest, review, price, sell, buy, recommendation, tips, tutorial, guide, how to, vs, versus, compared to, comparison, alternatives, which is better, expensive, discount, deals, sale, affordable, cost, online, offline, marketplace, store, shop, retailer, where to buy, worst, quality, original, genuine, fake, replica, authentic, brand, manufacturer, company, product, nvidia product, sell nvidia, buy nvidia, cheap nvidia, best nvidia, nvidia review, where to buy nvidia, how to choose nvidia, top nvidia, nvidia guide, nvidia for sale, nvidia deals
2026-08-23 05:14:29,644 - INFO - Generated 50 niche-clue pairs for 'nvidia'.
2026-08-23 05:14:29,647 - INFO - Expanded 50 seed keywords to 218 variations
2026-08-23 05:14:29,648 - INFO - 🔧 Request Handler initialized - Success rate: 100.0%
2026-08-23 05:18:54,999 - INFO - Original clue keywords: data storage, usb drive
2026-08-23 05:18:54,999 - INFO - Niche-focused seeds: data storage nvidia, nvidia data storage, data storage cheap, cheap data storage, data storage best, best data storage, data storage latest, latest data storage, data storage review, review data storage, data storage price, price data storage, data storage sell, sell data storage, data storage buy, buy data storage, data storage recommendation, recommendation data storage, data storage tips, tips data storage, data storage tutorial, tutorial data storage, data storage guide, guide data storage, data storage how to, how to data storage, data storage vs, vs data storage, data storage versus, versus data storage, data storage compared to, compared to data storage, data storage comparison, comparison data storage, data storage alternatives, alternatives data storage, data storage which is better, which is better data storage, data storage expensive, expensive data storage, data storage discount, discount data storage, data storage deals, deals data storage, data storage sale, sale data storage, data storage affordable, affordable data storage, data storage cost, cost data storage, data storage online, online data storage, data storage offline, offline data storage, data storage marketplace, marketplace data storage, data storage store, store data storage, data storage shop, shop data storage, data storage retailer, retailer data storage, data storage where to buy, where to buy data storage, data storage worst, worst data storage, data storage quality, quality data storage, data storage original, original data storage, data storage genuine, genuine data storage, data storage fake, fake data storage, data storage replica, replica data storage, data storage authentic, authentic data storage, data storage brand, brand data storage, data storage manufacturer, manufacturer data storage, data storage company, company data storage, data storage product, product data storage, data storage nvidia product, nvidia product data storage, data storage sell nvidia, sell nvidia data storage, data storage buy nvidia, buy nvidia data storage, data storage cheap nvidia, cheap nvidia data storage, data storage best nvidia, best nvidia data storage, data storage nvidia review, nvidia review data storage, data storage where to buy nvidia, where to buy nvidia data storage, data storage how to choose nvidia, how to choose nvidia data storage, data storage top nvidia, top nvidia data storage, data storage nvidia guide, nvidia guide data storage, data storage nvidia for sale, nvidia for sale data storage, data storage nvidia deals, nvidia deals data storage, usb drive nvidia, nvidia usb drive, usb drive cheap, cheap usb drive, usb drive best, best usb drive, usb drive latest, latest usb drive, usb drive review, review usb drive, usb drive price, price usb drive, usb drive sell, sell usb drive, usb drive buy, buy usb drive, usb drive recommendation, recommendation usb drive, usb drive tips, tips usb drive, usb drive tutorial, tutorial usb drive, usb drive guide, guide usb drive, usb drive how to, how to usb drive, usb drive vs, vs usb drive, usb drive versus, versus usb drive, usb drive compared to, compared to usb drive, usb drive comparison, comparison usb drive, usb drive alternatives, alternatives usb drive, usb drive which is better, which is better usb drive, usb drive expensive, expensive usb drive, usb drive discount, discount usb drive, usb drive deals, deals usb drive, usb drive sale, sale usb drive, usb drive affordable, affordable usb drive, usb drive cost, cost usb drive, usb drive online, online usb drive, usb drive offline, offline usb drive, usb drive marketplace, marketplace usb drive, usb drive store, store usb drive, usb drive shop, shop usb drive, usb drive retailer, retailer usb drive, usb drive where to buy, where to buy usb drive, usb drive worst, worst usb drive, usb drive quality, quality usb drive, usb drive original, original usb drive, usb drive genuine, genuine usb drive, usb drive fake, fake usb drive, usb drive replica, replica usb drive, usb drive authentic, authentic usb drive, usb drive brand, brand usb drive, usb drive manufacturer, manufacturer usb drive, usb drive company, company usb drive, usb drive product, product usb drive, usb drive nvidia product, nvidia product usb drive, usb drive sell nvidia, sell nvidia usb drive, usb drive buy nvidia, buy nvidia usb drive, usb drive cheap nvidia, cheap nvidia usb drive, usb drive best nvidia, best nvidia usb drive, usb drive nvidia review, nvidia review usb drive, usb drive where to buy nvidia, where to buy nvidia usb drive, usb drive how to choose nvidia, how to choose nvidia usb drive, usb drive top nvidia, top nvidia usb drive, usb drive nvidia guide, nvidia guide usb drive, usb drive nvidia for sale, nvidia for sale usb drive, usb drive nvidia deals, nvidia deals usb drive
2026-08-23 05:18:55,002 - INFO - Expanded 220 seed keywords to 385 variations
2026-08-23 05:18:55,002 - INFO - Language: en
2026-08-23 05:18:55,002 - INFO - Region: us
2026-08-23 05:23:26,248 - INFO - 🎯 After all filtering for 'nvidia': 120 relevant keywords
2026-08-23 05:23:27,729 - INFO - 🎯 Found 5 new keywords for niche 'nvidia': nvidia affordable data storage, nvidia affordable usb drive, cheap alternatives data storage, cheap alternatives usb drive, best authentic data storage
2026-08-23 05:23:43,415 - INFO - ✅ Niche 'nvidia' process complete! 854 total keyword results.
2026-08-23 05:23:43,415 - INFO - ✅ Completed processing niche: 'nvidia'
2026-08-23 05:23:43,415 - INFO - 🔧 Request Handler final stats - Success rate: 100.0%
2026-08-23 05:23:43,415 - INFO -    Total requests: 178513, Blocks: 1
2026-08-23 05:23:43,416 - INFO - 
========================================
2026-08-23 05:23:43,416 - INFO - Process Summary:
2026-08-23 05:23:43,416 - INFO - - Current niche: 'nvidia'
2026-08-23 05:23:43,416 - INFO - - Next niche will be: 'amd'
2026-08-23 05:23:43,416 - INFO - - Keywords saved in: languages/english/keywords/nvidia/
2026-08-23 05:23:43,417 - INFO - ========================================
