2026-09-25 09:49:46,086 - INFO - Log file created at: /home/runner/work/potensitech.com/potensitech.com/languages/english/keywords/logs/kw_search_20260925_094946.log
2026-09-25 09:49:46,086 - INFO - ============================================================
2026-09-25 09:49:46,086 - INFO - AUTOMATIC KEYWORD RESEARCH TOOL
2026-09-25 09:49:46,087 - INFO - ============================================================
2026-09-25 09:49:46,479 - INFO - ========================================
2026-09-25 09:49:46,480 - INFO - Found 14 niches to process: xiaomi, iphone, samsung, apple, sony, asus, philips, sandisk, intel, nvidia, amd, canon, nikon, huawei
2026-09-25 09:49:46,480 - INFO - ========================================
2026-09-25 09:49:46,480 - INFO - Continuing from last processed niche: iphone
2026-09-25 09:49:46,480 - INFO - ========================================
2026-09-25 09:49:46,480 - INFO - 🎯 PROCESSING NICHE 3/14: 'samsung'
2026-09-25 09:49:46,480 - INFO - ========================================
2026-09-25 09:49:46,480 - INFO - 📁 Niche directory: /home/runner/work/potensitech.com/potensitech.com/languages/english/keywords/samsung
2026-09-25 09:49:46,480 - INFO - Selected region: us
2026-09-25 09:49:46,480 - INFO - Selected language: en
2026-09-25 09:49:46,480 - INFO - 🎯 Current niche: samsung
2026-09-25 09:49:57,303 - INFO - 🎯 Niche terms for filtering: samsung, cheap, best, latest, review, price, sell, buy, recommendation, tips, tutorial, guide, how to, vs, versus, compared to, comparison, alternatives, which is better, expensive, discount, deals, sale, affordable, cost, online, offline, marketplace, store, shop, retailer, where to buy, worst, quality, original, genuine, fake, replica, authentic, brand, manufacturer, company, product, samsung product, sell samsung, buy samsung, cheap samsung, best samsung, samsung review, where to buy samsung, how to choose samsung, top samsung, samsung guide, samsung for sale, samsung deals
2026-09-25 09:49:57,303 - INFO - Generated 50 niche-clue pairs for 'samsung'.
2026-09-25 09:49:57,306 - INFO - Expanded 50 seed keywords to 218 variations
2026-09-25 09:49:57,307 - INFO - 🔧 Request Handler initialized - Success rate: 100.0%
2026-09-25 09:54:19,991 - INFO - Original clue keywords: power efficiency, smartphone features
2026-09-25 09:54:19,991 - INFO - Niche-focused seeds: power efficiency samsung, samsung power efficiency, power efficiency cheap, cheap power efficiency, power efficiency best, best power efficiency, power efficiency latest, latest power efficiency, power efficiency review, review power efficiency, power efficiency price, price power efficiency, power efficiency sell, sell power efficiency, power efficiency buy, buy power efficiency, power efficiency recommendation, recommendation power efficiency, power efficiency tips, tips power efficiency, power efficiency tutorial, tutorial power efficiency, power efficiency guide, guide power efficiency, power efficiency how to, how to power efficiency, power efficiency vs, vs power efficiency, power efficiency versus, versus power efficiency, power efficiency compared to, compared to power efficiency, power efficiency comparison, comparison power efficiency, power efficiency alternatives, alternatives power efficiency, power efficiency which is better, which is better power efficiency, power efficiency expensive, expensive power efficiency, power efficiency discount, discount power efficiency, power efficiency deals, deals power efficiency, power efficiency sale, sale power efficiency, power efficiency affordable, affordable power efficiency, power efficiency cost, cost power efficiency, power efficiency online, online power efficiency, power efficiency offline, offline power efficiency, power efficiency marketplace, marketplace power efficiency, power efficiency store, store power efficiency, power efficiency shop, shop power efficiency, power efficiency retailer, retailer power efficiency, power efficiency where to buy, where to buy power efficiency, power efficiency worst, worst power efficiency, power efficiency quality, quality power efficiency, power efficiency original, original power efficiency, power efficiency genuine, genuine power efficiency, power efficiency fake, fake power efficiency, power efficiency replica, replica power efficiency, power efficiency authentic, authentic power efficiency, power efficiency brand, brand power efficiency, power efficiency manufacturer, manufacturer power efficiency, power efficiency company, company power efficiency, power efficiency product, product power efficiency, power efficiency samsung product, samsung product power efficiency, power efficiency sell samsung, sell samsung power efficiency, power efficiency buy samsung, buy samsung power efficiency, power efficiency cheap samsung, cheap samsung power efficiency, power efficiency best samsung, best samsung power efficiency, power efficiency samsung review, samsung review power efficiency, power efficiency where to buy samsung, where to buy samsung power efficiency, power efficiency how to choose samsung, how to choose samsung power efficiency, power efficiency top samsung, top samsung power efficiency, power efficiency samsung guide, samsung guide power efficiency, power efficiency samsung for sale, samsung for sale power efficiency, power efficiency samsung deals, samsung deals power efficiency, smartphone features samsung, samsung smartphone features, smartphone features cheap, cheap smartphone features, smartphone features best, best smartphone features, smartphone features latest, latest smartphone features, smartphone features review, review smartphone features, smartphone features price, price smartphone features, smartphone features sell, sell smartphone features, smartphone features buy, buy smartphone features, smartphone features recommendation, recommendation smartphone features, smartphone features tips, tips smartphone features, smartphone features tutorial, tutorial smartphone features, smartphone features guide, guide smartphone features, smartphone features how to, how to smartphone features, smartphone features vs, vs smartphone features, smartphone features versus, versus smartphone features, smartphone features compared to, compared to smartphone features, smartphone features comparison, comparison smartphone features, smartphone features alternatives, alternatives smartphone features, smartphone features which is better, which is better smartphone features, smartphone features expensive, expensive smartphone features, smartphone features discount, discount smartphone features, smartphone features deals, deals smartphone features, smartphone features sale, sale smartphone features, smartphone features affordable, affordable smartphone features, smartphone features cost, cost smartphone features, smartphone features online, online smartphone features, smartphone features offline, offline smartphone features, smartphone features marketplace, marketplace smartphone features, smartphone features store, store smartphone features, smartphone features shop, shop smartphone features, smartphone features retailer, retailer smartphone features, smartphone features where to buy, where to buy smartphone features, smartphone features worst, worst smartphone features, smartphone features quality, quality smartphone features, smartphone features original, original smartphone features, smartphone features genuine, genuine smartphone features, smartphone features fake, fake smartphone features, smartphone features replica, replica smartphone features, smartphone features authentic, authentic smartphone features, smartphone features brand, brand smartphone features, smartphone features manufacturer, manufacturer smartphone features, smartphone features company, company smartphone features, smartphone features product, product smartphone features, smartphone features samsung product, samsung product smartphone features, smartphone features sell samsung, sell samsung smartphone features, smartphone features buy samsung, buy samsung smartphone features, smartphone features cheap samsung, cheap samsung smartphone features, smartphone features best samsung, best samsung smartphone features, smartphone features samsung review, samsung review smartphone features, smartphone features where to buy samsung, where to buy samsung smartphone features, smartphone features how to choose samsung, how to choose samsung smartphone features, smartphone features top samsung, top samsung smartphone features, smartphone features samsung guide, samsung guide smartphone features, smartphone features samsung for sale, samsung for sale smartphone features, smartphone features samsung deals, samsung deals smartphone features
2026-09-25 09:54:19,994 - INFO - Expanded 220 seed keywords to 385 variations
2026-09-25 09:54:19,994 - INFO - Language: en
2026-09-25 09:54:19,994 - INFO - Region: us
2026-09-25 09:58:51,134 - INFO - 🎯 After all filtering for 'samsung': 120 relevant keywords
2026-09-25 09:58:52,443 - INFO - 🎯 Found 5 new keywords for niche 'samsung': samsung affordable power efficiency, samsung affordable smartphone features, cheap alternatives power efficiency, best authentic power efficiency, how to brand power efficiency
2026-09-25 09:59:08,506 - INFO - ✅ Niche 'samsung' process complete! 665 total keyword results.
2026-09-25 09:59:08,506 - INFO - ✅ Completed processing niche: 'samsung'
2026-09-25 09:59:08,506 - INFO - 🔧 Request Handler final stats - Success rate: 100.0%
2026-09-25 09:59:08,506 - INFO -    Total requests: 205767, Blocks: 1
2026-09-25 09:59:08,507 - INFO - 
========================================
2026-09-25 09:59:08,507 - INFO - Process Summary:
2026-09-25 09:59:08,508 - INFO - - Current niche: 'samsung'
2026-09-25 09:59:08,508 - INFO - - Next niche will be: 'apple'
2026-09-25 09:59:08,508 - INFO - - Keywords saved in: languages/english/keywords/samsung/
2026-09-25 09:59:08,508 - INFO - ========================================
