2026-09-29 21:04:11,396 - INFO - Log file created at: /home/runner/work/potensitech.com/potensitech.com/languages/english/keywords/logs/kw_search_20260929_210411.log
2026-09-29 21:04:11,396 - INFO - ============================================================
2026-09-29 21:04:11,396 - INFO - AUTOMATIC KEYWORD RESEARCH TOOL
2026-09-29 21:04:11,396 - INFO - ============================================================
2026-09-29 21:04:11,844 - INFO - ========================================
2026-09-29 21:04:11,844 - INFO - Found 14 niches to process: xiaomi, iphone, samsung, apple, sony, asus, philips, sandisk, intel, nvidia, amd, canon, nikon, huawei
2026-09-29 21:04:11,844 - INFO - ========================================
2026-09-29 21:04:11,844 - INFO - Continuing from last processed niche: sony
2026-09-29 21:04:11,844 - INFO - ========================================
2026-09-29 21:04:11,844 - INFO - 🎯 PROCESSING NICHE 6/14: 'asus'
2026-09-29 21:04:11,844 - INFO - ========================================
2026-09-29 21:04:11,844 - INFO - 📁 Niche directory: /home/runner/work/potensitech.com/potensitech.com/languages/english/keywords/asus
2026-09-29 21:04:11,844 - INFO - Selected region: us
2026-09-29 21:04:11,844 - INFO - Selected language: en
2026-09-29 21:04:11,844 - INFO - 🎯 Current niche: asus
2026-09-29 21:04:22,499 - INFO - 🎯 Niche terms for filtering: asus, cheap, best, latest, review, price, sell, buy, recommendation, tips, tutorial, guide, how to, vs, versus, compared to, comparison, alternatives, which is better, expensive, discount, deals, sale, affordable, cost, online, offline, marketplace, store, shop, retailer, where to buy, worst, quality, original, genuine, fake, replica, authentic, brand, manufacturer, company, product, asus product, sell asus, buy asus, cheap asus, best asus, asus review, where to buy asus, how to choose asus, top asus, asus guide, asus for sale, asus deals
2026-09-29 21:04:22,500 - INFO - Generated 50 niche-clue pairs for 'asus'.
2026-09-29 21:04:22,503 - INFO - Expanded 50 seed keywords to 218 variations
2026-09-29 21:04:22,504 - INFO - 🔧 Request Handler initialized - Success rate: 100.0%
2026-09-29 21:08:47,940 - INFO - Original clue keywords: smartphone storage, gaming performance
2026-09-29 21:08:47,941 - INFO - Niche-focused seeds: smartphone storage asus, asus smartphone storage, smartphone storage cheap, cheap smartphone storage, smartphone storage best, best smartphone storage, smartphone storage latest, latest smartphone storage, smartphone storage review, review smartphone storage, smartphone storage price, price smartphone storage, smartphone storage sell, sell smartphone storage, smartphone storage buy, buy smartphone storage, smartphone storage recommendation, recommendation smartphone storage, smartphone storage tips, tips smartphone storage, smartphone storage tutorial, tutorial smartphone storage, smartphone storage guide, guide smartphone storage, smartphone storage how to, how to smartphone storage, smartphone storage vs, vs smartphone storage, smartphone storage versus, versus smartphone storage, smartphone storage compared to, compared to smartphone storage, smartphone storage comparison, comparison smartphone storage, smartphone storage alternatives, alternatives smartphone storage, smartphone storage which is better, which is better smartphone storage, smartphone storage expensive, expensive smartphone storage, smartphone storage discount, discount smartphone storage, smartphone storage deals, deals smartphone storage, smartphone storage sale, sale smartphone storage, smartphone storage affordable, affordable smartphone storage, smartphone storage cost, cost smartphone storage, smartphone storage online, online smartphone storage, smartphone storage offline, offline smartphone storage, smartphone storage marketplace, marketplace smartphone storage, smartphone storage store, store smartphone storage, smartphone storage shop, shop smartphone storage, smartphone storage retailer, retailer smartphone storage, smartphone storage where to buy, where to buy smartphone storage, smartphone storage worst, worst smartphone storage, smartphone storage quality, quality smartphone storage, smartphone storage original, original smartphone storage, smartphone storage genuine, genuine smartphone storage, smartphone storage fake, fake smartphone storage, smartphone storage replica, replica smartphone storage, smartphone storage authentic, authentic smartphone storage, smartphone storage brand, brand smartphone storage, smartphone storage manufacturer, manufacturer smartphone storage, smartphone storage company, company smartphone storage, smartphone storage product, product smartphone storage, smartphone storage asus product, asus product smartphone storage, smartphone storage sell asus, sell asus smartphone storage, smartphone storage buy asus, buy asus smartphone storage, smartphone storage cheap asus, cheap asus smartphone storage, smartphone storage best asus, best asus smartphone storage, smartphone storage asus review, asus review smartphone storage, smartphone storage where to buy asus, where to buy asus smartphone storage, smartphone storage how to choose asus, how to choose asus smartphone storage, smartphone storage top asus, top asus smartphone storage, smartphone storage asus guide, asus guide smartphone storage, smartphone storage asus for sale, asus for sale smartphone storage, smartphone storage asus deals, asus deals smartphone storage, gaming performance asus, asus gaming performance, gaming performance cheap, cheap gaming performance, gaming performance best, best gaming performance, gaming performance latest, latest gaming performance, gaming performance review, review gaming performance, gaming performance price, price gaming performance, gaming performance sell, sell gaming performance, gaming performance buy, buy gaming performance, gaming performance recommendation, recommendation gaming performance, gaming performance tips, tips gaming performance, gaming performance tutorial, tutorial gaming performance, gaming performance guide, guide gaming performance, gaming performance how to, how to gaming performance, gaming performance vs, vs gaming performance, gaming performance versus, versus gaming performance, gaming performance compared to, compared to gaming performance, gaming performance comparison, comparison gaming performance, gaming performance alternatives, alternatives gaming performance, gaming performance which is better, which is better gaming performance, gaming performance expensive, expensive gaming performance, gaming performance discount, discount gaming performance, gaming performance deals, deals gaming performance, gaming performance sale, sale gaming performance, gaming performance affordable, affordable gaming performance, gaming performance cost, cost gaming performance, gaming performance online, online gaming performance, gaming performance offline, offline gaming performance, gaming performance marketplace, marketplace gaming performance, gaming performance store, store gaming performance, gaming performance shop, shop gaming performance, gaming performance retailer, retailer gaming performance, gaming performance where to buy, where to buy gaming performance, gaming performance worst, worst gaming performance, gaming performance quality, quality gaming performance, gaming performance original, original gaming performance, gaming performance genuine, genuine gaming performance, gaming performance fake, fake gaming performance, gaming performance replica, replica gaming performance, gaming performance authentic, authentic gaming performance, gaming performance brand, brand gaming performance, gaming performance manufacturer, manufacturer gaming performance, gaming performance company, company gaming performance, gaming performance product, product gaming performance, gaming performance asus product, asus product gaming performance, gaming performance sell asus, sell asus gaming performance, gaming performance buy asus, buy asus gaming performance, gaming performance cheap asus, cheap asus gaming performance, gaming performance best asus, best asus gaming performance, gaming performance asus review, asus review gaming performance, gaming performance where to buy asus, where to buy asus gaming performance, gaming performance how to choose asus, how to choose asus gaming performance, gaming performance top asus, top asus gaming performance, gaming performance asus guide, asus guide gaming performance, gaming performance asus for sale, asus for sale gaming performance, gaming performance asus deals, asus deals gaming performance
2026-09-29 21:08:47,944 - INFO - Expanded 220 seed keywords to 385 variations
2026-09-29 21:08:47,944 - INFO - Language: en
2026-09-29 21:08:47,944 - INFO - Region: us
2026-09-29 21:13:18,710 - INFO - 🎯 After all filtering for 'asus': 120 relevant keywords
2026-09-29 21:13:19,117 - INFO - 🎯 Found 2 new keywords for niche 'asus': asus affordable gaming performance, asus affordable smartphone storage
2026-09-29 21:13:35,374 - INFO - ✅ Niche 'asus' process complete! 877 total keyword results.
2026-09-29 21:13:35,374 - INFO - ✅ Completed processing niche: 'asus'
2026-09-29 21:13:35,375 - INFO - 🔧 Request Handler final stats - Success rate: 100.0%
2026-09-29 21:13:35,375 - INFO -    Total requests: 209699, Blocks: 1
2026-09-29 21:13:35,376 - INFO - 
========================================
2026-09-29 21:13:35,376 - INFO - Process Summary:
2026-09-29 21:13:35,376 - INFO - - Current niche: 'asus'
2026-09-29 21:13:35,376 - INFO - - Next niche will be: 'philips'
2026-09-29 21:13:35,376 - INFO - - Keywords saved in: languages/english/keywords/asus/
2026-09-29 21:13:35,376 - INFO - ========================================
