2026-09-04 21:25:52,741 - INFO - Log file created at: /home/runner/work/potensitech.com/potensitech.com/languages/english/keywords/logs/kw_search_20260904_212552.log
2026-09-04 21:25:52,741 - INFO - ============================================================
2026-09-04 21:25:52,741 - INFO - AUTOMATIC KEYWORD RESEARCH TOOL
2026-09-04 21:25:52,741 - INFO - ============================================================
2026-09-04 21:25:53,046 - INFO - ========================================
2026-09-04 21:25:53,046 - INFO - Found 14 niches to process: xiaomi, iphone, samsung, apple, sony, asus, philips, sandisk, intel, nvidia, amd, canon, nikon, huawei
2026-09-04 21:25:53,046 - INFO - ========================================
2026-09-04 21:25:53,046 - INFO - Continuing from last processed niche: sandisk
2026-09-04 21:25:53,046 - INFO - ========================================
2026-09-04 21:25:53,046 - INFO - 🎯 PROCESSING NICHE 9/14: 'intel'
2026-09-04 21:25:53,046 - INFO - ========================================
2026-09-04 21:25:53,046 - INFO - 📁 Niche directory: /home/runner/work/potensitech.com/potensitech.com/languages/english/keywords/intel
2026-09-04 21:25:53,046 - INFO - Selected region: us
2026-09-04 21:25:53,046 - INFO - Selected language: en
2026-09-04 21:25:53,046 - INFO - 🎯 Current niche: intel
2026-09-04 21:26:04,359 - INFO - 🎯 Niche terms for filtering: intel, cheap, best, latest, review, price, sell, buy, recommendation, tips, tutorial, guide, how to, vs, versus, compared to, comparison, alternatives, which is better, expensive, discount, deals, sale, affordable, cost, online, offline, marketplace, store, shop, retailer, where to buy, worst, quality, original, genuine, fake, replica, authentic, brand, manufacturer, company, product, intel product, sell intel, buy intel, cheap intel, best intel, intel review, where to buy intel, how to choose intel, top intel, intel guide, intel for sale, intel deals
2026-09-04 21:26:04,360 - INFO - Generated 50 niche-clue pairs for 'intel'.
2026-09-04 21:26:04,362 - INFO - Expanded 50 seed keywords to 218 variations
2026-09-04 21:26:04,363 - INFO - 🔧 Request Handler initialized - Success rate: 100.0%
2026-09-04 21:30:29,478 - INFO - Original clue keywords: durability, mirrorless innovation
2026-09-04 21:30:29,478 - INFO - Niche-focused seeds: durability intel, intel durability, durability cheap, cheap durability, durability best, best durability, durability latest, latest durability, durability review, review durability, durability price, price durability, durability sell, sell durability, durability buy, buy durability, durability recommendation, recommendation durability, durability tips, tips durability, durability tutorial, tutorial durability, durability guide, guide durability, durability how to, how to durability, durability vs, vs durability, durability versus, versus durability, durability compared to, compared to durability, durability comparison, comparison durability, durability alternatives, alternatives durability, durability which is better, which is better durability, durability expensive, expensive durability, durability discount, discount durability, durability deals, deals durability, durability sale, sale durability, durability affordable, affordable durability, durability cost, cost durability, durability online, online durability, durability offline, offline durability, durability marketplace, marketplace durability, durability store, store durability, durability shop, shop durability, durability retailer, retailer durability, durability where to buy, where to buy durability, durability worst, worst durability, durability quality, quality durability, durability original, original durability, durability genuine, genuine durability, durability fake, fake durability, durability replica, replica durability, durability authentic, authentic durability, durability brand, brand durability, durability manufacturer, manufacturer durability, durability company, company durability, durability product, product durability, durability intel product, intel product durability, durability sell intel, sell intel durability, durability buy intel, buy intel durability, durability cheap intel, cheap intel durability, durability best intel, best intel durability, durability intel review, intel review durability, durability where to buy intel, where to buy intel durability, durability how to choose intel, how to choose intel durability, durability top intel, top intel durability, durability intel guide, intel guide durability, durability intel for sale, intel for sale durability, durability intel deals, intel deals durability, mirrorless innovation intel, intel mirrorless innovation, mirrorless innovation cheap, cheap mirrorless innovation, mirrorless innovation best, best mirrorless innovation, mirrorless innovation latest, latest mirrorless innovation, mirrorless innovation review, review mirrorless innovation, mirrorless innovation price, price mirrorless innovation, mirrorless innovation sell, sell mirrorless innovation, mirrorless innovation buy, buy mirrorless innovation, mirrorless innovation recommendation, recommendation mirrorless innovation, mirrorless innovation tips, tips mirrorless innovation, mirrorless innovation tutorial, tutorial mirrorless innovation, mirrorless innovation guide, guide mirrorless innovation, mirrorless innovation how to, how to mirrorless innovation, mirrorless innovation vs, vs mirrorless innovation, mirrorless innovation versus, versus mirrorless innovation, mirrorless innovation compared to, compared to mirrorless innovation, mirrorless innovation comparison, comparison mirrorless innovation, mirrorless innovation alternatives, alternatives mirrorless innovation, mirrorless innovation which is better, which is better mirrorless innovation, mirrorless innovation expensive, expensive mirrorless innovation, mirrorless innovation discount, discount mirrorless innovation, mirrorless innovation deals, deals mirrorless innovation, mirrorless innovation sale, sale mirrorless innovation, mirrorless innovation affordable, affordable mirrorless innovation, mirrorless innovation cost, cost mirrorless innovation, mirrorless innovation online, online mirrorless innovation, mirrorless innovation offline, offline mirrorless innovation, mirrorless innovation marketplace, marketplace mirrorless innovation, mirrorless innovation store, store mirrorless innovation, mirrorless innovation shop, shop mirrorless innovation, mirrorless innovation retailer, retailer mirrorless innovation, mirrorless innovation where to buy, where to buy mirrorless innovation, mirrorless innovation worst, worst mirrorless innovation, mirrorless innovation quality, quality mirrorless innovation, mirrorless innovation original, original mirrorless innovation, mirrorless innovation genuine, genuine mirrorless innovation, mirrorless innovation fake, fake mirrorless innovation, mirrorless innovation replica, replica mirrorless innovation, mirrorless innovation authentic, authentic mirrorless innovation, mirrorless innovation brand, brand mirrorless innovation, mirrorless innovation manufacturer, manufacturer mirrorless innovation, mirrorless innovation company, company mirrorless innovation, mirrorless innovation product, product mirrorless innovation, mirrorless innovation intel product, intel product mirrorless innovation, mirrorless innovation sell intel, sell intel mirrorless innovation, mirrorless innovation buy intel, buy intel mirrorless innovation, mirrorless innovation cheap intel, cheap intel mirrorless innovation, mirrorless innovation best intel, best intel mirrorless innovation, mirrorless innovation intel review, intel review mirrorless innovation, mirrorless innovation where to buy intel, where to buy intel mirrorless innovation, mirrorless innovation how to choose intel, how to choose intel mirrorless innovation, mirrorless innovation top intel, top intel mirrorless innovation, mirrorless innovation intel guide, intel guide mirrorless innovation, mirrorless innovation intel for sale, intel for sale mirrorless innovation, mirrorless innovation intel deals, intel deals mirrorless innovation
2026-09-04 21:30:29,481 - INFO - Expanded 220 seed keywords to 385 variations
2026-09-04 21:30:29,481 - INFO - Language: en
2026-09-04 21:30:29,481 - INFO - Region: us
2026-09-04 21:35:01,356 - INFO - 🎯 After all filtering for 'intel': 120 relevant keywords
2026-09-04 21:35:01,694 - INFO - 🎯 Found 5 new keywords for niche 'intel': intel affordable durability, cheap affordable durability, best affordable durability, intel alternatives durability, cheap alternatives durability
2026-09-04 21:35:17,458 - INFO - ✅ Niche 'intel' process complete! 1021 total keyword results.
2026-09-04 21:35:17,458 - INFO - ✅ Completed processing niche: 'intel'
2026-09-04 21:35:17,458 - INFO - 🔧 Request Handler final stats - Success rate: 100.0%
2026-09-04 21:35:17,459 - INFO -    Total requests: 188380, Blocks: 1
2026-09-04 21:35:17,459 - INFO - 
========================================
2026-09-04 21:35:17,460 - INFO - Process Summary:
2026-09-04 21:35:17,460 - INFO - - Current niche: 'intel'
2026-09-04 21:35:17,460 - INFO - - Next niche will be: 'nvidia'
2026-09-04 21:35:17,460 - INFO - - Keywords saved in: languages/english/keywords/intel/
2026-09-04 21:35:17,461 - INFO - ========================================
