2026-08-15 07:44:01,744 - INFO - Log file created at: /home/runner/work/potensitech.com/potensitech.com/languages/english/keywords/logs/kw_search_20260815_074401.log
2026-08-15 07:44:01,744 - INFO - ============================================================
2026-08-15 07:44:01,745 - INFO - AUTOMATIC KEYWORD RESEARCH TOOL
2026-08-15 07:44:01,745 - INFO - ============================================================
2026-08-15 07:44:02,038 - INFO - ========================================
2026-08-15 07:44:02,038 - INFO - Found 14 niches to process: xiaomi, iphone, samsung, apple, sony, asus, philips, sandisk, intel, nvidia, amd, canon, nikon, huawei
2026-08-15 07:44:02,038 - INFO - ========================================
2026-08-15 07:44:02,038 - INFO - All niches completed, starting over
2026-08-15 07:44:02,038 - INFO - ========================================
2026-08-15 07:44:02,038 - INFO - 🎯 PROCESSING NICHE 1/14: 'xiaomi'
2026-08-15 07:44:02,038 - INFO - ========================================
2026-08-15 07:44:02,038 - INFO - 📁 Niche directory: /home/runner/work/potensitech.com/potensitech.com/languages/english/keywords/xiaomi
2026-08-15 07:44:02,038 - INFO - Selected region: us
2026-08-15 07:44:02,038 - INFO - Selected language: en
2026-08-15 07:44:02,038 - INFO - 🎯 Current niche: xiaomi
2026-08-15 07:44:02,772 - INFO - 🎯 Niche terms for filtering: xiaomi, cheap, best, latest, review, price, sell, buy, recommendation, tips, tutorial, guide, how to, vs, versus, compared to, comparison, alternatives, which is better, expensive, discount, deals, sale, affordable, cost, online, offline, marketplace, store, shop, retailer, where to buy, worst, quality, original, genuine, fake, replica, authentic, brand, manufacturer, company, product, xiaomi product, sell xiaomi, buy xiaomi, cheap xiaomi, best xiaomi, xiaomi review, where to buy xiaomi, how to choose xiaomi, top xiaomi, xiaomi guide, xiaomi for sale, xiaomi deals
2026-08-15 07:44:02,773 - INFO - Generated 50 niche-clue pairs for 'xiaomi'.
2026-08-15 07:44:02,776 - INFO - Expanded 50 seed keywords to 218 variations
2026-08-15 07:44:02,783 - INFO - 🔧 Request Handler initialized - Success rate: 100.0%
2026-08-15 07:48:27,324 - INFO - Original clue keywords: clock speed, external storage
2026-08-15 07:48:27,324 - INFO - Niche-focused seeds: clock speed xiaomi, xiaomi clock speed, clock speed cheap, cheap clock speed, clock speed best, best clock speed, clock speed latest, latest clock speed, clock speed review, review clock speed, clock speed price, price clock speed, clock speed sell, sell clock speed, clock speed buy, buy clock speed, clock speed recommendation, recommendation clock speed, clock speed tips, tips clock speed, clock speed tutorial, tutorial clock speed, clock speed guide, guide clock speed, clock speed how to, how to clock speed, clock speed vs, vs clock speed, clock speed versus, versus clock speed, clock speed compared to, compared to clock speed, clock speed comparison, comparison clock speed, clock speed alternatives, alternatives clock speed, clock speed which is better, which is better clock speed, clock speed expensive, expensive clock speed, clock speed discount, discount clock speed, clock speed deals, deals clock speed, clock speed sale, sale clock speed, clock speed affordable, affordable clock speed, clock speed cost, cost clock speed, clock speed online, online clock speed, clock speed offline, offline clock speed, clock speed marketplace, marketplace clock speed, clock speed store, store clock speed, clock speed shop, shop clock speed, clock speed retailer, retailer clock speed, clock speed where to buy, where to buy clock speed, clock speed worst, worst clock speed, clock speed quality, quality clock speed, clock speed original, original clock speed, clock speed genuine, genuine clock speed, clock speed fake, fake clock speed, clock speed replica, replica clock speed, clock speed authentic, authentic clock speed, clock speed brand, brand clock speed, clock speed manufacturer, manufacturer clock speed, clock speed company, company clock speed, clock speed product, product clock speed, clock speed xiaomi product, xiaomi product clock speed, clock speed sell xiaomi, sell xiaomi clock speed, clock speed buy xiaomi, buy xiaomi clock speed, clock speed cheap xiaomi, cheap xiaomi clock speed, clock speed best xiaomi, best xiaomi clock speed, clock speed xiaomi review, xiaomi review clock speed, clock speed where to buy xiaomi, where to buy xiaomi clock speed, clock speed how to choose xiaomi, how to choose xiaomi clock speed, clock speed top xiaomi, top xiaomi clock speed, clock speed xiaomi guide, xiaomi guide clock speed, clock speed xiaomi for sale, xiaomi for sale clock speed, clock speed xiaomi deals, xiaomi deals clock speed, external storage xiaomi, xiaomi external storage, external storage cheap, cheap external storage, external storage best, best external storage, external storage latest, latest external storage, external storage review, review external storage, external storage price, price external storage, external storage sell, sell external storage, external storage buy, buy external storage, external storage recommendation, recommendation external storage, external storage tips, tips external storage, external storage tutorial, tutorial external storage, external storage guide, guide external storage, external storage how to, how to external storage, external storage vs, vs external storage, external storage versus, versus external storage, external storage compared to, compared to external storage, external storage comparison, comparison external storage, external storage alternatives, alternatives external storage, external storage which is better, which is better external storage, external storage expensive, expensive external storage, external storage discount, discount external storage, external storage deals, deals external storage, external storage sale, sale external storage, external storage affordable, affordable external storage, external storage cost, cost external storage, external storage online, online external storage, external storage offline, offline external storage, external storage marketplace, marketplace external storage, external storage store, store external storage, external storage shop, shop external storage, external storage retailer, retailer external storage, external storage where to buy, where to buy external storage, external storage worst, worst external storage, external storage quality, quality external storage, external storage original, original external storage, external storage genuine, genuine external storage, external storage fake, fake external storage, external storage replica, replica external storage, external storage authentic, authentic external storage, external storage brand, brand external storage, external storage manufacturer, manufacturer external storage, external storage company, company external storage, external storage product, product external storage, external storage xiaomi product, xiaomi product external storage, external storage sell xiaomi, sell xiaomi external storage, external storage buy xiaomi, buy xiaomi external storage, external storage cheap xiaomi, cheap xiaomi external storage, external storage best xiaomi, best xiaomi external storage, external storage xiaomi review, xiaomi review external storage, external storage where to buy xiaomi, where to buy xiaomi external storage, external storage how to choose xiaomi, how to choose xiaomi external storage, external storage top xiaomi, top xiaomi external storage, external storage xiaomi guide, xiaomi guide external storage, external storage xiaomi for sale, xiaomi for sale external storage, external storage xiaomi deals, xiaomi deals external storage
2026-08-15 07:48:27,328 - INFO - Expanded 220 seed keywords to 385 variations
2026-08-15 07:48:27,328 - INFO - Language: en
2026-08-15 07:48:27,328 - INFO - Region: us
2026-08-15 07:52:57,417 - INFO - 🎯 After all filtering for 'xiaomi': 120 relevant keywords
2026-08-15 07:52:58,593 - INFO - 🎯 Found 5 new keywords for niche 'xiaomi': xiaomi affordable clock speed, xiaomi affordable external storage, cheap alternatives clock speed, cheap alternatives external storage, best authentic clock speed
2026-08-15 07:52:59,092 - INFO - ✅ Niche 'xiaomi' process complete! 642 total keyword results.
2026-08-15 07:52:59,092 - INFO - ✅ Completed processing niche: 'xiaomi'
2026-08-15 07:52:59,092 - INFO - 🔧 Request Handler final stats - Success rate: 100.0%
2026-08-15 07:52:59,092 - INFO -    Total requests: 171992, Blocks: 1
2026-08-15 07:52:59,093 - INFO - 
========================================
2026-08-15 07:52:59,094 - INFO - Process Summary:
2026-08-15 07:52:59,094 - INFO - - Current niche: 'xiaomi'
2026-08-15 07:52:59,094 - INFO - - Next niche will be: 'iphone'
2026-08-15 07:52:59,094 - INFO - - Keywords saved in: languages/english/keywords/xiaomi/
2026-08-15 07:52:59,094 - INFO - ========================================
