2026-10-10 15:32:48,921 - INFO - Log file created at: /home/runner/work/potensitech.com/potensitech.com/languages/english/keywords/logs/kw_search_20261010_153248.log
2026-10-10 15:32:48,921 - INFO - ============================================================
2026-10-10 15:32:48,921 - INFO - AUTOMATIC KEYWORD RESEARCH TOOL
2026-10-10 15:32:48,921 - INFO - ============================================================
2026-10-10 15:32:49,374 - INFO - ========================================
2026-10-10 15:32:49,374 - INFO - Found 14 niches to process: xiaomi, iphone, samsung, apple, sony, asus, philips, sandisk, intel, nvidia, amd, canon, nikon, huawei
2026-10-10 15:32:49,374 - INFO - ========================================
2026-10-10 15:32:49,374 - INFO - Continuing from last processed niche: nikon
2026-10-10 15:32:49,374 - INFO - ========================================
2026-10-10 15:32:49,374 - INFO - 🎯 PROCESSING NICHE 14/14: 'huawei'
2026-10-10 15:32:49,374 - INFO - ========================================
2026-10-10 15:32:49,374 - INFO - 📁 Niche directory: /home/runner/work/potensitech.com/potensitech.com/languages/english/keywords/huawei
2026-10-10 15:32:49,374 - INFO - Selected region: us
2026-10-10 15:32:49,374 - INFO - Selected language: en
2026-10-10 15:32:49,374 - INFO - 🎯 Current niche: huawei
2026-10-10 15:32:59,835 - INFO - 🎯 Niche terms for filtering: huawei, cheap, best, latest, review, price, sell, buy, recommendation, tips, tutorial, guide, how to, vs, versus, compared to, comparison, alternatives, which is better, expensive, discount, deals, sale, affordable, cost, online, offline, marketplace, store, shop, retailer, where to buy, worst, quality, original, genuine, fake, replica, authentic, brand, manufacturer, company, product, huawei product, sell huawei, buy huawei, cheap huawei, best huawei, huawei review, where to buy huawei, how to choose huawei, top huawei, huawei guide, huawei for sale, huawei deals
2026-10-10 15:32:59,836 - INFO - Generated 50 niche-clue pairs for 'huawei'.
2026-10-10 15:32:59,839 - INFO - Expanded 50 seed keywords to 218 variations
2026-10-10 15:32:59,840 - INFO - 🔧 Request Handler initialized - Success rate: 100.0%
2026-10-10 15:37:22,800 - INFO - Original clue keywords: android, battery
2026-10-10 15:37:22,800 - INFO - Niche-focused seeds: android huawei, huawei android, android cheap, cheap android, android best, best android, android latest, latest android, android review, review android, android price, price android, android sell, sell android, android buy, buy android, android recommendation, recommendation android, android tips, tips android, android tutorial, tutorial android, android guide, guide android, android how to, how to android, android vs, vs android, android versus, versus android, android compared to, compared to android, android comparison, comparison android, android alternatives, alternatives android, android which is better, which is better android, android expensive, expensive android, android discount, discount android, android deals, deals android, android sale, sale android, android affordable, affordable android, android cost, cost android, android online, online android, android offline, offline android, android marketplace, marketplace android, android store, store android, android shop, shop android, android retailer, retailer android, android where to buy, where to buy android, android worst, worst android, android quality, quality android, android original, original android, android genuine, genuine android, android fake, fake android, android replica, replica android, android authentic, authentic android, android brand, brand android, android manufacturer, manufacturer android, android company, company android, android product, product android, android huawei product, huawei product android, android sell huawei, sell huawei android, android buy huawei, buy huawei android, android cheap huawei, cheap huawei android, android best huawei, best huawei android, android huawei review, huawei review android, android where to buy huawei, where to buy huawei android, android how to choose huawei, how to choose huawei android, android top huawei, top huawei android, android huawei guide, huawei guide android, android huawei for sale, huawei for sale android, android huawei deals, huawei deals android, battery huawei, huawei battery, battery cheap, cheap battery, battery best, best battery, battery latest, latest battery, battery review, review battery, battery price, price battery, battery sell, sell battery, battery buy, buy battery, battery recommendation, recommendation battery, battery tips, tips battery, battery tutorial, tutorial battery, battery guide, guide battery, battery how to, how to battery, battery vs, vs battery, battery versus, versus battery, battery compared to, compared to battery, battery comparison, comparison battery, battery alternatives, alternatives battery, battery which is better, which is better battery, battery expensive, expensive battery, battery discount, discount battery, battery deals, deals battery, battery sale, sale battery, battery affordable, affordable battery, battery cost, cost battery, battery online, online battery, battery offline, offline battery, battery marketplace, marketplace battery, battery store, store battery, battery shop, shop battery, battery retailer, retailer battery, battery where to buy, where to buy battery, battery worst, worst battery, battery quality, quality battery, battery original, original battery, battery genuine, genuine battery, battery fake, fake battery, battery replica, replica battery, battery authentic, authentic battery, battery brand, brand battery, battery manufacturer, manufacturer battery, battery company, company battery, battery product, product battery, battery huawei product, huawei product battery, battery sell huawei, sell huawei battery, battery buy huawei, buy huawei battery, battery cheap huawei, cheap huawei battery, battery best huawei, best huawei battery, battery huawei review, huawei review battery, battery where to buy huawei, where to buy huawei battery, battery how to choose huawei, how to choose huawei battery, battery top huawei, top huawei battery, battery huawei guide, huawei guide battery, battery huawei for sale, huawei for sale battery, battery huawei deals, huawei deals battery
2026-10-10 15:37:22,803 - INFO - Expanded 220 seed keywords to 385 variations
2026-10-10 15:37:22,803 - INFO - Language: en
2026-10-10 15:37:22,803 - INFO - Region: us
2026-10-10 15:41:50,410 - INFO - 🎯 After all filtering for 'huawei': 120 relevant keywords
2026-10-10 15:41:50,686 - INFO - 🎯 Found 5 new keywords for niche 'huawei': huawei affordable android, cheap affordable android, best affordable android, huawei affordable battery, cheap affordable battery
2026-10-10 15:42:06,839 - INFO - ✅ Niche 'huawei' process complete! 710 total keyword results.
2026-10-10 15:42:06,839 - INFO - ✅ Completed processing niche: 'huawei'
2026-10-10 15:42:06,839 - INFO - 🔧 Request Handler final stats - Success rate: 100.0%
2026-10-10 15:42:06,839 - INFO -    Total requests: 219450, Blocks: 1
2026-10-10 15:42:06,840 - INFO - 
========================================
2026-10-10 15:42:06,841 - INFO - Process Summary:
2026-10-10 15:42:06,841 - INFO - - Current niche: 'huawei'
2026-10-10 15:42:06,841 - INFO - - Next niche will be: 'xiaomi'
2026-10-10 15:42:06,841 - INFO - - Keywords saved in: languages/english/keywords/huawei/
2026-10-10 15:42:06,841 - INFO - ========================================
