2026-09-21 20:39:32,662 - INFO - Log file created at: /home/runner/work/potensitech.com/potensitech.com/languages/english/keywords/logs/kw_search_20260921_203932.log
2026-09-21 20:39:32,662 - INFO - ============================================================
2026-09-21 20:39:32,662 - INFO - AUTOMATIC KEYWORD RESEARCH TOOL
2026-09-21 20:39:32,662 - INFO - ============================================================
2026-09-21 20:39:33,075 - INFO - ========================================
2026-09-21 20:39:33,075 - INFO - Found 14 niches to process: xiaomi, iphone, samsung, apple, sony, asus, philips, sandisk, intel, nvidia, amd, canon, nikon, huawei
2026-09-21 20:39:33,075 - INFO - ========================================
2026-09-21 20:39:33,076 - INFO - Continuing from last processed niche: intel
2026-09-21 20:39:33,076 - INFO - ========================================
2026-09-21 20:39:33,076 - INFO - 🎯 PROCESSING NICHE 10/14: 'nvidia'
2026-09-21 20:39:33,076 - INFO - ========================================
2026-09-21 20:39:33,076 - INFO - 📁 Niche directory: /home/runner/work/potensitech.com/potensitech.com/languages/english/keywords/nvidia
2026-09-21 20:39:33,076 - INFO - Selected region: us
2026-09-21 20:39:33,076 - INFO - Selected language: en
2026-09-21 20:39:33,076 - INFO - 🎯 Current niche: nvidia
2026-09-21 20:39:43,619 - INFO - 🎯 Niche terms for filtering: nvidia, cheap, best, latest, review, price, sell, buy, recommendation, tips, tutorial, guide, how to, vs, versus, compared to, comparison, alternatives, which is better, expensive, discount, deals, sale, affordable, cost, online, offline, marketplace, store, shop, retailer, where to buy, worst, quality, original, genuine, fake, replica, authentic, brand, manufacturer, company, product, nvidia product, sell nvidia, buy nvidia, cheap nvidia, best nvidia, nvidia review, where to buy nvidia, how to choose nvidia, top nvidia, nvidia guide, nvidia for sale, nvidia deals
2026-09-21 20:39:43,620 - INFO - Generated 50 niche-clue pairs for 'nvidia'.
2026-09-21 20:39:43,623 - INFO - Expanded 50 seed keywords to 218 variations
2026-09-21 20:39:43,623 - INFO - 🔧 Request Handler initialized - Success rate: 100.0%
2026-09-21 20:44:10,089 - INFO - Original clue keywords: processor efficiency, autofocus speed
2026-09-21 20:44:10,089 - INFO - Niche-focused seeds: processor efficiency nvidia, nvidia processor efficiency, processor efficiency cheap, cheap processor efficiency, processor efficiency best, best processor efficiency, processor efficiency latest, latest processor efficiency, processor efficiency review, review processor efficiency, processor efficiency price, price processor efficiency, processor efficiency sell, sell processor efficiency, processor efficiency buy, buy processor efficiency, processor efficiency recommendation, recommendation processor efficiency, processor efficiency tips, tips processor efficiency, processor efficiency tutorial, tutorial processor efficiency, processor efficiency guide, guide processor efficiency, processor efficiency how to, how to processor efficiency, processor efficiency vs, vs processor efficiency, processor efficiency versus, versus processor efficiency, processor efficiency compared to, compared to processor efficiency, processor efficiency comparison, comparison processor efficiency, processor efficiency alternatives, alternatives processor efficiency, processor efficiency which is better, which is better processor efficiency, processor efficiency expensive, expensive processor efficiency, processor efficiency discount, discount processor efficiency, processor efficiency deals, deals processor efficiency, processor efficiency sale, sale processor efficiency, processor efficiency affordable, affordable processor efficiency, processor efficiency cost, cost processor efficiency, processor efficiency online, online processor efficiency, processor efficiency offline, offline processor efficiency, processor efficiency marketplace, marketplace processor efficiency, processor efficiency store, store processor efficiency, processor efficiency shop, shop processor efficiency, processor efficiency retailer, retailer processor efficiency, processor efficiency where to buy, where to buy processor efficiency, processor efficiency worst, worst processor efficiency, processor efficiency quality, quality processor efficiency, processor efficiency original, original processor efficiency, processor efficiency genuine, genuine processor efficiency, processor efficiency fake, fake processor efficiency, processor efficiency replica, replica processor efficiency, processor efficiency authentic, authentic processor efficiency, processor efficiency brand, brand processor efficiency, processor efficiency manufacturer, manufacturer processor efficiency, processor efficiency company, company processor efficiency, processor efficiency product, product processor efficiency, processor efficiency nvidia product, nvidia product processor efficiency, processor efficiency sell nvidia, sell nvidia processor efficiency, processor efficiency buy nvidia, buy nvidia processor efficiency, processor efficiency cheap nvidia, cheap nvidia processor efficiency, processor efficiency best nvidia, best nvidia processor efficiency, processor efficiency nvidia review, nvidia review processor efficiency, processor efficiency where to buy nvidia, where to buy nvidia processor efficiency, processor efficiency how to choose nvidia, how to choose nvidia processor efficiency, processor efficiency top nvidia, top nvidia processor efficiency, processor efficiency nvidia guide, nvidia guide processor efficiency, processor efficiency nvidia for sale, nvidia for sale processor efficiency, processor efficiency nvidia deals, nvidia deals processor efficiency, autofocus speed nvidia, nvidia autofocus speed, autofocus speed cheap, cheap autofocus speed, autofocus speed best, best autofocus speed, autofocus speed latest, latest autofocus speed, autofocus speed review, review autofocus speed, autofocus speed price, price autofocus speed, autofocus speed sell, sell autofocus speed, autofocus speed buy, buy autofocus speed, autofocus speed recommendation, recommendation autofocus speed, autofocus speed tips, tips autofocus speed, autofocus speed tutorial, tutorial autofocus speed, autofocus speed guide, guide autofocus speed, autofocus speed how to, how to autofocus speed, autofocus speed vs, vs autofocus speed, autofocus speed versus, versus autofocus speed, autofocus speed compared to, compared to autofocus speed, autofocus speed comparison, comparison autofocus speed, autofocus speed alternatives, alternatives autofocus speed, autofocus speed which is better, which is better autofocus speed, autofocus speed expensive, expensive autofocus speed, autofocus speed discount, discount autofocus speed, autofocus speed deals, deals autofocus speed, autofocus speed sale, sale autofocus speed, autofocus speed affordable, affordable autofocus speed, autofocus speed cost, cost autofocus speed, autofocus speed online, online autofocus speed, autofocus speed offline, offline autofocus speed, autofocus speed marketplace, marketplace autofocus speed, autofocus speed store, store autofocus speed, autofocus speed shop, shop autofocus speed, autofocus speed retailer, retailer autofocus speed, autofocus speed where to buy, where to buy autofocus speed, autofocus speed worst, worst autofocus speed, autofocus speed quality, quality autofocus speed, autofocus speed original, original autofocus speed, autofocus speed genuine, genuine autofocus speed, autofocus speed fake, fake autofocus speed, autofocus speed replica, replica autofocus speed, autofocus speed authentic, authentic autofocus speed, autofocus speed brand, brand autofocus speed, autofocus speed manufacturer, manufacturer autofocus speed, autofocus speed company, company autofocus speed, autofocus speed product, product autofocus speed, autofocus speed nvidia product, nvidia product autofocus speed, autofocus speed sell nvidia, sell nvidia autofocus speed, autofocus speed buy nvidia, buy nvidia autofocus speed, autofocus speed cheap nvidia, cheap nvidia autofocus speed, autofocus speed best nvidia, best nvidia autofocus speed, autofocus speed nvidia review, nvidia review autofocus speed, autofocus speed where to buy nvidia, where to buy nvidia autofocus speed, autofocus speed how to choose nvidia, how to choose nvidia autofocus speed, autofocus speed top nvidia, top nvidia autofocus speed, autofocus speed nvidia guide, nvidia guide autofocus speed, autofocus speed nvidia for sale, nvidia for sale autofocus speed, autofocus speed nvidia deals, nvidia deals autofocus speed
2026-09-21 20:44:10,093 - INFO - Expanded 220 seed keywords to 385 variations
2026-09-21 20:44:10,093 - INFO - Language: en
2026-09-21 20:44:10,093 - INFO - Region: us
2026-09-21 20:44:46,576 - INFO - 🎯 After all filtering for 'nvidia': 120 relevant keywords
2026-09-21 20:44:49,990 - INFO - 🎯 Found 5 new keywords for niche 'nvidia': nvidia affordable autofocus speed, nvidia affordable processor efficiency, cheap alternatives autofocus speed, best authentic autofocus speed, how to autofocus speed brand
2026-09-21 20:45:05,942 - INFO - ✅ Niche 'nvidia' process complete! 892 total keyword results.
2026-09-21 20:45:05,942 - INFO - ✅ Completed processing niche: 'nvidia'
2026-09-21 20:45:05,942 - INFO - 🔧 Request Handler final stats - Success rate: 100.0%
2026-09-21 20:45:05,942 - INFO -    Total requests: 202525, Blocks: 1
2026-09-21 20:45:05,943 - INFO - 
========================================
2026-09-21 20:45:05,943 - INFO - Process Summary:
2026-09-21 20:45:05,944 - INFO - - Current niche: 'nvidia'
2026-09-21 20:45:05,944 - INFO - - Next niche will be: 'amd'
2026-09-21 20:45:05,944 - INFO - - Keywords saved in: languages/english/keywords/nvidia/
2026-09-21 20:45:05,944 - INFO - ========================================
