2026-09-24 18:27:38,765 - INFO - Log file created at: /home/runner/work/potensitech.com/potensitech.com/languages/english/keywords/logs/kw_search_20260924_182738.log
2026-09-24 18:27:38,765 - INFO - ============================================================
2026-09-24 18:27:38,765 - INFO - AUTOMATIC KEYWORD RESEARCH TOOL
2026-09-24 18:27:38,765 - INFO - ============================================================
2026-09-24 18:27:39,251 - INFO - ========================================
2026-09-24 18:27:39,251 - INFO - Found 14 niches to process: xiaomi, iphone, samsung, apple, sony, asus, philips, sandisk, intel, nvidia, amd, canon, nikon, huawei
2026-09-24 18:27:39,252 - INFO - ========================================
2026-09-24 18:27:39,252 - INFO - Continuing from last processed niche: nvidia
2026-09-24 18:27:39,252 - INFO - ========================================
2026-09-24 18:27:39,252 - INFO - 🎯 PROCESSING NICHE 11/14: 'amd'
2026-09-24 18:27:39,252 - INFO - ========================================
2026-09-24 18:27:39,252 - INFO - 📁 Niche directory: /home/runner/work/potensitech.com/potensitech.com/languages/english/keywords/amd
2026-09-24 18:27:39,252 - INFO - Selected region: us
2026-09-24 18:27:39,252 - INFO - Selected language: en
2026-09-24 18:27:39,252 - INFO - 🎯 Current niche: amd
2026-09-24 18:27:50,049 - INFO - 🎯 Niche terms for filtering: amd, cheap, best, latest, review, price, sell, buy, recommendation, tips, tutorial, guide, how to, vs, versus, compared to, comparison, alternatives, which is better, expensive, discount, deals, sale, affordable, cost, online, offline, marketplace, store, shop, retailer, where to buy, worst, quality, original, genuine, fake, replica, authentic, brand, manufacturer, company, product, amd product, sell amd, buy amd, cheap amd, best amd, amd review, where to buy amd, how to choose amd, top amd, amd guide, amd for sale, amd deals
2026-09-24 18:27:50,049 - INFO - Generated 50 niche-clue pairs for 'amd'.
2026-09-24 18:27:50,052 - INFO - Expanded 50 seed keywords to 218 variations
2026-09-24 18:27:50,053 - INFO - 🔧 Request Handler initialized - Success rate: 100.0%
2026-09-24 18:32:17,775 - INFO - Original clue keywords: overclocking capability, core speed
2026-09-24 18:32:17,775 - INFO - Niche-focused seeds: overclocking capability amd, amd overclocking capability, overclocking capability cheap, cheap overclocking capability, overclocking capability best, best overclocking capability, overclocking capability latest, latest overclocking capability, overclocking capability review, review overclocking capability, overclocking capability price, price overclocking capability, overclocking capability sell, sell overclocking capability, overclocking capability buy, buy overclocking capability, overclocking capability recommendation, recommendation overclocking capability, overclocking capability tips, tips overclocking capability, overclocking capability tutorial, tutorial overclocking capability, overclocking capability guide, guide overclocking capability, overclocking capability how to, how to overclocking capability, overclocking capability vs, vs overclocking capability, overclocking capability versus, versus overclocking capability, overclocking capability compared to, compared to overclocking capability, overclocking capability comparison, comparison overclocking capability, overclocking capability alternatives, alternatives overclocking capability, overclocking capability which is better, which is better overclocking capability, overclocking capability expensive, expensive overclocking capability, overclocking capability discount, discount overclocking capability, overclocking capability deals, deals overclocking capability, overclocking capability sale, sale overclocking capability, overclocking capability affordable, affordable overclocking capability, overclocking capability cost, cost overclocking capability, overclocking capability online, online overclocking capability, overclocking capability offline, offline overclocking capability, overclocking capability marketplace, marketplace overclocking capability, overclocking capability store, store overclocking capability, overclocking capability shop, shop overclocking capability, overclocking capability retailer, retailer overclocking capability, overclocking capability where to buy, where to buy overclocking capability, overclocking capability worst, worst overclocking capability, overclocking capability quality, quality overclocking capability, overclocking capability original, original overclocking capability, overclocking capability genuine, genuine overclocking capability, overclocking capability fake, fake overclocking capability, overclocking capability replica, replica overclocking capability, overclocking capability authentic, authentic overclocking capability, overclocking capability brand, brand overclocking capability, overclocking capability manufacturer, manufacturer overclocking capability, overclocking capability company, company overclocking capability, overclocking capability product, product overclocking capability, overclocking capability amd product, amd product overclocking capability, overclocking capability sell amd, sell amd overclocking capability, overclocking capability buy amd, buy amd overclocking capability, overclocking capability cheap amd, cheap amd overclocking capability, overclocking capability best amd, best amd overclocking capability, overclocking capability amd review, amd review overclocking capability, overclocking capability where to buy amd, where to buy amd overclocking capability, overclocking capability how to choose amd, how to choose amd overclocking capability, overclocking capability top amd, top amd overclocking capability, overclocking capability amd guide, amd guide overclocking capability, overclocking capability amd for sale, amd for sale overclocking capability, overclocking capability amd deals, amd deals overclocking capability, core speed amd, amd core speed, core speed cheap, cheap core speed, core speed best, best core speed, core speed latest, latest core speed, core speed review, review core speed, core speed price, price core speed, core speed sell, sell core speed, core speed buy, buy core speed, core speed recommendation, recommendation core speed, core speed tips, tips core speed, core speed tutorial, tutorial core speed, core speed guide, guide core speed, core speed how to, how to core speed, core speed vs, vs core speed, core speed versus, versus core speed, core speed compared to, compared to core speed, core speed comparison, comparison core speed, core speed alternatives, alternatives core speed, core speed which is better, which is better core speed, core speed expensive, expensive core speed, core speed discount, discount core speed, core speed deals, deals core speed, core speed sale, sale core speed, core speed affordable, affordable core speed, core speed cost, cost core speed, core speed online, online core speed, core speed offline, offline core speed, core speed marketplace, marketplace core speed, core speed store, store core speed, core speed shop, shop core speed, core speed retailer, retailer core speed, core speed where to buy, where to buy core speed, core speed worst, worst core speed, core speed quality, quality core speed, core speed original, original core speed, core speed genuine, genuine core speed, core speed fake, fake core speed, core speed replica, replica core speed, core speed authentic, authentic core speed, core speed brand, brand core speed, core speed manufacturer, manufacturer core speed, core speed company, company core speed, core speed product, product core speed, core speed amd product, amd product core speed, core speed sell amd, sell amd core speed, core speed buy amd, buy amd core speed, core speed cheap amd, cheap amd core speed, core speed best amd, best amd core speed, core speed amd review, amd review core speed, core speed where to buy amd, where to buy amd core speed, core speed how to choose amd, how to choose amd core speed, core speed top amd, top amd core speed, core speed amd guide, amd guide core speed, core speed amd for sale, amd for sale core speed, core speed amd deals, amd deals core speed
2026-09-24 18:32:17,779 - INFO - Expanded 220 seed keywords to 385 variations
2026-09-24 18:32:17,779 - INFO - Language: en
2026-09-24 18:32:17,779 - INFO - Region: us
2026-09-24 18:34:32,363 - INFO - 🎯 After all filtering for 'amd': 120 relevant keywords
2026-09-24 18:34:33,807 - INFO - 🎯 Found 5 new keywords for niche 'amd': amd affordable core speed, amd affordable overclocking capability, cheap alternatives core speed, cheap alternatives overclocking capability, best authentic core speed
2026-09-24 18:34:49,443 - INFO - ✅ Niche 'amd' process complete! 809 total keyword results.
2026-09-24 18:34:49,443 - INFO - ✅ Completed processing niche: 'amd'
2026-09-24 18:34:49,443 - INFO - 🔧 Request Handler final stats - Success rate: 100.0%
2026-09-24 18:34:49,443 - INFO -    Total requests: 205212, Blocks: 1
2026-09-24 18:34:49,444 - INFO - 
========================================
2026-09-24 18:34:49,444 - INFO - Process Summary:
2026-09-24 18:34:49,444 - INFO - - Current niche: 'amd'
2026-09-24 18:34:49,444 - INFO - - Next niche will be: 'canon'
2026-09-24 18:34:49,445 - INFO - - Keywords saved in: languages/english/keywords/amd/
2026-09-24 18:34:49,445 - INFO - ========================================
