2026-09-13 12:44:04,419 - INFO - Log file created at: /home/runner/work/potensitech.com/potensitech.com/languages/english/keywords/logs/kw_search_20260913_124404.log
2026-09-13 12:44:04,420 - INFO - ============================================================
2026-09-13 12:44:04,420 - INFO - AUTOMATIC KEYWORD RESEARCH TOOL
2026-09-13 12:44:04,420 - INFO - ============================================================
2026-09-13 12:44:04,796 - INFO - ========================================
2026-09-13 12:44:04,796 - INFO - Found 14 niches to process: xiaomi, iphone, samsung, apple, sony, asus, philips, sandisk, intel, nvidia, amd, canon, nikon, huawei
2026-09-13 12:44:04,797 - INFO - ========================================
2026-09-13 12:44:04,797 - INFO - Continuing from last processed niche: intel
2026-09-13 12:44:04,797 - INFO - ========================================
2026-09-13 12:44:04,797 - INFO - 🎯 PROCESSING NICHE 10/14: 'nvidia'
2026-09-13 12:44:04,797 - INFO - ========================================
2026-09-13 12:44:04,797 - INFO - 📁 Niche directory: /home/runner/work/potensitech.com/potensitech.com/languages/english/keywords/nvidia
2026-09-13 12:44:04,797 - INFO - Selected region: us
2026-09-13 12:44:04,797 - INFO - Selected language: en
2026-09-13 12:44:04,797 - INFO - 🎯 Current niche: nvidia
2026-09-13 12:44:16,262 - INFO - 🎯 Niche terms for filtering: nvidia, cheap, best, latest, review, price, sell, buy, recommendation, tips, tutorial, guide, how to, vs, versus, compared to, comparison, alternatives, which is better, expensive, discount, deals, sale, affordable, cost, online, offline, marketplace, store, shop, retailer, where to buy, worst, quality, original, genuine, fake, replica, authentic, brand, manufacturer, company, product, nvidia product, sell nvidia, buy nvidia, cheap nvidia, best nvidia, nvidia review, where to buy nvidia, how to choose nvidia, top nvidia, nvidia guide, nvidia for sale, nvidia deals
2026-09-13 12:44:16,263 - INFO - Generated 50 niche-clue pairs for 'nvidia'.
2026-09-13 12:44:16,266 - INFO - Expanded 50 seed keywords to 218 variations
2026-09-13 12:44:16,267 - INFO - 🔧 Request Handler initialized - Success rate: 100.0%
2026-09-13 12:48:41,714 - INFO - Original clue keywords: dlss technology, cuda cores
2026-09-13 12:48:41,714 - INFO - Niche-focused seeds: dlss technology nvidia, nvidia dlss technology, dlss technology cheap, cheap dlss technology, dlss technology best, best dlss technology, dlss technology latest, latest dlss technology, dlss technology review, review dlss technology, dlss technology price, price dlss technology, dlss technology sell, sell dlss technology, dlss technology buy, buy dlss technology, dlss technology recommendation, recommendation dlss technology, dlss technology tips, tips dlss technology, dlss technology tutorial, tutorial dlss technology, dlss technology guide, guide dlss technology, dlss technology how to, how to dlss technology, dlss technology vs, vs dlss technology, dlss technology versus, versus dlss technology, dlss technology compared to, compared to dlss technology, dlss technology comparison, comparison dlss technology, dlss technology alternatives, alternatives dlss technology, dlss technology which is better, which is better dlss technology, dlss technology expensive, expensive dlss technology, dlss technology discount, discount dlss technology, dlss technology deals, deals dlss technology, dlss technology sale, sale dlss technology, dlss technology affordable, affordable dlss technology, dlss technology cost, cost dlss technology, dlss technology online, online dlss technology, dlss technology offline, offline dlss technology, dlss technology marketplace, marketplace dlss technology, dlss technology store, store dlss technology, dlss technology shop, shop dlss technology, dlss technology retailer, retailer dlss technology, dlss technology where to buy, where to buy dlss technology, dlss technology worst, worst dlss technology, dlss technology quality, quality dlss technology, dlss technology original, original dlss technology, dlss technology genuine, genuine dlss technology, dlss technology fake, fake dlss technology, dlss technology replica, replica dlss technology, dlss technology authentic, authentic dlss technology, dlss technology brand, brand dlss technology, dlss technology manufacturer, manufacturer dlss technology, dlss technology company, company dlss technology, dlss technology product, product dlss technology, dlss technology nvidia product, nvidia product dlss technology, dlss technology sell nvidia, sell nvidia dlss technology, dlss technology buy nvidia, buy nvidia dlss technology, dlss technology cheap nvidia, cheap nvidia dlss technology, dlss technology best nvidia, best nvidia dlss technology, dlss technology nvidia review, nvidia review dlss technology, dlss technology where to buy nvidia, where to buy nvidia dlss technology, dlss technology how to choose nvidia, how to choose nvidia dlss technology, dlss technology top nvidia, top nvidia dlss technology, dlss technology nvidia guide, nvidia guide dlss technology, dlss technology nvidia for sale, nvidia for sale dlss technology, dlss technology nvidia deals, nvidia deals dlss technology, cuda cores nvidia, nvidia cuda cores, cuda cores cheap, cheap cuda cores, cuda cores best, best cuda cores, cuda cores latest, latest cuda cores, cuda cores review, review cuda cores, cuda cores price, price cuda cores, cuda cores sell, sell cuda cores, cuda cores buy, buy cuda cores, cuda cores recommendation, recommendation cuda cores, cuda cores tips, tips cuda cores, cuda cores tutorial, tutorial cuda cores, cuda cores guide, guide cuda cores, cuda cores how to, how to cuda cores, cuda cores vs, vs cuda cores, cuda cores versus, versus cuda cores, cuda cores compared to, compared to cuda cores, cuda cores comparison, comparison cuda cores, cuda cores alternatives, alternatives cuda cores, cuda cores which is better, which is better cuda cores, cuda cores expensive, expensive cuda cores, cuda cores discount, discount cuda cores, cuda cores deals, deals cuda cores, cuda cores sale, sale cuda cores, cuda cores affordable, affordable cuda cores, cuda cores cost, cost cuda cores, cuda cores online, online cuda cores, cuda cores offline, offline cuda cores, cuda cores marketplace, marketplace cuda cores, cuda cores store, store cuda cores, cuda cores shop, shop cuda cores, cuda cores retailer, retailer cuda cores, cuda cores where to buy, where to buy cuda cores, cuda cores worst, worst cuda cores, cuda cores quality, quality cuda cores, cuda cores original, original cuda cores, cuda cores genuine, genuine cuda cores, cuda cores fake, fake cuda cores, cuda cores replica, replica cuda cores, cuda cores authentic, authentic cuda cores, cuda cores brand, brand cuda cores, cuda cores manufacturer, manufacturer cuda cores, cuda cores company, company cuda cores, cuda cores product, product cuda cores, cuda cores nvidia product, nvidia product cuda cores, cuda cores sell nvidia, sell nvidia cuda cores, cuda cores buy nvidia, buy nvidia cuda cores, cuda cores cheap nvidia, cheap nvidia cuda cores, cuda cores best nvidia, best nvidia cuda cores, cuda cores nvidia review, nvidia review cuda cores, cuda cores where to buy nvidia, where to buy nvidia cuda cores, cuda cores how to choose nvidia, how to choose nvidia cuda cores, cuda cores top nvidia, top nvidia cuda cores, cuda cores nvidia guide, nvidia guide cuda cores, cuda cores nvidia for sale, nvidia for sale cuda cores, cuda cores nvidia deals, nvidia deals cuda cores
2026-09-13 12:48:41,718 - INFO - Expanded 220 seed keywords to 385 variations
2026-09-13 12:48:41,718 - INFO - Language: en
2026-09-13 12:48:41,718 - INFO - Region: us
2026-09-13 12:49:15,584 - INFO - 🎯 After all filtering for 'nvidia': 120 relevant keywords
2026-09-13 12:49:15,903 - INFO - 🎯 Found 2 new keywords for niche 'nvidia': nvidia affordable cuda cores, nvidia affordable dlss technology
2026-09-13 12:49:31,791 - INFO - ✅ Niche 'nvidia' process complete! 882 total keyword results.
2026-09-13 12:49:31,791 - INFO - ✅ Completed processing niche: 'nvidia'
2026-09-13 12:49:31,792 - INFO - 🔧 Request Handler final stats - Success rate: 100.0%
2026-09-13 12:49:31,792 - INFO -    Total requests: 195583, Blocks: 1
2026-09-13 12:49:31,793 - INFO - 
========================================
2026-09-13 12:49:31,793 - INFO - Process Summary:
2026-09-13 12:49:31,793 - INFO - - Current niche: 'nvidia'
2026-09-13 12:49:31,793 - INFO - - Next niche will be: 'amd'
2026-09-13 12:49:31,793 - INFO - - Keywords saved in: languages/english/keywords/nvidia/
2026-09-13 12:49:31,793 - INFO - ========================================
