2026-09-28 23:49:23,456 - INFO - Log file created at: /home/runner/work/potensitech.com/potensitech.com/languages/english/keywords/logs/kw_search_20260928_234923.log
2026-09-28 23:49:23,456 - INFO - ============================================================
2026-09-28 23:49:23,456 - INFO - AUTOMATIC KEYWORD RESEARCH TOOL
2026-09-28 23:49:23,456 - INFO - ============================================================
2026-09-28 23:49:23,820 - INFO - ========================================
2026-09-28 23:49:23,820 - INFO - Found 14 niches to process: xiaomi, iphone, samsung, apple, sony, asus, philips, sandisk, intel, nvidia, amd, canon, nikon, huawei
2026-09-28 23:49:23,820 - INFO - ========================================
2026-09-28 23:49:23,820 - INFO - Continuing from last processed niche: nvidia
2026-09-28 23:49:23,820 - INFO - ========================================
2026-09-28 23:49:23,820 - INFO - 🎯 PROCESSING NICHE 11/14: 'amd'
2026-09-28 23:49:23,820 - INFO - ========================================
2026-09-28 23:49:23,820 - INFO - 📁 Niche directory: /home/runner/work/potensitech.com/potensitech.com/languages/english/keywords/amd
2026-09-28 23:49:23,820 - INFO - Selected region: us
2026-09-28 23:49:23,821 - INFO - Selected language: en
2026-09-28 23:49:23,821 - INFO - 🎯 Current niche: amd
2026-09-28 23:49:34,787 - INFO - 🎯 Niche terms for filtering: amd, cheap, best, latest, review, price, sell, buy, recommendation, tips, tutorial, guide, how to, vs, versus, compared to, comparison, alternatives, which is better, expensive, discount, deals, sale, affordable, cost, online, offline, marketplace, store, shop, retailer, where to buy, worst, quality, original, genuine, fake, replica, authentic, brand, manufacturer, company, product, amd product, sell amd, buy amd, cheap amd, best amd, amd review, where to buy amd, how to choose amd, top amd, amd guide, amd for sale, amd deals
2026-09-28 23:49:34,788 - INFO - Generated 50 niche-clue pairs for 'amd'.
2026-09-28 23:49:34,790 - INFO - Expanded 50 seed keywords to 218 variations
2026-09-28 23:49:34,791 - INFO - 🔧 Request Handler initialized - Success rate: 100.0%
2026-09-28 23:53:55,669 - INFO - Original clue keywords: smartphone battery, smartphone display
2026-09-28 23:53:55,669 - INFO - Niche-focused seeds: smartphone battery amd, amd smartphone battery, smartphone battery cheap, cheap smartphone battery, smartphone battery best, best smartphone battery, smartphone battery latest, latest smartphone battery, smartphone battery review, review smartphone battery, smartphone battery price, price smartphone battery, smartphone battery sell, sell smartphone battery, smartphone battery buy, buy smartphone battery, smartphone battery recommendation, recommendation smartphone battery, smartphone battery tips, tips smartphone battery, smartphone battery tutorial, tutorial smartphone battery, smartphone battery guide, guide smartphone battery, smartphone battery how to, how to smartphone battery, smartphone battery vs, vs smartphone battery, smartphone battery versus, versus smartphone battery, smartphone battery compared to, compared to smartphone battery, smartphone battery comparison, comparison smartphone battery, smartphone battery alternatives, alternatives smartphone battery, smartphone battery which is better, which is better smartphone battery, smartphone battery expensive, expensive smartphone battery, smartphone battery discount, discount smartphone battery, smartphone battery deals, deals smartphone battery, smartphone battery sale, sale smartphone battery, smartphone battery affordable, affordable smartphone battery, smartphone battery cost, cost smartphone battery, smartphone battery online, online smartphone battery, smartphone battery offline, offline smartphone battery, smartphone battery marketplace, marketplace smartphone battery, smartphone battery store, store smartphone battery, smartphone battery shop, shop smartphone battery, smartphone battery retailer, retailer smartphone battery, smartphone battery where to buy, where to buy smartphone battery, smartphone battery worst, worst smartphone battery, smartphone battery quality, quality smartphone battery, smartphone battery original, original smartphone battery, smartphone battery genuine, genuine smartphone battery, smartphone battery fake, fake smartphone battery, smartphone battery replica, replica smartphone battery, smartphone battery authentic, authentic smartphone battery, smartphone battery brand, brand smartphone battery, smartphone battery manufacturer, manufacturer smartphone battery, smartphone battery company, company smartphone battery, smartphone battery product, product smartphone battery, smartphone battery amd product, amd product smartphone battery, smartphone battery sell amd, sell amd smartphone battery, smartphone battery buy amd, buy amd smartphone battery, smartphone battery cheap amd, cheap amd smartphone battery, smartphone battery best amd, best amd smartphone battery, smartphone battery amd review, amd review smartphone battery, smartphone battery where to buy amd, where to buy amd smartphone battery, smartphone battery how to choose amd, how to choose amd smartphone battery, smartphone battery top amd, top amd smartphone battery, smartphone battery amd guide, amd guide smartphone battery, smartphone battery amd for sale, amd for sale smartphone battery, smartphone battery amd deals, amd deals smartphone battery, smartphone display amd, amd smartphone display, smartphone display cheap, cheap smartphone display, smartphone display best, best smartphone display, smartphone display latest, latest smartphone display, smartphone display review, review smartphone display, smartphone display price, price smartphone display, smartphone display sell, sell smartphone display, smartphone display buy, buy smartphone display, smartphone display recommendation, recommendation smartphone display, smartphone display tips, tips smartphone display, smartphone display tutorial, tutorial smartphone display, smartphone display guide, guide smartphone display, smartphone display how to, how to smartphone display, smartphone display vs, vs smartphone display, smartphone display versus, versus smartphone display, smartphone display compared to, compared to smartphone display, smartphone display comparison, comparison smartphone display, smartphone display alternatives, alternatives smartphone display, smartphone display which is better, which is better smartphone display, smartphone display expensive, expensive smartphone display, smartphone display discount, discount smartphone display, smartphone display deals, deals smartphone display, smartphone display sale, sale smartphone display, smartphone display affordable, affordable smartphone display, smartphone display cost, cost smartphone display, smartphone display online, online smartphone display, smartphone display offline, offline smartphone display, smartphone display marketplace, marketplace smartphone display, smartphone display store, store smartphone display, smartphone display shop, shop smartphone display, smartphone display retailer, retailer smartphone display, smartphone display where to buy, where to buy smartphone display, smartphone display worst, worst smartphone display, smartphone display quality, quality smartphone display, smartphone display original, original smartphone display, smartphone display genuine, genuine smartphone display, smartphone display fake, fake smartphone display, smartphone display replica, replica smartphone display, smartphone display authentic, authentic smartphone display, smartphone display brand, brand smartphone display, smartphone display manufacturer, manufacturer smartphone display, smartphone display company, company smartphone display, smartphone display product, product smartphone display, smartphone display amd product, amd product smartphone display, smartphone display sell amd, sell amd smartphone display, smartphone display buy amd, buy amd smartphone display, smartphone display cheap amd, cheap amd smartphone display, smartphone display best amd, best amd smartphone display, smartphone display amd review, amd review smartphone display, smartphone display where to buy amd, where to buy amd smartphone display, smartphone display how to choose amd, how to choose amd smartphone display, smartphone display top amd, top amd smartphone display, smartphone display amd guide, amd guide smartphone display, smartphone display amd for sale, amd for sale smartphone display, smartphone display amd deals, amd deals smartphone display
2026-09-28 23:53:55,671 - INFO - Expanded 220 seed keywords to 385 variations
2026-09-28 23:53:55,671 - INFO - Language: en
2026-09-28 23:53:55,671 - INFO - Region: us
2026-09-28 23:58:27,258 - INFO - 🎯 After all filtering for 'amd': 120 relevant keywords
2026-09-28 23:58:28,472 - INFO - 🎯 Found 5 new keywords for niche 'amd': amd affordable smartphone battery, cheap affordable smartphone display, alternatives smartphone battery cheap, amd alternatives smartphone display, best authentic smartphone battery
2026-09-28 23:58:44,509 - INFO - ✅ Niche 'amd' process complete! 815 total keyword results.
2026-09-28 23:58:44,509 - INFO - ✅ Completed processing niche: 'amd'
2026-09-28 23:58:44,509 - INFO - 🔧 Request Handler final stats - Success rate: 100.0%
2026-09-28 23:58:44,509 - INFO -    Total requests: 208868, Blocks: 1
2026-09-28 23:58:44,510 - INFO - 
========================================
2026-09-28 23:58:44,510 - INFO - Process Summary:
2026-09-28 23:58:44,510 - INFO - - Current niche: 'amd'
2026-09-28 23:58:44,510 - INFO - - Next niche will be: 'canon'
2026-09-28 23:58:44,510 - INFO - - Keywords saved in: languages/english/keywords/amd/
2026-09-28 23:58:44,511 - INFO - ========================================
