2026-08-19 19:36:14,796 - INFO - Log file created at: /home/runner/work/potensitech.com/potensitech.com/languages/english/keywords/logs/kw_search_20260819_193614.log
2026-08-19 19:36:14,796 - INFO - ============================================================
2026-08-19 19:36:14,796 - INFO - AUTOMATIC KEYWORD RESEARCH TOOL
2026-08-19 19:36:14,796 - INFO - ============================================================
2026-08-19 19:36:15,179 - INFO - ========================================
2026-08-19 19:36:15,179 - INFO - Found 14 niches to process: xiaomi, iphone, samsung, apple, sony, asus, philips, sandisk, intel, nvidia, amd, canon, nikon, huawei
2026-08-19 19:36:15,179 - INFO - ========================================
2026-08-19 19:36:15,179 - INFO - Continuing from last processed niche: samsung
2026-08-19 19:36:15,180 - INFO - ========================================
2026-08-19 19:36:15,180 - INFO - 🎯 PROCESSING NICHE 4/14: 'apple'
2026-08-19 19:36:15,180 - INFO - ========================================
2026-08-19 19:36:15,180 - INFO - 📁 Niche directory: /home/runner/work/potensitech.com/potensitech.com/languages/english/keywords/apple
2026-08-19 19:36:15,180 - INFO - Selected region: us
2026-08-19 19:36:15,180 - INFO - Selected language: en
2026-08-19 19:36:15,180 - INFO - 🎯 Current niche: apple
2026-08-19 19:36:15,901 - INFO - 🎯 Niche terms for filtering: apple, cheap, best, latest, review, price, sell, buy, recommendation, tips, tutorial, guide, how to, vs, versus, compared to, comparison, alternatives, which is better, expensive, discount, deals, sale, affordable, cost, online, offline, marketplace, store, shop, retailer, where to buy, worst, quality, original, genuine, fake, replica, authentic, brand, manufacturer, company, product, apple product, sell apple, buy apple, cheap apple, best apple, apple review, where to buy apple, how to choose apple, top apple, apple guide, apple for sale, apple deals
2026-08-19 19:36:15,901 - INFO - Generated 50 niche-clue pairs for 'apple'.
2026-08-19 19:36:15,904 - INFO - Expanded 50 seed keywords to 218 variations
2026-08-19 19:36:15,910 - INFO - 🔧 Request Handler initialized - Success rate: 100.0%
2026-08-19 19:40:39,348 - INFO - Original clue keywords: megapixels, autofocus
2026-08-19 19:40:39,349 - INFO - Niche-focused seeds: megapixels apple, apple megapixels, megapixels cheap, cheap megapixels, megapixels best, best megapixels, megapixels latest, latest megapixels, megapixels review, review megapixels, megapixels price, price megapixels, megapixels sell, sell megapixels, megapixels buy, buy megapixels, megapixels recommendation, recommendation megapixels, megapixels tips, tips megapixels, megapixels tutorial, tutorial megapixels, megapixels guide, guide megapixels, megapixels how to, how to megapixels, megapixels vs, vs megapixels, megapixels versus, versus megapixels, megapixels compared to, compared to megapixels, megapixels comparison, comparison megapixels, megapixels alternatives, alternatives megapixels, megapixels which is better, which is better megapixels, megapixels expensive, expensive megapixels, megapixels discount, discount megapixels, megapixels deals, deals megapixels, megapixels sale, sale megapixels, megapixels affordable, affordable megapixels, megapixels cost, cost megapixels, megapixels online, online megapixels, megapixels offline, offline megapixels, megapixels marketplace, marketplace megapixels, megapixels store, store megapixels, megapixels shop, shop megapixels, megapixels retailer, retailer megapixels, megapixels where to buy, where to buy megapixels, megapixels worst, worst megapixels, megapixels quality, quality megapixels, megapixels original, original megapixels, megapixels genuine, genuine megapixels, megapixels fake, fake megapixels, megapixels replica, replica megapixels, megapixels authentic, authentic megapixels, megapixels brand, brand megapixels, megapixels manufacturer, manufacturer megapixels, megapixels company, company megapixels, megapixels product, product megapixels, megapixels apple product, apple product megapixels, megapixels sell apple, sell apple megapixels, megapixels buy apple, buy apple megapixels, megapixels cheap apple, cheap apple megapixels, megapixels best apple, best apple megapixels, megapixels apple review, apple review megapixels, megapixels where to buy apple, where to buy apple megapixels, megapixels how to choose apple, how to choose apple megapixels, megapixels top apple, top apple megapixels, megapixels apple guide, apple guide megapixels, megapixels apple for sale, apple for sale megapixels, megapixels apple deals, apple deals megapixels, autofocus apple, apple autofocus, autofocus cheap, cheap autofocus, autofocus best, best autofocus, autofocus latest, latest autofocus, autofocus review, review autofocus, autofocus price, price autofocus, autofocus sell, sell autofocus, autofocus buy, buy autofocus, autofocus recommendation, recommendation autofocus, autofocus tips, tips autofocus, autofocus tutorial, tutorial autofocus, autofocus guide, guide autofocus, autofocus how to, how to autofocus, autofocus vs, vs autofocus, autofocus versus, versus autofocus, autofocus compared to, compared to autofocus, autofocus comparison, comparison autofocus, autofocus alternatives, alternatives autofocus, autofocus which is better, which is better autofocus, autofocus expensive, expensive autofocus, autofocus discount, discount autofocus, autofocus deals, deals autofocus, autofocus sale, sale autofocus, autofocus affordable, affordable autofocus, autofocus cost, cost autofocus, autofocus online, online autofocus, autofocus offline, offline autofocus, autofocus marketplace, marketplace autofocus, autofocus store, store autofocus, autofocus shop, shop autofocus, autofocus retailer, retailer autofocus, autofocus where to buy, where to buy autofocus, autofocus worst, worst autofocus, autofocus quality, quality autofocus, autofocus original, original autofocus, autofocus genuine, genuine autofocus, autofocus fake, fake autofocus, autofocus replica, replica autofocus, autofocus authentic, authentic autofocus, autofocus brand, brand autofocus, autofocus manufacturer, manufacturer autofocus, autofocus company, company autofocus, autofocus product, product autofocus, autofocus apple product, apple product autofocus, autofocus sell apple, sell apple autofocus, autofocus buy apple, buy apple autofocus, autofocus cheap apple, cheap apple autofocus, autofocus best apple, best apple autofocus, autofocus apple review, apple review autofocus, autofocus where to buy apple, where to buy apple autofocus, autofocus how to choose apple, how to choose apple autofocus, autofocus top apple, top apple autofocus, autofocus apple guide, apple guide autofocus, autofocus apple for sale, apple for sale autofocus, autofocus apple deals, apple deals autofocus
2026-08-19 19:40:39,352 - INFO - Expanded 220 seed keywords to 385 variations
2026-08-19 19:40:39,352 - INFO - Language: en
2026-08-19 19:40:39,352 - INFO - Region: us
2026-08-19 19:41:14,777 - INFO - 🎯 After all filtering for 'apple': 119 relevant keywords
2026-08-19 19:41:14,959 - INFO - 🎯 Found 5 new keywords for niche 'apple': apple affordable autofocus, cheap affordable autofocus, best affordable autofocus, how to affordable autofocus, apple affordable megapixels
2026-08-19 19:41:15,398 - INFO - ✅ Niche 'apple' process complete! 548 total keyword results.
2026-08-19 19:41:15,398 - INFO - ✅ Completed processing niche: 'apple'
2026-08-19 19:41:15,398 - INFO - 🔧 Request Handler final stats - Success rate: 100.0%
2026-08-19 19:41:15,398 - INFO -    Total requests: 175779, Blocks: 1
2026-08-19 19:41:15,399 - INFO - 
========================================
2026-08-19 19:41:15,399 - INFO - Process Summary:
2026-08-19 19:41:15,399 - INFO - - Current niche: 'apple'
2026-08-19 19:41:15,399 - INFO - - Next niche will be: 'sony'
2026-08-19 19:41:15,399 - INFO - - Keywords saved in: languages/english/keywords/apple/
2026-08-19 19:41:15,400 - INFO - ========================================
