2026-08-02 05:39:40,751 - INFO - Log file created at: /home/runner/work/potensitech.com/potensitech.com/languages/english/keywords/logs/kw_search_20260802_053940.log
2026-08-02 05:39:40,752 - INFO - ============================================================
2026-08-02 05:39:40,752 - INFO - AUTOMATIC KEYWORD RESEARCH TOOL
2026-08-02 05:39:40,752 - INFO - ============================================================
2026-08-02 05:39:41,016 - INFO - ========================================
2026-08-02 05:39:41,016 - INFO - Found 14 niches to process: xiaomi, iphone, samsung, apple, sony, asus, philips, sandisk, intel, nvidia, amd, canon, nikon, huawei
2026-08-02 05:39:41,016 - INFO - ========================================
2026-08-02 05:39:41,016 - INFO - Continuing from last processed niche: nvidia
2026-08-02 05:39:41,016 - INFO - ========================================
2026-08-02 05:39:41,016 - INFO - 🎯 PROCESSING NICHE 11/14: 'amd'
2026-08-02 05:39:41,016 - INFO - ========================================
2026-08-02 05:39:41,016 - INFO - 📁 Niche directory: /home/runner/work/potensitech.com/potensitech.com/languages/english/keywords/amd
2026-08-02 05:39:41,016 - INFO - Selected region: us
2026-08-02 05:39:41,017 - INFO - Selected language: en
2026-08-02 05:39:41,017 - INFO - 🎯 Current niche: amd
2026-08-02 05:39:42,394 - INFO - 🎯 Niche terms for filtering: amd, cheap, best, latest, review, price, sell, buy, recommendation, tips, tutorial, guide, how to, vs, versus, compared to, comparison, alternatives, which is better, expensive, discount, deals, sale, affordable, cost, online, offline, marketplace, store, shop, retailer, where to buy, worst, quality, original, genuine, fake, replica, authentic, brand, manufacturer, company, product, amd product, sell amd, buy amd, cheap amd, best amd, amd review, where to buy amd, how to choose amd, top amd, amd guide, amd for sale, amd deals
2026-08-02 05:39:42,395 - INFO - Generated 50 niche-clue pairs for 'amd'.
2026-08-02 05:39:42,398 - INFO - Expanded 50 seed keywords to 218 variations
2026-08-02 05:39:42,398 - INFO - 🔧 Request Handler initialized - Success rate: 100.0%
2026-08-02 05:44:05,504 - INFO - Original clue keywords: chipset compatibility, solid state
2026-08-02 05:44:05,504 - INFO - Niche-focused seeds: chipset compatibility amd, amd chipset compatibility, chipset compatibility cheap, cheap chipset compatibility, chipset compatibility best, best chipset compatibility, chipset compatibility latest, latest chipset compatibility, chipset compatibility review, review chipset compatibility, chipset compatibility price, price chipset compatibility, chipset compatibility sell, sell chipset compatibility, chipset compatibility buy, buy chipset compatibility, chipset compatibility recommendation, recommendation chipset compatibility, chipset compatibility tips, tips chipset compatibility, chipset compatibility tutorial, tutorial chipset compatibility, chipset compatibility guide, guide chipset compatibility, chipset compatibility how to, how to chipset compatibility, chipset compatibility vs, vs chipset compatibility, chipset compatibility versus, versus chipset compatibility, chipset compatibility compared to, compared to chipset compatibility, chipset compatibility comparison, comparison chipset compatibility, chipset compatibility alternatives, alternatives chipset compatibility, chipset compatibility which is better, which is better chipset compatibility, chipset compatibility expensive, expensive chipset compatibility, chipset compatibility discount, discount chipset compatibility, chipset compatibility deals, deals chipset compatibility, chipset compatibility sale, sale chipset compatibility, chipset compatibility affordable, affordable chipset compatibility, chipset compatibility cost, cost chipset compatibility, chipset compatibility online, online chipset compatibility, chipset compatibility offline, offline chipset compatibility, chipset compatibility marketplace, marketplace chipset compatibility, chipset compatibility store, store chipset compatibility, chipset compatibility shop, shop chipset compatibility, chipset compatibility retailer, retailer chipset compatibility, chipset compatibility where to buy, where to buy chipset compatibility, chipset compatibility worst, worst chipset compatibility, chipset compatibility quality, quality chipset compatibility, chipset compatibility original, original chipset compatibility, chipset compatibility genuine, genuine chipset compatibility, chipset compatibility fake, fake chipset compatibility, chipset compatibility replica, replica chipset compatibility, chipset compatibility authentic, authentic chipset compatibility, chipset compatibility brand, brand chipset compatibility, chipset compatibility manufacturer, manufacturer chipset compatibility, chipset compatibility company, company chipset compatibility, chipset compatibility product, product chipset compatibility, chipset compatibility amd product, amd product chipset compatibility, chipset compatibility sell amd, sell amd chipset compatibility, chipset compatibility buy amd, buy amd chipset compatibility, chipset compatibility cheap amd, cheap amd chipset compatibility, chipset compatibility best amd, best amd chipset compatibility, chipset compatibility amd review, amd review chipset compatibility, chipset compatibility where to buy amd, where to buy amd chipset compatibility, chipset compatibility how to choose amd, how to choose amd chipset compatibility, chipset compatibility top amd, top amd chipset compatibility, chipset compatibility amd guide, amd guide chipset compatibility, chipset compatibility amd for sale, amd for sale chipset compatibility, chipset compatibility amd deals, amd deals chipset compatibility, solid state amd, amd solid state, solid state cheap, cheap solid state, solid state best, best solid state, solid state latest, latest solid state, solid state review, review solid state, solid state price, price solid state, solid state sell, sell solid state, solid state buy, buy solid state, solid state recommendation, recommendation solid state, solid state tips, tips solid state, solid state tutorial, tutorial solid state, solid state guide, guide solid state, solid state how to, how to solid state, solid state vs, vs solid state, solid state versus, versus solid state, solid state compared to, compared to solid state, solid state comparison, comparison solid state, solid state alternatives, alternatives solid state, solid state which is better, which is better solid state, solid state expensive, expensive solid state, solid state discount, discount solid state, solid state deals, deals solid state, solid state sale, sale solid state, solid state affordable, affordable solid state, solid state cost, cost solid state, solid state online, online solid state, solid state offline, offline solid state, solid state marketplace, marketplace solid state, solid state store, store solid state, solid state shop, shop solid state, solid state retailer, retailer solid state, solid state where to buy, where to buy solid state, solid state worst, worst solid state, solid state quality, quality solid state, solid state original, original solid state, solid state genuine, genuine solid state, solid state fake, fake solid state, solid state replica, replica solid state, solid state authentic, authentic solid state, solid state brand, brand solid state, solid state manufacturer, manufacturer solid state, solid state company, company solid state, solid state product, product solid state, solid state amd product, amd product solid state, solid state sell amd, sell amd solid state, solid state buy amd, buy amd solid state, solid state cheap amd, cheap amd solid state, solid state best amd, best amd solid state, solid state amd review, amd review solid state, solid state where to buy amd, where to buy amd solid state, solid state how to choose amd, how to choose amd solid state, solid state top amd, top amd solid state, solid state amd guide, amd guide solid state, solid state amd for sale, amd for sale solid state, solid state amd deals, amd deals solid state
2026-08-02 05:44:05,507 - INFO - Expanded 220 seed keywords to 385 variations
2026-08-02 05:44:05,508 - INFO - Language: en
2026-08-02 05:44:05,508 - INFO - Region: us
2026-08-02 05:46:15,431 - INFO - 🎯 After all filtering for 'amd': 120 relevant keywords
2026-08-02 05:46:17,213 - INFO - 🎯 Found 5 new keywords for niche 'amd': amd affordable chipset compatibility, amd affordable solid state, cheap alternatives solid state, best authentic solid state, how to brand solid state
2026-08-02 05:46:18,398 - INFO - ✅ Niche 'amd' process complete! 740 total keyword results.
2026-08-02 05:46:18,398 - INFO - ✅ Completed processing niche: 'amd'
2026-08-02 05:46:18,398 - INFO - 🔧 Request Handler final stats - Success rate: 100.0%
2026-08-02 05:46:18,398 - INFO -    Total requests: 162322, Blocks: 1
2026-08-02 05:46:18,399 - INFO - 
========================================
2026-08-02 05:46:18,399 - INFO - Process Summary:
2026-08-02 05:46:18,399 - INFO - - Current niche: 'amd'
2026-08-02 05:46:18,399 - INFO - - Next niche will be: 'canon'
2026-08-02 05:46:18,400 - INFO - - Keywords saved in: languages/english/keywords/amd/
2026-08-02 05:46:18,400 - INFO - ========================================
