2026-09-09 09:14:15,649 - INFO - Log file created at: /home/runner/work/potensitech.com/potensitech.com/languages/english/keywords/logs/kw_search_20260909_091415.log
2026-09-09 09:14:15,649 - INFO - ============================================================
2026-09-09 09:14:15,650 - INFO - AUTOMATIC KEYWORD RESEARCH TOOL
2026-09-09 09:14:15,650 - INFO - ============================================================
2026-09-09 09:14:15,898 - INFO - ========================================
2026-09-09 09:14:15,898 - INFO - Found 14 niches to process: xiaomi, iphone, samsung, apple, sony, asus, philips, sandisk, intel, nvidia, amd, canon, nikon, huawei
2026-09-09 09:14:15,898 - INFO - ========================================
2026-09-09 09:14:15,899 - INFO - Continuing from last processed niche: nvidia
2026-09-09 09:14:15,899 - INFO - ========================================
2026-09-09 09:14:15,899 - INFO - 🎯 PROCESSING NICHE 11/14: 'amd'
2026-09-09 09:14:15,899 - INFO - ========================================
2026-09-09 09:14:15,899 - INFO - 📁 Niche directory: /home/runner/work/potensitech.com/potensitech.com/languages/english/keywords/amd
2026-09-09 09:14:15,899 - INFO - Selected region: us
2026-09-09 09:14:15,899 - INFO - Selected language: en
2026-09-09 09:14:15,899 - INFO - 🎯 Current niche: amd
2026-09-09 09:14:27,046 - INFO - 🎯 Niche terms for filtering: amd, cheap, best, latest, review, price, sell, buy, recommendation, tips, tutorial, guide, how to, vs, versus, compared to, comparison, alternatives, which is better, expensive, discount, deals, sale, affordable, cost, online, offline, marketplace, store, shop, retailer, where to buy, worst, quality, original, genuine, fake, replica, authentic, brand, manufacturer, company, product, amd product, sell amd, buy amd, cheap amd, best amd, amd review, where to buy amd, how to choose amd, top amd, amd guide, amd for sale, amd deals
2026-09-09 09:14:27,047 - INFO - Generated 50 niche-clue pairs for 'amd'.
2026-09-09 09:14:27,050 - INFO - Expanded 50 seed keywords to 218 variations
2026-09-09 09:14:27,050 - INFO - 🔧 Request Handler initialized - Success rate: 100.0%
2026-09-09 09:18:52,110 - INFO - Original clue keywords: cpu benchmark, smartphone performance
2026-09-09 09:18:52,110 - INFO - Niche-focused seeds: cpu benchmark amd, amd cpu benchmark, cpu benchmark cheap, cheap cpu benchmark, cpu benchmark best, best cpu benchmark, cpu benchmark latest, latest cpu benchmark, cpu benchmark review, review cpu benchmark, cpu benchmark price, price cpu benchmark, cpu benchmark sell, sell cpu benchmark, cpu benchmark buy, buy cpu benchmark, cpu benchmark recommendation, recommendation cpu benchmark, cpu benchmark tips, tips cpu benchmark, cpu benchmark tutorial, tutorial cpu benchmark, cpu benchmark guide, guide cpu benchmark, cpu benchmark how to, how to cpu benchmark, cpu benchmark vs, vs cpu benchmark, cpu benchmark versus, versus cpu benchmark, cpu benchmark compared to, compared to cpu benchmark, cpu benchmark comparison, comparison cpu benchmark, cpu benchmark alternatives, alternatives cpu benchmark, cpu benchmark which is better, which is better cpu benchmark, cpu benchmark expensive, expensive cpu benchmark, cpu benchmark discount, discount cpu benchmark, cpu benchmark deals, deals cpu benchmark, cpu benchmark sale, sale cpu benchmark, cpu benchmark affordable, affordable cpu benchmark, cpu benchmark cost, cost cpu benchmark, cpu benchmark online, online cpu benchmark, cpu benchmark offline, offline cpu benchmark, cpu benchmark marketplace, marketplace cpu benchmark, cpu benchmark store, store cpu benchmark, cpu benchmark shop, shop cpu benchmark, cpu benchmark retailer, retailer cpu benchmark, cpu benchmark where to buy, where to buy cpu benchmark, cpu benchmark worst, worst cpu benchmark, cpu benchmark quality, quality cpu benchmark, cpu benchmark original, original cpu benchmark, cpu benchmark genuine, genuine cpu benchmark, cpu benchmark fake, fake cpu benchmark, cpu benchmark replica, replica cpu benchmark, cpu benchmark authentic, authentic cpu benchmark, cpu benchmark brand, brand cpu benchmark, cpu benchmark manufacturer, manufacturer cpu benchmark, cpu benchmark company, company cpu benchmark, cpu benchmark product, product cpu benchmark, cpu benchmark amd product, amd product cpu benchmark, cpu benchmark sell amd, sell amd cpu benchmark, cpu benchmark buy amd, buy amd cpu benchmark, cpu benchmark cheap amd, cheap amd cpu benchmark, cpu benchmark best amd, best amd cpu benchmark, cpu benchmark amd review, amd review cpu benchmark, cpu benchmark where to buy amd, where to buy amd cpu benchmark, cpu benchmark how to choose amd, how to choose amd cpu benchmark, cpu benchmark top amd, top amd cpu benchmark, cpu benchmark amd guide, amd guide cpu benchmark, cpu benchmark amd for sale, amd for sale cpu benchmark, cpu benchmark amd deals, amd deals cpu benchmark, smartphone performance amd, amd smartphone performance, smartphone performance cheap, cheap smartphone performance, smartphone performance best, best smartphone performance, smartphone performance latest, latest smartphone performance, smartphone performance review, review smartphone performance, smartphone performance price, price smartphone performance, smartphone performance sell, sell smartphone performance, smartphone performance buy, buy smartphone performance, smartphone performance recommendation, recommendation smartphone performance, smartphone performance tips, tips smartphone performance, smartphone performance tutorial, tutorial smartphone performance, smartphone performance guide, guide smartphone performance, smartphone performance how to, how to smartphone performance, smartphone performance vs, vs smartphone performance, smartphone performance versus, versus smartphone performance, smartphone performance compared to, compared to smartphone performance, smartphone performance comparison, comparison smartphone performance, smartphone performance alternatives, alternatives smartphone performance, smartphone performance which is better, which is better smartphone performance, smartphone performance expensive, expensive smartphone performance, smartphone performance discount, discount smartphone performance, smartphone performance deals, deals smartphone performance, smartphone performance sale, sale smartphone performance, smartphone performance affordable, affordable smartphone performance, smartphone performance cost, cost smartphone performance, smartphone performance online, online smartphone performance, smartphone performance offline, offline smartphone performance, smartphone performance marketplace, marketplace smartphone performance, smartphone performance store, store smartphone performance, smartphone performance shop, shop smartphone performance, smartphone performance retailer, retailer smartphone performance, smartphone performance where to buy, where to buy smartphone performance, smartphone performance worst, worst smartphone performance, smartphone performance quality, quality smartphone performance, smartphone performance original, original smartphone performance, smartphone performance genuine, genuine smartphone performance, smartphone performance fake, fake smartphone performance, smartphone performance replica, replica smartphone performance, smartphone performance authentic, authentic smartphone performance, smartphone performance brand, brand smartphone performance, smartphone performance manufacturer, manufacturer smartphone performance, smartphone performance company, company smartphone performance, smartphone performance product, product smartphone performance, smartphone performance amd product, amd product smartphone performance, smartphone performance sell amd, sell amd smartphone performance, smartphone performance buy amd, buy amd smartphone performance, smartphone performance cheap amd, cheap amd smartphone performance, smartphone performance best amd, best amd smartphone performance, smartphone performance amd review, amd review smartphone performance, smartphone performance where to buy amd, where to buy amd smartphone performance, smartphone performance how to choose amd, how to choose amd smartphone performance, smartphone performance top amd, top amd smartphone performance, smartphone performance amd guide, amd guide smartphone performance, smartphone performance amd for sale, amd for sale smartphone performance, smartphone performance amd deals, amd deals smartphone performance
2026-09-09 09:18:52,113 - INFO - Expanded 220 seed keywords to 385 variations
2026-09-09 09:18:52,113 - INFO - Language: en
2026-09-09 09:18:52,113 - INFO - Region: us
2026-09-09 09:23:20,019 - INFO - 🎯 After all filtering for 'amd': 120 relevant keywords
2026-09-09 09:23:21,387 - INFO - 🎯 Found 5 new keywords for niche 'amd': amd affordable cpu benchmark, amd affordable smartphone performance, cheap alternatives cpu benchmark, cheap alternatives smartphone performance, best authentic cpu benchmark
2026-09-09 09:23:37,655 - INFO - ✅ Niche 'amd' process complete! 790 total keyword results.
2026-09-09 09:23:37,655 - INFO - ✅ Completed processing niche: 'amd'
2026-09-09 09:23:37,655 - INFO - 🔧 Request Handler final stats - Success rate: 100.0%
2026-09-09 09:23:37,655 - INFO -    Total requests: 191971, Blocks: 1
2026-09-09 09:23:37,656 - INFO - 
========================================
2026-09-09 09:23:37,656 - INFO - Process Summary:
2026-09-09 09:23:37,656 - INFO - - Current niche: 'amd'
2026-09-09 09:23:37,657 - INFO - - Next niche will be: 'canon'
2026-09-09 09:23:37,657 - INFO - - Keywords saved in: languages/english/keywords/amd/
2026-09-09 09:23:37,657 - INFO - ========================================
