2026-09-02 04:12:35,070 - INFO - Log file created at: /home/runner/work/potensitech.com/potensitech.com/languages/english/keywords/logs/kw_search_20260902_041235.log
2026-09-02 04:12:35,071 - INFO - ============================================================
2026-09-02 04:12:35,071 - INFO - AUTOMATIC KEYWORD RESEARCH TOOL
2026-09-02 04:12:35,071 - INFO - ============================================================
2026-09-02 04:12:35,382 - INFO - ========================================
2026-09-02 04:12:35,383 - INFO - Found 14 niches to process: xiaomi, iphone, samsung, apple, sony, asus, philips, sandisk, intel, nvidia, amd, canon, nikon, huawei
2026-09-02 04:12:35,383 - INFO - ========================================
2026-09-02 04:12:35,383 - INFO - Continuing from last processed niche: intel
2026-09-02 04:12:35,383 - INFO - ========================================
2026-09-02 04:12:35,383 - INFO - 🎯 PROCESSING NICHE 10/14: 'nvidia'
2026-09-02 04:12:35,383 - INFO - ========================================
2026-09-02 04:12:35,383 - INFO - 📁 Niche directory: /home/runner/work/potensitech.com/potensitech.com/languages/english/keywords/nvidia
2026-09-02 04:12:35,383 - INFO - Selected region: us
2026-09-02 04:12:35,383 - INFO - Selected language: en
2026-09-02 04:12:35,383 - INFO - 🎯 Current niche: nvidia
2026-09-02 04:12:46,707 - INFO - 🎯 Niche terms for filtering: nvidia, cheap, best, latest, review, price, sell, buy, recommendation, tips, tutorial, guide, how to, vs, versus, compared to, comparison, alternatives, which is better, expensive, discount, deals, sale, affordable, cost, online, offline, marketplace, store, shop, retailer, where to buy, worst, quality, original, genuine, fake, replica, authentic, brand, manufacturer, company, product, nvidia product, sell nvidia, buy nvidia, cheap nvidia, best nvidia, nvidia review, where to buy nvidia, how to choose nvidia, top nvidia, nvidia guide, nvidia for sale, nvidia deals
2026-09-02 04:12:46,707 - INFO - Generated 50 niche-clue pairs for 'nvidia'.
2026-09-02 04:12:46,710 - INFO - Expanded 50 seed keywords to 218 variations
2026-09-02 04:12:46,711 - INFO - 🔧 Request Handler initialized - Success rate: 100.0%
2026-09-02 04:17:14,129 - INFO - Original clue keywords: electric-shaver, gaming
2026-09-02 04:17:14,129 - INFO - Niche-focused seeds: electric-shaver nvidia, nvidia electric-shaver, electric-shaver cheap, cheap electric-shaver, electric-shaver best, best electric-shaver, electric-shaver latest, latest electric-shaver, electric-shaver review, review electric-shaver, electric-shaver price, price electric-shaver, electric-shaver sell, sell electric-shaver, electric-shaver buy, buy electric-shaver, electric-shaver recommendation, recommendation electric-shaver, electric-shaver tips, tips electric-shaver, electric-shaver tutorial, tutorial electric-shaver, electric-shaver guide, guide electric-shaver, electric-shaver how to, how to electric-shaver, electric-shaver vs, vs electric-shaver, electric-shaver versus, versus electric-shaver, electric-shaver compared to, compared to electric-shaver, electric-shaver comparison, comparison electric-shaver, electric-shaver alternatives, alternatives electric-shaver, electric-shaver which is better, which is better electric-shaver, electric-shaver expensive, expensive electric-shaver, electric-shaver discount, discount electric-shaver, electric-shaver deals, deals electric-shaver, electric-shaver sale, sale electric-shaver, electric-shaver affordable, affordable electric-shaver, electric-shaver cost, cost electric-shaver, electric-shaver online, online electric-shaver, electric-shaver offline, offline electric-shaver, electric-shaver marketplace, marketplace electric-shaver, electric-shaver store, store electric-shaver, electric-shaver shop, shop electric-shaver, electric-shaver retailer, retailer electric-shaver, electric-shaver where to buy, where to buy electric-shaver, electric-shaver worst, worst electric-shaver, electric-shaver quality, quality electric-shaver, electric-shaver original, original electric-shaver, electric-shaver genuine, genuine electric-shaver, electric-shaver fake, fake electric-shaver, electric-shaver replica, replica electric-shaver, electric-shaver authentic, authentic electric-shaver, electric-shaver brand, brand electric-shaver, electric-shaver manufacturer, manufacturer electric-shaver, electric-shaver company, company electric-shaver, electric-shaver product, product electric-shaver, electric-shaver nvidia product, nvidia product electric-shaver, electric-shaver sell nvidia, sell nvidia electric-shaver, electric-shaver buy nvidia, buy nvidia electric-shaver, electric-shaver cheap nvidia, cheap nvidia electric-shaver, electric-shaver best nvidia, best nvidia electric-shaver, electric-shaver nvidia review, nvidia review electric-shaver, electric-shaver where to buy nvidia, where to buy nvidia electric-shaver, electric-shaver how to choose nvidia, how to choose nvidia electric-shaver, electric-shaver top nvidia, top nvidia electric-shaver, electric-shaver nvidia guide, nvidia guide electric-shaver, electric-shaver nvidia for sale, nvidia for sale electric-shaver, electric-shaver nvidia deals, nvidia deals electric-shaver, gaming nvidia, nvidia gaming, gaming cheap, cheap gaming, gaming best, best gaming, gaming latest, latest gaming, gaming review, review gaming, gaming price, price gaming, gaming sell, sell gaming, gaming buy, buy gaming, gaming recommendation, recommendation gaming, gaming tips, tips gaming, gaming tutorial, tutorial gaming, gaming guide, guide gaming, gaming how to, how to gaming, gaming vs, vs gaming, gaming versus, versus gaming, gaming compared to, compared to gaming, gaming comparison, comparison gaming, gaming alternatives, alternatives gaming, gaming which is better, which is better gaming, gaming expensive, expensive gaming, gaming discount, discount gaming, gaming deals, deals gaming, gaming sale, sale gaming, gaming affordable, affordable gaming, gaming cost, cost gaming, gaming online, online gaming, gaming offline, offline gaming, gaming marketplace, marketplace gaming, gaming store, store gaming, gaming shop, shop gaming, gaming retailer, retailer gaming, gaming where to buy, where to buy gaming, gaming worst, worst gaming, gaming quality, quality gaming, gaming original, original gaming, gaming genuine, genuine gaming, gaming fake, fake gaming, gaming replica, replica gaming, gaming authentic, authentic gaming, gaming brand, brand gaming, gaming manufacturer, manufacturer gaming, gaming company, company gaming, gaming product, product gaming, gaming nvidia product, nvidia product gaming, gaming sell nvidia, sell nvidia gaming, gaming buy nvidia, buy nvidia gaming, gaming cheap nvidia, cheap nvidia gaming, gaming best nvidia, best nvidia gaming, gaming nvidia review, nvidia review gaming, gaming where to buy nvidia, where to buy nvidia gaming, gaming how to choose nvidia, how to choose nvidia gaming, gaming top nvidia, top nvidia gaming, gaming nvidia guide, nvidia guide gaming, gaming nvidia for sale, nvidia for sale gaming, gaming nvidia deals, nvidia deals gaming
2026-09-02 04:17:14,133 - INFO - Expanded 220 seed keywords to 385 variations
2026-09-02 04:17:14,133 - INFO - Language: en
2026-09-02 04:17:14,133 - INFO - Region: us
2026-09-02 04:21:43,659 - INFO - 🎯 After all filtering for 'nvidia': 120 relevant keywords
2026-09-02 04:21:43,991 - INFO - 🎯 Found 5 new keywords for niche 'nvidia': nvidia affordable electric-shaver, cheap affordable electric-shaver, best affordable electric-shaver, how to affordable electric-shaver, nvidia affordable gaming
2026-09-02 04:22:00,007 - INFO - ✅ Niche 'nvidia' process complete! 867 total keyword results.
2026-09-02 04:22:00,008 - INFO - ✅ Completed processing niche: 'nvidia'
2026-09-02 04:22:00,008 - INFO - 🔧 Request Handler final stats - Success rate: 100.0%
2026-09-02 04:22:00,008 - INFO -    Total requests: 186098, Blocks: 1
2026-09-02 04:22:00,009 - INFO - 
========================================
2026-09-02 04:22:00,009 - INFO - Process Summary:
2026-09-02 04:22:00,009 - INFO - - Current niche: 'nvidia'
2026-09-02 04:22:00,009 - INFO - - Next niche will be: 'amd'
2026-09-02 04:22:00,009 - INFO - - Keywords saved in: languages/english/keywords/nvidia/
2026-09-02 04:22:00,010 - INFO - ========================================
