2026-10-07 01:01:04,825 - INFO - Log file created at: /home/runner/work/potensitech.com/potensitech.com/languages/english/keywords/logs/kw_search_20261007_010104.log
2026-10-07 01:01:04,825 - INFO - ============================================================
2026-10-07 01:01:04,825 - INFO - AUTOMATIC KEYWORD RESEARCH TOOL
2026-10-07 01:01:04,825 - INFO - ============================================================
2026-10-07 01:01:05,233 - INFO - ========================================
2026-10-07 01:01:05,233 - INFO - Found 14 niches to process: xiaomi, iphone, samsung, apple, sony, asus, philips, sandisk, intel, nvidia, amd, canon, nikon, huawei
2026-10-07 01:01:05,233 - INFO - ========================================
2026-10-07 01:01:05,233 - INFO - Continuing from last processed niche: philips
2026-10-07 01:01:05,233 - INFO - ========================================
2026-10-07 01:01:05,233 - INFO - 🎯 PROCESSING NICHE 8/14: 'sandisk'
2026-10-07 01:01:05,233 - INFO - ========================================
2026-10-07 01:01:05,233 - INFO - 📁 Niche directory: /home/runner/work/potensitech.com/potensitech.com/languages/english/keywords/sandisk
2026-10-07 01:01:05,233 - INFO - Selected region: us
2026-10-07 01:01:05,233 - INFO - Selected language: en
2026-10-07 01:01:05,233 - INFO - 🎯 Current niche: sandisk
2026-10-07 01:01:15,963 - INFO - 🎯 Niche terms for filtering: sandisk, cheap, best, latest, review, price, sell, buy, recommendation, tips, tutorial, guide, how to, vs, versus, compared to, comparison, alternatives, which is better, expensive, discount, deals, sale, affordable, cost, online, offline, marketplace, store, shop, retailer, where to buy, worst, quality, original, genuine, fake, replica, authentic, brand, manufacturer, company, product, sandisk product, sell sandisk, buy sandisk, cheap sandisk, best sandisk, sandisk review, where to buy sandisk, how to choose sandisk, top sandisk, sandisk guide, sandisk for sale, sandisk deals
2026-10-07 01:01:15,963 - INFO - Generated 50 niche-clue pairs for 'sandisk'.
2026-10-07 01:01:15,966 - INFO - Expanded 50 seed keywords to 218 variations
2026-10-07 01:01:15,966 - INFO - 🔧 Request Handler initialized - Success rate: 100.0%
2026-10-07 01:05:37,597 - INFO - Original clue keywords: fast charging, autofocus precision
2026-10-07 01:05:37,597 - INFO - Niche-focused seeds: fast charging sandisk, sandisk fast charging, fast charging cheap, cheap fast charging, fast charging best, best fast charging, fast charging latest, latest fast charging, fast charging review, review fast charging, fast charging price, price fast charging, fast charging sell, sell fast charging, fast charging buy, buy fast charging, fast charging recommendation, recommendation fast charging, fast charging tips, tips fast charging, fast charging tutorial, tutorial fast charging, fast charging guide, guide fast charging, fast charging how to, how to fast charging, fast charging vs, vs fast charging, fast charging versus, versus fast charging, fast charging compared to, compared to fast charging, fast charging comparison, comparison fast charging, fast charging alternatives, alternatives fast charging, fast charging which is better, which is better fast charging, fast charging expensive, expensive fast charging, fast charging discount, discount fast charging, fast charging deals, deals fast charging, fast charging sale, sale fast charging, fast charging affordable, affordable fast charging, fast charging cost, cost fast charging, fast charging online, online fast charging, fast charging offline, offline fast charging, fast charging marketplace, marketplace fast charging, fast charging store, store fast charging, fast charging shop, shop fast charging, fast charging retailer, retailer fast charging, fast charging where to buy, where to buy fast charging, fast charging worst, worst fast charging, fast charging quality, quality fast charging, fast charging original, original fast charging, fast charging genuine, genuine fast charging, fast charging fake, fake fast charging, fast charging replica, replica fast charging, fast charging authentic, authentic fast charging, fast charging brand, brand fast charging, fast charging manufacturer, manufacturer fast charging, fast charging company, company fast charging, fast charging product, product fast charging, fast charging sandisk product, sandisk product fast charging, fast charging sell sandisk, sell sandisk fast charging, fast charging buy sandisk, buy sandisk fast charging, fast charging cheap sandisk, cheap sandisk fast charging, fast charging best sandisk, best sandisk fast charging, fast charging sandisk review, sandisk review fast charging, fast charging where to buy sandisk, where to buy sandisk fast charging, fast charging how to choose sandisk, how to choose sandisk fast charging, fast charging top sandisk, top sandisk fast charging, fast charging sandisk guide, sandisk guide fast charging, fast charging sandisk for sale, sandisk for sale fast charging, fast charging sandisk deals, sandisk deals fast charging, autofocus precision sandisk, sandisk autofocus precision, autofocus precision cheap, cheap autofocus precision, autofocus precision best, best autofocus precision, autofocus precision latest, latest autofocus precision, autofocus precision review, review autofocus precision, autofocus precision price, price autofocus precision, autofocus precision sell, sell autofocus precision, autofocus precision buy, buy autofocus precision, autofocus precision recommendation, recommendation autofocus precision, autofocus precision tips, tips autofocus precision, autofocus precision tutorial, tutorial autofocus precision, autofocus precision guide, guide autofocus precision, autofocus precision how to, how to autofocus precision, autofocus precision vs, vs autofocus precision, autofocus precision versus, versus autofocus precision, autofocus precision compared to, compared to autofocus precision, autofocus precision comparison, comparison autofocus precision, autofocus precision alternatives, alternatives autofocus precision, autofocus precision which is better, which is better autofocus precision, autofocus precision expensive, expensive autofocus precision, autofocus precision discount, discount autofocus precision, autofocus precision deals, deals autofocus precision, autofocus precision sale, sale autofocus precision, autofocus precision affordable, affordable autofocus precision, autofocus precision cost, cost autofocus precision, autofocus precision online, online autofocus precision, autofocus precision offline, offline autofocus precision, autofocus precision marketplace, marketplace autofocus precision, autofocus precision store, store autofocus precision, autofocus precision shop, shop autofocus precision, autofocus precision retailer, retailer autofocus precision, autofocus precision where to buy, where to buy autofocus precision, autofocus precision worst, worst autofocus precision, autofocus precision quality, quality autofocus precision, autofocus precision original, original autofocus precision, autofocus precision genuine, genuine autofocus precision, autofocus precision fake, fake autofocus precision, autofocus precision replica, replica autofocus precision, autofocus precision authentic, authentic autofocus precision, autofocus precision brand, brand autofocus precision, autofocus precision manufacturer, manufacturer autofocus precision, autofocus precision company, company autofocus precision, autofocus precision product, product autofocus precision, autofocus precision sandisk product, sandisk product autofocus precision, autofocus precision sell sandisk, sell sandisk autofocus precision, autofocus precision buy sandisk, buy sandisk autofocus precision, autofocus precision cheap sandisk, cheap sandisk autofocus precision, autofocus precision best sandisk, best sandisk autofocus precision, autofocus precision sandisk review, sandisk review autofocus precision, autofocus precision where to buy sandisk, where to buy sandisk autofocus precision, autofocus precision how to choose sandisk, how to choose sandisk autofocus precision, autofocus precision top sandisk, top sandisk autofocus precision, autofocus precision sandisk guide, sandisk guide autofocus precision, autofocus precision sandisk for sale, sandisk for sale autofocus precision, autofocus precision sandisk deals, sandisk deals autofocus precision
2026-10-07 01:05:37,600 - INFO - Expanded 220 seed keywords to 385 variations
2026-10-07 01:05:37,600 - INFO - Language: en
2026-10-07 01:05:37,600 - INFO - Region: us
2026-10-07 01:09:14,031 - INFO - 🎯 After all filtering for 'sandisk': 120 relevant keywords
2026-10-07 01:09:15,303 - INFO - 🎯 Found 5 new keywords for niche 'sandisk': sandisk affordable autofocus precision, sandisk affordable fast charging, cheap alternatives autofocus precision, cheap alternatives fast charging, best authentic autofocus precision
2026-10-07 01:09:31,315 - INFO - ✅ Niche 'sandisk' process complete! 881 total keyword results.
2026-10-07 01:09:31,315 - INFO - ✅ Completed processing niche: 'sandisk'
2026-10-07 01:09:31,315 - INFO - 🔧 Request Handler final stats - Success rate: 100.0%
2026-10-07 01:09:31,315 - INFO -    Total requests: 216305, Blocks: 1
2026-10-07 01:09:31,316 - INFO - 
========================================
2026-10-07 01:09:31,316 - INFO - Process Summary:
2026-10-07 01:09:31,316 - INFO - - Current niche: 'sandisk'
2026-10-07 01:09:31,317 - INFO - - Next niche will be: 'intel'
2026-10-07 01:09:31,317 - INFO - - Keywords saved in: languages/english/keywords/sandisk/
2026-10-07 01:09:31,317 - INFO - ========================================
