2026-09-15 04:40:47,343 - INFO - Log file created at: /home/runner/work/potensitech.com/potensitech.com/languages/english/keywords/logs/kw_search_20260915_044047.log
2026-09-15 04:40:47,343 - INFO - ============================================================
2026-09-15 04:40:47,343 - INFO - AUTOMATIC KEYWORD RESEARCH TOOL
2026-09-15 04:40:47,343 - INFO - ============================================================
2026-09-15 04:40:47,722 - INFO - ========================================
2026-09-15 04:40:47,722 - INFO - Found 14 niches to process: xiaomi, iphone, samsung, apple, sony, asus, philips, sandisk, intel, nvidia, amd, canon, nikon, huawei
2026-09-15 04:40:47,722 - INFO - ========================================
2026-09-15 04:40:47,722 - INFO - Continuing from last processed niche: canon
2026-09-15 04:40:47,722 - INFO - ========================================
2026-09-15 04:40:47,722 - INFO - 🎯 PROCESSING NICHE 13/14: 'nikon'
2026-09-15 04:40:47,722 - INFO - ========================================
2026-09-15 04:40:47,722 - INFO - 📁 Niche directory: /home/runner/work/potensitech.com/potensitech.com/languages/english/keywords/nikon
2026-09-15 04:40:47,723 - INFO - Selected region: us
2026-09-15 04:40:47,723 - INFO - Selected language: en
2026-09-15 04:40:47,723 - INFO - 🎯 Current niche: nikon
2026-09-15 04:40:59,026 - INFO - 🎯 Niche terms for filtering: nikon, cheap, best, latest, review, price, sell, buy, recommendation, tips, tutorial, guide, how to, vs, versus, compared to, comparison, alternatives, which is better, expensive, discount, deals, sale, affordable, cost, online, offline, marketplace, store, shop, retailer, where to buy, worst, quality, original, genuine, fake, replica, authentic, brand, manufacturer, company, product, nikon product, sell nikon, buy nikon, cheap nikon, best nikon, nikon review, where to buy nikon, how to choose nikon, top nikon, nikon guide, nikon for sale, nikon deals
2026-09-15 04:40:59,026 - INFO - Generated 50 niche-clue pairs for 'nikon'.
2026-09-15 04:40:59,030 - INFO - Expanded 50 seed keywords to 218 variations
2026-09-15 04:40:59,031 - INFO - 🔧 Request Handler initialized - Success rate: 100.0%
2026-09-15 04:45:21,714 - INFO - Original clue keywords: audio systems, smart lighting
2026-09-15 04:45:21,714 - INFO - Niche-focused seeds: audio systems nikon, nikon audio systems, audio systems cheap, cheap audio systems, audio systems best, best audio systems, audio systems latest, latest audio systems, audio systems review, review audio systems, audio systems price, price audio systems, audio systems sell, sell audio systems, audio systems buy, buy audio systems, audio systems recommendation, recommendation audio systems, audio systems tips, tips audio systems, audio systems tutorial, tutorial audio systems, audio systems guide, guide audio systems, audio systems how to, how to audio systems, audio systems vs, vs audio systems, audio systems versus, versus audio systems, audio systems compared to, compared to audio systems, audio systems comparison, comparison audio systems, audio systems alternatives, alternatives audio systems, audio systems which is better, which is better audio systems, audio systems expensive, expensive audio systems, audio systems discount, discount audio systems, audio systems deals, deals audio systems, audio systems sale, sale audio systems, audio systems affordable, affordable audio systems, audio systems cost, cost audio systems, audio systems online, online audio systems, audio systems offline, offline audio systems, audio systems marketplace, marketplace audio systems, audio systems store, store audio systems, audio systems shop, shop audio systems, audio systems retailer, retailer audio systems, audio systems where to buy, where to buy audio systems, audio systems worst, worst audio systems, audio systems quality, quality audio systems, audio systems original, original audio systems, audio systems genuine, genuine audio systems, audio systems fake, fake audio systems, audio systems replica, replica audio systems, audio systems authentic, authentic audio systems, audio systems brand, brand audio systems, audio systems manufacturer, manufacturer audio systems, audio systems company, company audio systems, audio systems product, product audio systems, audio systems nikon product, nikon product audio systems, audio systems sell nikon, sell nikon audio systems, audio systems buy nikon, buy nikon audio systems, audio systems cheap nikon, cheap nikon audio systems, audio systems best nikon, best nikon audio systems, audio systems nikon review, nikon review audio systems, audio systems where to buy nikon, where to buy nikon audio systems, audio systems how to choose nikon, how to choose nikon audio systems, audio systems top nikon, top nikon audio systems, audio systems nikon guide, nikon guide audio systems, audio systems nikon for sale, nikon for sale audio systems, audio systems nikon deals, nikon deals audio systems, smart lighting nikon, nikon smart lighting, smart lighting cheap, cheap smart lighting, smart lighting best, best smart lighting, smart lighting latest, latest smart lighting, smart lighting review, review smart lighting, smart lighting price, price smart lighting, smart lighting sell, sell smart lighting, smart lighting buy, buy smart lighting, smart lighting recommendation, recommendation smart lighting, smart lighting tips, tips smart lighting, smart lighting tutorial, tutorial smart lighting, smart lighting guide, guide smart lighting, smart lighting how to, how to smart lighting, smart lighting vs, vs smart lighting, smart lighting versus, versus smart lighting, smart lighting compared to, compared to smart lighting, smart lighting comparison, comparison smart lighting, smart lighting alternatives, alternatives smart lighting, smart lighting which is better, which is better smart lighting, smart lighting expensive, expensive smart lighting, smart lighting discount, discount smart lighting, smart lighting deals, deals smart lighting, smart lighting sale, sale smart lighting, smart lighting affordable, affordable smart lighting, smart lighting cost, cost smart lighting, smart lighting online, online smart lighting, smart lighting offline, offline smart lighting, smart lighting marketplace, marketplace smart lighting, smart lighting store, store smart lighting, smart lighting shop, shop smart lighting, smart lighting retailer, retailer smart lighting, smart lighting where to buy, where to buy smart lighting, smart lighting worst, worst smart lighting, smart lighting quality, quality smart lighting, smart lighting original, original smart lighting, smart lighting genuine, genuine smart lighting, smart lighting fake, fake smart lighting, smart lighting replica, replica smart lighting, smart lighting authentic, authentic smart lighting, smart lighting brand, brand smart lighting, smart lighting manufacturer, manufacturer smart lighting, smart lighting company, company smart lighting, smart lighting product, product smart lighting, smart lighting nikon product, nikon product smart lighting, smart lighting sell nikon, sell nikon smart lighting, smart lighting buy nikon, buy nikon smart lighting, smart lighting cheap nikon, cheap nikon smart lighting, smart lighting best nikon, best nikon smart lighting, smart lighting nikon review, nikon review smart lighting, smart lighting where to buy nikon, where to buy nikon smart lighting, smart lighting how to choose nikon, how to choose nikon smart lighting, smart lighting top nikon, top nikon smart lighting, smart lighting nikon guide, nikon guide smart lighting, smart lighting nikon for sale, nikon for sale smart lighting, smart lighting nikon deals, nikon deals smart lighting
2026-09-15 04:45:21,718 - INFO - Expanded 220 seed keywords to 385 variations
2026-09-15 04:45:21,718 - INFO - Language: en
2026-09-15 04:45:21,718 - INFO - Region: us
2026-09-15 04:49:57,143 - INFO - 🎯 After all filtering for 'nikon': 120 relevant keywords
2026-09-15 04:49:58,925 - INFO - 🎯 Found 5 new keywords for niche 'nikon': nikon affordable audio systems, nikon affordable smart lighting, cheap alternatives audio systems, alternatives smart lighting cheap, best audio systems authentic
2026-09-15 04:50:14,679 - INFO - ✅ Niche 'nikon' process complete! 706 total keyword results.
2026-09-15 04:50:14,679 - INFO - ✅ Completed processing niche: 'nikon'
2026-09-15 04:50:14,680 - INFO - 🔧 Request Handler final stats - Success rate: 100.0%
2026-09-15 04:50:14,680 - INFO -    Total requests: 197028, Blocks: 1
2026-09-15 04:50:14,681 - INFO - 
========================================
2026-09-15 04:50:14,681 - INFO - Process Summary:
2026-09-15 04:50:14,681 - INFO - - Current niche: 'nikon'
2026-09-15 04:50:14,681 - INFO - - Next niche will be: 'huawei'
2026-09-15 04:50:14,682 - INFO - - Keywords saved in: languages/english/keywords/nikon/
2026-09-15 04:50:14,682 - INFO - ========================================
