2026-09-08 21:49:45,742 - INFO - Log file created at: /home/runner/work/potensitech.com/potensitech.com/languages/english/keywords/logs/kw_search_20260908_214945.log
2026-09-08 21:49:45,742 - INFO - ============================================================
2026-09-08 21:49:45,742 - INFO - AUTOMATIC KEYWORD RESEARCH TOOL
2026-09-08 21:49:45,742 - INFO - ============================================================
2026-09-08 21:49:45,977 - INFO - ========================================
2026-09-08 21:49:45,977 - INFO - Found 14 niches to process: xiaomi, iphone, samsung, apple, sony, asus, philips, sandisk, intel, nvidia, amd, canon, nikon, huawei
2026-09-08 21:49:45,977 - INFO - ========================================
2026-09-08 21:49:45,977 - INFO - Continuing from last processed niche: asus
2026-09-08 21:49:45,977 - INFO - ========================================
2026-09-08 21:49:45,977 - INFO - 🎯 PROCESSING NICHE 7/14: 'philips'
2026-09-08 21:49:45,977 - INFO - ========================================
2026-09-08 21:49:45,977 - INFO - 📁 Niche directory: /home/runner/work/potensitech.com/potensitech.com/languages/english/keywords/philips
2026-09-08 21:49:45,978 - INFO - Selected region: us
2026-09-08 21:49:45,978 - INFO - Selected language: en
2026-09-08 21:49:45,978 - INFO - 🎯 Current niche: philips
2026-09-08 21:49:57,137 - INFO - 🎯 Niche terms for filtering: philips, cheap, best, latest, review, price, sell, buy, recommendation, tips, tutorial, guide, how to, vs, versus, compared to, comparison, alternatives, which is better, expensive, discount, deals, sale, affordable, cost, online, offline, marketplace, store, shop, retailer, where to buy, worst, quality, original, genuine, fake, replica, authentic, brand, manufacturer, company, product, philips product, sell philips, buy philips, cheap philips, best philips, philips review, where to buy philips, how to choose philips, top philips, philips guide, philips for sale, philips deals
2026-09-08 21:49:57,137 - INFO - Generated 50 niche-clue pairs for 'philips'.
2026-09-08 21:49:57,140 - INFO - Expanded 50 seed keywords to 218 variations
2026-09-08 21:49:57,140 - INFO - 🔧 Request Handler initialized - Success rate: 100.0%
2026-09-08 21:54:21,530 - INFO - Original clue keywords: core technology, chipset upgrade
2026-09-08 21:54:21,530 - INFO - Niche-focused seeds: core technology philips, philips core technology, core technology cheap, cheap core technology, core technology best, best core technology, core technology latest, latest core technology, core technology review, review core technology, core technology price, price core technology, core technology sell, sell core technology, core technology buy, buy core technology, core technology recommendation, recommendation core technology, core technology tips, tips core technology, core technology tutorial, tutorial core technology, core technology guide, guide core technology, core technology how to, how to core technology, core technology vs, vs core technology, core technology versus, versus core technology, core technology compared to, compared to core technology, core technology comparison, comparison core technology, core technology alternatives, alternatives core technology, core technology which is better, which is better core technology, core technology expensive, expensive core technology, core technology discount, discount core technology, core technology deals, deals core technology, core technology sale, sale core technology, core technology affordable, affordable core technology, core technology cost, cost core technology, core technology online, online core technology, core technology offline, offline core technology, core technology marketplace, marketplace core technology, core technology store, store core technology, core technology shop, shop core technology, core technology retailer, retailer core technology, core technology where to buy, where to buy core technology, core technology worst, worst core technology, core technology quality, quality core technology, core technology original, original core technology, core technology genuine, genuine core technology, core technology fake, fake core technology, core technology replica, replica core technology, core technology authentic, authentic core technology, core technology brand, brand core technology, core technology manufacturer, manufacturer core technology, core technology company, company core technology, core technology product, product core technology, core technology philips product, philips product core technology, core technology sell philips, sell philips core technology, core technology buy philips, buy philips core technology, core technology cheap philips, cheap philips core technology, core technology best philips, best philips core technology, core technology philips review, philips review core technology, core technology where to buy philips, where to buy philips core technology, core technology how to choose philips, how to choose philips core technology, core technology top philips, top philips core technology, core technology philips guide, philips guide core technology, core technology philips for sale, philips for sale core technology, core technology philips deals, philips deals core technology, chipset upgrade philips, philips chipset upgrade, chipset upgrade cheap, cheap chipset upgrade, chipset upgrade best, best chipset upgrade, chipset upgrade latest, latest chipset upgrade, chipset upgrade review, review chipset upgrade, chipset upgrade price, price chipset upgrade, chipset upgrade sell, sell chipset upgrade, chipset upgrade buy, buy chipset upgrade, chipset upgrade recommendation, recommendation chipset upgrade, chipset upgrade tips, tips chipset upgrade, chipset upgrade tutorial, tutorial chipset upgrade, chipset upgrade guide, guide chipset upgrade, chipset upgrade how to, how to chipset upgrade, chipset upgrade vs, vs chipset upgrade, chipset upgrade versus, versus chipset upgrade, chipset upgrade compared to, compared to chipset upgrade, chipset upgrade comparison, comparison chipset upgrade, chipset upgrade alternatives, alternatives chipset upgrade, chipset upgrade which is better, which is better chipset upgrade, chipset upgrade expensive, expensive chipset upgrade, chipset upgrade discount, discount chipset upgrade, chipset upgrade deals, deals chipset upgrade, chipset upgrade sale, sale chipset upgrade, chipset upgrade affordable, affordable chipset upgrade, chipset upgrade cost, cost chipset upgrade, chipset upgrade online, online chipset upgrade, chipset upgrade offline, offline chipset upgrade, chipset upgrade marketplace, marketplace chipset upgrade, chipset upgrade store, store chipset upgrade, chipset upgrade shop, shop chipset upgrade, chipset upgrade retailer, retailer chipset upgrade, chipset upgrade where to buy, where to buy chipset upgrade, chipset upgrade worst, worst chipset upgrade, chipset upgrade quality, quality chipset upgrade, chipset upgrade original, original chipset upgrade, chipset upgrade genuine, genuine chipset upgrade, chipset upgrade fake, fake chipset upgrade, chipset upgrade replica, replica chipset upgrade, chipset upgrade authentic, authentic chipset upgrade, chipset upgrade brand, brand chipset upgrade, chipset upgrade manufacturer, manufacturer chipset upgrade, chipset upgrade company, company chipset upgrade, chipset upgrade product, product chipset upgrade, chipset upgrade philips product, philips product chipset upgrade, chipset upgrade sell philips, sell philips chipset upgrade, chipset upgrade buy philips, buy philips chipset upgrade, chipset upgrade cheap philips, cheap philips chipset upgrade, chipset upgrade best philips, best philips chipset upgrade, chipset upgrade philips review, philips review chipset upgrade, chipset upgrade where to buy philips, where to buy philips chipset upgrade, chipset upgrade how to choose philips, how to choose philips chipset upgrade, chipset upgrade top philips, top philips chipset upgrade, chipset upgrade philips guide, philips guide chipset upgrade, chipset upgrade philips for sale, philips for sale chipset upgrade, chipset upgrade philips deals, philips deals chipset upgrade
2026-09-08 21:54:21,532 - INFO - Expanded 220 seed keywords to 385 variations
2026-09-08 21:54:21,532 - INFO - Language: en
2026-09-08 21:54:21,532 - INFO - Region: us
2026-09-08 21:56:47,498 - INFO - 🎯 After all filtering for 'philips': 120 relevant keywords
2026-09-08 21:56:48,706 - INFO - 🎯 Found 5 new keywords for niche 'philips': philips affordable chipset upgrade, philips affordable core technology, cheap alternatives chipset upgrade, best authentic chipset upgrade, how to brand chipset upgrade
2026-09-08 21:57:05,404 - INFO - ✅ Niche 'philips' process complete! 724 total keyword results.
2026-09-08 21:57:05,405 - INFO - ✅ Completed processing niche: 'philips'
2026-09-08 21:57:05,405 - INFO - 🔧 Request Handler final stats - Success rate: 100.0%
2026-09-08 21:57:05,405 - INFO -    Total requests: 191692, Blocks: 1
2026-09-08 21:57:05,405 - INFO - 
========================================
2026-09-08 21:57:05,406 - INFO - Process Summary:
2026-09-08 21:57:05,406 - INFO - - Current niche: 'philips'
2026-09-08 21:57:05,406 - INFO - - Next niche will be: 'sandisk'
2026-09-08 21:57:05,406 - INFO - - Keywords saved in: languages/english/keywords/philips/
2026-09-08 21:57:05,406 - INFO - ========================================
