2026-09-30 10:46:15,480 - INFO - Log file created at: /home/runner/work/potensitech.com/potensitech.com/languages/english/keywords/logs/kw_search_20260930_104615.log
2026-09-30 10:46:15,480 - INFO - ============================================================
2026-09-30 10:46:15,480 - INFO - AUTOMATIC KEYWORD RESEARCH TOOL
2026-09-30 10:46:15,480 - INFO - ============================================================
2026-09-30 10:46:15,917 - INFO - ========================================
2026-09-30 10:46:15,917 - INFO - Found 14 niches to process: xiaomi, iphone, samsung, apple, sony, asus, philips, sandisk, intel, nvidia, amd, canon, nikon, huawei
2026-09-30 10:46:15,917 - INFO - ========================================
2026-09-30 10:46:15,917 - INFO - Continuing from last processed niche: nvidia
2026-09-30 10:46:15,917 - INFO - ========================================
2026-09-30 10:46:15,917 - INFO - 🎯 PROCESSING NICHE 11/14: 'amd'
2026-09-30 10:46:15,917 - INFO - ========================================
2026-09-30 10:46:15,917 - INFO - 📁 Niche directory: /home/runner/work/potensitech.com/potensitech.com/languages/english/keywords/amd
2026-09-30 10:46:15,917 - INFO - Selected region: us
2026-09-30 10:46:15,917 - INFO - Selected language: en
2026-09-30 10:46:15,918 - INFO - 🎯 Current niche: amd
2026-09-30 10:46:26,812 - INFO - 🎯 Niche terms for filtering: amd, cheap, best, latest, review, price, sell, buy, recommendation, tips, tutorial, guide, how to, vs, versus, compared to, comparison, alternatives, which is better, expensive, discount, deals, sale, affordable, cost, online, offline, marketplace, store, shop, retailer, where to buy, worst, quality, original, genuine, fake, replica, authentic, brand, manufacturer, company, product, amd product, sell amd, buy amd, cheap amd, best amd, amd review, where to buy amd, how to choose amd, top amd, amd guide, amd for sale, amd deals
2026-09-30 10:46:26,813 - INFO - Generated 50 niche-clue pairs for 'amd'.
2026-09-30 10:46:26,816 - INFO - Expanded 50 seed keywords to 218 variations
2026-09-30 10:46:26,817 - INFO - 🔧 Request Handler initialized - Success rate: 100.0%
2026-09-30 10:50:50,147 - INFO - Original clue keywords: smartphone storage, gaming performance
2026-09-30 10:50:50,147 - INFO - Niche-focused seeds: smartphone storage amd, amd smartphone storage, smartphone storage cheap, cheap smartphone storage, smartphone storage best, best smartphone storage, smartphone storage latest, latest smartphone storage, smartphone storage review, review smartphone storage, smartphone storage price, price smartphone storage, smartphone storage sell, sell smartphone storage, smartphone storage buy, buy smartphone storage, smartphone storage recommendation, recommendation smartphone storage, smartphone storage tips, tips smartphone storage, smartphone storage tutorial, tutorial smartphone storage, smartphone storage guide, guide smartphone storage, smartphone storage how to, how to smartphone storage, smartphone storage vs, vs smartphone storage, smartphone storage versus, versus smartphone storage, smartphone storage compared to, compared to smartphone storage, smartphone storage comparison, comparison smartphone storage, smartphone storage alternatives, alternatives smartphone storage, smartphone storage which is better, which is better smartphone storage, smartphone storage expensive, expensive smartphone storage, smartphone storage discount, discount smartphone storage, smartphone storage deals, deals smartphone storage, smartphone storage sale, sale smartphone storage, smartphone storage affordable, affordable smartphone storage, smartphone storage cost, cost smartphone storage, smartphone storage online, online smartphone storage, smartphone storage offline, offline smartphone storage, smartphone storage marketplace, marketplace smartphone storage, smartphone storage store, store smartphone storage, smartphone storage shop, shop smartphone storage, smartphone storage retailer, retailer smartphone storage, smartphone storage where to buy, where to buy smartphone storage, smartphone storage worst, worst smartphone storage, smartphone storage quality, quality smartphone storage, smartphone storage original, original smartphone storage, smartphone storage genuine, genuine smartphone storage, smartphone storage fake, fake smartphone storage, smartphone storage replica, replica smartphone storage, smartphone storage authentic, authentic smartphone storage, smartphone storage brand, brand smartphone storage, smartphone storage manufacturer, manufacturer smartphone storage, smartphone storage company, company smartphone storage, smartphone storage product, product smartphone storage, smartphone storage amd product, amd product smartphone storage, smartphone storage sell amd, sell amd smartphone storage, smartphone storage buy amd, buy amd smartphone storage, smartphone storage cheap amd, cheap amd smartphone storage, smartphone storage best amd, best amd smartphone storage, smartphone storage amd review, amd review smartphone storage, smartphone storage where to buy amd, where to buy amd smartphone storage, smartphone storage how to choose amd, how to choose amd smartphone storage, smartphone storage top amd, top amd smartphone storage, smartphone storage amd guide, amd guide smartphone storage, smartphone storage amd for sale, amd for sale smartphone storage, smartphone storage amd deals, amd deals smartphone storage, gaming performance amd, amd gaming performance, gaming performance cheap, cheap gaming performance, gaming performance best, best gaming performance, gaming performance latest, latest gaming performance, gaming performance review, review gaming performance, gaming performance price, price gaming performance, gaming performance sell, sell gaming performance, gaming performance buy, buy gaming performance, gaming performance recommendation, recommendation gaming performance, gaming performance tips, tips gaming performance, gaming performance tutorial, tutorial gaming performance, gaming performance guide, guide gaming performance, gaming performance how to, how to gaming performance, gaming performance vs, vs gaming performance, gaming performance versus, versus gaming performance, gaming performance compared to, compared to gaming performance, gaming performance comparison, comparison gaming performance, gaming performance alternatives, alternatives gaming performance, gaming performance which is better, which is better gaming performance, gaming performance expensive, expensive gaming performance, gaming performance discount, discount gaming performance, gaming performance deals, deals gaming performance, gaming performance sale, sale gaming performance, gaming performance affordable, affordable gaming performance, gaming performance cost, cost gaming performance, gaming performance online, online gaming performance, gaming performance offline, offline gaming performance, gaming performance marketplace, marketplace gaming performance, gaming performance store, store gaming performance, gaming performance shop, shop gaming performance, gaming performance retailer, retailer gaming performance, gaming performance where to buy, where to buy gaming performance, gaming performance worst, worst gaming performance, gaming performance quality, quality gaming performance, gaming performance original, original gaming performance, gaming performance genuine, genuine gaming performance, gaming performance fake, fake gaming performance, gaming performance replica, replica gaming performance, gaming performance authentic, authentic gaming performance, gaming performance brand, brand gaming performance, gaming performance manufacturer, manufacturer gaming performance, gaming performance company, company gaming performance, gaming performance product, product gaming performance, gaming performance amd product, amd product gaming performance, gaming performance sell amd, sell amd gaming performance, gaming performance buy amd, buy amd gaming performance, gaming performance cheap amd, cheap amd gaming performance, gaming performance best amd, best amd gaming performance, gaming performance amd review, amd review gaming performance, gaming performance where to buy amd, where to buy amd gaming performance, gaming performance how to choose amd, how to choose amd gaming performance, gaming performance top amd, top amd gaming performance, gaming performance amd guide, amd guide gaming performance, gaming performance amd for sale, amd for sale gaming performance, gaming performance amd deals, amd deals gaming performance
2026-09-30 10:50:50,151 - INFO - Expanded 220 seed keywords to 385 variations
2026-09-30 10:50:50,151 - INFO - Language: en
2026-09-30 10:50:50,151 - INFO - Region: us
2026-09-30 10:55:20,225 - INFO - 🎯 After all filtering for 'amd': 120 relevant keywords
2026-09-30 10:55:21,885 - INFO - 🎯 Found 5 new keywords for niche 'amd': amd affordable gaming performance, amd affordable smartphone storage, cheap alternatives smartphone storage, best authentic smartphone storage, how to brand smartphone storage
2026-09-30 10:55:38,460 - INFO - ✅ Niche 'amd' process complete! 817 total keyword results.
2026-09-30 10:55:38,461 - INFO - ✅ Completed processing niche: 'amd'
2026-09-30 10:55:38,461 - INFO - 🔧 Request Handler final stats - Success rate: 100.0%
2026-09-30 10:55:38,461 - INFO -    Total requests: 210157, Blocks: 1
2026-09-30 10:55:38,462 - INFO - 
========================================
2026-09-30 10:55:38,462 - INFO - Process Summary:
2026-09-30 10:55:38,462 - INFO - - Current niche: 'amd'
2026-09-30 10:55:38,462 - INFO - - Next niche will be: 'canon'
2026-09-30 10:55:38,462 - INFO - - Keywords saved in: languages/english/keywords/amd/
2026-09-30 10:55:38,463 - INFO - ========================================
