2026-09-01 17:51:51,350 - INFO - Log file created at: /home/runner/work/potensitech.com/potensitech.com/languages/english/keywords/logs/kw_search_20260901_175151.log
2026-09-01 17:51:51,350 - INFO - ============================================================
2026-09-01 17:51:51,350 - INFO - AUTOMATIC KEYWORD RESEARCH TOOL
2026-09-01 17:51:51,350 - INFO - ============================================================
2026-09-01 17:51:51,658 - INFO - ========================================
2026-09-01 17:51:51,658 - INFO - Found 14 niches to process: xiaomi, iphone, samsung, apple, sony, asus, philips, sandisk, intel, nvidia, amd, canon, nikon, huawei
2026-09-01 17:51:51,658 - INFO - ========================================
2026-09-01 17:51:51,658 - INFO - Continuing from last processed niche: sony
2026-09-01 17:51:51,658 - INFO - ========================================
2026-09-01 17:51:51,658 - INFO - 🎯 PROCESSING NICHE 6/14: 'asus'
2026-09-01 17:51:51,658 - INFO - ========================================
2026-09-01 17:51:51,658 - INFO - 📁 Niche directory: /home/runner/work/potensitech.com/potensitech.com/languages/english/keywords/asus
2026-09-01 17:51:51,658 - INFO - Selected region: us
2026-09-01 17:51:51,658 - INFO - Selected language: en
2026-09-01 17:51:51,659 - INFO - 🎯 Current niche: asus
2026-09-01 17:52:03,044 - INFO - 🎯 Niche terms for filtering: asus, cheap, best, latest, review, price, sell, buy, recommendation, tips, tutorial, guide, how to, vs, versus, compared to, comparison, alternatives, which is better, expensive, discount, deals, sale, affordable, cost, online, offline, marketplace, store, shop, retailer, where to buy, worst, quality, original, genuine, fake, replica, authentic, brand, manufacturer, company, product, asus product, sell asus, buy asus, cheap asus, best asus, asus review, where to buy asus, how to choose asus, top asus, asus guide, asus for sale, asus deals
2026-09-01 17:52:03,044 - INFO - Generated 50 niche-clue pairs for 'asus'.
2026-09-01 17:52:03,047 - INFO - Expanded 50 seed keywords to 218 variations
2026-09-01 17:52:03,048 - INFO - 🔧 Request Handler initialized - Success rate: 100.0%
2026-09-01 17:56:29,262 - INFO - Original clue keywords: electric-shaver, gaming
2026-09-01 17:56:29,262 - INFO - Niche-focused seeds: electric-shaver asus, asus electric-shaver, electric-shaver cheap, cheap electric-shaver, electric-shaver best, best electric-shaver, electric-shaver latest, latest electric-shaver, electric-shaver review, review electric-shaver, electric-shaver price, price electric-shaver, electric-shaver sell, sell electric-shaver, electric-shaver buy, buy electric-shaver, electric-shaver recommendation, recommendation electric-shaver, electric-shaver tips, tips electric-shaver, electric-shaver tutorial, tutorial electric-shaver, electric-shaver guide, guide electric-shaver, electric-shaver how to, how to electric-shaver, electric-shaver vs, vs electric-shaver, electric-shaver versus, versus electric-shaver, electric-shaver compared to, compared to electric-shaver, electric-shaver comparison, comparison electric-shaver, electric-shaver alternatives, alternatives electric-shaver, electric-shaver which is better, which is better electric-shaver, electric-shaver expensive, expensive electric-shaver, electric-shaver discount, discount electric-shaver, electric-shaver deals, deals electric-shaver, electric-shaver sale, sale electric-shaver, electric-shaver affordable, affordable electric-shaver, electric-shaver cost, cost electric-shaver, electric-shaver online, online electric-shaver, electric-shaver offline, offline electric-shaver, electric-shaver marketplace, marketplace electric-shaver, electric-shaver store, store electric-shaver, electric-shaver shop, shop electric-shaver, electric-shaver retailer, retailer electric-shaver, electric-shaver where to buy, where to buy electric-shaver, electric-shaver worst, worst electric-shaver, electric-shaver quality, quality electric-shaver, electric-shaver original, original electric-shaver, electric-shaver genuine, genuine electric-shaver, electric-shaver fake, fake electric-shaver, electric-shaver replica, replica electric-shaver, electric-shaver authentic, authentic electric-shaver, electric-shaver brand, brand electric-shaver, electric-shaver manufacturer, manufacturer electric-shaver, electric-shaver company, company electric-shaver, electric-shaver product, product electric-shaver, electric-shaver asus product, asus product electric-shaver, electric-shaver sell asus, sell asus electric-shaver, electric-shaver buy asus, buy asus electric-shaver, electric-shaver cheap asus, cheap asus electric-shaver, electric-shaver best asus, best asus electric-shaver, electric-shaver asus review, asus review electric-shaver, electric-shaver where to buy asus, where to buy asus electric-shaver, electric-shaver how to choose asus, how to choose asus electric-shaver, electric-shaver top asus, top asus electric-shaver, electric-shaver asus guide, asus guide electric-shaver, electric-shaver asus for sale, asus for sale electric-shaver, electric-shaver asus deals, asus deals electric-shaver, gaming asus, asus gaming, gaming cheap, cheap gaming, gaming best, best gaming, gaming latest, latest gaming, gaming review, review gaming, gaming price, price gaming, gaming sell, sell gaming, gaming buy, buy gaming, gaming recommendation, recommendation gaming, gaming tips, tips gaming, gaming tutorial, tutorial gaming, gaming guide, guide gaming, gaming how to, how to gaming, gaming vs, vs gaming, gaming versus, versus gaming, gaming compared to, compared to gaming, gaming comparison, comparison gaming, gaming alternatives, alternatives gaming, gaming which is better, which is better gaming, gaming expensive, expensive gaming, gaming discount, discount gaming, gaming deals, deals gaming, gaming sale, sale gaming, gaming affordable, affordable gaming, gaming cost, cost gaming, gaming online, online gaming, gaming offline, offline gaming, gaming marketplace, marketplace gaming, gaming store, store gaming, gaming shop, shop gaming, gaming retailer, retailer gaming, gaming where to buy, where to buy gaming, gaming worst, worst gaming, gaming quality, quality gaming, gaming original, original gaming, gaming genuine, genuine gaming, gaming fake, fake gaming, gaming replica, replica gaming, gaming authentic, authentic gaming, gaming brand, brand gaming, gaming manufacturer, manufacturer gaming, gaming company, company gaming, gaming product, product gaming, gaming asus product, asus product gaming, gaming sell asus, sell asus gaming, gaming buy asus, buy asus gaming, gaming cheap asus, cheap asus gaming, gaming best asus, best asus gaming, gaming asus review, asus review gaming, gaming where to buy asus, where to buy asus gaming, gaming how to choose asus, how to choose asus gaming, gaming top asus, top asus gaming, gaming asus guide, asus guide gaming, gaming asus for sale, asus for sale gaming, gaming asus deals, asus deals gaming
2026-09-01 17:56:29,265 - INFO - Expanded 220 seed keywords to 385 variations
2026-09-01 17:56:29,265 - INFO - Language: en
2026-09-01 17:56:29,265 - INFO - Region: us
2026-09-01 17:58:56,838 - INFO - 🎯 After all filtering for 'asus': 120 relevant keywords
2026-09-01 17:58:57,171 - INFO - 🎯 Found 5 new keywords for niche 'asus': asus affordable electric-shaver, cheap affordable electric-shaver, best affordable electric-shaver, how to affordable electric-shaver, asus affordable gaming
2026-09-01 17:59:12,928 - INFO - ✅ Niche 'asus' process complete! 840 total keyword results.
2026-09-01 17:59:12,929 - INFO - ✅ Completed processing niche: 'asus'
2026-09-01 17:59:12,929 - INFO - 🔧 Request Handler final stats - Success rate: 100.0%
2026-09-01 17:59:12,929 - INFO -    Total requests: 185735, Blocks: 1
2026-09-01 17:59:12,930 - INFO - 
========================================
2026-09-01 17:59:12,930 - INFO - Process Summary:
2026-09-01 17:59:12,930 - INFO - - Current niche: 'asus'
2026-09-01 17:59:12,930 - INFO - - Next niche will be: 'philips'
2026-09-01 17:59:12,930 - INFO - - Keywords saved in: languages/english/keywords/asus/
2026-09-01 17:59:12,931 - INFO - ========================================
