2026-08-26 05:17:31,603 - INFO - Log file created at: /home/runner/work/potensitech.com/potensitech.com/languages/english/keywords/logs/kw_search_20260826_051731.log
2026-08-26 05:17:31,603 - INFO - ============================================================
2026-08-26 05:17:31,603 - INFO - AUTOMATIC KEYWORD RESEARCH TOOL
2026-08-26 05:17:31,603 - INFO - ============================================================
2026-08-26 05:17:31,856 - INFO - ========================================
2026-08-26 05:17:31,856 - INFO - Found 14 niches to process: xiaomi, iphone, samsung, apple, sony, asus, philips, sandisk, intel, nvidia, amd, canon, nikon, huawei
2026-08-26 05:17:31,856 - INFO - ========================================
2026-08-26 05:17:31,856 - INFO - Continuing from last processed niche: amd
2026-08-26 05:17:31,856 - INFO - ========================================
2026-08-26 05:17:31,856 - INFO - 🎯 PROCESSING NICHE 12/14: 'canon'
2026-08-26 05:17:31,856 - INFO - ========================================
2026-08-26 05:17:31,856 - INFO - 📁 Niche directory: /home/runner/work/potensitech.com/potensitech.com/languages/english/keywords/canon
2026-08-26 05:17:31,856 - INFO - Selected region: us
2026-08-26 05:17:31,856 - INFO - Selected language: en
2026-08-26 05:17:31,856 - INFO - 🎯 Current niche: canon
2026-08-26 05:17:43,049 - INFO - 🎯 Niche terms for filtering: canon, cheap, best, latest, review, price, sell, buy, recommendation, tips, tutorial, guide, how to, vs, versus, compared to, comparison, alternatives, which is better, expensive, discount, deals, sale, affordable, cost, online, offline, marketplace, store, shop, retailer, where to buy, worst, quality, original, genuine, fake, replica, authentic, brand, manufacturer, company, product, canon product, sell canon, buy canon, cheap canon, best canon, canon review, where to buy canon, how to choose canon, top canon, canon guide, canon for sale, canon deals
2026-08-26 05:17:43,050 - INFO - Generated 50 niche-clue pairs for 'canon'.
2026-08-26 05:17:43,052 - INFO - Expanded 50 seed keywords to 218 variations
2026-08-26 05:17:43,052 - INFO - 🔧 Request Handler initialized - Success rate: 100.0%
2026-08-26 05:22:07,390 - INFO - Original clue keywords: portable storage, usb stick
2026-08-26 05:22:07,390 - INFO - Niche-focused seeds: portable storage canon, canon portable storage, portable storage cheap, cheap portable storage, portable storage best, best portable storage, portable storage latest, latest portable storage, portable storage review, review portable storage, portable storage price, price portable storage, portable storage sell, sell portable storage, portable storage buy, buy portable storage, portable storage recommendation, recommendation portable storage, portable storage tips, tips portable storage, portable storage tutorial, tutorial portable storage, portable storage guide, guide portable storage, portable storage how to, how to portable storage, portable storage vs, vs portable storage, portable storage versus, versus portable storage, portable storage compared to, compared to portable storage, portable storage comparison, comparison portable storage, portable storage alternatives, alternatives portable storage, portable storage which is better, which is better portable storage, portable storage expensive, expensive portable storage, portable storage discount, discount portable storage, portable storage deals, deals portable storage, portable storage sale, sale portable storage, portable storage affordable, affordable portable storage, portable storage cost, cost portable storage, portable storage online, online portable storage, portable storage offline, offline portable storage, portable storage marketplace, marketplace portable storage, portable storage store, store portable storage, portable storage shop, shop portable storage, portable storage retailer, retailer portable storage, portable storage where to buy, where to buy portable storage, portable storage worst, worst portable storage, portable storage quality, quality portable storage, portable storage original, original portable storage, portable storage genuine, genuine portable storage, portable storage fake, fake portable storage, portable storage replica, replica portable storage, portable storage authentic, authentic portable storage, portable storage brand, brand portable storage, portable storage manufacturer, manufacturer portable storage, portable storage company, company portable storage, portable storage product, product portable storage, portable storage canon product, canon product portable storage, portable storage sell canon, sell canon portable storage, portable storage buy canon, buy canon portable storage, portable storage cheap canon, cheap canon portable storage, portable storage best canon, best canon portable storage, portable storage canon review, canon review portable storage, portable storage where to buy canon, where to buy canon portable storage, portable storage how to choose canon, how to choose canon portable storage, portable storage top canon, top canon portable storage, portable storage canon guide, canon guide portable storage, portable storage canon for sale, canon for sale portable storage, portable storage canon deals, canon deals portable storage, usb stick canon, canon usb stick, usb stick cheap, cheap usb stick, usb stick best, best usb stick, usb stick latest, latest usb stick, usb stick review, review usb stick, usb stick price, price usb stick, usb stick sell, sell usb stick, usb stick buy, buy usb stick, usb stick recommendation, recommendation usb stick, usb stick tips, tips usb stick, usb stick tutorial, tutorial usb stick, usb stick guide, guide usb stick, usb stick how to, how to usb stick, usb stick vs, vs usb stick, usb stick versus, versus usb stick, usb stick compared to, compared to usb stick, usb stick comparison, comparison usb stick, usb stick alternatives, alternatives usb stick, usb stick which is better, which is better usb stick, usb stick expensive, expensive usb stick, usb stick discount, discount usb stick, usb stick deals, deals usb stick, usb stick sale, sale usb stick, usb stick affordable, affordable usb stick, usb stick cost, cost usb stick, usb stick online, online usb stick, usb stick offline, offline usb stick, usb stick marketplace, marketplace usb stick, usb stick store, store usb stick, usb stick shop, shop usb stick, usb stick retailer, retailer usb stick, usb stick where to buy, where to buy usb stick, usb stick worst, worst usb stick, usb stick quality, quality usb stick, usb stick original, original usb stick, usb stick genuine, genuine usb stick, usb stick fake, fake usb stick, usb stick replica, replica usb stick, usb stick authentic, authentic usb stick, usb stick brand, brand usb stick, usb stick manufacturer, manufacturer usb stick, usb stick company, company usb stick, usb stick product, product usb stick, usb stick canon product, canon product usb stick, usb stick sell canon, sell canon usb stick, usb stick buy canon, buy canon usb stick, usb stick cheap canon, cheap canon usb stick, usb stick best canon, best canon usb stick, usb stick canon review, canon review usb stick, usb stick where to buy canon, where to buy canon usb stick, usb stick how to choose canon, how to choose canon usb stick, usb stick top canon, top canon usb stick, usb stick canon guide, canon guide usb stick, usb stick canon for sale, canon for sale usb stick, usb stick canon deals, canon deals usb stick
2026-08-26 05:22:07,392 - INFO - Expanded 220 seed keywords to 385 variations
2026-08-26 05:22:07,392 - INFO - Language: en
2026-08-26 05:22:07,392 - INFO - Region: us
2026-08-26 05:22:54,003 - INFO - 🎯 After all filtering for 'canon': 120 relevant keywords
2026-08-26 05:22:54,936 - INFO - 🎯 Found 5 new keywords for niche 'canon': canon affordable portable storage, canon affordable usb stick, cheap alternatives portable storage, cheap alternatives usb stick, best authentic portable storage
2026-08-26 05:23:11,189 - INFO - ✅ Niche 'canon' process complete! 691 total keyword results.
2026-08-26 05:23:11,189 - INFO - ✅ Completed processing niche: 'canon'
2026-08-26 05:23:11,189 - INFO - 🔧 Request Handler final stats - Success rate: 100.0%
2026-08-26 05:23:11,189 - INFO -    Total requests: 180642, Blocks: 1
2026-08-26 05:23:11,190 - INFO - 
========================================
2026-08-26 05:23:11,190 - INFO - Process Summary:
2026-08-26 05:23:11,190 - INFO - - Current niche: 'canon'
2026-08-26 05:23:11,190 - INFO - - Next niche will be: 'nikon'
2026-08-26 05:23:11,190 - INFO - - Keywords saved in: languages/english/keywords/canon/
2026-08-26 05:23:11,191 - INFO - ========================================
