2026-09-04 23:15:42,288 - INFO - Log file created at: /home/runner/work/potensitech.com/potensitech.com/languages/english/keywords/logs/kw_search_20260904_231542.log
2026-09-04 23:15:42,288 - INFO - ============================================================
2026-09-04 23:15:42,288 - INFO - AUTOMATIC KEYWORD RESEARCH TOOL
2026-09-04 23:15:42,288 - INFO - ============================================================
2026-09-04 23:15:42,539 - INFO - ========================================
2026-09-04 23:15:42,539 - INFO - Found 14 niches to process: xiaomi, iphone, samsung, apple, sony, asus, philips, sandisk, intel, nvidia, amd, canon, nikon, huawei
2026-09-04 23:15:42,539 - INFO - ========================================
2026-09-04 23:15:42,539 - INFO - Continuing from last processed niche: intel
2026-09-04 23:15:42,539 - INFO - ========================================
2026-09-04 23:15:42,539 - INFO - 🎯 PROCESSING NICHE 10/14: 'nvidia'
2026-09-04 23:15:42,539 - INFO - ========================================
2026-09-04 23:15:42,539 - INFO - 📁 Niche directory: /home/runner/work/potensitech.com/potensitech.com/languages/english/keywords/nvidia
2026-09-04 23:15:42,539 - INFO - Selected region: us
2026-09-04 23:15:42,539 - INFO - Selected language: en
2026-09-04 23:15:42,539 - INFO - 🎯 Current niche: nvidia
2026-09-04 23:15:53,677 - INFO - 🎯 Niche terms for filtering: nvidia, cheap, best, latest, review, price, sell, buy, recommendation, tips, tutorial, guide, how to, vs, versus, compared to, comparison, alternatives, which is better, expensive, discount, deals, sale, affordable, cost, online, offline, marketplace, store, shop, retailer, where to buy, worst, quality, original, genuine, fake, replica, authentic, brand, manufacturer, company, product, nvidia product, sell nvidia, buy nvidia, cheap nvidia, best nvidia, nvidia review, where to buy nvidia, how to choose nvidia, top nvidia, nvidia guide, nvidia for sale, nvidia deals
2026-09-04 23:15:53,677 - INFO - Generated 50 niche-clue pairs for 'nvidia'.
2026-09-04 23:15:53,679 - INFO - Expanded 50 seed keywords to 218 variations
2026-09-04 23:15:53,679 - INFO - 🔧 Request Handler initialized - Success rate: 100.0%
2026-09-04 23:20:20,502 - INFO - Original clue keywords: durability, mirrorless innovation
2026-09-04 23:20:20,502 - INFO - Niche-focused seeds: durability nvidia, nvidia durability, durability cheap, cheap durability, durability best, best durability, durability latest, latest durability, durability review, review durability, durability price, price durability, durability sell, sell durability, durability buy, buy durability, durability recommendation, recommendation durability, durability tips, tips durability, durability tutorial, tutorial durability, durability guide, guide durability, durability how to, how to durability, durability vs, vs durability, durability versus, versus durability, durability compared to, compared to durability, durability comparison, comparison durability, durability alternatives, alternatives durability, durability which is better, which is better durability, durability expensive, expensive durability, durability discount, discount durability, durability deals, deals durability, durability sale, sale durability, durability affordable, affordable durability, durability cost, cost durability, durability online, online durability, durability offline, offline durability, durability marketplace, marketplace durability, durability store, store durability, durability shop, shop durability, durability retailer, retailer durability, durability where to buy, where to buy durability, durability worst, worst durability, durability quality, quality durability, durability original, original durability, durability genuine, genuine durability, durability fake, fake durability, durability replica, replica durability, durability authentic, authentic durability, durability brand, brand durability, durability manufacturer, manufacturer durability, durability company, company durability, durability product, product durability, durability nvidia product, nvidia product durability, durability sell nvidia, sell nvidia durability, durability buy nvidia, buy nvidia durability, durability cheap nvidia, cheap nvidia durability, durability best nvidia, best nvidia durability, durability nvidia review, nvidia review durability, durability where to buy nvidia, where to buy nvidia durability, durability how to choose nvidia, how to choose nvidia durability, durability top nvidia, top nvidia durability, durability nvidia guide, nvidia guide durability, durability nvidia for sale, nvidia for sale durability, durability nvidia deals, nvidia deals durability, mirrorless innovation nvidia, nvidia mirrorless innovation, mirrorless innovation cheap, cheap mirrorless innovation, mirrorless innovation best, best mirrorless innovation, mirrorless innovation latest, latest mirrorless innovation, mirrorless innovation review, review mirrorless innovation, mirrorless innovation price, price mirrorless innovation, mirrorless innovation sell, sell mirrorless innovation, mirrorless innovation buy, buy mirrorless innovation, mirrorless innovation recommendation, recommendation mirrorless innovation, mirrorless innovation tips, tips mirrorless innovation, mirrorless innovation tutorial, tutorial mirrorless innovation, mirrorless innovation guide, guide mirrorless innovation, mirrorless innovation how to, how to mirrorless innovation, mirrorless innovation vs, vs mirrorless innovation, mirrorless innovation versus, versus mirrorless innovation, mirrorless innovation compared to, compared to mirrorless innovation, mirrorless innovation comparison, comparison mirrorless innovation, mirrorless innovation alternatives, alternatives mirrorless innovation, mirrorless innovation which is better, which is better mirrorless innovation, mirrorless innovation expensive, expensive mirrorless innovation, mirrorless innovation discount, discount mirrorless innovation, mirrorless innovation deals, deals mirrorless innovation, mirrorless innovation sale, sale mirrorless innovation, mirrorless innovation affordable, affordable mirrorless innovation, mirrorless innovation cost, cost mirrorless innovation, mirrorless innovation online, online mirrorless innovation, mirrorless innovation offline, offline mirrorless innovation, mirrorless innovation marketplace, marketplace mirrorless innovation, mirrorless innovation store, store mirrorless innovation, mirrorless innovation shop, shop mirrorless innovation, mirrorless innovation retailer, retailer mirrorless innovation, mirrorless innovation where to buy, where to buy mirrorless innovation, mirrorless innovation worst, worst mirrorless innovation, mirrorless innovation quality, quality mirrorless innovation, mirrorless innovation original, original mirrorless innovation, mirrorless innovation genuine, genuine mirrorless innovation, mirrorless innovation fake, fake mirrorless innovation, mirrorless innovation replica, replica mirrorless innovation, mirrorless innovation authentic, authentic mirrorless innovation, mirrorless innovation brand, brand mirrorless innovation, mirrorless innovation manufacturer, manufacturer mirrorless innovation, mirrorless innovation company, company mirrorless innovation, mirrorless innovation product, product mirrorless innovation, mirrorless innovation nvidia product, nvidia product mirrorless innovation, mirrorless innovation sell nvidia, sell nvidia mirrorless innovation, mirrorless innovation buy nvidia, buy nvidia mirrorless innovation, mirrorless innovation cheap nvidia, cheap nvidia mirrorless innovation, mirrorless innovation best nvidia, best nvidia mirrorless innovation, mirrorless innovation nvidia review, nvidia review mirrorless innovation, mirrorless innovation where to buy nvidia, where to buy nvidia mirrorless innovation, mirrorless innovation how to choose nvidia, how to choose nvidia mirrorless innovation, mirrorless innovation top nvidia, top nvidia mirrorless innovation, mirrorless innovation nvidia guide, nvidia guide mirrorless innovation, mirrorless innovation nvidia for sale, nvidia for sale mirrorless innovation, mirrorless innovation nvidia deals, nvidia deals mirrorless innovation
2026-09-04 23:20:20,504 - INFO - Expanded 220 seed keywords to 385 variations
2026-09-04 23:20:20,504 - INFO - Language: en
2026-09-04 23:20:20,504 - INFO - Region: us
2026-09-04 23:24:48,302 - INFO - 🎯 After all filtering for 'nvidia': 120 relevant keywords
2026-09-04 23:24:48,507 - INFO - 🎯 Found 5 new keywords for niche 'nvidia': nvidia affordable durability, cheap affordable durability, best affordable durability, how to affordable durability, nvidia alternatives durability
2026-09-04 23:25:05,137 - INFO - ✅ Niche 'nvidia' process complete! 871 total keyword results.
2026-09-04 23:25:05,137 - INFO - ✅ Completed processing niche: 'nvidia'
2026-09-04 23:25:05,137 - INFO - 🔧 Request Handler final stats - Success rate: 100.0%
2026-09-04 23:25:05,137 - INFO -    Total requests: 188471, Blocks: 1
2026-09-04 23:25:05,138 - INFO - 
========================================
2026-09-04 23:25:05,138 - INFO - Process Summary:
2026-09-04 23:25:05,138 - INFO - - Current niche: 'nvidia'
2026-09-04 23:25:05,138 - INFO - - Next niche will be: 'amd'
2026-09-04 23:25:05,138 - INFO - - Keywords saved in: languages/english/keywords/nvidia/
2026-09-04 23:25:05,139 - INFO - ========================================
