2026-08-29 00:43:05,941 - INFO - Log file created at: /home/runner/work/potensitech.com/potensitech.com/languages/english/keywords/logs/kw_search_20260829_004305.log
2026-08-29 00:43:05,941 - INFO - ============================================================
2026-08-29 00:43:05,941 - INFO - AUTOMATIC KEYWORD RESEARCH TOOL
2026-08-29 00:43:05,941 - INFO - ============================================================
2026-08-29 00:43:06,232 - INFO - ========================================
2026-08-29 00:43:06,232 - INFO - Found 14 niches to process: xiaomi, iphone, samsung, apple, sony, asus, philips, sandisk, intel, nvidia, amd, canon, nikon, huawei
2026-08-29 00:43:06,232 - INFO - ========================================
2026-08-29 00:43:06,232 - INFO - Continuing from last processed niche: sandisk
2026-08-29 00:43:06,232 - INFO - ========================================
2026-08-29 00:43:06,232 - INFO - 🎯 PROCESSING NICHE 9/14: 'intel'
2026-08-29 00:43:06,232 - INFO - ========================================
2026-08-29 00:43:06,232 - INFO - 📁 Niche directory: /home/runner/work/potensitech.com/potensitech.com/languages/english/keywords/intel
2026-08-29 00:43:06,232 - INFO - Selected region: us
2026-08-29 00:43:06,232 - INFO - Selected language: en
2026-08-29 00:43:06,232 - INFO - 🎯 Current niche: intel
2026-08-29 00:43:17,752 - INFO - 🎯 Niche terms for filtering: intel, cheap, best, latest, review, price, sell, buy, recommendation, tips, tutorial, guide, how to, vs, versus, compared to, comparison, alternatives, which is better, expensive, discount, deals, sale, affordable, cost, online, offline, marketplace, store, shop, retailer, where to buy, worst, quality, original, genuine, fake, replica, authentic, brand, manufacturer, company, product, intel product, sell intel, buy intel, cheap intel, best intel, intel review, where to buy intel, how to choose intel, top intel, intel guide, intel for sale, intel deals
2026-08-29 00:43:17,752 - INFO - Generated 50 niche-clue pairs for 'intel'.
2026-08-29 00:43:17,754 - INFO - Expanded 50 seed keywords to 218 variations
2026-08-29 00:43:17,755 - INFO - 🔧 Request Handler initialized - Success rate: 100.0%
2026-08-29 00:47:42,575 - INFO - Original clue keywords: screen resolution, ai rendering
2026-08-29 00:47:42,575 - INFO - Niche-focused seeds: screen resolution intel, intel screen resolution, screen resolution cheap, cheap screen resolution, screen resolution best, best screen resolution, screen resolution latest, latest screen resolution, screen resolution review, review screen resolution, screen resolution price, price screen resolution, screen resolution sell, sell screen resolution, screen resolution buy, buy screen resolution, screen resolution recommendation, recommendation screen resolution, screen resolution tips, tips screen resolution, screen resolution tutorial, tutorial screen resolution, screen resolution guide, guide screen resolution, screen resolution how to, how to screen resolution, screen resolution vs, vs screen resolution, screen resolution versus, versus screen resolution, screen resolution compared to, compared to screen resolution, screen resolution comparison, comparison screen resolution, screen resolution alternatives, alternatives screen resolution, screen resolution which is better, which is better screen resolution, screen resolution expensive, expensive screen resolution, screen resolution discount, discount screen resolution, screen resolution deals, deals screen resolution, screen resolution sale, sale screen resolution, screen resolution affordable, affordable screen resolution, screen resolution cost, cost screen resolution, screen resolution online, online screen resolution, screen resolution offline, offline screen resolution, screen resolution marketplace, marketplace screen resolution, screen resolution store, store screen resolution, screen resolution shop, shop screen resolution, screen resolution retailer, retailer screen resolution, screen resolution where to buy, where to buy screen resolution, screen resolution worst, worst screen resolution, screen resolution quality, quality screen resolution, screen resolution original, original screen resolution, screen resolution genuine, genuine screen resolution, screen resolution fake, fake screen resolution, screen resolution replica, replica screen resolution, screen resolution authentic, authentic screen resolution, screen resolution brand, brand screen resolution, screen resolution manufacturer, manufacturer screen resolution, screen resolution company, company screen resolution, screen resolution product, product screen resolution, screen resolution intel product, intel product screen resolution, screen resolution sell intel, sell intel screen resolution, screen resolution buy intel, buy intel screen resolution, screen resolution cheap intel, cheap intel screen resolution, screen resolution best intel, best intel screen resolution, screen resolution intel review, intel review screen resolution, screen resolution where to buy intel, where to buy intel screen resolution, screen resolution how to choose intel, how to choose intel screen resolution, screen resolution top intel, top intel screen resolution, screen resolution intel guide, intel guide screen resolution, screen resolution intel for sale, intel for sale screen resolution, screen resolution intel deals, intel deals screen resolution, ai rendering intel, intel ai rendering, ai rendering cheap, cheap ai rendering, ai rendering best, best ai rendering, ai rendering latest, latest ai rendering, ai rendering review, review ai rendering, ai rendering price, price ai rendering, ai rendering sell, sell ai rendering, ai rendering buy, buy ai rendering, ai rendering recommendation, recommendation ai rendering, ai rendering tips, tips ai rendering, ai rendering tutorial, tutorial ai rendering, ai rendering guide, guide ai rendering, ai rendering how to, how to ai rendering, ai rendering vs, vs ai rendering, ai rendering versus, versus ai rendering, ai rendering compared to, compared to ai rendering, ai rendering comparison, comparison ai rendering, ai rendering alternatives, alternatives ai rendering, ai rendering which is better, which is better ai rendering, ai rendering expensive, expensive ai rendering, ai rendering discount, discount ai rendering, ai rendering deals, deals ai rendering, ai rendering sale, sale ai rendering, ai rendering affordable, affordable ai rendering, ai rendering cost, cost ai rendering, ai rendering online, online ai rendering, ai rendering offline, offline ai rendering, ai rendering marketplace, marketplace ai rendering, ai rendering store, store ai rendering, ai rendering shop, shop ai rendering, ai rendering retailer, retailer ai rendering, ai rendering where to buy, where to buy ai rendering, ai rendering worst, worst ai rendering, ai rendering quality, quality ai rendering, ai rendering original, original ai rendering, ai rendering genuine, genuine ai rendering, ai rendering fake, fake ai rendering, ai rendering replica, replica ai rendering, ai rendering authentic, authentic ai rendering, ai rendering brand, brand ai rendering, ai rendering manufacturer, manufacturer ai rendering, ai rendering company, company ai rendering, ai rendering product, product ai rendering, ai rendering intel product, intel product ai rendering, ai rendering sell intel, sell intel ai rendering, ai rendering buy intel, buy intel ai rendering, ai rendering cheap intel, cheap intel ai rendering, ai rendering best intel, best intel ai rendering, ai rendering intel review, intel review ai rendering, ai rendering where to buy intel, where to buy intel ai rendering, ai rendering how to choose intel, how to choose intel ai rendering, ai rendering top intel, top intel ai rendering, ai rendering intel guide, intel guide ai rendering, ai rendering intel for sale, intel for sale ai rendering, ai rendering intel deals, intel deals ai rendering
2026-08-29 00:47:42,577 - INFO - Expanded 220 seed keywords to 385 variations
2026-08-29 00:47:42,577 - INFO - Language: en
2026-08-29 00:47:42,577 - INFO - Region: us
2026-08-29 00:51:52,589 - INFO - 🎯 After all filtering for 'intel': 120 relevant keywords
2026-08-29 00:51:55,508 - INFO - 🎯 Found 4 new keywords for niche 'intel': intel affordable ai rendering, intel affordable screen resolution, cheap ai rendering alternatives, best ai rendering authentic
2026-08-29 00:52:12,307 - INFO - ✅ Niche 'intel' process complete! 1011 total keyword results.
2026-08-29 00:52:12,307 - INFO - ✅ Completed processing niche: 'intel'
2026-08-29 00:52:12,307 - INFO - 🔧 Request Handler final stats - Success rate: 100.0%
2026-08-29 00:52:12,307 - INFO -    Total requests: 182837, Blocks: 1
2026-08-29 00:52:12,308 - INFO - 
========================================
2026-08-29 00:52:12,308 - INFO - Process Summary:
2026-08-29 00:52:12,308 - INFO - - Current niche: 'intel'
2026-08-29 00:52:12,308 - INFO - - Next niche will be: 'nvidia'
2026-08-29 00:52:12,308 - INFO - - Keywords saved in: languages/english/keywords/intel/
2026-08-29 00:52:12,309 - INFO - ========================================
