2026-08-29 16:07:43,476 - INFO - Log file created at: /home/runner/work/potensitech.com/potensitech.com/languages/english/keywords/logs/kw_search_20260829_160743.log
2026-08-29 16:07:43,477 - INFO - ============================================================
2026-08-29 16:07:43,477 - INFO - AUTOMATIC KEYWORD RESEARCH TOOL
2026-08-29 16:07:43,477 - INFO - ============================================================
2026-08-29 16:07:43,836 - INFO - ========================================
2026-08-29 16:07:43,836 - INFO - Found 14 niches to process: xiaomi, iphone, samsung, apple, sony, asus, philips, sandisk, intel, nvidia, amd, canon, nikon, huawei
2026-08-29 16:07:43,836 - INFO - ========================================
2026-08-29 16:07:43,836 - INFO - Continuing from last processed niche: iphone
2026-08-29 16:07:43,836 - INFO - ========================================
2026-08-29 16:07:43,837 - INFO - 🎯 PROCESSING NICHE 3/14: 'samsung'
2026-08-29 16:07:43,837 - INFO - ========================================
2026-08-29 16:07:43,837 - INFO - 📁 Niche directory: /home/runner/work/potensitech.com/potensitech.com/languages/english/keywords/samsung
2026-08-29 16:07:43,837 - INFO - Selected region: us
2026-08-29 16:07:43,837 - INFO - Selected language: en
2026-08-29 16:07:43,837 - INFO - 🎯 Current niche: samsung
2026-08-29 16:07:54,722 - INFO - 🎯 Niche terms for filtering: samsung, cheap, best, latest, review, price, sell, buy, recommendation, tips, tutorial, guide, how to, vs, versus, compared to, comparison, alternatives, which is better, expensive, discount, deals, sale, affordable, cost, online, offline, marketplace, store, shop, retailer, where to buy, worst, quality, original, genuine, fake, replica, authentic, brand, manufacturer, company, product, samsung product, sell samsung, buy samsung, cheap samsung, best samsung, samsung review, where to buy samsung, how to choose samsung, top samsung, samsung guide, samsung for sale, samsung deals
2026-08-29 16:07:54,723 - INFO - Generated 50 niche-clue pairs for 'samsung'.
2026-08-29 16:07:54,726 - INFO - Expanded 50 seed keywords to 218 variations
2026-08-29 16:07:54,727 - INFO - 🔧 Request Handler initialized - Success rate: 100.0%
2026-08-29 16:12:17,985 - INFO - Original clue keywords: ai rendering, smart-lighting
2026-08-29 16:12:17,985 - INFO - Niche-focused seeds: ai rendering samsung, samsung ai rendering, ai rendering cheap, cheap ai rendering, ai rendering best, best ai rendering, ai rendering latest, latest ai rendering, ai rendering review, review ai rendering, ai rendering price, price ai rendering, ai rendering sell, sell ai rendering, ai rendering buy, buy ai rendering, ai rendering recommendation, recommendation ai rendering, ai rendering tips, tips ai rendering, ai rendering tutorial, tutorial ai rendering, ai rendering guide, guide ai rendering, ai rendering how to, how to ai rendering, ai rendering vs, vs ai rendering, ai rendering versus, versus ai rendering, ai rendering compared to, compared to ai rendering, ai rendering comparison, comparison ai rendering, ai rendering alternatives, alternatives ai rendering, ai rendering which is better, which is better ai rendering, ai rendering expensive, expensive ai rendering, ai rendering discount, discount ai rendering, ai rendering deals, deals ai rendering, ai rendering sale, sale ai rendering, ai rendering affordable, affordable ai rendering, ai rendering cost, cost ai rendering, ai rendering online, online ai rendering, ai rendering offline, offline ai rendering, ai rendering marketplace, marketplace ai rendering, ai rendering store, store ai rendering, ai rendering shop, shop ai rendering, ai rendering retailer, retailer ai rendering, ai rendering where to buy, where to buy ai rendering, ai rendering worst, worst ai rendering, ai rendering quality, quality ai rendering, ai rendering original, original ai rendering, ai rendering genuine, genuine ai rendering, ai rendering fake, fake ai rendering, ai rendering replica, replica ai rendering, ai rendering authentic, authentic ai rendering, ai rendering brand, brand ai rendering, ai rendering manufacturer, manufacturer ai rendering, ai rendering company, company ai rendering, ai rendering product, product ai rendering, ai rendering samsung product, samsung product ai rendering, ai rendering sell samsung, sell samsung ai rendering, ai rendering buy samsung, buy samsung ai rendering, ai rendering cheap samsung, cheap samsung ai rendering, ai rendering best samsung, best samsung ai rendering, ai rendering samsung review, samsung review ai rendering, ai rendering where to buy samsung, where to buy samsung ai rendering, ai rendering how to choose samsung, how to choose samsung ai rendering, ai rendering top samsung, top samsung ai rendering, ai rendering samsung guide, samsung guide ai rendering, ai rendering samsung for sale, samsung for sale ai rendering, ai rendering samsung deals, samsung deals ai rendering, smart-lighting samsung, samsung smart-lighting, smart-lighting cheap, cheap smart-lighting, smart-lighting best, best smart-lighting, smart-lighting latest, latest smart-lighting, smart-lighting review, review smart-lighting, smart-lighting price, price smart-lighting, smart-lighting sell, sell smart-lighting, smart-lighting buy, buy smart-lighting, smart-lighting recommendation, recommendation smart-lighting, smart-lighting tips, tips smart-lighting, smart-lighting tutorial, tutorial smart-lighting, smart-lighting guide, guide smart-lighting, smart-lighting how to, how to smart-lighting, smart-lighting vs, vs smart-lighting, smart-lighting versus, versus smart-lighting, smart-lighting compared to, compared to smart-lighting, smart-lighting comparison, comparison smart-lighting, smart-lighting alternatives, alternatives smart-lighting, smart-lighting which is better, which is better smart-lighting, smart-lighting expensive, expensive smart-lighting, smart-lighting discount, discount smart-lighting, smart-lighting deals, deals smart-lighting, smart-lighting sale, sale smart-lighting, smart-lighting affordable, affordable smart-lighting, smart-lighting cost, cost smart-lighting, smart-lighting online, online smart-lighting, smart-lighting offline, offline smart-lighting, smart-lighting marketplace, marketplace smart-lighting, smart-lighting store, store smart-lighting, smart-lighting shop, shop smart-lighting, smart-lighting retailer, retailer smart-lighting, smart-lighting where to buy, where to buy smart-lighting, smart-lighting worst, worst smart-lighting, smart-lighting quality, quality smart-lighting, smart-lighting original, original smart-lighting, smart-lighting genuine, genuine smart-lighting, smart-lighting fake, fake smart-lighting, smart-lighting replica, replica smart-lighting, smart-lighting authentic, authentic smart-lighting, smart-lighting brand, brand smart-lighting, smart-lighting manufacturer, manufacturer smart-lighting, smart-lighting company, company smart-lighting, smart-lighting product, product smart-lighting, smart-lighting samsung product, samsung product smart-lighting, smart-lighting sell samsung, sell samsung smart-lighting, smart-lighting buy samsung, buy samsung smart-lighting, smart-lighting cheap samsung, cheap samsung smart-lighting, smart-lighting best samsung, best samsung smart-lighting, smart-lighting samsung review, samsung review smart-lighting, smart-lighting where to buy samsung, where to buy samsung smart-lighting, smart-lighting how to choose samsung, how to choose samsung smart-lighting, smart-lighting top samsung, top samsung smart-lighting, smart-lighting samsung guide, samsung guide smart-lighting, smart-lighting samsung for sale, samsung for sale smart-lighting, smart-lighting samsung deals, samsung deals smart-lighting
2026-08-29 16:12:17,988 - INFO - Expanded 220 seed keywords to 385 variations
2026-08-29 16:12:17,988 - INFO - Language: en
2026-08-29 16:12:17,988 - INFO - Region: us
2026-08-29 16:13:06,059 - INFO - 🎯 After all filtering for 'samsung': 120 relevant keywords
2026-08-29 16:13:06,282 - INFO - 🎯 Found 5 new keywords for niche 'samsung': samsung affordable smart-lighting, cheap affordable smart-lighting, best affordable smart-lighting, how to affordable smart-lighting, samsung alternatives smart-lighting
2026-08-29 16:13:21,988 - INFO - ✅ Niche 'samsung' process complete! 629 total keyword results.
2026-08-29 16:13:21,988 - INFO - ✅ Completed processing niche: 'samsung'
2026-08-29 16:13:21,988 - INFO - 🔧 Request Handler final stats - Success rate: 100.0%
2026-08-29 16:13:21,988 - INFO -    Total requests: 183375, Blocks: 1
2026-08-29 16:13:21,989 - INFO - 
========================================
2026-08-29 16:13:21,989 - INFO - Process Summary:
2026-08-29 16:13:21,990 - INFO - - Current niche: 'samsung'
2026-08-29 16:13:21,990 - INFO - - Next niche will be: 'apple'
2026-08-29 16:13:21,990 - INFO - - Keywords saved in: languages/english/keywords/samsung/
2026-08-29 16:13:21,991 - INFO - ========================================
