2026-10-05 18:47:13,529 - INFO - Log file created at: /home/runner/work/potensitech.com/potensitech.com/languages/english/keywords/logs/kw_search_20261005_184713.log
2026-10-05 18:47:13,530 - INFO - ============================================================
2026-10-05 18:47:13,530 - INFO - AUTOMATIC KEYWORD RESEARCH TOOL
2026-10-05 18:47:13,530 - INFO - ============================================================
2026-10-05 18:47:13,984 - INFO - ========================================
2026-10-05 18:47:13,984 - INFO - Found 14 niches to process: xiaomi, iphone, samsung, apple, sony, asus, philips, sandisk, intel, nvidia, amd, canon, nikon, huawei
2026-10-05 18:47:13,984 - INFO - ========================================
2026-10-05 18:47:13,984 - INFO - Continuing from last processed niche: asus
2026-10-05 18:47:13,984 - INFO - ========================================
2026-10-05 18:47:13,984 - INFO - 🎯 PROCESSING NICHE 7/14: 'philips'
2026-10-05 18:47:13,984 - INFO - ========================================
2026-10-05 18:47:13,985 - INFO - 📁 Niche directory: /home/runner/work/potensitech.com/potensitech.com/languages/english/keywords/philips
2026-10-05 18:47:13,985 - INFO - Selected region: us
2026-10-05 18:47:13,985 - INFO - Selected language: en
2026-10-05 18:47:13,985 - INFO - 🎯 Current niche: philips
2026-10-05 18:47:24,746 - INFO - 🎯 Niche terms for filtering: philips, cheap, best, latest, review, price, sell, buy, recommendation, tips, tutorial, guide, how to, vs, versus, compared to, comparison, alternatives, which is better, expensive, discount, deals, sale, affordable, cost, online, offline, marketplace, store, shop, retailer, where to buy, worst, quality, original, genuine, fake, replica, authentic, brand, manufacturer, company, product, philips product, sell philips, buy philips, cheap philips, best philips, philips review, where to buy philips, how to choose philips, top philips, philips guide, philips for sale, philips deals
2026-10-05 18:47:24,747 - INFO - Generated 50 niche-clue pairs for 'philips'.
2026-10-05 18:47:24,750 - INFO - Expanded 50 seed keywords to 218 variations
2026-10-05 18:47:24,750 - INFO - 🔧 Request Handler initialized - Success rate: 100.0%
2026-10-05 18:51:42,161 - INFO - Original clue keywords: ai acceleration, digital photography
2026-10-05 18:51:42,161 - INFO - Niche-focused seeds: ai acceleration philips, philips ai acceleration, ai acceleration cheap, cheap ai acceleration, ai acceleration best, best ai acceleration, ai acceleration latest, latest ai acceleration, ai acceleration review, review ai acceleration, ai acceleration price, price ai acceleration, ai acceleration sell, sell ai acceleration, ai acceleration buy, buy ai acceleration, ai acceleration recommendation, recommendation ai acceleration, ai acceleration tips, tips ai acceleration, ai acceleration tutorial, tutorial ai acceleration, ai acceleration guide, guide ai acceleration, ai acceleration how to, how to ai acceleration, ai acceleration vs, vs ai acceleration, ai acceleration versus, versus ai acceleration, ai acceleration compared to, compared to ai acceleration, ai acceleration comparison, comparison ai acceleration, ai acceleration alternatives, alternatives ai acceleration, ai acceleration which is better, which is better ai acceleration, ai acceleration expensive, expensive ai acceleration, ai acceleration discount, discount ai acceleration, ai acceleration deals, deals ai acceleration, ai acceleration sale, sale ai acceleration, ai acceleration affordable, affordable ai acceleration, ai acceleration cost, cost ai acceleration, ai acceleration online, online ai acceleration, ai acceleration offline, offline ai acceleration, ai acceleration marketplace, marketplace ai acceleration, ai acceleration store, store ai acceleration, ai acceleration shop, shop ai acceleration, ai acceleration retailer, retailer ai acceleration, ai acceleration where to buy, where to buy ai acceleration, ai acceleration worst, worst ai acceleration, ai acceleration quality, quality ai acceleration, ai acceleration original, original ai acceleration, ai acceleration genuine, genuine ai acceleration, ai acceleration fake, fake ai acceleration, ai acceleration replica, replica ai acceleration, ai acceleration authentic, authentic ai acceleration, ai acceleration brand, brand ai acceleration, ai acceleration manufacturer, manufacturer ai acceleration, ai acceleration company, company ai acceleration, ai acceleration product, product ai acceleration, ai acceleration philips product, philips product ai acceleration, ai acceleration sell philips, sell philips ai acceleration, ai acceleration buy philips, buy philips ai acceleration, ai acceleration cheap philips, cheap philips ai acceleration, ai acceleration best philips, best philips ai acceleration, ai acceleration philips review, philips review ai acceleration, ai acceleration where to buy philips, where to buy philips ai acceleration, ai acceleration how to choose philips, how to choose philips ai acceleration, ai acceleration top philips, top philips ai acceleration, ai acceleration philips guide, philips guide ai acceleration, ai acceleration philips for sale, philips for sale ai acceleration, ai acceleration philips deals, philips deals ai acceleration, digital photography philips, philips digital photography, digital photography cheap, cheap digital photography, digital photography best, best digital photography, digital photography latest, latest digital photography, digital photography review, review digital photography, digital photography price, price digital photography, digital photography sell, sell digital photography, digital photography buy, buy digital photography, digital photography recommendation, recommendation digital photography, digital photography tips, tips digital photography, digital photography tutorial, tutorial digital photography, digital photography guide, guide digital photography, digital photography how to, how to digital photography, digital photography vs, vs digital photography, digital photography versus, versus digital photography, digital photography compared to, compared to digital photography, digital photography comparison, comparison digital photography, digital photography alternatives, alternatives digital photography, digital photography which is better, which is better digital photography, digital photography expensive, expensive digital photography, digital photography discount, discount digital photography, digital photography deals, deals digital photography, digital photography sale, sale digital photography, digital photography affordable, affordable digital photography, digital photography cost, cost digital photography, digital photography online, online digital photography, digital photography offline, offline digital photography, digital photography marketplace, marketplace digital photography, digital photography store, store digital photography, digital photography shop, shop digital photography, digital photography retailer, retailer digital photography, digital photography where to buy, where to buy digital photography, digital photography worst, worst digital photography, digital photography quality, quality digital photography, digital photography original, original digital photography, digital photography genuine, genuine digital photography, digital photography fake, fake digital photography, digital photography replica, replica digital photography, digital photography authentic, authentic digital photography, digital photography brand, brand digital photography, digital photography manufacturer, manufacturer digital photography, digital photography company, company digital photography, digital photography product, product digital photography, digital photography philips product, philips product digital photography, digital photography sell philips, sell philips digital photography, digital photography buy philips, buy philips digital photography, digital photography cheap philips, cheap philips digital photography, digital photography best philips, best philips digital photography, digital photography philips review, philips review digital photography, digital photography where to buy philips, where to buy philips digital photography, digital photography how to choose philips, how to choose philips digital photography, digital photography top philips, top philips digital photography, digital photography philips guide, philips guide digital photography, digital photography philips for sale, philips for sale digital photography, digital photography philips deals, philips deals digital photography
2026-10-05 18:51:42,165 - INFO - Expanded 220 seed keywords to 385 variations
2026-10-05 18:51:42,165 - INFO - Language: en
2026-10-05 18:51:42,165 - INFO - Region: us
2026-10-05 18:52:16,560 - INFO - 🎯 After all filtering for 'philips': 120 relevant keywords
2026-10-05 18:52:20,548 - INFO - 🎯 Found 2 new keywords for niche 'philips': philips affordable ai acceleration, philips affordable digital photography
2026-10-05 18:52:36,654 - INFO - ✅ Niche 'philips' process complete! 759 total keyword results.
2026-10-05 18:52:36,654 - INFO - ✅ Completed processing niche: 'philips'
2026-10-05 18:52:36,655 - INFO - 🔧 Request Handler final stats - Success rate: 100.0%
2026-10-05 18:52:36,655 - INFO -    Total requests: 214949, Blocks: 1
2026-10-05 18:52:36,656 - INFO - 
========================================
2026-10-05 18:52:36,656 - INFO - Process Summary:
2026-10-05 18:52:36,656 - INFO - - Current niche: 'philips'
2026-10-05 18:52:36,656 - INFO - - Next niche will be: 'sandisk'
2026-10-05 18:52:36,656 - INFO - - Keywords saved in: languages/english/keywords/philips/
2026-10-05 18:52:36,656 - INFO - ========================================
