2026-09-25 12:46:22,609 - INFO - Log file created at: /home/runner/work/potensitech.com/potensitech.com/languages/english/keywords/logs/kw_search_20260925_124622.log
2026-09-25 12:46:22,609 - INFO - ============================================================
2026-09-25 12:46:22,609 - INFO - AUTOMATIC KEYWORD RESEARCH TOOL
2026-09-25 12:46:22,609 - INFO - ============================================================
2026-09-25 12:46:23,058 - INFO - ========================================
2026-09-25 12:46:23,058 - INFO - Found 14 niches to process: xiaomi, iphone, samsung, apple, sony, asus, philips, sandisk, intel, nvidia, amd, canon, nikon, huawei
2026-09-25 12:46:23,058 - INFO - ========================================
2026-09-25 12:46:23,058 - INFO - Continuing from last processed niche: samsung
2026-09-25 12:46:23,058 - INFO - ========================================
2026-09-25 12:46:23,058 - INFO - 🎯 PROCESSING NICHE 4/14: 'apple'
2026-09-25 12:46:23,058 - INFO - ========================================
2026-09-25 12:46:23,059 - INFO - 📁 Niche directory: /home/runner/work/potensitech.com/potensitech.com/languages/english/keywords/apple
2026-09-25 12:46:23,059 - INFO - Selected region: us
2026-09-25 12:46:23,059 - INFO - Selected language: en
2026-09-25 12:46:23,059 - INFO - 🎯 Current niche: apple
2026-09-25 12:46:33,887 - INFO - 🎯 Niche terms for filtering: apple, cheap, best, latest, review, price, sell, buy, recommendation, tips, tutorial, guide, how to, vs, versus, compared to, comparison, alternatives, which is better, expensive, discount, deals, sale, affordable, cost, online, offline, marketplace, store, shop, retailer, where to buy, worst, quality, original, genuine, fake, replica, authentic, brand, manufacturer, company, product, apple product, sell apple, buy apple, cheap apple, best apple, apple review, where to buy apple, how to choose apple, top apple, apple guide, apple for sale, apple deals
2026-09-25 12:46:33,888 - INFO - Generated 50 niche-clue pairs for 'apple'.
2026-09-25 12:46:33,891 - INFO - Expanded 50 seed keywords to 218 variations
2026-09-25 12:46:33,892 - INFO - 🔧 Request Handler initialized - Success rate: 100.0%
2026-09-25 12:50:58,530 - INFO - Original clue keywords: power efficiency, smartphone features
2026-09-25 12:50:58,531 - INFO - Niche-focused seeds: power efficiency apple, apple power efficiency, power efficiency cheap, cheap power efficiency, power efficiency best, best power efficiency, power efficiency latest, latest power efficiency, power efficiency review, review power efficiency, power efficiency price, price power efficiency, power efficiency sell, sell power efficiency, power efficiency buy, buy power efficiency, power efficiency recommendation, recommendation power efficiency, power efficiency tips, tips power efficiency, power efficiency tutorial, tutorial power efficiency, power efficiency guide, guide power efficiency, power efficiency how to, how to power efficiency, power efficiency vs, vs power efficiency, power efficiency versus, versus power efficiency, power efficiency compared to, compared to power efficiency, power efficiency comparison, comparison power efficiency, power efficiency alternatives, alternatives power efficiency, power efficiency which is better, which is better power efficiency, power efficiency expensive, expensive power efficiency, power efficiency discount, discount power efficiency, power efficiency deals, deals power efficiency, power efficiency sale, sale power efficiency, power efficiency affordable, affordable power efficiency, power efficiency cost, cost power efficiency, power efficiency online, online power efficiency, power efficiency offline, offline power efficiency, power efficiency marketplace, marketplace power efficiency, power efficiency store, store power efficiency, power efficiency shop, shop power efficiency, power efficiency retailer, retailer power efficiency, power efficiency where to buy, where to buy power efficiency, power efficiency worst, worst power efficiency, power efficiency quality, quality power efficiency, power efficiency original, original power efficiency, power efficiency genuine, genuine power efficiency, power efficiency fake, fake power efficiency, power efficiency replica, replica power efficiency, power efficiency authentic, authentic power efficiency, power efficiency brand, brand power efficiency, power efficiency manufacturer, manufacturer power efficiency, power efficiency company, company power efficiency, power efficiency product, product power efficiency, power efficiency apple product, apple product power efficiency, power efficiency sell apple, sell apple power efficiency, power efficiency buy apple, buy apple power efficiency, power efficiency cheap apple, cheap apple power efficiency, power efficiency best apple, best apple power efficiency, power efficiency apple review, apple review power efficiency, power efficiency where to buy apple, where to buy apple power efficiency, power efficiency how to choose apple, how to choose apple power efficiency, power efficiency top apple, top apple power efficiency, power efficiency apple guide, apple guide power efficiency, power efficiency apple for sale, apple for sale power efficiency, power efficiency apple deals, apple deals power efficiency, smartphone features apple, apple smartphone features, smartphone features cheap, cheap smartphone features, smartphone features best, best smartphone features, smartphone features latest, latest smartphone features, smartphone features review, review smartphone features, smartphone features price, price smartphone features, smartphone features sell, sell smartphone features, smartphone features buy, buy smartphone features, smartphone features recommendation, recommendation smartphone features, smartphone features tips, tips smartphone features, smartphone features tutorial, tutorial smartphone features, smartphone features guide, guide smartphone features, smartphone features how to, how to smartphone features, smartphone features vs, vs smartphone features, smartphone features versus, versus smartphone features, smartphone features compared to, compared to smartphone features, smartphone features comparison, comparison smartphone features, smartphone features alternatives, alternatives smartphone features, smartphone features which is better, which is better smartphone features, smartphone features expensive, expensive smartphone features, smartphone features discount, discount smartphone features, smartphone features deals, deals smartphone features, smartphone features sale, sale smartphone features, smartphone features affordable, affordable smartphone features, smartphone features cost, cost smartphone features, smartphone features online, online smartphone features, smartphone features offline, offline smartphone features, smartphone features marketplace, marketplace smartphone features, smartphone features store, store smartphone features, smartphone features shop, shop smartphone features, smartphone features retailer, retailer smartphone features, smartphone features where to buy, where to buy smartphone features, smartphone features worst, worst smartphone features, smartphone features quality, quality smartphone features, smartphone features original, original smartphone features, smartphone features genuine, genuine smartphone features, smartphone features fake, fake smartphone features, smartphone features replica, replica smartphone features, smartphone features authentic, authentic smartphone features, smartphone features brand, brand smartphone features, smartphone features manufacturer, manufacturer smartphone features, smartphone features company, company smartphone features, smartphone features product, product smartphone features, smartphone features apple product, apple product smartphone features, smartphone features sell apple, sell apple smartphone features, smartphone features buy apple, buy apple smartphone features, smartphone features cheap apple, cheap apple smartphone features, smartphone features best apple, best apple smartphone features, smartphone features apple review, apple review smartphone features, smartphone features where to buy apple, where to buy apple smartphone features, smartphone features how to choose apple, how to choose apple smartphone features, smartphone features top apple, top apple smartphone features, smartphone features apple guide, apple guide smartphone features, smartphone features apple for sale, apple for sale smartphone features, smartphone features apple deals, apple deals smartphone features
2026-09-25 12:50:58,534 - INFO - Expanded 220 seed keywords to 385 variations
2026-09-25 12:50:58,534 - INFO - Language: en
2026-09-25 12:50:58,534 - INFO - Region: us
2026-09-25 12:53:27,245 - INFO - 🎯 After all filtering for 'apple': 120 relevant keywords
2026-09-25 12:53:28,432 - INFO - 🎯 Found 5 new keywords for niche 'apple': apple affordable power efficiency, apple affordable smartphone features, cheap alternatives power efficiency, best authentic power efficiency, how to brand power efficiency
2026-09-25 12:53:44,583 - INFO - ✅ Niche 'apple' process complete! 597 total keyword results.
2026-09-25 12:53:44,583 - INFO - ✅ Completed processing niche: 'apple'
2026-09-25 12:53:44,583 - INFO - 🔧 Request Handler final stats - Success rate: 100.0%
2026-09-25 12:53:44,583 - INFO -    Total requests: 205846, Blocks: 1
2026-09-25 12:53:44,584 - INFO - 
========================================
2026-09-25 12:53:44,585 - INFO - Process Summary:
2026-09-25 12:53:44,585 - INFO - - Current niche: 'apple'
2026-09-25 12:53:44,585 - INFO - - Next niche will be: 'sony'
2026-09-25 12:53:44,585 - INFO - - Keywords saved in: languages/english/keywords/apple/
2026-09-25 12:53:44,585 - INFO - ========================================
