2026-09-02 12:07:07,206 - INFO - Log file created at: /home/runner/work/potensitech.com/potensitech.com/languages/english/keywords/logs/kw_search_20260902_120707.log
2026-09-02 12:07:07,206 - INFO - ============================================================
2026-09-02 12:07:07,207 - INFO - AUTOMATIC KEYWORD RESEARCH TOOL
2026-09-02 12:07:07,207 - INFO - ============================================================
2026-09-02 12:07:07,536 - INFO - ========================================
2026-09-02 12:07:07,536 - INFO - Found 14 niches to process: xiaomi, iphone, samsung, apple, sony, asus, philips, sandisk, intel, nvidia, amd, canon, nikon, huawei
2026-09-02 12:07:07,536 - INFO - ========================================
2026-09-02 12:07:07,536 - INFO - Continuing from last processed niche: canon
2026-09-02 12:07:07,536 - INFO - ========================================
2026-09-02 12:07:07,536 - INFO - 🎯 PROCESSING NICHE 13/14: 'nikon'
2026-09-02 12:07:07,536 - INFO - ========================================
2026-09-02 12:07:07,536 - INFO - 📁 Niche directory: /home/runner/work/potensitech.com/potensitech.com/languages/english/keywords/nikon
2026-09-02 12:07:07,536 - INFO - Selected region: us
2026-09-02 12:07:07,536 - INFO - Selected language: en
2026-09-02 12:07:07,536 - INFO - 🎯 Current niche: nikon
2026-09-02 12:07:18,783 - INFO - 🎯 Niche terms for filtering: nikon, cheap, best, latest, review, price, sell, buy, recommendation, tips, tutorial, guide, how to, vs, versus, compared to, comparison, alternatives, which is better, expensive, discount, deals, sale, affordable, cost, online, offline, marketplace, store, shop, retailer, where to buy, worst, quality, original, genuine, fake, replica, authentic, brand, manufacturer, company, product, nikon product, sell nikon, buy nikon, cheap nikon, best nikon, nikon review, where to buy nikon, how to choose nikon, top nikon, nikon guide, nikon for sale, nikon deals
2026-09-02 12:07:18,784 - INFO - Generated 50 niche-clue pairs for 'nikon'.
2026-09-02 12:07:18,787 - INFO - Expanded 50 seed keywords to 218 variations
2026-09-02 12:07:18,788 - INFO - 🔧 Request Handler initialized - Success rate: 100.0%
2026-09-02 12:11:41,750 - INFO - Original clue keywords: electric-shaver, gaming
2026-09-02 12:11:41,750 - INFO - Niche-focused seeds: electric-shaver nikon, nikon electric-shaver, electric-shaver cheap, cheap electric-shaver, electric-shaver best, best electric-shaver, electric-shaver latest, latest electric-shaver, electric-shaver review, review electric-shaver, electric-shaver price, price electric-shaver, electric-shaver sell, sell electric-shaver, electric-shaver buy, buy electric-shaver, electric-shaver recommendation, recommendation electric-shaver, electric-shaver tips, tips electric-shaver, electric-shaver tutorial, tutorial electric-shaver, electric-shaver guide, guide electric-shaver, electric-shaver how to, how to electric-shaver, electric-shaver vs, vs electric-shaver, electric-shaver versus, versus electric-shaver, electric-shaver compared to, compared to electric-shaver, electric-shaver comparison, comparison electric-shaver, electric-shaver alternatives, alternatives electric-shaver, electric-shaver which is better, which is better electric-shaver, electric-shaver expensive, expensive electric-shaver, electric-shaver discount, discount electric-shaver, electric-shaver deals, deals electric-shaver, electric-shaver sale, sale electric-shaver, electric-shaver affordable, affordable electric-shaver, electric-shaver cost, cost electric-shaver, electric-shaver online, online electric-shaver, electric-shaver offline, offline electric-shaver, electric-shaver marketplace, marketplace electric-shaver, electric-shaver store, store electric-shaver, electric-shaver shop, shop electric-shaver, electric-shaver retailer, retailer electric-shaver, electric-shaver where to buy, where to buy electric-shaver, electric-shaver worst, worst electric-shaver, electric-shaver quality, quality electric-shaver, electric-shaver original, original electric-shaver, electric-shaver genuine, genuine electric-shaver, electric-shaver fake, fake electric-shaver, electric-shaver replica, replica electric-shaver, electric-shaver authentic, authentic electric-shaver, electric-shaver brand, brand electric-shaver, electric-shaver manufacturer, manufacturer electric-shaver, electric-shaver company, company electric-shaver, electric-shaver product, product electric-shaver, electric-shaver nikon product, nikon product electric-shaver, electric-shaver sell nikon, sell nikon electric-shaver, electric-shaver buy nikon, buy nikon electric-shaver, electric-shaver cheap nikon, cheap nikon electric-shaver, electric-shaver best nikon, best nikon electric-shaver, electric-shaver nikon review, nikon review electric-shaver, electric-shaver where to buy nikon, where to buy nikon electric-shaver, electric-shaver how to choose nikon, how to choose nikon electric-shaver, electric-shaver top nikon, top nikon electric-shaver, electric-shaver nikon guide, nikon guide electric-shaver, electric-shaver nikon for sale, nikon for sale electric-shaver, electric-shaver nikon deals, nikon deals electric-shaver, gaming nikon, nikon gaming, gaming cheap, cheap gaming, gaming best, best gaming, gaming latest, latest gaming, gaming review, review gaming, gaming price, price gaming, gaming sell, sell gaming, gaming buy, buy gaming, gaming recommendation, recommendation gaming, gaming tips, tips gaming, gaming tutorial, tutorial gaming, gaming guide, guide gaming, gaming how to, how to gaming, gaming vs, vs gaming, gaming versus, versus gaming, gaming compared to, compared to gaming, gaming comparison, comparison gaming, gaming alternatives, alternatives gaming, gaming which is better, which is better gaming, gaming expensive, expensive gaming, gaming discount, discount gaming, gaming deals, deals gaming, gaming sale, sale gaming, gaming affordable, affordable gaming, gaming cost, cost gaming, gaming online, online gaming, gaming offline, offline gaming, gaming marketplace, marketplace gaming, gaming store, store gaming, gaming shop, shop gaming, gaming retailer, retailer gaming, gaming where to buy, where to buy gaming, gaming worst, worst gaming, gaming quality, quality gaming, gaming original, original gaming, gaming genuine, genuine gaming, gaming fake, fake gaming, gaming replica, replica gaming, gaming authentic, authentic gaming, gaming brand, brand gaming, gaming manufacturer, manufacturer gaming, gaming company, company gaming, gaming product, product gaming, gaming nikon product, nikon product gaming, gaming sell nikon, sell nikon gaming, gaming buy nikon, buy nikon gaming, gaming cheap nikon, cheap nikon gaming, gaming best nikon, best nikon gaming, gaming nikon review, nikon review gaming, gaming where to buy nikon, where to buy nikon gaming, gaming how to choose nikon, how to choose nikon gaming, gaming top nikon, top nikon gaming, gaming nikon guide, nikon guide gaming, gaming nikon for sale, nikon for sale gaming, gaming nikon deals, nikon deals gaming
2026-09-02 12:11:41,753 - INFO - Expanded 220 seed keywords to 385 variations
2026-09-02 12:11:41,753 - INFO - Language: en
2026-09-02 12:11:41,753 - INFO - Region: us
2026-09-02 12:16:11,448 - INFO - 🎯 After all filtering for 'nikon': 120 relevant keywords
2026-09-02 12:16:11,720 - INFO - 🎯 Found 5 new keywords for niche 'nikon': nikon affordable electric-shaver, cheap affordable electric-shaver, best affordable electric-shaver, how to affordable electric-shaver, nikon affordable gaming
2026-09-02 12:16:27,450 - INFO - ✅ Niche 'nikon' process complete! 689 total keyword results.
2026-09-02 12:16:27,450 - INFO - ✅ Completed processing niche: 'nikon'
2026-09-02 12:16:27,450 - INFO - 🔧 Request Handler final stats - Success rate: 100.0%
2026-09-02 12:16:27,450 - INFO -    Total requests: 186374, Blocks: 1
2026-09-02 12:16:27,451 - INFO - 
========================================
2026-09-02 12:16:27,452 - INFO - Process Summary:
2026-09-02 12:16:27,452 - INFO - - Current niche: 'nikon'
2026-09-02 12:16:27,452 - INFO - - Next niche will be: 'huawei'
2026-09-02 12:16:27,452 - INFO - - Keywords saved in: languages/english/keywords/nikon/
2026-09-02 12:16:27,453 - INFO - ========================================
