2026-10-08 21:32:10,444 - INFO - Log file created at: /home/runner/work/potensitech.com/potensitech.com/languages/english/keywords/logs/kw_search_20261008_213210.log
2026-10-08 21:32:10,445 - INFO - ============================================================
2026-10-08 21:32:10,445 - INFO - AUTOMATIC KEYWORD RESEARCH TOOL
2026-10-08 21:32:10,445 - INFO - ============================================================
2026-10-08 21:32:10,846 - INFO - ========================================
2026-10-08 21:32:10,846 - INFO - Found 14 niches to process: xiaomi, iphone, samsung, apple, sony, asus, philips, sandisk, intel, nvidia, amd, canon, nikon, huawei
2026-10-08 21:32:10,846 - INFO - ========================================
2026-10-08 21:32:10,847 - INFO - Continuing from last processed niche: nvidia
2026-10-08 21:32:10,847 - INFO - ========================================
2026-10-08 21:32:10,847 - INFO - 🎯 PROCESSING NICHE 11/14: 'amd'
2026-10-08 21:32:10,847 - INFO - ========================================
2026-10-08 21:32:10,847 - INFO - 📁 Niche directory: /home/runner/work/potensitech.com/potensitech.com/languages/english/keywords/amd
2026-10-08 21:32:10,847 - INFO - Selected region: us
2026-10-08 21:32:10,847 - INFO - Selected language: en
2026-10-08 21:32:10,847 - INFO - 🎯 Current niche: amd
2026-10-08 21:32:21,675 - INFO - 🎯 Niche terms for filtering: amd, cheap, best, latest, review, price, sell, buy, recommendation, tips, tutorial, guide, how to, vs, versus, compared to, comparison, alternatives, which is better, expensive, discount, deals, sale, affordable, cost, online, offline, marketplace, store, shop, retailer, where to buy, worst, quality, original, genuine, fake, replica, authentic, brand, manufacturer, company, product, amd product, sell amd, buy amd, cheap amd, best amd, amd review, where to buy amd, how to choose amd, top amd, amd guide, amd for sale, amd deals
2026-10-08 21:32:21,675 - INFO - Generated 50 niche-clue pairs for 'amd'.
2026-10-08 21:32:21,677 - INFO - Expanded 50 seed keywords to 218 variations
2026-10-08 21:32:21,678 - INFO - 🔧 Request Handler initialized - Success rate: 100.0%
2026-10-08 21:36:46,090 - INFO - Original clue keywords: core performance, camera
2026-10-08 21:36:46,090 - INFO - Niche-focused seeds: core performance amd, amd core performance, core performance cheap, cheap core performance, core performance best, best core performance, core performance latest, latest core performance, core performance review, review core performance, core performance price, price core performance, core performance sell, sell core performance, core performance buy, buy core performance, core performance recommendation, recommendation core performance, core performance tips, tips core performance, core performance tutorial, tutorial core performance, core performance guide, guide core performance, core performance how to, how to core performance, core performance vs, vs core performance, core performance versus, versus core performance, core performance compared to, compared to core performance, core performance comparison, comparison core performance, core performance alternatives, alternatives core performance, core performance which is better, which is better core performance, core performance expensive, expensive core performance, core performance discount, discount core performance, core performance deals, deals core performance, core performance sale, sale core performance, core performance affordable, affordable core performance, core performance cost, cost core performance, core performance online, online core performance, core performance offline, offline core performance, core performance marketplace, marketplace core performance, core performance store, store core performance, core performance shop, shop core performance, core performance retailer, retailer core performance, core performance where to buy, where to buy core performance, core performance worst, worst core performance, core performance quality, quality core performance, core performance original, original core performance, core performance genuine, genuine core performance, core performance fake, fake core performance, core performance replica, replica core performance, core performance authentic, authentic core performance, core performance brand, brand core performance, core performance manufacturer, manufacturer core performance, core performance company, company core performance, core performance product, product core performance, core performance amd product, amd product core performance, core performance sell amd, sell amd core performance, core performance buy amd, buy amd core performance, core performance cheap amd, cheap amd core performance, core performance best amd, best amd core performance, core performance amd review, amd review core performance, core performance where to buy amd, where to buy amd core performance, core performance how to choose amd, how to choose amd core performance, core performance top amd, top amd core performance, core performance amd guide, amd guide core performance, core performance amd for sale, amd for sale core performance, core performance amd deals, amd deals core performance, camera amd, amd camera, camera cheap, cheap camera, camera best, best camera, camera latest, latest camera, camera review, review camera, camera price, price camera, camera sell, sell camera, camera buy, buy camera, camera recommendation, recommendation camera, camera tips, tips camera, camera tutorial, tutorial camera, camera guide, guide camera, camera how to, how to camera, camera vs, vs camera, camera versus, versus camera, camera compared to, compared to camera, camera comparison, comparison camera, camera alternatives, alternatives camera, camera which is better, which is better camera, camera expensive, expensive camera, camera discount, discount camera, camera deals, deals camera, camera sale, sale camera, camera affordable, affordable camera, camera cost, cost camera, camera online, online camera, camera offline, offline camera, camera marketplace, marketplace camera, camera store, store camera, camera shop, shop camera, camera retailer, retailer camera, camera where to buy, where to buy camera, camera worst, worst camera, camera quality, quality camera, camera original, original camera, camera genuine, genuine camera, camera fake, fake camera, camera replica, replica camera, camera authentic, authentic camera, camera brand, brand camera, camera manufacturer, manufacturer camera, camera company, company camera, camera product, product camera, camera amd product, amd product camera, camera sell amd, sell amd camera, camera buy amd, buy amd camera, camera cheap amd, cheap amd camera, camera best amd, best amd camera, camera amd review, amd review camera, camera where to buy amd, where to buy amd camera, camera how to choose amd, how to choose amd camera, camera top amd, top amd camera, camera amd guide, amd guide camera, camera amd for sale, amd for sale camera, camera amd deals, amd deals camera
2026-10-08 21:36:46,093 - INFO - Expanded 220 seed keywords to 385 variations
2026-10-08 21:36:46,093 - INFO - Language: en
2026-10-08 21:36:46,093 - INFO - Region: us
2026-10-08 21:41:14,112 - INFO - 🎯 After all filtering for 'amd': 116 relevant keywords
2026-10-08 21:41:14,298 - INFO - 🎯 Found 5 new keywords for niche 'amd': amd affordable camera, cheap affordable camera, best affordable camera, how to affordable camera, amd alternatives camera
2026-10-08 21:41:30,126 - INFO - ✅ Niche 'amd' process complete! 829 total keyword results.
2026-10-08 21:41:30,127 - INFO - ✅ Completed processing niche: 'amd'
2026-10-08 21:41:30,127 - INFO - 🔧 Request Handler final stats - Success rate: 100.0%
2026-10-08 21:41:30,127 - INFO -    Total requests: 217774, Blocks: 1
2026-10-08 21:41:30,128 - INFO - 
========================================
2026-10-08 21:41:30,128 - INFO - Process Summary:
2026-10-08 21:41:30,128 - INFO - - Current niche: 'amd'
2026-10-08 21:41:30,128 - INFO - - Next niche will be: 'canon'
2026-10-08 21:41:30,128 - INFO - - Keywords saved in: languages/english/keywords/amd/
2026-10-08 21:41:30,128 - INFO - ========================================
