2026-08-23 17:01:42,212 - INFO - Log file created at: /home/runner/work/potensitech.com/potensitech.com/languages/english/keywords/logs/kw_search_20260823_170142.log
2026-08-23 17:01:42,212 - INFO - ============================================================
2026-08-23 17:01:42,212 - INFO - AUTOMATIC KEYWORD RESEARCH TOOL
2026-08-23 17:01:42,212 - INFO - ============================================================
2026-08-23 17:01:42,534 - INFO - ========================================
2026-08-23 17:01:42,534 - INFO - Found 14 niches to process: xiaomi, iphone, samsung, apple, sony, asus, philips, sandisk, intel, nvidia, amd, canon, nikon, huawei
2026-08-23 17:01:42,534 - INFO - ========================================
2026-08-23 17:01:42,534 - INFO - All niches completed, starting over
2026-08-23 17:01:42,534 - INFO - ========================================
2026-08-23 17:01:42,534 - INFO - 🎯 PROCESSING NICHE 1/14: 'xiaomi'
2026-08-23 17:01:42,534 - INFO - ========================================
2026-08-23 17:01:42,534 - INFO - 📁 Niche directory: /home/runner/work/potensitech.com/potensitech.com/languages/english/keywords/xiaomi
2026-08-23 17:01:42,534 - INFO - Selected region: us
2026-08-23 17:01:42,534 - INFO - Selected language: en
2026-08-23 17:01:42,534 - INFO - 🎯 Current niche: xiaomi
2026-08-23 17:01:53,774 - INFO - 🎯 Niche terms for filtering: xiaomi, cheap, best, latest, review, price, sell, buy, recommendation, tips, tutorial, guide, how to, vs, versus, compared to, comparison, alternatives, which is better, expensive, discount, deals, sale, affordable, cost, online, offline, marketplace, store, shop, retailer, where to buy, worst, quality, original, genuine, fake, replica, authentic, brand, manufacturer, company, product, xiaomi product, sell xiaomi, buy xiaomi, cheap xiaomi, best xiaomi, xiaomi review, where to buy xiaomi, how to choose xiaomi, top xiaomi, xiaomi guide, xiaomi for sale, xiaomi deals
2026-08-23 17:01:53,774 - INFO - Generated 50 niche-clue pairs for 'xiaomi'.
2026-08-23 17:01:53,777 - INFO - Expanded 50 seed keywords to 218 variations
2026-08-23 17:01:53,778 - INFO - 🔧 Request Handler initialized - Success rate: 100.0%
2026-08-23 17:06:19,549 - INFO - Original clue keywords: data storage, camera lens
2026-08-23 17:06:19,549 - INFO - Niche-focused seeds: data storage xiaomi, xiaomi data storage, data storage cheap, cheap data storage, data storage best, best data storage, data storage latest, latest data storage, data storage review, review data storage, data storage price, price data storage, data storage sell, sell data storage, data storage buy, buy data storage, data storage recommendation, recommendation data storage, data storage tips, tips data storage, data storage tutorial, tutorial data storage, data storage guide, guide data storage, data storage how to, how to data storage, data storage vs, vs data storage, data storage versus, versus data storage, data storage compared to, compared to data storage, data storage comparison, comparison data storage, data storage alternatives, alternatives data storage, data storage which is better, which is better data storage, data storage expensive, expensive data storage, data storage discount, discount data storage, data storage deals, deals data storage, data storage sale, sale data storage, data storage affordable, affordable data storage, data storage cost, cost data storage, data storage online, online data storage, data storage offline, offline data storage, data storage marketplace, marketplace data storage, data storage store, store data storage, data storage shop, shop data storage, data storage retailer, retailer data storage, data storage where to buy, where to buy data storage, data storage worst, worst data storage, data storage quality, quality data storage, data storage original, original data storage, data storage genuine, genuine data storage, data storage fake, fake data storage, data storage replica, replica data storage, data storage authentic, authentic data storage, data storage brand, brand data storage, data storage manufacturer, manufacturer data storage, data storage company, company data storage, data storage product, product data storage, data storage xiaomi product, xiaomi product data storage, data storage sell xiaomi, sell xiaomi data storage, data storage buy xiaomi, buy xiaomi data storage, data storage cheap xiaomi, cheap xiaomi data storage, data storage best xiaomi, best xiaomi data storage, data storage xiaomi review, xiaomi review data storage, data storage where to buy xiaomi, where to buy xiaomi data storage, data storage how to choose xiaomi, how to choose xiaomi data storage, data storage top xiaomi, top xiaomi data storage, data storage xiaomi guide, xiaomi guide data storage, data storage xiaomi for sale, xiaomi for sale data storage, data storage xiaomi deals, xiaomi deals data storage, camera lens xiaomi, xiaomi camera lens, camera lens cheap, cheap camera lens, camera lens best, best camera lens, camera lens latest, latest camera lens, camera lens review, review camera lens, camera lens price, price camera lens, camera lens sell, sell camera lens, camera lens buy, buy camera lens, camera lens recommendation, recommendation camera lens, camera lens tips, tips camera lens, camera lens tutorial, tutorial camera lens, camera lens guide, guide camera lens, camera lens how to, how to camera lens, camera lens vs, vs camera lens, camera lens versus, versus camera lens, camera lens compared to, compared to camera lens, camera lens comparison, comparison camera lens, camera lens alternatives, alternatives camera lens, camera lens which is better, which is better camera lens, camera lens expensive, expensive camera lens, camera lens discount, discount camera lens, camera lens deals, deals camera lens, camera lens sale, sale camera lens, camera lens affordable, affordable camera lens, camera lens cost, cost camera lens, camera lens online, online camera lens, camera lens offline, offline camera lens, camera lens marketplace, marketplace camera lens, camera lens store, store camera lens, camera lens shop, shop camera lens, camera lens retailer, retailer camera lens, camera lens where to buy, where to buy camera lens, camera lens worst, worst camera lens, camera lens quality, quality camera lens, camera lens original, original camera lens, camera lens genuine, genuine camera lens, camera lens fake, fake camera lens, camera lens replica, replica camera lens, camera lens authentic, authentic camera lens, camera lens brand, brand camera lens, camera lens manufacturer, manufacturer camera lens, camera lens company, company camera lens, camera lens product, product camera lens, camera lens xiaomi product, xiaomi product camera lens, camera lens sell xiaomi, sell xiaomi camera lens, camera lens buy xiaomi, buy xiaomi camera lens, camera lens cheap xiaomi, cheap xiaomi camera lens, camera lens best xiaomi, best xiaomi camera lens, camera lens xiaomi review, xiaomi review camera lens, camera lens where to buy xiaomi, where to buy xiaomi camera lens, camera lens how to choose xiaomi, how to choose xiaomi camera lens, camera lens top xiaomi, top xiaomi camera lens, camera lens xiaomi guide, xiaomi guide camera lens, camera lens xiaomi for sale, xiaomi for sale camera lens, camera lens xiaomi deals, xiaomi deals camera lens
2026-08-23 17:06:19,552 - INFO - Expanded 220 seed keywords to 385 variations
2026-08-23 17:06:19,552 - INFO - Language: en
2026-08-23 17:06:19,552 - INFO - Region: us
2026-08-23 17:06:52,863 - INFO - 🎯 After all filtering for 'xiaomi': 120 relevant keywords
2026-08-23 17:06:53,358 - INFO - 🎯 Found 2 new keywords for niche 'xiaomi': xiaomi affordable camera lens, xiaomi affordable data storage
2026-08-23 17:07:09,899 - INFO - ✅ Niche 'xiaomi' process complete! 652 total keyword results.
2026-08-23 17:07:09,899 - INFO - ✅ Completed processing niche: 'xiaomi'
2026-08-23 17:07:09,899 - INFO - 🔧 Request Handler final stats - Success rate: 100.0%
2026-08-23 17:07:09,899 - INFO -    Total requests: 178855, Blocks: 1
2026-08-23 17:07:09,901 - INFO - 
========================================
2026-08-23 17:07:09,901 - INFO - Process Summary:
2026-08-23 17:07:09,901 - INFO - - Current niche: 'xiaomi'
2026-08-23 17:07:09,901 - INFO - - Next niche will be: 'iphone'
2026-08-23 17:07:09,901 - INFO - - Keywords saved in: languages/english/keywords/xiaomi/
2026-08-23 17:07:09,902 - INFO - ========================================
