2026-08-06 13:56:22,365 - INFO - Log file created at: /home/runner/work/potensitech.com/potensitech.com/languages/english/keywords/logs/kw_search_20260806_135622.log
2026-08-06 13:56:22,366 - INFO - ============================================================
2026-08-06 13:56:22,366 - INFO - AUTOMATIC KEYWORD RESEARCH TOOL
2026-08-06 13:56:22,366 - INFO - ============================================================
2026-08-06 13:56:22,609 - INFO - ========================================
2026-08-06 13:56:22,609 - INFO - Found 14 niches to process: xiaomi, iphone, samsung, apple, sony, asus, philips, sandisk, intel, nvidia, amd, canon, nikon, huawei
2026-08-06 13:56:22,609 - INFO - ========================================
2026-08-06 13:56:22,609 - INFO - Continuing from last processed niche: canon
2026-08-06 13:56:22,609 - INFO - ========================================
2026-08-06 13:56:22,609 - INFO - 🎯 PROCESSING NICHE 13/14: 'nikon'
2026-08-06 13:56:22,609 - INFO - ========================================
2026-08-06 13:56:22,609 - INFO - 📁 Niche directory: /home/runner/work/potensitech.com/potensitech.com/languages/english/keywords/nikon
2026-08-06 13:56:22,610 - INFO - Selected region: us
2026-08-06 13:56:22,610 - INFO - Selected language: en
2026-08-06 13:56:22,610 - INFO - 🎯 Current niche: nikon
2026-08-06 13:56:23,379 - INFO - 🎯 Niche terms for filtering: nikon, cheap, best, latest, review, price, sell, buy, recommendation, tips, tutorial, guide, how to, vs, versus, compared to, comparison, alternatives, which is better, expensive, discount, deals, sale, affordable, cost, online, offline, marketplace, store, shop, retailer, where to buy, worst, quality, original, genuine, fake, replica, authentic, brand, manufacturer, company, product, nikon product, sell nikon, buy nikon, cheap nikon, best nikon, nikon review, where to buy nikon, how to choose nikon, top nikon, nikon guide, nikon for sale, nikon deals
2026-08-06 13:56:23,379 - INFO - Generated 50 niche-clue pairs for 'nikon'.
2026-08-06 13:56:23,383 - INFO - Expanded 50 seed keywords to 218 variations
2026-08-06 13:56:23,383 - INFO - 🔧 Request Handler initialized - Success rate: 100.0%
2026-08-06 14:00:46,621 - INFO - Original clue keywords: autofocus technology, dslr lens
2026-08-06 14:00:46,621 - INFO - Niche-focused seeds: autofocus technology nikon, nikon autofocus technology, autofocus technology cheap, cheap autofocus technology, autofocus technology best, best autofocus technology, autofocus technology latest, latest autofocus technology, autofocus technology review, review autofocus technology, autofocus technology price, price autofocus technology, autofocus technology sell, sell autofocus technology, autofocus technology buy, buy autofocus technology, autofocus technology recommendation, recommendation autofocus technology, autofocus technology tips, tips autofocus technology, autofocus technology tutorial, tutorial autofocus technology, autofocus technology guide, guide autofocus technology, autofocus technology how to, how to autofocus technology, autofocus technology vs, vs autofocus technology, autofocus technology versus, versus autofocus technology, autofocus technology compared to, compared to autofocus technology, autofocus technology comparison, comparison autofocus technology, autofocus technology alternatives, alternatives autofocus technology, autofocus technology which is better, which is better autofocus technology, autofocus technology expensive, expensive autofocus technology, autofocus technology discount, discount autofocus technology, autofocus technology deals, deals autofocus technology, autofocus technology sale, sale autofocus technology, autofocus technology affordable, affordable autofocus technology, autofocus technology cost, cost autofocus technology, autofocus technology online, online autofocus technology, autofocus technology offline, offline autofocus technology, autofocus technology marketplace, marketplace autofocus technology, autofocus technology store, store autofocus technology, autofocus technology shop, shop autofocus technology, autofocus technology retailer, retailer autofocus technology, autofocus technology where to buy, where to buy autofocus technology, autofocus technology worst, worst autofocus technology, autofocus technology quality, quality autofocus technology, autofocus technology original, original autofocus technology, autofocus technology genuine, genuine autofocus technology, autofocus technology fake, fake autofocus technology, autofocus technology replica, replica autofocus technology, autofocus technology authentic, authentic autofocus technology, autofocus technology brand, brand autofocus technology, autofocus technology manufacturer, manufacturer autofocus technology, autofocus technology company, company autofocus technology, autofocus technology product, product autofocus technology, autofocus technology nikon product, nikon product autofocus technology, autofocus technology sell nikon, sell nikon autofocus technology, autofocus technology buy nikon, buy nikon autofocus technology, autofocus technology cheap nikon, cheap nikon autofocus technology, autofocus technology best nikon, best nikon autofocus technology, autofocus technology nikon review, nikon review autofocus technology, autofocus technology where to buy nikon, where to buy nikon autofocus technology, autofocus technology how to choose nikon, how to choose nikon autofocus technology, autofocus technology top nikon, top nikon autofocus technology, autofocus technology nikon guide, nikon guide autofocus technology, autofocus technology nikon for sale, nikon for sale autofocus technology, autofocus technology nikon deals, nikon deals autofocus technology, dslr lens nikon, nikon dslr lens, dslr lens cheap, cheap dslr lens, dslr lens best, best dslr lens, dslr lens latest, latest dslr lens, dslr lens review, review dslr lens, dslr lens price, price dslr lens, dslr lens sell, sell dslr lens, dslr lens buy, buy dslr lens, dslr lens recommendation, recommendation dslr lens, dslr lens tips, tips dslr lens, dslr lens tutorial, tutorial dslr lens, dslr lens guide, guide dslr lens, dslr lens how to, how to dslr lens, dslr lens vs, vs dslr lens, dslr lens versus, versus dslr lens, dslr lens compared to, compared to dslr lens, dslr lens comparison, comparison dslr lens, dslr lens alternatives, alternatives dslr lens, dslr lens which is better, which is better dslr lens, dslr lens expensive, expensive dslr lens, dslr lens discount, discount dslr lens, dslr lens deals, deals dslr lens, dslr lens sale, sale dslr lens, dslr lens affordable, affordable dslr lens, dslr lens cost, cost dslr lens, dslr lens online, online dslr lens, dslr lens offline, offline dslr lens, dslr lens marketplace, marketplace dslr lens, dslr lens store, store dslr lens, dslr lens shop, shop dslr lens, dslr lens retailer, retailer dslr lens, dslr lens where to buy, where to buy dslr lens, dslr lens worst, worst dslr lens, dslr lens quality, quality dslr lens, dslr lens original, original dslr lens, dslr lens genuine, genuine dslr lens, dslr lens fake, fake dslr lens, dslr lens replica, replica dslr lens, dslr lens authentic, authentic dslr lens, dslr lens brand, brand dslr lens, dslr lens manufacturer, manufacturer dslr lens, dslr lens company, company dslr lens, dslr lens product, product dslr lens, dslr lens nikon product, nikon product dslr lens, dslr lens sell nikon, sell nikon dslr lens, dslr lens buy nikon, buy nikon dslr lens, dslr lens cheap nikon, cheap nikon dslr lens, dslr lens best nikon, best nikon dslr lens, dslr lens nikon review, nikon review dslr lens, dslr lens where to buy nikon, where to buy nikon dslr lens, dslr lens how to choose nikon, how to choose nikon dslr lens, dslr lens top nikon, top nikon dslr lens, dslr lens nikon guide, nikon guide dslr lens, dslr lens nikon for sale, nikon for sale dslr lens, dslr lens nikon deals, nikon deals dslr lens
2026-08-06 14:00:46,624 - INFO - Expanded 220 seed keywords to 385 variations
2026-08-06 14:00:46,624 - INFO - Language: en
2026-08-06 14:00:46,624 - INFO - Region: us
2026-08-06 14:04:23,796 - INFO - 🎯 After all filtering for 'nikon': 120 relevant keywords
2026-08-06 14:04:23,841 - INFO - 🎯 Found 2 new keywords for niche 'nikon': nikon affordable autofocus technology, nikon affordable dslr lens
2026-08-06 14:04:24,349 - INFO - ✅ Niche 'nikon' process complete! 652 total keyword results.
2026-08-06 14:04:24,349 - INFO - ✅ Completed processing niche: 'nikon'
2026-08-06 14:04:24,349 - INFO - 🔧 Request Handler final stats - Success rate: 100.0%
2026-08-06 14:04:24,349 - INFO -    Total requests: 165601, Blocks: 1
2026-08-06 14:04:24,350 - INFO - 
========================================
2026-08-06 14:04:24,350 - INFO - Process Summary:
2026-08-06 14:04:24,350 - INFO - - Current niche: 'nikon'
2026-08-06 14:04:24,350 - INFO - - Next niche will be: 'huawei'
2026-08-06 14:04:24,350 - INFO - - Keywords saved in: languages/english/keywords/nikon/
2026-08-06 14:04:24,351 - INFO - ========================================
