2026-10-06 19:36:16,043 - INFO - Log file created at: /home/runner/work/potensitech.com/potensitech.com/languages/english/keywords/logs/kw_search_20261006_193616.log
2026-10-06 19:36:16,043 - INFO - ============================================================
2026-10-06 19:36:16,043 - INFO - AUTOMATIC KEYWORD RESEARCH TOOL
2026-10-06 19:36:16,043 - INFO - ============================================================
2026-10-06 19:36:16,483 - INFO - ========================================
2026-10-06 19:36:16,483 - INFO - Found 14 niches to process: xiaomi, iphone, samsung, apple, sony, asus, philips, sandisk, intel, nvidia, amd, canon, nikon, huawei
2026-10-06 19:36:16,483 - INFO - ========================================
2026-10-06 19:36:16,483 - INFO - Continuing from last processed niche: apple
2026-10-06 19:36:16,483 - INFO - ========================================
2026-10-06 19:36:16,483 - INFO - 🎯 PROCESSING NICHE 5/14: 'sony'
2026-10-06 19:36:16,484 - INFO - ========================================
2026-10-06 19:36:16,484 - INFO - 📁 Niche directory: /home/runner/work/potensitech.com/potensitech.com/languages/english/keywords/sony
2026-10-06 19:36:16,484 - INFO - Selected region: us
2026-10-06 19:36:16,484 - INFO - Selected language: en
2026-10-06 19:36:16,484 - INFO - 🎯 Current niche: sony
2026-10-06 19:36:27,198 - INFO - 🎯 Niche terms for filtering: sony, cheap, best, latest, review, price, sell, buy, recommendation, tips, tutorial, guide, how to, vs, versus, compared to, comparison, alternatives, which is better, expensive, discount, deals, sale, affordable, cost, online, offline, marketplace, store, shop, retailer, where to buy, worst, quality, original, genuine, fake, replica, authentic, brand, manufacturer, company, product, sony product, sell sony, buy sony, cheap sony, best sony, sony review, where to buy sony, how to choose sony, top sony, sony guide, sony for sale, sony deals
2026-10-06 19:36:27,199 - INFO - Generated 50 niche-clue pairs for 'sony'.
2026-10-06 19:36:27,204 - INFO - Expanded 50 seed keywords to 218 variations
2026-10-06 19:36:27,205 - INFO - 🔧 Request Handler initialized - Success rate: 100.0%
2026-10-06 19:40:53,252 - INFO - Original clue keywords: oled display, fast charging
2026-10-06 19:40:53,252 - INFO - Niche-focused seeds: oled display sony, sony oled display, oled display cheap, cheap oled display, oled display best, best oled display, oled display latest, latest oled display, oled display review, review oled display, oled display price, price oled display, oled display sell, sell oled display, oled display buy, buy oled display, oled display recommendation, recommendation oled display, oled display tips, tips oled display, oled display tutorial, tutorial oled display, oled display guide, guide oled display, oled display how to, how to oled display, oled display vs, vs oled display, oled display versus, versus oled display, oled display compared to, compared to oled display, oled display comparison, comparison oled display, oled display alternatives, alternatives oled display, oled display which is better, which is better oled display, oled display expensive, expensive oled display, oled display discount, discount oled display, oled display deals, deals oled display, oled display sale, sale oled display, oled display affordable, affordable oled display, oled display cost, cost oled display, oled display online, online oled display, oled display offline, offline oled display, oled display marketplace, marketplace oled display, oled display store, store oled display, oled display shop, shop oled display, oled display retailer, retailer oled display, oled display where to buy, where to buy oled display, oled display worst, worst oled display, oled display quality, quality oled display, oled display original, original oled display, oled display genuine, genuine oled display, oled display fake, fake oled display, oled display replica, replica oled display, oled display authentic, authentic oled display, oled display brand, brand oled display, oled display manufacturer, manufacturer oled display, oled display company, company oled display, oled display product, product oled display, oled display sony product, sony product oled display, oled display sell sony, sell sony oled display, oled display buy sony, buy sony oled display, oled display cheap sony, cheap sony oled display, oled display best sony, best sony oled display, oled display sony review, sony review oled display, oled display where to buy sony, where to buy sony oled display, oled display how to choose sony, how to choose sony oled display, oled display top sony, top sony oled display, oled display sony guide, sony guide oled display, oled display sony for sale, sony for sale oled display, oled display sony deals, sony deals oled display, fast charging sony, sony fast charging, fast charging cheap, cheap fast charging, fast charging best, best fast charging, fast charging latest, latest fast charging, fast charging review, review fast charging, fast charging price, price fast charging, fast charging sell, sell fast charging, fast charging buy, buy fast charging, fast charging recommendation, recommendation fast charging, fast charging tips, tips fast charging, fast charging tutorial, tutorial fast charging, fast charging guide, guide fast charging, fast charging how to, how to fast charging, fast charging vs, vs fast charging, fast charging versus, versus fast charging, fast charging compared to, compared to fast charging, fast charging comparison, comparison fast charging, fast charging alternatives, alternatives fast charging, fast charging which is better, which is better fast charging, fast charging expensive, expensive fast charging, fast charging discount, discount fast charging, fast charging deals, deals fast charging, fast charging sale, sale fast charging, fast charging affordable, affordable fast charging, fast charging cost, cost fast charging, fast charging online, online fast charging, fast charging offline, offline fast charging, fast charging marketplace, marketplace fast charging, fast charging store, store fast charging, fast charging shop, shop fast charging, fast charging retailer, retailer fast charging, fast charging where to buy, where to buy fast charging, fast charging worst, worst fast charging, fast charging quality, quality fast charging, fast charging original, original fast charging, fast charging genuine, genuine fast charging, fast charging fake, fake fast charging, fast charging replica, replica fast charging, fast charging authentic, authentic fast charging, fast charging brand, brand fast charging, fast charging manufacturer, manufacturer fast charging, fast charging company, company fast charging, fast charging product, product fast charging, fast charging sony product, sony product fast charging, fast charging sell sony, sell sony fast charging, fast charging buy sony, buy sony fast charging, fast charging cheap sony, cheap sony fast charging, fast charging best sony, best sony fast charging, fast charging sony review, sony review fast charging, fast charging where to buy sony, where to buy sony fast charging, fast charging how to choose sony, how to choose sony fast charging, fast charging top sony, top sony fast charging, fast charging sony guide, sony guide fast charging, fast charging sony for sale, sony for sale fast charging, fast charging sony deals, sony deals fast charging
2026-10-06 19:40:53,256 - INFO - Expanded 220 seed keywords to 385 variations
2026-10-06 19:40:53,256 - INFO - Language: en
2026-10-06 19:40:53,256 - INFO - Region: us
2026-10-06 19:45:26,125 - INFO - 🎯 After all filtering for 'sony': 120 relevant keywords
2026-10-06 19:45:27,430 - INFO - 🎯 Found 5 new keywords for niche 'sony': sony affordable fast charging, sony affordable oled display, cheap alternatives oled display, best authentic oled display, how to brand oled display
2026-10-06 19:45:43,761 - INFO - ✅ Niche 'sony' process complete! 708 total keyword results.
2026-10-06 19:45:43,761 - INFO - ✅ Completed processing niche: 'sony'
2026-10-06 19:45:43,761 - INFO - 🔧 Request Handler final stats - Success rate: 100.0%
2026-10-06 19:45:43,761 - INFO -    Total requests: 216059, Blocks: 1
2026-10-06 19:45:43,762 - INFO - 
========================================
2026-10-06 19:45:43,762 - INFO - Process Summary:
2026-10-06 19:45:43,762 - INFO - - Current niche: 'sony'
2026-10-06 19:45:43,762 - INFO - - Next niche will be: 'asus'
2026-10-06 19:45:43,763 - INFO - - Keywords saved in: languages/english/keywords/sony/
2026-10-06 19:45:43,763 - INFO - ========================================
