2026-09-25 08:00:07,760 - INFO - Log file created at: /home/runner/work/potensitech.com/potensitech.com/languages/english/keywords/logs/kw_search_20260925_080007.log
2026-09-25 08:00:07,760 - INFO - ============================================================
2026-09-25 08:00:07,760 - INFO - AUTOMATIC KEYWORD RESEARCH TOOL
2026-09-25 08:00:07,760 - INFO - ============================================================
2026-09-25 08:00:08,071 - INFO - ========================================
2026-09-25 08:00:08,071 - INFO - Found 14 niches to process: xiaomi, iphone, samsung, apple, sony, asus, philips, sandisk, intel, nvidia, amd, canon, nikon, huawei
2026-09-25 08:00:08,071 - INFO - ========================================
2026-09-25 08:00:08,071 - INFO - Continuing from last processed niche: xiaomi
2026-09-25 08:00:08,071 - INFO - ========================================
2026-09-25 08:00:08,071 - INFO - 🎯 PROCESSING NICHE 2/14: 'iphone'
2026-09-25 08:00:08,071 - INFO - ========================================
2026-09-25 08:00:08,071 - INFO - 📁 Niche directory: /home/runner/work/potensitech.com/potensitech.com/languages/english/keywords/iphone
2026-09-25 08:00:08,071 - INFO - Selected region: us
2026-09-25 08:00:08,071 - INFO - Selected language: en
2026-09-25 08:00:08,071 - INFO - 🎯 Current niche: iphone
2026-09-25 08:00:18,855 - INFO - 🎯 Niche terms for filtering: iphone, cheap, best, latest, review, price, sell, buy, recommendation, tips, tutorial, guide, how to, vs, versus, compared to, comparison, alternatives, which is better, expensive, discount, deals, sale, affordable, cost, online, offline, marketplace, store, shop, retailer, where to buy, worst, quality, original, genuine, fake, replica, authentic, brand, manufacturer, company, product, iphone product, sell iphone, buy iphone, cheap iphone, best iphone, iphone review, where to buy iphone, how to choose iphone, top iphone, iphone guide, iphone for sale, iphone deals
2026-09-25 08:00:18,855 - INFO - Generated 50 niche-clue pairs for 'iphone'.
2026-09-25 08:00:18,857 - INFO - Expanded 50 seed keywords to 218 variations
2026-09-25 08:00:18,858 - INFO - 🔧 Request Handler initialized - Success rate: 100.0%
2026-09-25 08:04:42,319 - INFO - Original clue keywords: core speed, power efficiency
2026-09-25 08:04:42,319 - INFO - Niche-focused seeds: core speed iphone, iphone core speed, core speed cheap, cheap core speed, core speed best, best core speed, core speed latest, latest core speed, core speed review, review core speed, core speed price, price core speed, core speed sell, sell core speed, core speed buy, buy core speed, core speed recommendation, recommendation core speed, core speed tips, tips core speed, core speed tutorial, tutorial core speed, core speed guide, guide core speed, core speed how to, how to core speed, core speed vs, vs core speed, core speed versus, versus core speed, core speed compared to, compared to core speed, core speed comparison, comparison core speed, core speed alternatives, alternatives core speed, core speed which is better, which is better core speed, core speed expensive, expensive core speed, core speed discount, discount core speed, core speed deals, deals core speed, core speed sale, sale core speed, core speed affordable, affordable core speed, core speed cost, cost core speed, core speed online, online core speed, core speed offline, offline core speed, core speed marketplace, marketplace core speed, core speed store, store core speed, core speed shop, shop core speed, core speed retailer, retailer core speed, core speed where to buy, where to buy core speed, core speed worst, worst core speed, core speed quality, quality core speed, core speed original, original core speed, core speed genuine, genuine core speed, core speed fake, fake core speed, core speed replica, replica core speed, core speed authentic, authentic core speed, core speed brand, brand core speed, core speed manufacturer, manufacturer core speed, core speed company, company core speed, core speed product, product core speed, core speed iphone product, iphone product core speed, core speed sell iphone, sell iphone core speed, core speed buy iphone, buy iphone core speed, core speed cheap iphone, cheap iphone core speed, core speed best iphone, best iphone core speed, core speed iphone review, iphone review core speed, core speed where to buy iphone, where to buy iphone core speed, core speed how to choose iphone, how to choose iphone core speed, core speed top iphone, top iphone core speed, core speed iphone guide, iphone guide core speed, core speed iphone for sale, iphone for sale core speed, core speed iphone deals, iphone deals core speed, power efficiency iphone, iphone power efficiency, power efficiency cheap, cheap power efficiency, power efficiency best, best power efficiency, power efficiency latest, latest power efficiency, power efficiency review, review power efficiency, power efficiency price, price power efficiency, power efficiency sell, sell power efficiency, power efficiency buy, buy power efficiency, power efficiency recommendation, recommendation power efficiency, power efficiency tips, tips power efficiency, power efficiency tutorial, tutorial power efficiency, power efficiency guide, guide power efficiency, power efficiency how to, how to power efficiency, power efficiency vs, vs power efficiency, power efficiency versus, versus power efficiency, power efficiency compared to, compared to power efficiency, power efficiency comparison, comparison power efficiency, power efficiency alternatives, alternatives power efficiency, power efficiency which is better, which is better power efficiency, power efficiency expensive, expensive power efficiency, power efficiency discount, discount power efficiency, power efficiency deals, deals power efficiency, power efficiency sale, sale power efficiency, power efficiency affordable, affordable power efficiency, power efficiency cost, cost power efficiency, power efficiency online, online power efficiency, power efficiency offline, offline power efficiency, power efficiency marketplace, marketplace power efficiency, power efficiency store, store power efficiency, power efficiency shop, shop power efficiency, power efficiency retailer, retailer power efficiency, power efficiency where to buy, where to buy power efficiency, power efficiency worst, worst power efficiency, power efficiency quality, quality power efficiency, power efficiency original, original power efficiency, power efficiency genuine, genuine power efficiency, power efficiency fake, fake power efficiency, power efficiency replica, replica power efficiency, power efficiency authentic, authentic power efficiency, power efficiency brand, brand power efficiency, power efficiency manufacturer, manufacturer power efficiency, power efficiency company, company power efficiency, power efficiency product, product power efficiency, power efficiency iphone product, iphone product power efficiency, power efficiency sell iphone, sell iphone power efficiency, power efficiency buy iphone, buy iphone power efficiency, power efficiency cheap iphone, cheap iphone power efficiency, power efficiency best iphone, best iphone power efficiency, power efficiency iphone review, iphone review power efficiency, power efficiency where to buy iphone, where to buy iphone power efficiency, power efficiency how to choose iphone, how to choose iphone power efficiency, power efficiency top iphone, top iphone power efficiency, power efficiency iphone guide, iphone guide power efficiency, power efficiency iphone for sale, iphone for sale power efficiency, power efficiency iphone deals, iphone deals power efficiency
2026-09-25 08:04:42,321 - INFO - Expanded 220 seed keywords to 385 variations
2026-09-25 08:04:42,321 - INFO - Language: en
2026-09-25 08:04:42,321 - INFO - Region: us
2026-09-25 08:06:53,955 - INFO - 🎯 After all filtering for 'iphone': 120 relevant keywords
2026-09-25 08:06:57,201 - INFO - 🎯 Found 4 new keywords for niche 'iphone': iphone affordable core speed, iphone affordable power efficiency, cheap alternatives power efficiency, best authentic power efficiency
2026-09-25 08:07:14,167 - INFO - ✅ Niche 'iphone' process complete! 902 total keyword results.
2026-09-25 08:07:14,167 - INFO - ✅ Completed processing niche: 'iphone'
2026-09-25 08:07:14,168 - INFO - 🔧 Request Handler final stats - Success rate: 100.0%
2026-09-25 08:07:14,168 - INFO -    Total requests: 205667, Blocks: 1
2026-09-25 08:07:14,169 - INFO - 
========================================
2026-09-25 08:07:14,169 - INFO - Process Summary:
2026-09-25 08:07:14,169 - INFO - - Current niche: 'iphone'
2026-09-25 08:07:14,169 - INFO - - Next niche will be: 'samsung'
2026-09-25 08:07:14,169 - INFO - - Keywords saved in: languages/english/keywords/iphone/
2026-09-25 08:07:14,169 - INFO - ========================================
