2026-08-26 10:07:54,143 - INFO - Log file created at: /home/runner/work/potensitech.com/potensitech.com/languages/english/keywords/logs/kw_search_20260826_100754.log
2026-08-26 10:07:54,143 - INFO - ============================================================
2026-08-26 10:07:54,143 - INFO - AUTOMATIC KEYWORD RESEARCH TOOL
2026-08-26 10:07:54,143 - INFO - ============================================================
2026-08-26 10:07:54,501 - INFO - ========================================
2026-08-26 10:07:54,501 - INFO - Found 14 niches to process: xiaomi, iphone, samsung, apple, sony, asus, philips, sandisk, intel, nvidia, amd, canon, nikon, huawei
2026-08-26 10:07:54,501 - INFO - ========================================
2026-08-26 10:07:54,501 - INFO - Continuing from last processed niche: nikon
2026-08-26 10:07:54,501 - INFO - ========================================
2026-08-26 10:07:54,501 - INFO - 🎯 PROCESSING NICHE 14/14: 'huawei'
2026-08-26 10:07:54,502 - INFO - ========================================
2026-08-26 10:07:54,502 - INFO - 📁 Niche directory: /home/runner/work/potensitech.com/potensitech.com/languages/english/keywords/huawei
2026-08-26 10:07:54,502 - INFO - Selected region: us
2026-08-26 10:07:54,502 - INFO - Selected language: en
2026-08-26 10:07:54,502 - INFO - 🎯 Current niche: huawei
2026-08-26 10:08:05,951 - INFO - 🎯 Niche terms for filtering: huawei, cheap, best, latest, review, price, sell, buy, recommendation, tips, tutorial, guide, how to, vs, versus, compared to, comparison, alternatives, which is better, expensive, discount, deals, sale, affordable, cost, online, offline, marketplace, store, shop, retailer, where to buy, worst, quality, original, genuine, fake, replica, authentic, brand, manufacturer, company, product, huawei product, sell huawei, buy huawei, cheap huawei, best huawei, huawei review, where to buy huawei, how to choose huawei, top huawei, huawei guide, huawei for sale, huawei deals
2026-08-26 10:08:05,951 - INFO - Generated 50 niche-clue pairs for 'huawei'.
2026-08-26 10:08:05,955 - INFO - Expanded 50 seed keywords to 218 variations
2026-08-26 10:08:05,955 - INFO - 🔧 Request Handler initialized - Success rate: 100.0%
2026-08-26 10:12:32,253 - INFO - Original clue keywords: portable storage, usb stick
2026-08-26 10:12:32,253 - INFO - Niche-focused seeds: portable storage huawei, huawei portable storage, portable storage cheap, cheap portable storage, portable storage best, best portable storage, portable storage latest, latest portable storage, portable storage review, review portable storage, portable storage price, price portable storage, portable storage sell, sell portable storage, portable storage buy, buy portable storage, portable storage recommendation, recommendation portable storage, portable storage tips, tips portable storage, portable storage tutorial, tutorial portable storage, portable storage guide, guide portable storage, portable storage how to, how to portable storage, portable storage vs, vs portable storage, portable storage versus, versus portable storage, portable storage compared to, compared to portable storage, portable storage comparison, comparison portable storage, portable storage alternatives, alternatives portable storage, portable storage which is better, which is better portable storage, portable storage expensive, expensive portable storage, portable storage discount, discount portable storage, portable storage deals, deals portable storage, portable storage sale, sale portable storage, portable storage affordable, affordable portable storage, portable storage cost, cost portable storage, portable storage online, online portable storage, portable storage offline, offline portable storage, portable storage marketplace, marketplace portable storage, portable storage store, store portable storage, portable storage shop, shop portable storage, portable storage retailer, retailer portable storage, portable storage where to buy, where to buy portable storage, portable storage worst, worst portable storage, portable storage quality, quality portable storage, portable storage original, original portable storage, portable storage genuine, genuine portable storage, portable storage fake, fake portable storage, portable storage replica, replica portable storage, portable storage authentic, authentic portable storage, portable storage brand, brand portable storage, portable storage manufacturer, manufacturer portable storage, portable storage company, company portable storage, portable storage product, product portable storage, portable storage huawei product, huawei product portable storage, portable storage sell huawei, sell huawei portable storage, portable storage buy huawei, buy huawei portable storage, portable storage cheap huawei, cheap huawei portable storage, portable storage best huawei, best huawei portable storage, portable storage huawei review, huawei review portable storage, portable storage where to buy huawei, where to buy huawei portable storage, portable storage how to choose huawei, how to choose huawei portable storage, portable storage top huawei, top huawei portable storage, portable storage huawei guide, huawei guide portable storage, portable storage huawei for sale, huawei for sale portable storage, portable storage huawei deals, huawei deals portable storage, usb stick huawei, huawei usb stick, usb stick cheap, cheap usb stick, usb stick best, best usb stick, usb stick latest, latest usb stick, usb stick review, review usb stick, usb stick price, price usb stick, usb stick sell, sell usb stick, usb stick buy, buy usb stick, usb stick recommendation, recommendation usb stick, usb stick tips, tips usb stick, usb stick tutorial, tutorial usb stick, usb stick guide, guide usb stick, usb stick how to, how to usb stick, usb stick vs, vs usb stick, usb stick versus, versus usb stick, usb stick compared to, compared to usb stick, usb stick comparison, comparison usb stick, usb stick alternatives, alternatives usb stick, usb stick which is better, which is better usb stick, usb stick expensive, expensive usb stick, usb stick discount, discount usb stick, usb stick deals, deals usb stick, usb stick sale, sale usb stick, usb stick affordable, affordable usb stick, usb stick cost, cost usb stick, usb stick online, online usb stick, usb stick offline, offline usb stick, usb stick marketplace, marketplace usb stick, usb stick store, store usb stick, usb stick shop, shop usb stick, usb stick retailer, retailer usb stick, usb stick where to buy, where to buy usb stick, usb stick worst, worst usb stick, usb stick quality, quality usb stick, usb stick original, original usb stick, usb stick genuine, genuine usb stick, usb stick fake, fake usb stick, usb stick replica, replica usb stick, usb stick authentic, authentic usb stick, usb stick brand, brand usb stick, usb stick manufacturer, manufacturer usb stick, usb stick company, company usb stick, usb stick product, product usb stick, usb stick huawei product, huawei product usb stick, usb stick sell huawei, sell huawei usb stick, usb stick buy huawei, buy huawei usb stick, usb stick cheap huawei, cheap huawei usb stick, usb stick best huawei, best huawei usb stick, usb stick huawei review, huawei review usb stick, usb stick where to buy huawei, where to buy huawei usb stick, usb stick how to choose huawei, how to choose huawei usb stick, usb stick top huawei, top huawei usb stick, usb stick huawei guide, huawei guide usb stick, usb stick huawei for sale, huawei for sale usb stick, usb stick huawei deals, huawei deals usb stick
2026-08-26 10:12:32,256 - INFO - Expanded 220 seed keywords to 385 variations
2026-08-26 10:12:32,256 - INFO - Language: en
2026-08-26 10:12:32,256 - INFO - Region: us
2026-08-26 10:17:06,430 - INFO - 🎯 After all filtering for 'huawei': 120 relevant keywords
2026-08-26 10:17:07,628 - INFO - 🎯 Found 5 new keywords for niche 'huawei': huawei affordable portable storage, huawei affordable usb stick, cheap alternatives portable storage, cheap alternatives usb stick, best authentic portable storage
2026-08-26 10:17:25,146 - INFO - ✅ Niche 'huawei' process complete! 650 total keyword results.
2026-08-26 10:17:25,146 - INFO - ✅ Completed processing niche: 'huawei'
2026-08-26 10:17:25,147 - INFO - 🔧 Request Handler final stats - Success rate: 100.0%
2026-08-26 10:17:25,147 - INFO -    Total requests: 180825, Blocks: 1
2026-08-26 10:17:25,148 - INFO - 
========================================
2026-08-26 10:17:25,148 - INFO - Process Summary:
2026-08-26 10:17:25,148 - INFO - - Current niche: 'huawei'
2026-08-26 10:17:25,148 - INFO - - Next niche will be: 'xiaomi'
2026-08-26 10:17:25,148 - INFO - - Keywords saved in: languages/english/keywords/huawei/
2026-08-26 10:17:25,149 - INFO - ========================================
