2026-09-13 04:34:07,912 - INFO - Log file created at: /home/runner/work/potensitech.com/potensitech.com/languages/english/keywords/logs/kw_search_20260913_043407.log
2026-09-13 04:34:07,912 - INFO - ============================================================
2026-09-13 04:34:07,912 - INFO - AUTOMATIC KEYWORD RESEARCH TOOL
2026-09-13 04:34:07,912 - INFO - ============================================================
2026-09-13 04:34:08,257 - INFO - ========================================
2026-09-13 04:34:08,257 - INFO - Found 14 niches to process: xiaomi, iphone, samsung, apple, sony, asus, philips, sandisk, intel, nvidia, amd, canon, nikon, huawei
2026-09-13 04:34:08,257 - INFO - ========================================
2026-09-13 04:34:08,258 - INFO - Continuing from last processed niche: asus
2026-09-13 04:34:08,258 - INFO - ========================================
2026-09-13 04:34:08,258 - INFO - 🎯 PROCESSING NICHE 7/14: 'philips'
2026-09-13 04:34:08,258 - INFO - ========================================
2026-09-13 04:34:08,258 - INFO - 📁 Niche directory: /home/runner/work/potensitech.com/potensitech.com/languages/english/keywords/philips
2026-09-13 04:34:08,258 - INFO - Selected region: us
2026-09-13 04:34:08,258 - INFO - Selected language: en
2026-09-13 04:34:08,258 - INFO - 🎯 Current niche: philips
2026-09-13 04:34:19,959 - INFO - 🎯 Niche terms for filtering: philips, cheap, best, latest, review, price, sell, buy, recommendation, tips, tutorial, guide, how to, vs, versus, compared to, comparison, alternatives, which is better, expensive, discount, deals, sale, affordable, cost, online, offline, marketplace, store, shop, retailer, where to buy, worst, quality, original, genuine, fake, replica, authentic, brand, manufacturer, company, product, philips product, sell philips, buy philips, cheap philips, best philips, philips review, where to buy philips, how to choose philips, top philips, philips guide, philips for sale, philips deals
2026-09-13 04:34:19,959 - INFO - Generated 50 niche-clue pairs for 'philips'.
2026-09-13 04:34:19,963 - INFO - Expanded 50 seed keywords to 218 variations
2026-09-13 04:34:19,963 - INFO - 🔧 Request Handler initialized - Success rate: 100.0%
2026-09-13 04:38:41,565 - INFO - Original clue keywords: electric toothbrushes
2026-09-13 04:38:41,565 - INFO - Niche-focused seeds: electric toothbrushes philips, philips electric toothbrushes, electric toothbrushes cheap, cheap electric toothbrushes, electric toothbrushes best, best electric toothbrushes, electric toothbrushes latest, latest electric toothbrushes, electric toothbrushes review, review electric toothbrushes, electric toothbrushes price, price electric toothbrushes, electric toothbrushes sell, sell electric toothbrushes, electric toothbrushes buy, buy electric toothbrushes, electric toothbrushes recommendation, recommendation electric toothbrushes, electric toothbrushes tips, tips electric toothbrushes, electric toothbrushes tutorial, tutorial electric toothbrushes, electric toothbrushes guide, guide electric toothbrushes, electric toothbrushes how to, how to electric toothbrushes, electric toothbrushes vs, vs electric toothbrushes, electric toothbrushes versus, versus electric toothbrushes, electric toothbrushes compared to, compared to electric toothbrushes, electric toothbrushes comparison, comparison electric toothbrushes, electric toothbrushes alternatives, alternatives electric toothbrushes, electric toothbrushes which is better, which is better electric toothbrushes, electric toothbrushes expensive, expensive electric toothbrushes, electric toothbrushes discount, discount electric toothbrushes, electric toothbrushes deals, deals electric toothbrushes, electric toothbrushes sale, sale electric toothbrushes, electric toothbrushes affordable, affordable electric toothbrushes, electric toothbrushes cost, cost electric toothbrushes, electric toothbrushes online, online electric toothbrushes, electric toothbrushes offline, offline electric toothbrushes, electric toothbrushes marketplace, marketplace electric toothbrushes, electric toothbrushes store, store electric toothbrushes, electric toothbrushes shop, shop electric toothbrushes, electric toothbrushes retailer, retailer electric toothbrushes, electric toothbrushes where to buy, where to buy electric toothbrushes, electric toothbrushes worst, worst electric toothbrushes, electric toothbrushes quality, quality electric toothbrushes, electric toothbrushes original, original electric toothbrushes, electric toothbrushes genuine, genuine electric toothbrushes, electric toothbrushes fake, fake electric toothbrushes, electric toothbrushes replica, replica electric toothbrushes, electric toothbrushes authentic, authentic electric toothbrushes, electric toothbrushes brand, brand electric toothbrushes, electric toothbrushes manufacturer, manufacturer electric toothbrushes, electric toothbrushes company, company electric toothbrushes, electric toothbrushes product, product electric toothbrushes, electric toothbrushes philips product, philips product electric toothbrushes, electric toothbrushes sell philips, sell philips electric toothbrushes, electric toothbrushes buy philips, buy philips electric toothbrushes, electric toothbrushes cheap philips, cheap philips electric toothbrushes, electric toothbrushes best philips, best philips electric toothbrushes, electric toothbrushes philips review, philips review electric toothbrushes, electric toothbrushes where to buy philips, where to buy philips electric toothbrushes, electric toothbrushes how to choose philips, how to choose philips electric toothbrushes, electric toothbrushes top philips, top philips electric toothbrushes, electric toothbrushes philips guide, philips guide electric toothbrushes, electric toothbrushes philips for sale, philips for sale electric toothbrushes, electric toothbrushes philips deals, philips deals electric toothbrushes
2026-09-13 04:38:41,568 - INFO - Expanded 110 seed keywords to 275 variations
2026-09-13 04:38:41,568 - INFO - Language: en
2026-09-13 04:38:41,568 - INFO - Region: us
2026-09-13 04:43:13,248 - INFO - 🎯 After all filtering for 'philips': 120 relevant keywords
2026-09-13 04:43:14,949 - INFO - 🎯 Found 1 new keywords for niche 'philips': philips affordable electric toothbrushes
2026-09-13 04:43:30,898 - INFO - ✅ Niche 'philips' process complete! 729 total keyword results.
2026-09-13 04:43:30,898 - INFO - ✅ Completed processing niche: 'philips'
2026-09-13 04:43:30,899 - INFO - 🔧 Request Handler final stats - Success rate: 100.0%
2026-09-13 04:43:30,899 - INFO -    Total requests: 195328, Blocks: 1
2026-09-13 04:43:30,900 - INFO - 
========================================
2026-09-13 04:43:30,900 - INFO - Process Summary:
2026-09-13 04:43:30,900 - INFO - - Current niche: 'philips'
2026-09-13 04:43:30,900 - INFO - - Next niche will be: 'sandisk'
2026-09-13 04:43:30,900 - INFO - - Keywords saved in: languages/english/keywords/philips/
2026-09-13 04:43:30,901 - INFO - ========================================
