2026-09-26 21:57:20,973 - INFO - Log file created at: /home/runner/work/potensitech.com/potensitech.com/languages/english/keywords/logs/kw_search_20260926_215720.log
2026-09-26 21:57:20,974 - INFO - ============================================================
2026-09-26 21:57:20,974 - INFO - AUTOMATIC KEYWORD RESEARCH TOOL
2026-09-26 21:57:20,974 - INFO - ============================================================
2026-09-26 21:57:21,403 - INFO - ========================================
2026-09-26 21:57:21,403 - INFO - Found 14 niches to process: xiaomi, iphone, samsung, apple, sony, asus, philips, sandisk, intel, nvidia, amd, canon, nikon, huawei
2026-09-26 21:57:21,403 - INFO - ========================================
2026-09-26 21:57:21,403 - INFO - Continuing from last processed niche: apple
2026-09-26 21:57:21,403 - INFO - ========================================
2026-09-26 21:57:21,403 - INFO - 🎯 PROCESSING NICHE 5/14: 'sony'
2026-09-26 21:57:21,403 - INFO - ========================================
2026-09-26 21:57:21,403 - INFO - 📁 Niche directory: /home/runner/work/potensitech.com/potensitech.com/languages/english/keywords/sony
2026-09-26 21:57:21,403 - INFO - Selected region: us
2026-09-26 21:57:21,403 - INFO - Selected language: en
2026-09-26 21:57:21,403 - INFO - 🎯 Current niche: sony
2026-09-26 21:57:31,966 - INFO - 🎯 Niche terms for filtering: sony, cheap, best, latest, review, price, sell, buy, recommendation, tips, tutorial, guide, how to, vs, versus, compared to, comparison, alternatives, which is better, expensive, discount, deals, sale, affordable, cost, online, offline, marketplace, store, shop, retailer, where to buy, worst, quality, original, genuine, fake, replica, authentic, brand, manufacturer, company, product, sony product, sell sony, buy sony, cheap sony, best sony, sony review, where to buy sony, how to choose sony, top sony, sony guide, sony for sale, sony deals
2026-09-26 21:57:31,966 - INFO - Generated 50 niche-clue pairs for 'sony'.
2026-09-26 21:57:31,969 - INFO - Expanded 50 seed keywords to 218 variations
2026-09-26 21:57:31,970 - INFO - 🔧 Request Handler initialized - Success rate: 100.0%
2026-09-26 22:01:58,017 - INFO - Original clue keywords: solid-state, usb storage
2026-09-26 22:01:58,018 - INFO - Niche-focused seeds: solid-state sony, sony solid-state, solid-state cheap, cheap solid-state, solid-state best, best solid-state, solid-state latest, latest solid-state, solid-state review, review solid-state, solid-state price, price solid-state, solid-state sell, sell solid-state, solid-state buy, buy solid-state, solid-state recommendation, recommendation solid-state, solid-state tips, tips solid-state, solid-state tutorial, tutorial solid-state, solid-state guide, guide solid-state, solid-state how to, how to solid-state, solid-state vs, vs solid-state, solid-state versus, versus solid-state, solid-state compared to, compared to solid-state, solid-state comparison, comparison solid-state, solid-state alternatives, alternatives solid-state, solid-state which is better, which is better solid-state, solid-state expensive, expensive solid-state, solid-state discount, discount solid-state, solid-state deals, deals solid-state, solid-state sale, sale solid-state, solid-state affordable, affordable solid-state, solid-state cost, cost solid-state, solid-state online, online solid-state, solid-state offline, offline solid-state, solid-state marketplace, marketplace solid-state, solid-state store, store solid-state, solid-state shop, shop solid-state, solid-state retailer, retailer solid-state, solid-state where to buy, where to buy solid-state, solid-state worst, worst solid-state, solid-state quality, quality solid-state, solid-state original, original solid-state, solid-state genuine, genuine solid-state, solid-state fake, fake solid-state, solid-state replica, replica solid-state, solid-state authentic, authentic solid-state, solid-state brand, brand solid-state, solid-state manufacturer, manufacturer solid-state, solid-state company, company solid-state, solid-state product, product solid-state, solid-state sony product, sony product solid-state, solid-state sell sony, sell sony solid-state, solid-state buy sony, buy sony solid-state, solid-state cheap sony, cheap sony solid-state, solid-state best sony, best sony solid-state, solid-state sony review, sony review solid-state, solid-state where to buy sony, where to buy sony solid-state, solid-state how to choose sony, how to choose sony solid-state, solid-state top sony, top sony solid-state, solid-state sony guide, sony guide solid-state, solid-state sony for sale, sony for sale solid-state, solid-state sony deals, sony deals solid-state, usb storage sony, sony usb storage, usb storage cheap, cheap usb storage, usb storage best, best usb storage, usb storage latest, latest usb storage, usb storage review, review usb storage, usb storage price, price usb storage, usb storage sell, sell usb storage, usb storage buy, buy usb storage, usb storage recommendation, recommendation usb storage, usb storage tips, tips usb storage, usb storage tutorial, tutorial usb storage, usb storage guide, guide usb storage, usb storage how to, how to usb storage, usb storage vs, vs usb storage, usb storage versus, versus usb storage, usb storage compared to, compared to usb storage, usb storage comparison, comparison usb storage, usb storage alternatives, alternatives usb storage, usb storage which is better, which is better usb storage, usb storage expensive, expensive usb storage, usb storage discount, discount usb storage, usb storage deals, deals usb storage, usb storage sale, sale usb storage, usb storage affordable, affordable usb storage, usb storage cost, cost usb storage, usb storage online, online usb storage, usb storage offline, offline usb storage, usb storage marketplace, marketplace usb storage, usb storage store, store usb storage, usb storage shop, shop usb storage, usb storage retailer, retailer usb storage, usb storage where to buy, where to buy usb storage, usb storage worst, worst usb storage, usb storage quality, quality usb storage, usb storage original, original usb storage, usb storage genuine, genuine usb storage, usb storage fake, fake usb storage, usb storage replica, replica usb storage, usb storage authentic, authentic usb storage, usb storage brand, brand usb storage, usb storage manufacturer, manufacturer usb storage, usb storage company, company usb storage, usb storage product, product usb storage, usb storage sony product, sony product usb storage, usb storage sell sony, sell sony usb storage, usb storage buy sony, buy sony usb storage, usb storage cheap sony, cheap sony usb storage, usb storage best sony, best sony usb storage, usb storage sony review, sony review usb storage, usb storage where to buy sony, where to buy sony usb storage, usb storage how to choose sony, how to choose sony usb storage, usb storage top sony, top sony usb storage, usb storage sony guide, sony guide usb storage, usb storage sony for sale, sony for sale usb storage, usb storage sony deals, sony deals usb storage
2026-09-26 22:01:58,021 - INFO - Expanded 220 seed keywords to 385 variations
2026-09-26 22:01:58,021 - INFO - Language: en
2026-09-26 22:01:58,021 - INFO - Region: us
2026-09-26 22:06:26,368 - INFO - 🎯 After all filtering for 'sony': 120 relevant keywords
2026-09-26 22:06:26,798 - INFO - 🎯 Found 5 new keywords for niche 'sony': sony affordable solid-state, affordable solid-state cheap, sony alternatives solid-state, cheap alternatives solid-state, best alternatives solid-state
2026-09-26 22:06:42,943 - INFO - ✅ Niche 'sony' process complete! 696 total keyword results.
2026-09-26 22:06:42,943 - INFO - ✅ Completed processing niche: 'sony'
2026-09-26 22:06:42,943 - INFO - 🔧 Request Handler final stats - Success rate: 100.0%
2026-09-26 22:06:42,943 - INFO -    Total requests: 207220, Blocks: 1
2026-09-26 22:06:42,944 - INFO - 
========================================
2026-09-26 22:06:42,945 - INFO - Process Summary:
2026-09-26 22:06:42,945 - INFO - - Current niche: 'sony'
2026-09-26 22:06:42,945 - INFO - - Next niche will be: 'asus'
2026-09-26 22:06:42,945 - INFO - - Keywords saved in: languages/english/keywords/sony/
2026-09-26 22:06:42,945 - INFO - ========================================
