2026-08-17 19:39:09,990 - INFO - Log file created at: /home/runner/work/potensitech.com/potensitech.com/languages/english/keywords/logs/kw_search_20260817_193909.log
2026-08-17 19:39:09,990 - INFO - ============================================================
2026-08-17 19:39:09,990 - INFO - AUTOMATIC KEYWORD RESEARCH TOOL
2026-08-17 19:39:09,990 - INFO - ============================================================
2026-08-17 19:39:10,297 - INFO - ========================================
2026-08-17 19:39:10,297 - INFO - Found 14 niches to process: xiaomi, iphone, samsung, apple, sony, asus, philips, sandisk, intel, nvidia, amd, canon, nikon, huawei
2026-08-17 19:39:10,297 - INFO - ========================================
2026-08-17 19:39:10,297 - INFO - Continuing from last processed niche: amd
2026-08-17 19:39:10,297 - INFO - ========================================
2026-08-17 19:39:10,297 - INFO - 🎯 PROCESSING NICHE 12/14: 'canon'
2026-08-17 19:39:10,297 - INFO - ========================================
2026-08-17 19:39:10,297 - INFO - 📁 Niche directory: /home/runner/work/potensitech.com/potensitech.com/languages/english/keywords/canon
2026-08-17 19:39:10,298 - INFO - Selected region: us
2026-08-17 19:39:10,298 - INFO - Selected language: en
2026-08-17 19:39:10,298 - INFO - 🎯 Current niche: canon
2026-08-17 19:39:10,986 - INFO - 🎯 Niche terms for filtering: canon, cheap, best, latest, review, price, sell, buy, recommendation, tips, tutorial, guide, how to, vs, versus, compared to, comparison, alternatives, which is better, expensive, discount, deals, sale, affordable, cost, online, offline, marketplace, store, shop, retailer, where to buy, worst, quality, original, genuine, fake, replica, authentic, brand, manufacturer, company, product, canon product, sell canon, buy canon, cheap canon, best canon, canon review, where to buy canon, how to choose canon, top canon, canon guide, canon for sale, canon deals
2026-08-17 19:39:10,986 - INFO - Generated 50 niche-clue pairs for 'canon'.
2026-08-17 19:39:10,990 - INFO - Expanded 50 seed keywords to 218 variations
2026-08-17 19:39:10,995 - INFO - 🔧 Request Handler initialized - Success rate: 100.0%
2026-08-17 19:43:33,965 - INFO - Original clue keywords: gaming smartphone, flagship phone
2026-08-17 19:43:33,965 - INFO - Niche-focused seeds: gaming smartphone canon, canon gaming smartphone, gaming smartphone cheap, cheap gaming smartphone, gaming smartphone best, best gaming smartphone, gaming smartphone latest, latest gaming smartphone, gaming smartphone review, review gaming smartphone, gaming smartphone price, price gaming smartphone, gaming smartphone sell, sell gaming smartphone, gaming smartphone buy, buy gaming smartphone, gaming smartphone recommendation, recommendation gaming smartphone, gaming smartphone tips, tips gaming smartphone, gaming smartphone tutorial, tutorial gaming smartphone, gaming smartphone guide, guide gaming smartphone, gaming smartphone how to, how to gaming smartphone, gaming smartphone vs, vs gaming smartphone, gaming smartphone versus, versus gaming smartphone, gaming smartphone compared to, compared to gaming smartphone, gaming smartphone comparison, comparison gaming smartphone, gaming smartphone alternatives, alternatives gaming smartphone, gaming smartphone which is better, which is better gaming smartphone, gaming smartphone expensive, expensive gaming smartphone, gaming smartphone discount, discount gaming smartphone, gaming smartphone deals, deals gaming smartphone, gaming smartphone sale, sale gaming smartphone, gaming smartphone affordable, affordable gaming smartphone, gaming smartphone cost, cost gaming smartphone, gaming smartphone online, online gaming smartphone, gaming smartphone offline, offline gaming smartphone, gaming smartphone marketplace, marketplace gaming smartphone, gaming smartphone store, store gaming smartphone, gaming smartphone shop, shop gaming smartphone, gaming smartphone retailer, retailer gaming smartphone, gaming smartphone where to buy, where to buy gaming smartphone, gaming smartphone worst, worst gaming smartphone, gaming smartphone quality, quality gaming smartphone, gaming smartphone original, original gaming smartphone, gaming smartphone genuine, genuine gaming smartphone, gaming smartphone fake, fake gaming smartphone, gaming smartphone replica, replica gaming smartphone, gaming smartphone authentic, authentic gaming smartphone, gaming smartphone brand, brand gaming smartphone, gaming smartphone manufacturer, manufacturer gaming smartphone, gaming smartphone company, company gaming smartphone, gaming smartphone product, product gaming smartphone, gaming smartphone canon product, canon product gaming smartphone, gaming smartphone sell canon, sell canon gaming smartphone, gaming smartphone buy canon, buy canon gaming smartphone, gaming smartphone cheap canon, cheap canon gaming smartphone, gaming smartphone best canon, best canon gaming smartphone, gaming smartphone canon review, canon review gaming smartphone, gaming smartphone where to buy canon, where to buy canon gaming smartphone, gaming smartphone how to choose canon, how to choose canon gaming smartphone, gaming smartphone top canon, top canon gaming smartphone, gaming smartphone canon guide, canon guide gaming smartphone, gaming smartphone canon for sale, canon for sale gaming smartphone, gaming smartphone canon deals, canon deals gaming smartphone, flagship phone canon, canon flagship phone, flagship phone cheap, cheap flagship phone, flagship phone best, best flagship phone, flagship phone latest, latest flagship phone, flagship phone review, review flagship phone, flagship phone price, price flagship phone, flagship phone sell, sell flagship phone, flagship phone buy, buy flagship phone, flagship phone recommendation, recommendation flagship phone, flagship phone tips, tips flagship phone, flagship phone tutorial, tutorial flagship phone, flagship phone guide, guide flagship phone, flagship phone how to, how to flagship phone, flagship phone vs, vs flagship phone, flagship phone versus, versus flagship phone, flagship phone compared to, compared to flagship phone, flagship phone comparison, comparison flagship phone, flagship phone alternatives, alternatives flagship phone, flagship phone which is better, which is better flagship phone, flagship phone expensive, expensive flagship phone, flagship phone discount, discount flagship phone, flagship phone deals, deals flagship phone, flagship phone sale, sale flagship phone, flagship phone affordable, affordable flagship phone, flagship phone cost, cost flagship phone, flagship phone online, online flagship phone, flagship phone offline, offline flagship phone, flagship phone marketplace, marketplace flagship phone, flagship phone store, store flagship phone, flagship phone shop, shop flagship phone, flagship phone retailer, retailer flagship phone, flagship phone where to buy, where to buy flagship phone, flagship phone worst, worst flagship phone, flagship phone quality, quality flagship phone, flagship phone original, original flagship phone, flagship phone genuine, genuine flagship phone, flagship phone fake, fake flagship phone, flagship phone replica, replica flagship phone, flagship phone authentic, authentic flagship phone, flagship phone brand, brand flagship phone, flagship phone manufacturer, manufacturer flagship phone, flagship phone company, company flagship phone, flagship phone product, product flagship phone, flagship phone canon product, canon product flagship phone, flagship phone sell canon, sell canon flagship phone, flagship phone buy canon, buy canon flagship phone, flagship phone cheap canon, cheap canon flagship phone, flagship phone best canon, best canon flagship phone, flagship phone canon review, canon review flagship phone, flagship phone where to buy canon, where to buy canon flagship phone, flagship phone how to choose canon, how to choose canon flagship phone, flagship phone top canon, top canon flagship phone, flagship phone canon guide, canon guide flagship phone, flagship phone canon for sale, canon for sale flagship phone, flagship phone canon deals, canon deals flagship phone
2026-08-17 19:43:33,969 - INFO - Expanded 220 seed keywords to 385 variations
2026-08-17 19:43:33,969 - INFO - Language: en
2026-08-17 19:43:33,969 - INFO - Region: us
2026-08-17 19:48:06,757 - INFO - 🎯 After all filtering for 'canon': 120 relevant keywords
2026-08-17 19:48:08,048 - INFO - 🎯 Found 5 new keywords for niche 'canon': canon affordable flagship phone, canon affordable gaming smartphone, cheap alternatives flagship phone, cheap alternatives gaming smartphone, best authentic flagship phone
2026-08-17 19:48:08,491 - INFO - ✅ Niche 'canon' process complete! 680 total keyword results.
2026-08-17 19:48:08,492 - INFO - ✅ Completed processing niche: 'canon'
2026-08-17 19:48:08,492 - INFO - 🔧 Request Handler final stats - Success rate: 100.0%
2026-08-17 19:48:08,492 - INFO -    Total requests: 174094, Blocks: 1
2026-08-17 19:48:08,493 - INFO - 
========================================
2026-08-17 19:48:08,493 - INFO - Process Summary:
2026-08-17 19:48:08,493 - INFO - - Current niche: 'canon'
2026-08-17 19:48:08,493 - INFO - - Next niche will be: 'nikon'
2026-08-17 19:48:08,493 - INFO - - Keywords saved in: languages/english/keywords/canon/
2026-08-17 19:48:08,494 - INFO - ========================================
