2026-08-09 05:36:26,617 - INFO - Log file created at: /home/runner/work/potensitech.com/potensitech.com/languages/english/keywords/logs/kw_search_20260809_053626.log
2026-08-09 05:36:26,617 - INFO - ============================================================
2026-08-09 05:36:26,617 - INFO - AUTOMATIC KEYWORD RESEARCH TOOL
2026-08-09 05:36:26,618 - INFO - ============================================================
2026-08-09 05:36:26,891 - INFO - ========================================
2026-08-09 05:36:26,891 - INFO - Found 14 niches to process: xiaomi, iphone, samsung, apple, sony, asus, philips, sandisk, intel, nvidia, amd, canon, nikon, huawei
2026-08-09 05:36:26,891 - INFO - ========================================
2026-08-09 05:36:26,891 - INFO - Continuing from last processed niche: intel
2026-08-09 05:36:26,891 - INFO - ========================================
2026-08-09 05:36:26,892 - INFO - 🎯 PROCESSING NICHE 10/14: 'nvidia'
2026-08-09 05:36:26,892 - INFO - ========================================
2026-08-09 05:36:26,892 - INFO - 📁 Niche directory: /home/runner/work/potensitech.com/potensitech.com/languages/english/keywords/nvidia
2026-08-09 05:36:26,892 - INFO - Selected region: us
2026-08-09 05:36:26,892 - INFO - Selected language: en
2026-08-09 05:36:26,892 - INFO - 🎯 Current niche: nvidia
2026-08-09 05:36:27,644 - INFO - 🎯 Niche terms for filtering: nvidia, cheap, best, latest, review, price, sell, buy, recommendation, tips, tutorial, guide, how to, vs, versus, compared to, comparison, alternatives, which is better, expensive, discount, deals, sale, affordable, cost, online, offline, marketplace, store, shop, retailer, where to buy, worst, quality, original, genuine, fake, replica, authentic, brand, manufacturer, company, product, nvidia product, sell nvidia, buy nvidia, cheap nvidia, best nvidia, nvidia review, where to buy nvidia, how to choose nvidia, top nvidia, nvidia guide, nvidia for sale, nvidia deals
2026-08-09 05:36:27,644 - INFO - Generated 50 niche-clue pairs for 'nvidia'.
2026-08-09 05:36:27,648 - INFO - Expanded 50 seed keywords to 218 variations
2026-08-09 05:36:27,648 - INFO - 🔧 Request Handler initialized - Success rate: 100.0%
2026-08-09 05:40:49,088 - INFO - Original clue keywords: smartphone camera, mirrorless camera
2026-08-09 05:40:49,088 - INFO - Niche-focused seeds: smartphone camera nvidia, nvidia smartphone camera, smartphone camera cheap, cheap smartphone camera, smartphone camera best, best smartphone camera, smartphone camera latest, latest smartphone camera, smartphone camera review, review smartphone camera, smartphone camera price, price smartphone camera, smartphone camera sell, sell smartphone camera, smartphone camera buy, buy smartphone camera, smartphone camera recommendation, recommendation smartphone camera, smartphone camera tips, tips smartphone camera, smartphone camera tutorial, tutorial smartphone camera, smartphone camera guide, guide smartphone camera, smartphone camera how to, how to smartphone camera, smartphone camera vs, vs smartphone camera, smartphone camera versus, versus smartphone camera, smartphone camera compared to, compared to smartphone camera, smartphone camera comparison, comparison smartphone camera, smartphone camera alternatives, alternatives smartphone camera, smartphone camera which is better, which is better smartphone camera, smartphone camera expensive, expensive smartphone camera, smartphone camera discount, discount smartphone camera, smartphone camera deals, deals smartphone camera, smartphone camera sale, sale smartphone camera, smartphone camera affordable, affordable smartphone camera, smartphone camera cost, cost smartphone camera, smartphone camera online, online smartphone camera, smartphone camera offline, offline smartphone camera, smartphone camera marketplace, marketplace smartphone camera, smartphone camera store, store smartphone camera, smartphone camera shop, shop smartphone camera, smartphone camera retailer, retailer smartphone camera, smartphone camera where to buy, where to buy smartphone camera, smartphone camera worst, worst smartphone camera, smartphone camera quality, quality smartphone camera, smartphone camera original, original smartphone camera, smartphone camera genuine, genuine smartphone camera, smartphone camera fake, fake smartphone camera, smartphone camera replica, replica smartphone camera, smartphone camera authentic, authentic smartphone camera, smartphone camera brand, brand smartphone camera, smartphone camera manufacturer, manufacturer smartphone camera, smartphone camera company, company smartphone camera, smartphone camera product, product smartphone camera, smartphone camera nvidia product, nvidia product smartphone camera, smartphone camera sell nvidia, sell nvidia smartphone camera, smartphone camera buy nvidia, buy nvidia smartphone camera, smartphone camera cheap nvidia, cheap nvidia smartphone camera, smartphone camera best nvidia, best nvidia smartphone camera, smartphone camera nvidia review, nvidia review smartphone camera, smartphone camera where to buy nvidia, where to buy nvidia smartphone camera, smartphone camera how to choose nvidia, how to choose nvidia smartphone camera, smartphone camera top nvidia, top nvidia smartphone camera, smartphone camera nvidia guide, nvidia guide smartphone camera, smartphone camera nvidia for sale, nvidia for sale smartphone camera, smartphone camera nvidia deals, nvidia deals smartphone camera, mirrorless camera nvidia, nvidia mirrorless camera, mirrorless camera cheap, cheap mirrorless camera, mirrorless camera best, best mirrorless camera, mirrorless camera latest, latest mirrorless camera, mirrorless camera review, review mirrorless camera, mirrorless camera price, price mirrorless camera, mirrorless camera sell, sell mirrorless camera, mirrorless camera buy, buy mirrorless camera, mirrorless camera recommendation, recommendation mirrorless camera, mirrorless camera tips, tips mirrorless camera, mirrorless camera tutorial, tutorial mirrorless camera, mirrorless camera guide, guide mirrorless camera, mirrorless camera how to, how to mirrorless camera, mirrorless camera vs, vs mirrorless camera, mirrorless camera versus, versus mirrorless camera, mirrorless camera compared to, compared to mirrorless camera, mirrorless camera comparison, comparison mirrorless camera, mirrorless camera alternatives, alternatives mirrorless camera, mirrorless camera which is better, which is better mirrorless camera, mirrorless camera expensive, expensive mirrorless camera, mirrorless camera discount, discount mirrorless camera, mirrorless camera deals, deals mirrorless camera, mirrorless camera sale, sale mirrorless camera, mirrorless camera affordable, affordable mirrorless camera, mirrorless camera cost, cost mirrorless camera, mirrorless camera online, online mirrorless camera, mirrorless camera offline, offline mirrorless camera, mirrorless camera marketplace, marketplace mirrorless camera, mirrorless camera store, store mirrorless camera, mirrorless camera shop, shop mirrorless camera, mirrorless camera retailer, retailer mirrorless camera, mirrorless camera where to buy, where to buy mirrorless camera, mirrorless camera worst, worst mirrorless camera, mirrorless camera quality, quality mirrorless camera, mirrorless camera original, original mirrorless camera, mirrorless camera genuine, genuine mirrorless camera, mirrorless camera fake, fake mirrorless camera, mirrorless camera replica, replica mirrorless camera, mirrorless camera authentic, authentic mirrorless camera, mirrorless camera brand, brand mirrorless camera, mirrorless camera manufacturer, manufacturer mirrorless camera, mirrorless camera company, company mirrorless camera, mirrorless camera product, product mirrorless camera, mirrorless camera nvidia product, nvidia product mirrorless camera, mirrorless camera sell nvidia, sell nvidia mirrorless camera, mirrorless camera buy nvidia, buy nvidia mirrorless camera, mirrorless camera cheap nvidia, cheap nvidia mirrorless camera, mirrorless camera best nvidia, best nvidia mirrorless camera, mirrorless camera nvidia review, nvidia review mirrorless camera, mirrorless camera where to buy nvidia, where to buy nvidia mirrorless camera, mirrorless camera how to choose nvidia, how to choose nvidia mirrorless camera, mirrorless camera top nvidia, top nvidia mirrorless camera, mirrorless camera nvidia guide, nvidia guide mirrorless camera, mirrorless camera nvidia for sale, nvidia for sale mirrorless camera, mirrorless camera nvidia deals, nvidia deals mirrorless camera
2026-08-09 05:40:49,091 - INFO - Expanded 220 seed keywords to 385 variations
2026-08-09 05:40:49,091 - INFO - Language: en
2026-08-09 05:40:49,091 - INFO - Region: us
2026-08-09 05:45:19,819 - INFO - 🎯 After all filtering for 'nvidia': 120 relevant keywords
2026-08-09 05:45:21,459 - INFO - 🎯 Found 5 new keywords for niche 'nvidia': nvidia affordable mirrorless camera, cheap affordable smartphone camera, cheap alternatives mirrorless camera, nvidia alternatives smartphone camera, best authentic mirrorless camera
2026-08-09 05:45:21,918 - INFO - ✅ Niche 'nvidia' process complete! 836 total keyword results.
2026-08-09 05:45:21,918 - INFO - ✅ Completed processing niche: 'nvidia'
2026-08-09 05:45:21,918 - INFO - 🔧 Request Handler final stats - Success rate: 100.0%
2026-08-09 05:45:21,918 - INFO -    Total requests: 167615, Blocks: 1
2026-08-09 05:45:21,919 - INFO - 
========================================
2026-08-09 05:45:21,919 - INFO - Process Summary:
2026-08-09 05:45:21,919 - INFO - - Current niche: 'nvidia'
2026-08-09 05:45:21,919 - INFO - - Next niche will be: 'amd'
2026-08-09 05:45:21,919 - INFO - - Keywords saved in: languages/english/keywords/nvidia/
2026-08-09 05:45:21,920 - INFO - ========================================
