2026-08-05 18:11:59,973 - INFO - Log file created at: /home/runner/work/potensitech.com/potensitech.com/languages/english/keywords/logs/kw_search_20260805_181159.log
2026-08-05 18:11:59,974 - INFO - ============================================================
2026-08-05 18:11:59,974 - INFO - AUTOMATIC KEYWORD RESEARCH TOOL
2026-08-05 18:11:59,974 - INFO - ============================================================
2026-08-05 18:12:00,240 - INFO - ========================================
2026-08-05 18:12:00,240 - INFO - Found 14 niches to process: xiaomi, iphone, samsung, apple, sony, asus, philips, sandisk, intel, nvidia, amd, canon, nikon, huawei
2026-08-05 18:12:00,240 - INFO - ========================================
2026-08-05 18:12:00,240 - INFO - Continuing from last processed niche: apple
2026-08-05 18:12:00,240 - INFO - ========================================
2026-08-05 18:12:00,240 - INFO - 🎯 PROCESSING NICHE 5/14: 'sony'
2026-08-05 18:12:00,240 - INFO - ========================================
2026-08-05 18:12:00,240 - INFO - 📁 Niche directory: /home/runner/work/potensitech.com/potensitech.com/languages/english/keywords/sony
2026-08-05 18:12:00,241 - INFO - Selected region: us
2026-08-05 18:12:00,241 - INFO - Selected language: en
2026-08-05 18:12:00,241 - INFO - 🎯 Current niche: sony
2026-08-05 18:12:00,979 - INFO - 🎯 Niche terms for filtering: sony, cheap, best, latest, review, price, sell, buy, recommendation, tips, tutorial, guide, how to, vs, versus, compared to, comparison, alternatives, which is better, expensive, discount, deals, sale, affordable, cost, online, offline, marketplace, store, shop, retailer, where to buy, worst, quality, original, genuine, fake, replica, authentic, brand, manufacturer, company, product, sony product, sell sony, buy sony, cheap sony, best sony, sony review, where to buy sony, how to choose sony, top sony, sony guide, sony for sale, sony deals
2026-08-05 18:12:00,980 - INFO - Generated 50 niche-clue pairs for 'sony'.
2026-08-05 18:12:00,983 - INFO - Expanded 50 seed keywords to 218 variations
2026-08-05 18:12:00,983 - INFO - 🔧 Request Handler initialized - Success rate: 100.0%
2026-08-05 18:16:26,278 - INFO - Original clue keywords: camera resolution, autofocus technology
2026-08-05 18:16:26,278 - INFO - Niche-focused seeds: camera resolution sony, sony camera resolution, camera resolution cheap, cheap camera resolution, camera resolution best, best camera resolution, camera resolution latest, latest camera resolution, camera resolution review, review camera resolution, camera resolution price, price camera resolution, camera resolution sell, sell camera resolution, camera resolution buy, buy camera resolution, camera resolution recommendation, recommendation camera resolution, camera resolution tips, tips camera resolution, camera resolution tutorial, tutorial camera resolution, camera resolution guide, guide camera resolution, camera resolution how to, how to camera resolution, camera resolution vs, vs camera resolution, camera resolution versus, versus camera resolution, camera resolution compared to, compared to camera resolution, camera resolution comparison, comparison camera resolution, camera resolution alternatives, alternatives camera resolution, camera resolution which is better, which is better camera resolution, camera resolution expensive, expensive camera resolution, camera resolution discount, discount camera resolution, camera resolution deals, deals camera resolution, camera resolution sale, sale camera resolution, camera resolution affordable, affordable camera resolution, camera resolution cost, cost camera resolution, camera resolution online, online camera resolution, camera resolution offline, offline camera resolution, camera resolution marketplace, marketplace camera resolution, camera resolution store, store camera resolution, camera resolution shop, shop camera resolution, camera resolution retailer, retailer camera resolution, camera resolution where to buy, where to buy camera resolution, camera resolution worst, worst camera resolution, camera resolution quality, quality camera resolution, camera resolution original, original camera resolution, camera resolution genuine, genuine camera resolution, camera resolution fake, fake camera resolution, camera resolution replica, replica camera resolution, camera resolution authentic, authentic camera resolution, camera resolution brand, brand camera resolution, camera resolution manufacturer, manufacturer camera resolution, camera resolution company, company camera resolution, camera resolution product, product camera resolution, camera resolution sony product, sony product camera resolution, camera resolution sell sony, sell sony camera resolution, camera resolution buy sony, buy sony camera resolution, camera resolution cheap sony, cheap sony camera resolution, camera resolution best sony, best sony camera resolution, camera resolution sony review, sony review camera resolution, camera resolution where to buy sony, where to buy sony camera resolution, camera resolution how to choose sony, how to choose sony camera resolution, camera resolution top sony, top sony camera resolution, camera resolution sony guide, sony guide camera resolution, camera resolution sony for sale, sony for sale camera resolution, camera resolution sony deals, sony deals camera resolution, autofocus technology sony, sony autofocus technology, autofocus technology cheap, cheap autofocus technology, autofocus technology best, best autofocus technology, autofocus technology latest, latest autofocus technology, autofocus technology review, review autofocus technology, autofocus technology price, price autofocus technology, autofocus technology sell, sell autofocus technology, autofocus technology buy, buy autofocus technology, autofocus technology recommendation, recommendation autofocus technology, autofocus technology tips, tips autofocus technology, autofocus technology tutorial, tutorial autofocus technology, autofocus technology guide, guide autofocus technology, autofocus technology how to, how to autofocus technology, autofocus technology vs, vs autofocus technology, autofocus technology versus, versus autofocus technology, autofocus technology compared to, compared to autofocus technology, autofocus technology comparison, comparison autofocus technology, autofocus technology alternatives, alternatives autofocus technology, autofocus technology which is better, which is better autofocus technology, autofocus technology expensive, expensive autofocus technology, autofocus technology discount, discount autofocus technology, autofocus technology deals, deals autofocus technology, autofocus technology sale, sale autofocus technology, autofocus technology affordable, affordable autofocus technology, autofocus technology cost, cost autofocus technology, autofocus technology online, online autofocus technology, autofocus technology offline, offline autofocus technology, autofocus technology marketplace, marketplace autofocus technology, autofocus technology store, store autofocus technology, autofocus technology shop, shop autofocus technology, autofocus technology retailer, retailer autofocus technology, autofocus technology where to buy, where to buy autofocus technology, autofocus technology worst, worst autofocus technology, autofocus technology quality, quality autofocus technology, autofocus technology original, original autofocus technology, autofocus technology genuine, genuine autofocus technology, autofocus technology fake, fake autofocus technology, autofocus technology replica, replica autofocus technology, autofocus technology authentic, authentic autofocus technology, autofocus technology brand, brand autofocus technology, autofocus technology manufacturer, manufacturer autofocus technology, autofocus technology company, company autofocus technology, autofocus technology product, product autofocus technology, autofocus technology sony product, sony product autofocus technology, autofocus technology sell sony, sell sony autofocus technology, autofocus technology buy sony, buy sony autofocus technology, autofocus technology cheap sony, cheap sony autofocus technology, autofocus technology best sony, best sony autofocus technology, autofocus technology sony review, sony review autofocus technology, autofocus technology where to buy sony, where to buy sony autofocus technology, autofocus technology how to choose sony, how to choose sony autofocus technology, autofocus technology top sony, top sony autofocus technology, autofocus technology sony guide, sony guide autofocus technology, autofocus technology sony for sale, sony for sale autofocus technology, autofocus technology sony deals, sony deals autofocus technology
2026-08-05 18:16:26,282 - INFO - Expanded 220 seed keywords to 385 variations
2026-08-05 18:16:26,282 - INFO - Language: en
2026-08-05 18:16:26,282 - INFO - Region: us
2026-08-05 18:16:58,453 - INFO - 🎯 After all filtering for 'sony': 120 relevant keywords
2026-08-05 18:17:00,140 - INFO - 🎯 Found 4 new keywords for niche 'sony': sony affordable autofocus technology, sony affordable camera resolution, cheap alternatives camera resolution, best authentic camera resolution
2026-08-05 18:17:00,615 - INFO - ✅ Niche 'sony' process complete! 625 total keyword results.
2026-08-05 18:17:00,615 - INFO - ✅ Completed processing niche: 'sony'
2026-08-05 18:17:00,615 - INFO - 🔧 Request Handler final stats - Success rate: 100.0%
2026-08-05 18:17:00,615 - INFO -    Total requests: 165069, Blocks: 1
2026-08-05 18:17:00,616 - INFO - 
========================================
2026-08-05 18:17:00,616 - INFO - Process Summary:
2026-08-05 18:17:00,616 - INFO - - Current niche: 'sony'
2026-08-05 18:17:00,616 - INFO - - Next niche will be: 'asus'
2026-08-05 18:17:00,617 - INFO - - Keywords saved in: languages/english/keywords/sony/
2026-08-05 18:17:00,617 - INFO - ========================================
