2026-10-04 10:47:02,881 - INFO - Log file created at: /home/runner/work/potensitech.com/potensitech.com/languages/english/keywords/logs/kw_search_20261004_104702.log
2026-10-04 10:47:02,881 - INFO - ============================================================
2026-10-04 10:47:02,881 - INFO - AUTOMATIC KEYWORD RESEARCH TOOL
2026-10-04 10:47:02,881 - INFO - ============================================================
2026-10-04 10:47:03,328 - INFO - ========================================
2026-10-04 10:47:03,328 - INFO - Found 14 niches to process: xiaomi, iphone, samsung, apple, sony, asus, philips, sandisk, intel, nvidia, amd, canon, nikon, huawei
2026-10-04 10:47:03,328 - INFO - ========================================
2026-10-04 10:47:03,329 - INFO - Continuing from last processed niche: sandisk
2026-10-04 10:47:03,329 - INFO - ========================================
2026-10-04 10:47:03,329 - INFO - 🎯 PROCESSING NICHE 9/14: 'intel'
2026-10-04 10:47:03,329 - INFO - ========================================
2026-10-04 10:47:03,329 - INFO - 📁 Niche directory: /home/runner/work/potensitech.com/potensitech.com/languages/english/keywords/intel
2026-10-04 10:47:03,329 - INFO - Selected region: us
2026-10-04 10:47:03,329 - INFO - Selected language: en
2026-10-04 10:47:03,329 - INFO - 🎯 Current niche: intel
2026-10-04 10:47:14,501 - INFO - 🎯 Niche terms for filtering: intel, cheap, best, latest, review, price, sell, buy, recommendation, tips, tutorial, guide, how to, vs, versus, compared to, comparison, alternatives, which is better, expensive, discount, deals, sale, affordable, cost, online, offline, marketplace, store, shop, retailer, where to buy, worst, quality, original, genuine, fake, replica, authentic, brand, manufacturer, company, product, intel product, sell intel, buy intel, cheap intel, best intel, intel review, where to buy intel, how to choose intel, top intel, intel guide, intel for sale, intel deals
2026-10-04 10:47:14,502 - INFO - Generated 50 niche-clue pairs for 'intel'.
2026-10-04 10:47:14,505 - INFO - Expanded 50 seed keywords to 218 variations
2026-10-04 10:47:14,506 - INFO - 🔧 Request Handler initialized - Success rate: 100.0%
2026-10-04 10:51:40,139 - INFO - Original clue keywords: dslr features, ai acceleration
2026-10-04 10:51:40,139 - INFO - Niche-focused seeds: dslr features intel, intel dslr features, dslr features cheap, cheap dslr features, dslr features best, best dslr features, dslr features latest, latest dslr features, dslr features review, review dslr features, dslr features price, price dslr features, dslr features sell, sell dslr features, dslr features buy, buy dslr features, dslr features recommendation, recommendation dslr features, dslr features tips, tips dslr features, dslr features tutorial, tutorial dslr features, dslr features guide, guide dslr features, dslr features how to, how to dslr features, dslr features vs, vs dslr features, dslr features versus, versus dslr features, dslr features compared to, compared to dslr features, dslr features comparison, comparison dslr features, dslr features alternatives, alternatives dslr features, dslr features which is better, which is better dslr features, dslr features expensive, expensive dslr features, dslr features discount, discount dslr features, dslr features deals, deals dslr features, dslr features sale, sale dslr features, dslr features affordable, affordable dslr features, dslr features cost, cost dslr features, dslr features online, online dslr features, dslr features offline, offline dslr features, dslr features marketplace, marketplace dslr features, dslr features store, store dslr features, dslr features shop, shop dslr features, dslr features retailer, retailer dslr features, dslr features where to buy, where to buy dslr features, dslr features worst, worst dslr features, dslr features quality, quality dslr features, dslr features original, original dslr features, dslr features genuine, genuine dslr features, dslr features fake, fake dslr features, dslr features replica, replica dslr features, dslr features authentic, authentic dslr features, dslr features brand, brand dslr features, dslr features manufacturer, manufacturer dslr features, dslr features company, company dslr features, dslr features product, product dslr features, dslr features intel product, intel product dslr features, dslr features sell intel, sell intel dslr features, dslr features buy intel, buy intel dslr features, dslr features cheap intel, cheap intel dslr features, dslr features best intel, best intel dslr features, dslr features intel review, intel review dslr features, dslr features where to buy intel, where to buy intel dslr features, dslr features how to choose intel, how to choose intel dslr features, dslr features top intel, top intel dslr features, dslr features intel guide, intel guide dslr features, dslr features intel for sale, intel for sale dslr features, dslr features intel deals, intel deals dslr features, ai acceleration intel, intel ai acceleration, ai acceleration cheap, cheap ai acceleration, ai acceleration best, best ai acceleration, ai acceleration latest, latest ai acceleration, ai acceleration review, review ai acceleration, ai acceleration price, price ai acceleration, ai acceleration sell, sell ai acceleration, ai acceleration buy, buy ai acceleration, ai acceleration recommendation, recommendation ai acceleration, ai acceleration tips, tips ai acceleration, ai acceleration tutorial, tutorial ai acceleration, ai acceleration guide, guide ai acceleration, ai acceleration how to, how to ai acceleration, ai acceleration vs, vs ai acceleration, ai acceleration versus, versus ai acceleration, ai acceleration compared to, compared to ai acceleration, ai acceleration comparison, comparison ai acceleration, ai acceleration alternatives, alternatives ai acceleration, ai acceleration which is better, which is better ai acceleration, ai acceleration expensive, expensive ai acceleration, ai acceleration discount, discount ai acceleration, ai acceleration deals, deals ai acceleration, ai acceleration sale, sale ai acceleration, ai acceleration affordable, affordable ai acceleration, ai acceleration cost, cost ai acceleration, ai acceleration online, online ai acceleration, ai acceleration offline, offline ai acceleration, ai acceleration marketplace, marketplace ai acceleration, ai acceleration store, store ai acceleration, ai acceleration shop, shop ai acceleration, ai acceleration retailer, retailer ai acceleration, ai acceleration where to buy, where to buy ai acceleration, ai acceleration worst, worst ai acceleration, ai acceleration quality, quality ai acceleration, ai acceleration original, original ai acceleration, ai acceleration genuine, genuine ai acceleration, ai acceleration fake, fake ai acceleration, ai acceleration replica, replica ai acceleration, ai acceleration authentic, authentic ai acceleration, ai acceleration brand, brand ai acceleration, ai acceleration manufacturer, manufacturer ai acceleration, ai acceleration company, company ai acceleration, ai acceleration product, product ai acceleration, ai acceleration intel product, intel product ai acceleration, ai acceleration sell intel, sell intel ai acceleration, ai acceleration buy intel, buy intel ai acceleration, ai acceleration cheap intel, cheap intel ai acceleration, ai acceleration best intel, best intel ai acceleration, ai acceleration intel review, intel review ai acceleration, ai acceleration where to buy intel, where to buy intel ai acceleration, ai acceleration how to choose intel, how to choose intel ai acceleration, ai acceleration top intel, top intel ai acceleration, ai acceleration intel guide, intel guide ai acceleration, ai acceleration intel for sale, intel for sale ai acceleration, ai acceleration intel deals, intel deals ai acceleration
2026-10-04 10:51:40,142 - INFO - Expanded 220 seed keywords to 385 variations
2026-10-04 10:51:40,142 - INFO - Language: en
2026-10-04 10:51:40,142 - INFO - Region: us
2026-10-04 10:56:12,004 - INFO - 🎯 After all filtering for 'intel': 120 relevant keywords
2026-10-04 10:56:17,252 - INFO - 🎯 Found 4 new keywords for niche 'intel': intel affordable ai acceleration, intel affordable dslr features, cheap ai acceleration alternatives, best ai acceleration authentic
2026-10-04 10:56:33,376 - INFO - ✅ Niche 'intel' process complete! 1059 total keyword results.
2026-10-04 10:56:33,376 - INFO - ✅ Completed processing niche: 'intel'
2026-10-04 10:56:33,377 - INFO - 🔧 Request Handler final stats - Success rate: 100.0%
2026-10-04 10:56:33,377 - INFO -    Total requests: 213848, Blocks: 1
2026-10-04 10:56:33,378 - INFO - 
========================================
2026-10-04 10:56:33,378 - INFO - Process Summary:
2026-10-04 10:56:33,378 - INFO - - Current niche: 'intel'
2026-10-04 10:56:33,378 - INFO - - Next niche will be: 'nvidia'
2026-10-04 10:56:33,378 - INFO - - Keywords saved in: languages/english/keywords/intel/
2026-10-04 10:56:33,378 - INFO - ========================================
