2026-09-05 07:00:20,618 - INFO - Log file created at: /home/runner/work/potensitech.com/potensitech.com/languages/english/keywords/logs/kw_search_20260905_070020.log
2026-09-05 07:00:20,619 - INFO - ============================================================
2026-09-05 07:00:20,619 - INFO - AUTOMATIC KEYWORD RESEARCH TOOL
2026-09-05 07:00:20,619 - INFO - ============================================================
2026-09-05 07:00:20,958 - INFO - ========================================
2026-09-05 07:00:20,958 - INFO - Found 14 niches to process: xiaomi, iphone, samsung, apple, sony, asus, philips, sandisk, intel, nvidia, amd, canon, nikon, huawei
2026-09-05 07:00:20,958 - INFO - ========================================
2026-09-05 07:00:20,958 - INFO - Continuing from last processed niche: amd
2026-09-05 07:00:20,958 - INFO - ========================================
2026-09-05 07:00:20,958 - INFO - 🎯 PROCESSING NICHE 12/14: 'canon'
2026-09-05 07:00:20,958 - INFO - ========================================
2026-09-05 07:00:20,958 - INFO - 📁 Niche directory: /home/runner/work/potensitech.com/potensitech.com/languages/english/keywords/canon
2026-09-05 07:00:20,959 - INFO - Selected region: us
2026-09-05 07:00:20,959 - INFO - Selected language: en
2026-09-05 07:00:20,959 - INFO - 🎯 Current niche: canon
2026-09-05 07:00:31,853 - INFO - 🎯 Niche terms for filtering: canon, cheap, best, latest, review, price, sell, buy, recommendation, tips, tutorial, guide, how to, vs, versus, compared to, comparison, alternatives, which is better, expensive, discount, deals, sale, affordable, cost, online, offline, marketplace, store, shop, retailer, where to buy, worst, quality, original, genuine, fake, replica, authentic, brand, manufacturer, company, product, canon product, sell canon, buy canon, cheap canon, best canon, canon review, where to buy canon, how to choose canon, top canon, canon guide, canon for sale, canon deals
2026-09-05 07:00:31,853 - INFO - Generated 50 niche-clue pairs for 'canon'.
2026-09-05 07:00:31,857 - INFO - Expanded 50 seed keywords to 218 variations
2026-09-05 07:00:31,857 - INFO - 🔧 Request Handler initialized - Success rate: 100.0%
2026-09-05 07:04:55,589 - INFO - Original clue keywords: durability, mirrorless innovation
2026-09-05 07:04:55,589 - INFO - Niche-focused seeds: durability canon, canon durability, durability cheap, cheap durability, durability best, best durability, durability latest, latest durability, durability review, review durability, durability price, price durability, durability sell, sell durability, durability buy, buy durability, durability recommendation, recommendation durability, durability tips, tips durability, durability tutorial, tutorial durability, durability guide, guide durability, durability how to, how to durability, durability vs, vs durability, durability versus, versus durability, durability compared to, compared to durability, durability comparison, comparison durability, durability alternatives, alternatives durability, durability which is better, which is better durability, durability expensive, expensive durability, durability discount, discount durability, durability deals, deals durability, durability sale, sale durability, durability affordable, affordable durability, durability cost, cost durability, durability online, online durability, durability offline, offline durability, durability marketplace, marketplace durability, durability store, store durability, durability shop, shop durability, durability retailer, retailer durability, durability where to buy, where to buy durability, durability worst, worst durability, durability quality, quality durability, durability original, original durability, durability genuine, genuine durability, durability fake, fake durability, durability replica, replica durability, durability authentic, authentic durability, durability brand, brand durability, durability manufacturer, manufacturer durability, durability company, company durability, durability product, product durability, durability canon product, canon product durability, durability sell canon, sell canon durability, durability buy canon, buy canon durability, durability cheap canon, cheap canon durability, durability best canon, best canon durability, durability canon review, canon review durability, durability where to buy canon, where to buy canon durability, durability how to choose canon, how to choose canon durability, durability top canon, top canon durability, durability canon guide, canon guide durability, durability canon for sale, canon for sale durability, durability canon deals, canon deals durability, mirrorless innovation canon, canon mirrorless innovation, mirrorless innovation cheap, cheap mirrorless innovation, mirrorless innovation best, best mirrorless innovation, mirrorless innovation latest, latest mirrorless innovation, mirrorless innovation review, review mirrorless innovation, mirrorless innovation price, price mirrorless innovation, mirrorless innovation sell, sell mirrorless innovation, mirrorless innovation buy, buy mirrorless innovation, mirrorless innovation recommendation, recommendation mirrorless innovation, mirrorless innovation tips, tips mirrorless innovation, mirrorless innovation tutorial, tutorial mirrorless innovation, mirrorless innovation guide, guide mirrorless innovation, mirrorless innovation how to, how to mirrorless innovation, mirrorless innovation vs, vs mirrorless innovation, mirrorless innovation versus, versus mirrorless innovation, mirrorless innovation compared to, compared to mirrorless innovation, mirrorless innovation comparison, comparison mirrorless innovation, mirrorless innovation alternatives, alternatives mirrorless innovation, mirrorless innovation which is better, which is better mirrorless innovation, mirrorless innovation expensive, expensive mirrorless innovation, mirrorless innovation discount, discount mirrorless innovation, mirrorless innovation deals, deals mirrorless innovation, mirrorless innovation sale, sale mirrorless innovation, mirrorless innovation affordable, affordable mirrorless innovation, mirrorless innovation cost, cost mirrorless innovation, mirrorless innovation online, online mirrorless innovation, mirrorless innovation offline, offline mirrorless innovation, mirrorless innovation marketplace, marketplace mirrorless innovation, mirrorless innovation store, store mirrorless innovation, mirrorless innovation shop, shop mirrorless innovation, mirrorless innovation retailer, retailer mirrorless innovation, mirrorless innovation where to buy, where to buy mirrorless innovation, mirrorless innovation worst, worst mirrorless innovation, mirrorless innovation quality, quality mirrorless innovation, mirrorless innovation original, original mirrorless innovation, mirrorless innovation genuine, genuine mirrorless innovation, mirrorless innovation fake, fake mirrorless innovation, mirrorless innovation replica, replica mirrorless innovation, mirrorless innovation authentic, authentic mirrorless innovation, mirrorless innovation brand, brand mirrorless innovation, mirrorless innovation manufacturer, manufacturer mirrorless innovation, mirrorless innovation company, company mirrorless innovation, mirrorless innovation product, product mirrorless innovation, mirrorless innovation canon product, canon product mirrorless innovation, mirrorless innovation sell canon, sell canon mirrorless innovation, mirrorless innovation buy canon, buy canon mirrorless innovation, mirrorless innovation cheap canon, cheap canon mirrorless innovation, mirrorless innovation best canon, best canon mirrorless innovation, mirrorless innovation canon review, canon review mirrorless innovation, mirrorless innovation where to buy canon, where to buy canon mirrorless innovation, mirrorless innovation how to choose canon, how to choose canon mirrorless innovation, mirrorless innovation top canon, top canon mirrorless innovation, mirrorless innovation canon guide, canon guide mirrorless innovation, mirrorless innovation canon for sale, canon for sale mirrorless innovation, mirrorless innovation canon deals, canon deals mirrorless innovation
2026-09-05 07:04:55,592 - INFO - Expanded 220 seed keywords to 385 variations
2026-09-05 07:04:55,592 - INFO - Language: en
2026-09-05 07:04:55,592 - INFO - Region: us
2026-09-05 07:09:25,898 - INFO - 🎯 After all filtering for 'canon': 120 relevant keywords
2026-09-05 07:09:26,139 - INFO - 🎯 Found 5 new keywords for niche 'canon': canon affordable durability, cheap affordable durability, best affordable durability, how to affordable durability, canon alternatives durability
2026-09-05 07:09:42,393 - INFO - ✅ Niche 'canon' process complete! 705 total keyword results.
2026-09-05 07:09:42,393 - INFO - ✅ Completed processing niche: 'canon'
2026-09-05 07:09:42,393 - INFO - 🔧 Request Handler final stats - Success rate: 100.0%
2026-09-05 07:09:42,393 - INFO -    Total requests: 188655, Blocks: 1
2026-09-05 07:09:42,394 - INFO - 
========================================
2026-09-05 07:09:42,394 - INFO - Process Summary:
2026-09-05 07:09:42,394 - INFO - - Current niche: 'canon'
2026-09-05 07:09:42,394 - INFO - - Next niche will be: 'nikon'
2026-09-05 07:09:42,394 - INFO - - Keywords saved in: languages/english/keywords/canon/
2026-09-05 07:09:42,395 - INFO - ========================================
