2026-09-21 19:33:10,677 - INFO - Log file created at: /home/runner/work/potensitech.com/potensitech.com/languages/english/keywords/logs/kw_search_20260921_193310.log
2026-09-21 19:33:10,677 - INFO - ============================================================
2026-09-21 19:33:10,677 - INFO - AUTOMATIC KEYWORD RESEARCH TOOL
2026-09-21 19:33:10,677 - INFO - ============================================================
2026-09-21 19:33:11,083 - INFO - ========================================
2026-09-21 19:33:11,083 - INFO - Found 14 niches to process: xiaomi, iphone, samsung, apple, sony, asus, philips, sandisk, intel, nvidia, amd, canon, nikon, huawei
2026-09-21 19:33:11,083 - INFO - ========================================
2026-09-21 19:33:11,083 - INFO - Continuing from last processed niche: sandisk
2026-09-21 19:33:11,083 - INFO - ========================================
2026-09-21 19:33:11,084 - INFO - 🎯 PROCESSING NICHE 9/14: 'intel'
2026-09-21 19:33:11,084 - INFO - ========================================
2026-09-21 19:33:11,084 - INFO - 📁 Niche directory: /home/runner/work/potensitech.com/potensitech.com/languages/english/keywords/intel
2026-09-21 19:33:11,084 - INFO - Selected region: us
2026-09-21 19:33:11,084 - INFO - Selected language: en
2026-09-21 19:33:11,084 - INFO - 🎯 Current niche: intel
2026-09-21 19:33:22,126 - INFO - 🎯 Niche terms for filtering: intel, cheap, best, latest, review, price, sell, buy, recommendation, tips, tutorial, guide, how to, vs, versus, compared to, comparison, alternatives, which is better, expensive, discount, deals, sale, affordable, cost, online, offline, marketplace, store, shop, retailer, where to buy, worst, quality, original, genuine, fake, replica, authentic, brand, manufacturer, company, product, intel product, sell intel, buy intel, cheap intel, best intel, intel review, where to buy intel, how to choose intel, top intel, intel guide, intel for sale, intel deals
2026-09-21 19:33:22,126 - INFO - Generated 50 niche-clue pairs for 'intel'.
2026-09-21 19:33:22,130 - INFO - Expanded 50 seed keywords to 218 variations
2026-09-21 19:33:22,130 - INFO - 🔧 Request Handler initialized - Success rate: 100.0%
2026-09-21 19:37:47,047 - INFO - Original clue keywords: processor efficiency, autofocus speed
2026-09-21 19:37:47,047 - INFO - Niche-focused seeds: processor efficiency intel, intel processor efficiency, processor efficiency cheap, cheap processor efficiency, processor efficiency best, best processor efficiency, processor efficiency latest, latest processor efficiency, processor efficiency review, review processor efficiency, processor efficiency price, price processor efficiency, processor efficiency sell, sell processor efficiency, processor efficiency buy, buy processor efficiency, processor efficiency recommendation, recommendation processor efficiency, processor efficiency tips, tips processor efficiency, processor efficiency tutorial, tutorial processor efficiency, processor efficiency guide, guide processor efficiency, processor efficiency how to, how to processor efficiency, processor efficiency vs, vs processor efficiency, processor efficiency versus, versus processor efficiency, processor efficiency compared to, compared to processor efficiency, processor efficiency comparison, comparison processor efficiency, processor efficiency alternatives, alternatives processor efficiency, processor efficiency which is better, which is better processor efficiency, processor efficiency expensive, expensive processor efficiency, processor efficiency discount, discount processor efficiency, processor efficiency deals, deals processor efficiency, processor efficiency sale, sale processor efficiency, processor efficiency affordable, affordable processor efficiency, processor efficiency cost, cost processor efficiency, processor efficiency online, online processor efficiency, processor efficiency offline, offline processor efficiency, processor efficiency marketplace, marketplace processor efficiency, processor efficiency store, store processor efficiency, processor efficiency shop, shop processor efficiency, processor efficiency retailer, retailer processor efficiency, processor efficiency where to buy, where to buy processor efficiency, processor efficiency worst, worst processor efficiency, processor efficiency quality, quality processor efficiency, processor efficiency original, original processor efficiency, processor efficiency genuine, genuine processor efficiency, processor efficiency fake, fake processor efficiency, processor efficiency replica, replica processor efficiency, processor efficiency authentic, authentic processor efficiency, processor efficiency brand, brand processor efficiency, processor efficiency manufacturer, manufacturer processor efficiency, processor efficiency company, company processor efficiency, processor efficiency product, product processor efficiency, processor efficiency intel product, intel product processor efficiency, processor efficiency sell intel, sell intel processor efficiency, processor efficiency buy intel, buy intel processor efficiency, processor efficiency cheap intel, cheap intel processor efficiency, processor efficiency best intel, best intel processor efficiency, processor efficiency intel review, intel review processor efficiency, processor efficiency where to buy intel, where to buy intel processor efficiency, processor efficiency how to choose intel, how to choose intel processor efficiency, processor efficiency top intel, top intel processor efficiency, processor efficiency intel guide, intel guide processor efficiency, processor efficiency intel for sale, intel for sale processor efficiency, processor efficiency intel deals, intel deals processor efficiency, autofocus speed intel, intel autofocus speed, autofocus speed cheap, cheap autofocus speed, autofocus speed best, best autofocus speed, autofocus speed latest, latest autofocus speed, autofocus speed review, review autofocus speed, autofocus speed price, price autofocus speed, autofocus speed sell, sell autofocus speed, autofocus speed buy, buy autofocus speed, autofocus speed recommendation, recommendation autofocus speed, autofocus speed tips, tips autofocus speed, autofocus speed tutorial, tutorial autofocus speed, autofocus speed guide, guide autofocus speed, autofocus speed how to, how to autofocus speed, autofocus speed vs, vs autofocus speed, autofocus speed versus, versus autofocus speed, autofocus speed compared to, compared to autofocus speed, autofocus speed comparison, comparison autofocus speed, autofocus speed alternatives, alternatives autofocus speed, autofocus speed which is better, which is better autofocus speed, autofocus speed expensive, expensive autofocus speed, autofocus speed discount, discount autofocus speed, autofocus speed deals, deals autofocus speed, autofocus speed sale, sale autofocus speed, autofocus speed affordable, affordable autofocus speed, autofocus speed cost, cost autofocus speed, autofocus speed online, online autofocus speed, autofocus speed offline, offline autofocus speed, autofocus speed marketplace, marketplace autofocus speed, autofocus speed store, store autofocus speed, autofocus speed shop, shop autofocus speed, autofocus speed retailer, retailer autofocus speed, autofocus speed where to buy, where to buy autofocus speed, autofocus speed worst, worst autofocus speed, autofocus speed quality, quality autofocus speed, autofocus speed original, original autofocus speed, autofocus speed genuine, genuine autofocus speed, autofocus speed fake, fake autofocus speed, autofocus speed replica, replica autofocus speed, autofocus speed authentic, authentic autofocus speed, autofocus speed brand, brand autofocus speed, autofocus speed manufacturer, manufacturer autofocus speed, autofocus speed company, company autofocus speed, autofocus speed product, product autofocus speed, autofocus speed intel product, intel product autofocus speed, autofocus speed sell intel, sell intel autofocus speed, autofocus speed buy intel, buy intel autofocus speed, autofocus speed cheap intel, cheap intel autofocus speed, autofocus speed best intel, best intel autofocus speed, autofocus speed intel review, intel review autofocus speed, autofocus speed where to buy intel, where to buy intel autofocus speed, autofocus speed how to choose intel, how to choose intel autofocus speed, autofocus speed top intel, top intel autofocus speed, autofocus speed intel guide, intel guide autofocus speed, autofocus speed intel for sale, intel for sale autofocus speed, autofocus speed intel deals, intel deals autofocus speed
2026-09-21 19:37:47,050 - INFO - Expanded 220 seed keywords to 385 variations
2026-09-21 19:37:47,051 - INFO - Language: en
2026-09-21 19:37:47,051 - INFO - Region: us
2026-09-21 19:39:05,715 - INFO - 🎯 After all filtering for 'intel': 120 relevant keywords
2026-09-21 19:39:10,118 - INFO - 🎯 Found 4 new keywords for niche 'intel': intel affordable autofocus speed, intel affordable processor efficiency, cheap alternatives autofocus speed, best authentic autofocus speed
2026-09-21 19:39:25,653 - INFO - ✅ Niche 'intel' process complete! 1041 total keyword results.
2026-09-21 19:39:25,654 - INFO - ✅ Completed processing niche: 'intel'
2026-09-21 19:39:25,654 - INFO - 🔧 Request Handler final stats - Success rate: 100.0%
2026-09-21 19:39:25,654 - INFO -    Total requests: 202470, Blocks: 1
2026-09-21 19:39:25,655 - INFO - 
========================================
2026-09-21 19:39:25,655 - INFO - Process Summary:
2026-09-21 19:39:25,655 - INFO - - Current niche: 'intel'
2026-09-21 19:39:25,655 - INFO - - Next niche will be: 'nvidia'
2026-09-21 19:39:25,655 - INFO - - Keywords saved in: languages/english/keywords/intel/
2026-09-21 19:39:25,656 - INFO - ========================================
