2026-08-15 21:52:24,457 - INFO - Log file created at: /home/runner/work/potensitech.com/potensitech.com/languages/english/keywords/logs/kw_search_20260815_215224.log
2026-08-15 21:52:24,457 - INFO - ============================================================
2026-08-15 21:52:24,457 - INFO - AUTOMATIC KEYWORD RESEARCH TOOL
2026-08-15 21:52:24,457 - INFO - ============================================================
2026-08-15 21:52:24,789 - INFO - ========================================
2026-08-15 21:52:24,789 - INFO - Found 14 niches to process: xiaomi, iphone, samsung, apple, sony, asus, philips, sandisk, intel, nvidia, amd, canon, nikon, huawei
2026-08-15 21:52:24,789 - INFO - ========================================
2026-08-15 21:52:24,789 - INFO - Continuing from last processed niche: asus
2026-08-15 21:52:24,789 - INFO - ========================================
2026-08-15 21:52:24,789 - INFO - 🎯 PROCESSING NICHE 7/14: 'philips'
2026-08-15 21:52:24,789 - INFO - ========================================
2026-08-15 21:52:24,789 - INFO - 📁 Niche directory: /home/runner/work/potensitech.com/potensitech.com/languages/english/keywords/philips
2026-08-15 21:52:24,790 - INFO - Selected region: us
2026-08-15 21:52:24,790 - INFO - Selected language: en
2026-08-15 21:52:24,790 - INFO - 🎯 Current niche: philips
2026-08-15 21:52:25,462 - INFO - 🎯 Niche terms for filtering: philips, cheap, best, latest, review, price, sell, buy, recommendation, tips, tutorial, guide, how to, vs, versus, compared to, comparison, alternatives, which is better, expensive, discount, deals, sale, affordable, cost, online, offline, marketplace, store, shop, retailer, where to buy, worst, quality, original, genuine, fake, replica, authentic, brand, manufacturer, company, product, philips product, sell philips, buy philips, cheap philips, best philips, philips review, where to buy philips, how to choose philips, top philips, philips guide, philips for sale, philips deals
2026-08-15 21:52:25,462 - INFO - Generated 50 niche-clue pairs for 'philips'.
2026-08-15 21:52:25,465 - INFO - Expanded 50 seed keywords to 218 variations
2026-08-15 21:52:25,471 - INFO - 🔧 Request Handler initialized - Success rate: 100.0%
2026-08-15 21:56:49,087 - INFO - Original clue keywords: clock speed, external storage
2026-08-15 21:56:49,087 - INFO - Niche-focused seeds: clock speed philips, philips clock speed, clock speed cheap, cheap clock speed, clock speed best, best clock speed, clock speed latest, latest clock speed, clock speed review, review clock speed, clock speed price, price clock speed, clock speed sell, sell clock speed, clock speed buy, buy clock speed, clock speed recommendation, recommendation clock speed, clock speed tips, tips clock speed, clock speed tutorial, tutorial clock speed, clock speed guide, guide clock speed, clock speed how to, how to clock speed, clock speed vs, vs clock speed, clock speed versus, versus clock speed, clock speed compared to, compared to clock speed, clock speed comparison, comparison clock speed, clock speed alternatives, alternatives clock speed, clock speed which is better, which is better clock speed, clock speed expensive, expensive clock speed, clock speed discount, discount clock speed, clock speed deals, deals clock speed, clock speed sale, sale clock speed, clock speed affordable, affordable clock speed, clock speed cost, cost clock speed, clock speed online, online clock speed, clock speed offline, offline clock speed, clock speed marketplace, marketplace clock speed, clock speed store, store clock speed, clock speed shop, shop clock speed, clock speed retailer, retailer clock speed, clock speed where to buy, where to buy clock speed, clock speed worst, worst clock speed, clock speed quality, quality clock speed, clock speed original, original clock speed, clock speed genuine, genuine clock speed, clock speed fake, fake clock speed, clock speed replica, replica clock speed, clock speed authentic, authentic clock speed, clock speed brand, brand clock speed, clock speed manufacturer, manufacturer clock speed, clock speed company, company clock speed, clock speed product, product clock speed, clock speed philips product, philips product clock speed, clock speed sell philips, sell philips clock speed, clock speed buy philips, buy philips clock speed, clock speed cheap philips, cheap philips clock speed, clock speed best philips, best philips clock speed, clock speed philips review, philips review clock speed, clock speed where to buy philips, where to buy philips clock speed, clock speed how to choose philips, how to choose philips clock speed, clock speed top philips, top philips clock speed, clock speed philips guide, philips guide clock speed, clock speed philips for sale, philips for sale clock speed, clock speed philips deals, philips deals clock speed, external storage philips, philips external storage, external storage cheap, cheap external storage, external storage best, best external storage, external storage latest, latest external storage, external storage review, review external storage, external storage price, price external storage, external storage sell, sell external storage, external storage buy, buy external storage, external storage recommendation, recommendation external storage, external storage tips, tips external storage, external storage tutorial, tutorial external storage, external storage guide, guide external storage, external storage how to, how to external storage, external storage vs, vs external storage, external storage versus, versus external storage, external storage compared to, compared to external storage, external storage comparison, comparison external storage, external storage alternatives, alternatives external storage, external storage which is better, which is better external storage, external storage expensive, expensive external storage, external storage discount, discount external storage, external storage deals, deals external storage, external storage sale, sale external storage, external storage affordable, affordable external storage, external storage cost, cost external storage, external storage online, online external storage, external storage offline, offline external storage, external storage marketplace, marketplace external storage, external storage store, store external storage, external storage shop, shop external storage, external storage retailer, retailer external storage, external storage where to buy, where to buy external storage, external storage worst, worst external storage, external storage quality, quality external storage, external storage original, original external storage, external storage genuine, genuine external storage, external storage fake, fake external storage, external storage replica, replica external storage, external storage authentic, authentic external storage, external storage brand, brand external storage, external storage manufacturer, manufacturer external storage, external storage company, company external storage, external storage product, product external storage, external storage philips product, philips product external storage, external storage sell philips, sell philips external storage, external storage buy philips, buy philips external storage, external storage cheap philips, cheap philips external storage, external storage best philips, best philips external storage, external storage philips review, philips review external storage, external storage where to buy philips, where to buy philips external storage, external storage how to choose philips, how to choose philips external storage, external storage top philips, top philips external storage, external storage philips guide, philips guide external storage, external storage philips for sale, philips for sale external storage, external storage philips deals, philips deals external storage
2026-08-15 21:56:49,090 - INFO - Expanded 220 seed keywords to 385 variations
2026-08-15 21:56:49,091 - INFO - Language: en
2026-08-15 21:56:49,091 - INFO - Region: us
2026-08-15 22:01:14,427 - INFO - 🎯 After all filtering for 'philips': 120 relevant keywords
2026-08-15 22:01:15,717 - INFO - 🎯 Found 5 new keywords for niche 'philips': philips affordable clock speed, philips affordable external storage, cheap alternatives clock speed, best authentic clock speed, how to brand clock speed
2026-08-15 22:01:16,169 - INFO - ✅ Niche 'philips' process complete! 691 total keyword results.
2026-08-15 22:01:16,169 - INFO - ✅ Completed processing niche: 'philips'
2026-08-15 22:01:16,169 - INFO - 🔧 Request Handler final stats - Success rate: 100.0%
2026-08-15 22:01:16,169 - INFO -    Total requests: 172538, Blocks: 1
2026-08-15 22:01:16,170 - INFO - 
========================================
2026-08-15 22:01:16,170 - INFO - Process Summary:
2026-08-15 22:01:16,170 - INFO - - Current niche: 'philips'
2026-08-15 22:01:16,170 - INFO - - Next niche will be: 'sandisk'
2026-08-15 22:01:16,170 - INFO - - Keywords saved in: languages/english/keywords/philips/
2026-08-15 22:01:16,171 - INFO - ========================================
