2026-10-05 05:21:20,010 - INFO - Log file created at: /home/runner/work/potensitech.com/potensitech.com/languages/english/keywords/logs/kw_search_20261005_052120.log
2026-10-05 05:21:20,010 - INFO - ============================================================
2026-10-05 05:21:20,010 - INFO - AUTOMATIC KEYWORD RESEARCH TOOL
2026-10-05 05:21:20,010 - INFO - ============================================================
2026-10-05 05:21:20,497 - INFO - ========================================
2026-10-05 05:21:20,497 - INFO - Found 14 niches to process: xiaomi, iphone, samsung, apple, sony, asus, philips, sandisk, intel, nvidia, amd, canon, nikon, huawei
2026-10-05 05:21:20,497 - INFO - ========================================
2026-10-05 05:21:20,497 - INFO - Continuing from last processed niche: iphone
2026-10-05 05:21:20,497 - INFO - ========================================
2026-10-05 05:21:20,497 - INFO - 🎯 PROCESSING NICHE 3/14: 'samsung'
2026-10-05 05:21:20,497 - INFO - ========================================
2026-10-05 05:21:20,497 - INFO - 📁 Niche directory: /home/runner/work/potensitech.com/potensitech.com/languages/english/keywords/samsung
2026-10-05 05:21:20,497 - INFO - Selected region: us
2026-10-05 05:21:20,497 - INFO - Selected language: en
2026-10-05 05:21:20,497 - INFO - 🎯 Current niche: samsung
2026-10-05 05:21:31,378 - INFO - 🎯 Niche terms for filtering: samsung, cheap, best, latest, review, price, sell, buy, recommendation, tips, tutorial, guide, how to, vs, versus, compared to, comparison, alternatives, which is better, expensive, discount, deals, sale, affordable, cost, online, offline, marketplace, store, shop, retailer, where to buy, worst, quality, original, genuine, fake, replica, authentic, brand, manufacturer, company, product, samsung product, sell samsung, buy samsung, cheap samsung, best samsung, samsung review, where to buy samsung, how to choose samsung, top samsung, samsung guide, samsung for sale, samsung deals
2026-10-05 05:21:31,379 - INFO - Generated 50 niche-clue pairs for 'samsung'.
2026-10-05 05:21:31,382 - INFO - Expanded 50 seed keywords to 218 variations
2026-10-05 05:21:31,383 - INFO - 🔧 Request Handler initialized - Success rate: 100.0%
2026-10-05 05:25:52,565 - INFO - Original clue keywords: dslr features, ai acceleration
2026-10-05 05:25:52,565 - INFO - Niche-focused seeds: dslr features samsung, samsung dslr features, dslr features cheap, cheap dslr features, dslr features best, best dslr features, dslr features latest, latest dslr features, dslr features review, review dslr features, dslr features price, price dslr features, dslr features sell, sell dslr features, dslr features buy, buy dslr features, dslr features recommendation, recommendation dslr features, dslr features tips, tips dslr features, dslr features tutorial, tutorial dslr features, dslr features guide, guide dslr features, dslr features how to, how to dslr features, dslr features vs, vs dslr features, dslr features versus, versus dslr features, dslr features compared to, compared to dslr features, dslr features comparison, comparison dslr features, dslr features alternatives, alternatives dslr features, dslr features which is better, which is better dslr features, dslr features expensive, expensive dslr features, dslr features discount, discount dslr features, dslr features deals, deals dslr features, dslr features sale, sale dslr features, dslr features affordable, affordable dslr features, dslr features cost, cost dslr features, dslr features online, online dslr features, dslr features offline, offline dslr features, dslr features marketplace, marketplace dslr features, dslr features store, store dslr features, dslr features shop, shop dslr features, dslr features retailer, retailer dslr features, dslr features where to buy, where to buy dslr features, dslr features worst, worst dslr features, dslr features quality, quality dslr features, dslr features original, original dslr features, dslr features genuine, genuine dslr features, dslr features fake, fake dslr features, dslr features replica, replica dslr features, dslr features authentic, authentic dslr features, dslr features brand, brand dslr features, dslr features manufacturer, manufacturer dslr features, dslr features company, company dslr features, dslr features product, product dslr features, dslr features samsung product, samsung product dslr features, dslr features sell samsung, sell samsung dslr features, dslr features buy samsung, buy samsung dslr features, dslr features cheap samsung, cheap samsung dslr features, dslr features best samsung, best samsung dslr features, dslr features samsung review, samsung review dslr features, dslr features where to buy samsung, where to buy samsung dslr features, dslr features how to choose samsung, how to choose samsung dslr features, dslr features top samsung, top samsung dslr features, dslr features samsung guide, samsung guide dslr features, dslr features samsung for sale, samsung for sale dslr features, dslr features samsung deals, samsung deals dslr features, ai acceleration samsung, samsung ai acceleration, ai acceleration cheap, cheap ai acceleration, ai acceleration best, best ai acceleration, ai acceleration latest, latest ai acceleration, ai acceleration review, review ai acceleration, ai acceleration price, price ai acceleration, ai acceleration sell, sell ai acceleration, ai acceleration buy, buy ai acceleration, ai acceleration recommendation, recommendation ai acceleration, ai acceleration tips, tips ai acceleration, ai acceleration tutorial, tutorial ai acceleration, ai acceleration guide, guide ai acceleration, ai acceleration how to, how to ai acceleration, ai acceleration vs, vs ai acceleration, ai acceleration versus, versus ai acceleration, ai acceleration compared to, compared to ai acceleration, ai acceleration comparison, comparison ai acceleration, ai acceleration alternatives, alternatives ai acceleration, ai acceleration which is better, which is better ai acceleration, ai acceleration expensive, expensive ai acceleration, ai acceleration discount, discount ai acceleration, ai acceleration deals, deals ai acceleration, ai acceleration sale, sale ai acceleration, ai acceleration affordable, affordable ai acceleration, ai acceleration cost, cost ai acceleration, ai acceleration online, online ai acceleration, ai acceleration offline, offline ai acceleration, ai acceleration marketplace, marketplace ai acceleration, ai acceleration store, store ai acceleration, ai acceleration shop, shop ai acceleration, ai acceleration retailer, retailer ai acceleration, ai acceleration where to buy, where to buy ai acceleration, ai acceleration worst, worst ai acceleration, ai acceleration quality, quality ai acceleration, ai acceleration original, original ai acceleration, ai acceleration genuine, genuine ai acceleration, ai acceleration fake, fake ai acceleration, ai acceleration replica, replica ai acceleration, ai acceleration authentic, authentic ai acceleration, ai acceleration brand, brand ai acceleration, ai acceleration manufacturer, manufacturer ai acceleration, ai acceleration company, company ai acceleration, ai acceleration product, product ai acceleration, ai acceleration samsung product, samsung product ai acceleration, ai acceleration sell samsung, sell samsung ai acceleration, ai acceleration buy samsung, buy samsung ai acceleration, ai acceleration cheap samsung, cheap samsung ai acceleration, ai acceleration best samsung, best samsung ai acceleration, ai acceleration samsung review, samsung review ai acceleration, ai acceleration where to buy samsung, where to buy samsung ai acceleration, ai acceleration how to choose samsung, how to choose samsung ai acceleration, ai acceleration top samsung, top samsung ai acceleration, ai acceleration samsung guide, samsung guide ai acceleration, ai acceleration samsung for sale, samsung for sale ai acceleration, ai acceleration samsung deals, samsung deals ai acceleration
2026-10-05 05:25:52,569 - INFO - Expanded 220 seed keywords to 385 variations
2026-10-05 05:25:52,569 - INFO - Language: en
2026-10-05 05:25:52,569 - INFO - Region: us
2026-10-05 05:30:24,120 - INFO - 🎯 After all filtering for 'samsung': 120 relevant keywords
2026-10-05 05:30:25,882 - INFO - 🎯 Found 5 new keywords for niche 'samsung': samsung affordable ai acceleration, samsung affordable dslr features, cheap ai acceleration alternatives, best ai acceleration authentic, how to ai acceleration brand
2026-10-05 05:30:42,104 - INFO - ✅ Niche 'samsung' process complete! 679 total keyword results.
2026-10-05 05:30:42,104 - INFO - ✅ Completed processing niche: 'samsung'
2026-10-05 05:30:42,104 - INFO - 🔧 Request Handler final stats - Success rate: 100.0%
2026-10-05 05:30:42,104 - INFO -    Total requests: 214597, Blocks: 1
2026-10-05 05:30:42,105 - INFO - 
========================================
2026-10-05 05:30:42,105 - INFO - Process Summary:
2026-10-05 05:30:42,106 - INFO - - Current niche: 'samsung'
2026-10-05 05:30:42,106 - INFO - - Next niche will be: 'apple'
2026-10-05 05:30:42,106 - INFO - - Keywords saved in: languages/english/keywords/samsung/
2026-10-05 05:30:42,106 - INFO - ========================================
