2026-09-13 18:59:12,867 - INFO - Log file created at: /home/runner/work/potensitech.com/potensitech.com/languages/english/keywords/logs/kw_search_20260913_185912.log
2026-09-13 18:59:12,867 - INFO - ============================================================
2026-09-13 18:59:12,867 - INFO - AUTOMATIC KEYWORD RESEARCH TOOL
2026-09-13 18:59:12,867 - INFO - ============================================================
2026-09-13 18:59:13,228 - INFO - ========================================
2026-09-13 18:59:13,228 - INFO - Found 14 niches to process: xiaomi, iphone, samsung, apple, sony, asus, philips, sandisk, intel, nvidia, amd, canon, nikon, huawei
2026-09-13 18:59:13,228 - INFO - ========================================
2026-09-13 18:59:13,228 - INFO - Continuing from last processed niche: nikon
2026-09-13 18:59:13,228 - INFO - ========================================
2026-09-13 18:59:13,228 - INFO - 🎯 PROCESSING NICHE 14/14: 'huawei'
2026-09-13 18:59:13,228 - INFO - ========================================
2026-09-13 18:59:13,228 - INFO - 📁 Niche directory: /home/runner/work/potensitech.com/potensitech.com/languages/english/keywords/huawei
2026-09-13 18:59:13,229 - INFO - Selected region: us
2026-09-13 18:59:13,229 - INFO - Selected language: en
2026-09-13 18:59:13,229 - INFO - 🎯 Current niche: huawei
2026-09-13 18:59:24,416 - INFO - 🎯 Niche terms for filtering: huawei, cheap, best, latest, review, price, sell, buy, recommendation, tips, tutorial, guide, how to, vs, versus, compared to, comparison, alternatives, which is better, expensive, discount, deals, sale, affordable, cost, online, offline, marketplace, store, shop, retailer, where to buy, worst, quality, original, genuine, fake, replica, authentic, brand, manufacturer, company, product, huawei product, sell huawei, buy huawei, cheap huawei, best huawei, huawei review, where to buy huawei, how to choose huawei, top huawei, huawei guide, huawei for sale, huawei deals
2026-09-13 18:59:24,416 - INFO - Generated 50 niche-clue pairs for 'huawei'.
2026-09-13 18:59:24,420 - INFO - Expanded 50 seed keywords to 218 variations
2026-09-13 18:59:24,420 - INFO - 🔧 Request Handler initialized - Success rate: 100.0%
2026-09-13 19:03:50,048 - INFO - Original clue keywords: dlss technology, cuda cores
2026-09-13 19:03:50,048 - INFO - Niche-focused seeds: dlss technology huawei, huawei dlss technology, dlss technology cheap, cheap dlss technology, dlss technology best, best dlss technology, dlss technology latest, latest dlss technology, dlss technology review, review dlss technology, dlss technology price, price dlss technology, dlss technology sell, sell dlss technology, dlss technology buy, buy dlss technology, dlss technology recommendation, recommendation dlss technology, dlss technology tips, tips dlss technology, dlss technology tutorial, tutorial dlss technology, dlss technology guide, guide dlss technology, dlss technology how to, how to dlss technology, dlss technology vs, vs dlss technology, dlss technology versus, versus dlss technology, dlss technology compared to, compared to dlss technology, dlss technology comparison, comparison dlss technology, dlss technology alternatives, alternatives dlss technology, dlss technology which is better, which is better dlss technology, dlss technology expensive, expensive dlss technology, dlss technology discount, discount dlss technology, dlss technology deals, deals dlss technology, dlss technology sale, sale dlss technology, dlss technology affordable, affordable dlss technology, dlss technology cost, cost dlss technology, dlss technology online, online dlss technology, dlss technology offline, offline dlss technology, dlss technology marketplace, marketplace dlss technology, dlss technology store, store dlss technology, dlss technology shop, shop dlss technology, dlss technology retailer, retailer dlss technology, dlss technology where to buy, where to buy dlss technology, dlss technology worst, worst dlss technology, dlss technology quality, quality dlss technology, dlss technology original, original dlss technology, dlss technology genuine, genuine dlss technology, dlss technology fake, fake dlss technology, dlss technology replica, replica dlss technology, dlss technology authentic, authentic dlss technology, dlss technology brand, brand dlss technology, dlss technology manufacturer, manufacturer dlss technology, dlss technology company, company dlss technology, dlss technology product, product dlss technology, dlss technology huawei product, huawei product dlss technology, dlss technology sell huawei, sell huawei dlss technology, dlss technology buy huawei, buy huawei dlss technology, dlss technology cheap huawei, cheap huawei dlss technology, dlss technology best huawei, best huawei dlss technology, dlss technology huawei review, huawei review dlss technology, dlss technology where to buy huawei, where to buy huawei dlss technology, dlss technology how to choose huawei, how to choose huawei dlss technology, dlss technology top huawei, top huawei dlss technology, dlss technology huawei guide, huawei guide dlss technology, dlss technology huawei for sale, huawei for sale dlss technology, dlss technology huawei deals, huawei deals dlss technology, cuda cores huawei, huawei cuda cores, cuda cores cheap, cheap cuda cores, cuda cores best, best cuda cores, cuda cores latest, latest cuda cores, cuda cores review, review cuda cores, cuda cores price, price cuda cores, cuda cores sell, sell cuda cores, cuda cores buy, buy cuda cores, cuda cores recommendation, recommendation cuda cores, cuda cores tips, tips cuda cores, cuda cores tutorial, tutorial cuda cores, cuda cores guide, guide cuda cores, cuda cores how to, how to cuda cores, cuda cores vs, vs cuda cores, cuda cores versus, versus cuda cores, cuda cores compared to, compared to cuda cores, cuda cores comparison, comparison cuda cores, cuda cores alternatives, alternatives cuda cores, cuda cores which is better, which is better cuda cores, cuda cores expensive, expensive cuda cores, cuda cores discount, discount cuda cores, cuda cores deals, deals cuda cores, cuda cores sale, sale cuda cores, cuda cores affordable, affordable cuda cores, cuda cores cost, cost cuda cores, cuda cores online, online cuda cores, cuda cores offline, offline cuda cores, cuda cores marketplace, marketplace cuda cores, cuda cores store, store cuda cores, cuda cores shop, shop cuda cores, cuda cores retailer, retailer cuda cores, cuda cores where to buy, where to buy cuda cores, cuda cores worst, worst cuda cores, cuda cores quality, quality cuda cores, cuda cores original, original cuda cores, cuda cores genuine, genuine cuda cores, cuda cores fake, fake cuda cores, cuda cores replica, replica cuda cores, cuda cores authentic, authentic cuda cores, cuda cores brand, brand cuda cores, cuda cores manufacturer, manufacturer cuda cores, cuda cores company, company cuda cores, cuda cores product, product cuda cores, cuda cores huawei product, huawei product cuda cores, cuda cores sell huawei, sell huawei cuda cores, cuda cores buy huawei, buy huawei cuda cores, cuda cores cheap huawei, cheap huawei cuda cores, cuda cores best huawei, best huawei cuda cores, cuda cores huawei review, huawei review cuda cores, cuda cores where to buy huawei, where to buy huawei cuda cores, cuda cores how to choose huawei, how to choose huawei cuda cores, cuda cores top huawei, top huawei cuda cores, cuda cores huawei guide, huawei guide cuda cores, cuda cores huawei for sale, huawei for sale cuda cores, cuda cores huawei deals, huawei deals cuda cores
2026-09-13 19:03:50,052 - INFO - Expanded 220 seed keywords to 385 variations
2026-09-13 19:03:50,052 - INFO - Language: en
2026-09-13 19:03:50,052 - INFO - Region: us
2026-09-13 19:06:15,328 - INFO - 🎯 After all filtering for 'huawei': 120 relevant keywords
2026-09-13 19:06:19,785 - INFO - 🎯 Found 4 new keywords for niche 'huawei': huawei affordable cuda cores, huawei affordable dlss technology, cheap alternatives cuda cores, best authentic cuda cores
2026-09-13 19:06:35,736 - INFO - ✅ Niche 'huawei' process complete! 675 total keyword results.
2026-09-13 19:06:35,736 - INFO - ✅ Completed processing niche: 'huawei'
2026-09-13 19:06:35,736 - INFO - 🔧 Request Handler final stats - Success rate: 100.0%
2026-09-13 19:06:35,736 - INFO -    Total requests: 195899, Blocks: 1
2026-09-13 19:06:35,737 - INFO - 
========================================
2026-09-13 19:06:35,737 - INFO - Process Summary:
2026-09-13 19:06:35,737 - INFO - - Current niche: 'huawei'
2026-09-13 19:06:35,737 - INFO - - Next niche will be: 'xiaomi'
2026-09-13 19:06:35,737 - INFO - - Keywords saved in: languages/english/keywords/huawei/
2026-09-13 19:06:35,738 - INFO - ========================================
