2026-07-31 11:39:45,388 - INFO - Log file created at: /home/runner/work/potensitech.com/potensitech.com/languages/english/keywords/logs/kw_search_20260731_113945.log
2026-07-31 11:39:45,388 - INFO - ============================================================
2026-07-31 11:39:45,388 - INFO - AUTOMATIC KEYWORD RESEARCH TOOL
2026-07-31 11:39:45,388 - INFO - ============================================================
2026-07-31 11:39:45,618 - INFO - ========================================
2026-07-31 11:39:45,618 - INFO - Found 14 niches to process: xiaomi, iphone, samsung, apple, sony, asus, philips, sandisk, intel, nvidia, amd, canon, nikon, huawei
2026-07-31 11:39:45,618 - INFO - ========================================
2026-07-31 11:39:45,618 - INFO - Continuing from last processed niche: philips
2026-07-31 11:39:45,618 - INFO - ========================================
2026-07-31 11:39:45,618 - INFO - 🎯 PROCESSING NICHE 8/14: 'sandisk'
2026-07-31 11:39:45,618 - INFO - ========================================
2026-07-31 11:39:45,618 - INFO - 📁 Niche directory: /home/runner/work/potensitech.com/potensitech.com/languages/english/keywords/sandisk
2026-07-31 11:39:45,618 - INFO - Selected region: us
2026-07-31 11:39:45,618 - INFO - Selected language: en
2026-07-31 11:39:45,618 - INFO - 🎯 Current niche: sandisk
2026-07-31 11:39:47,231 - INFO - 🎯 Niche terms for filtering: sandisk, cheap, best, latest, review, price, sell, buy, recommendation, tips, tutorial, guide, how to, vs, versus, compared to, comparison, alternatives, which is better, expensive, discount, deals, sale, affordable, cost, online, offline, marketplace, store, shop, retailer, where to buy, worst, quality, original, genuine, fake, replica, authentic, brand, manufacturer, company, product, sandisk product, sell sandisk, buy sandisk, cheap sandisk, best sandisk, sandisk review, where to buy sandisk, how to choose sandisk, top sandisk, sandisk guide, sandisk for sale, sandisk deals
2026-07-31 11:39:47,232 - INFO - Generated 50 niche-clue pairs for 'sandisk'.
2026-07-31 11:39:47,234 - INFO - Expanded 50 seed keywords to 218 variations
2026-07-31 11:39:47,234 - INFO - 🔧 Request Handler initialized - Success rate: 100.0%
2026-07-31 11:44:10,947 - INFO - Original clue keywords: dslr photography, camera lenses
2026-07-31 11:44:10,947 - INFO - Niche-focused seeds: dslr photography sandisk, sandisk dslr photography, dslr photography cheap, cheap dslr photography, dslr photography best, best dslr photography, dslr photography latest, latest dslr photography, dslr photography review, review dslr photography, dslr photography price, price dslr photography, dslr photography sell, sell dslr photography, dslr photography buy, buy dslr photography, dslr photography recommendation, recommendation dslr photography, dslr photography tips, tips dslr photography, dslr photography tutorial, tutorial dslr photography, dslr photography guide, guide dslr photography, dslr photography how to, how to dslr photography, dslr photography vs, vs dslr photography, dslr photography versus, versus dslr photography, dslr photography compared to, compared to dslr photography, dslr photography comparison, comparison dslr photography, dslr photography alternatives, alternatives dslr photography, dslr photography which is better, which is better dslr photography, dslr photography expensive, expensive dslr photography, dslr photography discount, discount dslr photography, dslr photography deals, deals dslr photography, dslr photography sale, sale dslr photography, dslr photography affordable, affordable dslr photography, dslr photography cost, cost dslr photography, dslr photography online, online dslr photography, dslr photography offline, offline dslr photography, dslr photography marketplace, marketplace dslr photography, dslr photography store, store dslr photography, dslr photography shop, shop dslr photography, dslr photography retailer, retailer dslr photography, dslr photography where to buy, where to buy dslr photography, dslr photography worst, worst dslr photography, dslr photography quality, quality dslr photography, dslr photography original, original dslr photography, dslr photography genuine, genuine dslr photography, dslr photography fake, fake dslr photography, dslr photography replica, replica dslr photography, dslr photography authentic, authentic dslr photography, dslr photography brand, brand dslr photography, dslr photography manufacturer, manufacturer dslr photography, dslr photography company, company dslr photography, dslr photography product, product dslr photography, dslr photography sandisk product, sandisk product dslr photography, dslr photography sell sandisk, sell sandisk dslr photography, dslr photography buy sandisk, buy sandisk dslr photography, dslr photography cheap sandisk, cheap sandisk dslr photography, dslr photography best sandisk, best sandisk dslr photography, dslr photography sandisk review, sandisk review dslr photography, dslr photography where to buy sandisk, where to buy sandisk dslr photography, dslr photography how to choose sandisk, how to choose sandisk dslr photography, dslr photography top sandisk, top sandisk dslr photography, dslr photography sandisk guide, sandisk guide dslr photography, dslr photography sandisk for sale, sandisk for sale dslr photography, dslr photography sandisk deals, sandisk deals dslr photography, camera lenses sandisk, sandisk camera lenses, camera lenses cheap, cheap camera lenses, camera lenses best, best camera lenses, camera lenses latest, latest camera lenses, camera lenses review, review camera lenses, camera lenses price, price camera lenses, camera lenses sell, sell camera lenses, camera lenses buy, buy camera lenses, camera lenses recommendation, recommendation camera lenses, camera lenses tips, tips camera lenses, camera lenses tutorial, tutorial camera lenses, camera lenses guide, guide camera lenses, camera lenses how to, how to camera lenses, camera lenses vs, vs camera lenses, camera lenses versus, versus camera lenses, camera lenses compared to, compared to camera lenses, camera lenses comparison, comparison camera lenses, camera lenses alternatives, alternatives camera lenses, camera lenses which is better, which is better camera lenses, camera lenses expensive, expensive camera lenses, camera lenses discount, discount camera lenses, camera lenses deals, deals camera lenses, camera lenses sale, sale camera lenses, camera lenses affordable, affordable camera lenses, camera lenses cost, cost camera lenses, camera lenses online, online camera lenses, camera lenses offline, offline camera lenses, camera lenses marketplace, marketplace camera lenses, camera lenses store, store camera lenses, camera lenses shop, shop camera lenses, camera lenses retailer, retailer camera lenses, camera lenses where to buy, where to buy camera lenses, camera lenses worst, worst camera lenses, camera lenses quality, quality camera lenses, camera lenses original, original camera lenses, camera lenses genuine, genuine camera lenses, camera lenses fake, fake camera lenses, camera lenses replica, replica camera lenses, camera lenses authentic, authentic camera lenses, camera lenses brand, brand camera lenses, camera lenses manufacturer, manufacturer camera lenses, camera lenses company, company camera lenses, camera lenses product, product camera lenses, camera lenses sandisk product, sandisk product camera lenses, camera lenses sell sandisk, sell sandisk camera lenses, camera lenses buy sandisk, buy sandisk camera lenses, camera lenses cheap sandisk, cheap sandisk camera lenses, camera lenses best sandisk, best sandisk camera lenses, camera lenses sandisk review, sandisk review camera lenses, camera lenses where to buy sandisk, where to buy sandisk camera lenses, camera lenses how to choose sandisk, how to choose sandisk camera lenses, camera lenses top sandisk, top sandisk camera lenses, camera lenses sandisk guide, sandisk guide camera lenses, camera lenses sandisk for sale, sandisk for sale camera lenses, camera lenses sandisk deals, sandisk deals camera lenses
2026-07-31 11:44:10,950 - INFO - Expanded 220 seed keywords to 385 variations
2026-07-31 11:44:10,950 - INFO - Language: en
2026-07-31 11:44:10,950 - INFO - Region: us
2026-07-31 11:46:56,562 - INFO - 🎯 After all filtering for 'sandisk': 120 relevant keywords
2026-07-31 11:46:58,094 - INFO - 🎯 Found 5 new keywords for niche 'sandisk': sandisk affordable camera lenses, sandisk affordable dslr photography, cheap alternatives camera lenses, best authentic camera lenses, how to brand camera lenses
2026-07-31 11:46:59,352 - INFO - ✅ Niche 'sandisk' process complete! 791 total keyword results.
2026-07-31 11:46:59,352 - INFO - ✅ Completed processing niche: 'sandisk'
2026-07-31 11:46:59,352 - INFO - 🔧 Request Handler final stats - Success rate: 100.0%
2026-07-31 11:46:59,353 - INFO -    Total requests: 161332, Blocks: 1
2026-07-31 11:46:59,353 - INFO - 
========================================
2026-07-31 11:46:59,353 - INFO - Process Summary:
2026-07-31 11:46:59,354 - INFO - - Current niche: 'sandisk'
2026-07-31 11:46:59,354 - INFO - - Next niche will be: 'intel'
2026-07-31 11:46:59,354 - INFO - - Keywords saved in: languages/english/keywords/sandisk/
2026-07-31 11:46:59,354 - INFO - ========================================
