2026-08-14 10:34:44,033 - INFO - Log file created at: /home/runner/work/potensitech.com/potensitech.com/languages/english/keywords/logs/kw_search_20260814_103444.log
2026-08-14 10:34:44,033 - INFO - ============================================================
2026-08-14 10:34:44,033 - INFO - AUTOMATIC KEYWORD RESEARCH TOOL
2026-08-14 10:34:44,033 - INFO - ============================================================
2026-08-14 10:34:44,316 - INFO - ========================================
2026-08-14 10:34:44,317 - INFO - Found 14 niches to process: xiaomi, iphone, samsung, apple, sony, asus, philips, sandisk, intel, nvidia, amd, canon, nikon, huawei
2026-08-14 10:34:44,317 - INFO - ========================================
2026-08-14 10:34:44,317 - INFO - Continuing from last processed niche: sony
2026-08-14 10:34:44,317 - INFO - ========================================
2026-08-14 10:34:44,317 - INFO - 🎯 PROCESSING NICHE 6/14: 'asus'
2026-08-14 10:34:44,317 - INFO - ========================================
2026-08-14 10:34:44,317 - INFO - 📁 Niche directory: /home/runner/work/potensitech.com/potensitech.com/languages/english/keywords/asus
2026-08-14 10:34:44,317 - INFO - Selected region: us
2026-08-14 10:34:44,317 - INFO - Selected language: en
2026-08-14 10:34:44,317 - INFO - 🎯 Current niche: asus
2026-08-14 10:34:45,022 - INFO - 🎯 Niche terms for filtering: asus, cheap, best, latest, review, price, sell, buy, recommendation, tips, tutorial, guide, how to, vs, versus, compared to, comparison, alternatives, which is better, expensive, discount, deals, sale, affordable, cost, online, offline, marketplace, store, shop, retailer, where to buy, worst, quality, original, genuine, fake, replica, authentic, brand, manufacturer, company, product, asus product, sell asus, buy asus, cheap asus, best asus, asus review, where to buy asus, how to choose asus, top asus, asus guide, asus for sale, asus deals
2026-08-14 10:34:45,022 - INFO - Generated 50 niche-clue pairs for 'asus'.
2026-08-14 10:34:45,025 - INFO - Expanded 50 seed keywords to 218 variations
2026-08-14 10:34:45,026 - INFO - 🔧 Request Handler initialized - Success rate: 100.0%
2026-08-14 10:39:10,749 - INFO - Original clue keywords: core efficiency, chip architecture
2026-08-14 10:39:10,750 - INFO - Niche-focused seeds: core efficiency asus, asus core efficiency, core efficiency cheap, cheap core efficiency, core efficiency best, best core efficiency, core efficiency latest, latest core efficiency, core efficiency review, review core efficiency, core efficiency price, price core efficiency, core efficiency sell, sell core efficiency, core efficiency buy, buy core efficiency, core efficiency recommendation, recommendation core efficiency, core efficiency tips, tips core efficiency, core efficiency tutorial, tutorial core efficiency, core efficiency guide, guide core efficiency, core efficiency how to, how to core efficiency, core efficiency vs, vs core efficiency, core efficiency versus, versus core efficiency, core efficiency compared to, compared to core efficiency, core efficiency comparison, comparison core efficiency, core efficiency alternatives, alternatives core efficiency, core efficiency which is better, which is better core efficiency, core efficiency expensive, expensive core efficiency, core efficiency discount, discount core efficiency, core efficiency deals, deals core efficiency, core efficiency sale, sale core efficiency, core efficiency affordable, affordable core efficiency, core efficiency cost, cost core efficiency, core efficiency online, online core efficiency, core efficiency offline, offline core efficiency, core efficiency marketplace, marketplace core efficiency, core efficiency store, store core efficiency, core efficiency shop, shop core efficiency, core efficiency retailer, retailer core efficiency, core efficiency where to buy, where to buy core efficiency, core efficiency worst, worst core efficiency, core efficiency quality, quality core efficiency, core efficiency original, original core efficiency, core efficiency genuine, genuine core efficiency, core efficiency fake, fake core efficiency, core efficiency replica, replica core efficiency, core efficiency authentic, authentic core efficiency, core efficiency brand, brand core efficiency, core efficiency manufacturer, manufacturer core efficiency, core efficiency company, company core efficiency, core efficiency product, product core efficiency, core efficiency asus product, asus product core efficiency, core efficiency sell asus, sell asus core efficiency, core efficiency buy asus, buy asus core efficiency, core efficiency cheap asus, cheap asus core efficiency, core efficiency best asus, best asus core efficiency, core efficiency asus review, asus review core efficiency, core efficiency where to buy asus, where to buy asus core efficiency, core efficiency how to choose asus, how to choose asus core efficiency, core efficiency top asus, top asus core efficiency, core efficiency asus guide, asus guide core efficiency, core efficiency asus for sale, asus for sale core efficiency, core efficiency asus deals, asus deals core efficiency, chip architecture asus, asus chip architecture, chip architecture cheap, cheap chip architecture, chip architecture best, best chip architecture, chip architecture latest, latest chip architecture, chip architecture review, review chip architecture, chip architecture price, price chip architecture, chip architecture sell, sell chip architecture, chip architecture buy, buy chip architecture, chip architecture recommendation, recommendation chip architecture, chip architecture tips, tips chip architecture, chip architecture tutorial, tutorial chip architecture, chip architecture guide, guide chip architecture, chip architecture how to, how to chip architecture, chip architecture vs, vs chip architecture, chip architecture versus, versus chip architecture, chip architecture compared to, compared to chip architecture, chip architecture comparison, comparison chip architecture, chip architecture alternatives, alternatives chip architecture, chip architecture which is better, which is better chip architecture, chip architecture expensive, expensive chip architecture, chip architecture discount, discount chip architecture, chip architecture deals, deals chip architecture, chip architecture sale, sale chip architecture, chip architecture affordable, affordable chip architecture, chip architecture cost, cost chip architecture, chip architecture online, online chip architecture, chip architecture offline, offline chip architecture, chip architecture marketplace, marketplace chip architecture, chip architecture store, store chip architecture, chip architecture shop, shop chip architecture, chip architecture retailer, retailer chip architecture, chip architecture where to buy, where to buy chip architecture, chip architecture worst, worst chip architecture, chip architecture quality, quality chip architecture, chip architecture original, original chip architecture, chip architecture genuine, genuine chip architecture, chip architecture fake, fake chip architecture, chip architecture replica, replica chip architecture, chip architecture authentic, authentic chip architecture, chip architecture brand, brand chip architecture, chip architecture manufacturer, manufacturer chip architecture, chip architecture company, company chip architecture, chip architecture product, product chip architecture, chip architecture asus product, asus product chip architecture, chip architecture sell asus, sell asus chip architecture, chip architecture buy asus, buy asus chip architecture, chip architecture cheap asus, cheap asus chip architecture, chip architecture best asus, best asus chip architecture, chip architecture asus review, asus review chip architecture, chip architecture where to buy asus, where to buy asus chip architecture, chip architecture how to choose asus, how to choose asus chip architecture, chip architecture top asus, top asus chip architecture, chip architecture asus guide, asus guide chip architecture, chip architecture asus for sale, asus for sale chip architecture, chip architecture asus deals, asus deals chip architecture
2026-08-14 10:39:10,753 - INFO - Expanded 220 seed keywords to 385 variations
2026-08-14 10:39:10,753 - INFO - Language: en
2026-08-14 10:39:10,753 - INFO - Region: us
2026-08-14 10:41:37,689 - INFO - 🎯 After all filtering for 'asus': 120 relevant keywords
2026-08-14 10:41:39,679 - INFO - 🎯 Found 5 new keywords for niche 'asus': asus affordable chip architecture, asus affordable core efficiency, cheap alternatives chip architecture, best authentic chip architecture, how to brand chip architecture
2026-08-14 10:41:40,136 - INFO - ✅ Niche 'asus' process complete! 814 total keyword results.
2026-08-14 10:41:40,137 - INFO - ✅ Completed processing niche: 'asus'
2026-08-14 10:41:40,137 - INFO - 🔧 Request Handler final stats - Success rate: 100.0%
2026-08-14 10:41:40,137 - INFO -    Total requests: 171257, Blocks: 1
2026-08-14 10:41:40,138 - INFO - 
========================================
2026-08-14 10:41:40,138 - INFO - Process Summary:
2026-08-14 10:41:40,138 - INFO - - Current niche: 'asus'
2026-08-14 10:41:40,138 - INFO - - Next niche will be: 'philips'
2026-08-14 10:41:40,138 - INFO - - Keywords saved in: languages/english/keywords/asus/
2026-08-14 10:41:40,139 - INFO - ========================================
