2026-08-31 17:12:53,491 - INFO - Log file created at: /home/runner/work/potensitech.com/potensitech.com/languages/english/keywords/logs/kw_search_20260831_171253.log
2026-08-31 17:12:53,491 - INFO - ============================================================
2026-08-31 17:12:53,491 - INFO - AUTOMATIC KEYWORD RESEARCH TOOL
2026-08-31 17:12:53,491 - INFO - ============================================================
2026-08-31 17:12:54,079 - INFO - ========================================
2026-08-31 17:12:54,080 - INFO - Found 14 niches to process: xiaomi, iphone, samsung, apple, sony, asus, philips, sandisk, intel, nvidia, amd, canon, nikon, huawei
2026-08-31 17:12:54,080 - INFO - ========================================
2026-08-31 17:12:54,080 - INFO - Continuing from last processed niche: philips
2026-08-31 17:12:54,080 - INFO - ========================================
2026-08-31 17:12:54,080 - INFO - 🎯 PROCESSING NICHE 8/14: 'sandisk'
2026-08-31 17:12:54,080 - INFO - ========================================
2026-08-31 17:12:54,080 - INFO - 📁 Niche directory: /home/runner/work/potensitech.com/potensitech.com/languages/english/keywords/sandisk
2026-08-31 17:12:54,080 - INFO - Selected region: us
2026-08-31 17:12:54,080 - INFO - Selected language: en
2026-08-31 17:12:54,080 - INFO - 🎯 Current niche: sandisk
2026-08-31 17:13:05,481 - INFO - 🎯 Niche terms for filtering: sandisk, cheap, best, latest, review, price, sell, buy, recommendation, tips, tutorial, guide, how to, vs, versus, compared to, comparison, alternatives, which is better, expensive, discount, deals, sale, affordable, cost, online, offline, marketplace, store, shop, retailer, where to buy, worst, quality, original, genuine, fake, replica, authentic, brand, manufacturer, company, product, sandisk product, sell sandisk, buy sandisk, cheap sandisk, best sandisk, sandisk review, where to buy sandisk, how to choose sandisk, top sandisk, sandisk guide, sandisk for sale, sandisk deals
2026-08-31 17:13:05,481 - INFO - Generated 50 niche-clue pairs for 'sandisk'.
2026-08-31 17:13:05,484 - INFO - Expanded 50 seed keywords to 218 variations
2026-08-31 17:13:05,485 - INFO - 🔧 Request Handler initialized - Success rate: 100.0%
2026-08-31 17:17:27,004 - INFO - Original clue keywords: air-purifier, coffee-machine
2026-08-31 17:17:27,004 - INFO - Niche-focused seeds: air-purifier sandisk, sandisk air-purifier, air-purifier cheap, cheap air-purifier, air-purifier best, best air-purifier, air-purifier latest, latest air-purifier, air-purifier review, review air-purifier, air-purifier price, price air-purifier, air-purifier sell, sell air-purifier, air-purifier buy, buy air-purifier, air-purifier recommendation, recommendation air-purifier, air-purifier tips, tips air-purifier, air-purifier tutorial, tutorial air-purifier, air-purifier guide, guide air-purifier, air-purifier how to, how to air-purifier, air-purifier vs, vs air-purifier, air-purifier versus, versus air-purifier, air-purifier compared to, compared to air-purifier, air-purifier comparison, comparison air-purifier, air-purifier alternatives, alternatives air-purifier, air-purifier which is better, which is better air-purifier, air-purifier expensive, expensive air-purifier, air-purifier discount, discount air-purifier, air-purifier deals, deals air-purifier, air-purifier sale, sale air-purifier, air-purifier affordable, affordable air-purifier, air-purifier cost, cost air-purifier, air-purifier online, online air-purifier, air-purifier offline, offline air-purifier, air-purifier marketplace, marketplace air-purifier, air-purifier store, store air-purifier, air-purifier shop, shop air-purifier, air-purifier retailer, retailer air-purifier, air-purifier where to buy, where to buy air-purifier, air-purifier worst, worst air-purifier, air-purifier quality, quality air-purifier, air-purifier original, original air-purifier, air-purifier genuine, genuine air-purifier, air-purifier fake, fake air-purifier, air-purifier replica, replica air-purifier, air-purifier authentic, authentic air-purifier, air-purifier brand, brand air-purifier, air-purifier manufacturer, manufacturer air-purifier, air-purifier company, company air-purifier, air-purifier product, product air-purifier, air-purifier sandisk product, sandisk product air-purifier, air-purifier sell sandisk, sell sandisk air-purifier, air-purifier buy sandisk, buy sandisk air-purifier, air-purifier cheap sandisk, cheap sandisk air-purifier, air-purifier best sandisk, best sandisk air-purifier, air-purifier sandisk review, sandisk review air-purifier, air-purifier where to buy sandisk, where to buy sandisk air-purifier, air-purifier how to choose sandisk, how to choose sandisk air-purifier, air-purifier top sandisk, top sandisk air-purifier, air-purifier sandisk guide, sandisk guide air-purifier, air-purifier sandisk for sale, sandisk for sale air-purifier, air-purifier sandisk deals, sandisk deals air-purifier, coffee-machine sandisk, sandisk coffee-machine, coffee-machine cheap, cheap coffee-machine, coffee-machine best, best coffee-machine, coffee-machine latest, latest coffee-machine, coffee-machine review, review coffee-machine, coffee-machine price, price coffee-machine, coffee-machine sell, sell coffee-machine, coffee-machine buy, buy coffee-machine, coffee-machine recommendation, recommendation coffee-machine, coffee-machine tips, tips coffee-machine, coffee-machine tutorial, tutorial coffee-machine, coffee-machine guide, guide coffee-machine, coffee-machine how to, how to coffee-machine, coffee-machine vs, vs coffee-machine, coffee-machine versus, versus coffee-machine, coffee-machine compared to, compared to coffee-machine, coffee-machine comparison, comparison coffee-machine, coffee-machine alternatives, alternatives coffee-machine, coffee-machine which is better, which is better coffee-machine, coffee-machine expensive, expensive coffee-machine, coffee-machine discount, discount coffee-machine, coffee-machine deals, deals coffee-machine, coffee-machine sale, sale coffee-machine, coffee-machine affordable, affordable coffee-machine, coffee-machine cost, cost coffee-machine, coffee-machine online, online coffee-machine, coffee-machine offline, offline coffee-machine, coffee-machine marketplace, marketplace coffee-machine, coffee-machine store, store coffee-machine, coffee-machine shop, shop coffee-machine, coffee-machine retailer, retailer coffee-machine, coffee-machine where to buy, where to buy coffee-machine, coffee-machine worst, worst coffee-machine, coffee-machine quality, quality coffee-machine, coffee-machine original, original coffee-machine, coffee-machine genuine, genuine coffee-machine, coffee-machine fake, fake coffee-machine, coffee-machine replica, replica coffee-machine, coffee-machine authentic, authentic coffee-machine, coffee-machine brand, brand coffee-machine, coffee-machine manufacturer, manufacturer coffee-machine, coffee-machine company, company coffee-machine, coffee-machine product, product coffee-machine, coffee-machine sandisk product, sandisk product coffee-machine, coffee-machine sell sandisk, sell sandisk coffee-machine, coffee-machine buy sandisk, buy sandisk coffee-machine, coffee-machine cheap sandisk, cheap sandisk coffee-machine, coffee-machine best sandisk, best sandisk coffee-machine, coffee-machine sandisk review, sandisk review coffee-machine, coffee-machine where to buy sandisk, where to buy sandisk coffee-machine, coffee-machine how to choose sandisk, how to choose sandisk coffee-machine, coffee-machine top sandisk, top sandisk coffee-machine, coffee-machine sandisk guide, sandisk guide coffee-machine, coffee-machine sandisk for sale, sandisk for sale coffee-machine, coffee-machine sandisk deals, sandisk deals coffee-machine
2026-08-31 17:17:27,008 - INFO - Expanded 220 seed keywords to 385 variations
2026-08-31 17:17:27,008 - INFO - Language: en
2026-08-31 17:17:27,008 - INFO - Region: us
2026-08-31 17:21:56,350 - INFO - 🎯 After all filtering for 'sandisk': 120 relevant keywords
2026-08-31 17:21:56,640 - INFO - 🎯 Found 5 new keywords for niche 'sandisk': sandisk affordable air-purifier, cheap affordable air-purifier, best affordable air-purifier, how to affordable air-purifier, sandisk affordable coffee-machine
2026-08-31 17:22:12,926 - INFO - ✅ Niche 'sandisk' process complete! 834 total keyword results.
2026-08-31 17:22:12,927 - INFO - ✅ Completed processing niche: 'sandisk'
2026-08-31 17:22:12,927 - INFO - 🔧 Request Handler final stats - Success rate: 100.0%
2026-08-31 17:22:12,927 - INFO -    Total requests: 184749, Blocks: 1
2026-08-31 17:22:12,928 - INFO - 
========================================
2026-08-31 17:22:12,928 - INFO - Process Summary:
2026-08-31 17:22:12,928 - INFO - - Current niche: 'sandisk'
2026-08-31 17:22:12,928 - INFO - - Next niche will be: 'intel'
2026-08-31 17:22:12,928 - INFO - - Keywords saved in: languages/english/keywords/sandisk/
2026-08-31 17:22:12,929 - INFO - ========================================
