2026-08-13 10:39:04,687 - INFO - Log file created at: /home/runner/work/potensitech.com/potensitech.com/languages/english/keywords/logs/kw_search_20260813_103904.log
2026-08-13 10:39:04,687 - INFO - ============================================================
2026-08-13 10:39:04,687 - INFO - AUTOMATIC KEYWORD RESEARCH TOOL
2026-08-13 10:39:04,687 - INFO - ============================================================
2026-08-13 10:39:05,018 - INFO - ========================================
2026-08-13 10:39:05,019 - INFO - Found 14 niches to process: xiaomi, iphone, samsung, apple, sony, asus, philips, sandisk, intel, nvidia, amd, canon, nikon, huawei
2026-08-13 10:39:05,019 - INFO - ========================================
2026-08-13 10:39:05,019 - INFO - Continuing from last processed niche: intel
2026-08-13 10:39:05,019 - INFO - ========================================
2026-08-13 10:39:05,019 - INFO - 🎯 PROCESSING NICHE 10/14: 'nvidia'
2026-08-13 10:39:05,019 - INFO - ========================================
2026-08-13 10:39:05,019 - INFO - 📁 Niche directory: /home/runner/work/potensitech.com/potensitech.com/languages/english/keywords/nvidia
2026-08-13 10:39:05,019 - INFO - Selected region: us
2026-08-13 10:39:05,019 - INFO - Selected language: en
2026-08-13 10:39:05,019 - INFO - 🎯 Current niche: nvidia
2026-08-13 10:39:05,736 - INFO - 🎯 Niche terms for filtering: nvidia, cheap, best, latest, review, price, sell, buy, recommendation, tips, tutorial, guide, how to, vs, versus, compared to, comparison, alternatives, which is better, expensive, discount, deals, sale, affordable, cost, online, offline, marketplace, store, shop, retailer, where to buy, worst, quality, original, genuine, fake, replica, authentic, brand, manufacturer, company, product, nvidia product, sell nvidia, buy nvidia, cheap nvidia, best nvidia, nvidia review, where to buy nvidia, how to choose nvidia, top nvidia, nvidia guide, nvidia for sale, nvidia deals
2026-08-13 10:39:05,737 - INFO - Generated 50 niche-clue pairs for 'nvidia'.
2026-08-13 10:39:05,740 - INFO - Expanded 50 seed keywords to 218 variations
2026-08-13 10:39:05,746 - INFO - 🔧 Request Handler initialized - Success rate: 100.0%
2026-08-13 10:43:28,451 - INFO - Original clue keywords: lens compatibility, core efficiency
2026-08-13 10:43:28,451 - INFO - Niche-focused seeds: lens compatibility nvidia, nvidia lens compatibility, lens compatibility cheap, cheap lens compatibility, lens compatibility best, best lens compatibility, lens compatibility latest, latest lens compatibility, lens compatibility review, review lens compatibility, lens compatibility price, price lens compatibility, lens compatibility sell, sell lens compatibility, lens compatibility buy, buy lens compatibility, lens compatibility recommendation, recommendation lens compatibility, lens compatibility tips, tips lens compatibility, lens compatibility tutorial, tutorial lens compatibility, lens compatibility guide, guide lens compatibility, lens compatibility how to, how to lens compatibility, lens compatibility vs, vs lens compatibility, lens compatibility versus, versus lens compatibility, lens compatibility compared to, compared to lens compatibility, lens compatibility comparison, comparison lens compatibility, lens compatibility alternatives, alternatives lens compatibility, lens compatibility which is better, which is better lens compatibility, lens compatibility expensive, expensive lens compatibility, lens compatibility discount, discount lens compatibility, lens compatibility deals, deals lens compatibility, lens compatibility sale, sale lens compatibility, lens compatibility affordable, affordable lens compatibility, lens compatibility cost, cost lens compatibility, lens compatibility online, online lens compatibility, lens compatibility offline, offline lens compatibility, lens compatibility marketplace, marketplace lens compatibility, lens compatibility store, store lens compatibility, lens compatibility shop, shop lens compatibility, lens compatibility retailer, retailer lens compatibility, lens compatibility where to buy, where to buy lens compatibility, lens compatibility worst, worst lens compatibility, lens compatibility quality, quality lens compatibility, lens compatibility original, original lens compatibility, lens compatibility genuine, genuine lens compatibility, lens compatibility fake, fake lens compatibility, lens compatibility replica, replica lens compatibility, lens compatibility authentic, authentic lens compatibility, lens compatibility brand, brand lens compatibility, lens compatibility manufacturer, manufacturer lens compatibility, lens compatibility company, company lens compatibility, lens compatibility product, product lens compatibility, lens compatibility nvidia product, nvidia product lens compatibility, lens compatibility sell nvidia, sell nvidia lens compatibility, lens compatibility buy nvidia, buy nvidia lens compatibility, lens compatibility cheap nvidia, cheap nvidia lens compatibility, lens compatibility best nvidia, best nvidia lens compatibility, lens compatibility nvidia review, nvidia review lens compatibility, lens compatibility where to buy nvidia, where to buy nvidia lens compatibility, lens compatibility how to choose nvidia, how to choose nvidia lens compatibility, lens compatibility top nvidia, top nvidia lens compatibility, lens compatibility nvidia guide, nvidia guide lens compatibility, lens compatibility nvidia for sale, nvidia for sale lens compatibility, lens compatibility nvidia deals, nvidia deals lens compatibility, core efficiency nvidia, nvidia core efficiency, core efficiency cheap, cheap core efficiency, core efficiency best, best core efficiency, core efficiency latest, latest core efficiency, core efficiency review, review core efficiency, core efficiency price, price core efficiency, core efficiency sell, sell core efficiency, core efficiency buy, buy core efficiency, core efficiency recommendation, recommendation core efficiency, core efficiency tips, tips core efficiency, core efficiency tutorial, tutorial core efficiency, core efficiency guide, guide core efficiency, core efficiency how to, how to core efficiency, core efficiency vs, vs core efficiency, core efficiency versus, versus core efficiency, core efficiency compared to, compared to core efficiency, core efficiency comparison, comparison core efficiency, core efficiency alternatives, alternatives core efficiency, core efficiency which is better, which is better core efficiency, core efficiency expensive, expensive core efficiency, core efficiency discount, discount core efficiency, core efficiency deals, deals core efficiency, core efficiency sale, sale core efficiency, core efficiency affordable, affordable core efficiency, core efficiency cost, cost core efficiency, core efficiency online, online core efficiency, core efficiency offline, offline core efficiency, core efficiency marketplace, marketplace core efficiency, core efficiency store, store core efficiency, core efficiency shop, shop core efficiency, core efficiency retailer, retailer core efficiency, core efficiency where to buy, where to buy core efficiency, core efficiency worst, worst core efficiency, core efficiency quality, quality core efficiency, core efficiency original, original core efficiency, core efficiency genuine, genuine core efficiency, core efficiency fake, fake core efficiency, core efficiency replica, replica core efficiency, core efficiency authentic, authentic core efficiency, core efficiency brand, brand core efficiency, core efficiency manufacturer, manufacturer core efficiency, core efficiency company, company core efficiency, core efficiency product, product core efficiency, core efficiency nvidia product, nvidia product core efficiency, core efficiency sell nvidia, sell nvidia core efficiency, core efficiency buy nvidia, buy nvidia core efficiency, core efficiency cheap nvidia, cheap nvidia core efficiency, core efficiency best nvidia, best nvidia core efficiency, core efficiency nvidia review, nvidia review core efficiency, core efficiency where to buy nvidia, where to buy nvidia core efficiency, core efficiency how to choose nvidia, how to choose nvidia core efficiency, core efficiency top nvidia, top nvidia core efficiency, core efficiency nvidia guide, nvidia guide core efficiency, core efficiency nvidia for sale, nvidia for sale core efficiency, core efficiency nvidia deals, nvidia deals core efficiency
2026-08-13 10:43:28,455 - INFO - Expanded 220 seed keywords to 385 variations
2026-08-13 10:43:28,455 - INFO - Language: en
2026-08-13 10:43:28,455 - INFO - Region: us
2026-08-13 10:45:40,360 - INFO - 🎯 After all filtering for 'nvidia': 120 relevant keywords
2026-08-13 10:45:42,048 - INFO - 🎯 Found 5 new keywords for niche 'nvidia': nvidia affordable core efficiency, nvidia affordable lens compatibility, cheap alternatives core efficiency, cheap alternatives lens compatibility, best authentic core efficiency
2026-08-13 10:45:42,521 - INFO - ✅ Niche 'nvidia' process complete! 841 total keyword results.
2026-08-13 10:45:42,521 - INFO - ✅ Completed processing niche: 'nvidia'
2026-08-13 10:45:42,521 - INFO - 🔧 Request Handler final stats - Success rate: 100.0%
2026-08-13 10:45:42,521 - INFO -    Total requests: 170599, Blocks: 1
2026-08-13 10:45:42,522 - INFO - 
========================================
2026-08-13 10:45:42,522 - INFO - Process Summary:
2026-08-13 10:45:42,522 - INFO - - Current niche: 'nvidia'
2026-08-13 10:45:42,522 - INFO - - Next niche will be: 'amd'
2026-08-13 10:45:42,522 - INFO - - Keywords saved in: languages/english/keywords/nvidia/
2026-08-13 10:45:42,523 - INFO - ========================================
