2026-10-01 19:36:58,852 - INFO - Log file created at: /home/runner/work/potensitech.com/potensitech.com/languages/english/keywords/logs/kw_search_20261001_193658.log
2026-10-01 19:36:58,852 - INFO - ============================================================
2026-10-01 19:36:58,852 - INFO - AUTOMATIC KEYWORD RESEARCH TOOL
2026-10-01 19:36:58,852 - INFO - ============================================================
2026-10-01 19:36:59,234 - INFO - ========================================
2026-10-01 19:36:59,234 - INFO - Found 14 niches to process: xiaomi, iphone, samsung, apple, sony, asus, philips, sandisk, intel, nvidia, amd, canon, nikon, huawei
2026-10-01 19:36:59,235 - INFO - ========================================
2026-10-01 19:36:59,235 - INFO - Continuing from last processed niche: nvidia
2026-10-01 19:36:59,235 - INFO - ========================================
2026-10-01 19:36:59,235 - INFO - 🎯 PROCESSING NICHE 11/14: 'amd'
2026-10-01 19:36:59,235 - INFO - ========================================
2026-10-01 19:36:59,235 - INFO - 📁 Niche directory: /home/runner/work/potensitech.com/potensitech.com/languages/english/keywords/amd
2026-10-01 19:36:59,235 - INFO - Selected region: us
2026-10-01 19:36:59,235 - INFO - Selected language: en
2026-10-01 19:36:59,235 - INFO - 🎯 Current niche: amd
2026-10-01 19:37:10,016 - INFO - 🎯 Niche terms for filtering: amd, cheap, best, latest, review, price, sell, buy, recommendation, tips, tutorial, guide, how to, vs, versus, compared to, comparison, alternatives, which is better, expensive, discount, deals, sale, affordable, cost, online, offline, marketplace, store, shop, retailer, where to buy, worst, quality, original, genuine, fake, replica, authentic, brand, manufacturer, company, product, amd product, sell amd, buy amd, cheap amd, best amd, amd review, where to buy amd, how to choose amd, top amd, amd guide, amd for sale, amd deals
2026-10-01 19:37:10,016 - INFO - Generated 50 niche-clue pairs for 'amd'.
2026-10-01 19:37:10,018 - INFO - Expanded 50 seed keywords to 218 variations
2026-10-01 19:37:10,019 - INFO - 🔧 Request Handler initialized - Success rate: 100.0%
2026-10-01 19:41:34,946 - INFO - Original clue keywords: mobile performance, sleek design
2026-10-01 19:41:34,946 - INFO - Niche-focused seeds: mobile performance amd, amd mobile performance, mobile performance cheap, cheap mobile performance, mobile performance best, best mobile performance, mobile performance latest, latest mobile performance, mobile performance review, review mobile performance, mobile performance price, price mobile performance, mobile performance sell, sell mobile performance, mobile performance buy, buy mobile performance, mobile performance recommendation, recommendation mobile performance, mobile performance tips, tips mobile performance, mobile performance tutorial, tutorial mobile performance, mobile performance guide, guide mobile performance, mobile performance how to, how to mobile performance, mobile performance vs, vs mobile performance, mobile performance versus, versus mobile performance, mobile performance compared to, compared to mobile performance, mobile performance comparison, comparison mobile performance, mobile performance alternatives, alternatives mobile performance, mobile performance which is better, which is better mobile performance, mobile performance expensive, expensive mobile performance, mobile performance discount, discount mobile performance, mobile performance deals, deals mobile performance, mobile performance sale, sale mobile performance, mobile performance affordable, affordable mobile performance, mobile performance cost, cost mobile performance, mobile performance online, online mobile performance, mobile performance offline, offline mobile performance, mobile performance marketplace, marketplace mobile performance, mobile performance store, store mobile performance, mobile performance shop, shop mobile performance, mobile performance retailer, retailer mobile performance, mobile performance where to buy, where to buy mobile performance, mobile performance worst, worst mobile performance, mobile performance quality, quality mobile performance, mobile performance original, original mobile performance, mobile performance genuine, genuine mobile performance, mobile performance fake, fake mobile performance, mobile performance replica, replica mobile performance, mobile performance authentic, authentic mobile performance, mobile performance brand, brand mobile performance, mobile performance manufacturer, manufacturer mobile performance, mobile performance company, company mobile performance, mobile performance product, product mobile performance, mobile performance amd product, amd product mobile performance, mobile performance sell amd, sell amd mobile performance, mobile performance buy amd, buy amd mobile performance, mobile performance cheap amd, cheap amd mobile performance, mobile performance best amd, best amd mobile performance, mobile performance amd review, amd review mobile performance, mobile performance where to buy amd, where to buy amd mobile performance, mobile performance how to choose amd, how to choose amd mobile performance, mobile performance top amd, top amd mobile performance, mobile performance amd guide, amd guide mobile performance, mobile performance amd for sale, amd for sale mobile performance, mobile performance amd deals, amd deals mobile performance, sleek design amd, amd sleek design, sleek design cheap, cheap sleek design, sleek design best, best sleek design, sleek design latest, latest sleek design, sleek design review, review sleek design, sleek design price, price sleek design, sleek design sell, sell sleek design, sleek design buy, buy sleek design, sleek design recommendation, recommendation sleek design, sleek design tips, tips sleek design, sleek design tutorial, tutorial sleek design, sleek design guide, guide sleek design, sleek design how to, how to sleek design, sleek design vs, vs sleek design, sleek design versus, versus sleek design, sleek design compared to, compared to sleek design, sleek design comparison, comparison sleek design, sleek design alternatives, alternatives sleek design, sleek design which is better, which is better sleek design, sleek design expensive, expensive sleek design, sleek design discount, discount sleek design, sleek design deals, deals sleek design, sleek design sale, sale sleek design, sleek design affordable, affordable sleek design, sleek design cost, cost sleek design, sleek design online, online sleek design, sleek design offline, offline sleek design, sleek design marketplace, marketplace sleek design, sleek design store, store sleek design, sleek design shop, shop sleek design, sleek design retailer, retailer sleek design, sleek design where to buy, where to buy sleek design, sleek design worst, worst sleek design, sleek design quality, quality sleek design, sleek design original, original sleek design, sleek design genuine, genuine sleek design, sleek design fake, fake sleek design, sleek design replica, replica sleek design, sleek design authentic, authentic sleek design, sleek design brand, brand sleek design, sleek design manufacturer, manufacturer sleek design, sleek design company, company sleek design, sleek design product, product sleek design, sleek design amd product, amd product sleek design, sleek design sell amd, sell amd sleek design, sleek design buy amd, buy amd sleek design, sleek design cheap amd, cheap amd sleek design, sleek design best amd, best amd sleek design, sleek design amd review, amd review sleek design, sleek design where to buy amd, where to buy amd sleek design, sleek design how to choose amd, how to choose amd sleek design, sleek design top amd, top amd sleek design, sleek design amd guide, amd guide sleek design, sleek design amd for sale, amd for sale sleek design, sleek design amd deals, amd deals sleek design
2026-10-01 19:41:34,948 - INFO - Expanded 220 seed keywords to 385 variations
2026-10-01 19:41:34,949 - INFO - Language: en
2026-10-01 19:41:34,949 - INFO - Region: us
2026-10-01 19:46:07,022 - INFO - 🎯 After all filtering for 'amd': 120 relevant keywords
2026-10-01 19:46:08,181 - INFO - 🎯 Found 5 new keywords for niche 'amd': amd affordable mobile performance, amd affordable sleek design, cheap alternatives mobile performance, cheap alternatives sleek design, best authentic mobile performance
2026-10-01 19:46:24,029 - INFO - ✅ Niche 'amd' process complete! 819 total keyword results.
2026-10-01 19:46:24,030 - INFO - ✅ Completed processing niche: 'amd'
2026-10-01 19:46:24,030 - INFO - 🔧 Request Handler final stats - Success rate: 100.0%
2026-10-01 19:46:24,030 - INFO -    Total requests: 211404, Blocks: 1
2026-10-01 19:46:24,031 - INFO - 
========================================
2026-10-01 19:46:24,031 - INFO - Process Summary:
2026-10-01 19:46:24,031 - INFO - - Current niche: 'amd'
2026-10-01 19:46:24,031 - INFO - - Next niche will be: 'canon'
2026-10-01 19:46:24,031 - INFO - - Keywords saved in: languages/english/keywords/amd/
2026-10-01 19:46:24,032 - INFO - ========================================
