2026-09-15 19:50:50,243 - INFO - Log file created at: /home/runner/work/potensitech.com/potensitech.com/languages/english/keywords/logs/kw_search_20260915_195050.log
2026-09-15 19:50:50,243 - INFO - ============================================================
2026-09-15 19:50:50,243 - INFO - AUTOMATIC KEYWORD RESEARCH TOOL
2026-09-15 19:50:50,243 - INFO - ============================================================
2026-09-15 19:50:50,594 - INFO - ========================================
2026-09-15 19:50:50,594 - INFO - Found 14 niches to process: xiaomi, iphone, samsung, apple, sony, asus, philips, sandisk, intel, nvidia, amd, canon, nikon, huawei
2026-09-15 19:50:50,594 - INFO - ========================================
2026-09-15 19:50:50,594 - INFO - Continuing from last processed niche: sony
2026-09-15 19:50:50,594 - INFO - ========================================
2026-09-15 19:50:50,595 - INFO - 🎯 PROCESSING NICHE 6/14: 'asus'
2026-09-15 19:50:50,595 - INFO - ========================================
2026-09-15 19:50:50,595 - INFO - 📁 Niche directory: /home/runner/work/potensitech.com/potensitech.com/languages/english/keywords/asus
2026-09-15 19:50:50,595 - INFO - Selected region: us
2026-09-15 19:50:50,595 - INFO - Selected language: en
2026-09-15 19:50:50,595 - INFO - 🎯 Current niche: asus
2026-09-15 19:51:02,140 - INFO - 🎯 Niche terms for filtering: asus, cheap, best, latest, review, price, sell, buy, recommendation, tips, tutorial, guide, how to, vs, versus, compared to, comparison, alternatives, which is better, expensive, discount, deals, sale, affordable, cost, online, offline, marketplace, store, shop, retailer, where to buy, worst, quality, original, genuine, fake, replica, authentic, brand, manufacturer, company, product, asus product, sell asus, buy asus, cheap asus, best asus, asus review, where to buy asus, how to choose asus, top asus, asus guide, asus for sale, asus deals
2026-09-15 19:51:02,141 - INFO - Generated 50 niche-clue pairs for 'asus'.
2026-09-15 19:51:02,144 - INFO - Expanded 50 seed keywords to 218 variations
2026-09-15 19:51:02,145 - INFO - 🔧 Request Handler initialized - Success rate: 100.0%
2026-09-15 19:55:26,999 - INFO - Original clue keywords: audio systems, smart lighting
2026-09-15 19:55:26,999 - INFO - Niche-focused seeds: audio systems asus, asus audio systems, audio systems cheap, cheap audio systems, audio systems best, best audio systems, audio systems latest, latest audio systems, audio systems review, review audio systems, audio systems price, price audio systems, audio systems sell, sell audio systems, audio systems buy, buy audio systems, audio systems recommendation, recommendation audio systems, audio systems tips, tips audio systems, audio systems tutorial, tutorial audio systems, audio systems guide, guide audio systems, audio systems how to, how to audio systems, audio systems vs, vs audio systems, audio systems versus, versus audio systems, audio systems compared to, compared to audio systems, audio systems comparison, comparison audio systems, audio systems alternatives, alternatives audio systems, audio systems which is better, which is better audio systems, audio systems expensive, expensive audio systems, audio systems discount, discount audio systems, audio systems deals, deals audio systems, audio systems sale, sale audio systems, audio systems affordable, affordable audio systems, audio systems cost, cost audio systems, audio systems online, online audio systems, audio systems offline, offline audio systems, audio systems marketplace, marketplace audio systems, audio systems store, store audio systems, audio systems shop, shop audio systems, audio systems retailer, retailer audio systems, audio systems where to buy, where to buy audio systems, audio systems worst, worst audio systems, audio systems quality, quality audio systems, audio systems original, original audio systems, audio systems genuine, genuine audio systems, audio systems fake, fake audio systems, audio systems replica, replica audio systems, audio systems authentic, authentic audio systems, audio systems brand, brand audio systems, audio systems manufacturer, manufacturer audio systems, audio systems company, company audio systems, audio systems product, product audio systems, audio systems asus product, asus product audio systems, audio systems sell asus, sell asus audio systems, audio systems buy asus, buy asus audio systems, audio systems cheap asus, cheap asus audio systems, audio systems best asus, best asus audio systems, audio systems asus review, asus review audio systems, audio systems where to buy asus, where to buy asus audio systems, audio systems how to choose asus, how to choose asus audio systems, audio systems top asus, top asus audio systems, audio systems asus guide, asus guide audio systems, audio systems asus for sale, asus for sale audio systems, audio systems asus deals, asus deals audio systems, smart lighting asus, asus smart lighting, smart lighting cheap, cheap smart lighting, smart lighting best, best smart lighting, smart lighting latest, latest smart lighting, smart lighting review, review smart lighting, smart lighting price, price smart lighting, smart lighting sell, sell smart lighting, smart lighting buy, buy smart lighting, smart lighting recommendation, recommendation smart lighting, smart lighting tips, tips smart lighting, smart lighting tutorial, tutorial smart lighting, smart lighting guide, guide smart lighting, smart lighting how to, how to smart lighting, smart lighting vs, vs smart lighting, smart lighting versus, versus smart lighting, smart lighting compared to, compared to smart lighting, smart lighting comparison, comparison smart lighting, smart lighting alternatives, alternatives smart lighting, smart lighting which is better, which is better smart lighting, smart lighting expensive, expensive smart lighting, smart lighting discount, discount smart lighting, smart lighting deals, deals smart lighting, smart lighting sale, sale smart lighting, smart lighting affordable, affordable smart lighting, smart lighting cost, cost smart lighting, smart lighting online, online smart lighting, smart lighting offline, offline smart lighting, smart lighting marketplace, marketplace smart lighting, smart lighting store, store smart lighting, smart lighting shop, shop smart lighting, smart lighting retailer, retailer smart lighting, smart lighting where to buy, where to buy smart lighting, smart lighting worst, worst smart lighting, smart lighting quality, quality smart lighting, smart lighting original, original smart lighting, smart lighting genuine, genuine smart lighting, smart lighting fake, fake smart lighting, smart lighting replica, replica smart lighting, smart lighting authentic, authentic smart lighting, smart lighting brand, brand smart lighting, smart lighting manufacturer, manufacturer smart lighting, smart lighting company, company smart lighting, smart lighting product, product smart lighting, smart lighting asus product, asus product smart lighting, smart lighting sell asus, sell asus smart lighting, smart lighting buy asus, buy asus smart lighting, smart lighting cheap asus, cheap asus smart lighting, smart lighting best asus, best asus smart lighting, smart lighting asus review, asus review smart lighting, smart lighting where to buy asus, where to buy asus smart lighting, smart lighting how to choose asus, how to choose asus smart lighting, smart lighting top asus, top asus smart lighting, smart lighting asus guide, asus guide smart lighting, smart lighting asus for sale, asus for sale smart lighting, smart lighting asus deals, asus deals smart lighting
2026-09-15 19:55:27,003 - INFO - Expanded 220 seed keywords to 385 variations
2026-09-15 19:55:27,003 - INFO - Language: en
2026-09-15 19:55:27,003 - INFO - Region: us
2026-09-15 19:59:55,859 - INFO - 🎯 After all filtering for 'asus': 118 relevant keywords
2026-09-15 19:59:58,761 - INFO - 🎯 Found 5 new keywords for niche 'asus': asus affordable audio systems, asus affordable smart lighting, cheap alternatives audio systems, best audio systems authentic, how to audio systems brand
2026-09-15 20:00:15,019 - INFO - ✅ Niche 'asus' process complete! 857 total keyword results.
2026-09-15 20:00:15,019 - INFO - ✅ Completed processing niche: 'asus'
2026-09-15 20:00:15,019 - INFO - 🔧 Request Handler final stats - Success rate: 100.0%
2026-09-15 20:00:15,020 - INFO -    Total requests: 197728, Blocks: 1
2026-09-15 20:00:15,021 - INFO - 
========================================
2026-09-15 20:00:15,021 - INFO - Process Summary:
2026-09-15 20:00:15,021 - INFO - - Current niche: 'asus'
2026-09-15 20:00:15,021 - INFO - - Next niche will be: 'philips'
2026-09-15 20:00:15,021 - INFO - - Keywords saved in: languages/english/keywords/asus/
2026-09-15 20:00:15,022 - INFO - ========================================
