2026-10-03 12:34:05,051 - INFO - Log file created at: /home/runner/work/potensitech.com/potensitech.com/languages/english/keywords/logs/kw_search_20261003_123405.log
2026-10-03 12:34:05,051 - INFO - ============================================================
2026-10-03 12:34:05,051 - INFO - AUTOMATIC KEYWORD RESEARCH TOOL
2026-10-03 12:34:05,051 - INFO - ============================================================
2026-10-03 12:34:05,522 - INFO - ========================================
2026-10-03 12:34:05,522 - INFO - Found 14 niches to process: xiaomi, iphone, samsung, apple, sony, asus, philips, sandisk, intel, nvidia, amd, canon, nikon, huawei
2026-10-03 12:34:05,522 - INFO - ========================================
2026-10-03 12:34:05,522 - INFO - Continuing from last processed niche: nikon
2026-10-03 12:34:05,522 - INFO - ========================================
2026-10-03 12:34:05,522 - INFO - 🎯 PROCESSING NICHE 14/14: 'huawei'
2026-10-03 12:34:05,523 - INFO - ========================================
2026-10-03 12:34:05,523 - INFO - 📁 Niche directory: /home/runner/work/potensitech.com/potensitech.com/languages/english/keywords/huawei
2026-10-03 12:34:05,523 - INFO - Selected region: us
2026-10-03 12:34:05,523 - INFO - Selected language: en
2026-10-03 12:34:05,523 - INFO - 🎯 Current niche: huawei
2026-10-03 12:34:16,273 - INFO - 🎯 Niche terms for filtering: huawei, cheap, best, latest, review, price, sell, buy, recommendation, tips, tutorial, guide, how to, vs, versus, compared to, comparison, alternatives, which is better, expensive, discount, deals, sale, affordable, cost, online, offline, marketplace, store, shop, retailer, where to buy, worst, quality, original, genuine, fake, replica, authentic, brand, manufacturer, company, product, huawei product, sell huawei, buy huawei, cheap huawei, best huawei, huawei review, where to buy huawei, how to choose huawei, top huawei, huawei guide, huawei for sale, huawei deals
2026-10-03 12:34:16,274 - INFO - Generated 50 niche-clue pairs for 'huawei'.
2026-10-03 12:34:16,277 - INFO - Expanded 50 seed keywords to 218 variations
2026-10-03 12:34:16,278 - INFO - 🔧 Request Handler initialized - Success rate: 100.0%
2026-10-03 12:38:42,702 - INFO - Original clue keywords: core count, thermal performance
2026-10-03 12:38:42,702 - INFO - Niche-focused seeds: core count huawei, huawei core count, core count cheap, cheap core count, core count best, best core count, core count latest, latest core count, core count review, review core count, core count price, price core count, core count sell, sell core count, core count buy, buy core count, core count recommendation, recommendation core count, core count tips, tips core count, core count tutorial, tutorial core count, core count guide, guide core count, core count how to, how to core count, core count vs, vs core count, core count versus, versus core count, core count compared to, compared to core count, core count comparison, comparison core count, core count alternatives, alternatives core count, core count which is better, which is better core count, core count expensive, expensive core count, core count discount, discount core count, core count deals, deals core count, core count sale, sale core count, core count affordable, affordable core count, core count cost, cost core count, core count online, online core count, core count offline, offline core count, core count marketplace, marketplace core count, core count store, store core count, core count shop, shop core count, core count retailer, retailer core count, core count where to buy, where to buy core count, core count worst, worst core count, core count quality, quality core count, core count original, original core count, core count genuine, genuine core count, core count fake, fake core count, core count replica, replica core count, core count authentic, authentic core count, core count brand, brand core count, core count manufacturer, manufacturer core count, core count company, company core count, core count product, product core count, core count huawei product, huawei product core count, core count sell huawei, sell huawei core count, core count buy huawei, buy huawei core count, core count cheap huawei, cheap huawei core count, core count best huawei, best huawei core count, core count huawei review, huawei review core count, core count where to buy huawei, where to buy huawei core count, core count how to choose huawei, how to choose huawei core count, core count top huawei, top huawei core count, core count huawei guide, huawei guide core count, core count huawei for sale, huawei for sale core count, core count huawei deals, huawei deals core count, thermal performance huawei, huawei thermal performance, thermal performance cheap, cheap thermal performance, thermal performance best, best thermal performance, thermal performance latest, latest thermal performance, thermal performance review, review thermal performance, thermal performance price, price thermal performance, thermal performance sell, sell thermal performance, thermal performance buy, buy thermal performance, thermal performance recommendation, recommendation thermal performance, thermal performance tips, tips thermal performance, thermal performance tutorial, tutorial thermal performance, thermal performance guide, guide thermal performance, thermal performance how to, how to thermal performance, thermal performance vs, vs thermal performance, thermal performance versus, versus thermal performance, thermal performance compared to, compared to thermal performance, thermal performance comparison, comparison thermal performance, thermal performance alternatives, alternatives thermal performance, thermal performance which is better, which is better thermal performance, thermal performance expensive, expensive thermal performance, thermal performance discount, discount thermal performance, thermal performance deals, deals thermal performance, thermal performance sale, sale thermal performance, thermal performance affordable, affordable thermal performance, thermal performance cost, cost thermal performance, thermal performance online, online thermal performance, thermal performance offline, offline thermal performance, thermal performance marketplace, marketplace thermal performance, thermal performance store, store thermal performance, thermal performance shop, shop thermal performance, thermal performance retailer, retailer thermal performance, thermal performance where to buy, where to buy thermal performance, thermal performance worst, worst thermal performance, thermal performance quality, quality thermal performance, thermal performance original, original thermal performance, thermal performance genuine, genuine thermal performance, thermal performance fake, fake thermal performance, thermal performance replica, replica thermal performance, thermal performance authentic, authentic thermal performance, thermal performance brand, brand thermal performance, thermal performance manufacturer, manufacturer thermal performance, thermal performance company, company thermal performance, thermal performance product, product thermal performance, thermal performance huawei product, huawei product thermal performance, thermal performance sell huawei, sell huawei thermal performance, thermal performance buy huawei, buy huawei thermal performance, thermal performance cheap huawei, cheap huawei thermal performance, thermal performance best huawei, best huawei thermal performance, thermal performance huawei review, huawei review thermal performance, thermal performance where to buy huawei, where to buy huawei thermal performance, thermal performance how to choose huawei, how to choose huawei thermal performance, thermal performance top huawei, top huawei thermal performance, thermal performance huawei guide, huawei guide thermal performance, thermal performance huawei for sale, huawei for sale thermal performance, thermal performance huawei deals, huawei deals thermal performance
2026-10-03 12:38:42,706 - INFO - Expanded 220 seed keywords to 385 variations
2026-10-03 12:38:42,706 - INFO - Language: en
2026-10-03 12:38:42,706 - INFO - Region: us
2026-10-03 12:43:13,294 - INFO - 🎯 After all filtering for 'huawei': 120 relevant keywords
2026-10-03 12:43:14,553 - INFO - 🎯 Found 5 new keywords for niche 'huawei': huawei affordable core count, huawei affordable thermal performance, cheap alternatives core count, cheap alternatives thermal performance, best authentic core count
2026-10-03 12:43:31,300 - INFO - ✅ Niche 'huawei' process complete! 700 total keyword results.
2026-10-03 12:43:31,301 - INFO - ✅ Completed processing niche: 'huawei'
2026-10-03 12:43:31,301 - INFO - 🔧 Request Handler final stats - Success rate: 100.0%
2026-10-03 12:43:31,301 - INFO -    Total requests: 212993, Blocks: 1
2026-10-03 12:43:31,302 - INFO - 
========================================
2026-10-03 12:43:31,302 - INFO - Process Summary:
2026-10-03 12:43:31,302 - INFO - - Current niche: 'huawei'
2026-10-03 12:43:31,302 - INFO - - Next niche will be: 'xiaomi'
2026-10-03 12:43:31,302 - INFO - - Keywords saved in: languages/english/keywords/huawei/
2026-10-03 12:43:31,302 - INFO - ========================================
