2026-08-25 03:23:33,203 - INFO - Log file created at: /home/runner/work/potensitech.com/potensitech.com/languages/english/keywords/logs/kw_search_20260825_032333.log
2026-08-25 03:23:33,203 - INFO - ============================================================
2026-08-25 03:23:33,203 - INFO - AUTOMATIC KEYWORD RESEARCH TOOL
2026-08-25 03:23:33,203 - INFO - ============================================================
2026-08-25 03:23:33,441 - INFO - ========================================
2026-08-25 03:23:33,441 - INFO - Found 14 niches to process: xiaomi, iphone, samsung, apple, sony, asus, philips, sandisk, intel, nvidia, amd, canon, nikon, huawei
2026-08-25 03:23:33,441 - INFO - ========================================
2026-08-25 03:23:33,441 - INFO - All niches completed, starting over
2026-08-25 03:23:33,441 - INFO - ========================================
2026-08-25 03:23:33,441 - INFO - 🎯 PROCESSING NICHE 1/14: 'xiaomi'
2026-08-25 03:23:33,441 - INFO - ========================================
2026-08-25 03:23:33,441 - INFO - 📁 Niche directory: /home/runner/work/potensitech.com/potensitech.com/languages/english/keywords/xiaomi
2026-08-25 03:23:33,441 - INFO - Selected region: us
2026-08-25 03:23:33,441 - INFO - Selected language: en
2026-08-25 03:23:33,441 - INFO - 🎯 Current niche: xiaomi
2026-08-25 03:23:44,771 - INFO - 🎯 Niche terms for filtering: xiaomi, cheap, best, latest, review, price, sell, buy, recommendation, tips, tutorial, guide, how to, vs, versus, compared to, comparison, alternatives, which is better, expensive, discount, deals, sale, affordable, cost, online, offline, marketplace, store, shop, retailer, where to buy, worst, quality, original, genuine, fake, replica, authentic, brand, manufacturer, company, product, xiaomi product, sell xiaomi, buy xiaomi, cheap xiaomi, best xiaomi, xiaomi review, where to buy xiaomi, how to choose xiaomi, top xiaomi, xiaomi guide, xiaomi for sale, xiaomi deals
2026-08-25 03:23:44,772 - INFO - Generated 50 niche-clue pairs for 'xiaomi'.
2026-08-25 03:23:44,773 - INFO - Expanded 50 seed keywords to 218 variations
2026-08-25 03:23:44,773 - INFO - 🔧 Request Handler initialized - Success rate: 100.0%
2026-08-25 03:28:07,744 - INFO - Original clue keywords: ray tracing, graphics card
2026-08-25 03:28:07,744 - INFO - Niche-focused seeds: ray tracing xiaomi, xiaomi ray tracing, ray tracing cheap, cheap ray tracing, ray tracing best, best ray tracing, ray tracing latest, latest ray tracing, ray tracing review, review ray tracing, ray tracing price, price ray tracing, ray tracing sell, sell ray tracing, ray tracing buy, buy ray tracing, ray tracing recommendation, recommendation ray tracing, ray tracing tips, tips ray tracing, ray tracing tutorial, tutorial ray tracing, ray tracing guide, guide ray tracing, ray tracing how to, how to ray tracing, ray tracing vs, vs ray tracing, ray tracing versus, versus ray tracing, ray tracing compared to, compared to ray tracing, ray tracing comparison, comparison ray tracing, ray tracing alternatives, alternatives ray tracing, ray tracing which is better, which is better ray tracing, ray tracing expensive, expensive ray tracing, ray tracing discount, discount ray tracing, ray tracing deals, deals ray tracing, ray tracing sale, sale ray tracing, ray tracing affordable, affordable ray tracing, ray tracing cost, cost ray tracing, ray tracing online, online ray tracing, ray tracing offline, offline ray tracing, ray tracing marketplace, marketplace ray tracing, ray tracing store, store ray tracing, ray tracing shop, shop ray tracing, ray tracing retailer, retailer ray tracing, ray tracing where to buy, where to buy ray tracing, ray tracing worst, worst ray tracing, ray tracing quality, quality ray tracing, ray tracing original, original ray tracing, ray tracing genuine, genuine ray tracing, ray tracing fake, fake ray tracing, ray tracing replica, replica ray tracing, ray tracing authentic, authentic ray tracing, ray tracing brand, brand ray tracing, ray tracing manufacturer, manufacturer ray tracing, ray tracing company, company ray tracing, ray tracing product, product ray tracing, ray tracing xiaomi product, xiaomi product ray tracing, ray tracing sell xiaomi, sell xiaomi ray tracing, ray tracing buy xiaomi, buy xiaomi ray tracing, ray tracing cheap xiaomi, cheap xiaomi ray tracing, ray tracing best xiaomi, best xiaomi ray tracing, ray tracing xiaomi review, xiaomi review ray tracing, ray tracing where to buy xiaomi, where to buy xiaomi ray tracing, ray tracing how to choose xiaomi, how to choose xiaomi ray tracing, ray tracing top xiaomi, top xiaomi ray tracing, ray tracing xiaomi guide, xiaomi guide ray tracing, ray tracing xiaomi for sale, xiaomi for sale ray tracing, ray tracing xiaomi deals, xiaomi deals ray tracing, graphics card xiaomi, xiaomi graphics card, graphics card cheap, cheap graphics card, graphics card best, best graphics card, graphics card latest, latest graphics card, graphics card review, review graphics card, graphics card price, price graphics card, graphics card sell, sell graphics card, graphics card buy, buy graphics card, graphics card recommendation, recommendation graphics card, graphics card tips, tips graphics card, graphics card tutorial, tutorial graphics card, graphics card guide, guide graphics card, graphics card how to, how to graphics card, graphics card vs, vs graphics card, graphics card versus, versus graphics card, graphics card compared to, compared to graphics card, graphics card comparison, comparison graphics card, graphics card alternatives, alternatives graphics card, graphics card which is better, which is better graphics card, graphics card expensive, expensive graphics card, graphics card discount, discount graphics card, graphics card deals, deals graphics card, graphics card sale, sale graphics card, graphics card affordable, affordable graphics card, graphics card cost, cost graphics card, graphics card online, online graphics card, graphics card offline, offline graphics card, graphics card marketplace, marketplace graphics card, graphics card store, store graphics card, graphics card shop, shop graphics card, graphics card retailer, retailer graphics card, graphics card where to buy, where to buy graphics card, graphics card worst, worst graphics card, graphics card quality, quality graphics card, graphics card original, original graphics card, graphics card genuine, genuine graphics card, graphics card fake, fake graphics card, graphics card replica, replica graphics card, graphics card authentic, authentic graphics card, graphics card brand, brand graphics card, graphics card manufacturer, manufacturer graphics card, graphics card company, company graphics card, graphics card product, product graphics card, graphics card xiaomi product, xiaomi product graphics card, graphics card sell xiaomi, sell xiaomi graphics card, graphics card buy xiaomi, buy xiaomi graphics card, graphics card cheap xiaomi, cheap xiaomi graphics card, graphics card best xiaomi, best xiaomi graphics card, graphics card xiaomi review, xiaomi review graphics card, graphics card where to buy xiaomi, where to buy xiaomi graphics card, graphics card how to choose xiaomi, how to choose xiaomi graphics card, graphics card top xiaomi, top xiaomi graphics card, graphics card xiaomi guide, xiaomi guide graphics card, graphics card xiaomi for sale, xiaomi for sale graphics card, graphics card xiaomi deals, xiaomi deals graphics card
2026-08-25 03:28:07,746 - INFO - Expanded 220 seed keywords to 385 variations
2026-08-25 03:28:07,746 - INFO - Language: en
2026-08-25 03:28:07,746 - INFO - Region: us
2026-08-25 03:32:21,794 - INFO - 🎯 After all filtering for 'xiaomi': 120 relevant keywords
2026-08-25 03:32:22,545 - INFO - 🎯 Found 5 new keywords for niche 'xiaomi': xiaomi affordable graphics card, xiaomi affordable ray tracing, cheap alternatives graphics card, cheap alternatives ray tracing, best authentic graphics card
2026-08-25 03:32:38,332 - INFO - ✅ Niche 'xiaomi' process complete! 654 total keyword results.
2026-08-25 03:32:38,333 - INFO - ✅ Completed processing niche: 'xiaomi'
2026-08-25 03:32:38,333 - INFO - 🔧 Request Handler final stats - Success rate: 100.0%
2026-08-25 03:32:38,333 - INFO -    Total requests: 179777, Blocks: 1
2026-08-25 03:32:38,334 - INFO - 
========================================
2026-08-25 03:32:38,334 - INFO - Process Summary:
2026-08-25 03:32:38,334 - INFO - - Current niche: 'xiaomi'
2026-08-25 03:32:38,334 - INFO - - Next niche will be: 'iphone'
2026-08-25 03:32:38,334 - INFO - - Keywords saved in: languages/english/keywords/xiaomi/
2026-08-25 03:32:38,334 - INFO - ========================================
