2026-09-01 16:00:41,798 - INFO - Log file created at: /home/runner/work/potensitech.com/potensitech.com/languages/english/keywords/logs/kw_search_20260901_160041.log
2026-09-01 16:00:41,798 - INFO - ============================================================
2026-09-01 16:00:41,798 - INFO - AUTOMATIC KEYWORD RESEARCH TOOL
2026-09-01 16:00:41,798 - INFO - ============================================================
2026-09-01 16:00:42,144 - INFO - ========================================
2026-09-01 16:00:42,144 - INFO - Found 14 niches to process: xiaomi, iphone, samsung, apple, sony, asus, philips, sandisk, intel, nvidia, amd, canon, nikon, huawei
2026-09-01 16:00:42,144 - INFO - ========================================
2026-09-01 16:00:42,144 - INFO - Continuing from last processed niche: apple
2026-09-01 16:00:42,144 - INFO - ========================================
2026-09-01 16:00:42,144 - INFO - 🎯 PROCESSING NICHE 5/14: 'sony'
2026-09-01 16:00:42,144 - INFO - ========================================
2026-09-01 16:00:42,145 - INFO - 📁 Niche directory: /home/runner/work/potensitech.com/potensitech.com/languages/english/keywords/sony
2026-09-01 16:00:42,145 - INFO - Selected region: us
2026-09-01 16:00:42,145 - INFO - Selected language: en
2026-09-01 16:00:42,145 - INFO - 🎯 Current niche: sony
2026-09-01 16:00:53,141 - INFO - 🎯 Niche terms for filtering: sony, cheap, best, latest, review, price, sell, buy, recommendation, tips, tutorial, guide, how to, vs, versus, compared to, comparison, alternatives, which is better, expensive, discount, deals, sale, affordable, cost, online, offline, marketplace, store, shop, retailer, where to buy, worst, quality, original, genuine, fake, replica, authentic, brand, manufacturer, company, product, sony product, sell sony, buy sony, cheap sony, best sony, sony review, where to buy sony, how to choose sony, top sony, sony guide, sony for sale, sony deals
2026-09-01 16:00:53,141 - INFO - Generated 50 niche-clue pairs for 'sony'.
2026-09-01 16:00:53,143 - INFO - Expanded 50 seed keywords to 218 variations
2026-09-01 16:00:53,144 - INFO - 🔧 Request Handler initialized - Success rate: 100.0%
2026-09-01 16:05:18,328 - INFO - Original clue keywords: electric-shaver, gaming
2026-09-01 16:05:18,328 - INFO - Niche-focused seeds: electric-shaver sony, sony electric-shaver, electric-shaver cheap, cheap electric-shaver, electric-shaver best, best electric-shaver, electric-shaver latest, latest electric-shaver, electric-shaver review, review electric-shaver, electric-shaver price, price electric-shaver, electric-shaver sell, sell electric-shaver, electric-shaver buy, buy electric-shaver, electric-shaver recommendation, recommendation electric-shaver, electric-shaver tips, tips electric-shaver, electric-shaver tutorial, tutorial electric-shaver, electric-shaver guide, guide electric-shaver, electric-shaver how to, how to electric-shaver, electric-shaver vs, vs electric-shaver, electric-shaver versus, versus electric-shaver, electric-shaver compared to, compared to electric-shaver, electric-shaver comparison, comparison electric-shaver, electric-shaver alternatives, alternatives electric-shaver, electric-shaver which is better, which is better electric-shaver, electric-shaver expensive, expensive electric-shaver, electric-shaver discount, discount electric-shaver, electric-shaver deals, deals electric-shaver, electric-shaver sale, sale electric-shaver, electric-shaver affordable, affordable electric-shaver, electric-shaver cost, cost electric-shaver, electric-shaver online, online electric-shaver, electric-shaver offline, offline electric-shaver, electric-shaver marketplace, marketplace electric-shaver, electric-shaver store, store electric-shaver, electric-shaver shop, shop electric-shaver, electric-shaver retailer, retailer electric-shaver, electric-shaver where to buy, where to buy electric-shaver, electric-shaver worst, worst electric-shaver, electric-shaver quality, quality electric-shaver, electric-shaver original, original electric-shaver, electric-shaver genuine, genuine electric-shaver, electric-shaver fake, fake electric-shaver, electric-shaver replica, replica electric-shaver, electric-shaver authentic, authentic electric-shaver, electric-shaver brand, brand electric-shaver, electric-shaver manufacturer, manufacturer electric-shaver, electric-shaver company, company electric-shaver, electric-shaver product, product electric-shaver, electric-shaver sony product, sony product electric-shaver, electric-shaver sell sony, sell sony electric-shaver, electric-shaver buy sony, buy sony electric-shaver, electric-shaver cheap sony, cheap sony electric-shaver, electric-shaver best sony, best sony electric-shaver, electric-shaver sony review, sony review electric-shaver, electric-shaver where to buy sony, where to buy sony electric-shaver, electric-shaver how to choose sony, how to choose sony electric-shaver, electric-shaver top sony, top sony electric-shaver, electric-shaver sony guide, sony guide electric-shaver, electric-shaver sony for sale, sony for sale electric-shaver, electric-shaver sony deals, sony deals electric-shaver, gaming sony, sony gaming, gaming cheap, cheap gaming, gaming best, best gaming, gaming latest, latest gaming, gaming review, review gaming, gaming price, price gaming, gaming sell, sell gaming, gaming buy, buy gaming, gaming recommendation, recommendation gaming, gaming tips, tips gaming, gaming tutorial, tutorial gaming, gaming guide, guide gaming, gaming how to, how to gaming, gaming vs, vs gaming, gaming versus, versus gaming, gaming compared to, compared to gaming, gaming comparison, comparison gaming, gaming alternatives, alternatives gaming, gaming which is better, which is better gaming, gaming expensive, expensive gaming, gaming discount, discount gaming, gaming deals, deals gaming, gaming sale, sale gaming, gaming affordable, affordable gaming, gaming cost, cost gaming, gaming online, online gaming, gaming offline, offline gaming, gaming marketplace, marketplace gaming, gaming store, store gaming, gaming shop, shop gaming, gaming retailer, retailer gaming, gaming where to buy, where to buy gaming, gaming worst, worst gaming, gaming quality, quality gaming, gaming original, original gaming, gaming genuine, genuine gaming, gaming fake, fake gaming, gaming replica, replica gaming, gaming authentic, authentic gaming, gaming brand, brand gaming, gaming manufacturer, manufacturer gaming, gaming company, company gaming, gaming product, product gaming, gaming sony product, sony product gaming, gaming sell sony, sell sony gaming, gaming buy sony, buy sony gaming, gaming cheap sony, cheap sony gaming, gaming best sony, best sony gaming, gaming sony review, sony review gaming, gaming where to buy sony, where to buy sony gaming, gaming how to choose sony, how to choose sony gaming, gaming top sony, top sony gaming, gaming sony guide, sony guide gaming, gaming sony for sale, sony for sale gaming, gaming sony deals, sony deals gaming
2026-09-01 16:05:18,331 - INFO - Expanded 220 seed keywords to 385 variations
2026-09-01 16:05:18,331 - INFO - Language: en
2026-09-01 16:05:18,331 - INFO - Region: us
2026-09-01 16:09:48,968 - INFO - 🎯 After all filtering for 'sony': 120 relevant keywords
2026-09-01 16:09:49,163 - INFO - 🎯 Found 5 new keywords for niche 'sony': sony affordable electric-shaver, cheap affordable electric-shaver, best affordable electric-shaver, how to affordable electric-shaver, sony affordable gaming
2026-09-01 16:10:05,232 - INFO - ✅ Niche 'sony' process complete! 662 total keyword results.
2026-09-01 16:10:05,232 - INFO - ✅ Completed processing niche: 'sony'
2026-09-01 16:10:05,233 - INFO - 🔧 Request Handler final stats - Success rate: 100.0%
2026-09-01 16:10:05,233 - INFO -    Total requests: 185664, Blocks: 1
2026-09-01 16:10:05,233 - INFO - 
========================================
2026-09-01 16:10:05,234 - INFO - Process Summary:
2026-09-01 16:10:05,234 - INFO - - Current niche: 'sony'
2026-09-01 16:10:05,234 - INFO - - Next niche will be: 'asus'
2026-09-01 16:10:05,234 - INFO - - Keywords saved in: languages/english/keywords/sony/
2026-09-01 16:10:05,235 - INFO - ========================================
