2026-08-19 10:00:37,363 - INFO - Log file created at: /home/runner/work/potensitech.com/potensitech.com/languages/english/keywords/logs/kw_search_20260819_100037.log
2026-08-19 10:00:37,363 - INFO - ============================================================
2026-08-19 10:00:37,363 - INFO - AUTOMATIC KEYWORD RESEARCH TOOL
2026-08-19 10:00:37,363 - INFO - ============================================================
2026-08-19 10:00:37,656 - INFO - ========================================
2026-08-19 10:00:37,656 - INFO - Found 14 niches to process: xiaomi, iphone, samsung, apple, sony, asus, philips, sandisk, intel, nvidia, amd, canon, nikon, huawei
2026-08-19 10:00:37,656 - INFO - ========================================
2026-08-19 10:00:37,656 - INFO - Continuing from last processed niche: nikon
2026-08-19 10:00:37,656 - INFO - ========================================
2026-08-19 10:00:37,656 - INFO - 🎯 PROCESSING NICHE 14/14: 'huawei'
2026-08-19 10:00:37,656 - INFO - ========================================
2026-08-19 10:00:37,656 - INFO - 📁 Niche directory: /home/runner/work/potensitech.com/potensitech.com/languages/english/keywords/huawei
2026-08-19 10:00:37,656 - INFO - Selected region: us
2026-08-19 10:00:37,657 - INFO - Selected language: en
2026-08-19 10:00:37,657 - INFO - 🎯 Current niche: huawei
2026-08-19 10:00:38,397 - INFO - 🎯 Niche terms for filtering: huawei, cheap, best, latest, review, price, sell, buy, recommendation, tips, tutorial, guide, how to, vs, versus, compared to, comparison, alternatives, which is better, expensive, discount, deals, sale, affordable, cost, online, offline, marketplace, store, shop, retailer, where to buy, worst, quality, original, genuine, fake, replica, authentic, brand, manufacturer, company, product, huawei product, sell huawei, buy huawei, cheap huawei, best huawei, huawei review, where to buy huawei, how to choose huawei, top huawei, huawei guide, huawei for sale, huawei deals
2026-08-19 10:00:38,397 - INFO - Generated 50 niche-clue pairs for 'huawei'.
2026-08-19 10:00:38,401 - INFO - Expanded 50 seed keywords to 218 variations
2026-08-19 10:00:38,401 - INFO - 🔧 Request Handler initialized - Success rate: 100.0%
2026-08-19 10:05:06,236 - INFO - Original clue keywords: amoled display, megapixels
2026-08-19 10:05:06,237 - INFO - Niche-focused seeds: amoled display huawei, huawei amoled display, amoled display cheap, cheap amoled display, amoled display best, best amoled display, amoled display latest, latest amoled display, amoled display review, review amoled display, amoled display price, price amoled display, amoled display sell, sell amoled display, amoled display buy, buy amoled display, amoled display recommendation, recommendation amoled display, amoled display tips, tips amoled display, amoled display tutorial, tutorial amoled display, amoled display guide, guide amoled display, amoled display how to, how to amoled display, amoled display vs, vs amoled display, amoled display versus, versus amoled display, amoled display compared to, compared to amoled display, amoled display comparison, comparison amoled display, amoled display alternatives, alternatives amoled display, amoled display which is better, which is better amoled display, amoled display expensive, expensive amoled display, amoled display discount, discount amoled display, amoled display deals, deals amoled display, amoled display sale, sale amoled display, amoled display affordable, affordable amoled display, amoled display cost, cost amoled display, amoled display online, online amoled display, amoled display offline, offline amoled display, amoled display marketplace, marketplace amoled display, amoled display store, store amoled display, amoled display shop, shop amoled display, amoled display retailer, retailer amoled display, amoled display where to buy, where to buy amoled display, amoled display worst, worst amoled display, amoled display quality, quality amoled display, amoled display original, original amoled display, amoled display genuine, genuine amoled display, amoled display fake, fake amoled display, amoled display replica, replica amoled display, amoled display authentic, authentic amoled display, amoled display brand, brand amoled display, amoled display manufacturer, manufacturer amoled display, amoled display company, company amoled display, amoled display product, product amoled display, amoled display huawei product, huawei product amoled display, amoled display sell huawei, sell huawei amoled display, amoled display buy huawei, buy huawei amoled display, amoled display cheap huawei, cheap huawei amoled display, amoled display best huawei, best huawei amoled display, amoled display huawei review, huawei review amoled display, amoled display where to buy huawei, where to buy huawei amoled display, amoled display how to choose huawei, how to choose huawei amoled display, amoled display top huawei, top huawei amoled display, amoled display huawei guide, huawei guide amoled display, amoled display huawei for sale, huawei for sale amoled display, amoled display huawei deals, huawei deals amoled display, megapixels huawei, huawei megapixels, megapixels cheap, cheap megapixels, megapixels best, best megapixels, megapixels latest, latest megapixels, megapixels review, review megapixels, megapixels price, price megapixels, megapixels sell, sell megapixels, megapixels buy, buy megapixels, megapixels recommendation, recommendation megapixels, megapixels tips, tips megapixels, megapixels tutorial, tutorial megapixels, megapixels guide, guide megapixels, megapixels how to, how to megapixels, megapixels vs, vs megapixels, megapixels versus, versus megapixels, megapixels compared to, compared to megapixels, megapixels comparison, comparison megapixels, megapixels alternatives, alternatives megapixels, megapixels which is better, which is better megapixels, megapixels expensive, expensive megapixels, megapixels discount, discount megapixels, megapixels deals, deals megapixels, megapixels sale, sale megapixels, megapixels affordable, affordable megapixels, megapixels cost, cost megapixels, megapixels online, online megapixels, megapixels offline, offline megapixels, megapixels marketplace, marketplace megapixels, megapixels store, store megapixels, megapixels shop, shop megapixels, megapixels retailer, retailer megapixels, megapixels where to buy, where to buy megapixels, megapixels worst, worst megapixels, megapixels quality, quality megapixels, megapixels original, original megapixels, megapixels genuine, genuine megapixels, megapixels fake, fake megapixels, megapixels replica, replica megapixels, megapixels authentic, authentic megapixels, megapixels brand, brand megapixels, megapixels manufacturer, manufacturer megapixels, megapixels company, company megapixels, megapixels product, product megapixels, megapixels huawei product, huawei product megapixels, megapixels sell huawei, sell huawei megapixels, megapixels buy huawei, buy huawei megapixels, megapixels cheap huawei, cheap huawei megapixels, megapixels best huawei, best huawei megapixels, megapixels huawei review, huawei review megapixels, megapixels where to buy huawei, where to buy huawei megapixels, megapixels how to choose huawei, how to choose huawei megapixels, megapixels top huawei, top huawei megapixels, megapixels huawei guide, huawei guide megapixels, megapixels huawei for sale, huawei for sale megapixels, megapixels huawei deals, huawei deals megapixels
2026-08-19 10:05:06,240 - INFO - Expanded 220 seed keywords to 385 variations
2026-08-19 10:05:06,240 - INFO - Language: en
2026-08-19 10:05:06,240 - INFO - Region: us
2026-08-19 10:08:47,064 - INFO - 🎯 After all filtering for 'huawei': 120 relevant keywords
2026-08-19 10:08:47,345 - INFO - 🎯 Found 5 new keywords for niche 'huawei': huawei affordable megapixels, cheap affordable megapixels, best affordable megapixels, huawei alternatives megapixels, cheap alternatives megapixels
2026-08-19 10:08:47,794 - INFO - ✅ Niche 'huawei' process complete! 641 total keyword results.
2026-08-19 10:08:47,794 - INFO - ✅ Completed processing niche: 'huawei'
2026-08-19 10:08:47,794 - INFO - 🔧 Request Handler final stats - Success rate: 100.0%
2026-08-19 10:08:47,794 - INFO -    Total requests: 175520, Blocks: 1
2026-08-19 10:08:47,795 - INFO - 
========================================
2026-08-19 10:08:47,796 - INFO - Process Summary:
2026-08-19 10:08:47,796 - INFO - - Current niche: 'huawei'
2026-08-19 10:08:47,796 - INFO - - Next niche will be: 'xiaomi'
2026-08-19 10:08:47,796 - INFO - - Keywords saved in: languages/english/keywords/huawei/
2026-08-19 10:08:47,796 - INFO - ========================================
