2026-08-19 12:37:34,355 - INFO - Log file created at: /home/runner/work/potensitech.com/potensitech.com/languages/english/keywords/logs/kw_search_20260819_123734.log
2026-08-19 12:37:34,356 - INFO - ============================================================
2026-08-19 12:37:34,356 - INFO - AUTOMATIC KEYWORD RESEARCH TOOL
2026-08-19 12:37:34,356 - INFO - ============================================================
2026-08-19 12:37:34,664 - INFO - ========================================
2026-08-19 12:37:34,664 - INFO - Found 14 niches to process: xiaomi, iphone, samsung, apple, sony, asus, philips, sandisk, intel, nvidia, amd, canon, nikon, huawei
2026-08-19 12:37:34,664 - INFO - ========================================
2026-08-19 12:37:34,664 - INFO - All niches completed, starting over
2026-08-19 12:37:34,664 - INFO - ========================================
2026-08-19 12:37:34,664 - INFO - 🎯 PROCESSING NICHE 1/14: 'xiaomi'
2026-08-19 12:37:34,664 - INFO - ========================================
2026-08-19 12:37:34,664 - INFO - 📁 Niche directory: /home/runner/work/potensitech.com/potensitech.com/languages/english/keywords/xiaomi
2026-08-19 12:37:34,665 - INFO - Selected region: us
2026-08-19 12:37:34,665 - INFO - Selected language: en
2026-08-19 12:37:34,665 - INFO - 🎯 Current niche: xiaomi
2026-08-19 12:37:35,583 - INFO - 🎯 Niche terms for filtering: xiaomi, cheap, best, latest, review, price, sell, buy, recommendation, tips, tutorial, guide, how to, vs, versus, compared to, comparison, alternatives, which is better, expensive, discount, deals, sale, affordable, cost, online, offline, marketplace, store, shop, retailer, where to buy, worst, quality, original, genuine, fake, replica, authentic, brand, manufacturer, company, product, xiaomi product, sell xiaomi, buy xiaomi, cheap xiaomi, best xiaomi, xiaomi review, where to buy xiaomi, how to choose xiaomi, top xiaomi, xiaomi guide, xiaomi for sale, xiaomi deals
2026-08-19 12:37:35,584 - INFO - Generated 50 niche-clue pairs for 'xiaomi'.
2026-08-19 12:37:35,587 - INFO - Expanded 50 seed keywords to 218 variations
2026-08-19 12:37:35,588 - INFO - 🔧 Request Handler initialized - Success rate: 100.0%
2026-08-19 12:41:56,629 - INFO - Original clue keywords: amoled display, megapixels
2026-08-19 12:41:56,630 - INFO - Niche-focused seeds: amoled display xiaomi, xiaomi amoled display, amoled display cheap, cheap amoled display, amoled display best, best amoled display, amoled display latest, latest amoled display, amoled display review, review amoled display, amoled display price, price amoled display, amoled display sell, sell amoled display, amoled display buy, buy amoled display, amoled display recommendation, recommendation amoled display, amoled display tips, tips amoled display, amoled display tutorial, tutorial amoled display, amoled display guide, guide amoled display, amoled display how to, how to amoled display, amoled display vs, vs amoled display, amoled display versus, versus amoled display, amoled display compared to, compared to amoled display, amoled display comparison, comparison amoled display, amoled display alternatives, alternatives amoled display, amoled display which is better, which is better amoled display, amoled display expensive, expensive amoled display, amoled display discount, discount amoled display, amoled display deals, deals amoled display, amoled display sale, sale amoled display, amoled display affordable, affordable amoled display, amoled display cost, cost amoled display, amoled display online, online amoled display, amoled display offline, offline amoled display, amoled display marketplace, marketplace amoled display, amoled display store, store amoled display, amoled display shop, shop amoled display, amoled display retailer, retailer amoled display, amoled display where to buy, where to buy amoled display, amoled display worst, worst amoled display, amoled display quality, quality amoled display, amoled display original, original amoled display, amoled display genuine, genuine amoled display, amoled display fake, fake amoled display, amoled display replica, replica amoled display, amoled display authentic, authentic amoled display, amoled display brand, brand amoled display, amoled display manufacturer, manufacturer amoled display, amoled display company, company amoled display, amoled display product, product amoled display, amoled display xiaomi product, xiaomi product amoled display, amoled display sell xiaomi, sell xiaomi amoled display, amoled display buy xiaomi, buy xiaomi amoled display, amoled display cheap xiaomi, cheap xiaomi amoled display, amoled display best xiaomi, best xiaomi amoled display, amoled display xiaomi review, xiaomi review amoled display, amoled display where to buy xiaomi, where to buy xiaomi amoled display, amoled display how to choose xiaomi, how to choose xiaomi amoled display, amoled display top xiaomi, top xiaomi amoled display, amoled display xiaomi guide, xiaomi guide amoled display, amoled display xiaomi for sale, xiaomi for sale amoled display, amoled display xiaomi deals, xiaomi deals amoled display, megapixels xiaomi, xiaomi megapixels, megapixels cheap, cheap megapixels, megapixels best, best megapixels, megapixels latest, latest megapixels, megapixels review, review megapixels, megapixels price, price megapixels, megapixels sell, sell megapixels, megapixels buy, buy megapixels, megapixels recommendation, recommendation megapixels, megapixels tips, tips megapixels, megapixels tutorial, tutorial megapixels, megapixels guide, guide megapixels, megapixels how to, how to megapixels, megapixels vs, vs megapixels, megapixels versus, versus megapixels, megapixels compared to, compared to megapixels, megapixels comparison, comparison megapixels, megapixels alternatives, alternatives megapixels, megapixels which is better, which is better megapixels, megapixels expensive, expensive megapixels, megapixels discount, discount megapixels, megapixels deals, deals megapixels, megapixels sale, sale megapixels, megapixels affordable, affordable megapixels, megapixels cost, cost megapixels, megapixels online, online megapixels, megapixels offline, offline megapixels, megapixels marketplace, marketplace megapixels, megapixels store, store megapixels, megapixels shop, shop megapixels, megapixels retailer, retailer megapixels, megapixels where to buy, where to buy megapixels, megapixels worst, worst megapixels, megapixels quality, quality megapixels, megapixels original, original megapixels, megapixels genuine, genuine megapixels, megapixels fake, fake megapixels, megapixels replica, replica megapixels, megapixels authentic, authentic megapixels, megapixels brand, brand megapixels, megapixels manufacturer, manufacturer megapixels, megapixels company, company megapixels, megapixels product, product megapixels, megapixels xiaomi product, xiaomi product megapixels, megapixels sell xiaomi, sell xiaomi megapixels, megapixels buy xiaomi, buy xiaomi megapixels, megapixels cheap xiaomi, cheap xiaomi megapixels, megapixels best xiaomi, best xiaomi megapixels, megapixels xiaomi review, xiaomi review megapixels, megapixels where to buy xiaomi, where to buy xiaomi megapixels, megapixels how to choose xiaomi, how to choose xiaomi megapixels, megapixels top xiaomi, top xiaomi megapixels, megapixels xiaomi guide, xiaomi guide megapixels, megapixels xiaomi for sale, xiaomi for sale megapixels, megapixels xiaomi deals, xiaomi deals megapixels
2026-08-19 12:41:56,633 - INFO - Expanded 220 seed keywords to 385 variations
2026-08-19 12:41:56,634 - INFO - Language: en
2026-08-19 12:41:56,634 - INFO - Region: us
2026-08-19 12:45:41,255 - INFO - 🎯 After all filtering for 'xiaomi': 120 relevant keywords
2026-08-19 12:45:41,503 - INFO - 🎯 Found 5 new keywords for niche 'xiaomi': xiaomi affordable megapixels, cheap affordable megapixels, best affordable megapixels, how to affordable megapixels, xiaomi alternatives megapixels
2026-08-19 12:45:42,075 - INFO - ✅ Niche 'xiaomi' process complete! 647 total keyword results.
2026-08-19 12:45:42,076 - INFO - ✅ Completed processing niche: 'xiaomi'
2026-08-19 12:45:42,076 - INFO - 🔧 Request Handler final stats - Success rate: 100.0%
2026-08-19 12:45:42,076 - INFO -    Total requests: 175603, Blocks: 1
2026-08-19 12:45:42,078 - INFO - 
========================================
2026-08-19 12:45:42,079 - INFO - Process Summary:
2026-08-19 12:45:42,079 - INFO - - Current niche: 'xiaomi'
2026-08-19 12:45:42,079 - INFO - - Next niche will be: 'iphone'
2026-08-19 12:45:42,079 - INFO - - Keywords saved in: languages/english/keywords/xiaomi/
2026-08-19 12:45:42,079 - INFO - ========================================
