2026-08-07 15:12:06,659 - INFO - Log file created at: /home/runner/work/potensitech.com/potensitech.com/languages/english/keywords/logs/kw_search_20260807_151206.log
2026-08-07 15:12:06,659 - INFO - ============================================================
2026-08-07 15:12:06,659 - INFO - AUTOMATIC KEYWORD RESEARCH TOOL
2026-08-07 15:12:06,659 - INFO - ============================================================
2026-08-07 15:12:06,976 - INFO - ========================================
2026-08-07 15:12:06,976 - INFO - Found 14 niches to process: xiaomi, iphone, samsung, apple, sony, asus, philips, sandisk, intel, nvidia, amd, canon, nikon, huawei
2026-08-07 15:12:06,976 - INFO - ========================================
2026-08-07 15:12:06,977 - INFO - Continuing from last processed niche: philips
2026-08-07 15:12:06,977 - INFO - ========================================
2026-08-07 15:12:06,977 - INFO - 🎯 PROCESSING NICHE 8/14: 'sandisk'
2026-08-07 15:12:06,977 - INFO - ========================================
2026-08-07 15:12:06,977 - INFO - 📁 Niche directory: /home/runner/work/potensitech.com/potensitech.com/languages/english/keywords/sandisk
2026-08-07 15:12:06,977 - INFO - Selected region: us
2026-08-07 15:12:06,977 - INFO - Selected language: en
2026-08-07 15:12:06,977 - INFO - 🎯 Current niche: sandisk
2026-08-07 15:12:07,677 - INFO - 🎯 Niche terms for filtering: sandisk, cheap, best, latest, review, price, sell, buy, recommendation, tips, tutorial, guide, how to, vs, versus, compared to, comparison, alternatives, which is better, expensive, discount, deals, sale, affordable, cost, online, offline, marketplace, store, shop, retailer, where to buy, worst, quality, original, genuine, fake, replica, authentic, brand, manufacturer, company, product, sandisk product, sell sandisk, buy sandisk, cheap sandisk, best sandisk, sandisk review, where to buy sandisk, how to choose sandisk, top sandisk, sandisk guide, sandisk for sale, sandisk deals
2026-08-07 15:12:07,677 - INFO - Generated 50 niche-clue pairs for 'sandisk'.
2026-08-07 15:12:07,680 - INFO - Expanded 50 seed keywords to 218 variations
2026-08-07 15:12:07,681 - INFO - 🔧 Request Handler initialized - Success rate: 100.0%
2026-08-07 15:16:32,226 - INFO - Original clue keywords: dslr lens, mirrorless photography
2026-08-07 15:16:32,226 - INFO - Niche-focused seeds: dslr lens sandisk, sandisk dslr lens, dslr lens cheap, cheap dslr lens, dslr lens best, best dslr lens, dslr lens latest, latest dslr lens, dslr lens review, review dslr lens, dslr lens price, price dslr lens, dslr lens sell, sell dslr lens, dslr lens buy, buy dslr lens, dslr lens recommendation, recommendation dslr lens, dslr lens tips, tips dslr lens, dslr lens tutorial, tutorial dslr lens, dslr lens guide, guide dslr lens, dslr lens how to, how to dslr lens, dslr lens vs, vs dslr lens, dslr lens versus, versus dslr lens, dslr lens compared to, compared to dslr lens, dslr lens comparison, comparison dslr lens, dslr lens alternatives, alternatives dslr lens, dslr lens which is better, which is better dslr lens, dslr lens expensive, expensive dslr lens, dslr lens discount, discount dslr lens, dslr lens deals, deals dslr lens, dslr lens sale, sale dslr lens, dslr lens affordable, affordable dslr lens, dslr lens cost, cost dslr lens, dslr lens online, online dslr lens, dslr lens offline, offline dslr lens, dslr lens marketplace, marketplace dslr lens, dslr lens store, store dslr lens, dslr lens shop, shop dslr lens, dslr lens retailer, retailer dslr lens, dslr lens where to buy, where to buy dslr lens, dslr lens worst, worst dslr lens, dslr lens quality, quality dslr lens, dslr lens original, original dslr lens, dslr lens genuine, genuine dslr lens, dslr lens fake, fake dslr lens, dslr lens replica, replica dslr lens, dslr lens authentic, authentic dslr lens, dslr lens brand, brand dslr lens, dslr lens manufacturer, manufacturer dslr lens, dslr lens company, company dslr lens, dslr lens product, product dslr lens, dslr lens sandisk product, sandisk product dslr lens, dslr lens sell sandisk, sell sandisk dslr lens, dslr lens buy sandisk, buy sandisk dslr lens, dslr lens cheap sandisk, cheap sandisk dslr lens, dslr lens best sandisk, best sandisk dslr lens, dslr lens sandisk review, sandisk review dslr lens, dslr lens where to buy sandisk, where to buy sandisk dslr lens, dslr lens how to choose sandisk, how to choose sandisk dslr lens, dslr lens top sandisk, top sandisk dslr lens, dslr lens sandisk guide, sandisk guide dslr lens, dslr lens sandisk for sale, sandisk for sale dslr lens, dslr lens sandisk deals, sandisk deals dslr lens, mirrorless photography sandisk, sandisk mirrorless photography, mirrorless photography cheap, cheap mirrorless photography, mirrorless photography best, best mirrorless photography, mirrorless photography latest, latest mirrorless photography, mirrorless photography review, review mirrorless photography, mirrorless photography price, price mirrorless photography, mirrorless photography sell, sell mirrorless photography, mirrorless photography buy, buy mirrorless photography, mirrorless photography recommendation, recommendation mirrorless photography, mirrorless photography tips, tips mirrorless photography, mirrorless photography tutorial, tutorial mirrorless photography, mirrorless photography guide, guide mirrorless photography, mirrorless photography how to, how to mirrorless photography, mirrorless photography vs, vs mirrorless photography, mirrorless photography versus, versus mirrorless photography, mirrorless photography compared to, compared to mirrorless photography, mirrorless photography comparison, comparison mirrorless photography, mirrorless photography alternatives, alternatives mirrorless photography, mirrorless photography which is better, which is better mirrorless photography, mirrorless photography expensive, expensive mirrorless photography, mirrorless photography discount, discount mirrorless photography, mirrorless photography deals, deals mirrorless photography, mirrorless photography sale, sale mirrorless photography, mirrorless photography affordable, affordable mirrorless photography, mirrorless photography cost, cost mirrorless photography, mirrorless photography online, online mirrorless photography, mirrorless photography offline, offline mirrorless photography, mirrorless photography marketplace, marketplace mirrorless photography, mirrorless photography store, store mirrorless photography, mirrorless photography shop, shop mirrorless photography, mirrorless photography retailer, retailer mirrorless photography, mirrorless photography where to buy, where to buy mirrorless photography, mirrorless photography worst, worst mirrorless photography, mirrorless photography quality, quality mirrorless photography, mirrorless photography original, original mirrorless photography, mirrorless photography genuine, genuine mirrorless photography, mirrorless photography fake, fake mirrorless photography, mirrorless photography replica, replica mirrorless photography, mirrorless photography authentic, authentic mirrorless photography, mirrorless photography brand, brand mirrorless photography, mirrorless photography manufacturer, manufacturer mirrorless photography, mirrorless photography company, company mirrorless photography, mirrorless photography product, product mirrorless photography, mirrorless photography sandisk product, sandisk product mirrorless photography, mirrorless photography sell sandisk, sell sandisk mirrorless photography, mirrorless photography buy sandisk, buy sandisk mirrorless photography, mirrorless photography cheap sandisk, cheap sandisk mirrorless photography, mirrorless photography best sandisk, best sandisk mirrorless photography, mirrorless photography sandisk review, sandisk review mirrorless photography, mirrorless photography where to buy sandisk, where to buy sandisk mirrorless photography, mirrorless photography how to choose sandisk, how to choose sandisk mirrorless photography, mirrorless photography top sandisk, top sandisk mirrorless photography, mirrorless photography sandisk guide, sandisk guide mirrorless photography, mirrorless photography sandisk for sale, sandisk for sale mirrorless photography, mirrorless photography sandisk deals, sandisk deals mirrorless photography
2026-08-07 15:16:32,229 - INFO - Expanded 220 seed keywords to 385 variations
2026-08-07 15:16:32,230 - INFO - Language: en
2026-08-07 15:16:32,230 - INFO - Region: us
2026-08-07 15:21:02,023 - INFO - 🎯 After all filtering for 'sandisk': 120 relevant keywords
2026-08-07 15:21:03,516 - INFO - 🎯 Found 5 new keywords for niche 'sandisk': sandisk affordable dslr lens, sandisk affordable mirrorless photography, cheap alternatives dslr lens, best authentic dslr lens, how to brand dslr lens
2026-08-07 15:21:03,947 - INFO - ✅ Niche 'sandisk' process complete! 801 total keyword results.
2026-08-07 15:21:03,947 - INFO - ✅ Completed processing niche: 'sandisk'
2026-08-07 15:21:03,947 - INFO - 🔧 Request Handler final stats - Success rate: 100.0%
2026-08-07 15:21:03,947 - INFO -    Total requests: 166384, Blocks: 1
2026-08-07 15:21:03,948 - INFO - 
========================================
2026-08-07 15:21:03,948 - INFO - Process Summary:
2026-08-07 15:21:03,949 - INFO - - Current niche: 'sandisk'
2026-08-07 15:21:03,949 - INFO - - Next niche will be: 'intel'
2026-08-07 15:21:03,949 - INFO - - Keywords saved in: languages/english/keywords/sandisk/
2026-08-07 15:21:03,949 - INFO - ========================================
