2026-08-28 21:41:25,327 - INFO - Log file created at: /home/runner/work/potensitech.com/potensitech.com/languages/english/keywords/logs/kw_search_20260828_214125.log
2026-08-28 21:41:25,327 - INFO - ============================================================
2026-08-28 21:41:25,327 - INFO - AUTOMATIC KEYWORD RESEARCH TOOL
2026-08-28 21:41:25,327 - INFO - ============================================================
2026-08-28 21:41:25,649 - INFO - ========================================
2026-08-28 21:41:25,649 - INFO - Found 14 niches to process: xiaomi, iphone, samsung, apple, sony, asus, philips, sandisk, intel, nvidia, amd, canon, nikon, huawei
2026-08-28 21:41:25,649 - INFO - ========================================
2026-08-28 21:41:25,649 - INFO - Continuing from last processed niche: asus
2026-08-28 21:41:25,649 - INFO - ========================================
2026-08-28 21:41:25,649 - INFO - 🎯 PROCESSING NICHE 7/14: 'philips'
2026-08-28 21:41:25,649 - INFO - ========================================
2026-08-28 21:41:25,649 - INFO - 📁 Niche directory: /home/runner/work/potensitech.com/potensitech.com/languages/english/keywords/philips
2026-08-28 21:41:25,650 - INFO - Selected region: us
2026-08-28 21:41:25,650 - INFO - Selected language: en
2026-08-28 21:41:25,650 - INFO - 🎯 Current niche: philips
2026-08-28 21:41:36,835 - INFO - 🎯 Niche terms for filtering: philips, cheap, best, latest, review, price, sell, buy, recommendation, tips, tutorial, guide, how to, vs, versus, compared to, comparison, alternatives, which is better, expensive, discount, deals, sale, affordable, cost, online, offline, marketplace, store, shop, retailer, where to buy, worst, quality, original, genuine, fake, replica, authentic, brand, manufacturer, company, product, philips product, sell philips, buy philips, cheap philips, best philips, philips review, where to buy philips, how to choose philips, top philips, philips guide, philips for sale, philips deals
2026-08-28 21:41:36,836 - INFO - Generated 50 niche-clue pairs for 'philips'.
2026-08-28 21:41:36,839 - INFO - Expanded 50 seed keywords to 218 variations
2026-08-28 21:41:36,839 - INFO - 🔧 Request Handler initialized - Success rate: 100.0%
2026-08-28 21:46:01,032 - INFO - Original clue keywords: wireless charging, screen resolution
2026-08-28 21:46:01,033 - INFO - Niche-focused seeds: wireless charging philips, philips wireless charging, wireless charging cheap, cheap wireless charging, wireless charging best, best wireless charging, wireless charging latest, latest wireless charging, wireless charging review, review wireless charging, wireless charging price, price wireless charging, wireless charging sell, sell wireless charging, wireless charging buy, buy wireless charging, wireless charging recommendation, recommendation wireless charging, wireless charging tips, tips wireless charging, wireless charging tutorial, tutorial wireless charging, wireless charging guide, guide wireless charging, wireless charging how to, how to wireless charging, wireless charging vs, vs wireless charging, wireless charging versus, versus wireless charging, wireless charging compared to, compared to wireless charging, wireless charging comparison, comparison wireless charging, wireless charging alternatives, alternatives wireless charging, wireless charging which is better, which is better wireless charging, wireless charging expensive, expensive wireless charging, wireless charging discount, discount wireless charging, wireless charging deals, deals wireless charging, wireless charging sale, sale wireless charging, wireless charging affordable, affordable wireless charging, wireless charging cost, cost wireless charging, wireless charging online, online wireless charging, wireless charging offline, offline wireless charging, wireless charging marketplace, marketplace wireless charging, wireless charging store, store wireless charging, wireless charging shop, shop wireless charging, wireless charging retailer, retailer wireless charging, wireless charging where to buy, where to buy wireless charging, wireless charging worst, worst wireless charging, wireless charging quality, quality wireless charging, wireless charging original, original wireless charging, wireless charging genuine, genuine wireless charging, wireless charging fake, fake wireless charging, wireless charging replica, replica wireless charging, wireless charging authentic, authentic wireless charging, wireless charging brand, brand wireless charging, wireless charging manufacturer, manufacturer wireless charging, wireless charging company, company wireless charging, wireless charging product, product wireless charging, wireless charging philips product, philips product wireless charging, wireless charging sell philips, sell philips wireless charging, wireless charging buy philips, buy philips wireless charging, wireless charging cheap philips, cheap philips wireless charging, wireless charging best philips, best philips wireless charging, wireless charging philips review, philips review wireless charging, wireless charging where to buy philips, where to buy philips wireless charging, wireless charging how to choose philips, how to choose philips wireless charging, wireless charging top philips, top philips wireless charging, wireless charging philips guide, philips guide wireless charging, wireless charging philips for sale, philips for sale wireless charging, wireless charging philips deals, philips deals wireless charging, screen resolution philips, philips screen resolution, screen resolution cheap, cheap screen resolution, screen resolution best, best screen resolution, screen resolution latest, latest screen resolution, screen resolution review, review screen resolution, screen resolution price, price screen resolution, screen resolution sell, sell screen resolution, screen resolution buy, buy screen resolution, screen resolution recommendation, recommendation screen resolution, screen resolution tips, tips screen resolution, screen resolution tutorial, tutorial screen resolution, screen resolution guide, guide screen resolution, screen resolution how to, how to screen resolution, screen resolution vs, vs screen resolution, screen resolution versus, versus screen resolution, screen resolution compared to, compared to screen resolution, screen resolution comparison, comparison screen resolution, screen resolution alternatives, alternatives screen resolution, screen resolution which is better, which is better screen resolution, screen resolution expensive, expensive screen resolution, screen resolution discount, discount screen resolution, screen resolution deals, deals screen resolution, screen resolution sale, sale screen resolution, screen resolution affordable, affordable screen resolution, screen resolution cost, cost screen resolution, screen resolution online, online screen resolution, screen resolution offline, offline screen resolution, screen resolution marketplace, marketplace screen resolution, screen resolution store, store screen resolution, screen resolution shop, shop screen resolution, screen resolution retailer, retailer screen resolution, screen resolution where to buy, where to buy screen resolution, screen resolution worst, worst screen resolution, screen resolution quality, quality screen resolution, screen resolution original, original screen resolution, screen resolution genuine, genuine screen resolution, screen resolution fake, fake screen resolution, screen resolution replica, replica screen resolution, screen resolution authentic, authentic screen resolution, screen resolution brand, brand screen resolution, screen resolution manufacturer, manufacturer screen resolution, screen resolution company, company screen resolution, screen resolution product, product screen resolution, screen resolution philips product, philips product screen resolution, screen resolution sell philips, sell philips screen resolution, screen resolution buy philips, buy philips screen resolution, screen resolution cheap philips, cheap philips screen resolution, screen resolution best philips, best philips screen resolution, screen resolution philips review, philips review screen resolution, screen resolution where to buy philips, where to buy philips screen resolution, screen resolution how to choose philips, how to choose philips screen resolution, screen resolution top philips, top philips screen resolution, screen resolution philips guide, philips guide screen resolution, screen resolution philips for sale, philips for sale screen resolution, screen resolution philips deals, philips deals screen resolution
2026-08-28 21:46:01,036 - INFO - Expanded 220 seed keywords to 385 variations
2026-08-28 21:46:01,036 - INFO - Language: en
2026-08-28 21:46:01,036 - INFO - Region: us
2026-08-28 21:50:31,134 - INFO - 🎯 After all filtering for 'philips': 120 relevant keywords
2026-08-28 21:50:32,544 - INFO - 🎯 Found 5 new keywords for niche 'philips': philips affordable screen resolution, philips affordable wireless charging, cheap alternatives screen resolution, cheap alternatives wireless charging, best authentic screen resolution
2026-08-28 21:50:48,491 - INFO - ✅ Niche 'philips' process complete! 709 total keyword results.
2026-08-28 21:50:48,491 - INFO - ✅ Completed processing niche: 'philips'
2026-08-28 21:50:48,491 - INFO - 🔧 Request Handler final stats - Success rate: 100.0%
2026-08-28 21:50:48,492 - INFO -    Total requests: 182679, Blocks: 1
2026-08-28 21:50:48,492 - INFO - 
========================================
2026-08-28 21:50:48,493 - INFO - Process Summary:
2026-08-28 21:50:48,493 - INFO - - Current niche: 'philips'
2026-08-28 21:50:48,493 - INFO - - Next niche will be: 'sandisk'
2026-08-28 21:50:48,493 - INFO - - Keywords saved in: languages/english/keywords/philips/
2026-08-28 21:50:48,493 - INFO - ========================================
