2026-09-17 18:19:37,296 - INFO - Log file created at: /home/runner/work/potensitech.com/potensitech.com/languages/english/keywords/logs/kw_search_20260917_181937.log
2026-09-17 18:19:37,297 - INFO - ============================================================
2026-09-17 18:19:37,297 - INFO - AUTOMATIC KEYWORD RESEARCH TOOL
2026-09-17 18:19:37,297 - INFO - ============================================================
2026-09-17 18:19:37,652 - INFO - ========================================
2026-09-17 18:19:37,652 - INFO - Found 14 niches to process: xiaomi, iphone, samsung, apple, sony, asus, philips, sandisk, intel, nvidia, amd, canon, nikon, huawei
2026-09-17 18:19:37,652 - INFO - ========================================
2026-09-17 18:19:37,652 - INFO - Continuing from last processed niche: nvidia
2026-09-17 18:19:37,652 - INFO - ========================================
2026-09-17 18:19:37,652 - INFO - 🎯 PROCESSING NICHE 11/14: 'amd'
2026-09-17 18:19:37,652 - INFO - ========================================
2026-09-17 18:19:37,652 - INFO - 📁 Niche directory: /home/runner/work/potensitech.com/potensitech.com/languages/english/keywords/amd
2026-09-17 18:19:37,652 - INFO - Selected region: us
2026-09-17 18:19:37,652 - INFO - Selected language: en
2026-09-17 18:19:37,652 - INFO - 🎯 Current niche: amd
2026-09-17 18:19:49,218 - INFO - 🎯 Niche terms for filtering: amd, cheap, best, latest, review, price, sell, buy, recommendation, tips, tutorial, guide, how to, vs, versus, compared to, comparison, alternatives, which is better, expensive, discount, deals, sale, affordable, cost, online, offline, marketplace, store, shop, retailer, where to buy, worst, quality, original, genuine, fake, replica, authentic, brand, manufacturer, company, product, amd product, sell amd, buy amd, cheap amd, best amd, amd review, where to buy amd, how to choose amd, top amd, amd guide, amd for sale, amd deals
2026-09-17 18:19:49,219 - INFO - Generated 50 niche-clue pairs for 'amd'.
2026-09-17 18:19:49,222 - INFO - Expanded 50 seed keywords to 218 variations
2026-09-17 18:19:49,223 - INFO - 🔧 Request Handler initialized - Success rate: 100.0%
2026-09-17 18:24:14,604 - INFO - Original clue keywords: electric toothbrushes, home appliances
2026-09-17 18:24:14,604 - INFO - Niche-focused seeds: electric toothbrushes amd, amd electric toothbrushes, electric toothbrushes cheap, cheap electric toothbrushes, electric toothbrushes best, best electric toothbrushes, electric toothbrushes latest, latest electric toothbrushes, electric toothbrushes review, review electric toothbrushes, electric toothbrushes price, price electric toothbrushes, electric toothbrushes sell, sell electric toothbrushes, electric toothbrushes buy, buy electric toothbrushes, electric toothbrushes recommendation, recommendation electric toothbrushes, electric toothbrushes tips, tips electric toothbrushes, electric toothbrushes tutorial, tutorial electric toothbrushes, electric toothbrushes guide, guide electric toothbrushes, electric toothbrushes how to, how to electric toothbrushes, electric toothbrushes vs, vs electric toothbrushes, electric toothbrushes versus, versus electric toothbrushes, electric toothbrushes compared to, compared to electric toothbrushes, electric toothbrushes comparison, comparison electric toothbrushes, electric toothbrushes alternatives, alternatives electric toothbrushes, electric toothbrushes which is better, which is better electric toothbrushes, electric toothbrushes expensive, expensive electric toothbrushes, electric toothbrushes discount, discount electric toothbrushes, electric toothbrushes deals, deals electric toothbrushes, electric toothbrushes sale, sale electric toothbrushes, electric toothbrushes affordable, affordable electric toothbrushes, electric toothbrushes cost, cost electric toothbrushes, electric toothbrushes online, online electric toothbrushes, electric toothbrushes offline, offline electric toothbrushes, electric toothbrushes marketplace, marketplace electric toothbrushes, electric toothbrushes store, store electric toothbrushes, electric toothbrushes shop, shop electric toothbrushes, electric toothbrushes retailer, retailer electric toothbrushes, electric toothbrushes where to buy, where to buy electric toothbrushes, electric toothbrushes worst, worst electric toothbrushes, electric toothbrushes quality, quality electric toothbrushes, electric toothbrushes original, original electric toothbrushes, electric toothbrushes genuine, genuine electric toothbrushes, electric toothbrushes fake, fake electric toothbrushes, electric toothbrushes replica, replica electric toothbrushes, electric toothbrushes authentic, authentic electric toothbrushes, electric toothbrushes brand, brand electric toothbrushes, electric toothbrushes manufacturer, manufacturer electric toothbrushes, electric toothbrushes company, company electric toothbrushes, electric toothbrushes product, product electric toothbrushes, electric toothbrushes amd product, amd product electric toothbrushes, electric toothbrushes sell amd, sell amd electric toothbrushes, electric toothbrushes buy amd, buy amd electric toothbrushes, electric toothbrushes cheap amd, cheap amd electric toothbrushes, electric toothbrushes best amd, best amd electric toothbrushes, electric toothbrushes amd review, amd review electric toothbrushes, electric toothbrushes where to buy amd, where to buy amd electric toothbrushes, electric toothbrushes how to choose amd, how to choose amd electric toothbrushes, electric toothbrushes top amd, top amd electric toothbrushes, electric toothbrushes amd guide, amd guide electric toothbrushes, electric toothbrushes amd for sale, amd for sale electric toothbrushes, electric toothbrushes amd deals, amd deals electric toothbrushes, home appliances amd, amd home appliances, home appliances cheap, cheap home appliances, home appliances best, best home appliances, home appliances latest, latest home appliances, home appliances review, review home appliances, home appliances price, price home appliances, home appliances sell, sell home appliances, home appliances buy, buy home appliances, home appliances recommendation, recommendation home appliances, home appliances tips, tips home appliances, home appliances tutorial, tutorial home appliances, home appliances guide, guide home appliances, home appliances how to, how to home appliances, home appliances vs, vs home appliances, home appliances versus, versus home appliances, home appliances compared to, compared to home appliances, home appliances comparison, comparison home appliances, home appliances alternatives, alternatives home appliances, home appliances which is better, which is better home appliances, home appliances expensive, expensive home appliances, home appliances discount, discount home appliances, home appliances deals, deals home appliances, home appliances sale, sale home appliances, home appliances affordable, affordable home appliances, home appliances cost, cost home appliances, home appliances online, online home appliances, home appliances offline, offline home appliances, home appliances marketplace, marketplace home appliances, home appliances store, store home appliances, home appliances shop, shop home appliances, home appliances retailer, retailer home appliances, home appliances where to buy, where to buy home appliances, home appliances worst, worst home appliances, home appliances quality, quality home appliances, home appliances original, original home appliances, home appliances genuine, genuine home appliances, home appliances fake, fake home appliances, home appliances replica, replica home appliances, home appliances authentic, authentic home appliances, home appliances brand, brand home appliances, home appliances manufacturer, manufacturer home appliances, home appliances company, company home appliances, home appliances product, product home appliances, home appliances amd product, amd product home appliances, home appliances sell amd, sell amd home appliances, home appliances buy amd, buy amd home appliances, home appliances cheap amd, cheap amd home appliances, home appliances best amd, best amd home appliances, home appliances amd review, amd review home appliances, home appliances where to buy amd, where to buy amd home appliances, home appliances how to choose amd, how to choose amd home appliances, home appliances top amd, top amd home appliances, home appliances amd guide, amd guide home appliances, home appliances amd for sale, amd for sale home appliances, home appliances amd deals, amd deals home appliances
2026-09-17 18:24:14,608 - INFO - Expanded 220 seed keywords to 385 variations
2026-09-17 18:24:14,608 - INFO - Language: en
2026-09-17 18:24:14,608 - INFO - Region: us
2026-09-17 18:24:45,115 - INFO - 🎯 After all filtering for 'amd': 120 relevant keywords
2026-09-17 18:24:49,137 - INFO - 🎯 Found 2 new keywords for niche 'amd': amd affordable electric toothbrushes, amd affordable home appliances
2026-09-17 18:24:59,843 - INFO - ✅ Niche 'amd' process complete! 799 total keyword results.
2026-09-17 18:24:59,843 - INFO - ✅ Completed processing niche: 'amd'
2026-09-17 18:24:59,843 - INFO - 🔧 Request Handler final stats - Success rate: 100.0%
2026-09-17 18:24:59,843 - INFO -    Total requests: 199448, Blocks: 1
2026-09-17 18:24:59,844 - INFO - 
========================================
2026-09-17 18:24:59,844 - INFO - Process Summary:
2026-09-17 18:24:59,844 - INFO - - Current niche: 'amd'
2026-09-17 18:24:59,844 - INFO - - Next niche will be: 'canon'
2026-09-17 18:24:59,844 - INFO - - Keywords saved in: languages/english/keywords/amd/
2026-09-17 18:24:59,845 - INFO - ========================================
