2026-09-22 12:36:59,899 - INFO - Log file created at: /home/runner/work/potensitech.com/potensitech.com/languages/english/keywords/logs/kw_search_20260922_123659.log
2026-09-22 12:36:59,900 - INFO - ============================================================
2026-09-22 12:36:59,900 - INFO - AUTOMATIC KEYWORD RESEARCH TOOL
2026-09-22 12:36:59,900 - INFO - ============================================================
2026-09-22 12:37:00,282 - INFO - ========================================
2026-09-22 12:37:00,283 - INFO - Found 14 niches to process: xiaomi, iphone, samsung, apple, sony, asus, philips, sandisk, intel, nvidia, amd, canon, nikon, huawei
2026-09-22 12:37:00,283 - INFO - ========================================
2026-09-22 12:37:00,283 - INFO - Continuing from last processed niche: xiaomi
2026-09-22 12:37:00,283 - INFO - ========================================
2026-09-22 12:37:00,283 - INFO - 🎯 PROCESSING NICHE 2/14: 'iphone'
2026-09-22 12:37:00,283 - INFO - ========================================
2026-09-22 12:37:00,283 - INFO - 📁 Niche directory: /home/runner/work/potensitech.com/potensitech.com/languages/english/keywords/iphone
2026-09-22 12:37:00,283 - INFO - Selected region: us
2026-09-22 12:37:00,283 - INFO - Selected language: en
2026-09-22 12:37:00,283 - INFO - 🎯 Current niche: iphone
2026-09-22 12:37:11,136 - INFO - 🎯 Niche terms for filtering: iphone, cheap, best, latest, review, price, sell, buy, recommendation, tips, tutorial, guide, how to, vs, versus, compared to, comparison, alternatives, which is better, expensive, discount, deals, sale, affordable, cost, online, offline, marketplace, store, shop, retailer, where to buy, worst, quality, original, genuine, fake, replica, authentic, brand, manufacturer, company, product, iphone product, sell iphone, buy iphone, cheap iphone, best iphone, iphone review, where to buy iphone, how to choose iphone, top iphone, iphone guide, iphone for sale, iphone deals
2026-09-22 12:37:11,136 - INFO - Generated 50 niche-clue pairs for 'iphone'.
2026-09-22 12:37:11,139 - INFO - Expanded 50 seed keywords to 218 variations
2026-09-22 12:37:11,140 - INFO - 🔧 Request Handler initialized - Success rate: 100.0%
2026-09-22 12:41:34,950 - INFO - Original clue keywords: dslr settings, gaming optimization
2026-09-22 12:41:34,950 - INFO - Niche-focused seeds: dslr settings iphone, iphone dslr settings, dslr settings cheap, cheap dslr settings, dslr settings best, best dslr settings, dslr settings latest, latest dslr settings, dslr settings review, review dslr settings, dslr settings price, price dslr settings, dslr settings sell, sell dslr settings, dslr settings buy, buy dslr settings, dslr settings recommendation, recommendation dslr settings, dslr settings tips, tips dslr settings, dslr settings tutorial, tutorial dslr settings, dslr settings guide, guide dslr settings, dslr settings how to, how to dslr settings, dslr settings vs, vs dslr settings, dslr settings versus, versus dslr settings, dslr settings compared to, compared to dslr settings, dslr settings comparison, comparison dslr settings, dslr settings alternatives, alternatives dslr settings, dslr settings which is better, which is better dslr settings, dslr settings expensive, expensive dslr settings, dslr settings discount, discount dslr settings, dslr settings deals, deals dslr settings, dslr settings sale, sale dslr settings, dslr settings affordable, affordable dslr settings, dslr settings cost, cost dslr settings, dslr settings online, online dslr settings, dslr settings offline, offline dslr settings, dslr settings marketplace, marketplace dslr settings, dslr settings store, store dslr settings, dslr settings shop, shop dslr settings, dslr settings retailer, retailer dslr settings, dslr settings where to buy, where to buy dslr settings, dslr settings worst, worst dslr settings, dslr settings quality, quality dslr settings, dslr settings original, original dslr settings, dslr settings genuine, genuine dslr settings, dslr settings fake, fake dslr settings, dslr settings replica, replica dslr settings, dslr settings authentic, authentic dslr settings, dslr settings brand, brand dslr settings, dslr settings manufacturer, manufacturer dslr settings, dslr settings company, company dslr settings, dslr settings product, product dslr settings, dslr settings iphone product, iphone product dslr settings, dslr settings sell iphone, sell iphone dslr settings, dslr settings buy iphone, buy iphone dslr settings, dslr settings cheap iphone, cheap iphone dslr settings, dslr settings best iphone, best iphone dslr settings, dslr settings iphone review, iphone review dslr settings, dslr settings where to buy iphone, where to buy iphone dslr settings, dslr settings how to choose iphone, how to choose iphone dslr settings, dslr settings top iphone, top iphone dslr settings, dslr settings iphone guide, iphone guide dslr settings, dslr settings iphone for sale, iphone for sale dslr settings, dslr settings iphone deals, iphone deals dslr settings, gaming optimization iphone, iphone gaming optimization, gaming optimization cheap, cheap gaming optimization, gaming optimization best, best gaming optimization, gaming optimization latest, latest gaming optimization, gaming optimization review, review gaming optimization, gaming optimization price, price gaming optimization, gaming optimization sell, sell gaming optimization, gaming optimization buy, buy gaming optimization, gaming optimization recommendation, recommendation gaming optimization, gaming optimization tips, tips gaming optimization, gaming optimization tutorial, tutorial gaming optimization, gaming optimization guide, guide gaming optimization, gaming optimization how to, how to gaming optimization, gaming optimization vs, vs gaming optimization, gaming optimization versus, versus gaming optimization, gaming optimization compared to, compared to gaming optimization, gaming optimization comparison, comparison gaming optimization, gaming optimization alternatives, alternatives gaming optimization, gaming optimization which is better, which is better gaming optimization, gaming optimization expensive, expensive gaming optimization, gaming optimization discount, discount gaming optimization, gaming optimization deals, deals gaming optimization, gaming optimization sale, sale gaming optimization, gaming optimization affordable, affordable gaming optimization, gaming optimization cost, cost gaming optimization, gaming optimization online, online gaming optimization, gaming optimization offline, offline gaming optimization, gaming optimization marketplace, marketplace gaming optimization, gaming optimization store, store gaming optimization, gaming optimization shop, shop gaming optimization, gaming optimization retailer, retailer gaming optimization, gaming optimization where to buy, where to buy gaming optimization, gaming optimization worst, worst gaming optimization, gaming optimization quality, quality gaming optimization, gaming optimization original, original gaming optimization, gaming optimization genuine, genuine gaming optimization, gaming optimization fake, fake gaming optimization, gaming optimization replica, replica gaming optimization, gaming optimization authentic, authentic gaming optimization, gaming optimization brand, brand gaming optimization, gaming optimization manufacturer, manufacturer gaming optimization, gaming optimization company, company gaming optimization, gaming optimization product, product gaming optimization, gaming optimization iphone product, iphone product gaming optimization, gaming optimization sell iphone, sell iphone gaming optimization, gaming optimization buy iphone, buy iphone gaming optimization, gaming optimization cheap iphone, cheap iphone gaming optimization, gaming optimization best iphone, best iphone gaming optimization, gaming optimization iphone review, iphone review gaming optimization, gaming optimization where to buy iphone, where to buy iphone gaming optimization, gaming optimization how to choose iphone, how to choose iphone gaming optimization, gaming optimization top iphone, top iphone gaming optimization, gaming optimization iphone guide, iphone guide gaming optimization, gaming optimization iphone for sale, iphone for sale gaming optimization, gaming optimization iphone deals, iphone deals gaming optimization
2026-09-22 12:41:34,953 - INFO - Expanded 220 seed keywords to 385 variations
2026-09-22 12:41:34,953 - INFO - Language: en
2026-09-22 12:41:34,953 - INFO - Region: us
2026-09-22 12:46:07,961 - INFO - 🎯 After all filtering for 'iphone': 120 relevant keywords
2026-09-22 12:46:09,374 - INFO - 🎯 Found 5 new keywords for niche 'iphone': iphone affordable dslr settings, iphone affordable gaming optimization, cheap alternatives dslr settings, cheap alternatives gaming optimization, best authentic dslr settings
2026-09-22 12:46:25,100 - INFO - ✅ Niche 'iphone' process complete! 899 total keyword results.
2026-09-22 12:46:25,100 - INFO - ✅ Completed processing niche: 'iphone'
2026-09-22 12:46:25,100 - INFO - 🔧 Request Handler final stats - Success rate: 100.0%
2026-09-22 12:46:25,100 - INFO -    Total requests: 203047, Blocks: 1
2026-09-22 12:46:25,101 - INFO - 
========================================
2026-09-22 12:46:25,102 - INFO - Process Summary:
2026-09-22 12:46:25,102 - INFO - - Current niche: 'iphone'
2026-09-22 12:46:25,102 - INFO - - Next niche will be: 'samsung'
2026-09-22 12:46:25,102 - INFO - - Keywords saved in: languages/english/keywords/iphone/
2026-09-22 12:46:25,102 - INFO - ========================================
