2026-09-14 07:59:36,861 - INFO - Log file created at: /home/runner/work/potensitech.com/potensitech.com/languages/english/keywords/logs/kw_search_20260914_075936.log
2026-09-14 07:59:36,862 - INFO - ============================================================
2026-09-14 07:59:36,862 - INFO - AUTOMATIC KEYWORD RESEARCH TOOL
2026-09-14 07:59:36,862 - INFO - ============================================================
2026-09-14 07:59:37,256 - INFO - ========================================
2026-09-14 07:59:37,257 - INFO - Found 14 niches to process: xiaomi, iphone, samsung, apple, sony, asus, philips, sandisk, intel, nvidia, amd, canon, nikon, huawei
2026-09-14 07:59:37,257 - INFO - ========================================
2026-09-14 07:59:37,257 - INFO - Continuing from last processed niche: samsung
2026-09-14 07:59:37,257 - INFO - ========================================
2026-09-14 07:59:37,257 - INFO - 🎯 PROCESSING NICHE 4/14: 'apple'
2026-09-14 07:59:37,257 - INFO - ========================================
2026-09-14 07:59:37,257 - INFO - 📁 Niche directory: /home/runner/work/potensitech.com/potensitech.com/languages/english/keywords/apple
2026-09-14 07:59:37,257 - INFO - Selected region: us
2026-09-14 07:59:37,257 - INFO - Selected language: en
2026-09-14 07:59:37,257 - INFO - 🎯 Current niche: apple
2026-09-14 07:59:48,548 - INFO - 🎯 Niche terms for filtering: apple, cheap, best, latest, review, price, sell, buy, recommendation, tips, tutorial, guide, how to, vs, versus, compared to, comparison, alternatives, which is better, expensive, discount, deals, sale, affordable, cost, online, offline, marketplace, store, shop, retailer, where to buy, worst, quality, original, genuine, fake, replica, authentic, brand, manufacturer, company, product, apple product, sell apple, buy apple, cheap apple, best apple, apple review, where to buy apple, how to choose apple, top apple, apple guide, apple for sale, apple deals
2026-09-14 07:59:48,549 - INFO - Generated 50 niche-clue pairs for 'apple'.
2026-09-14 07:59:48,552 - INFO - Expanded 50 seed keywords to 218 variations
2026-09-14 07:59:48,553 - INFO - 🔧 Request Handler initialized - Success rate: 100.0%
2026-09-14 08:04:16,362 - INFO - Original clue keywords: dlss technology, cuda cores
2026-09-14 08:04:16,362 - INFO - Niche-focused seeds: dlss technology apple, apple dlss technology, dlss technology cheap, cheap dlss technology, dlss technology best, best dlss technology, dlss technology latest, latest dlss technology, dlss technology review, review dlss technology, dlss technology price, price dlss technology, dlss technology sell, sell dlss technology, dlss technology buy, buy dlss technology, dlss technology recommendation, recommendation dlss technology, dlss technology tips, tips dlss technology, dlss technology tutorial, tutorial dlss technology, dlss technology guide, guide dlss technology, dlss technology how to, how to dlss technology, dlss technology vs, vs dlss technology, dlss technology versus, versus dlss technology, dlss technology compared to, compared to dlss technology, dlss technology comparison, comparison dlss technology, dlss technology alternatives, alternatives dlss technology, dlss technology which is better, which is better dlss technology, dlss technology expensive, expensive dlss technology, dlss technology discount, discount dlss technology, dlss technology deals, deals dlss technology, dlss technology sale, sale dlss technology, dlss technology affordable, affordable dlss technology, dlss technology cost, cost dlss technology, dlss technology online, online dlss technology, dlss technology offline, offline dlss technology, dlss technology marketplace, marketplace dlss technology, dlss technology store, store dlss technology, dlss technology shop, shop dlss technology, dlss technology retailer, retailer dlss technology, dlss technology where to buy, where to buy dlss technology, dlss technology worst, worst dlss technology, dlss technology quality, quality dlss technology, dlss technology original, original dlss technology, dlss technology genuine, genuine dlss technology, dlss technology fake, fake dlss technology, dlss technology replica, replica dlss technology, dlss technology authentic, authentic dlss technology, dlss technology brand, brand dlss technology, dlss technology manufacturer, manufacturer dlss technology, dlss technology company, company dlss technology, dlss technology product, product dlss technology, dlss technology apple product, apple product dlss technology, dlss technology sell apple, sell apple dlss technology, dlss technology buy apple, buy apple dlss technology, dlss technology cheap apple, cheap apple dlss technology, dlss technology best apple, best apple dlss technology, dlss technology apple review, apple review dlss technology, dlss technology where to buy apple, where to buy apple dlss technology, dlss technology how to choose apple, how to choose apple dlss technology, dlss technology top apple, top apple dlss technology, dlss technology apple guide, apple guide dlss technology, dlss technology apple for sale, apple for sale dlss technology, dlss technology apple deals, apple deals dlss technology, cuda cores apple, apple cuda cores, cuda cores cheap, cheap cuda cores, cuda cores best, best cuda cores, cuda cores latest, latest cuda cores, cuda cores review, review cuda cores, cuda cores price, price cuda cores, cuda cores sell, sell cuda cores, cuda cores buy, buy cuda cores, cuda cores recommendation, recommendation cuda cores, cuda cores tips, tips cuda cores, cuda cores tutorial, tutorial cuda cores, cuda cores guide, guide cuda cores, cuda cores how to, how to cuda cores, cuda cores vs, vs cuda cores, cuda cores versus, versus cuda cores, cuda cores compared to, compared to cuda cores, cuda cores comparison, comparison cuda cores, cuda cores alternatives, alternatives cuda cores, cuda cores which is better, which is better cuda cores, cuda cores expensive, expensive cuda cores, cuda cores discount, discount cuda cores, cuda cores deals, deals cuda cores, cuda cores sale, sale cuda cores, cuda cores affordable, affordable cuda cores, cuda cores cost, cost cuda cores, cuda cores online, online cuda cores, cuda cores offline, offline cuda cores, cuda cores marketplace, marketplace cuda cores, cuda cores store, store cuda cores, cuda cores shop, shop cuda cores, cuda cores retailer, retailer cuda cores, cuda cores where to buy, where to buy cuda cores, cuda cores worst, worst cuda cores, cuda cores quality, quality cuda cores, cuda cores original, original cuda cores, cuda cores genuine, genuine cuda cores, cuda cores fake, fake cuda cores, cuda cores replica, replica cuda cores, cuda cores authentic, authentic cuda cores, cuda cores brand, brand cuda cores, cuda cores manufacturer, manufacturer cuda cores, cuda cores company, company cuda cores, cuda cores product, product cuda cores, cuda cores apple product, apple product cuda cores, cuda cores sell apple, sell apple cuda cores, cuda cores buy apple, buy apple cuda cores, cuda cores cheap apple, cheap apple cuda cores, cuda cores best apple, best apple cuda cores, cuda cores apple review, apple review cuda cores, cuda cores where to buy apple, where to buy apple cuda cores, cuda cores how to choose apple, how to choose apple cuda cores, cuda cores top apple, top apple cuda cores, cuda cores apple guide, apple guide cuda cores, cuda cores apple for sale, apple for sale cuda cores, cuda cores apple deals, apple deals cuda cores
2026-09-14 08:04:16,365 - INFO - Expanded 220 seed keywords to 385 variations
2026-09-14 08:04:16,365 - INFO - Language: en
2026-09-14 08:04:16,365 - INFO - Region: us
2026-09-14 08:06:42,346 - INFO - 🎯 After all filtering for 'apple': 120 relevant keywords
2026-09-14 08:06:44,169 - INFO - 🎯 Found 5 new keywords for niche 'apple': apple affordable cuda cores, apple affordable dlss technology, cheap alternatives cuda cores, best authentic cuda cores, how to brand cuda cores
2026-09-14 08:06:59,993 - INFO - ✅ Niche 'apple' process complete! 581 total keyword results.
2026-09-14 08:06:59,993 - INFO - ✅ Completed processing niche: 'apple'
2026-09-14 08:06:59,993 - INFO - 🔧 Request Handler final stats - Success rate: 100.0%
2026-09-14 08:06:59,994 - INFO -    Total requests: 196215, Blocks: 1
2026-09-14 08:06:59,994 - INFO - 
========================================
2026-09-14 08:06:59,995 - INFO - Process Summary:
2026-09-14 08:06:59,995 - INFO - - Current niche: 'apple'
2026-09-14 08:06:59,995 - INFO - - Next niche will be: 'sony'
2026-09-14 08:06:59,995 - INFO - - Keywords saved in: languages/english/keywords/apple/
2026-09-14 08:06:59,995 - INFO - ========================================
