2026-09-19 11:56:36,828 - INFO - Log file created at: /home/runner/work/potensitech.com/potensitech.com/languages/english/keywords/logs/kw_search_20260919_115636.log
2026-09-19 11:56:36,828 - INFO - ============================================================
2026-09-19 11:56:36,828 - INFO - AUTOMATIC KEYWORD RESEARCH TOOL
2026-09-19 11:56:36,828 - INFO - ============================================================
2026-09-19 11:56:37,287 - INFO - ========================================
2026-09-19 11:56:37,287 - INFO - Found 14 niches to process: xiaomi, iphone, samsung, apple, sony, asus, philips, sandisk, intel, nvidia, amd, canon, nikon, huawei
2026-09-19 11:56:37,287 - INFO - ========================================
2026-09-19 11:56:37,288 - INFO - Continuing from last processed niche: nikon
2026-09-19 11:56:37,288 - INFO - ========================================
2026-09-19 11:56:37,288 - INFO - 🎯 PROCESSING NICHE 14/14: 'huawei'
2026-09-19 11:56:37,288 - INFO - ========================================
2026-09-19 11:56:37,288 - INFO - 📁 Niche directory: /home/runner/work/potensitech.com/potensitech.com/languages/english/keywords/huawei
2026-09-19 11:56:37,288 - INFO - Selected region: us
2026-09-19 11:56:37,288 - INFO - Selected language: en
2026-09-19 11:56:37,288 - INFO - 🎯 Current niche: huawei
2026-09-19 11:56:48,426 - INFO - 🎯 Niche terms for filtering: huawei, cheap, best, latest, review, price, sell, buy, recommendation, tips, tutorial, guide, how to, vs, versus, compared to, comparison, alternatives, which is better, expensive, discount, deals, sale, affordable, cost, online, offline, marketplace, store, shop, retailer, where to buy, worst, quality, original, genuine, fake, replica, authentic, brand, manufacturer, company, product, huawei product, sell huawei, buy huawei, cheap huawei, best huawei, huawei review, where to buy huawei, how to choose huawei, top huawei, huawei guide, huawei for sale, huawei deals
2026-09-19 11:56:48,427 - INFO - Generated 50 niche-clue pairs for 'huawei'.
2026-09-19 11:56:48,430 - INFO - Expanded 50 seed keywords to 218 variations
2026-09-19 11:56:48,431 - INFO - 🔧 Request Handler initialized - Success rate: 100.0%
2026-09-19 12:01:10,515 - INFO - Original clue keywords: ssd storage, portable ssd
2026-09-19 12:01:10,515 - INFO - Niche-focused seeds: ssd storage huawei, huawei ssd storage, ssd storage cheap, cheap ssd storage, ssd storage best, best ssd storage, ssd storage latest, latest ssd storage, ssd storage review, review ssd storage, ssd storage price, price ssd storage, ssd storage sell, sell ssd storage, ssd storage buy, buy ssd storage, ssd storage recommendation, recommendation ssd storage, ssd storage tips, tips ssd storage, ssd storage tutorial, tutorial ssd storage, ssd storage guide, guide ssd storage, ssd storage how to, how to ssd storage, ssd storage vs, vs ssd storage, ssd storage versus, versus ssd storage, ssd storage compared to, compared to ssd storage, ssd storage comparison, comparison ssd storage, ssd storage alternatives, alternatives ssd storage, ssd storage which is better, which is better ssd storage, ssd storage expensive, expensive ssd storage, ssd storage discount, discount ssd storage, ssd storage deals, deals ssd storage, ssd storage sale, sale ssd storage, ssd storage affordable, affordable ssd storage, ssd storage cost, cost ssd storage, ssd storage online, online ssd storage, ssd storage offline, offline ssd storage, ssd storage marketplace, marketplace ssd storage, ssd storage store, store ssd storage, ssd storage shop, shop ssd storage, ssd storage retailer, retailer ssd storage, ssd storage where to buy, where to buy ssd storage, ssd storage worst, worst ssd storage, ssd storage quality, quality ssd storage, ssd storage original, original ssd storage, ssd storage genuine, genuine ssd storage, ssd storage fake, fake ssd storage, ssd storage replica, replica ssd storage, ssd storage authentic, authentic ssd storage, ssd storage brand, brand ssd storage, ssd storage manufacturer, manufacturer ssd storage, ssd storage company, company ssd storage, ssd storage product, product ssd storage, ssd storage huawei product, huawei product ssd storage, ssd storage sell huawei, sell huawei ssd storage, ssd storage buy huawei, buy huawei ssd storage, ssd storage cheap huawei, cheap huawei ssd storage, ssd storage best huawei, best huawei ssd storage, ssd storage huawei review, huawei review ssd storage, ssd storage where to buy huawei, where to buy huawei ssd storage, ssd storage how to choose huawei, how to choose huawei ssd storage, ssd storage top huawei, top huawei ssd storage, ssd storage huawei guide, huawei guide ssd storage, ssd storage huawei for sale, huawei for sale ssd storage, ssd storage huawei deals, huawei deals ssd storage, portable ssd huawei, huawei portable ssd, portable ssd cheap, cheap portable ssd, portable ssd best, best portable ssd, portable ssd latest, latest portable ssd, portable ssd review, review portable ssd, portable ssd price, price portable ssd, portable ssd sell, sell portable ssd, portable ssd buy, buy portable ssd, portable ssd recommendation, recommendation portable ssd, portable ssd tips, tips portable ssd, portable ssd tutorial, tutorial portable ssd, portable ssd guide, guide portable ssd, portable ssd how to, how to portable ssd, portable ssd vs, vs portable ssd, portable ssd versus, versus portable ssd, portable ssd compared to, compared to portable ssd, portable ssd comparison, comparison portable ssd, portable ssd alternatives, alternatives portable ssd, portable ssd which is better, which is better portable ssd, portable ssd expensive, expensive portable ssd, portable ssd discount, discount portable ssd, portable ssd deals, deals portable ssd, portable ssd sale, sale portable ssd, portable ssd affordable, affordable portable ssd, portable ssd cost, cost portable ssd, portable ssd online, online portable ssd, portable ssd offline, offline portable ssd, portable ssd marketplace, marketplace portable ssd, portable ssd store, store portable ssd, portable ssd shop, shop portable ssd, portable ssd retailer, retailer portable ssd, portable ssd where to buy, where to buy portable ssd, portable ssd worst, worst portable ssd, portable ssd quality, quality portable ssd, portable ssd original, original portable ssd, portable ssd genuine, genuine portable ssd, portable ssd fake, fake portable ssd, portable ssd replica, replica portable ssd, portable ssd authentic, authentic portable ssd, portable ssd brand, brand portable ssd, portable ssd manufacturer, manufacturer portable ssd, portable ssd company, company portable ssd, portable ssd product, product portable ssd, portable ssd huawei product, huawei product portable ssd, portable ssd sell huawei, sell huawei portable ssd, portable ssd buy huawei, buy huawei portable ssd, portable ssd cheap huawei, cheap huawei portable ssd, portable ssd best huawei, best huawei portable ssd, portable ssd huawei review, huawei review portable ssd, portable ssd where to buy huawei, where to buy huawei portable ssd, portable ssd how to choose huawei, how to choose huawei portable ssd, portable ssd top huawei, top huawei portable ssd, portable ssd huawei guide, huawei guide portable ssd, portable ssd huawei for sale, huawei for sale portable ssd, portable ssd huawei deals, huawei deals portable ssd
2026-09-19 12:01:10,518 - INFO - Expanded 220 seed keywords to 385 variations
2026-09-19 12:01:10,518 - INFO - Language: en
2026-09-19 12:01:10,518 - INFO - Region: us
2026-09-19 12:03:36,299 - INFO - 🎯 After all filtering for 'huawei': 120 relevant keywords
2026-09-19 12:03:38,343 - INFO - 🎯 Found 4 new keywords for niche 'huawei': huawei affordable portable ssd, cheap alternatives portable ssd, huawei alternatives ssd storage, best authentic portable ssd
2026-09-19 12:03:54,359 - INFO - ✅ Niche 'huawei' process complete! 683 total keyword results.
2026-09-19 12:03:54,359 - INFO - ✅ Completed processing niche: 'huawei'
2026-09-19 12:03:54,359 - INFO - 🔧 Request Handler final stats - Success rate: 100.0%
2026-09-19 12:03:54,359 - INFO -    Total requests: 200920, Blocks: 1
2026-09-19 12:03:54,360 - INFO - 
========================================
2026-09-19 12:03:54,361 - INFO - Process Summary:
2026-09-19 12:03:54,361 - INFO - - Current niche: 'huawei'
2026-09-19 12:03:54,361 - INFO - - Next niche will be: 'xiaomi'
2026-09-19 12:03:54,361 - INFO - - Keywords saved in: languages/english/keywords/huawei/
2026-09-19 12:03:54,362 - INFO - ========================================
