2026-09-12 08:52:47,519 - INFO - Log file created at: /home/runner/work/potensitech.com/potensitech.com/languages/english/keywords/logs/kw_search_20260912_085247.log
2026-09-12 08:52:47,519 - INFO - ============================================================
2026-09-12 08:52:47,519 - INFO - AUTOMATIC KEYWORD RESEARCH TOOL
2026-09-12 08:52:47,519 - INFO - ============================================================
2026-09-12 08:52:47,827 - INFO - ========================================
2026-09-12 08:52:47,827 - INFO - Found 14 niches to process: xiaomi, iphone, samsung, apple, sony, asus, philips, sandisk, intel, nvidia, amd, canon, nikon, huawei
2026-09-12 08:52:47,827 - INFO - ========================================
2026-09-12 08:52:47,828 - INFO - Continuing from last processed niche: canon
2026-09-12 08:52:47,828 - INFO - ========================================
2026-09-12 08:52:47,828 - INFO - 🎯 PROCESSING NICHE 13/14: 'nikon'
2026-09-12 08:52:47,828 - INFO - ========================================
2026-09-12 08:52:47,828 - INFO - 📁 Niche directory: /home/runner/work/potensitech.com/potensitech.com/languages/english/keywords/nikon
2026-09-12 08:52:47,828 - INFO - Selected region: us
2026-09-12 08:52:47,828 - INFO - Selected language: en
2026-09-12 08:52:47,828 - INFO - 🎯 Current niche: nikon
2026-09-12 08:52:59,110 - INFO - 🎯 Niche terms for filtering: nikon, cheap, best, latest, review, price, sell, buy, recommendation, tips, tutorial, guide, how to, vs, versus, compared to, comparison, alternatives, which is better, expensive, discount, deals, sale, affordable, cost, online, offline, marketplace, store, shop, retailer, where to buy, worst, quality, original, genuine, fake, replica, authentic, brand, manufacturer, company, product, nikon product, sell nikon, buy nikon, cheap nikon, best nikon, nikon review, where to buy nikon, how to choose nikon, top nikon, nikon guide, nikon for sale, nikon deals
2026-09-12 08:52:59,110 - INFO - Generated 50 niche-clue pairs for 'nikon'.
2026-09-12 08:52:59,113 - INFO - Expanded 50 seed keywords to 218 variations
2026-09-12 08:52:59,114 - INFO - 🔧 Request Handler initialized - Success rate: 100.0%
2026-09-12 08:57:19,867 - INFO - Original clue keywords: long battery, dlss technology
2026-09-12 08:57:19,867 - INFO - Niche-focused seeds: long battery nikon, nikon long battery, long battery cheap, cheap long battery, long battery best, best long battery, long battery latest, latest long battery, long battery review, review long battery, long battery price, price long battery, long battery sell, sell long battery, long battery buy, buy long battery, long battery recommendation, recommendation long battery, long battery tips, tips long battery, long battery tutorial, tutorial long battery, long battery guide, guide long battery, long battery how to, how to long battery, long battery vs, vs long battery, long battery versus, versus long battery, long battery compared to, compared to long battery, long battery comparison, comparison long battery, long battery alternatives, alternatives long battery, long battery which is better, which is better long battery, long battery expensive, expensive long battery, long battery discount, discount long battery, long battery deals, deals long battery, long battery sale, sale long battery, long battery affordable, affordable long battery, long battery cost, cost long battery, long battery online, online long battery, long battery offline, offline long battery, long battery marketplace, marketplace long battery, long battery store, store long battery, long battery shop, shop long battery, long battery retailer, retailer long battery, long battery where to buy, where to buy long battery, long battery worst, worst long battery, long battery quality, quality long battery, long battery original, original long battery, long battery genuine, genuine long battery, long battery fake, fake long battery, long battery replica, replica long battery, long battery authentic, authentic long battery, long battery brand, brand long battery, long battery manufacturer, manufacturer long battery, long battery company, company long battery, long battery product, product long battery, long battery nikon product, nikon product long battery, long battery sell nikon, sell nikon long battery, long battery buy nikon, buy nikon long battery, long battery cheap nikon, cheap nikon long battery, long battery best nikon, best nikon long battery, long battery nikon review, nikon review long battery, long battery where to buy nikon, where to buy nikon long battery, long battery how to choose nikon, how to choose nikon long battery, long battery top nikon, top nikon long battery, long battery nikon guide, nikon guide long battery, long battery nikon for sale, nikon for sale long battery, long battery nikon deals, nikon deals long battery, dlss technology nikon, nikon dlss technology, dlss technology cheap, cheap dlss technology, dlss technology best, best dlss technology, dlss technology latest, latest dlss technology, dlss technology review, review dlss technology, dlss technology price, price dlss technology, dlss technology sell, sell dlss technology, dlss technology buy, buy dlss technology, dlss technology recommendation, recommendation dlss technology, dlss technology tips, tips dlss technology, dlss technology tutorial, tutorial dlss technology, dlss technology guide, guide dlss technology, dlss technology how to, how to dlss technology, dlss technology vs, vs dlss technology, dlss technology versus, versus dlss technology, dlss technology compared to, compared to dlss technology, dlss technology comparison, comparison dlss technology, dlss technology alternatives, alternatives dlss technology, dlss technology which is better, which is better dlss technology, dlss technology expensive, expensive dlss technology, dlss technology discount, discount dlss technology, dlss technology deals, deals dlss technology, dlss technology sale, sale dlss technology, dlss technology affordable, affordable dlss technology, dlss technology cost, cost dlss technology, dlss technology online, online dlss technology, dlss technology offline, offline dlss technology, dlss technology marketplace, marketplace dlss technology, dlss technology store, store dlss technology, dlss technology shop, shop dlss technology, dlss technology retailer, retailer dlss technology, dlss technology where to buy, where to buy dlss technology, dlss technology worst, worst dlss technology, dlss technology quality, quality dlss technology, dlss technology original, original dlss technology, dlss technology genuine, genuine dlss technology, dlss technology fake, fake dlss technology, dlss technology replica, replica dlss technology, dlss technology authentic, authentic dlss technology, dlss technology brand, brand dlss technology, dlss technology manufacturer, manufacturer dlss technology, dlss technology company, company dlss technology, dlss technology product, product dlss technology, dlss technology nikon product, nikon product dlss technology, dlss technology sell nikon, sell nikon dlss technology, dlss technology buy nikon, buy nikon dlss technology, dlss technology cheap nikon, cheap nikon dlss technology, dlss technology best nikon, best nikon dlss technology, dlss technology nikon review, nikon review dlss technology, dlss technology where to buy nikon, where to buy nikon dlss technology, dlss technology how to choose nikon, how to choose nikon dlss technology, dlss technology top nikon, top nikon dlss technology, dlss technology nikon guide, nikon guide dlss technology, dlss technology nikon for sale, nikon for sale dlss technology, dlss technology nikon deals, nikon deals dlss technology
2026-09-12 08:57:19,870 - INFO - Expanded 220 seed keywords to 385 variations
2026-09-12 08:57:19,870 - INFO - Language: en
2026-09-12 08:57:19,870 - INFO - Region: us
2026-09-12 09:01:53,082 - INFO - 🎯 After all filtering for 'nikon': 120 relevant keywords
2026-09-12 09:01:54,057 - INFO - 🎯 Found 5 new keywords for niche 'nikon': nikon affordable dlss technology, nikon affordable long battery, cheap alternatives dlss technology, cheap alternatives long battery, best authentic dlss technology
2026-09-12 09:02:09,536 - INFO - ✅ Niche 'nikon' process complete! 703 total keyword results.
2026-09-12 09:02:09,536 - INFO - ✅ Completed processing niche: 'nikon'
2026-09-12 09:02:09,536 - INFO - 🔧 Request Handler final stats - Success rate: 100.0%
2026-09-12 09:02:09,537 - INFO -    Total requests: 194549, Blocks: 1
2026-09-12 09:02:09,537 - INFO - 
========================================
2026-09-12 09:02:09,538 - INFO - Process Summary:
2026-09-12 09:02:09,538 - INFO - - Current niche: 'nikon'
2026-09-12 09:02:09,538 - INFO - - Next niche will be: 'huawei'
2026-09-12 09:02:09,538 - INFO - - Keywords saved in: languages/english/keywords/nikon/
2026-09-12 09:02:09,538 - INFO - ========================================
