2026-08-18 21:53:27,804 - INFO - Log file created at: /home/runner/work/potensitech.com/potensitech.com/languages/english/keywords/logs/kw_search_20260818_215327.log
2026-08-18 21:53:27,804 - INFO - ============================================================
2026-08-18 21:53:27,804 - INFO - AUTOMATIC KEYWORD RESEARCH TOOL
2026-08-18 21:53:27,804 - INFO - ============================================================
2026-08-18 21:53:28,096 - INFO - ========================================
2026-08-18 21:53:28,096 - INFO - Found 14 niches to process: xiaomi, iphone, samsung, apple, sony, asus, philips, sandisk, intel, nvidia, amd, canon, nikon, huawei
2026-08-18 21:53:28,096 - INFO - ========================================
2026-08-18 21:53:28,096 - INFO - Continuing from last processed niche: sandisk
2026-08-18 21:53:28,096 - INFO - ========================================
2026-08-18 21:53:28,096 - INFO - 🎯 PROCESSING NICHE 9/14: 'intel'
2026-08-18 21:53:28,096 - INFO - ========================================
2026-08-18 21:53:28,096 - INFO - 📁 Niche directory: /home/runner/work/potensitech.com/potensitech.com/languages/english/keywords/intel
2026-08-18 21:53:28,097 - INFO - Selected region: us
2026-08-18 21:53:28,097 - INFO - Selected language: en
2026-08-18 21:53:28,097 - INFO - 🎯 Current niche: intel
2026-08-18 21:53:28,828 - INFO - 🎯 Niche terms for filtering: intel, cheap, best, latest, review, price, sell, buy, recommendation, tips, tutorial, guide, how to, vs, versus, compared to, comparison, alternatives, which is better, expensive, discount, deals, sale, affordable, cost, online, offline, marketplace, store, shop, retailer, where to buy, worst, quality, original, genuine, fake, replica, authentic, brand, manufacturer, company, product, intel product, sell intel, buy intel, cheap intel, best intel, intel review, where to buy intel, how to choose intel, top intel, intel guide, intel for sale, intel deals
2026-08-18 21:53:28,828 - INFO - Generated 50 niche-clue pairs for 'intel'.
2026-08-18 21:53:28,831 - INFO - Expanded 50 seed keywords to 218 variations
2026-08-18 21:53:28,838 - INFO - 🔧 Request Handler initialized - Success rate: 100.0%
2026-08-18 21:57:51,972 - INFO - Original clue keywords: flagship phone, amoled display
2026-08-18 21:57:51,972 - INFO - Niche-focused seeds: flagship phone intel, intel flagship phone, flagship phone cheap, cheap flagship phone, flagship phone best, best flagship phone, flagship phone latest, latest flagship phone, flagship phone review, review flagship phone, flagship phone price, price flagship phone, flagship phone sell, sell flagship phone, flagship phone buy, buy flagship phone, flagship phone recommendation, recommendation flagship phone, flagship phone tips, tips flagship phone, flagship phone tutorial, tutorial flagship phone, flagship phone guide, guide flagship phone, flagship phone how to, how to flagship phone, flagship phone vs, vs flagship phone, flagship phone versus, versus flagship phone, flagship phone compared to, compared to flagship phone, flagship phone comparison, comparison flagship phone, flagship phone alternatives, alternatives flagship phone, flagship phone which is better, which is better flagship phone, flagship phone expensive, expensive flagship phone, flagship phone discount, discount flagship phone, flagship phone deals, deals flagship phone, flagship phone sale, sale flagship phone, flagship phone affordable, affordable flagship phone, flagship phone cost, cost flagship phone, flagship phone online, online flagship phone, flagship phone offline, offline flagship phone, flagship phone marketplace, marketplace flagship phone, flagship phone store, store flagship phone, flagship phone shop, shop flagship phone, flagship phone retailer, retailer flagship phone, flagship phone where to buy, where to buy flagship phone, flagship phone worst, worst flagship phone, flagship phone quality, quality flagship phone, flagship phone original, original flagship phone, flagship phone genuine, genuine flagship phone, flagship phone fake, fake flagship phone, flagship phone replica, replica flagship phone, flagship phone authentic, authentic flagship phone, flagship phone brand, brand flagship phone, flagship phone manufacturer, manufacturer flagship phone, flagship phone company, company flagship phone, flagship phone product, product flagship phone, flagship phone intel product, intel product flagship phone, flagship phone sell intel, sell intel flagship phone, flagship phone buy intel, buy intel flagship phone, flagship phone cheap intel, cheap intel flagship phone, flagship phone best intel, best intel flagship phone, flagship phone intel review, intel review flagship phone, flagship phone where to buy intel, where to buy intel flagship phone, flagship phone how to choose intel, how to choose intel flagship phone, flagship phone top intel, top intel flagship phone, flagship phone intel guide, intel guide flagship phone, flagship phone intel for sale, intel for sale flagship phone, flagship phone intel deals, intel deals flagship phone, amoled display intel, intel amoled display, amoled display cheap, cheap amoled display, amoled display best, best amoled display, amoled display latest, latest amoled display, amoled display review, review amoled display, amoled display price, price amoled display, amoled display sell, sell amoled display, amoled display buy, buy amoled display, amoled display recommendation, recommendation amoled display, amoled display tips, tips amoled display, amoled display tutorial, tutorial amoled display, amoled display guide, guide amoled display, amoled display how to, how to amoled display, amoled display vs, vs amoled display, amoled display versus, versus amoled display, amoled display compared to, compared to amoled display, amoled display comparison, comparison amoled display, amoled display alternatives, alternatives amoled display, amoled display which is better, which is better amoled display, amoled display expensive, expensive amoled display, amoled display discount, discount amoled display, amoled display deals, deals amoled display, amoled display sale, sale amoled display, amoled display affordable, affordable amoled display, amoled display cost, cost amoled display, amoled display online, online amoled display, amoled display offline, offline amoled display, amoled display marketplace, marketplace amoled display, amoled display store, store amoled display, amoled display shop, shop amoled display, amoled display retailer, retailer amoled display, amoled display where to buy, where to buy amoled display, amoled display worst, worst amoled display, amoled display quality, quality amoled display, amoled display original, original amoled display, amoled display genuine, genuine amoled display, amoled display fake, fake amoled display, amoled display replica, replica amoled display, amoled display authentic, authentic amoled display, amoled display brand, brand amoled display, amoled display manufacturer, manufacturer amoled display, amoled display company, company amoled display, amoled display product, product amoled display, amoled display intel product, intel product amoled display, amoled display sell intel, sell intel amoled display, amoled display buy intel, buy intel amoled display, amoled display cheap intel, cheap intel amoled display, amoled display best intel, best intel amoled display, amoled display intel review, intel review amoled display, amoled display where to buy intel, where to buy intel amoled display, amoled display how to choose intel, how to choose intel amoled display, amoled display top intel, top intel amoled display, amoled display intel guide, intel guide amoled display, amoled display intel for sale, intel for sale amoled display, amoled display intel deals, intel deals amoled display
2026-08-18 21:57:51,976 - INFO - Expanded 220 seed keywords to 385 variations
2026-08-18 21:57:51,976 - INFO - Language: en
2026-08-18 21:57:51,976 - INFO - Region: us
2026-08-18 22:02:20,807 - INFO - 🎯 After all filtering for 'intel': 120 relevant keywords
2026-08-18 22:02:23,180 - INFO - 🎯 Found 5 new keywords for niche 'intel': intel affordable amoled display, intel affordable flagship phone, cheap alternatives amoled display, cheap alternatives flagship phone, best amoled display authentic
2026-08-18 22:02:23,645 - INFO - ✅ Niche 'intel' process complete! 998 total keyword results.
2026-08-18 22:02:23,646 - INFO - ✅ Completed processing niche: 'intel'
2026-08-18 22:02:23,646 - INFO - 🔧 Request Handler final stats - Success rate: 100.0%
2026-08-18 22:02:23,646 - INFO -    Total requests: 175090, Blocks: 1
2026-08-18 22:02:23,647 - INFO - 
========================================
2026-08-18 22:02:23,647 - INFO - Process Summary:
2026-08-18 22:02:23,647 - INFO - - Current niche: 'intel'
2026-08-18 22:02:23,647 - INFO - - Next niche will be: 'nvidia'
2026-08-18 22:02:23,647 - INFO - - Keywords saved in: languages/english/keywords/intel/
2026-08-18 22:02:23,648 - INFO - ========================================
