2026-09-08 19:36:56,620 - INFO - Log file created at: /home/runner/work/potensitech.com/potensitech.com/languages/english/keywords/logs/kw_search_20260908_193656.log
2026-09-08 19:36:56,621 - INFO - ============================================================
2026-09-08 19:36:56,621 - INFO - AUTOMATIC KEYWORD RESEARCH TOOL
2026-09-08 19:36:56,621 - INFO - ============================================================
2026-09-08 19:36:56,963 - INFO - ========================================
2026-09-08 19:36:56,964 - INFO - Found 14 niches to process: xiaomi, iphone, samsung, apple, sony, asus, philips, sandisk, intel, nvidia, amd, canon, nikon, huawei
2026-09-08 19:36:56,964 - INFO - ========================================
2026-09-08 19:36:56,964 - INFO - Continuing from last processed niche: sony
2026-09-08 19:36:56,964 - INFO - ========================================
2026-09-08 19:36:56,964 - INFO - 🎯 PROCESSING NICHE 6/14: 'asus'
2026-09-08 19:36:56,964 - INFO - ========================================
2026-09-08 19:36:56,964 - INFO - 📁 Niche directory: /home/runner/work/potensitech.com/potensitech.com/languages/english/keywords/asus
2026-09-08 19:36:56,964 - INFO - Selected region: us
2026-09-08 19:36:56,964 - INFO - Selected language: en
2026-09-08 19:36:56,964 - INFO - 🎯 Current niche: asus
2026-09-08 19:37:08,053 - INFO - 🎯 Niche terms for filtering: asus, cheap, best, latest, review, price, sell, buy, recommendation, tips, tutorial, guide, how to, vs, versus, compared to, comparison, alternatives, which is better, expensive, discount, deals, sale, affordable, cost, online, offline, marketplace, store, shop, retailer, where to buy, worst, quality, original, genuine, fake, replica, authentic, brand, manufacturer, company, product, asus product, sell asus, buy asus, cheap asus, best asus, asus review, where to buy asus, how to choose asus, top asus, asus guide, asus for sale, asus deals
2026-09-08 19:37:08,053 - INFO - Generated 50 niche-clue pairs for 'asus'.
2026-09-08 19:37:08,056 - INFO - Expanded 50 seed keywords to 218 variations
2026-09-08 19:37:08,057 - INFO - 🔧 Request Handler initialized - Success rate: 100.0%
2026-09-08 19:41:28,795 - INFO - Original clue keywords: core technology, chipset upgrade
2026-09-08 19:41:28,795 - INFO - Niche-focused seeds: core technology asus, asus core technology, core technology cheap, cheap core technology, core technology best, best core technology, core technology latest, latest core technology, core technology review, review core technology, core technology price, price core technology, core technology sell, sell core technology, core technology buy, buy core technology, core technology recommendation, recommendation core technology, core technology tips, tips core technology, core technology tutorial, tutorial core technology, core technology guide, guide core technology, core technology how to, how to core technology, core technology vs, vs core technology, core technology versus, versus core technology, core technology compared to, compared to core technology, core technology comparison, comparison core technology, core technology alternatives, alternatives core technology, core technology which is better, which is better core technology, core technology expensive, expensive core technology, core technology discount, discount core technology, core technology deals, deals core technology, core technology sale, sale core technology, core technology affordable, affordable core technology, core technology cost, cost core technology, core technology online, online core technology, core technology offline, offline core technology, core technology marketplace, marketplace core technology, core technology store, store core technology, core technology shop, shop core technology, core technology retailer, retailer core technology, core technology where to buy, where to buy core technology, core technology worst, worst core technology, core technology quality, quality core technology, core technology original, original core technology, core technology genuine, genuine core technology, core technology fake, fake core technology, core technology replica, replica core technology, core technology authentic, authentic core technology, core technology brand, brand core technology, core technology manufacturer, manufacturer core technology, core technology company, company core technology, core technology product, product core technology, core technology asus product, asus product core technology, core technology sell asus, sell asus core technology, core technology buy asus, buy asus core technology, core technology cheap asus, cheap asus core technology, core technology best asus, best asus core technology, core technology asus review, asus review core technology, core technology where to buy asus, where to buy asus core technology, core technology how to choose asus, how to choose asus core technology, core technology top asus, top asus core technology, core technology asus guide, asus guide core technology, core technology asus for sale, asus for sale core technology, core technology asus deals, asus deals core technology, chipset upgrade asus, asus chipset upgrade, chipset upgrade cheap, cheap chipset upgrade, chipset upgrade best, best chipset upgrade, chipset upgrade latest, latest chipset upgrade, chipset upgrade review, review chipset upgrade, chipset upgrade price, price chipset upgrade, chipset upgrade sell, sell chipset upgrade, chipset upgrade buy, buy chipset upgrade, chipset upgrade recommendation, recommendation chipset upgrade, chipset upgrade tips, tips chipset upgrade, chipset upgrade tutorial, tutorial chipset upgrade, chipset upgrade guide, guide chipset upgrade, chipset upgrade how to, how to chipset upgrade, chipset upgrade vs, vs chipset upgrade, chipset upgrade versus, versus chipset upgrade, chipset upgrade compared to, compared to chipset upgrade, chipset upgrade comparison, comparison chipset upgrade, chipset upgrade alternatives, alternatives chipset upgrade, chipset upgrade which is better, which is better chipset upgrade, chipset upgrade expensive, expensive chipset upgrade, chipset upgrade discount, discount chipset upgrade, chipset upgrade deals, deals chipset upgrade, chipset upgrade sale, sale chipset upgrade, chipset upgrade affordable, affordable chipset upgrade, chipset upgrade cost, cost chipset upgrade, chipset upgrade online, online chipset upgrade, chipset upgrade offline, offline chipset upgrade, chipset upgrade marketplace, marketplace chipset upgrade, chipset upgrade store, store chipset upgrade, chipset upgrade shop, shop chipset upgrade, chipset upgrade retailer, retailer chipset upgrade, chipset upgrade where to buy, where to buy chipset upgrade, chipset upgrade worst, worst chipset upgrade, chipset upgrade quality, quality chipset upgrade, chipset upgrade original, original chipset upgrade, chipset upgrade genuine, genuine chipset upgrade, chipset upgrade fake, fake chipset upgrade, chipset upgrade replica, replica chipset upgrade, chipset upgrade authentic, authentic chipset upgrade, chipset upgrade brand, brand chipset upgrade, chipset upgrade manufacturer, manufacturer chipset upgrade, chipset upgrade company, company chipset upgrade, chipset upgrade product, product chipset upgrade, chipset upgrade asus product, asus product chipset upgrade, chipset upgrade sell asus, sell asus chipset upgrade, chipset upgrade buy asus, buy asus chipset upgrade, chipset upgrade cheap asus, cheap asus chipset upgrade, chipset upgrade best asus, best asus chipset upgrade, chipset upgrade asus review, asus review chipset upgrade, chipset upgrade where to buy asus, where to buy asus chipset upgrade, chipset upgrade how to choose asus, how to choose asus chipset upgrade, chipset upgrade top asus, top asus chipset upgrade, chipset upgrade asus guide, asus guide chipset upgrade, chipset upgrade asus for sale, asus for sale chipset upgrade, chipset upgrade asus deals, asus deals chipset upgrade
2026-09-08 19:41:28,798 - INFO - Expanded 220 seed keywords to 385 variations
2026-09-08 19:41:28,798 - INFO - Language: en
2026-09-08 19:41:28,798 - INFO - Region: us
2026-09-08 19:43:40,811 - INFO - 🎯 After all filtering for 'asus': 120 relevant keywords
2026-09-08 19:43:42,459 - INFO - 🎯 Found 5 new keywords for niche 'asus': asus affordable chipset upgrade, asus affordable core technology, cheap alternatives core technology, best authentic core technology, how to brand core technology
2026-09-08 19:43:58,897 - INFO - ✅ Niche 'asus' process complete! 848 total keyword results.
2026-09-08 19:43:58,897 - INFO - ✅ Completed processing niche: 'asus'
2026-09-08 19:43:58,897 - INFO - 🔧 Request Handler final stats - Success rate: 100.0%
2026-09-08 19:43:58,897 - INFO -    Total requests: 191622, Blocks: 1
2026-09-08 19:43:58,898 - INFO - 
========================================
2026-09-08 19:43:58,899 - INFO - Process Summary:
2026-09-08 19:43:58,899 - INFO - - Current niche: 'asus'
2026-09-08 19:43:58,899 - INFO - - Next niche will be: 'philips'
2026-09-08 19:43:58,899 - INFO - - Keywords saved in: languages/english/keywords/asus/
2026-09-08 19:43:58,899 - INFO - ========================================
