2026-08-04 14:01:00,715 - INFO - Log file created at: /home/runner/work/potensitech.com/potensitech.com/languages/english/keywords/logs/kw_search_20260804_140100.log
2026-08-04 14:01:00,715 - INFO - ============================================================
2026-08-04 14:01:00,716 - INFO - AUTOMATIC KEYWORD RESEARCH TOOL
2026-08-04 14:01:00,716 - INFO - ============================================================
2026-08-04 14:01:00,963 - INFO - ========================================
2026-08-04 14:01:00,963 - INFO - Found 14 niches to process: xiaomi, iphone, samsung, apple, sony, asus, philips, sandisk, intel, nvidia, amd, canon, nikon, huawei
2026-08-04 14:01:00,963 - INFO - ========================================
2026-08-04 14:01:00,964 - INFO - Continuing from last processed niche: asus
2026-08-04 14:01:00,964 - INFO - ========================================
2026-08-04 14:01:00,964 - INFO - 🎯 PROCESSING NICHE 7/14: 'philips'
2026-08-04 14:01:00,964 - INFO - ========================================
2026-08-04 14:01:00,964 - INFO - 📁 Niche directory: /home/runner/work/potensitech.com/potensitech.com/languages/english/keywords/philips
2026-08-04 14:01:00,964 - INFO - Selected region: us
2026-08-04 14:01:00,964 - INFO - Selected language: en
2026-08-04 14:01:00,964 - INFO - 🎯 Current niche: philips
2026-08-04 14:01:01,722 - INFO - 🎯 Niche terms for filtering: philips, cheap, best, latest, review, price, sell, buy, recommendation, tips, tutorial, guide, how to, vs, versus, compared to, comparison, alternatives, which is better, expensive, discount, deals, sale, affordable, cost, online, offline, marketplace, store, shop, retailer, where to buy, worst, quality, original, genuine, fake, replica, authentic, brand, manufacturer, company, product, philips product, sell philips, buy philips, cheap philips, best philips, philips review, where to buy philips, how to choose philips, top philips, philips guide, philips for sale, philips deals
2026-08-04 14:01:01,722 - INFO - Generated 50 niche-clue pairs for 'philips'.
2026-08-04 14:01:01,726 - INFO - Expanded 50 seed keywords to 218 variations
2026-08-04 14:01:01,726 - INFO - 🔧 Request Handler initialized - Success rate: 100.0%
2026-08-04 14:05:25,932 - INFO - Original clue keywords: core architecture, thermal efficiency
2026-08-04 14:05:25,932 - INFO - Niche-focused seeds: core architecture philips, philips core architecture, core architecture cheap, cheap core architecture, core architecture best, best core architecture, core architecture latest, latest core architecture, core architecture review, review core architecture, core architecture price, price core architecture, core architecture sell, sell core architecture, core architecture buy, buy core architecture, core architecture recommendation, recommendation core architecture, core architecture tips, tips core architecture, core architecture tutorial, tutorial core architecture, core architecture guide, guide core architecture, core architecture how to, how to core architecture, core architecture vs, vs core architecture, core architecture versus, versus core architecture, core architecture compared to, compared to core architecture, core architecture comparison, comparison core architecture, core architecture alternatives, alternatives core architecture, core architecture which is better, which is better core architecture, core architecture expensive, expensive core architecture, core architecture discount, discount core architecture, core architecture deals, deals core architecture, core architecture sale, sale core architecture, core architecture affordable, affordable core architecture, core architecture cost, cost core architecture, core architecture online, online core architecture, core architecture offline, offline core architecture, core architecture marketplace, marketplace core architecture, core architecture store, store core architecture, core architecture shop, shop core architecture, core architecture retailer, retailer core architecture, core architecture where to buy, where to buy core architecture, core architecture worst, worst core architecture, core architecture quality, quality core architecture, core architecture original, original core architecture, core architecture genuine, genuine core architecture, core architecture fake, fake core architecture, core architecture replica, replica core architecture, core architecture authentic, authentic core architecture, core architecture brand, brand core architecture, core architecture manufacturer, manufacturer core architecture, core architecture company, company core architecture, core architecture product, product core architecture, core architecture philips product, philips product core architecture, core architecture sell philips, sell philips core architecture, core architecture buy philips, buy philips core architecture, core architecture cheap philips, cheap philips core architecture, core architecture best philips, best philips core architecture, core architecture philips review, philips review core architecture, core architecture where to buy philips, where to buy philips core architecture, core architecture how to choose philips, how to choose philips core architecture, core architecture top philips, top philips core architecture, core architecture philips guide, philips guide core architecture, core architecture philips for sale, philips for sale core architecture, core architecture philips deals, philips deals core architecture, thermal efficiency philips, philips thermal efficiency, thermal efficiency cheap, cheap thermal efficiency, thermal efficiency best, best thermal efficiency, thermal efficiency latest, latest thermal efficiency, thermal efficiency review, review thermal efficiency, thermal efficiency price, price thermal efficiency, thermal efficiency sell, sell thermal efficiency, thermal efficiency buy, buy thermal efficiency, thermal efficiency recommendation, recommendation thermal efficiency, thermal efficiency tips, tips thermal efficiency, thermal efficiency tutorial, tutorial thermal efficiency, thermal efficiency guide, guide thermal efficiency, thermal efficiency how to, how to thermal efficiency, thermal efficiency vs, vs thermal efficiency, thermal efficiency versus, versus thermal efficiency, thermal efficiency compared to, compared to thermal efficiency, thermal efficiency comparison, comparison thermal efficiency, thermal efficiency alternatives, alternatives thermal efficiency, thermal efficiency which is better, which is better thermal efficiency, thermal efficiency expensive, expensive thermal efficiency, thermal efficiency discount, discount thermal efficiency, thermal efficiency deals, deals thermal efficiency, thermal efficiency sale, sale thermal efficiency, thermal efficiency affordable, affordable thermal efficiency, thermal efficiency cost, cost thermal efficiency, thermal efficiency online, online thermal efficiency, thermal efficiency offline, offline thermal efficiency, thermal efficiency marketplace, marketplace thermal efficiency, thermal efficiency store, store thermal efficiency, thermal efficiency shop, shop thermal efficiency, thermal efficiency retailer, retailer thermal efficiency, thermal efficiency where to buy, where to buy thermal efficiency, thermal efficiency worst, worst thermal efficiency, thermal efficiency quality, quality thermal efficiency, thermal efficiency original, original thermal efficiency, thermal efficiency genuine, genuine thermal efficiency, thermal efficiency fake, fake thermal efficiency, thermal efficiency replica, replica thermal efficiency, thermal efficiency authentic, authentic thermal efficiency, thermal efficiency brand, brand thermal efficiency, thermal efficiency manufacturer, manufacturer thermal efficiency, thermal efficiency company, company thermal efficiency, thermal efficiency product, product thermal efficiency, thermal efficiency philips product, philips product thermal efficiency, thermal efficiency sell philips, sell philips thermal efficiency, thermal efficiency buy philips, buy philips thermal efficiency, thermal efficiency cheap philips, cheap philips thermal efficiency, thermal efficiency best philips, best philips thermal efficiency, thermal efficiency philips review, philips review thermal efficiency, thermal efficiency where to buy philips, where to buy philips thermal efficiency, thermal efficiency how to choose philips, how to choose philips thermal efficiency, thermal efficiency top philips, top philips thermal efficiency, thermal efficiency philips guide, philips guide thermal efficiency, thermal efficiency philips for sale, philips for sale thermal efficiency, thermal efficiency philips deals, philips deals thermal efficiency
2026-08-04 14:05:25,935 - INFO - Expanded 220 seed keywords to 385 variations
2026-08-04 14:05:25,935 - INFO - Language: en
2026-08-04 14:05:25,935 - INFO - Region: us
2026-08-04 14:09:55,968 - INFO - 🎯 After all filtering for 'philips': 120 relevant keywords
2026-08-04 14:09:57,360 - INFO - 🎯 Found 5 new keywords for niche 'philips': philips affordable core architecture, philips affordable thermal efficiency, cheap alternatives core architecture, cheap alternatives thermal efficiency, best authentic core architecture
2026-08-04 14:09:57,828 - INFO - ✅ Niche 'philips' process complete! 675 total keyword results.
2026-08-04 14:09:57,828 - INFO - ✅ Completed processing niche: 'philips'
2026-08-04 14:09:57,828 - INFO - 🔧 Request Handler final stats - Success rate: 100.0%
2026-08-04 14:09:57,828 - INFO -    Total requests: 164326, Blocks: 1
2026-08-04 14:09:57,829 - INFO - 
========================================
2026-08-04 14:09:57,830 - INFO - Process Summary:
2026-08-04 14:09:57,830 - INFO - - Current niche: 'philips'
2026-08-04 14:09:57,830 - INFO - - Next niche will be: 'sandisk'
2026-08-04 14:09:57,830 - INFO - - Keywords saved in: languages/english/keywords/philips/
2026-08-04 14:09:57,830 - INFO - ========================================
