2026-09-02 19:31:10,749 - INFO - Log file created at: /home/runner/work/potensitech.com/potensitech.com/languages/english/keywords/logs/kw_search_20260902_193110.log
2026-09-02 19:31:10,749 - INFO - ============================================================
2026-09-02 19:31:10,749 - INFO - AUTOMATIC KEYWORD RESEARCH TOOL
2026-09-02 19:31:10,749 - INFO - ============================================================
2026-09-02 19:31:11,092 - INFO - ========================================
2026-09-02 19:31:11,092 - INFO - Found 14 niches to process: xiaomi, iphone, samsung, apple, sony, asus, philips, sandisk, intel, nvidia, amd, canon, nikon, huawei
2026-09-02 19:31:11,092 - INFO - ========================================
2026-09-02 19:31:11,092 - INFO - Continuing from last processed niche: iphone
2026-09-02 19:31:11,092 - INFO - ========================================
2026-09-02 19:31:11,093 - INFO - 🎯 PROCESSING NICHE 3/14: 'samsung'
2026-09-02 19:31:11,093 - INFO - ========================================
2026-09-02 19:31:11,093 - INFO - 📁 Niche directory: /home/runner/work/potensitech.com/potensitech.com/languages/english/keywords/samsung
2026-09-02 19:31:11,093 - INFO - Selected region: us
2026-09-02 19:31:11,093 - INFO - Selected language: en
2026-09-02 19:31:11,093 - INFO - 🎯 Current niche: samsung
2026-09-02 19:31:22,314 - INFO - 🎯 Niche terms for filtering: samsung, cheap, best, latest, review, price, sell, buy, recommendation, tips, tutorial, guide, how to, vs, versus, compared to, comparison, alternatives, which is better, expensive, discount, deals, sale, affordable, cost, online, offline, marketplace, store, shop, retailer, where to buy, worst, quality, original, genuine, fake, replica, authentic, brand, manufacturer, company, product, samsung product, sell samsung, buy samsung, cheap samsung, best samsung, samsung review, where to buy samsung, how to choose samsung, top samsung, samsung guide, samsung for sale, samsung deals
2026-09-02 19:31:22,314 - INFO - Generated 50 niche-clue pairs for 'samsung'.
2026-09-02 19:31:22,317 - INFO - Expanded 50 seed keywords to 218 variations
2026-09-02 19:31:22,318 - INFO - 🔧 Request Handler initialized - Success rate: 100.0%
2026-09-02 19:35:45,720 - INFO - Original clue keywords: electric-shaver, gaming
2026-09-02 19:35:45,720 - INFO - Niche-focused seeds: electric-shaver samsung, samsung electric-shaver, electric-shaver cheap, cheap electric-shaver, electric-shaver best, best electric-shaver, electric-shaver latest, latest electric-shaver, electric-shaver review, review electric-shaver, electric-shaver price, price electric-shaver, electric-shaver sell, sell electric-shaver, electric-shaver buy, buy electric-shaver, electric-shaver recommendation, recommendation electric-shaver, electric-shaver tips, tips electric-shaver, electric-shaver tutorial, tutorial electric-shaver, electric-shaver guide, guide electric-shaver, electric-shaver how to, how to electric-shaver, electric-shaver vs, vs electric-shaver, electric-shaver versus, versus electric-shaver, electric-shaver compared to, compared to electric-shaver, electric-shaver comparison, comparison electric-shaver, electric-shaver alternatives, alternatives electric-shaver, electric-shaver which is better, which is better electric-shaver, electric-shaver expensive, expensive electric-shaver, electric-shaver discount, discount electric-shaver, electric-shaver deals, deals electric-shaver, electric-shaver sale, sale electric-shaver, electric-shaver affordable, affordable electric-shaver, electric-shaver cost, cost electric-shaver, electric-shaver online, online electric-shaver, electric-shaver offline, offline electric-shaver, electric-shaver marketplace, marketplace electric-shaver, electric-shaver store, store electric-shaver, electric-shaver shop, shop electric-shaver, electric-shaver retailer, retailer electric-shaver, electric-shaver where to buy, where to buy electric-shaver, electric-shaver worst, worst electric-shaver, electric-shaver quality, quality electric-shaver, electric-shaver original, original electric-shaver, electric-shaver genuine, genuine electric-shaver, electric-shaver fake, fake electric-shaver, electric-shaver replica, replica electric-shaver, electric-shaver authentic, authentic electric-shaver, electric-shaver brand, brand electric-shaver, electric-shaver manufacturer, manufacturer electric-shaver, electric-shaver company, company electric-shaver, electric-shaver product, product electric-shaver, electric-shaver samsung product, samsung product electric-shaver, electric-shaver sell samsung, sell samsung electric-shaver, electric-shaver buy samsung, buy samsung electric-shaver, electric-shaver cheap samsung, cheap samsung electric-shaver, electric-shaver best samsung, best samsung electric-shaver, electric-shaver samsung review, samsung review electric-shaver, electric-shaver where to buy samsung, where to buy samsung electric-shaver, electric-shaver how to choose samsung, how to choose samsung electric-shaver, electric-shaver top samsung, top samsung electric-shaver, electric-shaver samsung guide, samsung guide electric-shaver, electric-shaver samsung for sale, samsung for sale electric-shaver, electric-shaver samsung deals, samsung deals electric-shaver, gaming samsung, samsung gaming, gaming cheap, cheap gaming, gaming best, best gaming, gaming latest, latest gaming, gaming review, review gaming, gaming price, price gaming, gaming sell, sell gaming, gaming buy, buy gaming, gaming recommendation, recommendation gaming, gaming tips, tips gaming, gaming tutorial, tutorial gaming, gaming guide, guide gaming, gaming how to, how to gaming, gaming vs, vs gaming, gaming versus, versus gaming, gaming compared to, compared to gaming, gaming comparison, comparison gaming, gaming alternatives, alternatives gaming, gaming which is better, which is better gaming, gaming expensive, expensive gaming, gaming discount, discount gaming, gaming deals, deals gaming, gaming sale, sale gaming, gaming affordable, affordable gaming, gaming cost, cost gaming, gaming online, online gaming, gaming offline, offline gaming, gaming marketplace, marketplace gaming, gaming store, store gaming, gaming shop, shop gaming, gaming retailer, retailer gaming, gaming where to buy, where to buy gaming, gaming worst, worst gaming, gaming quality, quality gaming, gaming original, original gaming, gaming genuine, genuine gaming, gaming fake, fake gaming, gaming replica, replica gaming, gaming authentic, authentic gaming, gaming brand, brand gaming, gaming manufacturer, manufacturer gaming, gaming company, company gaming, gaming product, product gaming, gaming samsung product, samsung product gaming, gaming sell samsung, sell samsung gaming, gaming buy samsung, buy samsung gaming, gaming cheap samsung, cheap samsung gaming, gaming best samsung, best samsung gaming, gaming samsung review, samsung review gaming, gaming where to buy samsung, where to buy samsung gaming, gaming how to choose samsung, how to choose samsung gaming, gaming top samsung, top samsung gaming, gaming samsung guide, samsung guide gaming, gaming samsung for sale, samsung for sale gaming, gaming samsung deals, samsung deals gaming
2026-09-02 19:35:45,724 - INFO - Expanded 220 seed keywords to 385 variations
2026-09-02 19:35:45,724 - INFO - Language: en
2026-09-02 19:35:45,724 - INFO - Region: us
2026-09-02 19:40:19,523 - INFO - 🎯 After all filtering for 'samsung': 120 relevant keywords
2026-09-02 19:40:19,769 - INFO - 🎯 Found 5 new keywords for niche 'samsung': samsung affordable electric-shaver, cheap affordable electric-shaver, best affordable electric-shaver, how to affordable electric-shaver, samsung affordable gaming
2026-09-02 19:40:36,191 - INFO - ✅ Niche 'samsung' process complete! 634 total keyword results.
2026-09-02 19:40:36,191 - INFO - ✅ Completed processing niche: 'samsung'
2026-09-02 19:40:36,192 - INFO - 🔧 Request Handler final stats - Success rate: 100.0%
2026-09-02 19:40:36,192 - INFO -    Total requests: 186715, Blocks: 1
2026-09-02 19:40:36,193 - INFO - 
========================================
2026-09-02 19:40:36,193 - INFO - Process Summary:
2026-09-02 19:40:36,193 - INFO - - Current niche: 'samsung'
2026-09-02 19:40:36,193 - INFO - - Next niche will be: 'apple'
2026-09-02 19:40:36,193 - INFO - - Keywords saved in: languages/english/keywords/samsung/
2026-09-02 19:40:36,194 - INFO - ========================================
