2026-09-18 15:44:22,118 - INFO - Log file created at: /home/runner/work/potensitech.com/potensitech.com/languages/english/keywords/logs/kw_search_20260918_154422.log
2026-09-18 15:44:22,118 - INFO - ============================================================
2026-09-18 15:44:22,118 - INFO - AUTOMATIC KEYWORD RESEARCH TOOL
2026-09-18 15:44:22,118 - INFO - ============================================================
2026-09-18 15:44:22,425 - INFO - ========================================
2026-09-18 15:44:22,426 - INFO - Found 14 niches to process: xiaomi, iphone, samsung, apple, sony, asus, philips, sandisk, intel, nvidia, amd, canon, nikon, huawei
2026-09-18 15:44:22,426 - INFO - ========================================
2026-09-18 15:44:22,426 - INFO - Continuing from last processed niche: sony
2026-09-18 15:44:22,426 - INFO - ========================================
2026-09-18 15:44:22,426 - INFO - 🎯 PROCESSING NICHE 6/14: 'asus'
2026-09-18 15:44:22,426 - INFO - ========================================
2026-09-18 15:44:22,426 - INFO - 📁 Niche directory: /home/runner/work/potensitech.com/potensitech.com/languages/english/keywords/asus
2026-09-18 15:44:22,426 - INFO - Selected region: us
2026-09-18 15:44:22,426 - INFO - Selected language: en
2026-09-18 15:44:22,426 - INFO - 🎯 Current niche: asus
2026-09-18 15:44:33,645 - INFO - 🎯 Niche terms for filtering: asus, cheap, best, latest, review, price, sell, buy, recommendation, tips, tutorial, guide, how to, vs, versus, compared to, comparison, alternatives, which is better, expensive, discount, deals, sale, affordable, cost, online, offline, marketplace, store, shop, retailer, where to buy, worst, quality, original, genuine, fake, replica, authentic, brand, manufacturer, company, product, asus product, sell asus, buy asus, cheap asus, best asus, asus review, where to buy asus, how to choose asus, top asus, asus guide, asus for sale, asus deals
2026-09-18 15:44:33,645 - INFO - Generated 50 niche-clue pairs for 'asus'.
2026-09-18 15:44:33,649 - INFO - Expanded 50 seed keywords to 218 variations
2026-09-18 15:44:33,649 - INFO - 🔧 Request Handler initialized - Success rate: 100.0%
2026-09-18 15:48:55,793 - INFO - Original clue keywords: graphics performance, autofocus system
2026-09-18 15:48:55,793 - INFO - Niche-focused seeds: graphics performance asus, asus graphics performance, graphics performance cheap, cheap graphics performance, graphics performance best, best graphics performance, graphics performance latest, latest graphics performance, graphics performance review, review graphics performance, graphics performance price, price graphics performance, graphics performance sell, sell graphics performance, graphics performance buy, buy graphics performance, graphics performance recommendation, recommendation graphics performance, graphics performance tips, tips graphics performance, graphics performance tutorial, tutorial graphics performance, graphics performance guide, guide graphics performance, graphics performance how to, how to graphics performance, graphics performance vs, vs graphics performance, graphics performance versus, versus graphics performance, graphics performance compared to, compared to graphics performance, graphics performance comparison, comparison graphics performance, graphics performance alternatives, alternatives graphics performance, graphics performance which is better, which is better graphics performance, graphics performance expensive, expensive graphics performance, graphics performance discount, discount graphics performance, graphics performance deals, deals graphics performance, graphics performance sale, sale graphics performance, graphics performance affordable, affordable graphics performance, graphics performance cost, cost graphics performance, graphics performance online, online graphics performance, graphics performance offline, offline graphics performance, graphics performance marketplace, marketplace graphics performance, graphics performance store, store graphics performance, graphics performance shop, shop graphics performance, graphics performance retailer, retailer graphics performance, graphics performance where to buy, where to buy graphics performance, graphics performance worst, worst graphics performance, graphics performance quality, quality graphics performance, graphics performance original, original graphics performance, graphics performance genuine, genuine graphics performance, graphics performance fake, fake graphics performance, graphics performance replica, replica graphics performance, graphics performance authentic, authentic graphics performance, graphics performance brand, brand graphics performance, graphics performance manufacturer, manufacturer graphics performance, graphics performance company, company graphics performance, graphics performance product, product graphics performance, graphics performance asus product, asus product graphics performance, graphics performance sell asus, sell asus graphics performance, graphics performance buy asus, buy asus graphics performance, graphics performance cheap asus, cheap asus graphics performance, graphics performance best asus, best asus graphics performance, graphics performance asus review, asus review graphics performance, graphics performance where to buy asus, where to buy asus graphics performance, graphics performance how to choose asus, how to choose asus graphics performance, graphics performance top asus, top asus graphics performance, graphics performance asus guide, asus guide graphics performance, graphics performance asus for sale, asus for sale graphics performance, graphics performance asus deals, asus deals graphics performance, autofocus system asus, asus autofocus system, autofocus system cheap, cheap autofocus system, autofocus system best, best autofocus system, autofocus system latest, latest autofocus system, autofocus system review, review autofocus system, autofocus system price, price autofocus system, autofocus system sell, sell autofocus system, autofocus system buy, buy autofocus system, autofocus system recommendation, recommendation autofocus system, autofocus system tips, tips autofocus system, autofocus system tutorial, tutorial autofocus system, autofocus system guide, guide autofocus system, autofocus system how to, how to autofocus system, autofocus system vs, vs autofocus system, autofocus system versus, versus autofocus system, autofocus system compared to, compared to autofocus system, autofocus system comparison, comparison autofocus system, autofocus system alternatives, alternatives autofocus system, autofocus system which is better, which is better autofocus system, autofocus system expensive, expensive autofocus system, autofocus system discount, discount autofocus system, autofocus system deals, deals autofocus system, autofocus system sale, sale autofocus system, autofocus system affordable, affordable autofocus system, autofocus system cost, cost autofocus system, autofocus system online, online autofocus system, autofocus system offline, offline autofocus system, autofocus system marketplace, marketplace autofocus system, autofocus system store, store autofocus system, autofocus system shop, shop autofocus system, autofocus system retailer, retailer autofocus system, autofocus system where to buy, where to buy autofocus system, autofocus system worst, worst autofocus system, autofocus system quality, quality autofocus system, autofocus system original, original autofocus system, autofocus system genuine, genuine autofocus system, autofocus system fake, fake autofocus system, autofocus system replica, replica autofocus system, autofocus system authentic, authentic autofocus system, autofocus system brand, brand autofocus system, autofocus system manufacturer, manufacturer autofocus system, autofocus system company, company autofocus system, autofocus system product, product autofocus system, autofocus system asus product, asus product autofocus system, autofocus system sell asus, sell asus autofocus system, autofocus system buy asus, buy asus autofocus system, autofocus system cheap asus, cheap asus autofocus system, autofocus system best asus, best asus autofocus system, autofocus system asus review, asus review autofocus system, autofocus system where to buy asus, where to buy asus autofocus system, autofocus system how to choose asus, how to choose asus autofocus system, autofocus system top asus, top asus autofocus system, autofocus system asus guide, asus guide autofocus system, autofocus system asus for sale, asus for sale autofocus system, autofocus system asus deals, asus deals autofocus system
2026-09-18 15:48:55,795 - INFO - Expanded 220 seed keywords to 385 variations
2026-09-18 15:48:55,796 - INFO - Language: en
2026-09-18 15:48:55,796 - INFO - Region: us
2026-09-18 15:52:17,196 - INFO - 🎯 After all filtering for 'asus': 119 relevant keywords
2026-09-18 15:52:19,654 - INFO - 🎯 Found 5 new keywords for niche 'asus': asus affordable autofocus system, asus affordable graphics performance, cheap alternatives autofocus system, best authentic autofocus system, how to autofocus system brand
2026-09-18 15:52:37,303 - INFO - ✅ Niche 'asus' process complete! 861 total keyword results.
2026-09-18 15:52:37,303 - INFO - ✅ Completed processing niche: 'asus'
2026-09-18 15:52:37,303 - INFO - 🔧 Request Handler final stats - Success rate: 100.0%
2026-09-18 15:52:37,303 - INFO -    Total requests: 200225, Blocks: 1
2026-09-18 15:52:37,304 - INFO - 
========================================
2026-09-18 15:52:37,304 - INFO - Process Summary:
2026-09-18 15:52:37,304 - INFO - - Current niche: 'asus'
2026-09-18 15:52:37,304 - INFO - - Next niche will be: 'philips'
2026-09-18 15:52:37,304 - INFO - - Keywords saved in: languages/english/keywords/asus/
2026-09-18 15:52:37,305 - INFO - ========================================
