2026-09-05 23:15:02,018 - INFO - Log file created at: /home/runner/work/potensitech.com/potensitech.com/languages/english/keywords/logs/kw_search_20260905_231502.log
2026-09-05 23:15:02,018 - INFO - ============================================================
2026-09-05 23:15:02,018 - INFO - AUTOMATIC KEYWORD RESEARCH TOOL
2026-09-05 23:15:02,018 - INFO - ============================================================
2026-09-05 23:15:02,245 - INFO - ========================================
2026-09-05 23:15:02,245 - INFO - Found 14 niches to process: xiaomi, iphone, samsung, apple, sony, asus, philips, sandisk, intel, nvidia, amd, canon, nikon, huawei
2026-09-05 23:15:02,245 - INFO - ========================================
2026-09-05 23:15:02,245 - INFO - Continuing from last processed niche: sony
2026-09-05 23:15:02,245 - INFO - ========================================
2026-09-05 23:15:02,245 - INFO - 🎯 PROCESSING NICHE 6/14: 'asus'
2026-09-05 23:15:02,245 - INFO - ========================================
2026-09-05 23:15:02,245 - INFO - 📁 Niche directory: /home/runner/work/potensitech.com/potensitech.com/languages/english/keywords/asus
2026-09-05 23:15:02,245 - INFO - Selected region: us
2026-09-05 23:15:02,245 - INFO - Selected language: en
2026-09-05 23:15:02,245 - INFO - 🎯 Current niche: asus
2026-09-05 23:15:13,580 - INFO - 🎯 Niche terms for filtering: asus, cheap, best, latest, review, price, sell, buy, recommendation, tips, tutorial, guide, how to, vs, versus, compared to, comparison, alternatives, which is better, expensive, discount, deals, sale, affordable, cost, online, offline, marketplace, store, shop, retailer, where to buy, worst, quality, original, genuine, fake, replica, authentic, brand, manufacturer, company, product, asus product, sell asus, buy asus, cheap asus, best asus, asus review, where to buy asus, how to choose asus, top asus, asus guide, asus for sale, asus deals
2026-09-05 23:15:13,580 - INFO - Generated 50 niche-clue pairs for 'asus'.
2026-09-05 23:15:13,582 - INFO - Expanded 50 seed keywords to 218 variations
2026-09-05 23:15:13,583 - INFO - 🔧 Request Handler initialized - Success rate: 100.0%
2026-09-05 23:19:38,242 - INFO - Original clue keywords: durability, mirrorless innovation
2026-09-05 23:19:38,242 - INFO - Niche-focused seeds: durability asus, asus durability, durability cheap, cheap durability, durability best, best durability, durability latest, latest durability, durability review, review durability, durability price, price durability, durability sell, sell durability, durability buy, buy durability, durability recommendation, recommendation durability, durability tips, tips durability, durability tutorial, tutorial durability, durability guide, guide durability, durability how to, how to durability, durability vs, vs durability, durability versus, versus durability, durability compared to, compared to durability, durability comparison, comparison durability, durability alternatives, alternatives durability, durability which is better, which is better durability, durability expensive, expensive durability, durability discount, discount durability, durability deals, deals durability, durability sale, sale durability, durability affordable, affordable durability, durability cost, cost durability, durability online, online durability, durability offline, offline durability, durability marketplace, marketplace durability, durability store, store durability, durability shop, shop durability, durability retailer, retailer durability, durability where to buy, where to buy durability, durability worst, worst durability, durability quality, quality durability, durability original, original durability, durability genuine, genuine durability, durability fake, fake durability, durability replica, replica durability, durability authentic, authentic durability, durability brand, brand durability, durability manufacturer, manufacturer durability, durability company, company durability, durability product, product durability, durability asus product, asus product durability, durability sell asus, sell asus durability, durability buy asus, buy asus durability, durability cheap asus, cheap asus durability, durability best asus, best asus durability, durability asus review, asus review durability, durability where to buy asus, where to buy asus durability, durability how to choose asus, how to choose asus durability, durability top asus, top asus durability, durability asus guide, asus guide durability, durability asus for sale, asus for sale durability, durability asus deals, asus deals durability, mirrorless innovation asus, asus mirrorless innovation, mirrorless innovation cheap, cheap mirrorless innovation, mirrorless innovation best, best mirrorless innovation, mirrorless innovation latest, latest mirrorless innovation, mirrorless innovation review, review mirrorless innovation, mirrorless innovation price, price mirrorless innovation, mirrorless innovation sell, sell mirrorless innovation, mirrorless innovation buy, buy mirrorless innovation, mirrorless innovation recommendation, recommendation mirrorless innovation, mirrorless innovation tips, tips mirrorless innovation, mirrorless innovation tutorial, tutorial mirrorless innovation, mirrorless innovation guide, guide mirrorless innovation, mirrorless innovation how to, how to mirrorless innovation, mirrorless innovation vs, vs mirrorless innovation, mirrorless innovation versus, versus mirrorless innovation, mirrorless innovation compared to, compared to mirrorless innovation, mirrorless innovation comparison, comparison mirrorless innovation, mirrorless innovation alternatives, alternatives mirrorless innovation, mirrorless innovation which is better, which is better mirrorless innovation, mirrorless innovation expensive, expensive mirrorless innovation, mirrorless innovation discount, discount mirrorless innovation, mirrorless innovation deals, deals mirrorless innovation, mirrorless innovation sale, sale mirrorless innovation, mirrorless innovation affordable, affordable mirrorless innovation, mirrorless innovation cost, cost mirrorless innovation, mirrorless innovation online, online mirrorless innovation, mirrorless innovation offline, offline mirrorless innovation, mirrorless innovation marketplace, marketplace mirrorless innovation, mirrorless innovation store, store mirrorless innovation, mirrorless innovation shop, shop mirrorless innovation, mirrorless innovation retailer, retailer mirrorless innovation, mirrorless innovation where to buy, where to buy mirrorless innovation, mirrorless innovation worst, worst mirrorless innovation, mirrorless innovation quality, quality mirrorless innovation, mirrorless innovation original, original mirrorless innovation, mirrorless innovation genuine, genuine mirrorless innovation, mirrorless innovation fake, fake mirrorless innovation, mirrorless innovation replica, replica mirrorless innovation, mirrorless innovation authentic, authentic mirrorless innovation, mirrorless innovation brand, brand mirrorless innovation, mirrorless innovation manufacturer, manufacturer mirrorless innovation, mirrorless innovation company, company mirrorless innovation, mirrorless innovation product, product mirrorless innovation, mirrorless innovation asus product, asus product mirrorless innovation, mirrorless innovation sell asus, sell asus mirrorless innovation, mirrorless innovation buy asus, buy asus mirrorless innovation, mirrorless innovation cheap asus, cheap asus mirrorless innovation, mirrorless innovation best asus, best asus mirrorless innovation, mirrorless innovation asus review, asus review mirrorless innovation, mirrorless innovation where to buy asus, where to buy asus mirrorless innovation, mirrorless innovation how to choose asus, how to choose asus mirrorless innovation, mirrorless innovation top asus, top asus mirrorless innovation, mirrorless innovation asus guide, asus guide mirrorless innovation, mirrorless innovation asus for sale, asus for sale mirrorless innovation, mirrorless innovation asus deals, asus deals mirrorless innovation
2026-09-05 23:19:38,244 - INFO - Expanded 220 seed keywords to 385 variations
2026-09-05 23:19:38,244 - INFO - Language: en
2026-09-05 23:19:38,244 - INFO - Region: us
2026-09-05 23:21:59,805 - INFO - 🎯 After all filtering for 'asus': 120 relevant keywords
2026-09-05 23:22:00,227 - INFO - 🎯 Found 5 new keywords for niche 'asus': asus affordable durability, affordable durability cheap, asus alternatives durability, cheap alternatives durability, best alternatives durability
2026-09-05 23:22:16,432 - INFO - ✅ Niche 'asus' process complete! 844 total keyword results.
2026-09-05 23:22:16,432 - INFO - ✅ Completed processing niche: 'asus'
2026-09-05 23:22:16,432 - INFO - 🔧 Request Handler final stats - Success rate: 100.0%
2026-09-05 23:22:16,432 - INFO -    Total requests: 189318, Blocks: 1
2026-09-05 23:22:16,433 - INFO - 
========================================
2026-09-05 23:22:16,433 - INFO - Process Summary:
2026-09-05 23:22:16,434 - INFO - - Current niche: 'asus'
2026-09-05 23:22:16,434 - INFO - - Next niche will be: 'philips'
2026-09-05 23:22:16,434 - INFO - - Keywords saved in: languages/english/keywords/asus/
2026-09-05 23:22:16,435 - INFO - ========================================
