2026-10-07 05:40:06,294 - INFO - Log file created at: /home/runner/work/potensitech.com/potensitech.com/languages/english/keywords/logs/kw_search_20261007_054006.log
2026-10-07 05:40:06,294 - INFO - ============================================================
2026-10-07 05:40:06,294 - INFO - AUTOMATIC KEYWORD RESEARCH TOOL
2026-10-07 05:40:06,294 - INFO - ============================================================
2026-10-07 05:40:06,735 - INFO - ========================================
2026-10-07 05:40:06,735 - INFO - Found 14 niches to process: xiaomi, iphone, samsung, apple, sony, asus, philips, sandisk, intel, nvidia, amd, canon, nikon, huawei
2026-10-07 05:40:06,735 - INFO - ========================================
2026-10-07 05:40:06,735 - INFO - Continuing from last processed niche: sandisk
2026-10-07 05:40:06,735 - INFO - ========================================
2026-10-07 05:40:06,735 - INFO - 🎯 PROCESSING NICHE 9/14: 'intel'
2026-10-07 05:40:06,735 - INFO - ========================================
2026-10-07 05:40:06,735 - INFO - 📁 Niche directory: /home/runner/work/potensitech.com/potensitech.com/languages/english/keywords/intel
2026-10-07 05:40:06,736 - INFO - Selected region: us
2026-10-07 05:40:06,736 - INFO - Selected language: en
2026-10-07 05:40:06,736 - INFO - 🎯 Current niche: intel
2026-10-07 05:40:17,666 - INFO - 🎯 Niche terms for filtering: intel, cheap, best, latest, review, price, sell, buy, recommendation, tips, tutorial, guide, how to, vs, versus, compared to, comparison, alternatives, which is better, expensive, discount, deals, sale, affordable, cost, online, offline, marketplace, store, shop, retailer, where to buy, worst, quality, original, genuine, fake, replica, authentic, brand, manufacturer, company, product, intel product, sell intel, buy intel, cheap intel, best intel, intel review, where to buy intel, how to choose intel, top intel, intel guide, intel for sale, intel deals
2026-10-07 05:40:17,667 - INFO - Generated 50 niche-clue pairs for 'intel'.
2026-10-07 05:40:17,670 - INFO - Expanded 50 seed keywords to 218 variations
2026-10-07 05:40:17,671 - INFO - 🔧 Request Handler initialized - Success rate: 100.0%
2026-10-07 05:44:40,972 - INFO - Original clue keywords: fast charging, autofocus precision
2026-10-07 05:44:40,972 - INFO - Niche-focused seeds: fast charging intel, intel fast charging, fast charging cheap, cheap fast charging, fast charging best, best fast charging, fast charging latest, latest fast charging, fast charging review, review fast charging, fast charging price, price fast charging, fast charging sell, sell fast charging, fast charging buy, buy fast charging, fast charging recommendation, recommendation fast charging, fast charging tips, tips fast charging, fast charging tutorial, tutorial fast charging, fast charging guide, guide fast charging, fast charging how to, how to fast charging, fast charging vs, vs fast charging, fast charging versus, versus fast charging, fast charging compared to, compared to fast charging, fast charging comparison, comparison fast charging, fast charging alternatives, alternatives fast charging, fast charging which is better, which is better fast charging, fast charging expensive, expensive fast charging, fast charging discount, discount fast charging, fast charging deals, deals fast charging, fast charging sale, sale fast charging, fast charging affordable, affordable fast charging, fast charging cost, cost fast charging, fast charging online, online fast charging, fast charging offline, offline fast charging, fast charging marketplace, marketplace fast charging, fast charging store, store fast charging, fast charging shop, shop fast charging, fast charging retailer, retailer fast charging, fast charging where to buy, where to buy fast charging, fast charging worst, worst fast charging, fast charging quality, quality fast charging, fast charging original, original fast charging, fast charging genuine, genuine fast charging, fast charging fake, fake fast charging, fast charging replica, replica fast charging, fast charging authentic, authentic fast charging, fast charging brand, brand fast charging, fast charging manufacturer, manufacturer fast charging, fast charging company, company fast charging, fast charging product, product fast charging, fast charging intel product, intel product fast charging, fast charging sell intel, sell intel fast charging, fast charging buy intel, buy intel fast charging, fast charging cheap intel, cheap intel fast charging, fast charging best intel, best intel fast charging, fast charging intel review, intel review fast charging, fast charging where to buy intel, where to buy intel fast charging, fast charging how to choose intel, how to choose intel fast charging, fast charging top intel, top intel fast charging, fast charging intel guide, intel guide fast charging, fast charging intel for sale, intel for sale fast charging, fast charging intel deals, intel deals fast charging, autofocus precision intel, intel autofocus precision, autofocus precision cheap, cheap autofocus precision, autofocus precision best, best autofocus precision, autofocus precision latest, latest autofocus precision, autofocus precision review, review autofocus precision, autofocus precision price, price autofocus precision, autofocus precision sell, sell autofocus precision, autofocus precision buy, buy autofocus precision, autofocus precision recommendation, recommendation autofocus precision, autofocus precision tips, tips autofocus precision, autofocus precision tutorial, tutorial autofocus precision, autofocus precision guide, guide autofocus precision, autofocus precision how to, how to autofocus precision, autofocus precision vs, vs autofocus precision, autofocus precision versus, versus autofocus precision, autofocus precision compared to, compared to autofocus precision, autofocus precision comparison, comparison autofocus precision, autofocus precision alternatives, alternatives autofocus precision, autofocus precision which is better, which is better autofocus precision, autofocus precision expensive, expensive autofocus precision, autofocus precision discount, discount autofocus precision, autofocus precision deals, deals autofocus precision, autofocus precision sale, sale autofocus precision, autofocus precision affordable, affordable autofocus precision, autofocus precision cost, cost autofocus precision, autofocus precision online, online autofocus precision, autofocus precision offline, offline autofocus precision, autofocus precision marketplace, marketplace autofocus precision, autofocus precision store, store autofocus precision, autofocus precision shop, shop autofocus precision, autofocus precision retailer, retailer autofocus precision, autofocus precision where to buy, where to buy autofocus precision, autofocus precision worst, worst autofocus precision, autofocus precision quality, quality autofocus precision, autofocus precision original, original autofocus precision, autofocus precision genuine, genuine autofocus precision, autofocus precision fake, fake autofocus precision, autofocus precision replica, replica autofocus precision, autofocus precision authentic, authentic autofocus precision, autofocus precision brand, brand autofocus precision, autofocus precision manufacturer, manufacturer autofocus precision, autofocus precision company, company autofocus precision, autofocus precision product, product autofocus precision, autofocus precision intel product, intel product autofocus precision, autofocus precision sell intel, sell intel autofocus precision, autofocus precision buy intel, buy intel autofocus precision, autofocus precision cheap intel, cheap intel autofocus precision, autofocus precision best intel, best intel autofocus precision, autofocus precision intel review, intel review autofocus precision, autofocus precision where to buy intel, where to buy intel autofocus precision, autofocus precision how to choose intel, how to choose intel autofocus precision, autofocus precision top intel, top intel autofocus precision, autofocus precision intel guide, intel guide autofocus precision, autofocus precision intel for sale, intel for sale autofocus precision, autofocus precision intel deals, intel deals autofocus precision
2026-10-07 05:44:40,976 - INFO - Expanded 220 seed keywords to 385 variations
2026-10-07 05:44:40,976 - INFO - Language: en
2026-10-07 05:44:40,976 - INFO - Region: us
2026-10-07 05:48:17,320 - INFO - 🎯 After all filtering for 'intel': 120 relevant keywords
2026-10-07 05:48:22,084 - INFO - 🎯 Found 4 new keywords for niche 'intel': intel affordable autofocus precision, intel affordable fast charging, cheap alternatives autofocus precision, best authentic autofocus precision
2026-10-07 05:48:37,843 - INFO - ✅ Niche 'intel' process complete! 1063 total keyword results.
2026-10-07 05:48:37,843 - INFO - ✅ Completed processing niche: 'intel'
2026-10-07 05:48:37,844 - INFO - 🔧 Request Handler final stats - Success rate: 100.0%
2026-10-07 05:48:37,844 - INFO -    Total requests: 216396, Blocks: 1
2026-10-07 05:48:37,845 - INFO - 
========================================
2026-10-07 05:48:37,845 - INFO - Process Summary:
2026-10-07 05:48:37,845 - INFO - - Current niche: 'intel'
2026-10-07 05:48:37,845 - INFO - - Next niche will be: 'nvidia'
2026-10-07 05:48:37,845 - INFO - - Keywords saved in: languages/english/keywords/intel/
2026-10-07 05:48:37,846 - INFO - ========================================
