2026-09-16 04:36:04,631 - INFO - Log file created at: /home/runner/work/potensitech.com/potensitech.com/languages/english/keywords/logs/kw_search_20260916_043604.log
2026-09-16 04:36:04,631 - INFO - ============================================================
2026-09-16 04:36:04,631 - INFO - AUTOMATIC KEYWORD RESEARCH TOOL
2026-09-16 04:36:04,631 - INFO - ============================================================
2026-09-16 04:36:05,027 - INFO - ========================================
2026-09-16 04:36:05,027 - INFO - Found 14 niches to process: xiaomi, iphone, samsung, apple, sony, asus, philips, sandisk, intel, nvidia, amd, canon, nikon, huawei
2026-09-16 04:36:05,027 - INFO - ========================================
2026-09-16 04:36:05,027 - INFO - Continuing from last processed niche: sandisk
2026-09-16 04:36:05,027 - INFO - ========================================
2026-09-16 04:36:05,027 - INFO - 🎯 PROCESSING NICHE 9/14: 'intel'
2026-09-16 04:36:05,027 - INFO - ========================================
2026-09-16 04:36:05,027 - INFO - 📁 Niche directory: /home/runner/work/potensitech.com/potensitech.com/languages/english/keywords/intel
2026-09-16 04:36:05,028 - INFO - Selected region: us
2026-09-16 04:36:05,028 - INFO - Selected language: en
2026-09-16 04:36:05,028 - INFO - 🎯 Current niche: intel
2026-09-16 04:36:16,384 - INFO - 🎯 Niche terms for filtering: intel, cheap, best, latest, review, price, sell, buy, recommendation, tips, tutorial, guide, how to, vs, versus, compared to, comparison, alternatives, which is better, expensive, discount, deals, sale, affordable, cost, online, offline, marketplace, store, shop, retailer, where to buy, worst, quality, original, genuine, fake, replica, authentic, brand, manufacturer, company, product, intel product, sell intel, buy intel, cheap intel, best intel, intel review, where to buy intel, how to choose intel, top intel, intel guide, intel for sale, intel deals
2026-09-16 04:36:16,384 - INFO - Generated 50 niche-clue pairs for 'intel'.
2026-09-16 04:36:16,388 - INFO - Expanded 50 seed keywords to 218 variations
2026-09-16 04:36:16,388 - INFO - 🔧 Request Handler initialized - Success rate: 100.0%
2026-09-16 04:40:39,986 - INFO - Original clue keywords: audio systems, smart lighting
2026-09-16 04:40:39,986 - INFO - Niche-focused seeds: audio systems intel, intel audio systems, audio systems cheap, cheap audio systems, audio systems best, best audio systems, audio systems latest, latest audio systems, audio systems review, review audio systems, audio systems price, price audio systems, audio systems sell, sell audio systems, audio systems buy, buy audio systems, audio systems recommendation, recommendation audio systems, audio systems tips, tips audio systems, audio systems tutorial, tutorial audio systems, audio systems guide, guide audio systems, audio systems how to, how to audio systems, audio systems vs, vs audio systems, audio systems versus, versus audio systems, audio systems compared to, compared to audio systems, audio systems comparison, comparison audio systems, audio systems alternatives, alternatives audio systems, audio systems which is better, which is better audio systems, audio systems expensive, expensive audio systems, audio systems discount, discount audio systems, audio systems deals, deals audio systems, audio systems sale, sale audio systems, audio systems affordable, affordable audio systems, audio systems cost, cost audio systems, audio systems online, online audio systems, audio systems offline, offline audio systems, audio systems marketplace, marketplace audio systems, audio systems store, store audio systems, audio systems shop, shop audio systems, audio systems retailer, retailer audio systems, audio systems where to buy, where to buy audio systems, audio systems worst, worst audio systems, audio systems quality, quality audio systems, audio systems original, original audio systems, audio systems genuine, genuine audio systems, audio systems fake, fake audio systems, audio systems replica, replica audio systems, audio systems authentic, authentic audio systems, audio systems brand, brand audio systems, audio systems manufacturer, manufacturer audio systems, audio systems company, company audio systems, audio systems product, product audio systems, audio systems intel product, intel product audio systems, audio systems sell intel, sell intel audio systems, audio systems buy intel, buy intel audio systems, audio systems cheap intel, cheap intel audio systems, audio systems best intel, best intel audio systems, audio systems intel review, intel review audio systems, audio systems where to buy intel, where to buy intel audio systems, audio systems how to choose intel, how to choose intel audio systems, audio systems top intel, top intel audio systems, audio systems intel guide, intel guide audio systems, audio systems intel for sale, intel for sale audio systems, audio systems intel deals, intel deals audio systems, smart lighting intel, intel smart lighting, smart lighting cheap, cheap smart lighting, smart lighting best, best smart lighting, smart lighting latest, latest smart lighting, smart lighting review, review smart lighting, smart lighting price, price smart lighting, smart lighting sell, sell smart lighting, smart lighting buy, buy smart lighting, smart lighting recommendation, recommendation smart lighting, smart lighting tips, tips smart lighting, smart lighting tutorial, tutorial smart lighting, smart lighting guide, guide smart lighting, smart lighting how to, how to smart lighting, smart lighting vs, vs smart lighting, smart lighting versus, versus smart lighting, smart lighting compared to, compared to smart lighting, smart lighting comparison, comparison smart lighting, smart lighting alternatives, alternatives smart lighting, smart lighting which is better, which is better smart lighting, smart lighting expensive, expensive smart lighting, smart lighting discount, discount smart lighting, smart lighting deals, deals smart lighting, smart lighting sale, sale smart lighting, smart lighting affordable, affordable smart lighting, smart lighting cost, cost smart lighting, smart lighting online, online smart lighting, smart lighting offline, offline smart lighting, smart lighting marketplace, marketplace smart lighting, smart lighting store, store smart lighting, smart lighting shop, shop smart lighting, smart lighting retailer, retailer smart lighting, smart lighting where to buy, where to buy smart lighting, smart lighting worst, worst smart lighting, smart lighting quality, quality smart lighting, smart lighting original, original smart lighting, smart lighting genuine, genuine smart lighting, smart lighting fake, fake smart lighting, smart lighting replica, replica smart lighting, smart lighting authentic, authentic smart lighting, smart lighting brand, brand smart lighting, smart lighting manufacturer, manufacturer smart lighting, smart lighting company, company smart lighting, smart lighting product, product smart lighting, smart lighting intel product, intel product smart lighting, smart lighting sell intel, sell intel smart lighting, smart lighting buy intel, buy intel smart lighting, smart lighting cheap intel, cheap intel smart lighting, smart lighting best intel, best intel smart lighting, smart lighting intel review, intel review smart lighting, smart lighting where to buy intel, where to buy intel smart lighting, smart lighting how to choose intel, how to choose intel smart lighting, smart lighting top intel, top intel smart lighting, smart lighting intel guide, intel guide smart lighting, smart lighting intel for sale, intel for sale smart lighting, smart lighting intel deals, intel deals smart lighting
2026-09-16 04:40:39,989 - INFO - Expanded 220 seed keywords to 385 variations
2026-09-16 04:40:39,989 - INFO - Language: en
2026-09-16 04:40:39,989 - INFO - Region: us
2026-09-16 04:45:12,915 - INFO - 🎯 After all filtering for 'intel': 120 relevant keywords
2026-09-16 04:45:15,278 - INFO - 🎯 Found 5 new keywords for niche 'intel': intel affordable audio systems, intel affordable smart lighting, cheap alternatives audio systems, alternatives smart lighting cheap, best audio systems authentic
2026-09-16 04:45:31,119 - INFO - ✅ Niche 'intel' process complete! 1034 total keyword results.
2026-09-16 04:45:31,120 - INFO - ✅ Completed processing niche: 'intel'
2026-09-16 04:45:31,120 - INFO - 🔧 Request Handler final stats - Success rate: 100.0%
2026-09-16 04:45:31,120 - INFO -    Total requests: 197983, Blocks: 1
2026-09-16 04:45:31,121 - INFO - 
========================================
2026-09-16 04:45:31,121 - INFO - Process Summary:
2026-09-16 04:45:31,121 - INFO - - Current niche: 'intel'
2026-09-16 04:45:31,121 - INFO - - Next niche will be: 'nvidia'
2026-09-16 04:45:31,121 - INFO - - Keywords saved in: languages/english/keywords/intel/
2026-09-16 04:45:31,122 - INFO - ========================================
