2026-08-29 23:34:53,535 - INFO - Log file created at: /home/runner/work/potensitech.com/potensitech.com/languages/english/keywords/logs/kw_search_20260829_233453.log
2026-08-29 23:34:53,535 - INFO - ============================================================
2026-08-29 23:34:53,536 - INFO - AUTOMATIC KEYWORD RESEARCH TOOL
2026-08-29 23:34:53,536 - INFO - ============================================================
2026-08-29 23:34:53,860 - INFO - ========================================
2026-08-29 23:34:53,860 - INFO - Found 14 niches to process: xiaomi, iphone, samsung, apple, sony, asus, philips, sandisk, intel, nvidia, amd, canon, nikon, huawei
2026-08-29 23:34:53,860 - INFO - ========================================
2026-08-29 23:34:53,860 - INFO - Continuing from last processed niche: asus
2026-08-29 23:34:53,861 - INFO - ========================================
2026-08-29 23:34:53,861 - INFO - 🎯 PROCESSING NICHE 7/14: 'philips'
2026-08-29 23:34:53,861 - INFO - ========================================
2026-08-29 23:34:53,861 - INFO - 📁 Niche directory: /home/runner/work/potensitech.com/potensitech.com/languages/english/keywords/philips
2026-08-29 23:34:53,861 - INFO - Selected region: us
2026-08-29 23:34:53,861 - INFO - Selected language: en
2026-08-29 23:34:53,861 - INFO - 🎯 Current niche: philips
2026-08-29 23:35:04,846 - INFO - 🎯 Niche terms for filtering: philips, cheap, best, latest, review, price, sell, buy, recommendation, tips, tutorial, guide, how to, vs, versus, compared to, comparison, alternatives, which is better, expensive, discount, deals, sale, affordable, cost, online, offline, marketplace, store, shop, retailer, where to buy, worst, quality, original, genuine, fake, replica, authentic, brand, manufacturer, company, product, philips product, sell philips, buy philips, cheap philips, best philips, philips review, where to buy philips, how to choose philips, top philips, philips guide, philips for sale, philips deals
2026-08-29 23:35:04,847 - INFO - Generated 50 niche-clue pairs for 'philips'.
2026-08-29 23:35:04,849 - INFO - Expanded 50 seed keywords to 218 variations
2026-08-29 23:35:04,850 - INFO - 🔧 Request Handler initialized - Success rate: 100.0%
2026-08-29 23:39:30,157 - INFO - Original clue keywords: ai rendering, smart-lighting
2026-08-29 23:39:30,158 - INFO - Niche-focused seeds: ai rendering philips, philips ai rendering, ai rendering cheap, cheap ai rendering, ai rendering best, best ai rendering, ai rendering latest, latest ai rendering, ai rendering review, review ai rendering, ai rendering price, price ai rendering, ai rendering sell, sell ai rendering, ai rendering buy, buy ai rendering, ai rendering recommendation, recommendation ai rendering, ai rendering tips, tips ai rendering, ai rendering tutorial, tutorial ai rendering, ai rendering guide, guide ai rendering, ai rendering how to, how to ai rendering, ai rendering vs, vs ai rendering, ai rendering versus, versus ai rendering, ai rendering compared to, compared to ai rendering, ai rendering comparison, comparison ai rendering, ai rendering alternatives, alternatives ai rendering, ai rendering which is better, which is better ai rendering, ai rendering expensive, expensive ai rendering, ai rendering discount, discount ai rendering, ai rendering deals, deals ai rendering, ai rendering sale, sale ai rendering, ai rendering affordable, affordable ai rendering, ai rendering cost, cost ai rendering, ai rendering online, online ai rendering, ai rendering offline, offline ai rendering, ai rendering marketplace, marketplace ai rendering, ai rendering store, store ai rendering, ai rendering shop, shop ai rendering, ai rendering retailer, retailer ai rendering, ai rendering where to buy, where to buy ai rendering, ai rendering worst, worst ai rendering, ai rendering quality, quality ai rendering, ai rendering original, original ai rendering, ai rendering genuine, genuine ai rendering, ai rendering fake, fake ai rendering, ai rendering replica, replica ai rendering, ai rendering authentic, authentic ai rendering, ai rendering brand, brand ai rendering, ai rendering manufacturer, manufacturer ai rendering, ai rendering company, company ai rendering, ai rendering product, product ai rendering, ai rendering philips product, philips product ai rendering, ai rendering sell philips, sell philips ai rendering, ai rendering buy philips, buy philips ai rendering, ai rendering cheap philips, cheap philips ai rendering, ai rendering best philips, best philips ai rendering, ai rendering philips review, philips review ai rendering, ai rendering where to buy philips, where to buy philips ai rendering, ai rendering how to choose philips, how to choose philips ai rendering, ai rendering top philips, top philips ai rendering, ai rendering philips guide, philips guide ai rendering, ai rendering philips for sale, philips for sale ai rendering, ai rendering philips deals, philips deals ai rendering, smart-lighting philips, philips smart-lighting, smart-lighting cheap, cheap smart-lighting, smart-lighting best, best smart-lighting, smart-lighting latest, latest smart-lighting, smart-lighting review, review smart-lighting, smart-lighting price, price smart-lighting, smart-lighting sell, sell smart-lighting, smart-lighting buy, buy smart-lighting, smart-lighting recommendation, recommendation smart-lighting, smart-lighting tips, tips smart-lighting, smart-lighting tutorial, tutorial smart-lighting, smart-lighting guide, guide smart-lighting, smart-lighting how to, how to smart-lighting, smart-lighting vs, vs smart-lighting, smart-lighting versus, versus smart-lighting, smart-lighting compared to, compared to smart-lighting, smart-lighting comparison, comparison smart-lighting, smart-lighting alternatives, alternatives smart-lighting, smart-lighting which is better, which is better smart-lighting, smart-lighting expensive, expensive smart-lighting, smart-lighting discount, discount smart-lighting, smart-lighting deals, deals smart-lighting, smart-lighting sale, sale smart-lighting, smart-lighting affordable, affordable smart-lighting, smart-lighting cost, cost smart-lighting, smart-lighting online, online smart-lighting, smart-lighting offline, offline smart-lighting, smart-lighting marketplace, marketplace smart-lighting, smart-lighting store, store smart-lighting, smart-lighting shop, shop smart-lighting, smart-lighting retailer, retailer smart-lighting, smart-lighting where to buy, where to buy smart-lighting, smart-lighting worst, worst smart-lighting, smart-lighting quality, quality smart-lighting, smart-lighting original, original smart-lighting, smart-lighting genuine, genuine smart-lighting, smart-lighting fake, fake smart-lighting, smart-lighting replica, replica smart-lighting, smart-lighting authentic, authentic smart-lighting, smart-lighting brand, brand smart-lighting, smart-lighting manufacturer, manufacturer smart-lighting, smart-lighting company, company smart-lighting, smart-lighting product, product smart-lighting, smart-lighting philips product, philips product smart-lighting, smart-lighting sell philips, sell philips smart-lighting, smart-lighting buy philips, buy philips smart-lighting, smart-lighting cheap philips, cheap philips smart-lighting, smart-lighting best philips, best philips smart-lighting, smart-lighting philips review, philips review smart-lighting, smart-lighting where to buy philips, where to buy philips smart-lighting, smart-lighting how to choose philips, how to choose philips smart-lighting, smart-lighting top philips, top philips smart-lighting, smart-lighting philips guide, philips guide smart-lighting, smart-lighting philips for sale, philips for sale smart-lighting, smart-lighting philips deals, philips deals smart-lighting
2026-08-29 23:39:30,161 - INFO - Expanded 220 seed keywords to 385 variations
2026-08-29 23:39:30,161 - INFO - Language: en
2026-08-29 23:39:30,161 - INFO - Region: us
2026-08-29 23:42:06,900 - INFO - 🎯 After all filtering for 'philips': 120 relevant keywords
2026-08-29 23:42:07,132 - INFO - 🎯 Found 5 new keywords for niche 'philips': philips affordable smart-lighting, cheap affordable smart-lighting, best affordable smart-lighting, how to affordable smart-lighting, philips alternatives smart-lighting
2026-08-29 23:42:23,007 - INFO - ✅ Niche 'philips' process complete! 711 total keyword results.
2026-08-29 23:42:23,007 - INFO - ✅ Completed processing niche: 'philips'
2026-08-29 23:42:23,007 - INFO - 🔧 Request Handler final stats - Success rate: 100.0%
2026-08-29 23:42:23,007 - INFO -    Total requests: 183546, Blocks: 1
2026-08-29 23:42:23,008 - INFO - 
========================================
2026-08-29 23:42:23,008 - INFO - Process Summary:
2026-08-29 23:42:23,008 - INFO - - Current niche: 'philips'
2026-08-29 23:42:23,009 - INFO - - Next niche will be: 'sandisk'
2026-08-29 23:42:23,009 - INFO - - Keywords saved in: languages/english/keywords/philips/
2026-08-29 23:42:23,009 - INFO - ========================================
