2026-09-29 14:05:00,356 - INFO - Log file created at: /home/runner/work/potensitech.com/potensitech.com/languages/english/keywords/logs/kw_search_20260929_140500.log
2026-09-29 14:05:00,356 - INFO - ============================================================
2026-09-29 14:05:00,356 - INFO - AUTOMATIC KEYWORD RESEARCH TOOL
2026-09-29 14:05:00,356 - INFO - ============================================================
2026-09-29 14:05:00,786 - INFO - ========================================
2026-09-29 14:05:00,786 - INFO - Found 14 niches to process: xiaomi, iphone, samsung, apple, sony, asus, philips, sandisk, intel, nvidia, amd, canon, nikon, huawei
2026-09-29 14:05:00,786 - INFO - ========================================
2026-09-29 14:05:00,786 - INFO - Continuing from last processed niche: xiaomi
2026-09-29 14:05:00,786 - INFO - ========================================
2026-09-29 14:05:00,786 - INFO - 🎯 PROCESSING NICHE 2/14: 'iphone'
2026-09-29 14:05:00,787 - INFO - ========================================
2026-09-29 14:05:00,787 - INFO - 📁 Niche directory: /home/runner/work/potensitech.com/potensitech.com/languages/english/keywords/iphone
2026-09-29 14:05:00,787 - INFO - Selected region: us
2026-09-29 14:05:00,787 - INFO - Selected language: en
2026-09-29 14:05:00,787 - INFO - 🎯 Current niche: iphone
2026-09-29 14:05:11,468 - INFO - 🎯 Niche terms for filtering: iphone, cheap, best, latest, review, price, sell, buy, recommendation, tips, tutorial, guide, how to, vs, versus, compared to, comparison, alternatives, which is better, expensive, discount, deals, sale, affordable, cost, online, offline, marketplace, store, shop, retailer, where to buy, worst, quality, original, genuine, fake, replica, authentic, brand, manufacturer, company, product, iphone product, sell iphone, buy iphone, cheap iphone, best iphone, iphone review, where to buy iphone, how to choose iphone, top iphone, iphone guide, iphone for sale, iphone deals
2026-09-29 14:05:11,468 - INFO - Generated 50 niche-clue pairs for 'iphone'.
2026-09-29 14:05:11,471 - INFO - Expanded 50 seed keywords to 218 variations
2026-09-29 14:05:11,472 - INFO - 🔧 Request Handler initialized - Success rate: 100.0%
2026-09-29 14:09:34,217 - INFO - Original clue keywords: smartphone battery, smartphone display
2026-09-29 14:09:34,217 - INFO - Niche-focused seeds: smartphone battery iphone, iphone smartphone battery, smartphone battery cheap, cheap smartphone battery, smartphone battery best, best smartphone battery, smartphone battery latest, latest smartphone battery, smartphone battery review, review smartphone battery, smartphone battery price, price smartphone battery, smartphone battery sell, sell smartphone battery, smartphone battery buy, buy smartphone battery, smartphone battery recommendation, recommendation smartphone battery, smartphone battery tips, tips smartphone battery, smartphone battery tutorial, tutorial smartphone battery, smartphone battery guide, guide smartphone battery, smartphone battery how to, how to smartphone battery, smartphone battery vs, vs smartphone battery, smartphone battery versus, versus smartphone battery, smartphone battery compared to, compared to smartphone battery, smartphone battery comparison, comparison smartphone battery, smartphone battery alternatives, alternatives smartphone battery, smartphone battery which is better, which is better smartphone battery, smartphone battery expensive, expensive smartphone battery, smartphone battery discount, discount smartphone battery, smartphone battery deals, deals smartphone battery, smartphone battery sale, sale smartphone battery, smartphone battery affordable, affordable smartphone battery, smartphone battery cost, cost smartphone battery, smartphone battery online, online smartphone battery, smartphone battery offline, offline smartphone battery, smartphone battery marketplace, marketplace smartphone battery, smartphone battery store, store smartphone battery, smartphone battery shop, shop smartphone battery, smartphone battery retailer, retailer smartphone battery, smartphone battery where to buy, where to buy smartphone battery, smartphone battery worst, worst smartphone battery, smartphone battery quality, quality smartphone battery, smartphone battery original, original smartphone battery, smartphone battery genuine, genuine smartphone battery, smartphone battery fake, fake smartphone battery, smartphone battery replica, replica smartphone battery, smartphone battery authentic, authentic smartphone battery, smartphone battery brand, brand smartphone battery, smartphone battery manufacturer, manufacturer smartphone battery, smartphone battery company, company smartphone battery, smartphone battery product, product smartphone battery, smartphone battery iphone product, iphone product smartphone battery, smartphone battery sell iphone, sell iphone smartphone battery, smartphone battery buy iphone, buy iphone smartphone battery, smartphone battery cheap iphone, cheap iphone smartphone battery, smartphone battery best iphone, best iphone smartphone battery, smartphone battery iphone review, iphone review smartphone battery, smartphone battery where to buy iphone, where to buy iphone smartphone battery, smartphone battery how to choose iphone, how to choose iphone smartphone battery, smartphone battery top iphone, top iphone smartphone battery, smartphone battery iphone guide, iphone guide smartphone battery, smartphone battery iphone for sale, iphone for sale smartphone battery, smartphone battery iphone deals, iphone deals smartphone battery, smartphone display iphone, iphone smartphone display, smartphone display cheap, cheap smartphone display, smartphone display best, best smartphone display, smartphone display latest, latest smartphone display, smartphone display review, review smartphone display, smartphone display price, price smartphone display, smartphone display sell, sell smartphone display, smartphone display buy, buy smartphone display, smartphone display recommendation, recommendation smartphone display, smartphone display tips, tips smartphone display, smartphone display tutorial, tutorial smartphone display, smartphone display guide, guide smartphone display, smartphone display how to, how to smartphone display, smartphone display vs, vs smartphone display, smartphone display versus, versus smartphone display, smartphone display compared to, compared to smartphone display, smartphone display comparison, comparison smartphone display, smartphone display alternatives, alternatives smartphone display, smartphone display which is better, which is better smartphone display, smartphone display expensive, expensive smartphone display, smartphone display discount, discount smartphone display, smartphone display deals, deals smartphone display, smartphone display sale, sale smartphone display, smartphone display affordable, affordable smartphone display, smartphone display cost, cost smartphone display, smartphone display online, online smartphone display, smartphone display offline, offline smartphone display, smartphone display marketplace, marketplace smartphone display, smartphone display store, store smartphone display, smartphone display shop, shop smartphone display, smartphone display retailer, retailer smartphone display, smartphone display where to buy, where to buy smartphone display, smartphone display worst, worst smartphone display, smartphone display quality, quality smartphone display, smartphone display original, original smartphone display, smartphone display genuine, genuine smartphone display, smartphone display fake, fake smartphone display, smartphone display replica, replica smartphone display, smartphone display authentic, authentic smartphone display, smartphone display brand, brand smartphone display, smartphone display manufacturer, manufacturer smartphone display, smartphone display company, company smartphone display, smartphone display product, product smartphone display, smartphone display iphone product, iphone product smartphone display, smartphone display sell iphone, sell iphone smartphone display, smartphone display buy iphone, buy iphone smartphone display, smartphone display cheap iphone, cheap iphone smartphone display, smartphone display best iphone, best iphone smartphone display, smartphone display iphone review, iphone review smartphone display, smartphone display where to buy iphone, where to buy iphone smartphone display, smartphone display how to choose iphone, how to choose iphone smartphone display, smartphone display top iphone, top iphone smartphone display, smartphone display iphone guide, iphone guide smartphone display, smartphone display iphone for sale, iphone for sale smartphone display, smartphone display iphone deals, iphone deals smartphone display
2026-09-29 14:09:34,221 - INFO - Expanded 220 seed keywords to 385 variations
2026-09-29 14:09:34,221 - INFO - Language: en
2026-09-29 14:09:34,221 - INFO - Region: us
2026-09-29 14:11:46,755 - INFO - 🎯 After all filtering for 'iphone': 120 relevant keywords
2026-09-29 14:11:48,862 - INFO - 🎯 Found 4 new keywords for niche 'iphone': iphone affordable smartphone battery, cheap affordable smartphone display, iphone alternatives smartphone display, best authentic smartphone display
2026-09-29 14:12:04,890 - INFO - ✅ Niche 'iphone' process complete! 907 total keyword results.
2026-09-29 14:12:04,890 - INFO - ✅ Completed processing niche: 'iphone'
2026-09-29 14:12:04,891 - INFO - 🔧 Request Handler final stats - Success rate: 100.0%
2026-09-29 14:12:04,891 - INFO -    Total requests: 209344, Blocks: 1
2026-09-29 14:12:04,892 - INFO - 
========================================
2026-09-29 14:12:04,892 - INFO - Process Summary:
2026-09-29 14:12:04,892 - INFO - - Current niche: 'iphone'
2026-09-29 14:12:04,892 - INFO - - Next niche will be: 'samsung'
2026-09-29 14:12:04,892 - INFO - - Keywords saved in: languages/english/keywords/iphone/
2026-09-29 14:12:04,892 - INFO - ========================================
