2026-10-04 13:12:13,810 - INFO - Log file created at: /home/runner/work/potensitech.com/potensitech.com/languages/english/keywords/logs/kw_search_20261004_131213.log
2026-10-04 13:12:13,810 - INFO - ============================================================
2026-10-04 13:12:13,810 - INFO - AUTOMATIC KEYWORD RESEARCH TOOL
2026-10-04 13:12:13,810 - INFO - ============================================================
2026-10-04 13:12:14,291 - INFO - ========================================
2026-10-04 13:12:14,291 - INFO - Found 14 niches to process: xiaomi, iphone, samsung, apple, sony, asus, philips, sandisk, intel, nvidia, amd, canon, nikon, huawei
2026-10-04 13:12:14,291 - INFO - ========================================
2026-10-04 13:12:14,291 - INFO - Continuing from last processed niche: intel
2026-10-04 13:12:14,291 - INFO - ========================================
2026-10-04 13:12:14,291 - INFO - 🎯 PROCESSING NICHE 10/14: 'nvidia'
2026-10-04 13:12:14,291 - INFO - ========================================
2026-10-04 13:12:14,291 - INFO - 📁 Niche directory: /home/runner/work/potensitech.com/potensitech.com/languages/english/keywords/nvidia
2026-10-04 13:12:14,291 - INFO - Selected region: us
2026-10-04 13:12:14,292 - INFO - Selected language: en
2026-10-04 13:12:14,292 - INFO - 🎯 Current niche: nvidia
2026-10-04 13:12:25,139 - INFO - 🎯 Niche terms for filtering: nvidia, cheap, best, latest, review, price, sell, buy, recommendation, tips, tutorial, guide, how to, vs, versus, compared to, comparison, alternatives, which is better, expensive, discount, deals, sale, affordable, cost, online, offline, marketplace, store, shop, retailer, where to buy, worst, quality, original, genuine, fake, replica, authentic, brand, manufacturer, company, product, nvidia product, sell nvidia, buy nvidia, cheap nvidia, best nvidia, nvidia review, where to buy nvidia, how to choose nvidia, top nvidia, nvidia guide, nvidia for sale, nvidia deals
2026-10-04 13:12:25,139 - INFO - Generated 50 niche-clue pairs for 'nvidia'.
2026-10-04 13:12:25,142 - INFO - Expanded 50 seed keywords to 218 variations
2026-10-04 13:12:25,143 - INFO - 🔧 Request Handler initialized - Success rate: 100.0%
2026-10-04 13:16:48,127 - INFO - Original clue keywords: dslr features, ai acceleration
2026-10-04 13:16:48,127 - INFO - Niche-focused seeds: dslr features nvidia, nvidia dslr features, dslr features cheap, cheap dslr features, dslr features best, best dslr features, dslr features latest, latest dslr features, dslr features review, review dslr features, dslr features price, price dslr features, dslr features sell, sell dslr features, dslr features buy, buy dslr features, dslr features recommendation, recommendation dslr features, dslr features tips, tips dslr features, dslr features tutorial, tutorial dslr features, dslr features guide, guide dslr features, dslr features how to, how to dslr features, dslr features vs, vs dslr features, dslr features versus, versus dslr features, dslr features compared to, compared to dslr features, dslr features comparison, comparison dslr features, dslr features alternatives, alternatives dslr features, dslr features which is better, which is better dslr features, dslr features expensive, expensive dslr features, dslr features discount, discount dslr features, dslr features deals, deals dslr features, dslr features sale, sale dslr features, dslr features affordable, affordable dslr features, dslr features cost, cost dslr features, dslr features online, online dslr features, dslr features offline, offline dslr features, dslr features marketplace, marketplace dslr features, dslr features store, store dslr features, dslr features shop, shop dslr features, dslr features retailer, retailer dslr features, dslr features where to buy, where to buy dslr features, dslr features worst, worst dslr features, dslr features quality, quality dslr features, dslr features original, original dslr features, dslr features genuine, genuine dslr features, dslr features fake, fake dslr features, dslr features replica, replica dslr features, dslr features authentic, authentic dslr features, dslr features brand, brand dslr features, dslr features manufacturer, manufacturer dslr features, dslr features company, company dslr features, dslr features product, product dslr features, dslr features nvidia product, nvidia product dslr features, dslr features sell nvidia, sell nvidia dslr features, dslr features buy nvidia, buy nvidia dslr features, dslr features cheap nvidia, cheap nvidia dslr features, dslr features best nvidia, best nvidia dslr features, dslr features nvidia review, nvidia review dslr features, dslr features where to buy nvidia, where to buy nvidia dslr features, dslr features how to choose nvidia, how to choose nvidia dslr features, dslr features top nvidia, top nvidia dslr features, dslr features nvidia guide, nvidia guide dslr features, dslr features nvidia for sale, nvidia for sale dslr features, dslr features nvidia deals, nvidia deals dslr features, ai acceleration nvidia, nvidia ai acceleration, ai acceleration cheap, cheap ai acceleration, ai acceleration best, best ai acceleration, ai acceleration latest, latest ai acceleration, ai acceleration review, review ai acceleration, ai acceleration price, price ai acceleration, ai acceleration sell, sell ai acceleration, ai acceleration buy, buy ai acceleration, ai acceleration recommendation, recommendation ai acceleration, ai acceleration tips, tips ai acceleration, ai acceleration tutorial, tutorial ai acceleration, ai acceleration guide, guide ai acceleration, ai acceleration how to, how to ai acceleration, ai acceleration vs, vs ai acceleration, ai acceleration versus, versus ai acceleration, ai acceleration compared to, compared to ai acceleration, ai acceleration comparison, comparison ai acceleration, ai acceleration alternatives, alternatives ai acceleration, ai acceleration which is better, which is better ai acceleration, ai acceleration expensive, expensive ai acceleration, ai acceleration discount, discount ai acceleration, ai acceleration deals, deals ai acceleration, ai acceleration sale, sale ai acceleration, ai acceleration affordable, affordable ai acceleration, ai acceleration cost, cost ai acceleration, ai acceleration online, online ai acceleration, ai acceleration offline, offline ai acceleration, ai acceleration marketplace, marketplace ai acceleration, ai acceleration store, store ai acceleration, ai acceleration shop, shop ai acceleration, ai acceleration retailer, retailer ai acceleration, ai acceleration where to buy, where to buy ai acceleration, ai acceleration worst, worst ai acceleration, ai acceleration quality, quality ai acceleration, ai acceleration original, original ai acceleration, ai acceleration genuine, genuine ai acceleration, ai acceleration fake, fake ai acceleration, ai acceleration replica, replica ai acceleration, ai acceleration authentic, authentic ai acceleration, ai acceleration brand, brand ai acceleration, ai acceleration manufacturer, manufacturer ai acceleration, ai acceleration company, company ai acceleration, ai acceleration product, product ai acceleration, ai acceleration nvidia product, nvidia product ai acceleration, ai acceleration sell nvidia, sell nvidia ai acceleration, ai acceleration buy nvidia, buy nvidia ai acceleration, ai acceleration cheap nvidia, cheap nvidia ai acceleration, ai acceleration best nvidia, best nvidia ai acceleration, ai acceleration nvidia review, nvidia review ai acceleration, ai acceleration where to buy nvidia, where to buy nvidia ai acceleration, ai acceleration how to choose nvidia, how to choose nvidia ai acceleration, ai acceleration top nvidia, top nvidia ai acceleration, ai acceleration nvidia guide, nvidia guide ai acceleration, ai acceleration nvidia for sale, nvidia for sale ai acceleration, ai acceleration nvidia deals, nvidia deals ai acceleration
2026-10-04 13:16:48,130 - INFO - Expanded 220 seed keywords to 385 variations
2026-10-04 13:16:48,130 - INFO - Language: en
2026-10-04 13:16:48,130 - INFO - Region: us
2026-10-04 13:21:18,833 - INFO - 🎯 After all filtering for 'nvidia': 120 relevant keywords
2026-10-04 13:21:21,153 - INFO - 🎯 Found 5 new keywords for niche 'nvidia': nvidia affordable ai acceleration, nvidia affordable dslr features, cheap ai acceleration alternatives, best ai acceleration authentic, how to ai acceleration brand
2026-10-04 13:21:37,838 - INFO - ✅ Niche 'nvidia' process complete! 910 total keyword results.
2026-10-04 13:21:37,839 - INFO - ✅ Completed processing niche: 'nvidia'
2026-10-04 13:21:37,839 - INFO - 🔧 Request Handler final stats - Success rate: 100.0%
2026-10-04 13:21:37,839 - INFO -    Total requests: 213948, Blocks: 1
2026-10-04 13:21:37,840 - INFO - 
========================================
2026-10-04 13:21:37,840 - INFO - Process Summary:
2026-10-04 13:21:37,840 - INFO - - Current niche: 'nvidia'
2026-10-04 13:21:37,840 - INFO - - Next niche will be: 'amd'
2026-10-04 13:21:37,840 - INFO - - Keywords saved in: languages/english/keywords/nvidia/
2026-10-04 13:21:37,841 - INFO - ========================================
