2026-08-13 19:59:31,649 - INFO - Log file created at: /home/runner/work/potensitech.com/potensitech.com/languages/english/keywords/logs/kw_search_20260813_195931.log
2026-08-13 19:59:31,649 - INFO - ============================================================
2026-08-13 19:59:31,649 - INFO - AUTOMATIC KEYWORD RESEARCH TOOL
2026-08-13 19:59:31,649 - INFO - ============================================================
2026-08-13 19:59:31,899 - INFO - ========================================
2026-08-13 19:59:31,899 - INFO - Found 14 niches to process: xiaomi, iphone, samsung, apple, sony, asus, philips, sandisk, intel, nvidia, amd, canon, nikon, huawei
2026-08-13 19:59:31,899 - INFO - ========================================
2026-08-13 19:59:31,899 - INFO - Continuing from last processed niche: nikon
2026-08-13 19:59:31,899 - INFO - ========================================
2026-08-13 19:59:31,899 - INFO - 🎯 PROCESSING NICHE 14/14: 'huawei'
2026-08-13 19:59:31,899 - INFO - ========================================
2026-08-13 19:59:31,899 - INFO - 📁 Niche directory: /home/runner/work/potensitech.com/potensitech.com/languages/english/keywords/huawei
2026-08-13 19:59:31,899 - INFO - Selected region: us
2026-08-13 19:59:31,899 - INFO - Selected language: en
2026-08-13 19:59:31,899 - INFO - 🎯 Current niche: huawei
2026-08-13 19:59:32,482 - INFO - 🎯 Niche terms for filtering: huawei, cheap, best, latest, review, price, sell, buy, recommendation, tips, tutorial, guide, how to, vs, versus, compared to, comparison, alternatives, which is better, expensive, discount, deals, sale, affordable, cost, online, offline, marketplace, store, shop, retailer, where to buy, worst, quality, original, genuine, fake, replica, authentic, brand, manufacturer, company, product, huawei product, sell huawei, buy huawei, cheap huawei, best huawei, huawei review, where to buy huawei, how to choose huawei, top huawei, huawei guide, huawei for sale, huawei deals
2026-08-13 19:59:32,483 - INFO - Generated 50 niche-clue pairs for 'huawei'.
2026-08-13 19:59:32,485 - INFO - Expanded 50 seed keywords to 218 variations
2026-08-13 19:59:32,485 - INFO - 🔧 Request Handler initialized - Success rate: 100.0%
2026-08-13 20:03:57,541 - INFO - Original clue keywords: core efficiency, chip architecture
2026-08-13 20:03:57,541 - INFO - Niche-focused seeds: core efficiency huawei, huawei core efficiency, core efficiency cheap, cheap core efficiency, core efficiency best, best core efficiency, core efficiency latest, latest core efficiency, core efficiency review, review core efficiency, core efficiency price, price core efficiency, core efficiency sell, sell core efficiency, core efficiency buy, buy core efficiency, core efficiency recommendation, recommendation core efficiency, core efficiency tips, tips core efficiency, core efficiency tutorial, tutorial core efficiency, core efficiency guide, guide core efficiency, core efficiency how to, how to core efficiency, core efficiency vs, vs core efficiency, core efficiency versus, versus core efficiency, core efficiency compared to, compared to core efficiency, core efficiency comparison, comparison core efficiency, core efficiency alternatives, alternatives core efficiency, core efficiency which is better, which is better core efficiency, core efficiency expensive, expensive core efficiency, core efficiency discount, discount core efficiency, core efficiency deals, deals core efficiency, core efficiency sale, sale core efficiency, core efficiency affordable, affordable core efficiency, core efficiency cost, cost core efficiency, core efficiency online, online core efficiency, core efficiency offline, offline core efficiency, core efficiency marketplace, marketplace core efficiency, core efficiency store, store core efficiency, core efficiency shop, shop core efficiency, core efficiency retailer, retailer core efficiency, core efficiency where to buy, where to buy core efficiency, core efficiency worst, worst core efficiency, core efficiency quality, quality core efficiency, core efficiency original, original core efficiency, core efficiency genuine, genuine core efficiency, core efficiency fake, fake core efficiency, core efficiency replica, replica core efficiency, core efficiency authentic, authentic core efficiency, core efficiency brand, brand core efficiency, core efficiency manufacturer, manufacturer core efficiency, core efficiency company, company core efficiency, core efficiency product, product core efficiency, core efficiency huawei product, huawei product core efficiency, core efficiency sell huawei, sell huawei core efficiency, core efficiency buy huawei, buy huawei core efficiency, core efficiency cheap huawei, cheap huawei core efficiency, core efficiency best huawei, best huawei core efficiency, core efficiency huawei review, huawei review core efficiency, core efficiency where to buy huawei, where to buy huawei core efficiency, core efficiency how to choose huawei, how to choose huawei core efficiency, core efficiency top huawei, top huawei core efficiency, core efficiency huawei guide, huawei guide core efficiency, core efficiency huawei for sale, huawei for sale core efficiency, core efficiency huawei deals, huawei deals core efficiency, chip architecture huawei, huawei chip architecture, chip architecture cheap, cheap chip architecture, chip architecture best, best chip architecture, chip architecture latest, latest chip architecture, chip architecture review, review chip architecture, chip architecture price, price chip architecture, chip architecture sell, sell chip architecture, chip architecture buy, buy chip architecture, chip architecture recommendation, recommendation chip architecture, chip architecture tips, tips chip architecture, chip architecture tutorial, tutorial chip architecture, chip architecture guide, guide chip architecture, chip architecture how to, how to chip architecture, chip architecture vs, vs chip architecture, chip architecture versus, versus chip architecture, chip architecture compared to, compared to chip architecture, chip architecture comparison, comparison chip architecture, chip architecture alternatives, alternatives chip architecture, chip architecture which is better, which is better chip architecture, chip architecture expensive, expensive chip architecture, chip architecture discount, discount chip architecture, chip architecture deals, deals chip architecture, chip architecture sale, sale chip architecture, chip architecture affordable, affordable chip architecture, chip architecture cost, cost chip architecture, chip architecture online, online chip architecture, chip architecture offline, offline chip architecture, chip architecture marketplace, marketplace chip architecture, chip architecture store, store chip architecture, chip architecture shop, shop chip architecture, chip architecture retailer, retailer chip architecture, chip architecture where to buy, where to buy chip architecture, chip architecture worst, worst chip architecture, chip architecture quality, quality chip architecture, chip architecture original, original chip architecture, chip architecture genuine, genuine chip architecture, chip architecture fake, fake chip architecture, chip architecture replica, replica chip architecture, chip architecture authentic, authentic chip architecture, chip architecture brand, brand chip architecture, chip architecture manufacturer, manufacturer chip architecture, chip architecture company, company chip architecture, chip architecture product, product chip architecture, chip architecture huawei product, huawei product chip architecture, chip architecture sell huawei, sell huawei chip architecture, chip architecture buy huawei, buy huawei chip architecture, chip architecture cheap huawei, cheap huawei chip architecture, chip architecture best huawei, best huawei chip architecture, chip architecture huawei review, huawei review chip architecture, chip architecture where to buy huawei, where to buy huawei chip architecture, chip architecture how to choose huawei, how to choose huawei chip architecture, chip architecture top huawei, top huawei chip architecture, chip architecture huawei guide, huawei guide chip architecture, chip architecture huawei for sale, huawei for sale chip architecture, chip architecture huawei deals, huawei deals chip architecture
2026-08-13 20:03:57,544 - INFO - Expanded 220 seed keywords to 385 variations
2026-08-13 20:03:57,544 - INFO - Language: en
2026-08-13 20:03:57,544 - INFO - Region: us
2026-08-13 20:06:28,398 - INFO - 🎯 After all filtering for 'huawei': 120 relevant keywords
2026-08-13 20:06:29,366 - INFO - 🎯 Found 5 new keywords for niche 'huawei': huawei affordable chip architecture, huawei affordable core efficiency, cheap alternatives chip architecture, cheap alternatives core efficiency, best authentic chip architecture
2026-08-13 20:06:29,771 - INFO - ✅ Niche 'huawei' process complete! 634 total keyword results.
2026-08-13 20:06:29,771 - INFO - ✅ Completed processing niche: 'huawei'
2026-08-13 20:06:29,771 - INFO - 🔧 Request Handler final stats - Success rate: 100.0%
2026-08-13 20:06:29,771 - INFO -    Total requests: 170853, Blocks: 1
2026-08-13 20:06:29,772 - INFO - 
========================================
2026-08-13 20:06:29,772 - INFO - Process Summary:
2026-08-13 20:06:29,772 - INFO - - Current niche: 'huawei'
2026-08-13 20:06:29,772 - INFO - - Next niche will be: 'xiaomi'
2026-08-13 20:06:29,772 - INFO - - Keywords saved in: languages/english/keywords/huawei/
2026-08-13 20:06:29,773 - INFO - ========================================
