2026-10-10 20:20:10,938 - INFO - Log file created at: /home/runner/work/potensitech.com/potensitech.com/languages/english/keywords/logs/kw_search_20261010_202010.log
2026-10-10 20:20:10,938 - INFO - ============================================================
2026-10-10 20:20:10,938 - INFO - AUTOMATIC KEYWORD RESEARCH TOOL
2026-10-10 20:20:10,938 - INFO - ============================================================
2026-10-10 20:20:11,306 - INFO - ========================================
2026-10-10 20:20:11,306 - INFO - Found 14 niches to process: xiaomi, iphone, samsung, apple, sony, asus, philips, sandisk, intel, nvidia, amd, canon, nikon, huawei
2026-10-10 20:20:11,306 - INFO - ========================================
2026-10-10 20:20:11,306 - INFO - Continuing from last processed niche: iphone
2026-10-10 20:20:11,306 - INFO - ========================================
2026-10-10 20:20:11,307 - INFO - 🎯 PROCESSING NICHE 3/14: 'samsung'
2026-10-10 20:20:11,307 - INFO - ========================================
2026-10-10 20:20:11,307 - INFO - 📁 Niche directory: /home/runner/work/potensitech.com/potensitech.com/languages/english/keywords/samsung
2026-10-10 20:20:11,307 - INFO - Selected region: us
2026-10-10 20:20:11,307 - INFO - Selected language: en
2026-10-10 20:20:11,307 - INFO - 🎯 Current niche: samsung
2026-10-10 20:20:22,302 - INFO - 🎯 Niche terms for filtering: samsung, cheap, best, latest, review, price, sell, buy, recommendation, tips, tutorial, guide, how to, vs, versus, compared to, comparison, alternatives, which is better, expensive, discount, deals, sale, affordable, cost, online, offline, marketplace, store, shop, retailer, where to buy, worst, quality, original, genuine, fake, replica, authentic, brand, manufacturer, company, product, samsung product, sell samsung, buy samsung, cheap samsung, best samsung, samsung review, where to buy samsung, how to choose samsung, top samsung, samsung guide, samsung for sale, samsung deals
2026-10-10 20:20:22,302 - INFO - Generated 50 niche-clue pairs for 'samsung'.
2026-10-10 20:20:22,305 - INFO - Expanded 50 seed keywords to 218 variations
2026-10-10 20:20:22,305 - INFO - 🔧 Request Handler initialized - Success rate: 100.0%
2026-10-10 20:24:47,137 - INFO - Original clue keywords: battery, display
2026-10-10 20:24:47,137 - INFO - Niche-focused seeds: battery samsung, samsung battery, battery cheap, cheap battery, battery best, best battery, battery latest, latest battery, battery review, review battery, battery price, price battery, battery sell, sell battery, battery buy, buy battery, battery recommendation, recommendation battery, battery tips, tips battery, battery tutorial, tutorial battery, battery guide, guide battery, battery how to, how to battery, battery vs, vs battery, battery versus, versus battery, battery compared to, compared to battery, battery comparison, comparison battery, battery alternatives, alternatives battery, battery which is better, which is better battery, battery expensive, expensive battery, battery discount, discount battery, battery deals, deals battery, battery sale, sale battery, battery affordable, affordable battery, battery cost, cost battery, battery online, online battery, battery offline, offline battery, battery marketplace, marketplace battery, battery store, store battery, battery shop, shop battery, battery retailer, retailer battery, battery where to buy, where to buy battery, battery worst, worst battery, battery quality, quality battery, battery original, original battery, battery genuine, genuine battery, battery fake, fake battery, battery replica, replica battery, battery authentic, authentic battery, battery brand, brand battery, battery manufacturer, manufacturer battery, battery company, company battery, battery product, product battery, battery samsung product, samsung product battery, battery sell samsung, sell samsung battery, battery buy samsung, buy samsung battery, battery cheap samsung, cheap samsung battery, battery best samsung, best samsung battery, battery samsung review, samsung review battery, battery where to buy samsung, where to buy samsung battery, battery how to choose samsung, how to choose samsung battery, battery top samsung, top samsung battery, battery samsung guide, samsung guide battery, battery samsung for sale, samsung for sale battery, battery samsung deals, samsung deals battery, display samsung, samsung display, display cheap, cheap display, display best, best display, display latest, latest display, display review, review display, display price, price display, display sell, sell display, display buy, buy display, display recommendation, recommendation display, display tips, tips display, display tutorial, tutorial display, display guide, guide display, display how to, how to display, display vs, vs display, display versus, versus display, display compared to, compared to display, display comparison, comparison display, display alternatives, alternatives display, display which is better, which is better display, display expensive, expensive display, display discount, discount display, display deals, deals display, display sale, sale display, display affordable, affordable display, display cost, cost display, display online, online display, display offline, offline display, display marketplace, marketplace display, display store, store display, display shop, shop display, display retailer, retailer display, display where to buy, where to buy display, display worst, worst display, display quality, quality display, display original, original display, display genuine, genuine display, display fake, fake display, display replica, replica display, display authentic, authentic display, display brand, brand display, display manufacturer, manufacturer display, display company, company display, display product, product display, display samsung product, samsung product display, display sell samsung, sell samsung display, display buy samsung, buy samsung display, display cheap samsung, cheap samsung display, display best samsung, best samsung display, display samsung review, samsung review display, display where to buy samsung, where to buy samsung display, display how to choose samsung, how to choose samsung display, display top samsung, top samsung display, display samsung guide, samsung guide display, display samsung for sale, samsung for sale display, display samsung deals, samsung deals display
2026-10-10 20:24:47,140 - INFO - Expanded 220 seed keywords to 385 variations
2026-10-10 20:24:47,140 - INFO - Language: en
2026-10-10 20:24:47,140 - INFO - Region: us
2026-10-10 20:28:21,029 - INFO - 🎯 After all filtering for 'samsung': 120 relevant keywords
2026-10-10 20:28:21,187 - INFO - 🎯 Found 5 new keywords for niche 'samsung': samsung affordable battery, cheap affordable battery, best affordable battery, how to affordable battery, samsung affordable display
2026-10-10 20:28:37,405 - INFO - ✅ Niche 'samsung' process complete! 687 total keyword results.
2026-10-10 20:28:37,405 - INFO - ✅ Completed processing niche: 'samsung'
2026-10-10 20:28:37,405 - INFO - 🔧 Request Handler final stats - Success rate: 100.0%
2026-10-10 20:28:37,405 - INFO -    Total requests: 219741, Blocks: 1
2026-10-10 20:28:37,406 - INFO - 
========================================
2026-10-10 20:28:37,406 - INFO - Process Summary:
2026-10-10 20:28:37,407 - INFO - - Current niche: 'samsung'
2026-10-10 20:28:37,407 - INFO - - Next niche will be: 'apple'
2026-10-10 20:28:37,407 - INFO - - Keywords saved in: languages/english/keywords/samsung/
2026-10-10 20:28:37,407 - INFO - ========================================
