2026-10-04 14:57:28,363 - INFO - Log file created at: /home/runner/work/potensitech.com/potensitech.com/languages/english/keywords/logs/kw_search_20261004_145728.log
2026-10-04 14:57:28,363 - INFO - ============================================================
2026-10-04 14:57:28,363 - INFO - AUTOMATIC KEYWORD RESEARCH TOOL
2026-10-04 14:57:28,363 - INFO - ============================================================
2026-10-04 14:57:28,736 - INFO - ========================================
2026-10-04 14:57:28,736 - INFO - Found 14 niches to process: xiaomi, iphone, samsung, apple, sony, asus, philips, sandisk, intel, nvidia, amd, canon, nikon, huawei
2026-10-04 14:57:28,736 - INFO - ========================================
2026-10-04 14:57:28,736 - INFO - Continuing from last processed niche: nvidia
2026-10-04 14:57:28,736 - INFO - ========================================
2026-10-04 14:57:28,736 - INFO - 🎯 PROCESSING NICHE 11/14: 'amd'
2026-10-04 14:57:28,736 - INFO - ========================================
2026-10-04 14:57:28,736 - INFO - 📁 Niche directory: /home/runner/work/potensitech.com/potensitech.com/languages/english/keywords/amd
2026-10-04 14:57:28,736 - INFO - Selected region: us
2026-10-04 14:57:28,736 - INFO - Selected language: en
2026-10-04 14:57:28,737 - INFO - 🎯 Current niche: amd
2026-10-04 14:57:39,521 - INFO - 🎯 Niche terms for filtering: amd, cheap, best, latest, review, price, sell, buy, recommendation, tips, tutorial, guide, how to, vs, versus, compared to, comparison, alternatives, which is better, expensive, discount, deals, sale, affordable, cost, online, offline, marketplace, store, shop, retailer, where to buy, worst, quality, original, genuine, fake, replica, authentic, brand, manufacturer, company, product, amd product, sell amd, buy amd, cheap amd, best amd, amd review, where to buy amd, how to choose amd, top amd, amd guide, amd for sale, amd deals
2026-10-04 14:57:39,521 - INFO - Generated 50 niche-clue pairs for 'amd'.
2026-10-04 14:57:39,524 - INFO - Expanded 50 seed keywords to 218 variations
2026-10-04 14:57:39,524 - INFO - 🔧 Request Handler initialized - Success rate: 100.0%
2026-10-04 15:02:02,072 - INFO - Original clue keywords: dslr features, ai acceleration
2026-10-04 15:02:02,072 - INFO - Niche-focused seeds: dslr features amd, amd dslr features, dslr features cheap, cheap dslr features, dslr features best, best dslr features, dslr features latest, latest dslr features, dslr features review, review dslr features, dslr features price, price dslr features, dslr features sell, sell dslr features, dslr features buy, buy dslr features, dslr features recommendation, recommendation dslr features, dslr features tips, tips dslr features, dslr features tutorial, tutorial dslr features, dslr features guide, guide dslr features, dslr features how to, how to dslr features, dslr features vs, vs dslr features, dslr features versus, versus dslr features, dslr features compared to, compared to dslr features, dslr features comparison, comparison dslr features, dslr features alternatives, alternatives dslr features, dslr features which is better, which is better dslr features, dslr features expensive, expensive dslr features, dslr features discount, discount dslr features, dslr features deals, deals dslr features, dslr features sale, sale dslr features, dslr features affordable, affordable dslr features, dslr features cost, cost dslr features, dslr features online, online dslr features, dslr features offline, offline dslr features, dslr features marketplace, marketplace dslr features, dslr features store, store dslr features, dslr features shop, shop dslr features, dslr features retailer, retailer dslr features, dslr features where to buy, where to buy dslr features, dslr features worst, worst dslr features, dslr features quality, quality dslr features, dslr features original, original dslr features, dslr features genuine, genuine dslr features, dslr features fake, fake dslr features, dslr features replica, replica dslr features, dslr features authentic, authentic dslr features, dslr features brand, brand dslr features, dslr features manufacturer, manufacturer dslr features, dslr features company, company dslr features, dslr features product, product dslr features, dslr features amd product, amd product dslr features, dslr features sell amd, sell amd dslr features, dslr features buy amd, buy amd dslr features, dslr features cheap amd, cheap amd dslr features, dslr features best amd, best amd dslr features, dslr features amd review, amd review dslr features, dslr features where to buy amd, where to buy amd dslr features, dslr features how to choose amd, how to choose amd dslr features, dslr features top amd, top amd dslr features, dslr features amd guide, amd guide dslr features, dslr features amd for sale, amd for sale dslr features, dslr features amd deals, amd deals dslr features, ai acceleration amd, amd ai acceleration, ai acceleration cheap, cheap ai acceleration, ai acceleration best, best ai acceleration, ai acceleration latest, latest ai acceleration, ai acceleration review, review ai acceleration, ai acceleration price, price ai acceleration, ai acceleration sell, sell ai acceleration, ai acceleration buy, buy ai acceleration, ai acceleration recommendation, recommendation ai acceleration, ai acceleration tips, tips ai acceleration, ai acceleration tutorial, tutorial ai acceleration, ai acceleration guide, guide ai acceleration, ai acceleration how to, how to ai acceleration, ai acceleration vs, vs ai acceleration, ai acceleration versus, versus ai acceleration, ai acceleration compared to, compared to ai acceleration, ai acceleration comparison, comparison ai acceleration, ai acceleration alternatives, alternatives ai acceleration, ai acceleration which is better, which is better ai acceleration, ai acceleration expensive, expensive ai acceleration, ai acceleration discount, discount ai acceleration, ai acceleration deals, deals ai acceleration, ai acceleration sale, sale ai acceleration, ai acceleration affordable, affordable ai acceleration, ai acceleration cost, cost ai acceleration, ai acceleration online, online ai acceleration, ai acceleration offline, offline ai acceleration, ai acceleration marketplace, marketplace ai acceleration, ai acceleration store, store ai acceleration, ai acceleration shop, shop ai acceleration, ai acceleration retailer, retailer ai acceleration, ai acceleration where to buy, where to buy ai acceleration, ai acceleration worst, worst ai acceleration, ai acceleration quality, quality ai acceleration, ai acceleration original, original ai acceleration, ai acceleration genuine, genuine ai acceleration, ai acceleration fake, fake ai acceleration, ai acceleration replica, replica ai acceleration, ai acceleration authentic, authentic ai acceleration, ai acceleration brand, brand ai acceleration, ai acceleration manufacturer, manufacturer ai acceleration, ai acceleration company, company ai acceleration, ai acceleration product, product ai acceleration, ai acceleration amd product, amd product ai acceleration, ai acceleration sell amd, sell amd ai acceleration, ai acceleration buy amd, buy amd ai acceleration, ai acceleration cheap amd, cheap amd ai acceleration, ai acceleration best amd, best amd ai acceleration, ai acceleration amd review, amd review ai acceleration, ai acceleration where to buy amd, where to buy amd ai acceleration, ai acceleration how to choose amd, how to choose amd ai acceleration, ai acceleration top amd, top amd ai acceleration, ai acceleration amd guide, amd guide ai acceleration, ai acceleration amd for sale, amd for sale ai acceleration, ai acceleration amd deals, amd deals ai acceleration
2026-10-04 15:02:02,075 - INFO - Expanded 220 seed keywords to 385 variations
2026-10-04 15:02:02,075 - INFO - Language: en
2026-10-04 15:02:02,075 - INFO - Region: us
2026-10-04 15:02:49,756 - INFO - 🎯 After all filtering for 'amd': 120 relevant keywords
2026-10-04 15:02:50,059 - INFO - 🎯 Found 2 new keywords for niche 'amd': amd affordable ai acceleration, amd affordable dslr features
2026-10-04 15:03:06,485 - INFO - ✅ Niche 'amd' process complete! 823 total keyword results.
2026-10-04 15:03:06,485 - INFO - ✅ Completed processing niche: 'amd'
2026-10-04 15:03:06,485 - INFO - 🔧 Request Handler final stats - Success rate: 100.0%
2026-10-04 15:03:06,485 - INFO -    Total requests: 214006, Blocks: 1
2026-10-04 15:03:06,486 - INFO - 
========================================
2026-10-04 15:03:06,487 - INFO - Process Summary:
2026-10-04 15:03:06,487 - INFO - - Current niche: 'amd'
2026-10-04 15:03:06,487 - INFO - - Next niche will be: 'canon'
2026-10-04 15:03:06,487 - INFO - - Keywords saved in: languages/english/keywords/amd/
2026-10-04 15:03:06,487 - INFO - ========================================
