2026-09-26 04:44:09,642 - INFO - Log file created at: /home/runner/work/potensitech.com/potensitech.com/languages/english/keywords/logs/kw_search_20260926_044409.log
2026-09-26 04:44:09,643 - INFO - ============================================================
2026-09-26 04:44:09,643 - INFO - AUTOMATIC KEYWORD RESEARCH TOOL
2026-09-26 04:44:09,643 - INFO - ============================================================
2026-09-26 04:44:10,069 - INFO - ========================================
2026-09-26 04:44:10,069 - INFO - Found 14 niches to process: xiaomi, iphone, samsung, apple, sony, asus, philips, sandisk, intel, nvidia, amd, canon, nikon, huawei
2026-09-26 04:44:10,070 - INFO - ========================================
2026-09-26 04:44:10,070 - INFO - Continuing from last processed niche: nvidia
2026-09-26 04:44:10,070 - INFO - ========================================
2026-09-26 04:44:10,070 - INFO - 🎯 PROCESSING NICHE 11/14: 'amd'
2026-09-26 04:44:10,070 - INFO - ========================================
2026-09-26 04:44:10,070 - INFO - 📁 Niche directory: /home/runner/work/potensitech.com/potensitech.com/languages/english/keywords/amd
2026-09-26 04:44:10,070 - INFO - Selected region: us
2026-09-26 04:44:10,070 - INFO - Selected language: en
2026-09-26 04:44:10,070 - INFO - 🎯 Current niche: amd
2026-09-26 04:44:20,777 - INFO - 🎯 Niche terms for filtering: amd, cheap, best, latest, review, price, sell, buy, recommendation, tips, tutorial, guide, how to, vs, versus, compared to, comparison, alternatives, which is better, expensive, discount, deals, sale, affordable, cost, online, offline, marketplace, store, shop, retailer, where to buy, worst, quality, original, genuine, fake, replica, authentic, brand, manufacturer, company, product, amd product, sell amd, buy amd, cheap amd, best amd, amd review, where to buy amd, how to choose amd, top amd, amd guide, amd for sale, amd deals
2026-09-26 04:44:20,778 - INFO - Generated 50 niche-clue pairs for 'amd'.
2026-09-26 04:44:20,781 - INFO - Expanded 50 seed keywords to 218 variations
2026-09-26 04:44:20,782 - INFO - 🔧 Request Handler initialized - Success rate: 100.0%
2026-09-26 04:48:47,292 - INFO - Original clue keywords: power efficiency, smartphone features
2026-09-26 04:48:47,292 - INFO - Niche-focused seeds: power efficiency amd, amd power efficiency, power efficiency cheap, cheap power efficiency, power efficiency best, best power efficiency, power efficiency latest, latest power efficiency, power efficiency review, review power efficiency, power efficiency price, price power efficiency, power efficiency sell, sell power efficiency, power efficiency buy, buy power efficiency, power efficiency recommendation, recommendation power efficiency, power efficiency tips, tips power efficiency, power efficiency tutorial, tutorial power efficiency, power efficiency guide, guide power efficiency, power efficiency how to, how to power efficiency, power efficiency vs, vs power efficiency, power efficiency versus, versus power efficiency, power efficiency compared to, compared to power efficiency, power efficiency comparison, comparison power efficiency, power efficiency alternatives, alternatives power efficiency, power efficiency which is better, which is better power efficiency, power efficiency expensive, expensive power efficiency, power efficiency discount, discount power efficiency, power efficiency deals, deals power efficiency, power efficiency sale, sale power efficiency, power efficiency affordable, affordable power efficiency, power efficiency cost, cost power efficiency, power efficiency online, online power efficiency, power efficiency offline, offline power efficiency, power efficiency marketplace, marketplace power efficiency, power efficiency store, store power efficiency, power efficiency shop, shop power efficiency, power efficiency retailer, retailer power efficiency, power efficiency where to buy, where to buy power efficiency, power efficiency worst, worst power efficiency, power efficiency quality, quality power efficiency, power efficiency original, original power efficiency, power efficiency genuine, genuine power efficiency, power efficiency fake, fake power efficiency, power efficiency replica, replica power efficiency, power efficiency authentic, authentic power efficiency, power efficiency brand, brand power efficiency, power efficiency manufacturer, manufacturer power efficiency, power efficiency company, company power efficiency, power efficiency product, product power efficiency, power efficiency amd product, amd product power efficiency, power efficiency sell amd, sell amd power efficiency, power efficiency buy amd, buy amd power efficiency, power efficiency cheap amd, cheap amd power efficiency, power efficiency best amd, best amd power efficiency, power efficiency amd review, amd review power efficiency, power efficiency where to buy amd, where to buy amd power efficiency, power efficiency how to choose amd, how to choose amd power efficiency, power efficiency top amd, top amd power efficiency, power efficiency amd guide, amd guide power efficiency, power efficiency amd for sale, amd for sale power efficiency, power efficiency amd deals, amd deals power efficiency, smartphone features amd, amd smartphone features, smartphone features cheap, cheap smartphone features, smartphone features best, best smartphone features, smartphone features latest, latest smartphone features, smartphone features review, review smartphone features, smartphone features price, price smartphone features, smartphone features sell, sell smartphone features, smartphone features buy, buy smartphone features, smartphone features recommendation, recommendation smartphone features, smartphone features tips, tips smartphone features, smartphone features tutorial, tutorial smartphone features, smartphone features guide, guide smartphone features, smartphone features how to, how to smartphone features, smartphone features vs, vs smartphone features, smartphone features versus, versus smartphone features, smartphone features compared to, compared to smartphone features, smartphone features comparison, comparison smartphone features, smartphone features alternatives, alternatives smartphone features, smartphone features which is better, which is better smartphone features, smartphone features expensive, expensive smartphone features, smartphone features discount, discount smartphone features, smartphone features deals, deals smartphone features, smartphone features sale, sale smartphone features, smartphone features affordable, affordable smartphone features, smartphone features cost, cost smartphone features, smartphone features online, online smartphone features, smartphone features offline, offline smartphone features, smartphone features marketplace, marketplace smartphone features, smartphone features store, store smartphone features, smartphone features shop, shop smartphone features, smartphone features retailer, retailer smartphone features, smartphone features where to buy, where to buy smartphone features, smartphone features worst, worst smartphone features, smartphone features quality, quality smartphone features, smartphone features original, original smartphone features, smartphone features genuine, genuine smartphone features, smartphone features fake, fake smartphone features, smartphone features replica, replica smartphone features, smartphone features authentic, authentic smartphone features, smartphone features brand, brand smartphone features, smartphone features manufacturer, manufacturer smartphone features, smartphone features company, company smartphone features, smartphone features product, product smartphone features, smartphone features amd product, amd product smartphone features, smartphone features sell amd, sell amd smartphone features, smartphone features buy amd, buy amd smartphone features, smartphone features cheap amd, cheap amd smartphone features, smartphone features best amd, best amd smartphone features, smartphone features amd review, amd review smartphone features, smartphone features where to buy amd, where to buy amd smartphone features, smartphone features how to choose amd, how to choose amd smartphone features, smartphone features top amd, top amd smartphone features, smartphone features amd guide, amd guide smartphone features, smartphone features amd for sale, amd for sale smartphone features, smartphone features amd deals, amd deals smartphone features
2026-09-26 04:48:47,296 - INFO - Expanded 220 seed keywords to 385 variations
2026-09-26 04:48:47,296 - INFO - Language: en
2026-09-26 04:48:47,296 - INFO - Region: us
2026-09-26 04:53:15,917 - INFO - 🎯 After all filtering for 'amd': 120 relevant keywords
2026-09-26 04:53:17,486 - INFO - 🎯 Found 5 new keywords for niche 'amd': amd affordable power efficiency, amd affordable smartphone features, cheap alternatives power efficiency, cheap alternatives smartphone features, best authentic power efficiency
2026-09-26 04:53:33,383 - INFO - ✅ Niche 'amd' process complete! 811 total keyword results.
2026-09-26 04:53:33,383 - INFO - ✅ Completed processing niche: 'amd'
2026-09-26 04:53:33,383 - INFO - 🔧 Request Handler final stats - Success rate: 100.0%
2026-09-26 04:53:33,383 - INFO -    Total requests: 206441, Blocks: 1
2026-09-26 04:53:33,384 - INFO - 
========================================
2026-09-26 04:53:33,385 - INFO - Process Summary:
2026-09-26 04:53:33,385 - INFO - - Current niche: 'amd'
2026-09-26 04:53:33,385 - INFO - - Next niche will be: 'canon'
2026-09-26 04:53:33,385 - INFO - - Keywords saved in: languages/english/keywords/amd/
2026-09-26 04:53:33,385 - INFO - ========================================
