2026-08-13 02:35:04,426 - INFO - Log file created at: /home/runner/work/potensitech.com/potensitech.com/languages/english/keywords/logs/kw_search_20260813_023504.log
2026-08-13 02:35:04,426 - INFO - ============================================================
2026-08-13 02:35:04,426 - INFO - AUTOMATIC KEYWORD RESEARCH TOOL
2026-08-13 02:35:04,426 - INFO - ============================================================
2026-08-13 02:35:04,708 - INFO - ========================================
2026-08-13 02:35:04,708 - INFO - Found 14 niches to process: xiaomi, iphone, samsung, apple, sony, asus, philips, sandisk, intel, nvidia, amd, canon, nikon, huawei
2026-08-13 02:35:04,708 - INFO - ========================================
2026-08-13 02:35:04,708 - INFO - Continuing from last processed niche: sony
2026-08-13 02:35:04,708 - INFO - ========================================
2026-08-13 02:35:04,708 - INFO - 🎯 PROCESSING NICHE 6/14: 'asus'
2026-08-13 02:35:04,708 - INFO - ========================================
2026-08-13 02:35:04,708 - INFO - 📁 Niche directory: /home/runner/work/potensitech.com/potensitech.com/languages/english/keywords/asus
2026-08-13 02:35:04,708 - INFO - Selected region: us
2026-08-13 02:35:04,708 - INFO - Selected language: en
2026-08-13 02:35:04,708 - INFO - 🎯 Current niche: asus
2026-08-13 02:35:05,442 - INFO - 🎯 Niche terms for filtering: asus, cheap, best, latest, review, price, sell, buy, recommendation, tips, tutorial, guide, how to, vs, versus, compared to, comparison, alternatives, which is better, expensive, discount, deals, sale, affordable, cost, online, offline, marketplace, store, shop, retailer, where to buy, worst, quality, original, genuine, fake, replica, authentic, brand, manufacturer, company, product, asus product, sell asus, buy asus, cheap asus, best asus, asus review, where to buy asus, how to choose asus, top asus, asus guide, asus for sale, asus deals
2026-08-13 02:35:05,442 - INFO - Generated 50 niche-clue pairs for 'asus'.
2026-08-13 02:35:05,446 - INFO - Expanded 50 seed keywords to 218 variations
2026-08-13 02:35:05,453 - INFO - 🔧 Request Handler initialized - Success rate: 100.0%
2026-08-13 02:39:30,205 - INFO - Original clue keywords: lens compatibility, processor performance
2026-08-13 02:39:30,206 - INFO - Niche-focused seeds: lens compatibility asus, asus lens compatibility, lens compatibility cheap, cheap lens compatibility, lens compatibility best, best lens compatibility, lens compatibility latest, latest lens compatibility, lens compatibility review, review lens compatibility, lens compatibility price, price lens compatibility, lens compatibility sell, sell lens compatibility, lens compatibility buy, buy lens compatibility, lens compatibility recommendation, recommendation lens compatibility, lens compatibility tips, tips lens compatibility, lens compatibility tutorial, tutorial lens compatibility, lens compatibility guide, guide lens compatibility, lens compatibility how to, how to lens compatibility, lens compatibility vs, vs lens compatibility, lens compatibility versus, versus lens compatibility, lens compatibility compared to, compared to lens compatibility, lens compatibility comparison, comparison lens compatibility, lens compatibility alternatives, alternatives lens compatibility, lens compatibility which is better, which is better lens compatibility, lens compatibility expensive, expensive lens compatibility, lens compatibility discount, discount lens compatibility, lens compatibility deals, deals lens compatibility, lens compatibility sale, sale lens compatibility, lens compatibility affordable, affordable lens compatibility, lens compatibility cost, cost lens compatibility, lens compatibility online, online lens compatibility, lens compatibility offline, offline lens compatibility, lens compatibility marketplace, marketplace lens compatibility, lens compatibility store, store lens compatibility, lens compatibility shop, shop lens compatibility, lens compatibility retailer, retailer lens compatibility, lens compatibility where to buy, where to buy lens compatibility, lens compatibility worst, worst lens compatibility, lens compatibility quality, quality lens compatibility, lens compatibility original, original lens compatibility, lens compatibility genuine, genuine lens compatibility, lens compatibility fake, fake lens compatibility, lens compatibility replica, replica lens compatibility, lens compatibility authentic, authentic lens compatibility, lens compatibility brand, brand lens compatibility, lens compatibility manufacturer, manufacturer lens compatibility, lens compatibility company, company lens compatibility, lens compatibility product, product lens compatibility, lens compatibility asus product, asus product lens compatibility, lens compatibility sell asus, sell asus lens compatibility, lens compatibility buy asus, buy asus lens compatibility, lens compatibility cheap asus, cheap asus lens compatibility, lens compatibility best asus, best asus lens compatibility, lens compatibility asus review, asus review lens compatibility, lens compatibility where to buy asus, where to buy asus lens compatibility, lens compatibility how to choose asus, how to choose asus lens compatibility, lens compatibility top asus, top asus lens compatibility, lens compatibility asus guide, asus guide lens compatibility, lens compatibility asus for sale, asus for sale lens compatibility, lens compatibility asus deals, asus deals lens compatibility, processor performance asus, asus processor performance, processor performance cheap, cheap processor performance, processor performance best, best processor performance, processor performance latest, latest processor performance, processor performance review, review processor performance, processor performance price, price processor performance, processor performance sell, sell processor performance, processor performance buy, buy processor performance, processor performance recommendation, recommendation processor performance, processor performance tips, tips processor performance, processor performance tutorial, tutorial processor performance, processor performance guide, guide processor performance, processor performance how to, how to processor performance, processor performance vs, vs processor performance, processor performance versus, versus processor performance, processor performance compared to, compared to processor performance, processor performance comparison, comparison processor performance, processor performance alternatives, alternatives processor performance, processor performance which is better, which is better processor performance, processor performance expensive, expensive processor performance, processor performance discount, discount processor performance, processor performance deals, deals processor performance, processor performance sale, sale processor performance, processor performance affordable, affordable processor performance, processor performance cost, cost processor performance, processor performance online, online processor performance, processor performance offline, offline processor performance, processor performance marketplace, marketplace processor performance, processor performance store, store processor performance, processor performance shop, shop processor performance, processor performance retailer, retailer processor performance, processor performance where to buy, where to buy processor performance, processor performance worst, worst processor performance, processor performance quality, quality processor performance, processor performance original, original processor performance, processor performance genuine, genuine processor performance, processor performance fake, fake processor performance, processor performance replica, replica processor performance, processor performance authentic, authentic processor performance, processor performance brand, brand processor performance, processor performance manufacturer, manufacturer processor performance, processor performance company, company processor performance, processor performance product, product processor performance, processor performance asus product, asus product processor performance, processor performance sell asus, sell asus processor performance, processor performance buy asus, buy asus processor performance, processor performance cheap asus, cheap asus processor performance, processor performance best asus, best asus processor performance, processor performance asus review, asus review processor performance, processor performance where to buy asus, where to buy asus processor performance, processor performance how to choose asus, how to choose asus processor performance, processor performance top asus, top asus processor performance, processor performance asus guide, asus guide processor performance, processor performance asus for sale, asus for sale processor performance, processor performance asus deals, asus deals processor performance
2026-08-13 02:39:30,209 - INFO - Expanded 220 seed keywords to 385 variations
2026-08-13 02:39:30,209 - INFO - Language: en
2026-08-13 02:39:30,209 - INFO - Region: us
2026-08-13 02:42:00,556 - INFO - 🎯 After all filtering for 'asus': 120 relevant keywords
2026-08-13 02:42:02,303 - INFO - 🎯 Found 5 new keywords for niche 'asus': asus affordable lens compatibility, asus affordable processor performance, cheap alternatives lens compatibility, best authentic lens compatibility, how to brand lens compatibility
2026-08-13 02:42:02,778 - INFO - ✅ Niche 'asus' process complete! 812 total keyword results.
2026-08-13 02:42:02,778 - INFO - ✅ Completed processing niche: 'asus'
2026-08-13 02:42:02,778 - INFO - 🔧 Request Handler final stats - Success rate: 100.0%
2026-08-13 02:42:02,778 - INFO -    Total requests: 170323, Blocks: 1
2026-08-13 02:42:02,779 - INFO - 
========================================
2026-08-13 02:42:02,779 - INFO - Process Summary:
2026-08-13 02:42:02,780 - INFO - - Current niche: 'asus'
2026-08-13 02:42:02,780 - INFO - - Next niche will be: 'philips'
2026-08-13 02:42:02,780 - INFO - - Keywords saved in: languages/english/keywords/asus/
2026-08-13 02:42:02,780 - INFO - ========================================
