2026-09-21 14:08:39,148 - INFO - Log file created at: /home/runner/work/potensitech.com/potensitech.com/languages/english/keywords/logs/kw_search_20260921_140839.log
2026-09-21 14:08:39,149 - INFO - ============================================================
2026-09-21 14:08:39,149 - INFO - AUTOMATIC KEYWORD RESEARCH TOOL
2026-09-21 14:08:39,149 - INFO - ============================================================
2026-09-21 14:08:39,580 - INFO - ========================================
2026-09-21 14:08:39,580 - INFO - Found 14 niches to process: xiaomi, iphone, samsung, apple, sony, asus, philips, sandisk, intel, nvidia, amd, canon, nikon, huawei
2026-09-21 14:08:39,580 - INFO - ========================================
2026-09-21 14:08:39,580 - INFO - Continuing from last processed niche: sony
2026-09-21 14:08:39,580 - INFO - ========================================
2026-09-21 14:08:39,580 - INFO - 🎯 PROCESSING NICHE 6/14: 'asus'
2026-09-21 14:08:39,580 - INFO - ========================================
2026-09-21 14:08:39,580 - INFO - 📁 Niche directory: /home/runner/work/potensitech.com/potensitech.com/languages/english/keywords/asus
2026-09-21 14:08:39,580 - INFO - Selected region: us
2026-09-21 14:08:39,581 - INFO - Selected language: en
2026-09-21 14:08:39,581 - INFO - 🎯 Current niche: asus
2026-09-21 14:08:49,994 - INFO - 🎯 Niche terms for filtering: asus, cheap, best, latest, review, price, sell, buy, recommendation, tips, tutorial, guide, how to, vs, versus, compared to, comparison, alternatives, which is better, expensive, discount, deals, sale, affordable, cost, online, offline, marketplace, store, shop, retailer, where to buy, worst, quality, original, genuine, fake, replica, authentic, brand, manufacturer, company, product, asus product, sell asus, buy asus, cheap asus, best asus, asus review, where to buy asus, how to choose asus, top asus, asus guide, asus for sale, asus deals
2026-09-21 14:08:49,994 - INFO - Generated 50 niche-clue pairs for 'asus'.
2026-09-21 14:08:49,997 - INFO - Expanded 50 seed keywords to 218 variations
2026-09-21 14:08:49,998 - INFO - 🔧 Request Handler initialized - Success rate: 100.0%
2026-09-21 14:13:17,705 - INFO - Original clue keywords: processor efficiency, autofocus speed
2026-09-21 14:13:17,706 - INFO - Niche-focused seeds: processor efficiency asus, asus processor efficiency, processor efficiency cheap, cheap processor efficiency, processor efficiency best, best processor efficiency, processor efficiency latest, latest processor efficiency, processor efficiency review, review processor efficiency, processor efficiency price, price processor efficiency, processor efficiency sell, sell processor efficiency, processor efficiency buy, buy processor efficiency, processor efficiency recommendation, recommendation processor efficiency, processor efficiency tips, tips processor efficiency, processor efficiency tutorial, tutorial processor efficiency, processor efficiency guide, guide processor efficiency, processor efficiency how to, how to processor efficiency, processor efficiency vs, vs processor efficiency, processor efficiency versus, versus processor efficiency, processor efficiency compared to, compared to processor efficiency, processor efficiency comparison, comparison processor efficiency, processor efficiency alternatives, alternatives processor efficiency, processor efficiency which is better, which is better processor efficiency, processor efficiency expensive, expensive processor efficiency, processor efficiency discount, discount processor efficiency, processor efficiency deals, deals processor efficiency, processor efficiency sale, sale processor efficiency, processor efficiency affordable, affordable processor efficiency, processor efficiency cost, cost processor efficiency, processor efficiency online, online processor efficiency, processor efficiency offline, offline processor efficiency, processor efficiency marketplace, marketplace processor efficiency, processor efficiency store, store processor efficiency, processor efficiency shop, shop processor efficiency, processor efficiency retailer, retailer processor efficiency, processor efficiency where to buy, where to buy processor efficiency, processor efficiency worst, worst processor efficiency, processor efficiency quality, quality processor efficiency, processor efficiency original, original processor efficiency, processor efficiency genuine, genuine processor efficiency, processor efficiency fake, fake processor efficiency, processor efficiency replica, replica processor efficiency, processor efficiency authentic, authentic processor efficiency, processor efficiency brand, brand processor efficiency, processor efficiency manufacturer, manufacturer processor efficiency, processor efficiency company, company processor efficiency, processor efficiency product, product processor efficiency, processor efficiency asus product, asus product processor efficiency, processor efficiency sell asus, sell asus processor efficiency, processor efficiency buy asus, buy asus processor efficiency, processor efficiency cheap asus, cheap asus processor efficiency, processor efficiency best asus, best asus processor efficiency, processor efficiency asus review, asus review processor efficiency, processor efficiency where to buy asus, where to buy asus processor efficiency, processor efficiency how to choose asus, how to choose asus processor efficiency, processor efficiency top asus, top asus processor efficiency, processor efficiency asus guide, asus guide processor efficiency, processor efficiency asus for sale, asus for sale processor efficiency, processor efficiency asus deals, asus deals processor efficiency, autofocus speed asus, asus autofocus speed, autofocus speed cheap, cheap autofocus speed, autofocus speed best, best autofocus speed, autofocus speed latest, latest autofocus speed, autofocus speed review, review autofocus speed, autofocus speed price, price autofocus speed, autofocus speed sell, sell autofocus speed, autofocus speed buy, buy autofocus speed, autofocus speed recommendation, recommendation autofocus speed, autofocus speed tips, tips autofocus speed, autofocus speed tutorial, tutorial autofocus speed, autofocus speed guide, guide autofocus speed, autofocus speed how to, how to autofocus speed, autofocus speed vs, vs autofocus speed, autofocus speed versus, versus autofocus speed, autofocus speed compared to, compared to autofocus speed, autofocus speed comparison, comparison autofocus speed, autofocus speed alternatives, alternatives autofocus speed, autofocus speed which is better, which is better autofocus speed, autofocus speed expensive, expensive autofocus speed, autofocus speed discount, discount autofocus speed, autofocus speed deals, deals autofocus speed, autofocus speed sale, sale autofocus speed, autofocus speed affordable, affordable autofocus speed, autofocus speed cost, cost autofocus speed, autofocus speed online, online autofocus speed, autofocus speed offline, offline autofocus speed, autofocus speed marketplace, marketplace autofocus speed, autofocus speed store, store autofocus speed, autofocus speed shop, shop autofocus speed, autofocus speed retailer, retailer autofocus speed, autofocus speed where to buy, where to buy autofocus speed, autofocus speed worst, worst autofocus speed, autofocus speed quality, quality autofocus speed, autofocus speed original, original autofocus speed, autofocus speed genuine, genuine autofocus speed, autofocus speed fake, fake autofocus speed, autofocus speed replica, replica autofocus speed, autofocus speed authentic, authentic autofocus speed, autofocus speed brand, brand autofocus speed, autofocus speed manufacturer, manufacturer autofocus speed, autofocus speed company, company autofocus speed, autofocus speed product, product autofocus speed, autofocus speed asus product, asus product autofocus speed, autofocus speed sell asus, sell asus autofocus speed, autofocus speed buy asus, buy asus autofocus speed, autofocus speed cheap asus, cheap asus autofocus speed, autofocus speed best asus, best asus autofocus speed, autofocus speed asus review, asus review autofocus speed, autofocus speed where to buy asus, where to buy asus autofocus speed, autofocus speed how to choose asus, how to choose asus autofocus speed, autofocus speed top asus, top asus autofocus speed, autofocus speed asus guide, asus guide autofocus speed, autofocus speed asus for sale, asus for sale autofocus speed, autofocus speed asus deals, asus deals autofocus speed
2026-09-21 14:13:17,709 - INFO - Expanded 220 seed keywords to 385 variations
2026-09-21 14:13:17,709 - INFO - Language: en
2026-09-21 14:13:17,709 - INFO - Region: us
2026-09-21 14:13:52,717 - INFO - 🎯 After all filtering for 'asus': 119 relevant keywords
2026-09-21 14:13:53,140 - INFO - 🎯 Found 2 new keywords for niche 'asus': asus affordable autofocus speed, asus affordable processor efficiency
2026-09-21 14:14:09,263 - INFO - ✅ Niche 'asus' process complete! 865 total keyword results.
2026-09-21 14:14:09,263 - INFO - ✅ Completed processing niche: 'asus'
2026-09-21 14:14:09,264 - INFO - 🔧 Request Handler final stats - Success rate: 100.0%
2026-09-21 14:14:09,264 - INFO -    Total requests: 202287, Blocks: 1
2026-09-21 14:14:09,265 - INFO - 
========================================
2026-09-21 14:14:09,265 - INFO - Process Summary:
2026-09-21 14:14:09,265 - INFO - - Current niche: 'asus'
2026-09-21 14:14:09,265 - INFO - - Next niche will be: 'philips'
2026-09-21 14:14:09,265 - INFO - - Keywords saved in: languages/english/keywords/asus/
2026-09-21 14:14:09,265 - INFO - ========================================
