2026-08-21 07:56:39,807 - INFO - Log file created at: /home/runner/work/potensitech.com/potensitech.com/languages/english/keywords/logs/kw_search_20260821_075639.log
2026-08-21 07:56:39,808 - INFO - ============================================================
2026-08-21 07:56:39,808 - INFO - AUTOMATIC KEYWORD RESEARCH TOOL
2026-08-21 07:56:39,808 - INFO - ============================================================
2026-08-21 07:56:40,134 - INFO - ========================================
2026-08-21 07:56:40,134 - INFO - Found 14 niches to process: xiaomi, iphone, samsung, apple, sony, asus, philips, sandisk, intel, nvidia, amd, canon, nikon, huawei
2026-08-21 07:56:40,134 - INFO - ========================================
2026-08-21 07:56:40,134 - INFO - Continuing from last processed niche: apple
2026-08-21 07:56:40,134 - INFO - ========================================
2026-08-21 07:56:40,134 - INFO - 🎯 PROCESSING NICHE 5/14: 'sony'
2026-08-21 07:56:40,134 - INFO - ========================================
2026-08-21 07:56:40,135 - INFO - 📁 Niche directory: /home/runner/work/potensitech.com/potensitech.com/languages/english/keywords/sony
2026-08-21 07:56:40,135 - INFO - Selected region: us
2026-08-21 07:56:40,135 - INFO - Selected language: en
2026-08-21 07:56:40,135 - INFO - 🎯 Current niche: sony
2026-08-21 07:56:40,801 - INFO - 🎯 Niche terms for filtering: sony, cheap, best, latest, review, price, sell, buy, recommendation, tips, tutorial, guide, how to, vs, versus, compared to, comparison, alternatives, which is better, expensive, discount, deals, sale, affordable, cost, online, offline, marketplace, store, shop, retailer, where to buy, worst, quality, original, genuine, fake, replica, authentic, brand, manufacturer, company, product, sony product, sell sony, buy sony, cheap sony, best sony, sony review, where to buy sony, how to choose sony, top sony, sony guide, sony for sale, sony deals
2026-08-21 07:56:40,801 - INFO - Generated 50 niche-clue pairs for 'sony'.
2026-08-21 07:56:40,804 - INFO - Expanded 50 seed keywords to 218 variations
2026-08-21 07:56:40,811 - INFO - 🔧 Request Handler initialized - Success rate: 100.0%
2026-08-21 08:01:03,565 - INFO - Original clue keywords: dslr, mirrorless
2026-08-21 08:01:03,565 - INFO - Niche-focused seeds: dslr sony, sony dslr, dslr cheap, cheap dslr, dslr best, best dslr, dslr latest, latest dslr, dslr review, review dslr, dslr price, price dslr, dslr sell, sell dslr, dslr buy, buy dslr, dslr recommendation, recommendation dslr, dslr tips, tips dslr, dslr tutorial, tutorial dslr, dslr guide, guide dslr, dslr how to, how to dslr, dslr vs, vs dslr, dslr versus, versus dslr, dslr compared to, compared to dslr, dslr comparison, comparison dslr, dslr alternatives, alternatives dslr, dslr which is better, which is better dslr, dslr expensive, expensive dslr, dslr discount, discount dslr, dslr deals, deals dslr, dslr sale, sale dslr, dslr affordable, affordable dslr, dslr cost, cost dslr, dslr online, online dslr, dslr offline, offline dslr, dslr marketplace, marketplace dslr, dslr store, store dslr, dslr shop, shop dslr, dslr retailer, retailer dslr, dslr where to buy, where to buy dslr, dslr worst, worst dslr, dslr quality, quality dslr, dslr original, original dslr, dslr genuine, genuine dslr, dslr fake, fake dslr, dslr replica, replica dslr, dslr authentic, authentic dslr, dslr brand, brand dslr, dslr manufacturer, manufacturer dslr, dslr company, company dslr, dslr product, product dslr, dslr sony product, sony product dslr, dslr sell sony, sell sony dslr, dslr buy sony, buy sony dslr, dslr cheap sony, cheap sony dslr, dslr best sony, best sony dslr, dslr sony review, sony review dslr, dslr where to buy sony, where to buy sony dslr, dslr how to choose sony, how to choose sony dslr, dslr top sony, top sony dslr, dslr sony guide, sony guide dslr, dslr sony for sale, sony for sale dslr, dslr sony deals, sony deals dslr, mirrorless sony, sony mirrorless, mirrorless cheap, cheap mirrorless, mirrorless best, best mirrorless, mirrorless latest, latest mirrorless, mirrorless review, review mirrorless, mirrorless price, price mirrorless, mirrorless sell, sell mirrorless, mirrorless buy, buy mirrorless, mirrorless recommendation, recommendation mirrorless, mirrorless tips, tips mirrorless, mirrorless tutorial, tutorial mirrorless, mirrorless guide, guide mirrorless, mirrorless how to, how to mirrorless, mirrorless vs, vs mirrorless, mirrorless versus, versus mirrorless, mirrorless compared to, compared to mirrorless, mirrorless comparison, comparison mirrorless, mirrorless alternatives, alternatives mirrorless, mirrorless which is better, which is better mirrorless, mirrorless expensive, expensive mirrorless, mirrorless discount, discount mirrorless, mirrorless deals, deals mirrorless, mirrorless sale, sale mirrorless, mirrorless affordable, affordable mirrorless, mirrorless cost, cost mirrorless, mirrorless online, online mirrorless, mirrorless offline, offline mirrorless, mirrorless marketplace, marketplace mirrorless, mirrorless store, store mirrorless, mirrorless shop, shop mirrorless, mirrorless retailer, retailer mirrorless, mirrorless where to buy, where to buy mirrorless, mirrorless worst, worst mirrorless, mirrorless quality, quality mirrorless, mirrorless original, original mirrorless, mirrorless genuine, genuine mirrorless, mirrorless fake, fake mirrorless, mirrorless replica, replica mirrorless, mirrorless authentic, authentic mirrorless, mirrorless brand, brand mirrorless, mirrorless manufacturer, manufacturer mirrorless, mirrorless company, company mirrorless, mirrorless product, product mirrorless, mirrorless sony product, sony product mirrorless, mirrorless sell sony, sell sony mirrorless, mirrorless buy sony, buy sony mirrorless, mirrorless cheap sony, cheap sony mirrorless, mirrorless best sony, best sony mirrorless, mirrorless sony review, sony review mirrorless, mirrorless where to buy sony, where to buy sony mirrorless, mirrorless how to choose sony, how to choose sony mirrorless, mirrorless top sony, top sony mirrorless, mirrorless sony guide, sony guide mirrorless, mirrorless sony for sale, sony for sale mirrorless, mirrorless sony deals, sony deals mirrorless
2026-08-21 08:01:03,568 - INFO - Expanded 220 seed keywords to 385 variations
2026-08-21 08:01:03,568 - INFO - Language: en
2026-08-21 08:01:03,568 - INFO - Region: us
2026-08-21 08:05:33,655 - INFO - 🎯 After all filtering for 'sony': 120 relevant keywords
2026-08-21 08:05:33,837 - INFO - 🎯 Found 5 new keywords for niche 'sony': sony affordable dslr, cheap affordable dslr, best affordable dslr, how to affordable dslr, sony affordable mirrorless
2026-08-21 08:05:34,268 - INFO - ✅ Niche 'sony' process complete! 647 total keyword results.
2026-08-21 08:05:34,268 - INFO - ✅ Completed processing niche: 'sony'
2026-08-21 08:05:34,268 - INFO - 🔧 Request Handler final stats - Success rate: 100.0%
2026-08-21 08:05:34,268 - INFO -    Total requests: 177062, Blocks: 1
2026-08-21 08:05:34,269 - INFO - 
========================================
2026-08-21 08:05:34,270 - INFO - Process Summary:
2026-08-21 08:05:34,270 - INFO - - Current niche: 'sony'
2026-08-21 08:05:34,270 - INFO - - Next niche will be: 'asus'
2026-08-21 08:05:34,270 - INFO - - Keywords saved in: languages/english/keywords/sony/
2026-08-21 08:05:34,271 - INFO - ========================================
