2026-08-12 12:58:56,394 - INFO - Log file created at: /home/runner/work/potensitech.com/potensitech.com/languages/english/keywords/logs/kw_search_20260812_125856.log
2026-08-12 12:58:56,394 - INFO - ============================================================
2026-08-12 12:58:56,394 - INFO - AUTOMATIC KEYWORD RESEARCH TOOL
2026-08-12 12:58:56,394 - INFO - ============================================================
2026-08-12 12:58:56,682 - INFO - ========================================
2026-08-12 12:58:56,682 - INFO - Found 14 niches to process: xiaomi, iphone, samsung, apple, sony, asus, philips, sandisk, intel, nvidia, amd, canon, nikon, huawei
2026-08-12 12:58:56,682 - INFO - ========================================
2026-08-12 12:58:56,683 - INFO - All niches completed, starting over
2026-08-12 12:58:56,683 - INFO - ========================================
2026-08-12 12:58:56,683 - INFO - 🎯 PROCESSING NICHE 1/14: 'xiaomi'
2026-08-12 12:58:56,683 - INFO - ========================================
2026-08-12 12:58:56,683 - INFO - 📁 Niche directory: /home/runner/work/potensitech.com/potensitech.com/languages/english/keywords/xiaomi
2026-08-12 12:58:56,683 - INFO - Selected region: us
2026-08-12 12:58:56,683 - INFO - Selected language: en
2026-08-12 12:58:56,683 - INFO - 🎯 Current niche: xiaomi
2026-08-12 12:58:57,371 - INFO - 🎯 Niche terms for filtering: xiaomi, cheap, best, latest, review, price, sell, buy, recommendation, tips, tutorial, guide, how to, vs, versus, compared to, comparison, alternatives, which is better, expensive, discount, deals, sale, affordable, cost, online, offline, marketplace, store, shop, retailer, where to buy, worst, quality, original, genuine, fake, replica, authentic, brand, manufacturer, company, product, xiaomi product, sell xiaomi, buy xiaomi, cheap xiaomi, best xiaomi, xiaomi review, where to buy xiaomi, how to choose xiaomi, top xiaomi, xiaomi guide, xiaomi for sale, xiaomi deals
2026-08-12 12:58:57,371 - INFO - Generated 50 niche-clue pairs for 'xiaomi'.
2026-08-12 12:58:57,375 - INFO - Expanded 50 seed keywords to 218 variations
2026-08-12 12:58:57,381 - INFO - 🔧 Request Handler initialized - Success rate: 100.0%
2026-08-12 13:03:23,436 - INFO - Original clue keywords: lens compatibility, processor performance
2026-08-12 13:03:23,436 - INFO - Niche-focused seeds: lens compatibility xiaomi, xiaomi lens compatibility, lens compatibility cheap, cheap lens compatibility, lens compatibility best, best lens compatibility, lens compatibility latest, latest lens compatibility, lens compatibility review, review lens compatibility, lens compatibility price, price lens compatibility, lens compatibility sell, sell lens compatibility, lens compatibility buy, buy lens compatibility, lens compatibility recommendation, recommendation lens compatibility, lens compatibility tips, tips lens compatibility, lens compatibility tutorial, tutorial lens compatibility, lens compatibility guide, guide lens compatibility, lens compatibility how to, how to lens compatibility, lens compatibility vs, vs lens compatibility, lens compatibility versus, versus lens compatibility, lens compatibility compared to, compared to lens compatibility, lens compatibility comparison, comparison lens compatibility, lens compatibility alternatives, alternatives lens compatibility, lens compatibility which is better, which is better lens compatibility, lens compatibility expensive, expensive lens compatibility, lens compatibility discount, discount lens compatibility, lens compatibility deals, deals lens compatibility, lens compatibility sale, sale lens compatibility, lens compatibility affordable, affordable lens compatibility, lens compatibility cost, cost lens compatibility, lens compatibility online, online lens compatibility, lens compatibility offline, offline lens compatibility, lens compatibility marketplace, marketplace lens compatibility, lens compatibility store, store lens compatibility, lens compatibility shop, shop lens compatibility, lens compatibility retailer, retailer lens compatibility, lens compatibility where to buy, where to buy lens compatibility, lens compatibility worst, worst lens compatibility, lens compatibility quality, quality lens compatibility, lens compatibility original, original lens compatibility, lens compatibility genuine, genuine lens compatibility, lens compatibility fake, fake lens compatibility, lens compatibility replica, replica lens compatibility, lens compatibility authentic, authentic lens compatibility, lens compatibility brand, brand lens compatibility, lens compatibility manufacturer, manufacturer lens compatibility, lens compatibility company, company lens compatibility, lens compatibility product, product lens compatibility, lens compatibility xiaomi product, xiaomi product lens compatibility, lens compatibility sell xiaomi, sell xiaomi lens compatibility, lens compatibility buy xiaomi, buy xiaomi lens compatibility, lens compatibility cheap xiaomi, cheap xiaomi lens compatibility, lens compatibility best xiaomi, best xiaomi lens compatibility, lens compatibility xiaomi review, xiaomi review lens compatibility, lens compatibility where to buy xiaomi, where to buy xiaomi lens compatibility, lens compatibility how to choose xiaomi, how to choose xiaomi lens compatibility, lens compatibility top xiaomi, top xiaomi lens compatibility, lens compatibility xiaomi guide, xiaomi guide lens compatibility, lens compatibility xiaomi for sale, xiaomi for sale lens compatibility, lens compatibility xiaomi deals, xiaomi deals lens compatibility, processor performance xiaomi, xiaomi processor performance, processor performance cheap, cheap processor performance, processor performance best, best processor performance, processor performance latest, latest processor performance, processor performance review, review processor performance, processor performance price, price processor performance, processor performance sell, sell processor performance, processor performance buy, buy processor performance, processor performance recommendation, recommendation processor performance, processor performance tips, tips processor performance, processor performance tutorial, tutorial processor performance, processor performance guide, guide processor performance, processor performance how to, how to processor performance, processor performance vs, vs processor performance, processor performance versus, versus processor performance, processor performance compared to, compared to processor performance, processor performance comparison, comparison processor performance, processor performance alternatives, alternatives processor performance, processor performance which is better, which is better processor performance, processor performance expensive, expensive processor performance, processor performance discount, discount processor performance, processor performance deals, deals processor performance, processor performance sale, sale processor performance, processor performance affordable, affordable processor performance, processor performance cost, cost processor performance, processor performance online, online processor performance, processor performance offline, offline processor performance, processor performance marketplace, marketplace processor performance, processor performance store, store processor performance, processor performance shop, shop processor performance, processor performance retailer, retailer processor performance, processor performance where to buy, where to buy processor performance, processor performance worst, worst processor performance, processor performance quality, quality processor performance, processor performance original, original processor performance, processor performance genuine, genuine processor performance, processor performance fake, fake processor performance, processor performance replica, replica processor performance, processor performance authentic, authentic processor performance, processor performance brand, brand processor performance, processor performance manufacturer, manufacturer processor performance, processor performance company, company processor performance, processor performance product, product processor performance, processor performance xiaomi product, xiaomi product processor performance, processor performance sell xiaomi, sell xiaomi processor performance, processor performance buy xiaomi, buy xiaomi processor performance, processor performance cheap xiaomi, cheap xiaomi processor performance, processor performance best xiaomi, best xiaomi processor performance, processor performance xiaomi review, xiaomi review processor performance, processor performance where to buy xiaomi, where to buy xiaomi processor performance, processor performance how to choose xiaomi, how to choose xiaomi processor performance, processor performance top xiaomi, top xiaomi processor performance, processor performance xiaomi guide, xiaomi guide processor performance, processor performance xiaomi for sale, xiaomi for sale processor performance, processor performance xiaomi deals, xiaomi deals processor performance
2026-08-12 13:03:23,439 - INFO - Expanded 220 seed keywords to 385 variations
2026-08-12 13:03:23,440 - INFO - Language: en
2026-08-12 13:03:23,440 - INFO - Region: us
2026-08-12 13:04:07,521 - INFO - 🎯 After all filtering for 'xiaomi': 120 relevant keywords
2026-08-12 13:04:08,304 - INFO - 🎯 Found 2 new keywords for niche 'xiaomi': xiaomi affordable lens compatibility, xiaomi affordable processor performance
2026-08-12 13:04:08,803 - INFO - ✅ Niche 'xiaomi' process complete! 638 total keyword results.
2026-08-12 13:04:08,803 - INFO - ✅ Completed processing niche: 'xiaomi'
2026-08-12 13:04:08,803 - INFO - 🔧 Request Handler final stats - Success rate: 100.0%
2026-08-12 13:04:08,803 - INFO -    Total requests: 170057, Blocks: 1
2026-08-12 13:04:08,805 - INFO - 
========================================
2026-08-12 13:04:08,805 - INFO - Process Summary:
2026-08-12 13:04:08,805 - INFO - - Current niche: 'xiaomi'
2026-08-12 13:04:08,805 - INFO - - Next niche will be: 'iphone'
2026-08-12 13:04:08,805 - INFO - - Keywords saved in: languages/english/keywords/xiaomi/
2026-08-12 13:04:08,805 - INFO - ========================================
