2026-10-10 22:28:48,792 - INFO - Log file created at: /home/runner/work/potensitech.com/potensitech.com/languages/english/keywords/logs/kw_search_20261010_222848.log
2026-10-10 22:28:48,792 - INFO - ============================================================
2026-10-10 22:28:48,792 - INFO - AUTOMATIC KEYWORD RESEARCH TOOL
2026-10-10 22:28:48,792 - INFO - ============================================================
2026-10-10 22:28:49,214 - INFO - ========================================
2026-10-10 22:28:49,214 - INFO - Found 14 niches to process: xiaomi, iphone, samsung, apple, sony, asus, philips, sandisk, intel, nvidia, amd, canon, nikon, huawei
2026-10-10 22:28:49,214 - INFO - ========================================
2026-10-10 22:28:49,215 - INFO - Continuing from last processed niche: samsung
2026-10-10 22:28:49,215 - INFO - ========================================
2026-10-10 22:28:49,215 - INFO - 🎯 PROCESSING NICHE 4/14: 'apple'
2026-10-10 22:28:49,215 - INFO - ========================================
2026-10-10 22:28:49,215 - INFO - 📁 Niche directory: /home/runner/work/potensitech.com/potensitech.com/languages/english/keywords/apple
2026-10-10 22:28:49,215 - INFO - Selected region: us
2026-10-10 22:28:49,215 - INFO - Selected language: en
2026-10-10 22:28:49,215 - INFO - 🎯 Current niche: apple
2026-10-10 22:28:59,711 - INFO - 🎯 Niche terms for filtering: apple, cheap, best, latest, review, price, sell, buy, recommendation, tips, tutorial, guide, how to, vs, versus, compared to, comparison, alternatives, which is better, expensive, discount, deals, sale, affordable, cost, online, offline, marketplace, store, shop, retailer, where to buy, worst, quality, original, genuine, fake, replica, authentic, brand, manufacturer, company, product, apple product, sell apple, buy apple, cheap apple, best apple, apple review, where to buy apple, how to choose apple, top apple, apple guide, apple for sale, apple deals
2026-10-10 22:28:59,711 - INFO - Generated 50 niche-clue pairs for 'apple'.
2026-10-10 22:28:59,714 - INFO - Expanded 50 seed keywords to 218 variations
2026-10-10 22:28:59,715 - INFO - 🔧 Request Handler initialized - Success rate: 100.0%
2026-10-10 22:33:23,370 - INFO - Original clue keywords: battery, display
2026-10-10 22:33:23,370 - INFO - Niche-focused seeds: battery apple, apple battery, battery cheap, cheap battery, battery best, best battery, battery latest, latest battery, battery review, review battery, battery price, price battery, battery sell, sell battery, battery buy, buy battery, battery recommendation, recommendation battery, battery tips, tips battery, battery tutorial, tutorial battery, battery guide, guide battery, battery how to, how to battery, battery vs, vs battery, battery versus, versus battery, battery compared to, compared to battery, battery comparison, comparison battery, battery alternatives, alternatives battery, battery which is better, which is better battery, battery expensive, expensive battery, battery discount, discount battery, battery deals, deals battery, battery sale, sale battery, battery affordable, affordable battery, battery cost, cost battery, battery online, online battery, battery offline, offline battery, battery marketplace, marketplace battery, battery store, store battery, battery shop, shop battery, battery retailer, retailer battery, battery where to buy, where to buy battery, battery worst, worst battery, battery quality, quality battery, battery original, original battery, battery genuine, genuine battery, battery fake, fake battery, battery replica, replica battery, battery authentic, authentic battery, battery brand, brand battery, battery manufacturer, manufacturer battery, battery company, company battery, battery product, product battery, battery apple product, apple product battery, battery sell apple, sell apple battery, battery buy apple, buy apple battery, battery cheap apple, cheap apple battery, battery best apple, best apple battery, battery apple review, apple review battery, battery where to buy apple, where to buy apple battery, battery how to choose apple, how to choose apple battery, battery top apple, top apple battery, battery apple guide, apple guide battery, battery apple for sale, apple for sale battery, battery apple deals, apple deals battery, display apple, apple display, display cheap, cheap display, display best, best display, display latest, latest display, display review, review display, display price, price display, display sell, sell display, display buy, buy display, display recommendation, recommendation display, display tips, tips display, display tutorial, tutorial display, display guide, guide display, display how to, how to display, display vs, vs display, display versus, versus display, display compared to, compared to display, display comparison, comparison display, display alternatives, alternatives display, display which is better, which is better display, display expensive, expensive display, display discount, discount display, display deals, deals display, display sale, sale display, display affordable, affordable display, display cost, cost display, display online, online display, display offline, offline display, display marketplace, marketplace display, display store, store display, display shop, shop display, display retailer, retailer display, display where to buy, where to buy display, display worst, worst display, display quality, quality display, display original, original display, display genuine, genuine display, display fake, fake display, display replica, replica display, display authentic, authentic display, display brand, brand display, display manufacturer, manufacturer display, display company, company display, display product, product display, display apple product, apple product display, display sell apple, sell apple display, display buy apple, buy apple display, display cheap apple, cheap apple display, display best apple, best apple display, display apple review, apple review display, display where to buy apple, where to buy apple display, display how to choose apple, how to choose apple display, display top apple, top apple display, display apple guide, apple guide display, display apple for sale, apple for sale display, display apple deals, apple deals display
2026-10-10 22:33:23,373 - INFO - Expanded 220 seed keywords to 385 variations
2026-10-10 22:33:23,373 - INFO - Language: en
2026-10-10 22:33:23,373 - INFO - Region: us
2026-10-10 22:34:53,139 - INFO - 🎯 After all filtering for 'apple': 119 relevant keywords
2026-10-10 22:34:53,326 - INFO - 🎯 Found 5 new keywords for niche 'apple': apple affordable battery, cheap affordable battery, best affordable battery, how to affordable battery, apple affordable display
2026-10-10 22:35:09,270 - INFO - ✅ Niche 'apple' process complete! 618 total keyword results.
2026-10-10 22:35:09,271 - INFO - ✅ Completed processing niche: 'apple'
2026-10-10 22:35:09,271 - INFO - 🔧 Request Handler final stats - Success rate: 100.0%
2026-10-10 22:35:09,271 - INFO -    Total requests: 219808, Blocks: 1
2026-10-10 22:35:09,272 - INFO - 
========================================
2026-10-10 22:35:09,272 - INFO - Process Summary:
2026-10-10 22:35:09,272 - INFO - - Current niche: 'apple'
2026-10-10 22:35:09,272 - INFO - - Next niche will be: 'sony'
2026-10-10 22:35:09,272 - INFO - - Keywords saved in: languages/english/keywords/apple/
2026-10-10 22:35:09,273 - INFO - ========================================
