2026-09-01 21:45:36,392 - INFO - Log file created at: /home/runner/work/potensitech.com/potensitech.com/languages/english/keywords/logs/kw_search_20260901_214536.log
2026-09-01 21:45:36,393 - INFO - ============================================================
2026-09-01 21:45:36,393 - INFO - AUTOMATIC KEYWORD RESEARCH TOOL
2026-09-01 21:45:36,393 - INFO - ============================================================
2026-09-01 21:45:36,633 - INFO - ========================================
2026-09-01 21:45:36,633 - INFO - Found 14 niches to process: xiaomi, iphone, samsung, apple, sony, asus, philips, sandisk, intel, nvidia, amd, canon, nikon, huawei
2026-09-01 21:45:36,633 - INFO - ========================================
2026-09-01 21:45:36,633 - INFO - Continuing from last processed niche: philips
2026-09-01 21:45:36,633 - INFO - ========================================
2026-09-01 21:45:36,633 - INFO - 🎯 PROCESSING NICHE 8/14: 'sandisk'
2026-09-01 21:45:36,633 - INFO - ========================================
2026-09-01 21:45:36,633 - INFO - 📁 Niche directory: /home/runner/work/potensitech.com/potensitech.com/languages/english/keywords/sandisk
2026-09-01 21:45:36,633 - INFO - Selected region: us
2026-09-01 21:45:36,633 - INFO - Selected language: en
2026-09-01 21:45:36,633 - INFO - 🎯 Current niche: sandisk
2026-09-01 21:45:47,719 - INFO - 🎯 Niche terms for filtering: sandisk, cheap, best, latest, review, price, sell, buy, recommendation, tips, tutorial, guide, how to, vs, versus, compared to, comparison, alternatives, which is better, expensive, discount, deals, sale, affordable, cost, online, offline, marketplace, store, shop, retailer, where to buy, worst, quality, original, genuine, fake, replica, authentic, brand, manufacturer, company, product, sandisk product, sell sandisk, buy sandisk, cheap sandisk, best sandisk, sandisk review, where to buy sandisk, how to choose sandisk, top sandisk, sandisk guide, sandisk for sale, sandisk deals
2026-09-01 21:45:47,719 - INFO - Generated 50 niche-clue pairs for 'sandisk'.
2026-09-01 21:45:47,722 - INFO - Expanded 50 seed keywords to 218 variations
2026-09-01 21:45:47,722 - INFO - 🔧 Request Handler initialized - Success rate: 100.0%
2026-09-01 21:50:12,828 - INFO - Original clue keywords: electric-shaver, gaming
2026-09-01 21:50:12,828 - INFO - Niche-focused seeds: electric-shaver sandisk, sandisk electric-shaver, electric-shaver cheap, cheap electric-shaver, electric-shaver best, best electric-shaver, electric-shaver latest, latest electric-shaver, electric-shaver review, review electric-shaver, electric-shaver price, price electric-shaver, electric-shaver sell, sell electric-shaver, electric-shaver buy, buy electric-shaver, electric-shaver recommendation, recommendation electric-shaver, electric-shaver tips, tips electric-shaver, electric-shaver tutorial, tutorial electric-shaver, electric-shaver guide, guide electric-shaver, electric-shaver how to, how to electric-shaver, electric-shaver vs, vs electric-shaver, electric-shaver versus, versus electric-shaver, electric-shaver compared to, compared to electric-shaver, electric-shaver comparison, comparison electric-shaver, electric-shaver alternatives, alternatives electric-shaver, electric-shaver which is better, which is better electric-shaver, electric-shaver expensive, expensive electric-shaver, electric-shaver discount, discount electric-shaver, electric-shaver deals, deals electric-shaver, electric-shaver sale, sale electric-shaver, electric-shaver affordable, affordable electric-shaver, electric-shaver cost, cost electric-shaver, electric-shaver online, online electric-shaver, electric-shaver offline, offline electric-shaver, electric-shaver marketplace, marketplace electric-shaver, electric-shaver store, store electric-shaver, electric-shaver shop, shop electric-shaver, electric-shaver retailer, retailer electric-shaver, electric-shaver where to buy, where to buy electric-shaver, electric-shaver worst, worst electric-shaver, electric-shaver quality, quality electric-shaver, electric-shaver original, original electric-shaver, electric-shaver genuine, genuine electric-shaver, electric-shaver fake, fake electric-shaver, electric-shaver replica, replica electric-shaver, electric-shaver authentic, authentic electric-shaver, electric-shaver brand, brand electric-shaver, electric-shaver manufacturer, manufacturer electric-shaver, electric-shaver company, company electric-shaver, electric-shaver product, product electric-shaver, electric-shaver sandisk product, sandisk product electric-shaver, electric-shaver sell sandisk, sell sandisk electric-shaver, electric-shaver buy sandisk, buy sandisk electric-shaver, electric-shaver cheap sandisk, cheap sandisk electric-shaver, electric-shaver best sandisk, best sandisk electric-shaver, electric-shaver sandisk review, sandisk review electric-shaver, electric-shaver where to buy sandisk, where to buy sandisk electric-shaver, electric-shaver how to choose sandisk, how to choose sandisk electric-shaver, electric-shaver top sandisk, top sandisk electric-shaver, electric-shaver sandisk guide, sandisk guide electric-shaver, electric-shaver sandisk for sale, sandisk for sale electric-shaver, electric-shaver sandisk deals, sandisk deals electric-shaver, gaming sandisk, sandisk gaming, gaming cheap, cheap gaming, gaming best, best gaming, gaming latest, latest gaming, gaming review, review gaming, gaming price, price gaming, gaming sell, sell gaming, gaming buy, buy gaming, gaming recommendation, recommendation gaming, gaming tips, tips gaming, gaming tutorial, tutorial gaming, gaming guide, guide gaming, gaming how to, how to gaming, gaming vs, vs gaming, gaming versus, versus gaming, gaming compared to, compared to gaming, gaming comparison, comparison gaming, gaming alternatives, alternatives gaming, gaming which is better, which is better gaming, gaming expensive, expensive gaming, gaming discount, discount gaming, gaming deals, deals gaming, gaming sale, sale gaming, gaming affordable, affordable gaming, gaming cost, cost gaming, gaming online, online gaming, gaming offline, offline gaming, gaming marketplace, marketplace gaming, gaming store, store gaming, gaming shop, shop gaming, gaming retailer, retailer gaming, gaming where to buy, where to buy gaming, gaming worst, worst gaming, gaming quality, quality gaming, gaming original, original gaming, gaming genuine, genuine gaming, gaming fake, fake gaming, gaming replica, replica gaming, gaming authentic, authentic gaming, gaming brand, brand gaming, gaming manufacturer, manufacturer gaming, gaming company, company gaming, gaming product, product gaming, gaming sandisk product, sandisk product gaming, gaming sell sandisk, sell sandisk gaming, gaming buy sandisk, buy sandisk gaming, gaming cheap sandisk, cheap sandisk gaming, gaming best sandisk, best sandisk gaming, gaming sandisk review, sandisk review gaming, gaming where to buy sandisk, where to buy sandisk gaming, gaming how to choose sandisk, how to choose sandisk gaming, gaming top sandisk, top sandisk gaming, gaming sandisk guide, sandisk guide gaming, gaming sandisk for sale, sandisk for sale gaming, gaming sandisk deals, sandisk deals gaming
2026-09-01 21:50:12,831 - INFO - Expanded 220 seed keywords to 385 variations
2026-09-01 21:50:12,831 - INFO - Language: en
2026-09-01 21:50:12,831 - INFO - Region: us
2026-09-01 21:54:46,771 - INFO - 🎯 After all filtering for 'sandisk': 120 relevant keywords
2026-09-01 21:54:47,052 - INFO - 🎯 Found 5 new keywords for niche 'sandisk': sandisk affordable electric-shaver, cheap affordable electric-shaver, best affordable electric-shaver, how to affordable electric-shaver, sandisk affordable gaming
2026-09-01 21:55:02,990 - INFO - ✅ Niche 'sandisk' process complete! 836 total keyword results.
2026-09-01 21:55:02,990 - INFO - ✅ Completed processing niche: 'sandisk'
2026-09-01 21:55:02,990 - INFO - 🔧 Request Handler final stats - Success rate: 100.0%
2026-09-01 21:55:02,990 - INFO -    Total requests: 185918, Blocks: 1
2026-09-01 21:55:02,991 - INFO - 
========================================
2026-09-01 21:55:02,991 - INFO - Process Summary:
2026-09-01 21:55:02,991 - INFO - - Current niche: 'sandisk'
2026-09-01 21:55:02,991 - INFO - - Next niche will be: 'intel'
2026-09-01 21:55:02,991 - INFO - - Keywords saved in: languages/english/keywords/sandisk/
2026-09-01 21:55:02,992 - INFO - ========================================
