2026-09-12 21:26:07,483 - INFO - Log file created at: /home/runner/work/potensitech.com/potensitech.com/languages/english/keywords/logs/kw_search_20260912_212607.log
2026-09-12 21:26:07,484 - INFO - ============================================================
2026-09-12 21:26:07,484 - INFO - AUTOMATIC KEYWORD RESEARCH TOOL
2026-09-12 21:26:07,484 - INFO - ============================================================
2026-09-12 21:26:07,966 - INFO - ========================================
2026-09-12 21:26:07,966 - INFO - Found 14 niches to process: xiaomi, iphone, samsung, apple, sony, asus, philips, sandisk, intel, nvidia, amd, canon, nikon, huawei
2026-09-12 21:26:07,966 - INFO - ========================================
2026-09-12 21:26:07,966 - INFO - Continuing from last processed niche: apple
2026-09-12 21:26:07,966 - INFO - ========================================
2026-09-12 21:26:07,966 - INFO - 🎯 PROCESSING NICHE 5/14: 'sony'
2026-09-12 21:26:07,966 - INFO - ========================================
2026-09-12 21:26:07,966 - INFO - 📁 Niche directory: /home/runner/work/potensitech.com/potensitech.com/languages/english/keywords/sony
2026-09-12 21:26:07,966 - INFO - Selected region: us
2026-09-12 21:26:07,966 - INFO - Selected language: en
2026-09-12 21:26:07,966 - INFO - 🎯 Current niche: sony
2026-09-12 21:26:19,759 - INFO - 🎯 Niche terms for filtering: sony, cheap, best, latest, review, price, sell, buy, recommendation, tips, tutorial, guide, how to, vs, versus, compared to, comparison, alternatives, which is better, expensive, discount, deals, sale, affordable, cost, online, offline, marketplace, store, shop, retailer, where to buy, worst, quality, original, genuine, fake, replica, authentic, brand, manufacturer, company, product, sony product, sell sony, buy sony, cheap sony, best sony, sony review, where to buy sony, how to choose sony, top sony, sony guide, sony for sale, sony deals
2026-09-12 21:26:19,760 - INFO - Generated 50 niche-clue pairs for 'sony'.
2026-09-12 21:26:19,763 - INFO - Expanded 50 seed keywords to 218 variations
2026-09-12 21:26:19,764 - INFO - 🔧 Request Handler initialized - Success rate: 100.0%
2026-09-12 21:30:40,663 - INFO - Original clue keywords: long battery, dlss technology
2026-09-12 21:30:40,663 - INFO - Niche-focused seeds: long battery sony, sony long battery, long battery cheap, cheap long battery, long battery best, best long battery, long battery latest, latest long battery, long battery review, review long battery, long battery price, price long battery, long battery sell, sell long battery, long battery buy, buy long battery, long battery recommendation, recommendation long battery, long battery tips, tips long battery, long battery tutorial, tutorial long battery, long battery guide, guide long battery, long battery how to, how to long battery, long battery vs, vs long battery, long battery versus, versus long battery, long battery compared to, compared to long battery, long battery comparison, comparison long battery, long battery alternatives, alternatives long battery, long battery which is better, which is better long battery, long battery expensive, expensive long battery, long battery discount, discount long battery, long battery deals, deals long battery, long battery sale, sale long battery, long battery affordable, affordable long battery, long battery cost, cost long battery, long battery online, online long battery, long battery offline, offline long battery, long battery marketplace, marketplace long battery, long battery store, store long battery, long battery shop, shop long battery, long battery retailer, retailer long battery, long battery where to buy, where to buy long battery, long battery worst, worst long battery, long battery quality, quality long battery, long battery original, original long battery, long battery genuine, genuine long battery, long battery fake, fake long battery, long battery replica, replica long battery, long battery authentic, authentic long battery, long battery brand, brand long battery, long battery manufacturer, manufacturer long battery, long battery company, company long battery, long battery product, product long battery, long battery sony product, sony product long battery, long battery sell sony, sell sony long battery, long battery buy sony, buy sony long battery, long battery cheap sony, cheap sony long battery, long battery best sony, best sony long battery, long battery sony review, sony review long battery, long battery where to buy sony, where to buy sony long battery, long battery how to choose sony, how to choose sony long battery, long battery top sony, top sony long battery, long battery sony guide, sony guide long battery, long battery sony for sale, sony for sale long battery, long battery sony deals, sony deals long battery, dlss technology sony, sony dlss technology, dlss technology cheap, cheap dlss technology, dlss technology best, best dlss technology, dlss technology latest, latest dlss technology, dlss technology review, review dlss technology, dlss technology price, price dlss technology, dlss technology sell, sell dlss technology, dlss technology buy, buy dlss technology, dlss technology recommendation, recommendation dlss technology, dlss technology tips, tips dlss technology, dlss technology tutorial, tutorial dlss technology, dlss technology guide, guide dlss technology, dlss technology how to, how to dlss technology, dlss technology vs, vs dlss technology, dlss technology versus, versus dlss technology, dlss technology compared to, compared to dlss technology, dlss technology comparison, comparison dlss technology, dlss technology alternatives, alternatives dlss technology, dlss technology which is better, which is better dlss technology, dlss technology expensive, expensive dlss technology, dlss technology discount, discount dlss technology, dlss technology deals, deals dlss technology, dlss technology sale, sale dlss technology, dlss technology affordable, affordable dlss technology, dlss technology cost, cost dlss technology, dlss technology online, online dlss technology, dlss technology offline, offline dlss technology, dlss technology marketplace, marketplace dlss technology, dlss technology store, store dlss technology, dlss technology shop, shop dlss technology, dlss technology retailer, retailer dlss technology, dlss technology where to buy, where to buy dlss technology, dlss technology worst, worst dlss technology, dlss technology quality, quality dlss technology, dlss technology original, original dlss technology, dlss technology genuine, genuine dlss technology, dlss technology fake, fake dlss technology, dlss technology replica, replica dlss technology, dlss technology authentic, authentic dlss technology, dlss technology brand, brand dlss technology, dlss technology manufacturer, manufacturer dlss technology, dlss technology company, company dlss technology, dlss technology product, product dlss technology, dlss technology sony product, sony product dlss technology, dlss technology sell sony, sell sony dlss technology, dlss technology buy sony, buy sony dlss technology, dlss technology cheap sony, cheap sony dlss technology, dlss technology best sony, best sony dlss technology, dlss technology sony review, sony review dlss technology, dlss technology where to buy sony, where to buy sony dlss technology, dlss technology how to choose sony, how to choose sony dlss technology, dlss technology top sony, top sony dlss technology, dlss technology sony guide, sony guide dlss technology, dlss technology sony for sale, sony for sale dlss technology, dlss technology sony deals, sony deals dlss technology
2026-09-12 21:30:40,666 - INFO - Expanded 220 seed keywords to 385 variations
2026-09-12 21:30:40,666 - INFO - Language: en
2026-09-12 21:30:40,666 - INFO - Region: us
2026-09-12 21:35:09,871 - INFO - 🎯 After all filtering for 'sony': 120 relevant keywords
2026-09-12 21:35:10,965 - INFO - 🎯 Found 5 new keywords for niche 'sony': sony affordable dlss technology, sony affordable long battery, cheap alternatives dlss technology, cheap alternatives long battery, best authentic dlss technology
2026-09-12 21:35:26,926 - INFO - ✅ Niche 'sony' process complete! 677 total keyword results.
2026-09-12 21:35:26,926 - INFO - ✅ Completed processing niche: 'sony'
2026-09-12 21:35:26,926 - INFO - 🔧 Request Handler final stats - Success rate: 100.0%
2026-09-12 21:35:26,927 - INFO -    Total requests: 195149, Blocks: 1
2026-09-12 21:35:26,928 - INFO - 
========================================
2026-09-12 21:35:26,928 - INFO - Process Summary:
2026-09-12 21:35:26,928 - INFO - - Current niche: 'sony'
2026-09-12 21:35:26,928 - INFO - - Next niche will be: 'asus'
2026-09-12 21:35:26,928 - INFO - - Keywords saved in: languages/english/keywords/sony/
2026-09-12 21:35:26,928 - INFO - ========================================
