2026-09-15 07:54:54,272 - INFO - Log file created at: /home/runner/work/potensitech.com/potensitech.com/languages/english/keywords/logs/kw_search_20260915_075454.log
2026-09-15 07:54:54,273 - INFO - ============================================================
2026-09-15 07:54:54,273 - INFO - AUTOMATIC KEYWORD RESEARCH TOOL
2026-09-15 07:54:54,273 - INFO - ============================================================
2026-09-15 07:54:54,583 - INFO - ========================================
2026-09-15 07:54:54,583 - INFO - Found 14 niches to process: xiaomi, iphone, samsung, apple, sony, asus, philips, sandisk, intel, nvidia, amd, canon, nikon, huawei
2026-09-15 07:54:54,583 - INFO - ========================================
2026-09-15 07:54:54,583 - INFO - Continuing from last processed niche: nikon
2026-09-15 07:54:54,583 - INFO - ========================================
2026-09-15 07:54:54,583 - INFO - 🎯 PROCESSING NICHE 14/14: 'huawei'
2026-09-15 07:54:54,583 - INFO - ========================================
2026-09-15 07:54:54,584 - INFO - 📁 Niche directory: /home/runner/work/potensitech.com/potensitech.com/languages/english/keywords/huawei
2026-09-15 07:54:54,584 - INFO - Selected region: us
2026-09-15 07:54:54,584 - INFO - Selected language: en
2026-09-15 07:54:54,584 - INFO - 🎯 Current niche: huawei
2026-09-15 07:55:05,719 - INFO - 🎯 Niche terms for filtering: huawei, cheap, best, latest, review, price, sell, buy, recommendation, tips, tutorial, guide, how to, vs, versus, compared to, comparison, alternatives, which is better, expensive, discount, deals, sale, affordable, cost, online, offline, marketplace, store, shop, retailer, where to buy, worst, quality, original, genuine, fake, replica, authentic, brand, manufacturer, company, product, huawei product, sell huawei, buy huawei, cheap huawei, best huawei, huawei review, where to buy huawei, how to choose huawei, top huawei, huawei guide, huawei for sale, huawei deals
2026-09-15 07:55:05,719 - INFO - Generated 50 niche-clue pairs for 'huawei'.
2026-09-15 07:55:05,722 - INFO - Expanded 50 seed keywords to 218 variations
2026-09-15 07:55:05,723 - INFO - 🔧 Request Handler initialized - Success rate: 100.0%
2026-09-15 07:59:31,199 - INFO - Original clue keywords: audio systems, smart lighting
2026-09-15 07:59:31,199 - INFO - Niche-focused seeds: audio systems huawei, huawei audio systems, audio systems cheap, cheap audio systems, audio systems best, best audio systems, audio systems latest, latest audio systems, audio systems review, review audio systems, audio systems price, price audio systems, audio systems sell, sell audio systems, audio systems buy, buy audio systems, audio systems recommendation, recommendation audio systems, audio systems tips, tips audio systems, audio systems tutorial, tutorial audio systems, audio systems guide, guide audio systems, audio systems how to, how to audio systems, audio systems vs, vs audio systems, audio systems versus, versus audio systems, audio systems compared to, compared to audio systems, audio systems comparison, comparison audio systems, audio systems alternatives, alternatives audio systems, audio systems which is better, which is better audio systems, audio systems expensive, expensive audio systems, audio systems discount, discount audio systems, audio systems deals, deals audio systems, audio systems sale, sale audio systems, audio systems affordable, affordable audio systems, audio systems cost, cost audio systems, audio systems online, online audio systems, audio systems offline, offline audio systems, audio systems marketplace, marketplace audio systems, audio systems store, store audio systems, audio systems shop, shop audio systems, audio systems retailer, retailer audio systems, audio systems where to buy, where to buy audio systems, audio systems worst, worst audio systems, audio systems quality, quality audio systems, audio systems original, original audio systems, audio systems genuine, genuine audio systems, audio systems fake, fake audio systems, audio systems replica, replica audio systems, audio systems authentic, authentic audio systems, audio systems brand, brand audio systems, audio systems manufacturer, manufacturer audio systems, audio systems company, company audio systems, audio systems product, product audio systems, audio systems huawei product, huawei product audio systems, audio systems sell huawei, sell huawei audio systems, audio systems buy huawei, buy huawei audio systems, audio systems cheap huawei, cheap huawei audio systems, audio systems best huawei, best huawei audio systems, audio systems huawei review, huawei review audio systems, audio systems where to buy huawei, where to buy huawei audio systems, audio systems how to choose huawei, how to choose huawei audio systems, audio systems top huawei, top huawei audio systems, audio systems huawei guide, huawei guide audio systems, audio systems huawei for sale, huawei for sale audio systems, audio systems huawei deals, huawei deals audio systems, smart lighting huawei, huawei smart lighting, smart lighting cheap, cheap smart lighting, smart lighting best, best smart lighting, smart lighting latest, latest smart lighting, smart lighting review, review smart lighting, smart lighting price, price smart lighting, smart lighting sell, sell smart lighting, smart lighting buy, buy smart lighting, smart lighting recommendation, recommendation smart lighting, smart lighting tips, tips smart lighting, smart lighting tutorial, tutorial smart lighting, smart lighting guide, guide smart lighting, smart lighting how to, how to smart lighting, smart lighting vs, vs smart lighting, smart lighting versus, versus smart lighting, smart lighting compared to, compared to smart lighting, smart lighting comparison, comparison smart lighting, smart lighting alternatives, alternatives smart lighting, smart lighting which is better, which is better smart lighting, smart lighting expensive, expensive smart lighting, smart lighting discount, discount smart lighting, smart lighting deals, deals smart lighting, smart lighting sale, sale smart lighting, smart lighting affordable, affordable smart lighting, smart lighting cost, cost smart lighting, smart lighting online, online smart lighting, smart lighting offline, offline smart lighting, smart lighting marketplace, marketplace smart lighting, smart lighting store, store smart lighting, smart lighting shop, shop smart lighting, smart lighting retailer, retailer smart lighting, smart lighting where to buy, where to buy smart lighting, smart lighting worst, worst smart lighting, smart lighting quality, quality smart lighting, smart lighting original, original smart lighting, smart lighting genuine, genuine smart lighting, smart lighting fake, fake smart lighting, smart lighting replica, replica smart lighting, smart lighting authentic, authentic smart lighting, smart lighting brand, brand smart lighting, smart lighting manufacturer, manufacturer smart lighting, smart lighting company, company smart lighting, smart lighting product, product smart lighting, smart lighting huawei product, huawei product smart lighting, smart lighting sell huawei, sell huawei smart lighting, smart lighting buy huawei, buy huawei smart lighting, smart lighting cheap huawei, cheap huawei smart lighting, smart lighting best huawei, best huawei smart lighting, smart lighting huawei review, huawei review smart lighting, smart lighting where to buy huawei, where to buy huawei smart lighting, smart lighting how to choose huawei, how to choose huawei smart lighting, smart lighting top huawei, top huawei smart lighting, smart lighting huawei guide, huawei guide smart lighting, smart lighting huawei for sale, huawei for sale smart lighting, smart lighting huawei deals, huawei deals smart lighting
2026-09-15 07:59:31,202 - INFO - Expanded 220 seed keywords to 385 variations
2026-09-15 07:59:31,202 - INFO - Language: en
2026-09-15 07:59:31,202 - INFO - Region: us
2026-09-15 08:04:03,450 - INFO - 🎯 After all filtering for 'huawei': 120 relevant keywords
2026-09-15 08:04:04,777 - INFO - 🎯 Found 5 new keywords for niche 'huawei': huawei affordable audio systems, huawei affordable smart lighting, cheap alternatives audio systems, alternatives smart lighting cheap, best audio systems authentic
2026-09-15 08:04:20,658 - INFO - ✅ Niche 'huawei' process complete! 677 total keyword results.
2026-09-15 08:04:20,658 - INFO - ✅ Completed processing niche: 'huawei'
2026-09-15 08:04:20,659 - INFO - 🔧 Request Handler final stats - Success rate: 100.0%
2026-09-15 08:04:20,659 - INFO -    Total requests: 197128, Blocks: 1
2026-09-15 08:04:20,659 - INFO - 
========================================
2026-09-15 08:04:20,660 - INFO - Process Summary:
2026-09-15 08:04:20,660 - INFO - - Current niche: 'huawei'
2026-09-15 08:04:20,660 - INFO - - Next niche will be: 'xiaomi'
2026-09-15 08:04:20,660 - INFO - - Keywords saved in: languages/english/keywords/huawei/
2026-09-15 08:04:20,660 - INFO - ========================================
