2026-09-23 18:26:25,295 - INFO - Log file created at: /home/runner/work/potensitech.com/potensitech.com/languages/english/keywords/logs/kw_search_20260923_182625.log
2026-09-23 18:26:25,295 - INFO - ============================================================
2026-09-23 18:26:25,296 - INFO - AUTOMATIC KEYWORD RESEARCH TOOL
2026-09-23 18:26:25,296 - INFO - ============================================================
2026-09-23 18:26:25,736 - INFO - ========================================
2026-09-23 18:26:25,736 - INFO - Found 14 niches to process: xiaomi, iphone, samsung, apple, sony, asus, philips, sandisk, intel, nvidia, amd, canon, nikon, huawei
2026-09-23 18:26:25,736 - INFO - ========================================
2026-09-23 18:26:25,736 - INFO - All niches completed, starting over
2026-09-23 18:26:25,736 - INFO - ========================================
2026-09-23 18:26:25,736 - INFO - 🎯 PROCESSING NICHE 1/14: 'xiaomi'
2026-09-23 18:26:25,736 - INFO - ========================================
2026-09-23 18:26:25,736 - INFO - 📁 Niche directory: /home/runner/work/potensitech.com/potensitech.com/languages/english/keywords/xiaomi
2026-09-23 18:26:25,736 - INFO - Selected region: us
2026-09-23 18:26:25,736 - INFO - Selected language: en
2026-09-23 18:26:25,736 - INFO - 🎯 Current niche: xiaomi
2026-09-23 18:26:36,870 - INFO - 🎯 Niche terms for filtering: xiaomi, cheap, best, latest, review, price, sell, buy, recommendation, tips, tutorial, guide, how to, vs, versus, compared to, comparison, alternatives, which is better, expensive, discount, deals, sale, affordable, cost, online, offline, marketplace, store, shop, retailer, where to buy, worst, quality, original, genuine, fake, replica, authentic, brand, manufacturer, company, product, xiaomi product, sell xiaomi, buy xiaomi, cheap xiaomi, best xiaomi, xiaomi review, where to buy xiaomi, how to choose xiaomi, top xiaomi, xiaomi guide, xiaomi for sale, xiaomi deals
2026-09-23 18:26:36,870 - INFO - Generated 50 niche-clue pairs for 'xiaomi'.
2026-09-23 18:26:36,874 - INFO - Expanded 50 seed keywords to 218 variations
2026-09-23 18:26:36,875 - INFO - 🔧 Request Handler initialized - Success rate: 100.0%
2026-09-23 18:31:02,442 - INFO - Original clue keywords: gaming optimization, overclocking capability
2026-09-23 18:31:02,442 - INFO - Niche-focused seeds: gaming optimization xiaomi, xiaomi gaming optimization, gaming optimization cheap, cheap gaming optimization, gaming optimization best, best gaming optimization, gaming optimization latest, latest gaming optimization, gaming optimization review, review gaming optimization, gaming optimization price, price gaming optimization, gaming optimization sell, sell gaming optimization, gaming optimization buy, buy gaming optimization, gaming optimization recommendation, recommendation gaming optimization, gaming optimization tips, tips gaming optimization, gaming optimization tutorial, tutorial gaming optimization, gaming optimization guide, guide gaming optimization, gaming optimization how to, how to gaming optimization, gaming optimization vs, vs gaming optimization, gaming optimization versus, versus gaming optimization, gaming optimization compared to, compared to gaming optimization, gaming optimization comparison, comparison gaming optimization, gaming optimization alternatives, alternatives gaming optimization, gaming optimization which is better, which is better gaming optimization, gaming optimization expensive, expensive gaming optimization, gaming optimization discount, discount gaming optimization, gaming optimization deals, deals gaming optimization, gaming optimization sale, sale gaming optimization, gaming optimization affordable, affordable gaming optimization, gaming optimization cost, cost gaming optimization, gaming optimization online, online gaming optimization, gaming optimization offline, offline gaming optimization, gaming optimization marketplace, marketplace gaming optimization, gaming optimization store, store gaming optimization, gaming optimization shop, shop gaming optimization, gaming optimization retailer, retailer gaming optimization, gaming optimization where to buy, where to buy gaming optimization, gaming optimization worst, worst gaming optimization, gaming optimization quality, quality gaming optimization, gaming optimization original, original gaming optimization, gaming optimization genuine, genuine gaming optimization, gaming optimization fake, fake gaming optimization, gaming optimization replica, replica gaming optimization, gaming optimization authentic, authentic gaming optimization, gaming optimization brand, brand gaming optimization, gaming optimization manufacturer, manufacturer gaming optimization, gaming optimization company, company gaming optimization, gaming optimization product, product gaming optimization, gaming optimization xiaomi product, xiaomi product gaming optimization, gaming optimization sell xiaomi, sell xiaomi gaming optimization, gaming optimization buy xiaomi, buy xiaomi gaming optimization, gaming optimization cheap xiaomi, cheap xiaomi gaming optimization, gaming optimization best xiaomi, best xiaomi gaming optimization, gaming optimization xiaomi review, xiaomi review gaming optimization, gaming optimization where to buy xiaomi, where to buy xiaomi gaming optimization, gaming optimization how to choose xiaomi, how to choose xiaomi gaming optimization, gaming optimization top xiaomi, top xiaomi gaming optimization, gaming optimization xiaomi guide, xiaomi guide gaming optimization, gaming optimization xiaomi for sale, xiaomi for sale gaming optimization, gaming optimization xiaomi deals, xiaomi deals gaming optimization, overclocking capability xiaomi, xiaomi overclocking capability, overclocking capability cheap, cheap overclocking capability, overclocking capability best, best overclocking capability, overclocking capability latest, latest overclocking capability, overclocking capability review, review overclocking capability, overclocking capability price, price overclocking capability, overclocking capability sell, sell overclocking capability, overclocking capability buy, buy overclocking capability, overclocking capability recommendation, recommendation overclocking capability, overclocking capability tips, tips overclocking capability, overclocking capability tutorial, tutorial overclocking capability, overclocking capability guide, guide overclocking capability, overclocking capability how to, how to overclocking capability, overclocking capability vs, vs overclocking capability, overclocking capability versus, versus overclocking capability, overclocking capability compared to, compared to overclocking capability, overclocking capability comparison, comparison overclocking capability, overclocking capability alternatives, alternatives overclocking capability, overclocking capability which is better, which is better overclocking capability, overclocking capability expensive, expensive overclocking capability, overclocking capability discount, discount overclocking capability, overclocking capability deals, deals overclocking capability, overclocking capability sale, sale overclocking capability, overclocking capability affordable, affordable overclocking capability, overclocking capability cost, cost overclocking capability, overclocking capability online, online overclocking capability, overclocking capability offline, offline overclocking capability, overclocking capability marketplace, marketplace overclocking capability, overclocking capability store, store overclocking capability, overclocking capability shop, shop overclocking capability, overclocking capability retailer, retailer overclocking capability, overclocking capability where to buy, where to buy overclocking capability, overclocking capability worst, worst overclocking capability, overclocking capability quality, quality overclocking capability, overclocking capability original, original overclocking capability, overclocking capability genuine, genuine overclocking capability, overclocking capability fake, fake overclocking capability, overclocking capability replica, replica overclocking capability, overclocking capability authentic, authentic overclocking capability, overclocking capability brand, brand overclocking capability, overclocking capability manufacturer, manufacturer overclocking capability, overclocking capability company, company overclocking capability, overclocking capability product, product overclocking capability, overclocking capability xiaomi product, xiaomi product overclocking capability, overclocking capability sell xiaomi, sell xiaomi overclocking capability, overclocking capability buy xiaomi, buy xiaomi overclocking capability, overclocking capability cheap xiaomi, cheap xiaomi overclocking capability, overclocking capability best xiaomi, best xiaomi overclocking capability, overclocking capability xiaomi review, xiaomi review overclocking capability, overclocking capability where to buy xiaomi, where to buy xiaomi overclocking capability, overclocking capability how to choose xiaomi, how to choose xiaomi overclocking capability, overclocking capability top xiaomi, top xiaomi overclocking capability, overclocking capability xiaomi guide, xiaomi guide overclocking capability, overclocking capability xiaomi for sale, xiaomi for sale overclocking capability, overclocking capability xiaomi deals, xiaomi deals overclocking capability
2026-09-23 18:31:02,446 - INFO - Expanded 220 seed keywords to 385 variations
2026-09-23 18:31:02,446 - INFO - Language: en
2026-09-23 18:31:02,446 - INFO - Region: us
2026-09-23 18:33:27,775 - INFO - 🎯 After all filtering for 'xiaomi': 120 relevant keywords
2026-09-23 18:33:30,603 - INFO - 🎯 Found 5 new keywords for niche 'xiaomi': xiaomi affordable gaming optimization, xiaomi affordable overclocking capability, cheap alternatives overclocking capability, best authentic overclocking capability, how to brand overclocking capability
2026-09-23 18:33:46,194 - INFO - ✅ Niche 'xiaomi' process complete! 694 total keyword results.
2026-09-23 18:33:46,194 - INFO - ✅ Completed processing niche: 'xiaomi'
2026-09-23 18:33:46,194 - INFO - 🔧 Request Handler final stats - Success rate: 100.0%
2026-09-23 18:33:46,195 - INFO -    Total requests: 204260, Blocks: 1
2026-09-23 18:33:46,196 - INFO - 
========================================
2026-09-23 18:33:46,196 - INFO - Process Summary:
2026-09-23 18:33:46,196 - INFO - - Current niche: 'xiaomi'
2026-09-23 18:33:46,196 - INFO - - Next niche will be: 'iphone'
2026-09-23 18:33:46,196 - INFO - - Keywords saved in: languages/english/keywords/xiaomi/
2026-09-23 18:33:46,196 - INFO - ========================================
