2026-09-24 12:43:58,096 - INFO - Log file created at: /home/runner/work/potensitech.com/potensitech.com/languages/english/keywords/logs/kw_search_20260924_124358.log
2026-09-24 12:43:58,096 - INFO - ============================================================
2026-09-24 12:43:58,096 - INFO - AUTOMATIC KEYWORD RESEARCH TOOL
2026-09-24 12:43:58,096 - INFO - ============================================================
2026-09-24 12:43:58,469 - INFO - ========================================
2026-09-24 12:43:58,469 - INFO - Found 14 niches to process: xiaomi, iphone, samsung, apple, sony, asus, philips, sandisk, intel, nvidia, amd, canon, nikon, huawei
2026-09-24 12:43:58,469 - INFO - ========================================
2026-09-24 12:43:58,469 - INFO - Continuing from last processed niche: philips
2026-09-24 12:43:58,469 - INFO - ========================================
2026-09-24 12:43:58,469 - INFO - 🎯 PROCESSING NICHE 8/14: 'sandisk'
2026-09-24 12:43:58,469 - INFO - ========================================
2026-09-24 12:43:58,470 - INFO - 📁 Niche directory: /home/runner/work/potensitech.com/potensitech.com/languages/english/keywords/sandisk
2026-09-24 12:43:58,470 - INFO - Selected region: us
2026-09-24 12:43:58,470 - INFO - Selected language: en
2026-09-24 12:43:58,470 - INFO - 🎯 Current niche: sandisk
2026-09-24 12:44:09,621 - INFO - 🎯 Niche terms for filtering: sandisk, cheap, best, latest, review, price, sell, buy, recommendation, tips, tutorial, guide, how to, vs, versus, compared to, comparison, alternatives, which is better, expensive, discount, deals, sale, affordable, cost, online, offline, marketplace, store, shop, retailer, where to buy, worst, quality, original, genuine, fake, replica, authentic, brand, manufacturer, company, product, sandisk product, sell sandisk, buy sandisk, cheap sandisk, best sandisk, sandisk review, where to buy sandisk, how to choose sandisk, top sandisk, sandisk guide, sandisk for sale, sandisk deals
2026-09-24 12:44:09,622 - INFO - Generated 50 niche-clue pairs for 'sandisk'.
2026-09-24 12:44:09,624 - INFO - Expanded 50 seed keywords to 218 variations
2026-09-24 12:44:09,625 - INFO - 🔧 Request Handler initialized - Success rate: 100.0%
2026-09-24 12:48:33,529 - INFO - Original clue keywords: overclocking capability, core speed
2026-09-24 12:48:33,530 - INFO - Niche-focused seeds: overclocking capability sandisk, sandisk overclocking capability, overclocking capability cheap, cheap overclocking capability, overclocking capability best, best overclocking capability, overclocking capability latest, latest overclocking capability, overclocking capability review, review overclocking capability, overclocking capability price, price overclocking capability, overclocking capability sell, sell overclocking capability, overclocking capability buy, buy overclocking capability, overclocking capability recommendation, recommendation overclocking capability, overclocking capability tips, tips overclocking capability, overclocking capability tutorial, tutorial overclocking capability, overclocking capability guide, guide overclocking capability, overclocking capability how to, how to overclocking capability, overclocking capability vs, vs overclocking capability, overclocking capability versus, versus overclocking capability, overclocking capability compared to, compared to overclocking capability, overclocking capability comparison, comparison overclocking capability, overclocking capability alternatives, alternatives overclocking capability, overclocking capability which is better, which is better overclocking capability, overclocking capability expensive, expensive overclocking capability, overclocking capability discount, discount overclocking capability, overclocking capability deals, deals overclocking capability, overclocking capability sale, sale overclocking capability, overclocking capability affordable, affordable overclocking capability, overclocking capability cost, cost overclocking capability, overclocking capability online, online overclocking capability, overclocking capability offline, offline overclocking capability, overclocking capability marketplace, marketplace overclocking capability, overclocking capability store, store overclocking capability, overclocking capability shop, shop overclocking capability, overclocking capability retailer, retailer overclocking capability, overclocking capability where to buy, where to buy overclocking capability, overclocking capability worst, worst overclocking capability, overclocking capability quality, quality overclocking capability, overclocking capability original, original overclocking capability, overclocking capability genuine, genuine overclocking capability, overclocking capability fake, fake overclocking capability, overclocking capability replica, replica overclocking capability, overclocking capability authentic, authentic overclocking capability, overclocking capability brand, brand overclocking capability, overclocking capability manufacturer, manufacturer overclocking capability, overclocking capability company, company overclocking capability, overclocking capability product, product overclocking capability, overclocking capability sandisk product, sandisk product overclocking capability, overclocking capability sell sandisk, sell sandisk overclocking capability, overclocking capability buy sandisk, buy sandisk overclocking capability, overclocking capability cheap sandisk, cheap sandisk overclocking capability, overclocking capability best sandisk, best sandisk overclocking capability, overclocking capability sandisk review, sandisk review overclocking capability, overclocking capability where to buy sandisk, where to buy sandisk overclocking capability, overclocking capability how to choose sandisk, how to choose sandisk overclocking capability, overclocking capability top sandisk, top sandisk overclocking capability, overclocking capability sandisk guide, sandisk guide overclocking capability, overclocking capability sandisk for sale, sandisk for sale overclocking capability, overclocking capability sandisk deals, sandisk deals overclocking capability, core speed sandisk, sandisk core speed, core speed cheap, cheap core speed, core speed best, best core speed, core speed latest, latest core speed, core speed review, review core speed, core speed price, price core speed, core speed sell, sell core speed, core speed buy, buy core speed, core speed recommendation, recommendation core speed, core speed tips, tips core speed, core speed tutorial, tutorial core speed, core speed guide, guide core speed, core speed how to, how to core speed, core speed vs, vs core speed, core speed versus, versus core speed, core speed compared to, compared to core speed, core speed comparison, comparison core speed, core speed alternatives, alternatives core speed, core speed which is better, which is better core speed, core speed expensive, expensive core speed, core speed discount, discount core speed, core speed deals, deals core speed, core speed sale, sale core speed, core speed affordable, affordable core speed, core speed cost, cost core speed, core speed online, online core speed, core speed offline, offline core speed, core speed marketplace, marketplace core speed, core speed store, store core speed, core speed shop, shop core speed, core speed retailer, retailer core speed, core speed where to buy, where to buy core speed, core speed worst, worst core speed, core speed quality, quality core speed, core speed original, original core speed, core speed genuine, genuine core speed, core speed fake, fake core speed, core speed replica, replica core speed, core speed authentic, authentic core speed, core speed brand, brand core speed, core speed manufacturer, manufacturer core speed, core speed company, company core speed, core speed product, product core speed, core speed sandisk product, sandisk product core speed, core speed sell sandisk, sell sandisk core speed, core speed buy sandisk, buy sandisk core speed, core speed cheap sandisk, cheap sandisk core speed, core speed best sandisk, best sandisk core speed, core speed sandisk review, sandisk review core speed, core speed where to buy sandisk, where to buy sandisk core speed, core speed how to choose sandisk, how to choose sandisk core speed, core speed top sandisk, top sandisk core speed, core speed sandisk guide, sandisk guide core speed, core speed sandisk for sale, sandisk for sale core speed, core speed sandisk deals, sandisk deals core speed
2026-09-24 12:48:33,532 - INFO - Expanded 220 seed keywords to 385 variations
2026-09-24 12:48:33,532 - INFO - Language: en
2026-09-24 12:48:33,532 - INFO - Region: us
2026-09-24 12:53:04,536 - INFO - 🎯 After all filtering for 'sandisk': 120 relevant keywords
2026-09-24 12:53:05,675 - INFO - 🎯 Found 5 new keywords for niche 'sandisk': sandisk affordable core speed, sandisk affordable overclocking capability, cheap alternatives core speed, cheap alternatives overclocking capability, best authentic core speed
2026-09-24 12:53:22,264 - INFO - ✅ Niche 'sandisk' process complete! 863 total keyword results.
2026-09-24 12:53:22,264 - INFO - ✅ Completed processing niche: 'sandisk'
2026-09-24 12:53:22,264 - INFO - 🔧 Request Handler final stats - Success rate: 100.0%
2026-09-24 12:53:22,264 - INFO -    Total requests: 204960, Blocks: 1
2026-09-24 12:53:22,265 - INFO - 
========================================
2026-09-24 12:53:22,266 - INFO - Process Summary:
2026-09-24 12:53:22,266 - INFO - - Current niche: 'sandisk'
2026-09-24 12:53:22,266 - INFO - - Next niche will be: 'intel'
2026-09-24 12:53:22,266 - INFO - - Keywords saved in: languages/english/keywords/sandisk/
2026-09-24 12:53:22,266 - INFO - ========================================
