2026-08-27 12:56:33,418 - INFO - Log file created at: /home/runner/work/potensitech.com/potensitech.com/languages/english/keywords/logs/kw_search_20260827_125633.log
2026-08-27 12:56:33,419 - INFO - ============================================================
2026-08-27 12:56:33,419 - INFO - AUTOMATIC KEYWORD RESEARCH TOOL
2026-08-27 12:56:33,419 - INFO - ============================================================
2026-08-27 12:56:33,743 - INFO - ========================================
2026-08-27 12:56:33,743 - INFO - Found 14 niches to process: xiaomi, iphone, samsung, apple, sony, asus, philips, sandisk, intel, nvidia, amd, canon, nikon, huawei
2026-08-27 12:56:33,743 - INFO - ========================================
2026-08-27 12:56:33,743 - INFO - Continuing from last processed niche: asus
2026-08-27 12:56:33,743 - INFO - ========================================
2026-08-27 12:56:33,743 - INFO - 🎯 PROCESSING NICHE 7/14: 'philips'
2026-08-27 12:56:33,743 - INFO - ========================================
2026-08-27 12:56:33,744 - INFO - 📁 Niche directory: /home/runner/work/potensitech.com/potensitech.com/languages/english/keywords/philips
2026-08-27 12:56:33,744 - INFO - Selected region: us
2026-08-27 12:56:33,744 - INFO - Selected language: en
2026-08-27 12:56:33,744 - INFO - 🎯 Current niche: philips
2026-08-27 12:56:44,525 - INFO - 🎯 Niche terms for filtering: philips, cheap, best, latest, review, price, sell, buy, recommendation, tips, tutorial, guide, how to, vs, versus, compared to, comparison, alternatives, which is better, expensive, discount, deals, sale, affordable, cost, online, offline, marketplace, store, shop, retailer, where to buy, worst, quality, original, genuine, fake, replica, authentic, brand, manufacturer, company, product, philips product, sell philips, buy philips, cheap philips, best philips, philips review, where to buy philips, how to choose philips, top philips, philips guide, philips for sale, philips deals
2026-08-27 12:56:44,525 - INFO - Generated 50 niche-clue pairs for 'philips'.
2026-08-27 12:56:44,528 - INFO - Expanded 50 seed keywords to 218 variations
2026-08-27 12:56:44,529 - INFO - 🔧 Request Handler initialized - Success rate: 100.0%
2026-08-27 13:01:11,913 - INFO - Original clue keywords: portable storage, usb stick
2026-08-27 13:01:11,913 - INFO - Niche-focused seeds: portable storage philips, philips portable storage, portable storage cheap, cheap portable storage, portable storage best, best portable storage, portable storage latest, latest portable storage, portable storage review, review portable storage, portable storage price, price portable storage, portable storage sell, sell portable storage, portable storage buy, buy portable storage, portable storage recommendation, recommendation portable storage, portable storage tips, tips portable storage, portable storage tutorial, tutorial portable storage, portable storage guide, guide portable storage, portable storage how to, how to portable storage, portable storage vs, vs portable storage, portable storage versus, versus portable storage, portable storage compared to, compared to portable storage, portable storage comparison, comparison portable storage, portable storage alternatives, alternatives portable storage, portable storage which is better, which is better portable storage, portable storage expensive, expensive portable storage, portable storage discount, discount portable storage, portable storage deals, deals portable storage, portable storage sale, sale portable storage, portable storage affordable, affordable portable storage, portable storage cost, cost portable storage, portable storage online, online portable storage, portable storage offline, offline portable storage, portable storage marketplace, marketplace portable storage, portable storage store, store portable storage, portable storage shop, shop portable storage, portable storage retailer, retailer portable storage, portable storage where to buy, where to buy portable storage, portable storage worst, worst portable storage, portable storage quality, quality portable storage, portable storage original, original portable storage, portable storage genuine, genuine portable storage, portable storage fake, fake portable storage, portable storage replica, replica portable storage, portable storage authentic, authentic portable storage, portable storage brand, brand portable storage, portable storage manufacturer, manufacturer portable storage, portable storage company, company portable storage, portable storage product, product portable storage, portable storage philips product, philips product portable storage, portable storage sell philips, sell philips portable storage, portable storage buy philips, buy philips portable storage, portable storage cheap philips, cheap philips portable storage, portable storage best philips, best philips portable storage, portable storage philips review, philips review portable storage, portable storage where to buy philips, where to buy philips portable storage, portable storage how to choose philips, how to choose philips portable storage, portable storage top philips, top philips portable storage, portable storage philips guide, philips guide portable storage, portable storage philips for sale, philips for sale portable storage, portable storage philips deals, philips deals portable storage, usb stick philips, philips usb stick, usb stick cheap, cheap usb stick, usb stick best, best usb stick, usb stick latest, latest usb stick, usb stick review, review usb stick, usb stick price, price usb stick, usb stick sell, sell usb stick, usb stick buy, buy usb stick, usb stick recommendation, recommendation usb stick, usb stick tips, tips usb stick, usb stick tutorial, tutorial usb stick, usb stick guide, guide usb stick, usb stick how to, how to usb stick, usb stick vs, vs usb stick, usb stick versus, versus usb stick, usb stick compared to, compared to usb stick, usb stick comparison, comparison usb stick, usb stick alternatives, alternatives usb stick, usb stick which is better, which is better usb stick, usb stick expensive, expensive usb stick, usb stick discount, discount usb stick, usb stick deals, deals usb stick, usb stick sale, sale usb stick, usb stick affordable, affordable usb stick, usb stick cost, cost usb stick, usb stick online, online usb stick, usb stick offline, offline usb stick, usb stick marketplace, marketplace usb stick, usb stick store, store usb stick, usb stick shop, shop usb stick, usb stick retailer, retailer usb stick, usb stick where to buy, where to buy usb stick, usb stick worst, worst usb stick, usb stick quality, quality usb stick, usb stick original, original usb stick, usb stick genuine, genuine usb stick, usb stick fake, fake usb stick, usb stick replica, replica usb stick, usb stick authentic, authentic usb stick, usb stick brand, brand usb stick, usb stick manufacturer, manufacturer usb stick, usb stick company, company usb stick, usb stick product, product usb stick, usb stick philips product, philips product usb stick, usb stick sell philips, sell philips usb stick, usb stick buy philips, buy philips usb stick, usb stick cheap philips, cheap philips usb stick, usb stick best philips, best philips usb stick, usb stick philips review, philips review usb stick, usb stick where to buy philips, where to buy philips usb stick, usb stick how to choose philips, how to choose philips usb stick, usb stick top philips, top philips usb stick, usb stick philips guide, philips guide usb stick, usb stick philips for sale, philips for sale usb stick, usb stick philips deals, philips deals usb stick
2026-08-27 13:01:11,917 - INFO - Expanded 220 seed keywords to 385 variations
2026-08-27 13:01:11,917 - INFO - Language: en
2026-08-27 13:01:11,917 - INFO - Region: us
2026-08-27 13:04:47,664 - INFO - 🎯 After all filtering for 'philips': 120 relevant keywords
2026-08-27 13:04:48,944 - INFO - 🎯 Found 5 new keywords for niche 'philips': philips affordable portable storage, philips affordable usb stick, cheap alternatives portable storage, cheap alternatives usb stick, best authentic portable storage
2026-08-27 13:05:05,179 - INFO - ✅ Niche 'philips' process complete! 707 total keyword results.
2026-08-27 13:05:05,180 - INFO - ✅ Completed processing niche: 'philips'
2026-08-27 13:05:05,180 - INFO - 🔧 Request Handler final stats - Success rate: 100.0%
2026-08-27 13:05:05,180 - INFO -    Total requests: 181456, Blocks: 1
2026-08-27 13:05:05,181 - INFO - 
========================================
2026-08-27 13:05:05,181 - INFO - Process Summary:
2026-08-27 13:05:05,181 - INFO - - Current niche: 'philips'
2026-08-27 13:05:05,181 - INFO - - Next niche will be: 'sandisk'
2026-08-27 13:05:05,181 - INFO - - Keywords saved in: languages/english/keywords/philips/
2026-08-27 13:05:05,182 - INFO - ========================================
