2026-08-18 19:37:53,448 - INFO - Log file created at: /home/runner/work/potensitech.com/potensitech.com/languages/english/keywords/logs/kw_search_20260818_193753.log
2026-08-18 19:37:53,448 - INFO - ============================================================
2026-08-18 19:37:53,448 - INFO - AUTOMATIC KEYWORD RESEARCH TOOL
2026-08-18 19:37:53,448 - INFO - ============================================================
2026-08-18 19:37:53,646 - INFO - ========================================
2026-08-18 19:37:53,646 - INFO - Found 14 niches to process: xiaomi, iphone, samsung, apple, sony, asus, philips, sandisk, intel, nvidia, amd, canon, nikon, huawei
2026-08-18 19:37:53,646 - INFO - ========================================
2026-08-18 19:37:53,646 - INFO - Continuing from last processed niche: philips
2026-08-18 19:37:53,646 - INFO - ========================================
2026-08-18 19:37:53,646 - INFO - 🎯 PROCESSING NICHE 8/14: 'sandisk'
2026-08-18 19:37:53,646 - INFO - ========================================
2026-08-18 19:37:53,646 - INFO - 📁 Niche directory: /home/runner/work/potensitech.com/potensitech.com/languages/english/keywords/sandisk
2026-08-18 19:37:53,646 - INFO - Selected region: us
2026-08-18 19:37:53,646 - INFO - Selected language: en
2026-08-18 19:37:53,646 - INFO - 🎯 Current niche: sandisk
2026-08-18 19:37:54,270 - INFO - 🎯 Niche terms for filtering: sandisk, cheap, best, latest, review, price, sell, buy, recommendation, tips, tutorial, guide, how to, vs, versus, compared to, comparison, alternatives, which is better, expensive, discount, deals, sale, affordable, cost, online, offline, marketplace, store, shop, retailer, where to buy, worst, quality, original, genuine, fake, replica, authentic, brand, manufacturer, company, product, sandisk product, sell sandisk, buy sandisk, cheap sandisk, best sandisk, sandisk review, where to buy sandisk, how to choose sandisk, top sandisk, sandisk guide, sandisk for sale, sandisk deals
2026-08-18 19:37:54,270 - INFO - Generated 50 niche-clue pairs for 'sandisk'.
2026-08-18 19:37:54,272 - INFO - Expanded 50 seed keywords to 218 variations
2026-08-18 19:37:54,278 - INFO - 🔧 Request Handler initialized - Success rate: 100.0%
2026-08-18 19:42:18,755 - INFO - Original clue keywords: flagship phone, amoled display
2026-08-18 19:42:18,755 - INFO - Niche-focused seeds: flagship phone sandisk, sandisk flagship phone, flagship phone cheap, cheap flagship phone, flagship phone best, best flagship phone, flagship phone latest, latest flagship phone, flagship phone review, review flagship phone, flagship phone price, price flagship phone, flagship phone sell, sell flagship phone, flagship phone buy, buy flagship phone, flagship phone recommendation, recommendation flagship phone, flagship phone tips, tips flagship phone, flagship phone tutorial, tutorial flagship phone, flagship phone guide, guide flagship phone, flagship phone how to, how to flagship phone, flagship phone vs, vs flagship phone, flagship phone versus, versus flagship phone, flagship phone compared to, compared to flagship phone, flagship phone comparison, comparison flagship phone, flagship phone alternatives, alternatives flagship phone, flagship phone which is better, which is better flagship phone, flagship phone expensive, expensive flagship phone, flagship phone discount, discount flagship phone, flagship phone deals, deals flagship phone, flagship phone sale, sale flagship phone, flagship phone affordable, affordable flagship phone, flagship phone cost, cost flagship phone, flagship phone online, online flagship phone, flagship phone offline, offline flagship phone, flagship phone marketplace, marketplace flagship phone, flagship phone store, store flagship phone, flagship phone shop, shop flagship phone, flagship phone retailer, retailer flagship phone, flagship phone where to buy, where to buy flagship phone, flagship phone worst, worst flagship phone, flagship phone quality, quality flagship phone, flagship phone original, original flagship phone, flagship phone genuine, genuine flagship phone, flagship phone fake, fake flagship phone, flagship phone replica, replica flagship phone, flagship phone authentic, authentic flagship phone, flagship phone brand, brand flagship phone, flagship phone manufacturer, manufacturer flagship phone, flagship phone company, company flagship phone, flagship phone product, product flagship phone, flagship phone sandisk product, sandisk product flagship phone, flagship phone sell sandisk, sell sandisk flagship phone, flagship phone buy sandisk, buy sandisk flagship phone, flagship phone cheap sandisk, cheap sandisk flagship phone, flagship phone best sandisk, best sandisk flagship phone, flagship phone sandisk review, sandisk review flagship phone, flagship phone where to buy sandisk, where to buy sandisk flagship phone, flagship phone how to choose sandisk, how to choose sandisk flagship phone, flagship phone top sandisk, top sandisk flagship phone, flagship phone sandisk guide, sandisk guide flagship phone, flagship phone sandisk for sale, sandisk for sale flagship phone, flagship phone sandisk deals, sandisk deals flagship phone, amoled display sandisk, sandisk amoled display, amoled display cheap, cheap amoled display, amoled display best, best amoled display, amoled display latest, latest amoled display, amoled display review, review amoled display, amoled display price, price amoled display, amoled display sell, sell amoled display, amoled display buy, buy amoled display, amoled display recommendation, recommendation amoled display, amoled display tips, tips amoled display, amoled display tutorial, tutorial amoled display, amoled display guide, guide amoled display, amoled display how to, how to amoled display, amoled display vs, vs amoled display, amoled display versus, versus amoled display, amoled display compared to, compared to amoled display, amoled display comparison, comparison amoled display, amoled display alternatives, alternatives amoled display, amoled display which is better, which is better amoled display, amoled display expensive, expensive amoled display, amoled display discount, discount amoled display, amoled display deals, deals amoled display, amoled display sale, sale amoled display, amoled display affordable, affordable amoled display, amoled display cost, cost amoled display, amoled display online, online amoled display, amoled display offline, offline amoled display, amoled display marketplace, marketplace amoled display, amoled display store, store amoled display, amoled display shop, shop amoled display, amoled display retailer, retailer amoled display, amoled display where to buy, where to buy amoled display, amoled display worst, worst amoled display, amoled display quality, quality amoled display, amoled display original, original amoled display, amoled display genuine, genuine amoled display, amoled display fake, fake amoled display, amoled display replica, replica amoled display, amoled display authentic, authentic amoled display, amoled display brand, brand amoled display, amoled display manufacturer, manufacturer amoled display, amoled display company, company amoled display, amoled display product, product amoled display, amoled display sandisk product, sandisk product amoled display, amoled display sell sandisk, sell sandisk amoled display, amoled display buy sandisk, buy sandisk amoled display, amoled display cheap sandisk, cheap sandisk amoled display, amoled display best sandisk, best sandisk amoled display, amoled display sandisk review, sandisk review amoled display, amoled display where to buy sandisk, where to buy sandisk amoled display, amoled display how to choose sandisk, how to choose sandisk amoled display, amoled display top sandisk, top sandisk amoled display, amoled display sandisk guide, sandisk guide amoled display, amoled display sandisk for sale, sandisk for sale amoled display, amoled display sandisk deals, sandisk deals amoled display
2026-08-18 19:42:18,757 - INFO - Expanded 220 seed keywords to 385 variations
2026-08-18 19:42:18,757 - INFO - Language: en
2026-08-18 19:42:18,757 - INFO - Region: us
2026-08-18 19:46:46,279 - INFO - 🎯 After all filtering for 'sandisk': 120 relevant keywords
2026-08-18 19:46:47,813 - INFO - 🎯 Found 5 new keywords for niche 'sandisk': sandisk affordable amoled display, sandisk affordable flagship phone, cheap alternatives amoled display, cheap alternatives flagship phone, best amoled display authentic
2026-08-18 19:46:48,278 - INFO - ✅ Niche 'sandisk' process complete! 817 total keyword results.
2026-08-18 19:46:48,278 - INFO - ✅ Completed processing niche: 'sandisk'
2026-08-18 19:46:48,278 - INFO - 🔧 Request Handler final stats - Success rate: 100.0%
2026-08-18 19:46:48,278 - INFO -    Total requests: 175000, Blocks: 1
2026-08-18 19:46:48,279 - INFO - 
========================================
2026-08-18 19:46:48,279 - INFO - Process Summary:
2026-08-18 19:46:48,279 - INFO - - Current niche: 'sandisk'
2026-08-18 19:46:48,280 - INFO - - Next niche will be: 'intel'
2026-08-18 19:46:48,280 - INFO - - Keywords saved in: languages/english/keywords/sandisk/
2026-08-18 19:46:48,280 - INFO - ========================================
