2026-10-02 19:24:45,140 - INFO - Log file created at: /home/runner/work/potensitech.com/potensitech.com/languages/english/keywords/logs/kw_search_20261002_192445.log
2026-10-02 19:24:45,140 - INFO - ============================================================
2026-10-02 19:24:45,140 - INFO - AUTOMATIC KEYWORD RESEARCH TOOL
2026-10-02 19:24:45,140 - INFO - ============================================================
2026-10-02 19:24:45,573 - INFO - ========================================
2026-10-02 19:24:45,573 - INFO - Found 14 niches to process: xiaomi, iphone, samsung, apple, sony, asus, philips, sandisk, intel, nvidia, amd, canon, nikon, huawei
2026-10-02 19:24:45,573 - INFO - ========================================
2026-10-02 19:24:45,573 - INFO - Continuing from last processed niche: asus
2026-10-02 19:24:45,573 - INFO - ========================================
2026-10-02 19:24:45,573 - INFO - 🎯 PROCESSING NICHE 7/14: 'philips'
2026-10-02 19:24:45,573 - INFO - ========================================
2026-10-02 19:24:45,573 - INFO - 📁 Niche directory: /home/runner/work/potensitech.com/potensitech.com/languages/english/keywords/philips
2026-10-02 19:24:45,573 - INFO - Selected region: us
2026-10-02 19:24:45,573 - INFO - Selected language: en
2026-10-02 19:24:45,573 - INFO - 🎯 Current niche: philips
2026-10-02 19:24:55,980 - INFO - 🎯 Niche terms for filtering: philips, cheap, best, latest, review, price, sell, buy, recommendation, tips, tutorial, guide, how to, vs, versus, compared to, comparison, alternatives, which is better, expensive, discount, deals, sale, affordable, cost, online, offline, marketplace, store, shop, retailer, where to buy, worst, quality, original, genuine, fake, replica, authentic, brand, manufacturer, company, product, philips product, sell philips, buy philips, cheap philips, best philips, philips review, where to buy philips, how to choose philips, top philips, philips guide, philips for sale, philips deals
2026-10-02 19:24:55,981 - INFO - Generated 50 niche-clue pairs for 'philips'.
2026-10-02 19:24:55,984 - INFO - Expanded 50 seed keywords to 218 variations
2026-10-02 19:24:55,985 - INFO - 🔧 Request Handler initialized - Success rate: 100.0%
2026-10-02 19:29:19,306 - INFO - Original clue keywords: core count, thermal performance
2026-10-02 19:29:19,306 - INFO - Niche-focused seeds: core count philips, philips core count, core count cheap, cheap core count, core count best, best core count, core count latest, latest core count, core count review, review core count, core count price, price core count, core count sell, sell core count, core count buy, buy core count, core count recommendation, recommendation core count, core count tips, tips core count, core count tutorial, tutorial core count, core count guide, guide core count, core count how to, how to core count, core count vs, vs core count, core count versus, versus core count, core count compared to, compared to core count, core count comparison, comparison core count, core count alternatives, alternatives core count, core count which is better, which is better core count, core count expensive, expensive core count, core count discount, discount core count, core count deals, deals core count, core count sale, sale core count, core count affordable, affordable core count, core count cost, cost core count, core count online, online core count, core count offline, offline core count, core count marketplace, marketplace core count, core count store, store core count, core count shop, shop core count, core count retailer, retailer core count, core count where to buy, where to buy core count, core count worst, worst core count, core count quality, quality core count, core count original, original core count, core count genuine, genuine core count, core count fake, fake core count, core count replica, replica core count, core count authentic, authentic core count, core count brand, brand core count, core count manufacturer, manufacturer core count, core count company, company core count, core count product, product core count, core count philips product, philips product core count, core count sell philips, sell philips core count, core count buy philips, buy philips core count, core count cheap philips, cheap philips core count, core count best philips, best philips core count, core count philips review, philips review core count, core count where to buy philips, where to buy philips core count, core count how to choose philips, how to choose philips core count, core count top philips, top philips core count, core count philips guide, philips guide core count, core count philips for sale, philips for sale core count, core count philips deals, philips deals core count, thermal performance philips, philips thermal performance, thermal performance cheap, cheap thermal performance, thermal performance best, best thermal performance, thermal performance latest, latest thermal performance, thermal performance review, review thermal performance, thermal performance price, price thermal performance, thermal performance sell, sell thermal performance, thermal performance buy, buy thermal performance, thermal performance recommendation, recommendation thermal performance, thermal performance tips, tips thermal performance, thermal performance tutorial, tutorial thermal performance, thermal performance guide, guide thermal performance, thermal performance how to, how to thermal performance, thermal performance vs, vs thermal performance, thermal performance versus, versus thermal performance, thermal performance compared to, compared to thermal performance, thermal performance comparison, comparison thermal performance, thermal performance alternatives, alternatives thermal performance, thermal performance which is better, which is better thermal performance, thermal performance expensive, expensive thermal performance, thermal performance discount, discount thermal performance, thermal performance deals, deals thermal performance, thermal performance sale, sale thermal performance, thermal performance affordable, affordable thermal performance, thermal performance cost, cost thermal performance, thermal performance online, online thermal performance, thermal performance offline, offline thermal performance, thermal performance marketplace, marketplace thermal performance, thermal performance store, store thermal performance, thermal performance shop, shop thermal performance, thermal performance retailer, retailer thermal performance, thermal performance where to buy, where to buy thermal performance, thermal performance worst, worst thermal performance, thermal performance quality, quality thermal performance, thermal performance original, original thermal performance, thermal performance genuine, genuine thermal performance, thermal performance fake, fake thermal performance, thermal performance replica, replica thermal performance, thermal performance authentic, authentic thermal performance, thermal performance brand, brand thermal performance, thermal performance manufacturer, manufacturer thermal performance, thermal performance company, company thermal performance, thermal performance product, product thermal performance, thermal performance philips product, philips product thermal performance, thermal performance sell philips, sell philips thermal performance, thermal performance buy philips, buy philips thermal performance, thermal performance cheap philips, cheap philips thermal performance, thermal performance best philips, best philips thermal performance, thermal performance philips review, philips review thermal performance, thermal performance where to buy philips, where to buy philips thermal performance, thermal performance how to choose philips, how to choose philips thermal performance, thermal performance top philips, top philips thermal performance, thermal performance philips guide, philips guide thermal performance, thermal performance philips for sale, philips for sale thermal performance, thermal performance philips deals, philips deals thermal performance
2026-10-02 19:29:19,309 - INFO - Expanded 220 seed keywords to 385 variations
2026-10-02 19:29:19,309 - INFO - Language: en
2026-10-02 19:29:19,309 - INFO - Region: us
2026-10-02 19:33:53,409 - INFO - 🎯 After all filtering for 'philips': 120 relevant keywords
2026-10-02 19:33:54,793 - INFO - 🎯 Found 5 new keywords for niche 'philips': philips affordable core count, philips affordable thermal performance, cheap alternatives core count, cheap alternatives thermal performance, best authentic core count
2026-10-02 19:34:10,815 - INFO - ✅ Niche 'philips' process complete! 756 total keyword results.
2026-10-02 19:34:10,815 - INFO - ✅ Completed processing niche: 'philips'
2026-10-02 19:34:10,815 - INFO - 🔧 Request Handler final stats - Success rate: 100.0%
2026-10-02 19:34:10,816 - INFO -    Total requests: 212362, Blocks: 1
2026-10-02 19:34:10,817 - INFO - 
========================================
2026-10-02 19:34:10,817 - INFO - Process Summary:
2026-10-02 19:34:10,817 - INFO - - Current niche: 'philips'
2026-10-02 19:34:10,817 - INFO - - Next niche will be: 'sandisk'
2026-10-02 19:34:10,817 - INFO - - Keywords saved in: languages/english/keywords/philips/
2026-10-02 19:34:10,818 - INFO - ========================================
