2026-10-09 05:53:06,250 - INFO - Log file created at: /home/runner/work/potensitech.com/potensitech.com/languages/english/keywords/logs/kw_search_20261009_055306.log
2026-10-09 05:53:06,250 - INFO - ============================================================
2026-10-09 05:53:06,250 - INFO - AUTOMATIC KEYWORD RESEARCH TOOL
2026-10-09 05:53:06,250 - INFO - ============================================================
2026-10-09 05:53:06,666 - INFO - ========================================
2026-10-09 05:53:06,666 - INFO - Found 14 niches to process: xiaomi, iphone, samsung, apple, sony, asus, philips, sandisk, intel, nvidia, amd, canon, nikon, huawei
2026-10-09 05:53:06,666 - INFO - ========================================
2026-10-09 05:53:06,666 - INFO - Continuing from last processed niche: nikon
2026-10-09 05:53:06,666 - INFO - ========================================
2026-10-09 05:53:06,666 - INFO - 🎯 PROCESSING NICHE 14/14: 'huawei'
2026-10-09 05:53:06,666 - INFO - ========================================
2026-10-09 05:53:06,666 - INFO - 📁 Niche directory: /home/runner/work/potensitech.com/potensitech.com/languages/english/keywords/huawei
2026-10-09 05:53:06,666 - INFO - Selected region: us
2026-10-09 05:53:06,667 - INFO - Selected language: en
2026-10-09 05:53:06,667 - INFO - 🎯 Current niche: huawei
2026-10-09 05:53:17,441 - INFO - 🎯 Niche terms for filtering: huawei, cheap, best, latest, review, price, sell, buy, recommendation, tips, tutorial, guide, how to, vs, versus, compared to, comparison, alternatives, which is better, expensive, discount, deals, sale, affordable, cost, online, offline, marketplace, store, shop, retailer, where to buy, worst, quality, original, genuine, fake, replica, authentic, brand, manufacturer, company, product, huawei product, sell huawei, buy huawei, cheap huawei, best huawei, huawei review, where to buy huawei, how to choose huawei, top huawei, huawei guide, huawei for sale, huawei deals
2026-10-09 05:53:17,441 - INFO - Generated 50 niche-clue pairs for 'huawei'.
2026-10-09 05:53:17,444 - INFO - Expanded 50 seed keywords to 218 variations
2026-10-09 05:53:17,445 - INFO - 🔧 Request Handler initialized - Success rate: 100.0%
2026-10-09 05:57:40,838 - INFO - Original clue keywords: core performance, camera
2026-10-09 05:57:40,838 - INFO - Niche-focused seeds: core performance huawei, huawei core performance, core performance cheap, cheap core performance, core performance best, best core performance, core performance latest, latest core performance, core performance review, review core performance, core performance price, price core performance, core performance sell, sell core performance, core performance buy, buy core performance, core performance recommendation, recommendation core performance, core performance tips, tips core performance, core performance tutorial, tutorial core performance, core performance guide, guide core performance, core performance how to, how to core performance, core performance vs, vs core performance, core performance versus, versus core performance, core performance compared to, compared to core performance, core performance comparison, comparison core performance, core performance alternatives, alternatives core performance, core performance which is better, which is better core performance, core performance expensive, expensive core performance, core performance discount, discount core performance, core performance deals, deals core performance, core performance sale, sale core performance, core performance affordable, affordable core performance, core performance cost, cost core performance, core performance online, online core performance, core performance offline, offline core performance, core performance marketplace, marketplace core performance, core performance store, store core performance, core performance shop, shop core performance, core performance retailer, retailer core performance, core performance where to buy, where to buy core performance, core performance worst, worst core performance, core performance quality, quality core performance, core performance original, original core performance, core performance genuine, genuine core performance, core performance fake, fake core performance, core performance replica, replica core performance, core performance authentic, authentic core performance, core performance brand, brand core performance, core performance manufacturer, manufacturer core performance, core performance company, company core performance, core performance product, product core performance, core performance huawei product, huawei product core performance, core performance sell huawei, sell huawei core performance, core performance buy huawei, buy huawei core performance, core performance cheap huawei, cheap huawei core performance, core performance best huawei, best huawei core performance, core performance huawei review, huawei review core performance, core performance where to buy huawei, where to buy huawei core performance, core performance how to choose huawei, how to choose huawei core performance, core performance top huawei, top huawei core performance, core performance huawei guide, huawei guide core performance, core performance huawei for sale, huawei for sale core performance, core performance huawei deals, huawei deals core performance, camera huawei, huawei camera, camera cheap, cheap camera, camera best, best camera, camera latest, latest camera, camera review, review camera, camera price, price camera, camera sell, sell camera, camera buy, buy camera, camera recommendation, recommendation camera, camera tips, tips camera, camera tutorial, tutorial camera, camera guide, guide camera, camera how to, how to camera, camera vs, vs camera, camera versus, versus camera, camera compared to, compared to camera, camera comparison, comparison camera, camera alternatives, alternatives camera, camera which is better, which is better camera, camera expensive, expensive camera, camera discount, discount camera, camera deals, deals camera, camera sale, sale camera, camera affordable, affordable camera, camera cost, cost camera, camera online, online camera, camera offline, offline camera, camera marketplace, marketplace camera, camera store, store camera, camera shop, shop camera, camera retailer, retailer camera, camera where to buy, where to buy camera, camera worst, worst camera, camera quality, quality camera, camera original, original camera, camera genuine, genuine camera, camera fake, fake camera, camera replica, replica camera, camera authentic, authentic camera, camera brand, brand camera, camera manufacturer, manufacturer camera, camera company, company camera, camera product, product camera, camera huawei product, huawei product camera, camera sell huawei, sell huawei camera, camera buy huawei, buy huawei camera, camera cheap huawei, cheap huawei camera, camera best huawei, best huawei camera, camera huawei review, huawei review camera, camera where to buy huawei, where to buy huawei camera, camera how to choose huawei, how to choose huawei camera, camera top huawei, top huawei camera, camera huawei guide, huawei guide camera, camera huawei for sale, huawei for sale camera, camera huawei deals, huawei deals camera
2026-10-09 05:57:40,842 - INFO - Expanded 220 seed keywords to 385 variations
2026-10-09 05:57:40,842 - INFO - Language: en
2026-10-09 05:57:40,842 - INFO - Region: us
2026-10-09 06:02:10,830 - INFO - 🎯 After all filtering for 'huawei': 119 relevant keywords
2026-10-09 06:02:11,092 - INFO - 🎯 Found 5 new keywords for niche 'huawei': huawei affordable camera, cheap affordable camera, best affordable camera, huawei alternatives camera, cheap alternatives camera
2026-10-09 06:02:26,806 - INFO - ✅ Niche 'huawei' process complete! 708 total keyword results.
2026-10-09 06:02:26,806 - INFO - ✅ Completed processing niche: 'huawei'
2026-10-09 06:02:26,807 - INFO - 🔧 Request Handler final stats - Success rate: 100.0%
2026-10-09 06:02:26,807 - INFO -    Total requests: 218074, Blocks: 1
2026-10-09 06:02:26,808 - INFO - 
========================================
2026-10-09 06:02:26,808 - INFO - Process Summary:
2026-10-09 06:02:26,808 - INFO - - Current niche: 'huawei'
2026-10-09 06:02:26,808 - INFO - - Next niche will be: 'xiaomi'
2026-10-09 06:02:26,808 - INFO - - Keywords saved in: languages/english/keywords/huawei/
2026-10-09 06:02:26,809 - INFO - ========================================
