2026-09-21 16:00:29,673 - INFO - Log file created at: /home/runner/work/potensitech.com/potensitech.com/languages/english/keywords/logs/kw_search_20260921_160029.log
2026-09-21 16:00:29,673 - INFO - ============================================================
2026-09-21 16:00:29,673 - INFO - AUTOMATIC KEYWORD RESEARCH TOOL
2026-09-21 16:00:29,673 - INFO - ============================================================
2026-09-21 16:00:30,080 - INFO - ========================================
2026-09-21 16:00:30,080 - INFO - Found 14 niches to process: xiaomi, iphone, samsung, apple, sony, asus, philips, sandisk, intel, nvidia, amd, canon, nikon, huawei
2026-09-21 16:00:30,080 - INFO - ========================================
2026-09-21 16:00:30,080 - INFO - Continuing from last processed niche: asus
2026-09-21 16:00:30,080 - INFO - ========================================
2026-09-21 16:00:30,081 - INFO - 🎯 PROCESSING NICHE 7/14: 'philips'
2026-09-21 16:00:30,081 - INFO - ========================================
2026-09-21 16:00:30,081 - INFO - 📁 Niche directory: /home/runner/work/potensitech.com/potensitech.com/languages/english/keywords/philips
2026-09-21 16:00:30,081 - INFO - Selected region: us
2026-09-21 16:00:30,081 - INFO - Selected language: en
2026-09-21 16:00:30,081 - INFO - 🎯 Current niche: philips
2026-09-21 16:00:41,283 - INFO - 🎯 Niche terms for filtering: philips, cheap, best, latest, review, price, sell, buy, recommendation, tips, tutorial, guide, how to, vs, versus, compared to, comparison, alternatives, which is better, expensive, discount, deals, sale, affordable, cost, online, offline, marketplace, store, shop, retailer, where to buy, worst, quality, original, genuine, fake, replica, authentic, brand, manufacturer, company, product, philips product, sell philips, buy philips, cheap philips, best philips, philips review, where to buy philips, how to choose philips, top philips, philips guide, philips for sale, philips deals
2026-09-21 16:00:41,284 - INFO - Generated 50 niche-clue pairs for 'philips'.
2026-09-21 16:00:41,287 - INFO - Expanded 50 seed keywords to 218 variations
2026-09-21 16:00:41,288 - INFO - 🔧 Request Handler initialized - Success rate: 100.0%
2026-09-21 16:05:06,411 - INFO - Original clue keywords: processor efficiency, autofocus speed
2026-09-21 16:05:06,411 - INFO - Niche-focused seeds: processor efficiency philips, philips processor efficiency, processor efficiency cheap, cheap processor efficiency, processor efficiency best, best processor efficiency, processor efficiency latest, latest processor efficiency, processor efficiency review, review processor efficiency, processor efficiency price, price processor efficiency, processor efficiency sell, sell processor efficiency, processor efficiency buy, buy processor efficiency, processor efficiency recommendation, recommendation processor efficiency, processor efficiency tips, tips processor efficiency, processor efficiency tutorial, tutorial processor efficiency, processor efficiency guide, guide processor efficiency, processor efficiency how to, how to processor efficiency, processor efficiency vs, vs processor efficiency, processor efficiency versus, versus processor efficiency, processor efficiency compared to, compared to processor efficiency, processor efficiency comparison, comparison processor efficiency, processor efficiency alternatives, alternatives processor efficiency, processor efficiency which is better, which is better processor efficiency, processor efficiency expensive, expensive processor efficiency, processor efficiency discount, discount processor efficiency, processor efficiency deals, deals processor efficiency, processor efficiency sale, sale processor efficiency, processor efficiency affordable, affordable processor efficiency, processor efficiency cost, cost processor efficiency, processor efficiency online, online processor efficiency, processor efficiency offline, offline processor efficiency, processor efficiency marketplace, marketplace processor efficiency, processor efficiency store, store processor efficiency, processor efficiency shop, shop processor efficiency, processor efficiency retailer, retailer processor efficiency, processor efficiency where to buy, where to buy processor efficiency, processor efficiency worst, worst processor efficiency, processor efficiency quality, quality processor efficiency, processor efficiency original, original processor efficiency, processor efficiency genuine, genuine processor efficiency, processor efficiency fake, fake processor efficiency, processor efficiency replica, replica processor efficiency, processor efficiency authentic, authentic processor efficiency, processor efficiency brand, brand processor efficiency, processor efficiency manufacturer, manufacturer processor efficiency, processor efficiency company, company processor efficiency, processor efficiency product, product processor efficiency, processor efficiency philips product, philips product processor efficiency, processor efficiency sell philips, sell philips processor efficiency, processor efficiency buy philips, buy philips processor efficiency, processor efficiency cheap philips, cheap philips processor efficiency, processor efficiency best philips, best philips processor efficiency, processor efficiency philips review, philips review processor efficiency, processor efficiency where to buy philips, where to buy philips processor efficiency, processor efficiency how to choose philips, how to choose philips processor efficiency, processor efficiency top philips, top philips processor efficiency, processor efficiency philips guide, philips guide processor efficiency, processor efficiency philips for sale, philips for sale processor efficiency, processor efficiency philips deals, philips deals processor efficiency, autofocus speed philips, philips autofocus speed, autofocus speed cheap, cheap autofocus speed, autofocus speed best, best autofocus speed, autofocus speed latest, latest autofocus speed, autofocus speed review, review autofocus speed, autofocus speed price, price autofocus speed, autofocus speed sell, sell autofocus speed, autofocus speed buy, buy autofocus speed, autofocus speed recommendation, recommendation autofocus speed, autofocus speed tips, tips autofocus speed, autofocus speed tutorial, tutorial autofocus speed, autofocus speed guide, guide autofocus speed, autofocus speed how to, how to autofocus speed, autofocus speed vs, vs autofocus speed, autofocus speed versus, versus autofocus speed, autofocus speed compared to, compared to autofocus speed, autofocus speed comparison, comparison autofocus speed, autofocus speed alternatives, alternatives autofocus speed, autofocus speed which is better, which is better autofocus speed, autofocus speed expensive, expensive autofocus speed, autofocus speed discount, discount autofocus speed, autofocus speed deals, deals autofocus speed, autofocus speed sale, sale autofocus speed, autofocus speed affordable, affordable autofocus speed, autofocus speed cost, cost autofocus speed, autofocus speed online, online autofocus speed, autofocus speed offline, offline autofocus speed, autofocus speed marketplace, marketplace autofocus speed, autofocus speed store, store autofocus speed, autofocus speed shop, shop autofocus speed, autofocus speed retailer, retailer autofocus speed, autofocus speed where to buy, where to buy autofocus speed, autofocus speed worst, worst autofocus speed, autofocus speed quality, quality autofocus speed, autofocus speed original, original autofocus speed, autofocus speed genuine, genuine autofocus speed, autofocus speed fake, fake autofocus speed, autofocus speed replica, replica autofocus speed, autofocus speed authentic, authentic autofocus speed, autofocus speed brand, brand autofocus speed, autofocus speed manufacturer, manufacturer autofocus speed, autofocus speed company, company autofocus speed, autofocus speed product, product autofocus speed, autofocus speed philips product, philips product autofocus speed, autofocus speed sell philips, sell philips autofocus speed, autofocus speed buy philips, buy philips autofocus speed, autofocus speed cheap philips, cheap philips autofocus speed, autofocus speed best philips, best philips autofocus speed, autofocus speed philips review, philips review autofocus speed, autofocus speed where to buy philips, where to buy philips autofocus speed, autofocus speed how to choose philips, how to choose philips autofocus speed, autofocus speed top philips, top philips autofocus speed, autofocus speed philips guide, philips guide autofocus speed, autofocus speed philips for sale, philips for sale autofocus speed, autofocus speed philips deals, philips deals autofocus speed
2026-09-21 16:05:06,415 - INFO - Expanded 220 seed keywords to 385 variations
2026-09-21 16:05:06,415 - INFO - Language: en
2026-09-21 16:05:06,415 - INFO - Region: us
2026-09-21 16:05:37,711 - INFO - 🎯 After all filtering for 'philips': 120 relevant keywords
2026-09-21 16:05:39,112 - INFO - 🎯 Found 5 new keywords for niche 'philips': philips affordable autofocus speed, philips affordable processor efficiency, cheap alternatives autofocus speed, cheap alternatives processor efficiency, best authentic autofocus speed
2026-09-21 16:05:55,479 - INFO - ✅ Niche 'philips' process complete! 740 total keyword results.
2026-09-21 16:05:55,479 - INFO - ✅ Completed processing niche: 'philips'
2026-09-21 16:05:55,479 - INFO - 🔧 Request Handler final stats - Success rate: 100.0%
2026-09-21 16:05:55,479 - INFO -    Total requests: 202342, Blocks: 1
2026-09-21 16:05:55,480 - INFO - 
========================================
2026-09-21 16:05:55,480 - INFO - Process Summary:
2026-09-21 16:05:55,480 - INFO - - Current niche: 'philips'
2026-09-21 16:05:55,480 - INFO - - Next niche will be: 'sandisk'
2026-09-21 16:05:55,480 - INFO - - Keywords saved in: languages/english/keywords/philips/
2026-09-21 16:05:55,481 - INFO - ========================================
