2026-08-30 21:54:40,132 - INFO - Log file created at: /home/runner/work/potensitech.com/potensitech.com/languages/english/keywords/logs/kw_search_20260830_215440.log
2026-08-30 21:54:40,132 - INFO - ============================================================
2026-08-30 21:54:40,132 - INFO - AUTOMATIC KEYWORD RESEARCH TOOL
2026-08-30 21:54:40,132 - INFO - ============================================================
2026-08-30 21:54:40,430 - INFO - ========================================
2026-08-30 21:54:40,431 - INFO - Found 14 niches to process: xiaomi, iphone, samsung, apple, sony, asus, philips, sandisk, intel, nvidia, amd, canon, nikon, huawei
2026-08-30 21:54:40,431 - INFO - ========================================
2026-08-30 21:54:40,431 - INFO - Continuing from last processed niche: xiaomi
2026-08-30 21:54:40,431 - INFO - ========================================
2026-08-30 21:54:40,431 - INFO - 🎯 PROCESSING NICHE 2/14: 'iphone'
2026-08-30 21:54:40,431 - INFO - ========================================
2026-08-30 21:54:40,431 - INFO - 📁 Niche directory: /home/runner/work/potensitech.com/potensitech.com/languages/english/keywords/iphone
2026-08-30 21:54:40,431 - INFO - Selected region: us
2026-08-30 21:54:40,431 - INFO - Selected language: en
2026-08-30 21:54:40,431 - INFO - 🎯 Current niche: iphone
2026-08-30 21:54:51,788 - INFO - 🎯 Niche terms for filtering: iphone, cheap, best, latest, review, price, sell, buy, recommendation, tips, tutorial, guide, how to, vs, versus, compared to, comparison, alternatives, which is better, expensive, discount, deals, sale, affordable, cost, online, offline, marketplace, store, shop, retailer, where to buy, worst, quality, original, genuine, fake, replica, authentic, brand, manufacturer, company, product, iphone product, sell iphone, buy iphone, cheap iphone, best iphone, iphone review, where to buy iphone, how to choose iphone, top iphone, iphone guide, iphone for sale, iphone deals
2026-08-30 21:54:51,788 - INFO - Generated 50 niche-clue pairs for 'iphone'.
2026-08-30 21:54:51,792 - INFO - Expanded 50 seed keywords to 218 variations
2026-08-30 21:54:51,792 - INFO - 🔧 Request Handler initialized - Success rate: 100.0%
2026-08-30 21:59:17,671 - INFO - Original clue keywords: ai rendering, smart-lighting
2026-08-30 21:59:17,671 - INFO - Niche-focused seeds: ai rendering iphone, iphone ai rendering, ai rendering cheap, cheap ai rendering, ai rendering best, best ai rendering, ai rendering latest, latest ai rendering, ai rendering review, review ai rendering, ai rendering price, price ai rendering, ai rendering sell, sell ai rendering, ai rendering buy, buy ai rendering, ai rendering recommendation, recommendation ai rendering, ai rendering tips, tips ai rendering, ai rendering tutorial, tutorial ai rendering, ai rendering guide, guide ai rendering, ai rendering how to, how to ai rendering, ai rendering vs, vs ai rendering, ai rendering versus, versus ai rendering, ai rendering compared to, compared to ai rendering, ai rendering comparison, comparison ai rendering, ai rendering alternatives, alternatives ai rendering, ai rendering which is better, which is better ai rendering, ai rendering expensive, expensive ai rendering, ai rendering discount, discount ai rendering, ai rendering deals, deals ai rendering, ai rendering sale, sale ai rendering, ai rendering affordable, affordable ai rendering, ai rendering cost, cost ai rendering, ai rendering online, online ai rendering, ai rendering offline, offline ai rendering, ai rendering marketplace, marketplace ai rendering, ai rendering store, store ai rendering, ai rendering shop, shop ai rendering, ai rendering retailer, retailer ai rendering, ai rendering where to buy, where to buy ai rendering, ai rendering worst, worst ai rendering, ai rendering quality, quality ai rendering, ai rendering original, original ai rendering, ai rendering genuine, genuine ai rendering, ai rendering fake, fake ai rendering, ai rendering replica, replica ai rendering, ai rendering authentic, authentic ai rendering, ai rendering brand, brand ai rendering, ai rendering manufacturer, manufacturer ai rendering, ai rendering company, company ai rendering, ai rendering product, product ai rendering, ai rendering iphone product, iphone product ai rendering, ai rendering sell iphone, sell iphone ai rendering, ai rendering buy iphone, buy iphone ai rendering, ai rendering cheap iphone, cheap iphone ai rendering, ai rendering best iphone, best iphone ai rendering, ai rendering iphone review, iphone review ai rendering, ai rendering where to buy iphone, where to buy iphone ai rendering, ai rendering how to choose iphone, how to choose iphone ai rendering, ai rendering top iphone, top iphone ai rendering, ai rendering iphone guide, iphone guide ai rendering, ai rendering iphone for sale, iphone for sale ai rendering, ai rendering iphone deals, iphone deals ai rendering, smart-lighting iphone, iphone smart-lighting, smart-lighting cheap, cheap smart-lighting, smart-lighting best, best smart-lighting, smart-lighting latest, latest smart-lighting, smart-lighting review, review smart-lighting, smart-lighting price, price smart-lighting, smart-lighting sell, sell smart-lighting, smart-lighting buy, buy smart-lighting, smart-lighting recommendation, recommendation smart-lighting, smart-lighting tips, tips smart-lighting, smart-lighting tutorial, tutorial smart-lighting, smart-lighting guide, guide smart-lighting, smart-lighting how to, how to smart-lighting, smart-lighting vs, vs smart-lighting, smart-lighting versus, versus smart-lighting, smart-lighting compared to, compared to smart-lighting, smart-lighting comparison, comparison smart-lighting, smart-lighting alternatives, alternatives smart-lighting, smart-lighting which is better, which is better smart-lighting, smart-lighting expensive, expensive smart-lighting, smart-lighting discount, discount smart-lighting, smart-lighting deals, deals smart-lighting, smart-lighting sale, sale smart-lighting, smart-lighting affordable, affordable smart-lighting, smart-lighting cost, cost smart-lighting, smart-lighting online, online smart-lighting, smart-lighting offline, offline smart-lighting, smart-lighting marketplace, marketplace smart-lighting, smart-lighting store, store smart-lighting, smart-lighting shop, shop smart-lighting, smart-lighting retailer, retailer smart-lighting, smart-lighting where to buy, where to buy smart-lighting, smart-lighting worst, worst smart-lighting, smart-lighting quality, quality smart-lighting, smart-lighting original, original smart-lighting, smart-lighting genuine, genuine smart-lighting, smart-lighting fake, fake smart-lighting, smart-lighting replica, replica smart-lighting, smart-lighting authentic, authentic smart-lighting, smart-lighting brand, brand smart-lighting, smart-lighting manufacturer, manufacturer smart-lighting, smart-lighting company, company smart-lighting, smart-lighting product, product smart-lighting, smart-lighting iphone product, iphone product smart-lighting, smart-lighting sell iphone, sell iphone smart-lighting, smart-lighting buy iphone, buy iphone smart-lighting, smart-lighting cheap iphone, cheap iphone smart-lighting, smart-lighting best iphone, best iphone smart-lighting, smart-lighting iphone review, iphone review smart-lighting, smart-lighting where to buy iphone, where to buy iphone smart-lighting, smart-lighting how to choose iphone, how to choose iphone smart-lighting, smart-lighting top iphone, top iphone smart-lighting, smart-lighting iphone guide, iphone guide smart-lighting, smart-lighting iphone for sale, iphone for sale smart-lighting, smart-lighting iphone deals, iphone deals smart-lighting
2026-08-30 21:59:17,674 - INFO - Expanded 220 seed keywords to 385 variations
2026-08-30 21:59:17,674 - INFO - Language: en
2026-08-30 21:59:17,674 - INFO - Region: us
2026-08-30 22:00:00,730 - INFO - 🎯 After all filtering for 'iphone': 120 relevant keywords
2026-08-30 22:00:01,063 - INFO - 🎯 Found 5 new keywords for niche 'iphone': iphone affordable smart-lighting, cheap affordable smart-lighting, best affordable smart-lighting, iphone alternatives smart-lighting, cheap alternatives smart-lighting
2026-08-30 22:00:17,299 - INFO - ✅ Niche 'iphone' process complete! 867 total keyword results.
2026-08-30 22:00:17,299 - INFO - ✅ Completed processing niche: 'iphone'
2026-08-30 22:00:17,300 - INFO - 🔧 Request Handler final stats - Success rate: 100.0%
2026-08-30 22:00:17,300 - INFO -    Total requests: 184243, Blocks: 1
2026-08-30 22:00:17,301 - INFO - 
========================================
2026-08-30 22:00:17,301 - INFO - Process Summary:
2026-08-30 22:00:17,301 - INFO - - Current niche: 'iphone'
2026-08-30 22:00:17,301 - INFO - - Next niche will be: 'samsung'
2026-08-30 22:00:17,301 - INFO - - Keywords saved in: languages/english/keywords/iphone/
2026-08-30 22:00:17,302 - INFO - ========================================
