2026-08-10 08:50:54,701 - INFO - Log file created at: /home/runner/work/potensitech.com/potensitech.com/languages/english/keywords/logs/kw_search_20260810_085054.log
2026-08-10 08:50:54,701 - INFO - ============================================================
2026-08-10 08:50:54,701 - INFO - AUTOMATIC KEYWORD RESEARCH TOOL
2026-08-10 08:50:54,701 - INFO - ============================================================
2026-08-10 08:50:55,001 - INFO - ========================================
2026-08-10 08:50:55,001 - INFO - Found 14 niches to process: xiaomi, iphone, samsung, apple, sony, asus, philips, sandisk, intel, nvidia, amd, canon, nikon, huawei
2026-08-10 08:50:55,002 - INFO - ========================================
2026-08-10 08:50:55,002 - INFO - Continuing from last processed niche: asus
2026-08-10 08:50:55,002 - INFO - ========================================
2026-08-10 08:50:55,002 - INFO - 🎯 PROCESSING NICHE 7/14: 'philips'
2026-08-10 08:50:55,002 - INFO - ========================================
2026-08-10 08:50:55,002 - INFO - 📁 Niche directory: /home/runner/work/potensitech.com/potensitech.com/languages/english/keywords/philips
2026-08-10 08:50:55,002 - INFO - Selected region: us
2026-08-10 08:50:55,002 - INFO - Selected language: en
2026-08-10 08:50:55,002 - INFO - 🎯 Current niche: philips
2026-08-10 08:50:55,682 - INFO - 🎯 Niche terms for filtering: philips, cheap, best, latest, review, price, sell, buy, recommendation, tips, tutorial, guide, how to, vs, versus, compared to, comparison, alternatives, which is better, expensive, discount, deals, sale, affordable, cost, online, offline, marketplace, store, shop, retailer, where to buy, worst, quality, original, genuine, fake, replica, authentic, brand, manufacturer, company, product, philips product, sell philips, buy philips, cheap philips, best philips, philips review, where to buy philips, how to choose philips, top philips, philips guide, philips for sale, philips deals
2026-08-10 08:50:55,682 - INFO - Generated 50 niche-clue pairs for 'philips'.
2026-08-10 08:50:55,685 - INFO - Expanded 50 seed keywords to 218 variations
2026-08-10 08:50:55,686 - INFO - 🔧 Request Handler initialized - Success rate: 100.0%
2026-08-10 08:55:20,844 - INFO - Original clue keywords: mirrorless camera, battery life
2026-08-10 08:55:20,845 - INFO - Niche-focused seeds: mirrorless camera philips, philips mirrorless camera, mirrorless camera cheap, cheap mirrorless camera, mirrorless camera best, best mirrorless camera, mirrorless camera latest, latest mirrorless camera, mirrorless camera review, review mirrorless camera, mirrorless camera price, price mirrorless camera, mirrorless camera sell, sell mirrorless camera, mirrorless camera buy, buy mirrorless camera, mirrorless camera recommendation, recommendation mirrorless camera, mirrorless camera tips, tips mirrorless camera, mirrorless camera tutorial, tutorial mirrorless camera, mirrorless camera guide, guide mirrorless camera, mirrorless camera how to, how to mirrorless camera, mirrorless camera vs, vs mirrorless camera, mirrorless camera versus, versus mirrorless camera, mirrorless camera compared to, compared to mirrorless camera, mirrorless camera comparison, comparison mirrorless camera, mirrorless camera alternatives, alternatives mirrorless camera, mirrorless camera which is better, which is better mirrorless camera, mirrorless camera expensive, expensive mirrorless camera, mirrorless camera discount, discount mirrorless camera, mirrorless camera deals, deals mirrorless camera, mirrorless camera sale, sale mirrorless camera, mirrorless camera affordable, affordable mirrorless camera, mirrorless camera cost, cost mirrorless camera, mirrorless camera online, online mirrorless camera, mirrorless camera offline, offline mirrorless camera, mirrorless camera marketplace, marketplace mirrorless camera, mirrorless camera store, store mirrorless camera, mirrorless camera shop, shop mirrorless camera, mirrorless camera retailer, retailer mirrorless camera, mirrorless camera where to buy, where to buy mirrorless camera, mirrorless camera worst, worst mirrorless camera, mirrorless camera quality, quality mirrorless camera, mirrorless camera original, original mirrorless camera, mirrorless camera genuine, genuine mirrorless camera, mirrorless camera fake, fake mirrorless camera, mirrorless camera replica, replica mirrorless camera, mirrorless camera authentic, authentic mirrorless camera, mirrorless camera brand, brand mirrorless camera, mirrorless camera manufacturer, manufacturer mirrorless camera, mirrorless camera company, company mirrorless camera, mirrorless camera product, product mirrorless camera, mirrorless camera philips product, philips product mirrorless camera, mirrorless camera sell philips, sell philips mirrorless camera, mirrorless camera buy philips, buy philips mirrorless camera, mirrorless camera cheap philips, cheap philips mirrorless camera, mirrorless camera best philips, best philips mirrorless camera, mirrorless camera philips review, philips review mirrorless camera, mirrorless camera where to buy philips, where to buy philips mirrorless camera, mirrorless camera how to choose philips, how to choose philips mirrorless camera, mirrorless camera top philips, top philips mirrorless camera, mirrorless camera philips guide, philips guide mirrorless camera, mirrorless camera philips for sale, philips for sale mirrorless camera, mirrorless camera philips deals, philips deals mirrorless camera, battery life philips, philips battery life, battery life cheap, cheap battery life, battery life best, best battery life, battery life latest, latest battery life, battery life review, review battery life, battery life price, price battery life, battery life sell, sell battery life, battery life buy, buy battery life, battery life recommendation, recommendation battery life, battery life tips, tips battery life, battery life tutorial, tutorial battery life, battery life guide, guide battery life, battery life how to, how to battery life, battery life vs, vs battery life, battery life versus, versus battery life, battery life compared to, compared to battery life, battery life comparison, comparison battery life, battery life alternatives, alternatives battery life, battery life which is better, which is better battery life, battery life expensive, expensive battery life, battery life discount, discount battery life, battery life deals, deals battery life, battery life sale, sale battery life, battery life affordable, affordable battery life, battery life cost, cost battery life, battery life online, online battery life, battery life offline, offline battery life, battery life marketplace, marketplace battery life, battery life store, store battery life, battery life shop, shop battery life, battery life retailer, retailer battery life, battery life where to buy, where to buy battery life, battery life worst, worst battery life, battery life quality, quality battery life, battery life original, original battery life, battery life genuine, genuine battery life, battery life fake, fake battery life, battery life replica, replica battery life, battery life authentic, authentic battery life, battery life brand, brand battery life, battery life manufacturer, manufacturer battery life, battery life company, company battery life, battery life product, product battery life, battery life philips product, philips product battery life, battery life sell philips, sell philips battery life, battery life buy philips, buy philips battery life, battery life cheap philips, cheap philips battery life, battery life best philips, best philips battery life, battery life philips review, philips review battery life, battery life where to buy philips, where to buy philips battery life, battery life how to choose philips, how to choose philips battery life, battery life top philips, top philips battery life, battery life philips guide, philips guide battery life, battery life philips for sale, philips for sale battery life, battery life philips deals, philips deals battery life
2026-08-10 08:55:20,851 - INFO - Expanded 220 seed keywords to 385 variations
2026-08-10 08:55:20,851 - INFO - Language: en
2026-08-10 08:55:20,851 - INFO - Region: us
2026-08-10 08:56:40,115 - INFO - 🎯 After all filtering for 'philips': 120 relevant keywords
2026-08-10 08:56:41,391 - INFO - 🎯 Found 5 new keywords for niche 'philips': philips affordable battery life, philips affordable mirrorless camera, cheap alternatives battery life, cheap alternatives mirrorless camera, best authentic battery life
2026-08-10 08:56:41,833 - INFO - ✅ Niche 'philips' process complete! 683 total keyword results.
2026-08-10 08:56:41,834 - INFO - ✅ Completed processing niche: 'philips'
2026-08-10 08:56:41,834 - INFO - 🔧 Request Handler final stats - Success rate: 100.0%
2026-08-10 08:56:41,834 - INFO -    Total requests: 168282, Blocks: 1
2026-08-10 08:56:41,835 - INFO - 
========================================
2026-08-10 08:56:41,835 - INFO - Process Summary:
2026-08-10 08:56:41,835 - INFO - - Current niche: 'philips'
2026-08-10 08:56:41,835 - INFO - - Next niche will be: 'sandisk'
2026-08-10 08:56:41,835 - INFO - - Keywords saved in: languages/english/keywords/philips/
2026-08-10 08:56:41,836 - INFO - ========================================
