2026-08-31 20:10:52,125 - INFO - Log file created at: /home/runner/work/potensitech.com/potensitech.com/languages/english/keywords/logs/kw_search_20260831_201052.log
2026-08-31 20:10:52,125 - INFO - ============================================================
2026-08-31 20:10:52,125 - INFO - AUTOMATIC KEYWORD RESEARCH TOOL
2026-08-31 20:10:52,125 - INFO - ============================================================
2026-08-31 20:10:52,452 - INFO - ========================================
2026-08-31 20:10:52,452 - INFO - Found 14 niches to process: xiaomi, iphone, samsung, apple, sony, asus, philips, sandisk, intel, nvidia, amd, canon, nikon, huawei
2026-08-31 20:10:52,452 - INFO - ========================================
2026-08-31 20:10:52,452 - INFO - Continuing from last processed niche: intel
2026-08-31 20:10:52,452 - INFO - ========================================
2026-08-31 20:10:52,453 - INFO - 🎯 PROCESSING NICHE 10/14: 'nvidia'
2026-08-31 20:10:52,453 - INFO - ========================================
2026-08-31 20:10:52,453 - INFO - 📁 Niche directory: /home/runner/work/potensitech.com/potensitech.com/languages/english/keywords/nvidia
2026-08-31 20:10:52,453 - INFO - Selected region: us
2026-08-31 20:10:52,453 - INFO - Selected language: en
2026-08-31 20:10:52,453 - INFO - 🎯 Current niche: nvidia
2026-08-31 20:11:03,684 - INFO - 🎯 Niche terms for filtering: nvidia, cheap, best, latest, review, price, sell, buy, recommendation, tips, tutorial, guide, how to, vs, versus, compared to, comparison, alternatives, which is better, expensive, discount, deals, sale, affordable, cost, online, offline, marketplace, store, shop, retailer, where to buy, worst, quality, original, genuine, fake, replica, authentic, brand, manufacturer, company, product, nvidia product, sell nvidia, buy nvidia, cheap nvidia, best nvidia, nvidia review, where to buy nvidia, how to choose nvidia, top nvidia, nvidia guide, nvidia for sale, nvidia deals
2026-08-31 20:11:03,685 - INFO - Generated 50 niche-clue pairs for 'nvidia'.
2026-08-31 20:11:03,688 - INFO - Expanded 50 seed keywords to 218 variations
2026-08-31 20:11:03,688 - INFO - 🔧 Request Handler initialized - Success rate: 100.0%
2026-08-31 20:15:29,053 - INFO - Original clue keywords: air-purifier, coffee-machine
2026-08-31 20:15:29,053 - INFO - Niche-focused seeds: air-purifier nvidia, nvidia air-purifier, air-purifier cheap, cheap air-purifier, air-purifier best, best air-purifier, air-purifier latest, latest air-purifier, air-purifier review, review air-purifier, air-purifier price, price air-purifier, air-purifier sell, sell air-purifier, air-purifier buy, buy air-purifier, air-purifier recommendation, recommendation air-purifier, air-purifier tips, tips air-purifier, air-purifier tutorial, tutorial air-purifier, air-purifier guide, guide air-purifier, air-purifier how to, how to air-purifier, air-purifier vs, vs air-purifier, air-purifier versus, versus air-purifier, air-purifier compared to, compared to air-purifier, air-purifier comparison, comparison air-purifier, air-purifier alternatives, alternatives air-purifier, air-purifier which is better, which is better air-purifier, air-purifier expensive, expensive air-purifier, air-purifier discount, discount air-purifier, air-purifier deals, deals air-purifier, air-purifier sale, sale air-purifier, air-purifier affordable, affordable air-purifier, air-purifier cost, cost air-purifier, air-purifier online, online air-purifier, air-purifier offline, offline air-purifier, air-purifier marketplace, marketplace air-purifier, air-purifier store, store air-purifier, air-purifier shop, shop air-purifier, air-purifier retailer, retailer air-purifier, air-purifier where to buy, where to buy air-purifier, air-purifier worst, worst air-purifier, air-purifier quality, quality air-purifier, air-purifier original, original air-purifier, air-purifier genuine, genuine air-purifier, air-purifier fake, fake air-purifier, air-purifier replica, replica air-purifier, air-purifier authentic, authentic air-purifier, air-purifier brand, brand air-purifier, air-purifier manufacturer, manufacturer air-purifier, air-purifier company, company air-purifier, air-purifier product, product air-purifier, air-purifier nvidia product, nvidia product air-purifier, air-purifier sell nvidia, sell nvidia air-purifier, air-purifier buy nvidia, buy nvidia air-purifier, air-purifier cheap nvidia, cheap nvidia air-purifier, air-purifier best nvidia, best nvidia air-purifier, air-purifier nvidia review, nvidia review air-purifier, air-purifier where to buy nvidia, where to buy nvidia air-purifier, air-purifier how to choose nvidia, how to choose nvidia air-purifier, air-purifier top nvidia, top nvidia air-purifier, air-purifier nvidia guide, nvidia guide air-purifier, air-purifier nvidia for sale, nvidia for sale air-purifier, air-purifier nvidia deals, nvidia deals air-purifier, coffee-machine nvidia, nvidia coffee-machine, coffee-machine cheap, cheap coffee-machine, coffee-machine best, best coffee-machine, coffee-machine latest, latest coffee-machine, coffee-machine review, review coffee-machine, coffee-machine price, price coffee-machine, coffee-machine sell, sell coffee-machine, coffee-machine buy, buy coffee-machine, coffee-machine recommendation, recommendation coffee-machine, coffee-machine tips, tips coffee-machine, coffee-machine tutorial, tutorial coffee-machine, coffee-machine guide, guide coffee-machine, coffee-machine how to, how to coffee-machine, coffee-machine vs, vs coffee-machine, coffee-machine versus, versus coffee-machine, coffee-machine compared to, compared to coffee-machine, coffee-machine comparison, comparison coffee-machine, coffee-machine alternatives, alternatives coffee-machine, coffee-machine which is better, which is better coffee-machine, coffee-machine expensive, expensive coffee-machine, coffee-machine discount, discount coffee-machine, coffee-machine deals, deals coffee-machine, coffee-machine sale, sale coffee-machine, coffee-machine affordable, affordable coffee-machine, coffee-machine cost, cost coffee-machine, coffee-machine online, online coffee-machine, coffee-machine offline, offline coffee-machine, coffee-machine marketplace, marketplace coffee-machine, coffee-machine store, store coffee-machine, coffee-machine shop, shop coffee-machine, coffee-machine retailer, retailer coffee-machine, coffee-machine where to buy, where to buy coffee-machine, coffee-machine worst, worst coffee-machine, coffee-machine quality, quality coffee-machine, coffee-machine original, original coffee-machine, coffee-machine genuine, genuine coffee-machine, coffee-machine fake, fake coffee-machine, coffee-machine replica, replica coffee-machine, coffee-machine authentic, authentic coffee-machine, coffee-machine brand, brand coffee-machine, coffee-machine manufacturer, manufacturer coffee-machine, coffee-machine company, company coffee-machine, coffee-machine product, product coffee-machine, coffee-machine nvidia product, nvidia product coffee-machine, coffee-machine sell nvidia, sell nvidia coffee-machine, coffee-machine buy nvidia, buy nvidia coffee-machine, coffee-machine cheap nvidia, cheap nvidia coffee-machine, coffee-machine best nvidia, best nvidia coffee-machine, coffee-machine nvidia review, nvidia review coffee-machine, coffee-machine where to buy nvidia, where to buy nvidia coffee-machine, coffee-machine how to choose nvidia, how to choose nvidia coffee-machine, coffee-machine top nvidia, top nvidia coffee-machine, coffee-machine nvidia guide, nvidia guide coffee-machine, coffee-machine nvidia for sale, nvidia for sale coffee-machine, coffee-machine nvidia deals, nvidia deals coffee-machine
2026-08-31 20:15:29,057 - INFO - Expanded 220 seed keywords to 385 variations
2026-08-31 20:15:29,057 - INFO - Language: en
2026-08-31 20:15:29,057 - INFO - Region: us
2026-08-31 20:19:42,965 - INFO - 🎯 After all filtering for 'nvidia': 120 relevant keywords
2026-08-31 20:19:43,278 - INFO - 🎯 Found 5 new keywords for niche 'nvidia': nvidia affordable air-purifier, cheap affordable air-purifier, best affordable air-purifier, how to affordable air-purifier, nvidia affordable coffee-machine
2026-08-31 20:19:59,282 - INFO - ✅ Niche 'nvidia' process complete! 865 total keyword results.
2026-08-31 20:19:59,282 - INFO - ✅ Completed processing niche: 'nvidia'
2026-08-31 20:19:59,283 - INFO - 🔧 Request Handler final stats - Success rate: 100.0%
2026-08-31 20:19:59,283 - INFO -    Total requests: 184929, Blocks: 1
2026-08-31 20:19:59,284 - INFO - 
========================================
2026-08-31 20:19:59,284 - INFO - Process Summary:
2026-08-31 20:19:59,284 - INFO - - Current niche: 'nvidia'
2026-08-31 20:19:59,284 - INFO - - Next niche will be: 'amd'
2026-08-31 20:19:59,284 - INFO - - Keywords saved in: languages/english/keywords/nvidia/
2026-08-31 20:19:59,285 - INFO - ========================================
