2026-10-03 05:04:41,618 - INFO - Log file created at: /home/runner/work/potensitech.com/potensitech.com/languages/english/keywords/logs/kw_search_20261003_050441.log
2026-10-03 05:04:41,618 - INFO - ============================================================
2026-10-03 05:04:41,618 - INFO - AUTOMATIC KEYWORD RESEARCH TOOL
2026-10-03 05:04:41,618 - INFO - ============================================================
2026-10-03 05:04:42,043 - INFO - ========================================
2026-10-03 05:04:42,043 - INFO - Found 14 niches to process: xiaomi, iphone, samsung, apple, sony, asus, philips, sandisk, intel, nvidia, amd, canon, nikon, huawei
2026-10-03 05:04:42,043 - INFO - ========================================
2026-10-03 05:04:42,043 - INFO - Continuing from last processed niche: nvidia
2026-10-03 05:04:42,044 - INFO - ========================================
2026-10-03 05:04:42,044 - INFO - 🎯 PROCESSING NICHE 11/14: 'amd'
2026-10-03 05:04:42,044 - INFO - ========================================
2026-10-03 05:04:42,044 - INFO - 📁 Niche directory: /home/runner/work/potensitech.com/potensitech.com/languages/english/keywords/amd
2026-10-03 05:04:42,044 - INFO - Selected region: us
2026-10-03 05:04:42,044 - INFO - Selected language: en
2026-10-03 05:04:42,044 - INFO - 🎯 Current niche: amd
2026-10-03 05:04:52,996 - INFO - 🎯 Niche terms for filtering: amd, cheap, best, latest, review, price, sell, buy, recommendation, tips, tutorial, guide, how to, vs, versus, compared to, comparison, alternatives, which is better, expensive, discount, deals, sale, affordable, cost, online, offline, marketplace, store, shop, retailer, where to buy, worst, quality, original, genuine, fake, replica, authentic, brand, manufacturer, company, product, amd product, sell amd, buy amd, cheap amd, best amd, amd review, where to buy amd, how to choose amd, top amd, amd guide, amd for sale, amd deals
2026-10-03 05:04:52,997 - INFO - Generated 50 niche-clue pairs for 'amd'.
2026-10-03 05:04:53,000 - INFO - Expanded 50 seed keywords to 218 variations
2026-10-03 05:04:53,001 - INFO - 🔧 Request Handler initialized - Success rate: 100.0%
2026-10-03 05:09:15,200 - INFO - Original clue keywords: core count, thermal performance
2026-10-03 05:09:15,200 - INFO - Niche-focused seeds: core count amd, amd core count, core count cheap, cheap core count, core count best, best core count, core count latest, latest core count, core count review, review core count, core count price, price core count, core count sell, sell core count, core count buy, buy core count, core count recommendation, recommendation core count, core count tips, tips core count, core count tutorial, tutorial core count, core count guide, guide core count, core count how to, how to core count, core count vs, vs core count, core count versus, versus core count, core count compared to, compared to core count, core count comparison, comparison core count, core count alternatives, alternatives core count, core count which is better, which is better core count, core count expensive, expensive core count, core count discount, discount core count, core count deals, deals core count, core count sale, sale core count, core count affordable, affordable core count, core count cost, cost core count, core count online, online core count, core count offline, offline core count, core count marketplace, marketplace core count, core count store, store core count, core count shop, shop core count, core count retailer, retailer core count, core count where to buy, where to buy core count, core count worst, worst core count, core count quality, quality core count, core count original, original core count, core count genuine, genuine core count, core count fake, fake core count, core count replica, replica core count, core count authentic, authentic core count, core count brand, brand core count, core count manufacturer, manufacturer core count, core count company, company core count, core count product, product core count, core count amd product, amd product core count, core count sell amd, sell amd core count, core count buy amd, buy amd core count, core count cheap amd, cheap amd core count, core count best amd, best amd core count, core count amd review, amd review core count, core count where to buy amd, where to buy amd core count, core count how to choose amd, how to choose amd core count, core count top amd, top amd core count, core count amd guide, amd guide core count, core count amd for sale, amd for sale core count, core count amd deals, amd deals core count, thermal performance amd, amd thermal performance, thermal performance cheap, cheap thermal performance, thermal performance best, best thermal performance, thermal performance latest, latest thermal performance, thermal performance review, review thermal performance, thermal performance price, price thermal performance, thermal performance sell, sell thermal performance, thermal performance buy, buy thermal performance, thermal performance recommendation, recommendation thermal performance, thermal performance tips, tips thermal performance, thermal performance tutorial, tutorial thermal performance, thermal performance guide, guide thermal performance, thermal performance how to, how to thermal performance, thermal performance vs, vs thermal performance, thermal performance versus, versus thermal performance, thermal performance compared to, compared to thermal performance, thermal performance comparison, comparison thermal performance, thermal performance alternatives, alternatives thermal performance, thermal performance which is better, which is better thermal performance, thermal performance expensive, expensive thermal performance, thermal performance discount, discount thermal performance, thermal performance deals, deals thermal performance, thermal performance sale, sale thermal performance, thermal performance affordable, affordable thermal performance, thermal performance cost, cost thermal performance, thermal performance online, online thermal performance, thermal performance offline, offline thermal performance, thermal performance marketplace, marketplace thermal performance, thermal performance store, store thermal performance, thermal performance shop, shop thermal performance, thermal performance retailer, retailer thermal performance, thermal performance where to buy, where to buy thermal performance, thermal performance worst, worst thermal performance, thermal performance quality, quality thermal performance, thermal performance original, original thermal performance, thermal performance genuine, genuine thermal performance, thermal performance fake, fake thermal performance, thermal performance replica, replica thermal performance, thermal performance authentic, authentic thermal performance, thermal performance brand, brand thermal performance, thermal performance manufacturer, manufacturer thermal performance, thermal performance company, company thermal performance, thermal performance product, product thermal performance, thermal performance amd product, amd product thermal performance, thermal performance sell amd, sell amd thermal performance, thermal performance buy amd, buy amd thermal performance, thermal performance cheap amd, cheap amd thermal performance, thermal performance best amd, best amd thermal performance, thermal performance amd review, amd review thermal performance, thermal performance where to buy amd, where to buy amd thermal performance, thermal performance how to choose amd, how to choose amd thermal performance, thermal performance top amd, top amd thermal performance, thermal performance amd guide, amd guide thermal performance, thermal performance amd for sale, amd for sale thermal performance, thermal performance amd deals, amd deals thermal performance
2026-10-03 05:09:15,204 - INFO - Expanded 220 seed keywords to 385 variations
2026-10-03 05:09:15,204 - INFO - Language: en
2026-10-03 05:09:15,204 - INFO - Region: us
2026-10-03 05:11:28,373 - INFO - 🎯 After all filtering for 'amd': 120 relevant keywords
2026-10-03 05:11:29,880 - INFO - 🎯 Found 5 new keywords for niche 'amd': amd affordable core count, amd affordable thermal performance, cheap alternatives core count, cheap alternatives thermal performance, best authentic core count
2026-10-03 05:11:46,035 - INFO - ✅ Niche 'amd' process complete! 821 total keyword results.
2026-10-03 05:11:46,036 - INFO - ✅ Completed processing niche: 'amd'
2026-10-03 05:11:46,036 - INFO - 🔧 Request Handler final stats - Success rate: 100.0%
2026-10-03 05:11:46,036 - INFO -    Total requests: 212693, Blocks: 1
2026-10-03 05:11:46,037 - INFO - 
========================================
2026-10-03 05:11:46,037 - INFO - Process Summary:
2026-10-03 05:11:46,037 - INFO - - Current niche: 'amd'
2026-10-03 05:11:46,037 - INFO - - Next niche will be: 'canon'
2026-10-03 05:11:46,037 - INFO - - Keywords saved in: languages/english/keywords/amd/
2026-10-03 05:11:46,037 - INFO - ========================================
