2026-09-07 15:10:46,906 - INFO - Log file created at: /home/runner/work/potensitech.com/potensitech.com/languages/english/keywords/logs/kw_search_20260907_151046.log
2026-09-07 15:10:46,906 - INFO - ============================================================
2026-09-07 15:10:46,906 - INFO - AUTOMATIC KEYWORD RESEARCH TOOL
2026-09-07 15:10:46,906 - INFO - ============================================================
2026-09-07 15:10:47,241 - INFO - ========================================
2026-09-07 15:10:47,241 - INFO - Found 14 niches to process: xiaomi, iphone, samsung, apple, sony, asus, philips, sandisk, intel, nvidia, amd, canon, nikon, huawei
2026-09-07 15:10:47,241 - INFO - ========================================
2026-09-07 15:10:47,241 - INFO - Continuing from last processed niche: asus
2026-09-07 15:10:47,241 - INFO - ========================================
2026-09-07 15:10:47,241 - INFO - 🎯 PROCESSING NICHE 7/14: 'philips'
2026-09-07 15:10:47,241 - INFO - ========================================
2026-09-07 15:10:47,242 - INFO - 📁 Niche directory: /home/runner/work/potensitech.com/potensitech.com/languages/english/keywords/philips
2026-09-07 15:10:47,242 - INFO - Selected region: us
2026-09-07 15:10:47,242 - INFO - Selected language: en
2026-09-07 15:10:47,242 - INFO - 🎯 Current niche: philips
2026-09-07 15:10:58,598 - INFO - 🎯 Niche terms for filtering: philips, cheap, best, latest, review, price, sell, buy, recommendation, tips, tutorial, guide, how to, vs, versus, compared to, comparison, alternatives, which is better, expensive, discount, deals, sale, affordable, cost, online, offline, marketplace, store, shop, retailer, where to buy, worst, quality, original, genuine, fake, replica, authentic, brand, manufacturer, company, product, philips product, sell philips, buy philips, cheap philips, best philips, philips review, where to buy philips, how to choose philips, top philips, philips guide, philips for sale, philips deals
2026-09-07 15:10:58,599 - INFO - Generated 50 niche-clue pairs for 'philips'.
2026-09-07 15:10:58,603 - INFO - Expanded 50 seed keywords to 218 variations
2026-09-07 15:10:58,603 - INFO - 🔧 Request Handler initialized - Success rate: 100.0%
2026-09-07 15:15:20,938 - INFO - Original clue keywords: ai computing, usb performance
2026-09-07 15:15:20,938 - INFO - Niche-focused seeds: ai computing philips, philips ai computing, ai computing cheap, cheap ai computing, ai computing best, best ai computing, ai computing latest, latest ai computing, ai computing review, review ai computing, ai computing price, price ai computing, ai computing sell, sell ai computing, ai computing buy, buy ai computing, ai computing recommendation, recommendation ai computing, ai computing tips, tips ai computing, ai computing tutorial, tutorial ai computing, ai computing guide, guide ai computing, ai computing how to, how to ai computing, ai computing vs, vs ai computing, ai computing versus, versus ai computing, ai computing compared to, compared to ai computing, ai computing comparison, comparison ai computing, ai computing alternatives, alternatives ai computing, ai computing which is better, which is better ai computing, ai computing expensive, expensive ai computing, ai computing discount, discount ai computing, ai computing deals, deals ai computing, ai computing sale, sale ai computing, ai computing affordable, affordable ai computing, ai computing cost, cost ai computing, ai computing online, online ai computing, ai computing offline, offline ai computing, ai computing marketplace, marketplace ai computing, ai computing store, store ai computing, ai computing shop, shop ai computing, ai computing retailer, retailer ai computing, ai computing where to buy, where to buy ai computing, ai computing worst, worst ai computing, ai computing quality, quality ai computing, ai computing original, original ai computing, ai computing genuine, genuine ai computing, ai computing fake, fake ai computing, ai computing replica, replica ai computing, ai computing authentic, authentic ai computing, ai computing brand, brand ai computing, ai computing manufacturer, manufacturer ai computing, ai computing company, company ai computing, ai computing product, product ai computing, ai computing philips product, philips product ai computing, ai computing sell philips, sell philips ai computing, ai computing buy philips, buy philips ai computing, ai computing cheap philips, cheap philips ai computing, ai computing best philips, best philips ai computing, ai computing philips review, philips review ai computing, ai computing where to buy philips, where to buy philips ai computing, ai computing how to choose philips, how to choose philips ai computing, ai computing top philips, top philips ai computing, ai computing philips guide, philips guide ai computing, ai computing philips for sale, philips for sale ai computing, ai computing philips deals, philips deals ai computing, usb performance philips, philips usb performance, usb performance cheap, cheap usb performance, usb performance best, best usb performance, usb performance latest, latest usb performance, usb performance review, review usb performance, usb performance price, price usb performance, usb performance sell, sell usb performance, usb performance buy, buy usb performance, usb performance recommendation, recommendation usb performance, usb performance tips, tips usb performance, usb performance tutorial, tutorial usb performance, usb performance guide, guide usb performance, usb performance how to, how to usb performance, usb performance vs, vs usb performance, usb performance versus, versus usb performance, usb performance compared to, compared to usb performance, usb performance comparison, comparison usb performance, usb performance alternatives, alternatives usb performance, usb performance which is better, which is better usb performance, usb performance expensive, expensive usb performance, usb performance discount, discount usb performance, usb performance deals, deals usb performance, usb performance sale, sale usb performance, usb performance affordable, affordable usb performance, usb performance cost, cost usb performance, usb performance online, online usb performance, usb performance offline, offline usb performance, usb performance marketplace, marketplace usb performance, usb performance store, store usb performance, usb performance shop, shop usb performance, usb performance retailer, retailer usb performance, usb performance where to buy, where to buy usb performance, usb performance worst, worst usb performance, usb performance quality, quality usb performance, usb performance original, original usb performance, usb performance genuine, genuine usb performance, usb performance fake, fake usb performance, usb performance replica, replica usb performance, usb performance authentic, authentic usb performance, usb performance brand, brand usb performance, usb performance manufacturer, manufacturer usb performance, usb performance company, company usb performance, usb performance product, product usb performance, usb performance philips product, philips product usb performance, usb performance sell philips, sell philips usb performance, usb performance buy philips, buy philips usb performance, usb performance cheap philips, cheap philips usb performance, usb performance best philips, best philips usb performance, usb performance philips review, philips review usb performance, usb performance where to buy philips, where to buy philips usb performance, usb performance how to choose philips, how to choose philips usb performance, usb performance top philips, top philips usb performance, usb performance philips guide, philips guide usb performance, usb performance philips for sale, philips for sale usb performance, usb performance philips deals, philips deals usb performance
2026-09-07 15:15:20,941 - INFO - Expanded 220 seed keywords to 385 variations
2026-09-07 15:15:20,941 - INFO - Language: en
2026-09-07 15:15:20,942 - INFO - Region: us
2026-09-07 15:16:09,971 - INFO - 🎯 After all filtering for 'philips': 120 relevant keywords
2026-09-07 15:16:13,845 - INFO - 🎯 Found 2 new keywords for niche 'philips': philips affordable ai computing, philips affordable usb performance
2026-09-07 15:16:30,048 - INFO - ✅ Niche 'philips' process complete! 722 total keyword results.
2026-09-07 15:16:30,048 - INFO - ✅ Completed processing niche: 'philips'
2026-09-07 15:16:30,048 - INFO - 🔧 Request Handler final stats - Success rate: 100.0%
2026-09-07 15:16:30,048 - INFO -    Total requests: 190598, Blocks: 1
2026-09-07 15:16:30,049 - INFO - 
========================================
2026-09-07 15:16:30,049 - INFO - Process Summary:
2026-09-07 15:16:30,049 - INFO - - Current niche: 'philips'
2026-09-07 15:16:30,050 - INFO - - Next niche will be: 'sandisk'
2026-09-07 15:16:30,050 - INFO - - Keywords saved in: languages/english/keywords/philips/
2026-09-07 15:16:30,050 - INFO - ========================================
