2026-08-23 01:51:58,036 - INFO - Log file created at: /home/runner/work/potensitech.com/potensitech.com/languages/english/keywords/logs/kw_search_20260823_015158.log
2026-08-23 01:51:58,036 - INFO - ============================================================
2026-08-23 01:51:58,036 - INFO - AUTOMATIC KEYWORD RESEARCH TOOL
2026-08-23 01:51:58,036 - INFO - ============================================================
2026-08-23 01:51:58,318 - INFO - ========================================
2026-08-23 01:51:58,318 - INFO - Found 14 niches to process: xiaomi, iphone, samsung, apple, sony, asus, philips, sandisk, intel, nvidia, amd, canon, nikon, huawei
2026-08-23 01:51:58,318 - INFO - ========================================
2026-08-23 01:51:58,318 - INFO - Continuing from last processed niche: philips
2026-08-23 01:51:58,318 - INFO - ========================================
2026-08-23 01:51:58,318 - INFO - 🎯 PROCESSING NICHE 8/14: 'sandisk'
2026-08-23 01:51:58,318 - INFO - ========================================
2026-08-23 01:51:58,318 - INFO - 📁 Niche directory: /home/runner/work/potensitech.com/potensitech.com/languages/english/keywords/sandisk
2026-08-23 01:51:58,318 - INFO - Selected region: us
2026-08-23 01:51:58,318 - INFO - Selected language: en
2026-08-23 01:51:58,318 - INFO - 🎯 Current niche: sandisk
2026-08-23 01:52:09,550 - INFO - 🎯 Niche terms for filtering: sandisk, cheap, best, latest, review, price, sell, buy, recommendation, tips, tutorial, guide, how to, vs, versus, compared to, comparison, alternatives, which is better, expensive, discount, deals, sale, affordable, cost, online, offline, marketplace, store, shop, retailer, where to buy, worst, quality, original, genuine, fake, replica, authentic, brand, manufacturer, company, product, sandisk product, sell sandisk, buy sandisk, cheap sandisk, best sandisk, sandisk review, where to buy sandisk, how to choose sandisk, top sandisk, sandisk guide, sandisk for sale, sandisk deals
2026-08-23 01:52:09,551 - INFO - Generated 50 niche-clue pairs for 'sandisk'.
2026-08-23 01:52:09,554 - INFO - Expanded 50 seed keywords to 218 variations
2026-08-23 01:52:09,554 - INFO - 🔧 Request Handler initialized - Success rate: 100.0%
2026-08-23 01:56:38,532 - INFO - Original clue keywords: gpu performance, data storage
2026-08-23 01:56:38,532 - INFO - Niche-focused seeds: gpu performance sandisk, sandisk gpu performance, gpu performance cheap, cheap gpu performance, gpu performance best, best gpu performance, gpu performance latest, latest gpu performance, gpu performance review, review gpu performance, gpu performance price, price gpu performance, gpu performance sell, sell gpu performance, gpu performance buy, buy gpu performance, gpu performance recommendation, recommendation gpu performance, gpu performance tips, tips gpu performance, gpu performance tutorial, tutorial gpu performance, gpu performance guide, guide gpu performance, gpu performance how to, how to gpu performance, gpu performance vs, vs gpu performance, gpu performance versus, versus gpu performance, gpu performance compared to, compared to gpu performance, gpu performance comparison, comparison gpu performance, gpu performance alternatives, alternatives gpu performance, gpu performance which is better, which is better gpu performance, gpu performance expensive, expensive gpu performance, gpu performance discount, discount gpu performance, gpu performance deals, deals gpu performance, gpu performance sale, sale gpu performance, gpu performance affordable, affordable gpu performance, gpu performance cost, cost gpu performance, gpu performance online, online gpu performance, gpu performance offline, offline gpu performance, gpu performance marketplace, marketplace gpu performance, gpu performance store, store gpu performance, gpu performance shop, shop gpu performance, gpu performance retailer, retailer gpu performance, gpu performance where to buy, where to buy gpu performance, gpu performance worst, worst gpu performance, gpu performance quality, quality gpu performance, gpu performance original, original gpu performance, gpu performance genuine, genuine gpu performance, gpu performance fake, fake gpu performance, gpu performance replica, replica gpu performance, gpu performance authentic, authentic gpu performance, gpu performance brand, brand gpu performance, gpu performance manufacturer, manufacturer gpu performance, gpu performance company, company gpu performance, gpu performance product, product gpu performance, gpu performance sandisk product, sandisk product gpu performance, gpu performance sell sandisk, sell sandisk gpu performance, gpu performance buy sandisk, buy sandisk gpu performance, gpu performance cheap sandisk, cheap sandisk gpu performance, gpu performance best sandisk, best sandisk gpu performance, gpu performance sandisk review, sandisk review gpu performance, gpu performance where to buy sandisk, where to buy sandisk gpu performance, gpu performance how to choose sandisk, how to choose sandisk gpu performance, gpu performance top sandisk, top sandisk gpu performance, gpu performance sandisk guide, sandisk guide gpu performance, gpu performance sandisk for sale, sandisk for sale gpu performance, gpu performance sandisk deals, sandisk deals gpu performance, data storage sandisk, sandisk data storage, data storage cheap, cheap data storage, data storage best, best data storage, data storage latest, latest data storage, data storage review, review data storage, data storage price, price data storage, data storage sell, sell data storage, data storage buy, buy data storage, data storage recommendation, recommendation data storage, data storage tips, tips data storage, data storage tutorial, tutorial data storage, data storage guide, guide data storage, data storage how to, how to data storage, data storage vs, vs data storage, data storage versus, versus data storage, data storage compared to, compared to data storage, data storage comparison, comparison data storage, data storage alternatives, alternatives data storage, data storage which is better, which is better data storage, data storage expensive, expensive data storage, data storage discount, discount data storage, data storage deals, deals data storage, data storage sale, sale data storage, data storage affordable, affordable data storage, data storage cost, cost data storage, data storage online, online data storage, data storage offline, offline data storage, data storage marketplace, marketplace data storage, data storage store, store data storage, data storage shop, shop data storage, data storage retailer, retailer data storage, data storage where to buy, where to buy data storage, data storage worst, worst data storage, data storage quality, quality data storage, data storage original, original data storage, data storage genuine, genuine data storage, data storage fake, fake data storage, data storage replica, replica data storage, data storage authentic, authentic data storage, data storage brand, brand data storage, data storage manufacturer, manufacturer data storage, data storage company, company data storage, data storage product, product data storage, data storage sandisk product, sandisk product data storage, data storage sell sandisk, sell sandisk data storage, data storage buy sandisk, buy sandisk data storage, data storage cheap sandisk, cheap sandisk data storage, data storage best sandisk, best sandisk data storage, data storage sandisk review, sandisk review data storage, data storage where to buy sandisk, where to buy sandisk data storage, data storage how to choose sandisk, how to choose sandisk data storage, data storage top sandisk, top sandisk data storage, data storage sandisk guide, sandisk guide data storage, data storage sandisk for sale, sandisk for sale data storage, data storage sandisk deals, sandisk deals data storage
2026-08-23 01:56:38,536 - INFO - Expanded 220 seed keywords to 385 variations
2026-08-23 01:56:38,536 - INFO - Language: en
2026-08-23 01:56:38,536 - INFO - Region: us
2026-08-23 01:58:50,063 - INFO - 🎯 After all filtering for 'sandisk': 120 relevant keywords
2026-08-23 01:58:51,575 - INFO - 🎯 Found 5 new keywords for niche 'sandisk': sandisk affordable data storage, sandisk affordable gpu performance, cheap alternatives gpu performance, best authentic gpu performance, how to brand gpu performance
2026-08-23 01:59:08,081 - INFO - ✅ Niche 'sandisk' process complete! 823 total keyword results.
2026-08-23 01:59:08,081 - INFO - ✅ Completed processing niche: 'sandisk'
2026-08-23 01:59:08,081 - INFO - 🔧 Request Handler final stats - Success rate: 100.0%
2026-08-23 01:59:08,081 - INFO -    Total requests: 178375, Blocks: 1
2026-08-23 01:59:08,082 - INFO - 
========================================
2026-08-23 01:59:08,082 - INFO - Process Summary:
2026-08-23 01:59:08,082 - INFO - - Current niche: 'sandisk'
2026-08-23 01:59:08,083 - INFO - - Next niche will be: 'intel'
2026-08-23 01:59:08,083 - INFO - - Keywords saved in: languages/english/keywords/sandisk/
2026-08-23 01:59:08,083 - INFO - ========================================
