2026-08-08 03:48:49,231 - INFO - Log file created at: /home/runner/work/potensitech.com/potensitech.com/languages/english/keywords/logs/kw_search_20260808_034849.log
2026-08-08 03:48:49,231 - INFO - ============================================================
2026-08-08 03:48:49,231 - INFO - AUTOMATIC KEYWORD RESEARCH TOOL
2026-08-08 03:48:49,231 - INFO - ============================================================
2026-08-08 03:48:49,511 - INFO - ========================================
2026-08-08 03:48:49,511 - INFO - Found 14 niches to process: xiaomi, iphone, samsung, apple, sony, asus, philips, sandisk, intel, nvidia, amd, canon, nikon, huawei
2026-08-08 03:48:49,511 - INFO - ========================================
2026-08-08 03:48:49,511 - INFO - Continuing from last processed niche: canon
2026-08-08 03:48:49,511 - INFO - ========================================
2026-08-08 03:48:49,511 - INFO - 🎯 PROCESSING NICHE 13/14: 'nikon'
2026-08-08 03:48:49,511 - INFO - ========================================
2026-08-08 03:48:49,511 - INFO - 📁 Niche directory: /home/runner/work/potensitech.com/potensitech.com/languages/english/keywords/nikon
2026-08-08 03:48:49,512 - INFO - Selected region: us
2026-08-08 03:48:49,512 - INFO - Selected language: en
2026-08-08 03:48:49,512 - INFO - 🎯 Current niche: nikon
2026-08-08 03:48:50,218 - INFO - 🎯 Niche terms for filtering: nikon, cheap, best, latest, review, price, sell, buy, recommendation, tips, tutorial, guide, how to, vs, versus, compared to, comparison, alternatives, which is better, expensive, discount, deals, sale, affordable, cost, online, offline, marketplace, store, shop, retailer, where to buy, worst, quality, original, genuine, fake, replica, authentic, brand, manufacturer, company, product, nikon product, sell nikon, buy nikon, cheap nikon, best nikon, nikon review, where to buy nikon, how to choose nikon, top nikon, nikon guide, nikon for sale, nikon deals
2026-08-08 03:48:50,218 - INFO - Generated 50 niche-clue pairs for 'nikon'.
2026-08-08 03:48:50,222 - INFO - Expanded 50 seed keywords to 218 variations
2026-08-08 03:48:50,222 - INFO - 🔧 Request Handler initialized - Success rate: 100.0%
2026-08-08 03:53:18,215 - INFO - Original clue keywords: mirrorless photography, chip performance
2026-08-08 03:53:18,215 - INFO - Niche-focused seeds: mirrorless photography nikon, nikon mirrorless photography, mirrorless photography cheap, cheap mirrorless photography, mirrorless photography best, best mirrorless photography, mirrorless photography latest, latest mirrorless photography, mirrorless photography review, review mirrorless photography, mirrorless photography price, price mirrorless photography, mirrorless photography sell, sell mirrorless photography, mirrorless photography buy, buy mirrorless photography, mirrorless photography recommendation, recommendation mirrorless photography, mirrorless photography tips, tips mirrorless photography, mirrorless photography tutorial, tutorial mirrorless photography, mirrorless photography guide, guide mirrorless photography, mirrorless photography how to, how to mirrorless photography, mirrorless photography vs, vs mirrorless photography, mirrorless photography versus, versus mirrorless photography, mirrorless photography compared to, compared to mirrorless photography, mirrorless photography comparison, comparison mirrorless photography, mirrorless photography alternatives, alternatives mirrorless photography, mirrorless photography which is better, which is better mirrorless photography, mirrorless photography expensive, expensive mirrorless photography, mirrorless photography discount, discount mirrorless photography, mirrorless photography deals, deals mirrorless photography, mirrorless photography sale, sale mirrorless photography, mirrorless photography affordable, affordable mirrorless photography, mirrorless photography cost, cost mirrorless photography, mirrorless photography online, online mirrorless photography, mirrorless photography offline, offline mirrorless photography, mirrorless photography marketplace, marketplace mirrorless photography, mirrorless photography store, store mirrorless photography, mirrorless photography shop, shop mirrorless photography, mirrorless photography retailer, retailer mirrorless photography, mirrorless photography where to buy, where to buy mirrorless photography, mirrorless photography worst, worst mirrorless photography, mirrorless photography quality, quality mirrorless photography, mirrorless photography original, original mirrorless photography, mirrorless photography genuine, genuine mirrorless photography, mirrorless photography fake, fake mirrorless photography, mirrorless photography replica, replica mirrorless photography, mirrorless photography authentic, authentic mirrorless photography, mirrorless photography brand, brand mirrorless photography, mirrorless photography manufacturer, manufacturer mirrorless photography, mirrorless photography company, company mirrorless photography, mirrorless photography product, product mirrorless photography, mirrorless photography nikon product, nikon product mirrorless photography, mirrorless photography sell nikon, sell nikon mirrorless photography, mirrorless photography buy nikon, buy nikon mirrorless photography, mirrorless photography cheap nikon, cheap nikon mirrorless photography, mirrorless photography best nikon, best nikon mirrorless photography, mirrorless photography nikon review, nikon review mirrorless photography, mirrorless photography where to buy nikon, where to buy nikon mirrorless photography, mirrorless photography how to choose nikon, how to choose nikon mirrorless photography, mirrorless photography top nikon, top nikon mirrorless photography, mirrorless photography nikon guide, nikon guide mirrorless photography, mirrorless photography nikon for sale, nikon for sale mirrorless photography, mirrorless photography nikon deals, nikon deals mirrorless photography, chip performance nikon, nikon chip performance, chip performance cheap, cheap chip performance, chip performance best, best chip performance, chip performance latest, latest chip performance, chip performance review, review chip performance, chip performance price, price chip performance, chip performance sell, sell chip performance, chip performance buy, buy chip performance, chip performance recommendation, recommendation chip performance, chip performance tips, tips chip performance, chip performance tutorial, tutorial chip performance, chip performance guide, guide chip performance, chip performance how to, how to chip performance, chip performance vs, vs chip performance, chip performance versus, versus chip performance, chip performance compared to, compared to chip performance, chip performance comparison, comparison chip performance, chip performance alternatives, alternatives chip performance, chip performance which is better, which is better chip performance, chip performance expensive, expensive chip performance, chip performance discount, discount chip performance, chip performance deals, deals chip performance, chip performance sale, sale chip performance, chip performance affordable, affordable chip performance, chip performance cost, cost chip performance, chip performance online, online chip performance, chip performance offline, offline chip performance, chip performance marketplace, marketplace chip performance, chip performance store, store chip performance, chip performance shop, shop chip performance, chip performance retailer, retailer chip performance, chip performance where to buy, where to buy chip performance, chip performance worst, worst chip performance, chip performance quality, quality chip performance, chip performance original, original chip performance, chip performance genuine, genuine chip performance, chip performance fake, fake chip performance, chip performance replica, replica chip performance, chip performance authentic, authentic chip performance, chip performance brand, brand chip performance, chip performance manufacturer, manufacturer chip performance, chip performance company, company chip performance, chip performance product, product chip performance, chip performance nikon product, nikon product chip performance, chip performance sell nikon, sell nikon chip performance, chip performance buy nikon, buy nikon chip performance, chip performance cheap nikon, cheap nikon chip performance, chip performance best nikon, best nikon chip performance, chip performance nikon review, nikon review chip performance, chip performance where to buy nikon, where to buy nikon chip performance, chip performance how to choose nikon, how to choose nikon chip performance, chip performance top nikon, top nikon chip performance, chip performance nikon guide, nikon guide chip performance, chip performance nikon for sale, nikon for sale chip performance, chip performance nikon deals, nikon deals chip performance
2026-08-08 03:53:18,219 - INFO - Expanded 220 seed keywords to 385 variations
2026-08-08 03:53:18,219 - INFO - Language: en
2026-08-08 03:53:18,219 - INFO - Region: us
2026-08-08 03:55:44,946 - INFO - 🎯 After all filtering for 'nikon': 120 relevant keywords
2026-08-08 03:55:46,230 - INFO - 🎯 Found 5 new keywords for niche 'nikon': nikon affordable chip performance, nikon affordable mirrorless photography, cheap alternatives chip performance, best authentic chip performance, how to brand chip performance
2026-08-08 03:55:46,661 - INFO - ✅ Niche 'nikon' process complete! 654 total keyword results.
2026-08-08 03:55:46,662 - INFO - ✅ Completed processing niche: 'nikon'
2026-08-08 03:55:46,662 - INFO - 🔧 Request Handler final stats - Success rate: 100.0%
2026-08-08 03:55:46,662 - INFO -    Total requests: 166787, Blocks: 1
2026-08-08 03:55:46,663 - INFO - 
========================================
2026-08-08 03:55:46,663 - INFO - Process Summary:
2026-08-08 03:55:46,663 - INFO - - Current niche: 'nikon'
2026-08-08 03:55:46,663 - INFO - - Next niche will be: 'huawei'
2026-08-08 03:55:46,663 - INFO - - Keywords saved in: languages/english/keywords/nikon/
2026-08-08 03:55:46,664 - INFO - ========================================
