2026-08-09 17:15:07,320 - INFO - Log file created at: /home/runner/work/potensitech.com/potensitech.com/languages/english/keywords/logs/kw_search_20260809_171507.log
2026-08-09 17:15:07,320 - INFO - ============================================================
2026-08-09 17:15:07,320 - INFO - AUTOMATIC KEYWORD RESEARCH TOOL
2026-08-09 17:15:07,320 - INFO - ============================================================
2026-08-09 17:15:07,558 - INFO - ========================================
2026-08-09 17:15:07,558 - INFO - Found 14 niches to process: xiaomi, iphone, samsung, apple, sony, asus, philips, sandisk, intel, nvidia, amd, canon, nikon, huawei
2026-08-09 17:15:07,558 - INFO - ========================================
2026-08-09 17:15:07,559 - INFO - All niches completed, starting over
2026-08-09 17:15:07,559 - INFO - ========================================
2026-08-09 17:15:07,559 - INFO - 🎯 PROCESSING NICHE 1/14: 'xiaomi'
2026-08-09 17:15:07,559 - INFO - ========================================
2026-08-09 17:15:07,559 - INFO - 📁 Niche directory: /home/runner/work/potensitech.com/potensitech.com/languages/english/keywords/xiaomi
2026-08-09 17:15:07,559 - INFO - Selected region: us
2026-08-09 17:15:07,559 - INFO - Selected language: en
2026-08-09 17:15:07,559 - INFO - 🎯 Current niche: xiaomi
2026-08-09 17:15:08,247 - INFO - 🎯 Niche terms for filtering: xiaomi, cheap, best, latest, review, price, sell, buy, recommendation, tips, tutorial, guide, how to, vs, versus, compared to, comparison, alternatives, which is better, expensive, discount, deals, sale, affordable, cost, online, offline, marketplace, store, shop, retailer, where to buy, worst, quality, original, genuine, fake, replica, authentic, brand, manufacturer, company, product, xiaomi product, sell xiaomi, buy xiaomi, cheap xiaomi, best xiaomi, xiaomi review, where to buy xiaomi, how to choose xiaomi, top xiaomi, xiaomi guide, xiaomi for sale, xiaomi deals
2026-08-09 17:15:08,247 - INFO - Generated 50 niche-clue pairs for 'xiaomi'.
2026-08-09 17:15:08,250 - INFO - Expanded 50 seed keywords to 218 variations
2026-08-09 17:15:08,251 - INFO - 🔧 Request Handler initialized - Success rate: 100.0%
2026-08-09 17:19:33,389 - INFO - Original clue keywords: mirrorless camera, battery life
2026-08-09 17:19:33,389 - INFO - Niche-focused seeds: mirrorless camera xiaomi, xiaomi mirrorless camera, mirrorless camera cheap, cheap mirrorless camera, mirrorless camera best, best mirrorless camera, mirrorless camera latest, latest mirrorless camera, mirrorless camera review, review mirrorless camera, mirrorless camera price, price mirrorless camera, mirrorless camera sell, sell mirrorless camera, mirrorless camera buy, buy mirrorless camera, mirrorless camera recommendation, recommendation mirrorless camera, mirrorless camera tips, tips mirrorless camera, mirrorless camera tutorial, tutorial mirrorless camera, mirrorless camera guide, guide mirrorless camera, mirrorless camera how to, how to mirrorless camera, mirrorless camera vs, vs mirrorless camera, mirrorless camera versus, versus mirrorless camera, mirrorless camera compared to, compared to mirrorless camera, mirrorless camera comparison, comparison mirrorless camera, mirrorless camera alternatives, alternatives mirrorless camera, mirrorless camera which is better, which is better mirrorless camera, mirrorless camera expensive, expensive mirrorless camera, mirrorless camera discount, discount mirrorless camera, mirrorless camera deals, deals mirrorless camera, mirrorless camera sale, sale mirrorless camera, mirrorless camera affordable, affordable mirrorless camera, mirrorless camera cost, cost mirrorless camera, mirrorless camera online, online mirrorless camera, mirrorless camera offline, offline mirrorless camera, mirrorless camera marketplace, marketplace mirrorless camera, mirrorless camera store, store mirrorless camera, mirrorless camera shop, shop mirrorless camera, mirrorless camera retailer, retailer mirrorless camera, mirrorless camera where to buy, where to buy mirrorless camera, mirrorless camera worst, worst mirrorless camera, mirrorless camera quality, quality mirrorless camera, mirrorless camera original, original mirrorless camera, mirrorless camera genuine, genuine mirrorless camera, mirrorless camera fake, fake mirrorless camera, mirrorless camera replica, replica mirrorless camera, mirrorless camera authentic, authentic mirrorless camera, mirrorless camera brand, brand mirrorless camera, mirrorless camera manufacturer, manufacturer mirrorless camera, mirrorless camera company, company mirrorless camera, mirrorless camera product, product mirrorless camera, mirrorless camera xiaomi product, xiaomi product mirrorless camera, mirrorless camera sell xiaomi, sell xiaomi mirrorless camera, mirrorless camera buy xiaomi, buy xiaomi mirrorless camera, mirrorless camera cheap xiaomi, cheap xiaomi mirrorless camera, mirrorless camera best xiaomi, best xiaomi mirrorless camera, mirrorless camera xiaomi review, xiaomi review mirrorless camera, mirrorless camera where to buy xiaomi, where to buy xiaomi mirrorless camera, mirrorless camera how to choose xiaomi, how to choose xiaomi mirrorless camera, mirrorless camera top xiaomi, top xiaomi mirrorless camera, mirrorless camera xiaomi guide, xiaomi guide mirrorless camera, mirrorless camera xiaomi for sale, xiaomi for sale mirrorless camera, mirrorless camera xiaomi deals, xiaomi deals mirrorless camera, battery life xiaomi, xiaomi battery life, battery life cheap, cheap battery life, battery life best, best battery life, battery life latest, latest battery life, battery life review, review battery life, battery life price, price battery life, battery life sell, sell battery life, battery life buy, buy battery life, battery life recommendation, recommendation battery life, battery life tips, tips battery life, battery life tutorial, tutorial battery life, battery life guide, guide battery life, battery life how to, how to battery life, battery life vs, vs battery life, battery life versus, versus battery life, battery life compared to, compared to battery life, battery life comparison, comparison battery life, battery life alternatives, alternatives battery life, battery life which is better, which is better battery life, battery life expensive, expensive battery life, battery life discount, discount battery life, battery life deals, deals battery life, battery life sale, sale battery life, battery life affordable, affordable battery life, battery life cost, cost battery life, battery life online, online battery life, battery life offline, offline battery life, battery life marketplace, marketplace battery life, battery life store, store battery life, battery life shop, shop battery life, battery life retailer, retailer battery life, battery life where to buy, where to buy battery life, battery life worst, worst battery life, battery life quality, quality battery life, battery life original, original battery life, battery life genuine, genuine battery life, battery life fake, fake battery life, battery life replica, replica battery life, battery life authentic, authentic battery life, battery life brand, brand battery life, battery life manufacturer, manufacturer battery life, battery life company, company battery life, battery life product, product battery life, battery life xiaomi product, xiaomi product battery life, battery life sell xiaomi, sell xiaomi battery life, battery life buy xiaomi, buy xiaomi battery life, battery life cheap xiaomi, cheap xiaomi battery life, battery life best xiaomi, best xiaomi battery life, battery life xiaomi review, xiaomi review battery life, battery life where to buy xiaomi, where to buy xiaomi battery life, battery life how to choose xiaomi, how to choose xiaomi battery life, battery life top xiaomi, top xiaomi battery life, battery life xiaomi guide, xiaomi guide battery life, battery life xiaomi for sale, xiaomi for sale battery life, battery life xiaomi deals, xiaomi deals battery life
2026-08-09 17:19:33,392 - INFO - Expanded 220 seed keywords to 385 variations
2026-08-09 17:19:33,392 - INFO - Language: en
2026-08-09 17:19:33,392 - INFO - Region: us
2026-08-09 17:20:49,509 - INFO - 🎯 After all filtering for 'xiaomi': 120 relevant keywords
2026-08-09 17:20:50,733 - INFO - 🎯 Found 4 new keywords for niche 'xiaomi': xiaomi affordable battery life, xiaomi affordable mirrorless camera, cheap alternatives mirrorless camera, best authentic mirrorless camera
2026-08-09 17:20:51,213 - INFO - ✅ Niche 'xiaomi' process complete! 634 total keyword results.
2026-08-09 17:20:51,213 - INFO - ✅ Completed processing niche: 'xiaomi'
2026-08-09 17:20:51,213 - INFO - 🔧 Request Handler final stats - Success rate: 100.0%
2026-08-09 17:20:51,214 - INFO -    Total requests: 167945, Blocks: 1
2026-08-09 17:20:51,214 - INFO - 
========================================
2026-08-09 17:20:51,215 - INFO - Process Summary:
2026-08-09 17:20:51,215 - INFO - - Current niche: 'xiaomi'
2026-08-09 17:20:51,215 - INFO - - Next niche will be: 'iphone'
2026-08-09 17:20:51,215 - INFO - - Keywords saved in: languages/english/keywords/xiaomi/
2026-08-09 17:20:51,215 - INFO - ========================================
