2026-08-06 09:51:16,341 - INFO - Log file created at: /home/runner/work/potensitech.com/potensitech.com/languages/english/keywords/logs/kw_search_20260806_095116.log
2026-08-06 09:51:16,341 - INFO - ============================================================
2026-08-06 09:51:16,341 - INFO - AUTOMATIC KEYWORD RESEARCH TOOL
2026-08-06 09:51:16,341 - INFO - ============================================================
2026-08-06 09:51:16,633 - INFO - ========================================
2026-08-06 09:51:16,634 - INFO - Found 14 niches to process: xiaomi, iphone, samsung, apple, sony, asus, philips, sandisk, intel, nvidia, amd, canon, nikon, huawei
2026-08-06 09:51:16,634 - INFO - ========================================
2026-08-06 09:51:16,634 - INFO - Continuing from last processed niche: nvidia
2026-08-06 09:51:16,634 - INFO - ========================================
2026-08-06 09:51:16,634 - INFO - 🎯 PROCESSING NICHE 11/14: 'amd'
2026-08-06 09:51:16,634 - INFO - ========================================
2026-08-06 09:51:16,634 - INFO - 📁 Niche directory: /home/runner/work/potensitech.com/potensitech.com/languages/english/keywords/amd
2026-08-06 09:51:16,634 - INFO - Selected region: us
2026-08-06 09:51:16,634 - INFO - Selected language: en
2026-08-06 09:51:16,634 - INFO - 🎯 Current niche: amd
2026-08-06 09:51:17,350 - INFO - 🎯 Niche terms for filtering: amd, cheap, best, latest, review, price, sell, buy, recommendation, tips, tutorial, guide, how to, vs, versus, compared to, comparison, alternatives, which is better, expensive, discount, deals, sale, affordable, cost, online, offline, marketplace, store, shop, retailer, where to buy, worst, quality, original, genuine, fake, replica, authentic, brand, manufacturer, company, product, amd product, sell amd, buy amd, cheap amd, best amd, amd review, where to buy amd, how to choose amd, top amd, amd guide, amd for sale, amd deals
2026-08-06 09:51:17,351 - INFO - Generated 50 niche-clue pairs for 'amd'.
2026-08-06 09:51:17,354 - INFO - Expanded 50 seed keywords to 218 variations
2026-08-06 09:51:17,355 - INFO - 🔧 Request Handler initialized - Success rate: 100.0%
2026-08-06 09:55:37,829 - INFO - Original clue keywords: autofocus technology, dslr lens
2026-08-06 09:55:37,829 - INFO - Niche-focused seeds: autofocus technology amd, amd autofocus technology, autofocus technology cheap, cheap autofocus technology, autofocus technology best, best autofocus technology, autofocus technology latest, latest autofocus technology, autofocus technology review, review autofocus technology, autofocus technology price, price autofocus technology, autofocus technology sell, sell autofocus technology, autofocus technology buy, buy autofocus technology, autofocus technology recommendation, recommendation autofocus technology, autofocus technology tips, tips autofocus technology, autofocus technology tutorial, tutorial autofocus technology, autofocus technology guide, guide autofocus technology, autofocus technology how to, how to autofocus technology, autofocus technology vs, vs autofocus technology, autofocus technology versus, versus autofocus technology, autofocus technology compared to, compared to autofocus technology, autofocus technology comparison, comparison autofocus technology, autofocus technology alternatives, alternatives autofocus technology, autofocus technology which is better, which is better autofocus technology, autofocus technology expensive, expensive autofocus technology, autofocus technology discount, discount autofocus technology, autofocus technology deals, deals autofocus technology, autofocus technology sale, sale autofocus technology, autofocus technology affordable, affordable autofocus technology, autofocus technology cost, cost autofocus technology, autofocus technology online, online autofocus technology, autofocus technology offline, offline autofocus technology, autofocus technology marketplace, marketplace autofocus technology, autofocus technology store, store autofocus technology, autofocus technology shop, shop autofocus technology, autofocus technology retailer, retailer autofocus technology, autofocus technology where to buy, where to buy autofocus technology, autofocus technology worst, worst autofocus technology, autofocus technology quality, quality autofocus technology, autofocus technology original, original autofocus technology, autofocus technology genuine, genuine autofocus technology, autofocus technology fake, fake autofocus technology, autofocus technology replica, replica autofocus technology, autofocus technology authentic, authentic autofocus technology, autofocus technology brand, brand autofocus technology, autofocus technology manufacturer, manufacturer autofocus technology, autofocus technology company, company autofocus technology, autofocus technology product, product autofocus technology, autofocus technology amd product, amd product autofocus technology, autofocus technology sell amd, sell amd autofocus technology, autofocus technology buy amd, buy amd autofocus technology, autofocus technology cheap amd, cheap amd autofocus technology, autofocus technology best amd, best amd autofocus technology, autofocus technology amd review, amd review autofocus technology, autofocus technology where to buy amd, where to buy amd autofocus technology, autofocus technology how to choose amd, how to choose amd autofocus technology, autofocus technology top amd, top amd autofocus technology, autofocus technology amd guide, amd guide autofocus technology, autofocus technology amd for sale, amd for sale autofocus technology, autofocus technology amd deals, amd deals autofocus technology, dslr lens amd, amd dslr lens, dslr lens cheap, cheap dslr lens, dslr lens best, best dslr lens, dslr lens latest, latest dslr lens, dslr lens review, review dslr lens, dslr lens price, price dslr lens, dslr lens sell, sell dslr lens, dslr lens buy, buy dslr lens, dslr lens recommendation, recommendation dslr lens, dslr lens tips, tips dslr lens, dslr lens tutorial, tutorial dslr lens, dslr lens guide, guide dslr lens, dslr lens how to, how to dslr lens, dslr lens vs, vs dslr lens, dslr lens versus, versus dslr lens, dslr lens compared to, compared to dslr lens, dslr lens comparison, comparison dslr lens, dslr lens alternatives, alternatives dslr lens, dslr lens which is better, which is better dslr lens, dslr lens expensive, expensive dslr lens, dslr lens discount, discount dslr lens, dslr lens deals, deals dslr lens, dslr lens sale, sale dslr lens, dslr lens affordable, affordable dslr lens, dslr lens cost, cost dslr lens, dslr lens online, online dslr lens, dslr lens offline, offline dslr lens, dslr lens marketplace, marketplace dslr lens, dslr lens store, store dslr lens, dslr lens shop, shop dslr lens, dslr lens retailer, retailer dslr lens, dslr lens where to buy, where to buy dslr lens, dslr lens worst, worst dslr lens, dslr lens quality, quality dslr lens, dslr lens original, original dslr lens, dslr lens genuine, genuine dslr lens, dslr lens fake, fake dslr lens, dslr lens replica, replica dslr lens, dslr lens authentic, authentic dslr lens, dslr lens brand, brand dslr lens, dslr lens manufacturer, manufacturer dslr lens, dslr lens company, company dslr lens, dslr lens product, product dslr lens, dslr lens amd product, amd product dslr lens, dslr lens sell amd, sell amd dslr lens, dslr lens buy amd, buy amd dslr lens, dslr lens cheap amd, cheap amd dslr lens, dslr lens best amd, best amd dslr lens, dslr lens amd review, amd review dslr lens, dslr lens where to buy amd, where to buy amd dslr lens, dslr lens how to choose amd, how to choose amd dslr lens, dslr lens top amd, top amd dslr lens, dslr lens amd guide, amd guide dslr lens, dslr lens amd for sale, amd for sale dslr lens, dslr lens amd deals, amd deals dslr lens
2026-08-06 09:55:37,832 - INFO - Expanded 220 seed keywords to 385 variations
2026-08-06 09:55:37,832 - INFO - Language: en
2026-08-06 09:55:37,832 - INFO - Region: us
2026-08-06 10:00:11,186 - INFO - 🎯 After all filtering for 'amd': 119 relevant keywords
2026-08-06 10:00:12,595 - INFO - 🎯 Found 5 new keywords for niche 'amd': amd affordable autofocus technology, amd affordable dslr lens, cheap alternatives autofocus technology, cheap alternatives dslr lens, best authentic autofocus technology
2026-08-06 10:00:13,052 - INFO - ✅ Niche 'amd' process complete! 746 total keyword results.
2026-08-06 10:00:13,052 - INFO - ✅ Completed processing niche: 'amd'
2026-08-06 10:00:13,052 - INFO - 🔧 Request Handler final stats - Success rate: 100.0%
2026-08-06 10:00:13,052 - INFO -    Total requests: 165471, Blocks: 1
2026-08-06 10:00:13,053 - INFO - 
========================================
2026-08-06 10:00:13,054 - INFO - Process Summary:
2026-08-06 10:00:13,054 - INFO - - Current niche: 'amd'
2026-08-06 10:00:13,054 - INFO - - Next niche will be: 'canon'
2026-08-06 10:00:13,054 - INFO - - Keywords saved in: languages/english/keywords/amd/
2026-08-06 10:00:13,054 - INFO - ========================================
