2026-09-16 22:07:55,144 - INFO - Log file created at: /home/runner/work/potensitech.com/potensitech.com/languages/english/keywords/logs/kw_search_20260916_220755.log
2026-09-16 22:07:55,144 - INFO - ============================================================
2026-09-16 22:07:55,144 - INFO - AUTOMATIC KEYWORD RESEARCH TOOL
2026-09-16 22:07:55,144 - INFO - ============================================================
2026-09-16 22:07:55,422 - INFO - ========================================
2026-09-16 22:07:55,422 - INFO - Found 14 niches to process: xiaomi, iphone, samsung, apple, sony, asus, philips, sandisk, intel, nvidia, amd, canon, nikon, huawei
2026-09-16 22:07:55,423 - INFO - ========================================
2026-09-16 22:07:55,423 - INFO - Continuing from last processed niche: iphone
2026-09-16 22:07:55,423 - INFO - ========================================
2026-09-16 22:07:55,423 - INFO - 🎯 PROCESSING NICHE 3/14: 'samsung'
2026-09-16 22:07:55,423 - INFO - ========================================
2026-09-16 22:07:55,423 - INFO - 📁 Niche directory: /home/runner/work/potensitech.com/potensitech.com/languages/english/keywords/samsung
2026-09-16 22:07:55,423 - INFO - Selected region: us
2026-09-16 22:07:55,423 - INFO - Selected language: en
2026-09-16 22:07:55,423 - INFO - 🎯 Current niche: samsung
2026-09-16 22:08:06,432 - INFO - 🎯 Niche terms for filtering: samsung, cheap, best, latest, review, price, sell, buy, recommendation, tips, tutorial, guide, how to, vs, versus, compared to, comparison, alternatives, which is better, expensive, discount, deals, sale, affordable, cost, online, offline, marketplace, store, shop, retailer, where to buy, worst, quality, original, genuine, fake, replica, authentic, brand, manufacturer, company, product, samsung product, sell samsung, buy samsung, cheap samsung, best samsung, samsung review, where to buy samsung, how to choose samsung, top samsung, samsung guide, samsung for sale, samsung deals
2026-09-16 22:08:06,432 - INFO - Generated 50 niche-clue pairs for 'samsung'.
2026-09-16 22:08:06,434 - INFO - Expanded 50 seed keywords to 218 variations
2026-09-16 22:08:06,435 - INFO - 🔧 Request Handler initialized - Success rate: 100.0%
2026-09-16 22:12:30,484 - INFO - Original clue keywords: electric toothbrushes, home appliances
2026-09-16 22:12:30,484 - INFO - Niche-focused seeds: electric toothbrushes samsung, samsung electric toothbrushes, electric toothbrushes cheap, cheap electric toothbrushes, electric toothbrushes best, best electric toothbrushes, electric toothbrushes latest, latest electric toothbrushes, electric toothbrushes review, review electric toothbrushes, electric toothbrushes price, price electric toothbrushes, electric toothbrushes sell, sell electric toothbrushes, electric toothbrushes buy, buy electric toothbrushes, electric toothbrushes recommendation, recommendation electric toothbrushes, electric toothbrushes tips, tips electric toothbrushes, electric toothbrushes tutorial, tutorial electric toothbrushes, electric toothbrushes guide, guide electric toothbrushes, electric toothbrushes how to, how to electric toothbrushes, electric toothbrushes vs, vs electric toothbrushes, electric toothbrushes versus, versus electric toothbrushes, electric toothbrushes compared to, compared to electric toothbrushes, electric toothbrushes comparison, comparison electric toothbrushes, electric toothbrushes alternatives, alternatives electric toothbrushes, electric toothbrushes which is better, which is better electric toothbrushes, electric toothbrushes expensive, expensive electric toothbrushes, electric toothbrushes discount, discount electric toothbrushes, electric toothbrushes deals, deals electric toothbrushes, electric toothbrushes sale, sale electric toothbrushes, electric toothbrushes affordable, affordable electric toothbrushes, electric toothbrushes cost, cost electric toothbrushes, electric toothbrushes online, online electric toothbrushes, electric toothbrushes offline, offline electric toothbrushes, electric toothbrushes marketplace, marketplace electric toothbrushes, electric toothbrushes store, store electric toothbrushes, electric toothbrushes shop, shop electric toothbrushes, electric toothbrushes retailer, retailer electric toothbrushes, electric toothbrushes where to buy, where to buy electric toothbrushes, electric toothbrushes worst, worst electric toothbrushes, electric toothbrushes quality, quality electric toothbrushes, electric toothbrushes original, original electric toothbrushes, electric toothbrushes genuine, genuine electric toothbrushes, electric toothbrushes fake, fake electric toothbrushes, electric toothbrushes replica, replica electric toothbrushes, electric toothbrushes authentic, authentic electric toothbrushes, electric toothbrushes brand, brand electric toothbrushes, electric toothbrushes manufacturer, manufacturer electric toothbrushes, electric toothbrushes company, company electric toothbrushes, electric toothbrushes product, product electric toothbrushes, electric toothbrushes samsung product, samsung product electric toothbrushes, electric toothbrushes sell samsung, sell samsung electric toothbrushes, electric toothbrushes buy samsung, buy samsung electric toothbrushes, electric toothbrushes cheap samsung, cheap samsung electric toothbrushes, electric toothbrushes best samsung, best samsung electric toothbrushes, electric toothbrushes samsung review, samsung review electric toothbrushes, electric toothbrushes where to buy samsung, where to buy samsung electric toothbrushes, electric toothbrushes how to choose samsung, how to choose samsung electric toothbrushes, electric toothbrushes top samsung, top samsung electric toothbrushes, electric toothbrushes samsung guide, samsung guide electric toothbrushes, electric toothbrushes samsung for sale, samsung for sale electric toothbrushes, electric toothbrushes samsung deals, samsung deals electric toothbrushes, home appliances samsung, samsung home appliances, home appliances cheap, cheap home appliances, home appliances best, best home appliances, home appliances latest, latest home appliances, home appliances review, review home appliances, home appliances price, price home appliances, home appliances sell, sell home appliances, home appliances buy, buy home appliances, home appliances recommendation, recommendation home appliances, home appliances tips, tips home appliances, home appliances tutorial, tutorial home appliances, home appliances guide, guide home appliances, home appliances how to, how to home appliances, home appliances vs, vs home appliances, home appliances versus, versus home appliances, home appliances compared to, compared to home appliances, home appliances comparison, comparison home appliances, home appliances alternatives, alternatives home appliances, home appliances which is better, which is better home appliances, home appliances expensive, expensive home appliances, home appliances discount, discount home appliances, home appliances deals, deals home appliances, home appliances sale, sale home appliances, home appliances affordable, affordable home appliances, home appliances cost, cost home appliances, home appliances online, online home appliances, home appliances offline, offline home appliances, home appliances marketplace, marketplace home appliances, home appliances store, store home appliances, home appliances shop, shop home appliances, home appliances retailer, retailer home appliances, home appliances where to buy, where to buy home appliances, home appliances worst, worst home appliances, home appliances quality, quality home appliances, home appliances original, original home appliances, home appliances genuine, genuine home appliances, home appliances fake, fake home appliances, home appliances replica, replica home appliances, home appliances authentic, authentic home appliances, home appliances brand, brand home appliances, home appliances manufacturer, manufacturer home appliances, home appliances company, company home appliances, home appliances product, product home appliances, home appliances samsung product, samsung product home appliances, home appliances sell samsung, sell samsung home appliances, home appliances buy samsung, buy samsung home appliances, home appliances cheap samsung, cheap samsung home appliances, home appliances best samsung, best samsung home appliances, home appliances samsung review, samsung review home appliances, home appliances where to buy samsung, where to buy samsung home appliances, home appliances how to choose samsung, how to choose samsung home appliances, home appliances top samsung, top samsung home appliances, home appliances samsung guide, samsung guide home appliances, home appliances samsung for sale, samsung for sale home appliances, home appliances samsung deals, samsung deals home appliances
2026-09-16 22:12:30,486 - INFO - Expanded 220 seed keywords to 385 variations
2026-09-16 22:12:30,486 - INFO - Language: en
2026-09-16 22:12:30,486 - INFO - Region: us
2026-09-16 22:17:02,524 - INFO - 🎯 After all filtering for 'samsung': 120 relevant keywords
2026-09-16 22:17:03,511 - INFO - 🎯 Found 5 new keywords for niche 'samsung': samsung affordable electric toothbrushes, samsung affordable home appliances, cheap alternatives electric toothbrushes, cheap alternatives home appliances, best authentic electric toothbrushes
2026-09-16 22:17:19,493 - INFO - ✅ Niche 'samsung' process complete! 653 total keyword results.
2026-09-16 22:17:19,493 - INFO - ✅ Completed processing niche: 'samsung'
2026-09-16 22:17:19,493 - INFO - 🔧 Request Handler final stats - Success rate: 100.0%
2026-09-16 22:17:19,493 - INFO -    Total requests: 198738, Blocks: 1
2026-09-16 22:17:19,494 - INFO - 
========================================
2026-09-16 22:17:19,494 - INFO - Process Summary:
2026-09-16 22:17:19,494 - INFO - - Current niche: 'samsung'
2026-09-16 22:17:19,495 - INFO - - Next niche will be: 'apple'
2026-09-16 22:17:19,495 - INFO - - Keywords saved in: languages/english/keywords/samsung/
2026-09-16 22:17:19,495 - INFO - ========================================
