2026-08-16 09:53:02,646 - INFO - Log file created at: /home/runner/work/potensitech.com/potensitech.com/languages/english/keywords/logs/kw_search_20260816_095302.log
2026-08-16 09:53:02,646 - INFO - ============================================================
2026-08-16 09:53:02,646 - INFO - AUTOMATIC KEYWORD RESEARCH TOOL
2026-08-16 09:53:02,647 - INFO - ============================================================
2026-08-16 09:53:02,928 - INFO - ========================================
2026-08-16 09:53:02,928 - INFO - Found 14 niches to process: xiaomi, iphone, samsung, apple, sony, asus, philips, sandisk, intel, nvidia, amd, canon, nikon, huawei
2026-08-16 09:53:02,928 - INFO - ========================================
2026-08-16 09:53:02,928 - INFO - Continuing from last processed niche: amd
2026-08-16 09:53:02,928 - INFO - ========================================
2026-08-16 09:53:02,928 - INFO - 🎯 PROCESSING NICHE 12/14: 'canon'
2026-08-16 09:53:02,928 - INFO - ========================================
2026-08-16 09:53:02,928 - INFO - 📁 Niche directory: /home/runner/work/potensitech.com/potensitech.com/languages/english/keywords/canon
2026-08-16 09:53:02,928 - INFO - Selected region: us
2026-08-16 09:53:02,928 - INFO - Selected language: en
2026-08-16 09:53:02,929 - INFO - 🎯 Current niche: canon
2026-08-16 09:53:03,639 - INFO - 🎯 Niche terms for filtering: canon, cheap, best, latest, review, price, sell, buy, recommendation, tips, tutorial, guide, how to, vs, versus, compared to, comparison, alternatives, which is better, expensive, discount, deals, sale, affordable, cost, online, offline, marketplace, store, shop, retailer, where to buy, worst, quality, original, genuine, fake, replica, authentic, brand, manufacturer, company, product, canon product, sell canon, buy canon, cheap canon, best canon, canon review, where to buy canon, how to choose canon, top canon, canon guide, canon for sale, canon deals
2026-08-16 09:53:03,639 - INFO - Generated 50 niche-clue pairs for 'canon'.
2026-08-16 09:53:03,642 - INFO - Expanded 50 seed keywords to 218 variations
2026-08-16 09:53:03,648 - INFO - 🔧 Request Handler initialized - Success rate: 100.0%
2026-08-16 09:57:26,375 - INFO - Original clue keywords: external storage, high-performance
2026-08-16 09:57:26,376 - INFO - Niche-focused seeds: external storage canon, canon external storage, external storage cheap, cheap external storage, external storage best, best external storage, external storage latest, latest external storage, external storage review, review external storage, external storage price, price external storage, external storage sell, sell external storage, external storage buy, buy external storage, external storage recommendation, recommendation external storage, external storage tips, tips external storage, external storage tutorial, tutorial external storage, external storage guide, guide external storage, external storage how to, how to external storage, external storage vs, vs external storage, external storage versus, versus external storage, external storage compared to, compared to external storage, external storage comparison, comparison external storage, external storage alternatives, alternatives external storage, external storage which is better, which is better external storage, external storage expensive, expensive external storage, external storage discount, discount external storage, external storage deals, deals external storage, external storage sale, sale external storage, external storage affordable, affordable external storage, external storage cost, cost external storage, external storage online, online external storage, external storage offline, offline external storage, external storage marketplace, marketplace external storage, external storage store, store external storage, external storage shop, shop external storage, external storage retailer, retailer external storage, external storage where to buy, where to buy external storage, external storage worst, worst external storage, external storage quality, quality external storage, external storage original, original external storage, external storage genuine, genuine external storage, external storage fake, fake external storage, external storage replica, replica external storage, external storage authentic, authentic external storage, external storage brand, brand external storage, external storage manufacturer, manufacturer external storage, external storage company, company external storage, external storage product, product external storage, external storage canon product, canon product external storage, external storage sell canon, sell canon external storage, external storage buy canon, buy canon external storage, external storage cheap canon, cheap canon external storage, external storage best canon, best canon external storage, external storage canon review, canon review external storage, external storage where to buy canon, where to buy canon external storage, external storage how to choose canon, how to choose canon external storage, external storage top canon, top canon external storage, external storage canon guide, canon guide external storage, external storage canon for sale, canon for sale external storage, external storage canon deals, canon deals external storage, high-performance canon, canon high-performance, high-performance cheap, cheap high-performance, high-performance best, best high-performance, high-performance latest, latest high-performance, high-performance review, review high-performance, high-performance price, price high-performance, high-performance sell, sell high-performance, high-performance buy, buy high-performance, high-performance recommendation, recommendation high-performance, high-performance tips, tips high-performance, high-performance tutorial, tutorial high-performance, high-performance guide, guide high-performance, high-performance how to, how to high-performance, high-performance vs, vs high-performance, high-performance versus, versus high-performance, high-performance compared to, compared to high-performance, high-performance comparison, comparison high-performance, high-performance alternatives, alternatives high-performance, high-performance which is better, which is better high-performance, high-performance expensive, expensive high-performance, high-performance discount, discount high-performance, high-performance deals, deals high-performance, high-performance sale, sale high-performance, high-performance affordable, affordable high-performance, high-performance cost, cost high-performance, high-performance online, online high-performance, high-performance offline, offline high-performance, high-performance marketplace, marketplace high-performance, high-performance store, store high-performance, high-performance shop, shop high-performance, high-performance retailer, retailer high-performance, high-performance where to buy, where to buy high-performance, high-performance worst, worst high-performance, high-performance quality, quality high-performance, high-performance original, original high-performance, high-performance genuine, genuine high-performance, high-performance fake, fake high-performance, high-performance replica, replica high-performance, high-performance authentic, authentic high-performance, high-performance brand, brand high-performance, high-performance manufacturer, manufacturer high-performance, high-performance company, company high-performance, high-performance product, product high-performance, high-performance canon product, canon product high-performance, high-performance sell canon, sell canon high-performance, high-performance buy canon, buy canon high-performance, high-performance cheap canon, cheap canon high-performance, high-performance best canon, best canon high-performance, high-performance canon review, canon review high-performance, high-performance where to buy canon, where to buy canon high-performance, high-performance how to choose canon, how to choose canon high-performance, high-performance top canon, top canon high-performance, high-performance canon guide, canon guide high-performance, high-performance canon for sale, canon for sale high-performance, high-performance canon deals, canon deals high-performance
2026-08-16 09:57:26,379 - INFO - Expanded 220 seed keywords to 385 variations
2026-08-16 09:57:26,379 - INFO - Language: en
2026-08-16 09:57:26,379 - INFO - Region: us
2026-08-16 10:01:56,761 - INFO - 🎯 After all filtering for 'canon': 120 relevant keywords
2026-08-16 10:01:57,027 - INFO - 🎯 Found 5 new keywords for niche 'canon': canon affordable high-performance, affordable high-performance cheap, best affordable high-performance, how to affordable high-performance, canon alternatives high-performance
2026-08-16 10:01:57,465 - INFO - ✅ Niche 'canon' process complete! 678 total keyword results.
2026-08-16 10:01:57,465 - INFO - ✅ Completed processing niche: 'canon'
2026-08-16 10:01:57,465 - INFO - 🔧 Request Handler final stats - Success rate: 100.0%
2026-08-16 10:01:57,466 - INFO -    Total requests: 172950, Blocks: 1
2026-08-16 10:01:57,466 - INFO - 
========================================
2026-08-16 10:01:57,467 - INFO - Process Summary:
2026-08-16 10:01:57,467 - INFO - - Current niche: 'canon'
2026-08-16 10:01:57,467 - INFO - - Next niche will be: 'nikon'
2026-08-16 10:01:57,467 - INFO - - Keywords saved in: languages/english/keywords/canon/
2026-08-16 10:01:57,467 - INFO - ========================================
