2026-08-20 10:02:22,770 - INFO - Log file created at: /home/runner/work/potensitech.com/potensitech.com/languages/english/keywords/logs/kw_search_20260820_100222.log
2026-08-20 10:02:22,770 - INFO - ============================================================
2026-08-20 10:02:22,770 - INFO - AUTOMATIC KEYWORD RESEARCH TOOL
2026-08-20 10:02:22,770 - INFO - ============================================================
2026-08-20 10:02:23,061 - INFO - ========================================
2026-08-20 10:02:23,061 - INFO - Found 14 niches to process: xiaomi, iphone, samsung, apple, sony, asus, philips, sandisk, intel, nvidia, amd, canon, nikon, huawei
2026-08-20 10:02:23,062 - INFO - ========================================
2026-08-20 10:02:23,062 - INFO - Continuing from last processed niche: intel
2026-08-20 10:02:23,062 - INFO - ========================================
2026-08-20 10:02:23,062 - INFO - 🎯 PROCESSING NICHE 10/14: 'nvidia'
2026-08-20 10:02:23,062 - INFO - ========================================
2026-08-20 10:02:23,062 - INFO - 📁 Niche directory: /home/runner/work/potensitech.com/potensitech.com/languages/english/keywords/nvidia
2026-08-20 10:02:23,062 - INFO - Selected region: us
2026-08-20 10:02:23,062 - INFO - Selected language: en
2026-08-20 10:02:23,062 - INFO - 🎯 Current niche: nvidia
2026-08-20 10:02:23,851 - INFO - 🎯 Niche terms for filtering: nvidia, cheap, best, latest, review, price, sell, buy, recommendation, tips, tutorial, guide, how to, vs, versus, compared to, comparison, alternatives, which is better, expensive, discount, deals, sale, affordable, cost, online, offline, marketplace, store, shop, retailer, where to buy, worst, quality, original, genuine, fake, replica, authentic, brand, manufacturer, company, product, nvidia product, sell nvidia, buy nvidia, cheap nvidia, best nvidia, nvidia review, where to buy nvidia, how to choose nvidia, top nvidia, nvidia guide, nvidia for sale, nvidia deals
2026-08-20 10:02:23,851 - INFO - Generated 50 niche-clue pairs for 'nvidia'.
2026-08-20 10:02:23,854 - INFO - Expanded 50 seed keywords to 218 variations
2026-08-20 10:02:23,862 - INFO - 🔧 Request Handler initialized - Success rate: 100.0%
2026-08-20 10:06:46,223 - INFO - Original clue keywords: megapixels, autofocus
2026-08-20 10:06:46,223 - INFO - Niche-focused seeds: megapixels nvidia, nvidia megapixels, megapixels cheap, cheap megapixels, megapixels best, best megapixels, megapixels latest, latest megapixels, megapixels review, review megapixels, megapixels price, price megapixels, megapixels sell, sell megapixels, megapixels buy, buy megapixels, megapixels recommendation, recommendation megapixels, megapixels tips, tips megapixels, megapixels tutorial, tutorial megapixels, megapixels guide, guide megapixels, megapixels how to, how to megapixels, megapixels vs, vs megapixels, megapixels versus, versus megapixels, megapixels compared to, compared to megapixels, megapixels comparison, comparison megapixels, megapixels alternatives, alternatives megapixels, megapixels which is better, which is better megapixels, megapixels expensive, expensive megapixels, megapixels discount, discount megapixels, megapixels deals, deals megapixels, megapixels sale, sale megapixels, megapixels affordable, affordable megapixels, megapixels cost, cost megapixels, megapixels online, online megapixels, megapixels offline, offline megapixels, megapixels marketplace, marketplace megapixels, megapixels store, store megapixels, megapixels shop, shop megapixels, megapixels retailer, retailer megapixels, megapixels where to buy, where to buy megapixels, megapixels worst, worst megapixels, megapixels quality, quality megapixels, megapixels original, original megapixels, megapixels genuine, genuine megapixels, megapixels fake, fake megapixels, megapixels replica, replica megapixels, megapixels authentic, authentic megapixels, megapixels brand, brand megapixels, megapixels manufacturer, manufacturer megapixels, megapixels company, company megapixels, megapixels product, product megapixels, megapixels nvidia product, nvidia product megapixels, megapixels sell nvidia, sell nvidia megapixels, megapixels buy nvidia, buy nvidia megapixels, megapixels cheap nvidia, cheap nvidia megapixels, megapixels best nvidia, best nvidia megapixels, megapixels nvidia review, nvidia review megapixels, megapixels where to buy nvidia, where to buy nvidia megapixels, megapixels how to choose nvidia, how to choose nvidia megapixels, megapixels top nvidia, top nvidia megapixels, megapixels nvidia guide, nvidia guide megapixels, megapixels nvidia for sale, nvidia for sale megapixels, megapixels nvidia deals, nvidia deals megapixels, autofocus nvidia, nvidia autofocus, autofocus cheap, cheap autofocus, autofocus best, best autofocus, autofocus latest, latest autofocus, autofocus review, review autofocus, autofocus price, price autofocus, autofocus sell, sell autofocus, autofocus buy, buy autofocus, autofocus recommendation, recommendation autofocus, autofocus tips, tips autofocus, autofocus tutorial, tutorial autofocus, autofocus guide, guide autofocus, autofocus how to, how to autofocus, autofocus vs, vs autofocus, autofocus versus, versus autofocus, autofocus compared to, compared to autofocus, autofocus comparison, comparison autofocus, autofocus alternatives, alternatives autofocus, autofocus which is better, which is better autofocus, autofocus expensive, expensive autofocus, autofocus discount, discount autofocus, autofocus deals, deals autofocus, autofocus sale, sale autofocus, autofocus affordable, affordable autofocus, autofocus cost, cost autofocus, autofocus online, online autofocus, autofocus offline, offline autofocus, autofocus marketplace, marketplace autofocus, autofocus store, store autofocus, autofocus shop, shop autofocus, autofocus retailer, retailer autofocus, autofocus where to buy, where to buy autofocus, autofocus worst, worst autofocus, autofocus quality, quality autofocus, autofocus original, original autofocus, autofocus genuine, genuine autofocus, autofocus fake, fake autofocus, autofocus replica, replica autofocus, autofocus authentic, authentic autofocus, autofocus brand, brand autofocus, autofocus manufacturer, manufacturer autofocus, autofocus company, company autofocus, autofocus product, product autofocus, autofocus nvidia product, nvidia product autofocus, autofocus sell nvidia, sell nvidia autofocus, autofocus buy nvidia, buy nvidia autofocus, autofocus cheap nvidia, cheap nvidia autofocus, autofocus best nvidia, best nvidia autofocus, autofocus nvidia review, nvidia review autofocus, autofocus where to buy nvidia, where to buy nvidia autofocus, autofocus how to choose nvidia, how to choose nvidia autofocus, autofocus top nvidia, top nvidia autofocus, autofocus nvidia guide, nvidia guide autofocus, autofocus nvidia for sale, nvidia for sale autofocus, autofocus nvidia deals, nvidia deals autofocus
2026-08-20 10:06:46,226 - INFO - Expanded 220 seed keywords to 385 variations
2026-08-20 10:06:46,226 - INFO - Language: en
2026-08-20 10:06:46,226 - INFO - Region: us
2026-08-20 10:11:17,584 - INFO - 🎯 After all filtering for 'nvidia': 120 relevant keywords
2026-08-20 10:11:17,868 - INFO - 🎯 Found 5 new keywords for niche 'nvidia': nvidia affordable autofocus, cheap affordable autofocus, best affordable autofocus, how to affordable autofocus, nvidia affordable megapixels
2026-08-20 10:11:18,418 - INFO - ✅ Niche 'nvidia' process complete! 850 total keyword results.
2026-08-20 10:11:18,418 - INFO - ✅ Completed processing niche: 'nvidia'
2026-08-20 10:11:18,418 - INFO - 🔧 Request Handler final stats - Success rate: 100.0%
2026-08-20 10:11:18,418 - INFO -    Total requests: 176282, Blocks: 1
2026-08-20 10:11:18,420 - INFO - 
========================================
2026-08-20 10:11:18,420 - INFO - Process Summary:
2026-08-20 10:11:18,420 - INFO - - Current niche: 'nvidia'
2026-08-20 10:11:18,420 - INFO - - Next niche will be: 'amd'
2026-08-20 10:11:18,420 - INFO - - Keywords saved in: languages/english/keywords/nvidia/
2026-08-20 10:11:18,421 - INFO - ========================================
