2026-08-31 23:12:08,583 - INFO - Log file created at: /home/runner/work/potensitech.com/potensitech.com/languages/english/keywords/logs/kw_search_20260831_231208.log
2026-08-31 23:12:08,584 - INFO - ============================================================
2026-08-31 23:12:08,584 - INFO - AUTOMATIC KEYWORD RESEARCH TOOL
2026-08-31 23:12:08,584 - INFO - ============================================================
2026-08-31 23:12:08,910 - INFO - ========================================
2026-08-31 23:12:08,910 - INFO - Found 14 niches to process: xiaomi, iphone, samsung, apple, sony, asus, philips, sandisk, intel, nvidia, amd, canon, nikon, huawei
2026-08-31 23:12:08,910 - INFO - ========================================
2026-08-31 23:12:08,910 - INFO - Continuing from last processed niche: amd
2026-08-31 23:12:08,911 - INFO - ========================================
2026-08-31 23:12:08,911 - INFO - 🎯 PROCESSING NICHE 12/14: 'canon'
2026-08-31 23:12:08,911 - INFO - ========================================
2026-08-31 23:12:08,911 - INFO - 📁 Niche directory: /home/runner/work/potensitech.com/potensitech.com/languages/english/keywords/canon
2026-08-31 23:12:08,911 - INFO - Selected region: us
2026-08-31 23:12:08,911 - INFO - Selected language: en
2026-08-31 23:12:08,911 - INFO - 🎯 Current niche: canon
2026-08-31 23:12:19,954 - INFO - 🎯 Niche terms for filtering: canon, cheap, best, latest, review, price, sell, buy, recommendation, tips, tutorial, guide, how to, vs, versus, compared to, comparison, alternatives, which is better, expensive, discount, deals, sale, affordable, cost, online, offline, marketplace, store, shop, retailer, where to buy, worst, quality, original, genuine, fake, replica, authentic, brand, manufacturer, company, product, canon product, sell canon, buy canon, cheap canon, best canon, canon review, where to buy canon, how to choose canon, top canon, canon guide, canon for sale, canon deals
2026-08-31 23:12:19,954 - INFO - Generated 50 niche-clue pairs for 'canon'.
2026-08-31 23:12:19,957 - INFO - Expanded 50 seed keywords to 218 variations
2026-08-31 23:12:19,958 - INFO - 🔧 Request Handler initialized - Success rate: 100.0%
2026-08-31 23:16:41,124 - INFO - Original clue keywords: air-purifier, coffee-machine
2026-08-31 23:16:41,124 - INFO - Niche-focused seeds: air-purifier canon, canon air-purifier, air-purifier cheap, cheap air-purifier, air-purifier best, best air-purifier, air-purifier latest, latest air-purifier, air-purifier review, review air-purifier, air-purifier price, price air-purifier, air-purifier sell, sell air-purifier, air-purifier buy, buy air-purifier, air-purifier recommendation, recommendation air-purifier, air-purifier tips, tips air-purifier, air-purifier tutorial, tutorial air-purifier, air-purifier guide, guide air-purifier, air-purifier how to, how to air-purifier, air-purifier vs, vs air-purifier, air-purifier versus, versus air-purifier, air-purifier compared to, compared to air-purifier, air-purifier comparison, comparison air-purifier, air-purifier alternatives, alternatives air-purifier, air-purifier which is better, which is better air-purifier, air-purifier expensive, expensive air-purifier, air-purifier discount, discount air-purifier, air-purifier deals, deals air-purifier, air-purifier sale, sale air-purifier, air-purifier affordable, affordable air-purifier, air-purifier cost, cost air-purifier, air-purifier online, online air-purifier, air-purifier offline, offline air-purifier, air-purifier marketplace, marketplace air-purifier, air-purifier store, store air-purifier, air-purifier shop, shop air-purifier, air-purifier retailer, retailer air-purifier, air-purifier where to buy, where to buy air-purifier, air-purifier worst, worst air-purifier, air-purifier quality, quality air-purifier, air-purifier original, original air-purifier, air-purifier genuine, genuine air-purifier, air-purifier fake, fake air-purifier, air-purifier replica, replica air-purifier, air-purifier authentic, authentic air-purifier, air-purifier brand, brand air-purifier, air-purifier manufacturer, manufacturer air-purifier, air-purifier company, company air-purifier, air-purifier product, product air-purifier, air-purifier canon product, canon product air-purifier, air-purifier sell canon, sell canon air-purifier, air-purifier buy canon, buy canon air-purifier, air-purifier cheap canon, cheap canon air-purifier, air-purifier best canon, best canon air-purifier, air-purifier canon review, canon review air-purifier, air-purifier where to buy canon, where to buy canon air-purifier, air-purifier how to choose canon, how to choose canon air-purifier, air-purifier top canon, top canon air-purifier, air-purifier canon guide, canon guide air-purifier, air-purifier canon for sale, canon for sale air-purifier, air-purifier canon deals, canon deals air-purifier, coffee-machine canon, canon coffee-machine, coffee-machine cheap, cheap coffee-machine, coffee-machine best, best coffee-machine, coffee-machine latest, latest coffee-machine, coffee-machine review, review coffee-machine, coffee-machine price, price coffee-machine, coffee-machine sell, sell coffee-machine, coffee-machine buy, buy coffee-machine, coffee-machine recommendation, recommendation coffee-machine, coffee-machine tips, tips coffee-machine, coffee-machine tutorial, tutorial coffee-machine, coffee-machine guide, guide coffee-machine, coffee-machine how to, how to coffee-machine, coffee-machine vs, vs coffee-machine, coffee-machine versus, versus coffee-machine, coffee-machine compared to, compared to coffee-machine, coffee-machine comparison, comparison coffee-machine, coffee-machine alternatives, alternatives coffee-machine, coffee-machine which is better, which is better coffee-machine, coffee-machine expensive, expensive coffee-machine, coffee-machine discount, discount coffee-machine, coffee-machine deals, deals coffee-machine, coffee-machine sale, sale coffee-machine, coffee-machine affordable, affordable coffee-machine, coffee-machine cost, cost coffee-machine, coffee-machine online, online coffee-machine, coffee-machine offline, offline coffee-machine, coffee-machine marketplace, marketplace coffee-machine, coffee-machine store, store coffee-machine, coffee-machine shop, shop coffee-machine, coffee-machine retailer, retailer coffee-machine, coffee-machine where to buy, where to buy coffee-machine, coffee-machine worst, worst coffee-machine, coffee-machine quality, quality coffee-machine, coffee-machine original, original coffee-machine, coffee-machine genuine, genuine coffee-machine, coffee-machine fake, fake coffee-machine, coffee-machine replica, replica coffee-machine, coffee-machine authentic, authentic coffee-machine, coffee-machine brand, brand coffee-machine, coffee-machine manufacturer, manufacturer coffee-machine, coffee-machine company, company coffee-machine, coffee-machine product, product coffee-machine, coffee-machine canon product, canon product coffee-machine, coffee-machine sell canon, sell canon coffee-machine, coffee-machine buy canon, buy canon coffee-machine, coffee-machine cheap canon, cheap canon coffee-machine, coffee-machine best canon, best canon coffee-machine, coffee-machine canon review, canon review coffee-machine, coffee-machine where to buy canon, where to buy canon coffee-machine, coffee-machine how to choose canon, how to choose canon coffee-machine, coffee-machine top canon, top canon coffee-machine, coffee-machine canon guide, canon guide coffee-machine, coffee-machine canon for sale, canon for sale coffee-machine, coffee-machine canon deals, canon deals coffee-machine
2026-08-31 23:16:41,128 - INFO - Expanded 220 seed keywords to 385 variations
2026-08-31 23:16:41,128 - INFO - Language: en
2026-08-31 23:16:41,128 - INFO - Region: us
2026-08-31 23:21:08,933 - INFO - 🎯 After all filtering for 'canon': 120 relevant keywords
2026-08-31 23:21:09,188 - INFO - 🎯 Found 5 new keywords for niche 'canon': canon affordable air-purifier, cheap affordable air-purifier, best affordable air-purifier, how to affordable air-purifier, canon affordable coffee-machine
2026-08-31 23:21:25,483 - INFO - ✅ Niche 'canon' process complete! 699 total keyword results.
2026-08-31 23:21:25,483 - INFO - ✅ Completed processing niche: 'canon'
2026-08-31 23:21:25,484 - INFO - 🔧 Request Handler final stats - Success rate: 100.0%
2026-08-31 23:21:25,484 - INFO -    Total requests: 185111, Blocks: 1
2026-08-31 23:21:25,485 - INFO - 
========================================
2026-08-31 23:21:25,485 - INFO - Process Summary:
2026-08-31 23:21:25,485 - INFO - - Current niche: 'canon'
2026-08-31 23:21:25,485 - INFO - - Next niche will be: 'nikon'
2026-08-31 23:21:25,485 - INFO - - Keywords saved in: languages/english/keywords/canon/
2026-08-31 23:21:25,486 - INFO - ========================================
