2026-08-15 01:42:58,034 - INFO - Log file created at: /home/runner/work/potensitech.com/potensitech.com/languages/english/keywords/logs/kw_search_20260815_014258.log
2026-08-15 01:42:58,034 - INFO - ============================================================
2026-08-15 01:42:58,034 - INFO - AUTOMATIC KEYWORD RESEARCH TOOL
2026-08-15 01:42:58,034 - INFO - ============================================================
2026-08-15 01:42:58,366 - INFO - ========================================
2026-08-15 01:42:58,366 - INFO - Found 14 niches to process: xiaomi, iphone, samsung, apple, sony, asus, philips, sandisk, intel, nvidia, amd, canon, nikon, huawei
2026-08-15 01:42:58,366 - INFO - ========================================
2026-08-15 01:42:58,366 - INFO - Continuing from last processed niche: amd
2026-08-15 01:42:58,366 - INFO - ========================================
2026-08-15 01:42:58,366 - INFO - 🎯 PROCESSING NICHE 12/14: 'canon'
2026-08-15 01:42:58,366 - INFO - ========================================
2026-08-15 01:42:58,366 - INFO - 📁 Niche directory: /home/runner/work/potensitech.com/potensitech.com/languages/english/keywords/canon
2026-08-15 01:42:58,366 - INFO - Selected region: us
2026-08-15 01:42:58,366 - INFO - Selected language: en
2026-08-15 01:42:58,366 - INFO - 🎯 Current niche: canon
2026-08-15 01:42:59,183 - INFO - 🎯 Niche terms for filtering: canon, cheap, best, latest, review, price, sell, buy, recommendation, tips, tutorial, guide, how to, vs, versus, compared to, comparison, alternatives, which is better, expensive, discount, deals, sale, affordable, cost, online, offline, marketplace, store, shop, retailer, where to buy, worst, quality, original, genuine, fake, replica, authentic, brand, manufacturer, company, product, canon product, sell canon, buy canon, cheap canon, best canon, canon review, where to buy canon, how to choose canon, top canon, canon guide, canon for sale, canon deals
2026-08-15 01:42:59,183 - INFO - Generated 50 niche-clue pairs for 'canon'.
2026-08-15 01:42:59,186 - INFO - Expanded 50 seed keywords to 218 variations
2026-08-15 01:42:59,193 - INFO - 🔧 Request Handler initialized - Success rate: 100.0%
2026-08-15 01:47:25,724 - INFO - Original clue keywords: chip architecture, clock speed
2026-08-15 01:47:25,724 - INFO - Niche-focused seeds: chip architecture canon, canon chip architecture, chip architecture cheap, cheap chip architecture, chip architecture best, best chip architecture, chip architecture latest, latest chip architecture, chip architecture review, review chip architecture, chip architecture price, price chip architecture, chip architecture sell, sell chip architecture, chip architecture buy, buy chip architecture, chip architecture recommendation, recommendation chip architecture, chip architecture tips, tips chip architecture, chip architecture tutorial, tutorial chip architecture, chip architecture guide, guide chip architecture, chip architecture how to, how to chip architecture, chip architecture vs, vs chip architecture, chip architecture versus, versus chip architecture, chip architecture compared to, compared to chip architecture, chip architecture comparison, comparison chip architecture, chip architecture alternatives, alternatives chip architecture, chip architecture which is better, which is better chip architecture, chip architecture expensive, expensive chip architecture, chip architecture discount, discount chip architecture, chip architecture deals, deals chip architecture, chip architecture sale, sale chip architecture, chip architecture affordable, affordable chip architecture, chip architecture cost, cost chip architecture, chip architecture online, online chip architecture, chip architecture offline, offline chip architecture, chip architecture marketplace, marketplace chip architecture, chip architecture store, store chip architecture, chip architecture shop, shop chip architecture, chip architecture retailer, retailer chip architecture, chip architecture where to buy, where to buy chip architecture, chip architecture worst, worst chip architecture, chip architecture quality, quality chip architecture, chip architecture original, original chip architecture, chip architecture genuine, genuine chip architecture, chip architecture fake, fake chip architecture, chip architecture replica, replica chip architecture, chip architecture authentic, authentic chip architecture, chip architecture brand, brand chip architecture, chip architecture manufacturer, manufacturer chip architecture, chip architecture company, company chip architecture, chip architecture product, product chip architecture, chip architecture canon product, canon product chip architecture, chip architecture sell canon, sell canon chip architecture, chip architecture buy canon, buy canon chip architecture, chip architecture cheap canon, cheap canon chip architecture, chip architecture best canon, best canon chip architecture, chip architecture canon review, canon review chip architecture, chip architecture where to buy canon, where to buy canon chip architecture, chip architecture how to choose canon, how to choose canon chip architecture, chip architecture top canon, top canon chip architecture, chip architecture canon guide, canon guide chip architecture, chip architecture canon for sale, canon for sale chip architecture, chip architecture canon deals, canon deals chip architecture, clock speed canon, canon clock speed, clock speed cheap, cheap clock speed, clock speed best, best clock speed, clock speed latest, latest clock speed, clock speed review, review clock speed, clock speed price, price clock speed, clock speed sell, sell clock speed, clock speed buy, buy clock speed, clock speed recommendation, recommendation clock speed, clock speed tips, tips clock speed, clock speed tutorial, tutorial clock speed, clock speed guide, guide clock speed, clock speed how to, how to clock speed, clock speed vs, vs clock speed, clock speed versus, versus clock speed, clock speed compared to, compared to clock speed, clock speed comparison, comparison clock speed, clock speed alternatives, alternatives clock speed, clock speed which is better, which is better clock speed, clock speed expensive, expensive clock speed, clock speed discount, discount clock speed, clock speed deals, deals clock speed, clock speed sale, sale clock speed, clock speed affordable, affordable clock speed, clock speed cost, cost clock speed, clock speed online, online clock speed, clock speed offline, offline clock speed, clock speed marketplace, marketplace clock speed, clock speed store, store clock speed, clock speed shop, shop clock speed, clock speed retailer, retailer clock speed, clock speed where to buy, where to buy clock speed, clock speed worst, worst clock speed, clock speed quality, quality clock speed, clock speed original, original clock speed, clock speed genuine, genuine clock speed, clock speed fake, fake clock speed, clock speed replica, replica clock speed, clock speed authentic, authentic clock speed, clock speed brand, brand clock speed, clock speed manufacturer, manufacturer clock speed, clock speed company, company clock speed, clock speed product, product clock speed, clock speed canon product, canon product clock speed, clock speed sell canon, sell canon clock speed, clock speed buy canon, buy canon clock speed, clock speed cheap canon, cheap canon clock speed, clock speed best canon, best canon clock speed, clock speed canon review, canon review clock speed, clock speed where to buy canon, where to buy canon clock speed, clock speed how to choose canon, how to choose canon clock speed, clock speed top canon, top canon clock speed, clock speed canon guide, canon guide clock speed, clock speed canon for sale, canon for sale clock speed, clock speed canon deals, canon deals clock speed
2026-08-15 01:47:25,728 - INFO - Expanded 220 seed keywords to 385 variations
2026-08-15 01:47:25,728 - INFO - Language: en
2026-08-15 01:47:25,728 - INFO - Region: us
2026-08-15 01:51:56,683 - INFO - 🎯 After all filtering for 'canon': 120 relevant keywords
2026-08-15 01:51:57,966 - INFO - 🎯 Found 5 new keywords for niche 'canon': canon affordable chip architecture, canon affordable clock speed, cheap alternatives chip architecture, cheap alternatives clock speed, best authentic chip architecture
2026-08-15 01:51:58,484 - INFO - ✅ Niche 'canon' process complete! 676 total keyword results.
2026-08-15 01:51:58,484 - INFO - ✅ Completed processing niche: 'canon'
2026-08-15 01:51:58,484 - INFO - 🔧 Request Handler final stats - Success rate: 100.0%
2026-08-15 01:51:58,484 - INFO -    Total requests: 171741, Blocks: 1
2026-08-15 01:51:58,486 - INFO - 
========================================
2026-08-15 01:51:58,486 - INFO - Process Summary:
2026-08-15 01:51:58,486 - INFO - - Current niche: 'canon'
2026-08-15 01:51:58,486 - INFO - - Next niche will be: 'nikon'
2026-08-15 01:51:58,486 - INFO - - Keywords saved in: languages/english/keywords/canon/
2026-08-15 01:51:58,486 - INFO - ========================================
