2026-09-29 16:05:37,901 - INFO - Log file created at: /home/runner/work/potensitech.com/potensitech.com/languages/english/keywords/logs/kw_search_20260929_160537.log
2026-09-29 16:05:37,902 - INFO - ============================================================
2026-09-29 16:05:37,902 - INFO - AUTOMATIC KEYWORD RESEARCH TOOL
2026-09-29 16:05:37,902 - INFO - ============================================================
2026-09-29 16:05:38,330 - INFO - ========================================
2026-09-29 16:05:38,331 - INFO - Found 14 niches to process: xiaomi, iphone, samsung, apple, sony, asus, philips, sandisk, intel, nvidia, amd, canon, nikon, huawei
2026-09-29 16:05:38,331 - INFO - ========================================
2026-09-29 16:05:38,331 - INFO - Continuing from last processed niche: iphone
2026-09-29 16:05:38,331 - INFO - ========================================
2026-09-29 16:05:38,331 - INFO - 🎯 PROCESSING NICHE 3/14: 'samsung'
2026-09-29 16:05:38,331 - INFO - ========================================
2026-09-29 16:05:38,331 - INFO - 📁 Niche directory: /home/runner/work/potensitech.com/potensitech.com/languages/english/keywords/samsung
2026-09-29 16:05:38,331 - INFO - Selected region: us
2026-09-29 16:05:38,331 - INFO - Selected language: en
2026-09-29 16:05:38,331 - INFO - 🎯 Current niche: samsung
2026-09-29 16:05:49,638 - INFO - 🎯 Niche terms for filtering: samsung, cheap, best, latest, review, price, sell, buy, recommendation, tips, tutorial, guide, how to, vs, versus, compared to, comparison, alternatives, which is better, expensive, discount, deals, sale, affordable, cost, online, offline, marketplace, store, shop, retailer, where to buy, worst, quality, original, genuine, fake, replica, authentic, brand, manufacturer, company, product, samsung product, sell samsung, buy samsung, cheap samsung, best samsung, samsung review, where to buy samsung, how to choose samsung, top samsung, samsung guide, samsung for sale, samsung deals
2026-09-29 16:05:49,639 - INFO - Generated 50 niche-clue pairs for 'samsung'.
2026-09-29 16:05:49,642 - INFO - Expanded 50 seed keywords to 218 variations
2026-09-29 16:05:49,643 - INFO - 🔧 Request Handler initialized - Success rate: 100.0%
2026-09-29 16:10:13,136 - INFO - Original clue keywords: smartphone display, smartphone storage
2026-09-29 16:10:13,136 - INFO - Niche-focused seeds: smartphone display samsung, samsung smartphone display, smartphone display cheap, cheap smartphone display, smartphone display best, best smartphone display, smartphone display latest, latest smartphone display, smartphone display review, review smartphone display, smartphone display price, price smartphone display, smartphone display sell, sell smartphone display, smartphone display buy, buy smartphone display, smartphone display recommendation, recommendation smartphone display, smartphone display tips, tips smartphone display, smartphone display tutorial, tutorial smartphone display, smartphone display guide, guide smartphone display, smartphone display how to, how to smartphone display, smartphone display vs, vs smartphone display, smartphone display versus, versus smartphone display, smartphone display compared to, compared to smartphone display, smartphone display comparison, comparison smartphone display, smartphone display alternatives, alternatives smartphone display, smartphone display which is better, which is better smartphone display, smartphone display expensive, expensive smartphone display, smartphone display discount, discount smartphone display, smartphone display deals, deals smartphone display, smartphone display sale, sale smartphone display, smartphone display affordable, affordable smartphone display, smartphone display cost, cost smartphone display, smartphone display online, online smartphone display, smartphone display offline, offline smartphone display, smartphone display marketplace, marketplace smartphone display, smartphone display store, store smartphone display, smartphone display shop, shop smartphone display, smartphone display retailer, retailer smartphone display, smartphone display where to buy, where to buy smartphone display, smartphone display worst, worst smartphone display, smartphone display quality, quality smartphone display, smartphone display original, original smartphone display, smartphone display genuine, genuine smartphone display, smartphone display fake, fake smartphone display, smartphone display replica, replica smartphone display, smartphone display authentic, authentic smartphone display, smartphone display brand, brand smartphone display, smartphone display manufacturer, manufacturer smartphone display, smartphone display company, company smartphone display, smartphone display product, product smartphone display, smartphone display samsung product, samsung product smartphone display, smartphone display sell samsung, sell samsung smartphone display, smartphone display buy samsung, buy samsung smartphone display, smartphone display cheap samsung, cheap samsung smartphone display, smartphone display best samsung, best samsung smartphone display, smartphone display samsung review, samsung review smartphone display, smartphone display where to buy samsung, where to buy samsung smartphone display, smartphone display how to choose samsung, how to choose samsung smartphone display, smartphone display top samsung, top samsung smartphone display, smartphone display samsung guide, samsung guide smartphone display, smartphone display samsung for sale, samsung for sale smartphone display, smartphone display samsung deals, samsung deals smartphone display, smartphone storage samsung, samsung smartphone storage, smartphone storage cheap, cheap smartphone storage, smartphone storage best, best smartphone storage, smartphone storage latest, latest smartphone storage, smartphone storage review, review smartphone storage, smartphone storage price, price smartphone storage, smartphone storage sell, sell smartphone storage, smartphone storage buy, buy smartphone storage, smartphone storage recommendation, recommendation smartphone storage, smartphone storage tips, tips smartphone storage, smartphone storage tutorial, tutorial smartphone storage, smartphone storage guide, guide smartphone storage, smartphone storage how to, how to smartphone storage, smartphone storage vs, vs smartphone storage, smartphone storage versus, versus smartphone storage, smartphone storage compared to, compared to smartphone storage, smartphone storage comparison, comparison smartphone storage, smartphone storage alternatives, alternatives smartphone storage, smartphone storage which is better, which is better smartphone storage, smartphone storage expensive, expensive smartphone storage, smartphone storage discount, discount smartphone storage, smartphone storage deals, deals smartphone storage, smartphone storage sale, sale smartphone storage, smartphone storage affordable, affordable smartphone storage, smartphone storage cost, cost smartphone storage, smartphone storage online, online smartphone storage, smartphone storage offline, offline smartphone storage, smartphone storage marketplace, marketplace smartphone storage, smartphone storage store, store smartphone storage, smartphone storage shop, shop smartphone storage, smartphone storage retailer, retailer smartphone storage, smartphone storage where to buy, where to buy smartphone storage, smartphone storage worst, worst smartphone storage, smartphone storage quality, quality smartphone storage, smartphone storage original, original smartphone storage, smartphone storage genuine, genuine smartphone storage, smartphone storage fake, fake smartphone storage, smartphone storage replica, replica smartphone storage, smartphone storage authentic, authentic smartphone storage, smartphone storage brand, brand smartphone storage, smartphone storage manufacturer, manufacturer smartphone storage, smartphone storage company, company smartphone storage, smartphone storage product, product smartphone storage, smartphone storage samsung product, samsung product smartphone storage, smartphone storage sell samsung, sell samsung smartphone storage, smartphone storage buy samsung, buy samsung smartphone storage, smartphone storage cheap samsung, cheap samsung smartphone storage, smartphone storage best samsung, best samsung smartphone storage, smartphone storage samsung review, samsung review smartphone storage, smartphone storage where to buy samsung, where to buy samsung smartphone storage, smartphone storage how to choose samsung, how to choose samsung smartphone storage, smartphone storage top samsung, top samsung smartphone storage, smartphone storage samsung guide, samsung guide smartphone storage, smartphone storage samsung for sale, samsung for sale smartphone storage, smartphone storage samsung deals, samsung deals smartphone storage
2026-09-29 16:10:13,140 - INFO - Expanded 220 seed keywords to 385 variations
2026-09-29 16:10:13,140 - INFO - Language: en
2026-09-29 16:10:13,140 - INFO - Region: us
2026-09-29 16:10:44,877 - INFO - 🎯 After all filtering for 'samsung': 120 relevant keywords
2026-09-29 16:10:45,098 - INFO - 🎯 Found 2 new keywords for niche 'samsung': samsung affordable smartphone display, samsung alternatives smartphone storage
2026-09-29 16:11:00,894 - INFO - ✅ Niche 'samsung' process complete! 671 total keyword results.
2026-09-29 16:11:00,894 - INFO - ✅ Completed processing niche: 'samsung'
2026-09-29 16:11:00,895 - INFO - 🔧 Request Handler final stats - Success rate: 100.0%
2026-09-29 16:11:00,895 - INFO -    Total requests: 209399, Blocks: 1
2026-09-29 16:11:00,896 - INFO - 
========================================
2026-09-29 16:11:00,896 - INFO - Process Summary:
2026-09-29 16:11:00,896 - INFO - - Current niche: 'samsung'
2026-09-29 16:11:00,896 - INFO - - Next niche will be: 'apple'
2026-09-29 16:11:00,896 - INFO - - Keywords saved in: languages/english/keywords/samsung/
2026-09-29 16:11:00,896 - INFO - ========================================
