2026-09-06 08:58:21,473 - INFO - Log file created at: /home/runner/work/potensitech.com/potensitech.com/languages/english/keywords/logs/kw_search_20260906_085821.log
2026-09-06 08:58:21,473 - INFO - ============================================================
2026-09-06 08:58:21,473 - INFO - AUTOMATIC KEYWORD RESEARCH TOOL
2026-09-06 08:58:21,473 - INFO - ============================================================
2026-09-06 08:58:21,817 - INFO - ========================================
2026-09-06 08:58:21,817 - INFO - Found 14 niches to process: xiaomi, iphone, samsung, apple, sony, asus, philips, sandisk, intel, nvidia, amd, canon, nikon, huawei
2026-09-06 08:58:21,817 - INFO - ========================================
2026-09-06 08:58:21,817 - INFO - Continuing from last processed niche: sandisk
2026-09-06 08:58:21,817 - INFO - ========================================
2026-09-06 08:58:21,817 - INFO - 🎯 PROCESSING NICHE 9/14: 'intel'
2026-09-06 08:58:21,817 - INFO - ========================================
2026-09-06 08:58:21,817 - INFO - 📁 Niche directory: /home/runner/work/potensitech.com/potensitech.com/languages/english/keywords/intel
2026-09-06 08:58:21,817 - INFO - Selected region: us
2026-09-06 08:58:21,817 - INFO - Selected language: en
2026-09-06 08:58:21,817 - INFO - 🎯 Current niche: intel
2026-09-06 08:58:32,952 - INFO - 🎯 Niche terms for filtering: intel, cheap, best, latest, review, price, sell, buy, recommendation, tips, tutorial, guide, how to, vs, versus, compared to, comparison, alternatives, which is better, expensive, discount, deals, sale, affordable, cost, online, offline, marketplace, store, shop, retailer, where to buy, worst, quality, original, genuine, fake, replica, authentic, brand, manufacturer, company, product, intel product, sell intel, buy intel, cheap intel, best intel, intel review, where to buy intel, how to choose intel, top intel, intel guide, intel for sale, intel deals
2026-09-06 08:58:32,952 - INFO - Generated 50 niche-clue pairs for 'intel'.
2026-09-06 08:58:32,956 - INFO - Expanded 50 seed keywords to 218 variations
2026-09-06 08:58:32,956 - INFO - 🔧 Request Handler initialized - Success rate: 100.0%
2026-09-06 09:02:56,214 - INFO - Original clue keywords: ai computing, usb performance
2026-09-06 09:02:56,214 - INFO - Niche-focused seeds: ai computing intel, intel ai computing, ai computing cheap, cheap ai computing, ai computing best, best ai computing, ai computing latest, latest ai computing, ai computing review, review ai computing, ai computing price, price ai computing, ai computing sell, sell ai computing, ai computing buy, buy ai computing, ai computing recommendation, recommendation ai computing, ai computing tips, tips ai computing, ai computing tutorial, tutorial ai computing, ai computing guide, guide ai computing, ai computing how to, how to ai computing, ai computing vs, vs ai computing, ai computing versus, versus ai computing, ai computing compared to, compared to ai computing, ai computing comparison, comparison ai computing, ai computing alternatives, alternatives ai computing, ai computing which is better, which is better ai computing, ai computing expensive, expensive ai computing, ai computing discount, discount ai computing, ai computing deals, deals ai computing, ai computing sale, sale ai computing, ai computing affordable, affordable ai computing, ai computing cost, cost ai computing, ai computing online, online ai computing, ai computing offline, offline ai computing, ai computing marketplace, marketplace ai computing, ai computing store, store ai computing, ai computing shop, shop ai computing, ai computing retailer, retailer ai computing, ai computing where to buy, where to buy ai computing, ai computing worst, worst ai computing, ai computing quality, quality ai computing, ai computing original, original ai computing, ai computing genuine, genuine ai computing, ai computing fake, fake ai computing, ai computing replica, replica ai computing, ai computing authentic, authentic ai computing, ai computing brand, brand ai computing, ai computing manufacturer, manufacturer ai computing, ai computing company, company ai computing, ai computing product, product ai computing, ai computing intel product, intel product ai computing, ai computing sell intel, sell intel ai computing, ai computing buy intel, buy intel ai computing, ai computing cheap intel, cheap intel ai computing, ai computing best intel, best intel ai computing, ai computing intel review, intel review ai computing, ai computing where to buy intel, where to buy intel ai computing, ai computing how to choose intel, how to choose intel ai computing, ai computing top intel, top intel ai computing, ai computing intel guide, intel guide ai computing, ai computing intel for sale, intel for sale ai computing, ai computing intel deals, intel deals ai computing, usb performance intel, intel usb performance, usb performance cheap, cheap usb performance, usb performance best, best usb performance, usb performance latest, latest usb performance, usb performance review, review usb performance, usb performance price, price usb performance, usb performance sell, sell usb performance, usb performance buy, buy usb performance, usb performance recommendation, recommendation usb performance, usb performance tips, tips usb performance, usb performance tutorial, tutorial usb performance, usb performance guide, guide usb performance, usb performance how to, how to usb performance, usb performance vs, vs usb performance, usb performance versus, versus usb performance, usb performance compared to, compared to usb performance, usb performance comparison, comparison usb performance, usb performance alternatives, alternatives usb performance, usb performance which is better, which is better usb performance, usb performance expensive, expensive usb performance, usb performance discount, discount usb performance, usb performance deals, deals usb performance, usb performance sale, sale usb performance, usb performance affordable, affordable usb performance, usb performance cost, cost usb performance, usb performance online, online usb performance, usb performance offline, offline usb performance, usb performance marketplace, marketplace usb performance, usb performance store, store usb performance, usb performance shop, shop usb performance, usb performance retailer, retailer usb performance, usb performance where to buy, where to buy usb performance, usb performance worst, worst usb performance, usb performance quality, quality usb performance, usb performance original, original usb performance, usb performance genuine, genuine usb performance, usb performance fake, fake usb performance, usb performance replica, replica usb performance, usb performance authentic, authentic usb performance, usb performance brand, brand usb performance, usb performance manufacturer, manufacturer usb performance, usb performance company, company usb performance, usb performance product, product usb performance, usb performance intel product, intel product usb performance, usb performance sell intel, sell intel usb performance, usb performance buy intel, buy intel usb performance, usb performance cheap intel, cheap intel usb performance, usb performance best intel, best intel usb performance, usb performance intel review, intel review usb performance, usb performance where to buy intel, where to buy intel usb performance, usb performance how to choose intel, how to choose intel usb performance, usb performance top intel, top intel usb performance, usb performance intel guide, intel guide usb performance, usb performance intel for sale, intel for sale usb performance, usb performance intel deals, intel deals usb performance
2026-09-06 09:02:56,218 - INFO - Expanded 220 seed keywords to 385 variations
2026-09-06 09:02:56,218 - INFO - Language: en
2026-09-06 09:02:56,218 - INFO - Region: us
2026-09-06 09:07:10,437 - INFO - 🎯 After all filtering for 'intel': 120 relevant keywords
2026-09-06 09:07:15,012 - INFO - 🎯 Found 4 new keywords for niche 'intel': intel affordable ai computing, intel affordable usb performance, cheap ai computing alternatives, best ai computing authentic
2026-09-06 09:07:31,505 - INFO - ✅ Niche 'intel' process complete! 1023 total keyword results.
2026-09-06 09:07:31,505 - INFO - ✅ Completed processing niche: 'intel'
2026-09-06 09:07:31,506 - INFO - 🔧 Request Handler final stats - Success rate: 100.0%
2026-09-06 09:07:31,506 - INFO -    Total requests: 189585, Blocks: 1
2026-09-06 09:07:31,507 - INFO - 
========================================
2026-09-06 09:07:31,507 - INFO - Process Summary:
2026-09-06 09:07:31,507 - INFO - - Current niche: 'intel'
2026-09-06 09:07:31,507 - INFO - - Next niche will be: 'nvidia'
2026-09-06 09:07:31,507 - INFO - - Keywords saved in: languages/english/keywords/intel/
2026-09-06 09:07:31,508 - INFO - ========================================
