2026-08-22 01:42:02,262 - INFO - Log file created at: /home/runner/work/potensitech.com/potensitech.com/languages/english/keywords/logs/kw_search_20260822_014202.log
2026-08-22 01:42:02,262 - INFO - ============================================================
2026-08-22 01:42:02,262 - INFO - AUTOMATIC KEYWORD RESEARCH TOOL
2026-08-22 01:42:02,262 - INFO - ============================================================
2026-08-22 01:42:02,576 - INFO - ========================================
2026-08-22 01:42:02,576 - INFO - Found 14 niches to process: xiaomi, iphone, samsung, apple, sony, asus, philips, sandisk, intel, nvidia, amd, canon, nikon, huawei
2026-08-22 01:42:02,576 - INFO - ========================================
2026-08-22 01:42:02,576 - INFO - Continuing from last processed niche: amd
2026-08-22 01:42:02,576 - INFO - ========================================
2026-08-22 01:42:02,576 - INFO - 🎯 PROCESSING NICHE 12/14: 'canon'
2026-08-22 01:42:02,576 - INFO - ========================================
2026-08-22 01:42:02,576 - INFO - 📁 Niche directory: /home/runner/work/potensitech.com/potensitech.com/languages/english/keywords/canon
2026-08-22 01:42:02,576 - INFO - Selected region: us
2026-08-22 01:42:02,576 - INFO - Selected language: en
2026-08-22 01:42:02,577 - INFO - 🎯 Current niche: canon
2026-08-22 01:42:14,297 - INFO - 🎯 Niche terms for filtering: canon, cheap, best, latest, review, price, sell, buy, recommendation, tips, tutorial, guide, how to, vs, versus, compared to, comparison, alternatives, which is better, expensive, discount, deals, sale, affordable, cost, online, offline, marketplace, store, shop, retailer, where to buy, worst, quality, original, genuine, fake, replica, authentic, brand, manufacturer, company, product, canon product, sell canon, buy canon, cheap canon, best canon, canon review, where to buy canon, how to choose canon, top canon, canon guide, canon for sale, canon deals
2026-08-22 01:42:14,297 - INFO - Generated 50 niche-clue pairs for 'canon'.
2026-08-22 01:42:14,300 - INFO - Expanded 50 seed keywords to 218 variations
2026-08-22 01:42:14,301 - INFO - 🔧 Request Handler initialized - Success rate: 100.0%
2026-08-22 01:46:38,470 - INFO - Original clue keywords: dslr, mirrorless
2026-08-22 01:46:38,470 - INFO - Niche-focused seeds: dslr canon, canon dslr, dslr cheap, cheap dslr, dslr best, best dslr, dslr latest, latest dslr, dslr review, review dslr, dslr price, price dslr, dslr sell, sell dslr, dslr buy, buy dslr, dslr recommendation, recommendation dslr, dslr tips, tips dslr, dslr tutorial, tutorial dslr, dslr guide, guide dslr, dslr how to, how to dslr, dslr vs, vs dslr, dslr versus, versus dslr, dslr compared to, compared to dslr, dslr comparison, comparison dslr, dslr alternatives, alternatives dslr, dslr which is better, which is better dslr, dslr expensive, expensive dslr, dslr discount, discount dslr, dslr deals, deals dslr, dslr sale, sale dslr, dslr affordable, affordable dslr, dslr cost, cost dslr, dslr online, online dslr, dslr offline, offline dslr, dslr marketplace, marketplace dslr, dslr store, store dslr, dslr shop, shop dslr, dslr retailer, retailer dslr, dslr where to buy, where to buy dslr, dslr worst, worst dslr, dslr quality, quality dslr, dslr original, original dslr, dslr genuine, genuine dslr, dslr fake, fake dslr, dslr replica, replica dslr, dslr authentic, authentic dslr, dslr brand, brand dslr, dslr manufacturer, manufacturer dslr, dslr company, company dslr, dslr product, product dslr, dslr canon product, canon product dslr, dslr sell canon, sell canon dslr, dslr buy canon, buy canon dslr, dslr cheap canon, cheap canon dslr, dslr best canon, best canon dslr, dslr canon review, canon review dslr, dslr where to buy canon, where to buy canon dslr, dslr how to choose canon, how to choose canon dslr, dslr top canon, top canon dslr, dslr canon guide, canon guide dslr, dslr canon for sale, canon for sale dslr, dslr canon deals, canon deals dslr, mirrorless canon, canon mirrorless, mirrorless cheap, cheap mirrorless, mirrorless best, best mirrorless, mirrorless latest, latest mirrorless, mirrorless review, review mirrorless, mirrorless price, price mirrorless, mirrorless sell, sell mirrorless, mirrorless buy, buy mirrorless, mirrorless recommendation, recommendation mirrorless, mirrorless tips, tips mirrorless, mirrorless tutorial, tutorial mirrorless, mirrorless guide, guide mirrorless, mirrorless how to, how to mirrorless, mirrorless vs, vs mirrorless, mirrorless versus, versus mirrorless, mirrorless compared to, compared to mirrorless, mirrorless comparison, comparison mirrorless, mirrorless alternatives, alternatives mirrorless, mirrorless which is better, which is better mirrorless, mirrorless expensive, expensive mirrorless, mirrorless discount, discount mirrorless, mirrorless deals, deals mirrorless, mirrorless sale, sale mirrorless, mirrorless affordable, affordable mirrorless, mirrorless cost, cost mirrorless, mirrorless online, online mirrorless, mirrorless offline, offline mirrorless, mirrorless marketplace, marketplace mirrorless, mirrorless store, store mirrorless, mirrorless shop, shop mirrorless, mirrorless retailer, retailer mirrorless, mirrorless where to buy, where to buy mirrorless, mirrorless worst, worst mirrorless, mirrorless quality, quality mirrorless, mirrorless original, original mirrorless, mirrorless genuine, genuine mirrorless, mirrorless fake, fake mirrorless, mirrorless replica, replica mirrorless, mirrorless authentic, authentic mirrorless, mirrorless brand, brand mirrorless, mirrorless manufacturer, manufacturer mirrorless, mirrorless company, company mirrorless, mirrorless product, product mirrorless, mirrorless canon product, canon product mirrorless, mirrorless sell canon, sell canon mirrorless, mirrorless buy canon, buy canon mirrorless, mirrorless cheap canon, cheap canon mirrorless, mirrorless best canon, best canon mirrorless, mirrorless canon review, canon review mirrorless, mirrorless where to buy canon, where to buy canon mirrorless, mirrorless how to choose canon, how to choose canon mirrorless, mirrorless top canon, top canon mirrorless, mirrorless canon guide, canon guide mirrorless, mirrorless canon for sale, canon for sale mirrorless, mirrorless canon deals, canon deals mirrorless
2026-08-22 01:46:38,475 - INFO - Expanded 220 seed keywords to 385 variations
2026-08-22 01:46:38,476 - INFO - Language: en
2026-08-22 01:46:38,476 - INFO - Region: us
2026-08-22 01:47:09,552 - INFO - 🎯 After all filtering for 'canon': 120 relevant keywords
2026-08-22 01:47:09,748 - INFO - 🎯 Found 5 new keywords for niche 'canon': canon affordable dslr, cheap affordable dslr, best affordable dslr, how to affordable dslr, canon affordable mirrorless
2026-08-22 01:47:26,198 - INFO - ✅ Niche 'canon' process complete! 685 total keyword results.
2026-08-22 01:47:26,198 - INFO - ✅ Completed processing niche: 'canon'
2026-08-22 01:47:26,198 - INFO - 🔧 Request Handler final stats - Success rate: 100.0%
2026-08-22 01:47:26,198 - INFO -    Total requests: 177657, Blocks: 1
2026-08-22 01:47:26,199 - INFO - 
========================================
2026-08-22 01:47:26,199 - INFO - Process Summary:
2026-08-22 01:47:26,199 - INFO - - Current niche: 'canon'
2026-08-22 01:47:26,199 - INFO - - Next niche will be: 'nikon'
2026-08-22 01:47:26,199 - INFO - - Keywords saved in: languages/english/keywords/canon/
2026-08-22 01:47:26,200 - INFO - ========================================
