2026-09-29 22:57:27,030 - INFO - Log file created at: /home/runner/work/potensitech.com/potensitech.com/languages/english/keywords/logs/kw_search_20260929_225727.log
2026-09-29 22:57:27,030 - INFO - ============================================================
2026-09-29 22:57:27,030 - INFO - AUTOMATIC KEYWORD RESEARCH TOOL
2026-09-29 22:57:27,030 - INFO - ============================================================
2026-09-29 22:57:27,449 - INFO - ========================================
2026-09-29 22:57:27,449 - INFO - Found 14 niches to process: xiaomi, iphone, samsung, apple, sony, asus, philips, sandisk, intel, nvidia, amd, canon, nikon, huawei
2026-09-29 22:57:27,449 - INFO - ========================================
2026-09-29 22:57:27,449 - INFO - Continuing from last processed niche: asus
2026-09-29 22:57:27,449 - INFO - ========================================
2026-09-29 22:57:27,449 - INFO - 🎯 PROCESSING NICHE 7/14: 'philips'
2026-09-29 22:57:27,449 - INFO - ========================================
2026-09-29 22:57:27,449 - INFO - 📁 Niche directory: /home/runner/work/potensitech.com/potensitech.com/languages/english/keywords/philips
2026-09-29 22:57:27,450 - INFO - Selected region: us
2026-09-29 22:57:27,450 - INFO - Selected language: en
2026-09-29 22:57:27,450 - INFO - 🎯 Current niche: philips
2026-09-29 22:57:38,229 - INFO - 🎯 Niche terms for filtering: philips, cheap, best, latest, review, price, sell, buy, recommendation, tips, tutorial, guide, how to, vs, versus, compared to, comparison, alternatives, which is better, expensive, discount, deals, sale, affordable, cost, online, offline, marketplace, store, shop, retailer, where to buy, worst, quality, original, genuine, fake, replica, authentic, brand, manufacturer, company, product, philips product, sell philips, buy philips, cheap philips, best philips, philips review, where to buy philips, how to choose philips, top philips, philips guide, philips for sale, philips deals
2026-09-29 22:57:38,229 - INFO - Generated 50 niche-clue pairs for 'philips'.
2026-09-29 22:57:38,232 - INFO - Expanded 50 seed keywords to 218 variations
2026-09-29 22:57:38,233 - INFO - 🔧 Request Handler initialized - Success rate: 100.0%
2026-09-29 23:02:03,279 - INFO - Original clue keywords: smartphone storage, gaming performance
2026-09-29 23:02:03,279 - INFO - Niche-focused seeds: smartphone storage philips, philips smartphone storage, smartphone storage cheap, cheap smartphone storage, smartphone storage best, best smartphone storage, smartphone storage latest, latest smartphone storage, smartphone storage review, review smartphone storage, smartphone storage price, price smartphone storage, smartphone storage sell, sell smartphone storage, smartphone storage buy, buy smartphone storage, smartphone storage recommendation, recommendation smartphone storage, smartphone storage tips, tips smartphone storage, smartphone storage tutorial, tutorial smartphone storage, smartphone storage guide, guide smartphone storage, smartphone storage how to, how to smartphone storage, smartphone storage vs, vs smartphone storage, smartphone storage versus, versus smartphone storage, smartphone storage compared to, compared to smartphone storage, smartphone storage comparison, comparison smartphone storage, smartphone storage alternatives, alternatives smartphone storage, smartphone storage which is better, which is better smartphone storage, smartphone storage expensive, expensive smartphone storage, smartphone storage discount, discount smartphone storage, smartphone storage deals, deals smartphone storage, smartphone storage sale, sale smartphone storage, smartphone storage affordable, affordable smartphone storage, smartphone storage cost, cost smartphone storage, smartphone storage online, online smartphone storage, smartphone storage offline, offline smartphone storage, smartphone storage marketplace, marketplace smartphone storage, smartphone storage store, store smartphone storage, smartphone storage shop, shop smartphone storage, smartphone storage retailer, retailer smartphone storage, smartphone storage where to buy, where to buy smartphone storage, smartphone storage worst, worst smartphone storage, smartphone storage quality, quality smartphone storage, smartphone storage original, original smartphone storage, smartphone storage genuine, genuine smartphone storage, smartphone storage fake, fake smartphone storage, smartphone storage replica, replica smartphone storage, smartphone storage authentic, authentic smartphone storage, smartphone storage brand, brand smartphone storage, smartphone storage manufacturer, manufacturer smartphone storage, smartphone storage company, company smartphone storage, smartphone storage product, product smartphone storage, smartphone storage philips product, philips product smartphone storage, smartphone storage sell philips, sell philips smartphone storage, smartphone storage buy philips, buy philips smartphone storage, smartphone storage cheap philips, cheap philips smartphone storage, smartphone storage best philips, best philips smartphone storage, smartphone storage philips review, philips review smartphone storage, smartphone storage where to buy philips, where to buy philips smartphone storage, smartphone storage how to choose philips, how to choose philips smartphone storage, smartphone storage top philips, top philips smartphone storage, smartphone storage philips guide, philips guide smartphone storage, smartphone storage philips for sale, philips for sale smartphone storage, smartphone storage philips deals, philips deals smartphone storage, gaming performance philips, philips gaming performance, gaming performance cheap, cheap gaming performance, gaming performance best, best gaming performance, gaming performance latest, latest gaming performance, gaming performance review, review gaming performance, gaming performance price, price gaming performance, gaming performance sell, sell gaming performance, gaming performance buy, buy gaming performance, gaming performance recommendation, recommendation gaming performance, gaming performance tips, tips gaming performance, gaming performance tutorial, tutorial gaming performance, gaming performance guide, guide gaming performance, gaming performance how to, how to gaming performance, gaming performance vs, vs gaming performance, gaming performance versus, versus gaming performance, gaming performance compared to, compared to gaming performance, gaming performance comparison, comparison gaming performance, gaming performance alternatives, alternatives gaming performance, gaming performance which is better, which is better gaming performance, gaming performance expensive, expensive gaming performance, gaming performance discount, discount gaming performance, gaming performance deals, deals gaming performance, gaming performance sale, sale gaming performance, gaming performance affordable, affordable gaming performance, gaming performance cost, cost gaming performance, gaming performance online, online gaming performance, gaming performance offline, offline gaming performance, gaming performance marketplace, marketplace gaming performance, gaming performance store, store gaming performance, gaming performance shop, shop gaming performance, gaming performance retailer, retailer gaming performance, gaming performance where to buy, where to buy gaming performance, gaming performance worst, worst gaming performance, gaming performance quality, quality gaming performance, gaming performance original, original gaming performance, gaming performance genuine, genuine gaming performance, gaming performance fake, fake gaming performance, gaming performance replica, replica gaming performance, gaming performance authentic, authentic gaming performance, gaming performance brand, brand gaming performance, gaming performance manufacturer, manufacturer gaming performance, gaming performance company, company gaming performance, gaming performance product, product gaming performance, gaming performance philips product, philips product gaming performance, gaming performance sell philips, sell philips gaming performance, gaming performance buy philips, buy philips gaming performance, gaming performance cheap philips, cheap philips gaming performance, gaming performance best philips, best philips gaming performance, gaming performance philips review, philips review gaming performance, gaming performance where to buy philips, where to buy philips gaming performance, gaming performance how to choose philips, how to choose philips gaming performance, gaming performance top philips, top philips gaming performance, gaming performance philips guide, philips guide gaming performance, gaming performance philips for sale, philips for sale gaming performance, gaming performance philips deals, philips deals gaming performance
2026-09-29 23:02:03,283 - INFO - Expanded 220 seed keywords to 385 variations
2026-09-29 23:02:03,283 - INFO - Language: en
2026-09-29 23:02:03,283 - INFO - Region: us
2026-09-29 23:06:34,639 - INFO - 🎯 After all filtering for 'philips': 120 relevant keywords
2026-09-29 23:06:36,109 - INFO - 🎯 Found 5 new keywords for niche 'philips': philips affordable gaming performance, philips affordable smartphone storage, cheap alternatives gaming performance, cheap alternatives smartphone storage, best authentic gaming performance
2026-09-29 23:06:51,971 - INFO - ✅ Niche 'philips' process complete! 752 total keyword results.
2026-09-29 23:06:51,972 - INFO - ✅ Completed processing niche: 'philips'
2026-09-29 23:06:51,972 - INFO - 🔧 Request Handler final stats - Success rate: 100.0%
2026-09-29 23:06:51,972 - INFO -    Total requests: 209799, Blocks: 1
2026-09-29 23:06:51,973 - INFO - 
========================================
2026-09-29 23:06:51,973 - INFO - Process Summary:
2026-09-29 23:06:51,973 - INFO - - Current niche: 'philips'
2026-09-29 23:06:51,973 - INFO - - Next niche will be: 'sandisk'
2026-09-29 23:06:51,973 - INFO - - Keywords saved in: languages/english/keywords/philips/
2026-09-29 23:06:51,974 - INFO - ========================================
