2026-08-04 20:40:28,113 - INFO - Log file created at: /home/runner/work/potensitech.com/potensitech.com/languages/english/keywords/logs/kw_search_20260804_204028.log
2026-08-04 20:40:28,113 - INFO - ============================================================
2026-08-04 20:40:28,113 - INFO - AUTOMATIC KEYWORD RESEARCH TOOL
2026-08-04 20:40:28,113 - INFO - ============================================================
2026-08-04 20:40:28,367 - INFO - ========================================
2026-08-04 20:40:28,367 - INFO - Found 14 niches to process: xiaomi, iphone, samsung, apple, sony, asus, philips, sandisk, intel, nvidia, amd, canon, nikon, huawei
2026-08-04 20:40:28,367 - INFO - ========================================
2026-08-04 20:40:28,367 - INFO - Continuing from last processed niche: intel
2026-08-04 20:40:28,367 - INFO - ========================================
2026-08-04 20:40:28,367 - INFO - 🎯 PROCESSING NICHE 10/14: 'nvidia'
2026-08-04 20:40:28,367 - INFO - ========================================
2026-08-04 20:40:28,368 - INFO - 📁 Niche directory: /home/runner/work/potensitech.com/potensitech.com/languages/english/keywords/nvidia
2026-08-04 20:40:28,368 - INFO - Selected region: us
2026-08-04 20:40:28,368 - INFO - Selected language: en
2026-08-04 20:40:28,368 - INFO - 🎯 Current niche: nvidia
2026-08-04 20:40:29,444 - INFO - 🎯 Niche terms for filtering: nvidia, cheap, best, latest, review, price, sell, buy, recommendation, tips, tutorial, guide, how to, vs, versus, compared to, comparison, alternatives, which is better, expensive, discount, deals, sale, affordable, cost, online, offline, marketplace, store, shop, retailer, where to buy, worst, quality, original, genuine, fake, replica, authentic, brand, manufacturer, company, product, nvidia product, sell nvidia, buy nvidia, cheap nvidia, best nvidia, nvidia review, where to buy nvidia, how to choose nvidia, top nvidia, nvidia guide, nvidia for sale, nvidia deals
2026-08-04 20:40:29,444 - INFO - Generated 50 niche-clue pairs for 'nvidia'.
2026-08-04 20:40:29,447 - INFO - Expanded 50 seed keywords to 218 variations
2026-08-04 20:40:29,448 - INFO - 🔧 Request Handler initialized - Success rate: 100.0%
2026-08-04 20:44:53,263 - INFO - Original clue keywords: thermal efficiency, camera resolution
2026-08-04 20:44:53,263 - INFO - Niche-focused seeds: thermal efficiency nvidia, nvidia thermal efficiency, thermal efficiency cheap, cheap thermal efficiency, thermal efficiency best, best thermal efficiency, thermal efficiency latest, latest thermal efficiency, thermal efficiency review, review thermal efficiency, thermal efficiency price, price thermal efficiency, thermal efficiency sell, sell thermal efficiency, thermal efficiency buy, buy thermal efficiency, thermal efficiency recommendation, recommendation thermal efficiency, thermal efficiency tips, tips thermal efficiency, thermal efficiency tutorial, tutorial thermal efficiency, thermal efficiency guide, guide thermal efficiency, thermal efficiency how to, how to thermal efficiency, thermal efficiency vs, vs thermal efficiency, thermal efficiency versus, versus thermal efficiency, thermal efficiency compared to, compared to thermal efficiency, thermal efficiency comparison, comparison thermal efficiency, thermal efficiency alternatives, alternatives thermal efficiency, thermal efficiency which is better, which is better thermal efficiency, thermal efficiency expensive, expensive thermal efficiency, thermal efficiency discount, discount thermal efficiency, thermal efficiency deals, deals thermal efficiency, thermal efficiency sale, sale thermal efficiency, thermal efficiency affordable, affordable thermal efficiency, thermal efficiency cost, cost thermal efficiency, thermal efficiency online, online thermal efficiency, thermal efficiency offline, offline thermal efficiency, thermal efficiency marketplace, marketplace thermal efficiency, thermal efficiency store, store thermal efficiency, thermal efficiency shop, shop thermal efficiency, thermal efficiency retailer, retailer thermal efficiency, thermal efficiency where to buy, where to buy thermal efficiency, thermal efficiency worst, worst thermal efficiency, thermal efficiency quality, quality thermal efficiency, thermal efficiency original, original thermal efficiency, thermal efficiency genuine, genuine thermal efficiency, thermal efficiency fake, fake thermal efficiency, thermal efficiency replica, replica thermal efficiency, thermal efficiency authentic, authentic thermal efficiency, thermal efficiency brand, brand thermal efficiency, thermal efficiency manufacturer, manufacturer thermal efficiency, thermal efficiency company, company thermal efficiency, thermal efficiency product, product thermal efficiency, thermal efficiency nvidia product, nvidia product thermal efficiency, thermal efficiency sell nvidia, sell nvidia thermal efficiency, thermal efficiency buy nvidia, buy nvidia thermal efficiency, thermal efficiency cheap nvidia, cheap nvidia thermal efficiency, thermal efficiency best nvidia, best nvidia thermal efficiency, thermal efficiency nvidia review, nvidia review thermal efficiency, thermal efficiency where to buy nvidia, where to buy nvidia thermal efficiency, thermal efficiency how to choose nvidia, how to choose nvidia thermal efficiency, thermal efficiency top nvidia, top nvidia thermal efficiency, thermal efficiency nvidia guide, nvidia guide thermal efficiency, thermal efficiency nvidia for sale, nvidia for sale thermal efficiency, thermal efficiency nvidia deals, nvidia deals thermal efficiency, camera resolution nvidia, nvidia camera resolution, camera resolution cheap, cheap camera resolution, camera resolution best, best camera resolution, camera resolution latest, latest camera resolution, camera resolution review, review camera resolution, camera resolution price, price camera resolution, camera resolution sell, sell camera resolution, camera resolution buy, buy camera resolution, camera resolution recommendation, recommendation camera resolution, camera resolution tips, tips camera resolution, camera resolution tutorial, tutorial camera resolution, camera resolution guide, guide camera resolution, camera resolution how to, how to camera resolution, camera resolution vs, vs camera resolution, camera resolution versus, versus camera resolution, camera resolution compared to, compared to camera resolution, camera resolution comparison, comparison camera resolution, camera resolution alternatives, alternatives camera resolution, camera resolution which is better, which is better camera resolution, camera resolution expensive, expensive camera resolution, camera resolution discount, discount camera resolution, camera resolution deals, deals camera resolution, camera resolution sale, sale camera resolution, camera resolution affordable, affordable camera resolution, camera resolution cost, cost camera resolution, camera resolution online, online camera resolution, camera resolution offline, offline camera resolution, camera resolution marketplace, marketplace camera resolution, camera resolution store, store camera resolution, camera resolution shop, shop camera resolution, camera resolution retailer, retailer camera resolution, camera resolution where to buy, where to buy camera resolution, camera resolution worst, worst camera resolution, camera resolution quality, quality camera resolution, camera resolution original, original camera resolution, camera resolution genuine, genuine camera resolution, camera resolution fake, fake camera resolution, camera resolution replica, replica camera resolution, camera resolution authentic, authentic camera resolution, camera resolution brand, brand camera resolution, camera resolution manufacturer, manufacturer camera resolution, camera resolution company, company camera resolution, camera resolution product, product camera resolution, camera resolution nvidia product, nvidia product camera resolution, camera resolution sell nvidia, sell nvidia camera resolution, camera resolution buy nvidia, buy nvidia camera resolution, camera resolution cheap nvidia, cheap nvidia camera resolution, camera resolution best nvidia, best nvidia camera resolution, camera resolution nvidia review, nvidia review camera resolution, camera resolution where to buy nvidia, where to buy nvidia camera resolution, camera resolution how to choose nvidia, how to choose nvidia camera resolution, camera resolution top nvidia, top nvidia camera resolution, camera resolution nvidia guide, nvidia guide camera resolution, camera resolution nvidia for sale, nvidia for sale camera resolution, camera resolution nvidia deals, nvidia deals camera resolution
2026-08-04 20:44:53,266 - INFO - Expanded 220 seed keywords to 385 variations
2026-08-04 20:44:53,266 - INFO - Language: en
2026-08-04 20:44:53,266 - INFO - Region: us
2026-08-04 20:47:39,192 - INFO - 🎯 After all filtering for 'nvidia': 120 relevant keywords
2026-08-04 20:47:40,443 - INFO - 🎯 Found 5 new keywords for niche 'nvidia': nvidia affordable camera resolution, nvidia affordable thermal efficiency, cheap alternatives camera resolution, best authentic camera resolution, how to brand camera resolution
2026-08-04 20:47:41,773 - INFO - ✅ Niche 'nvidia' process complete! 831 total keyword results.
2026-08-04 20:47:41,774 - INFO - ✅ Completed processing niche: 'nvidia'
2026-08-04 20:47:41,774 - INFO - 🔧 Request Handler final stats - Success rate: 100.0%
2026-08-04 20:47:41,774 - INFO -    Total requests: 164558, Blocks: 1
2026-08-04 20:47:41,775 - INFO - 
========================================
2026-08-04 20:47:41,775 - INFO - Process Summary:
2026-08-04 20:47:41,775 - INFO - - Current niche: 'nvidia'
2026-08-04 20:47:41,775 - INFO - - Next niche will be: 'amd'
2026-08-04 20:47:41,775 - INFO - - Keywords saved in: languages/english/keywords/nvidia/
2026-08-04 20:47:41,775 - INFO - ========================================
