2026-09-13 13:53:37,829 - INFO - Log file created at: /home/runner/work/potensitech.com/potensitech.com/languages/english/keywords/logs/kw_search_20260913_135337.log
2026-09-13 13:53:37,829 - INFO - ============================================================
2026-09-13 13:53:37,829 - INFO - AUTOMATIC KEYWORD RESEARCH TOOL
2026-09-13 13:53:37,829 - INFO - ============================================================
2026-09-13 13:53:38,178 - INFO - ========================================
2026-09-13 13:53:38,178 - INFO - Found 14 niches to process: xiaomi, iphone, samsung, apple, sony, asus, philips, sandisk, intel, nvidia, amd, canon, nikon, huawei
2026-09-13 13:53:38,178 - INFO - ========================================
2026-09-13 13:53:38,178 - INFO - Continuing from last processed niche: nvidia
2026-09-13 13:53:38,179 - INFO - ========================================
2026-09-13 13:53:38,179 - INFO - 🎯 PROCESSING NICHE 11/14: 'amd'
2026-09-13 13:53:38,179 - INFO - ========================================
2026-09-13 13:53:38,179 - INFO - 📁 Niche directory: /home/runner/work/potensitech.com/potensitech.com/languages/english/keywords/amd
2026-09-13 13:53:38,179 - INFO - Selected region: us
2026-09-13 13:53:38,179 - INFO - Selected language: en
2026-09-13 13:53:38,179 - INFO - 🎯 Current niche: amd
2026-09-13 13:53:49,718 - INFO - 🎯 Niche terms for filtering: amd, cheap, best, latest, review, price, sell, buy, recommendation, tips, tutorial, guide, how to, vs, versus, compared to, comparison, alternatives, which is better, expensive, discount, deals, sale, affordable, cost, online, offline, marketplace, store, shop, retailer, where to buy, worst, quality, original, genuine, fake, replica, authentic, brand, manufacturer, company, product, amd product, sell amd, buy amd, cheap amd, best amd, amd review, where to buy amd, how to choose amd, top amd, amd guide, amd for sale, amd deals
2026-09-13 13:53:49,718 - INFO - Generated 50 niche-clue pairs for 'amd'.
2026-09-13 13:53:49,722 - INFO - Expanded 50 seed keywords to 218 variations
2026-09-13 13:53:49,722 - INFO - 🔧 Request Handler initialized - Success rate: 100.0%
2026-09-13 13:58:13,554 - INFO - Original clue keywords: dlss technology, cuda cores
2026-09-13 13:58:13,554 - INFO - Niche-focused seeds: dlss technology amd, amd dlss technology, dlss technology cheap, cheap dlss technology, dlss technology best, best dlss technology, dlss technology latest, latest dlss technology, dlss technology review, review dlss technology, dlss technology price, price dlss technology, dlss technology sell, sell dlss technology, dlss technology buy, buy dlss technology, dlss technology recommendation, recommendation dlss technology, dlss technology tips, tips dlss technology, dlss technology tutorial, tutorial dlss technology, dlss technology guide, guide dlss technology, dlss technology how to, how to dlss technology, dlss technology vs, vs dlss technology, dlss technology versus, versus dlss technology, dlss technology compared to, compared to dlss technology, dlss technology comparison, comparison dlss technology, dlss technology alternatives, alternatives dlss technology, dlss technology which is better, which is better dlss technology, dlss technology expensive, expensive dlss technology, dlss technology discount, discount dlss technology, dlss technology deals, deals dlss technology, dlss technology sale, sale dlss technology, dlss technology affordable, affordable dlss technology, dlss technology cost, cost dlss technology, dlss technology online, online dlss technology, dlss technology offline, offline dlss technology, dlss technology marketplace, marketplace dlss technology, dlss technology store, store dlss technology, dlss technology shop, shop dlss technology, dlss technology retailer, retailer dlss technology, dlss technology where to buy, where to buy dlss technology, dlss technology worst, worst dlss technology, dlss technology quality, quality dlss technology, dlss technology original, original dlss technology, dlss technology genuine, genuine dlss technology, dlss technology fake, fake dlss technology, dlss technology replica, replica dlss technology, dlss technology authentic, authentic dlss technology, dlss technology brand, brand dlss technology, dlss technology manufacturer, manufacturer dlss technology, dlss technology company, company dlss technology, dlss technology product, product dlss technology, dlss technology amd product, amd product dlss technology, dlss technology sell amd, sell amd dlss technology, dlss technology buy amd, buy amd dlss technology, dlss technology cheap amd, cheap amd dlss technology, dlss technology best amd, best amd dlss technology, dlss technology amd review, amd review dlss technology, dlss technology where to buy amd, where to buy amd dlss technology, dlss technology how to choose amd, how to choose amd dlss technology, dlss technology top amd, top amd dlss technology, dlss technology amd guide, amd guide dlss technology, dlss technology amd for sale, amd for sale dlss technology, dlss technology amd deals, amd deals dlss technology, cuda cores amd, amd cuda cores, cuda cores cheap, cheap cuda cores, cuda cores best, best cuda cores, cuda cores latest, latest cuda cores, cuda cores review, review cuda cores, cuda cores price, price cuda cores, cuda cores sell, sell cuda cores, cuda cores buy, buy cuda cores, cuda cores recommendation, recommendation cuda cores, cuda cores tips, tips cuda cores, cuda cores tutorial, tutorial cuda cores, cuda cores guide, guide cuda cores, cuda cores how to, how to cuda cores, cuda cores vs, vs cuda cores, cuda cores versus, versus cuda cores, cuda cores compared to, compared to cuda cores, cuda cores comparison, comparison cuda cores, cuda cores alternatives, alternatives cuda cores, cuda cores which is better, which is better cuda cores, cuda cores expensive, expensive cuda cores, cuda cores discount, discount cuda cores, cuda cores deals, deals cuda cores, cuda cores sale, sale cuda cores, cuda cores affordable, affordable cuda cores, cuda cores cost, cost cuda cores, cuda cores online, online cuda cores, cuda cores offline, offline cuda cores, cuda cores marketplace, marketplace cuda cores, cuda cores store, store cuda cores, cuda cores shop, shop cuda cores, cuda cores retailer, retailer cuda cores, cuda cores where to buy, where to buy cuda cores, cuda cores worst, worst cuda cores, cuda cores quality, quality cuda cores, cuda cores original, original cuda cores, cuda cores genuine, genuine cuda cores, cuda cores fake, fake cuda cores, cuda cores replica, replica cuda cores, cuda cores authentic, authentic cuda cores, cuda cores brand, brand cuda cores, cuda cores manufacturer, manufacturer cuda cores, cuda cores company, company cuda cores, cuda cores product, product cuda cores, cuda cores amd product, amd product cuda cores, cuda cores sell amd, sell amd cuda cores, cuda cores buy amd, buy amd cuda cores, cuda cores cheap amd, cheap amd cuda cores, cuda cores best amd, best amd cuda cores, cuda cores amd review, amd review cuda cores, cuda cores where to buy amd, where to buy amd cuda cores, cuda cores how to choose amd, how to choose amd cuda cores, cuda cores top amd, top amd cuda cores, cuda cores amd guide, amd guide cuda cores, cuda cores amd for sale, amd for sale cuda cores, cuda cores amd deals, amd deals cuda cores
2026-09-13 13:58:13,558 - INFO - Expanded 220 seed keywords to 385 variations
2026-09-13 13:58:13,558 - INFO - Language: en
2026-09-13 13:58:13,558 - INFO - Region: us
2026-09-13 14:00:37,022 - INFO - 🎯 After all filtering for 'amd': 120 relevant keywords
2026-09-13 14:00:39,489 - INFO - 🎯 Found 5 new keywords for niche 'amd': amd affordable cuda cores, amd affordable dlss technology, cheap alternatives cuda cores, best authentic cuda cores, how to brand cuda cores
2026-09-13 14:00:56,097 - INFO - ✅ Niche 'amd' process complete! 795 total keyword results.
2026-09-13 14:00:56,097 - INFO - ✅ Completed processing niche: 'amd'
2026-09-13 14:00:56,098 - INFO - 🔧 Request Handler final stats - Success rate: 100.0%
2026-09-13 14:00:56,098 - INFO -    Total requests: 195662, Blocks: 1
2026-09-13 14:00:56,099 - INFO - 
========================================
2026-09-13 14:00:56,099 - INFO - Process Summary:
2026-09-13 14:00:56,099 - INFO - - Current niche: 'amd'
2026-09-13 14:00:56,099 - INFO - - Next niche will be: 'canon'
2026-09-13 14:00:56,099 - INFO - - Keywords saved in: languages/english/keywords/amd/
2026-09-13 14:00:56,100 - INFO - ========================================
