2026-09-18 12:14:00,276 - INFO - Log file created at: /home/runner/work/potensitech.com/potensitech.com/languages/english/keywords/logs/kw_search_20260918_121400.log
2026-09-18 12:14:00,276 - INFO - ============================================================
2026-09-18 12:14:00,276 - INFO - AUTOMATIC KEYWORD RESEARCH TOOL
2026-09-18 12:14:00,276 - INFO - ============================================================
2026-09-18 12:14:00,629 - INFO - ========================================
2026-09-18 12:14:00,629 - INFO - Found 14 niches to process: xiaomi, iphone, samsung, apple, sony, asus, philips, sandisk, intel, nvidia, amd, canon, nikon, huawei
2026-09-18 12:14:00,629 - INFO - ========================================
2026-09-18 12:14:00,629 - INFO - Continuing from last processed niche: samsung
2026-09-18 12:14:00,629 - INFO - ========================================
2026-09-18 12:14:00,629 - INFO - 🎯 PROCESSING NICHE 4/14: 'apple'
2026-09-18 12:14:00,629 - INFO - ========================================
2026-09-18 12:14:00,630 - INFO - 📁 Niche directory: /home/runner/work/potensitech.com/potensitech.com/languages/english/keywords/apple
2026-09-18 12:14:00,630 - INFO - Selected region: us
2026-09-18 12:14:00,630 - INFO - Selected language: en
2026-09-18 12:14:00,630 - INFO - 🎯 Current niche: apple
2026-09-18 12:14:11,697 - INFO - 🎯 Niche terms for filtering: apple, cheap, best, latest, review, price, sell, buy, recommendation, tips, tutorial, guide, how to, vs, versus, compared to, comparison, alternatives, which is better, expensive, discount, deals, sale, affordable, cost, online, offline, marketplace, store, shop, retailer, where to buy, worst, quality, original, genuine, fake, replica, authentic, brand, manufacturer, company, product, apple product, sell apple, buy apple, cheap apple, best apple, apple review, where to buy apple, how to choose apple, top apple, apple guide, apple for sale, apple deals
2026-09-18 12:14:11,698 - INFO - Generated 50 niche-clue pairs for 'apple'.
2026-09-18 12:14:11,702 - INFO - Expanded 50 seed keywords to 218 variations
2026-09-18 12:14:11,703 - INFO - 🔧 Request Handler initialized - Success rate: 100.0%
2026-09-18 12:18:37,394 - INFO - Original clue keywords: graphics performance, autofocus system
2026-09-18 12:18:37,394 - INFO - Niche-focused seeds: graphics performance apple, apple graphics performance, graphics performance cheap, cheap graphics performance, graphics performance best, best graphics performance, graphics performance latest, latest graphics performance, graphics performance review, review graphics performance, graphics performance price, price graphics performance, graphics performance sell, sell graphics performance, graphics performance buy, buy graphics performance, graphics performance recommendation, recommendation graphics performance, graphics performance tips, tips graphics performance, graphics performance tutorial, tutorial graphics performance, graphics performance guide, guide graphics performance, graphics performance how to, how to graphics performance, graphics performance vs, vs graphics performance, graphics performance versus, versus graphics performance, graphics performance compared to, compared to graphics performance, graphics performance comparison, comparison graphics performance, graphics performance alternatives, alternatives graphics performance, graphics performance which is better, which is better graphics performance, graphics performance expensive, expensive graphics performance, graphics performance discount, discount graphics performance, graphics performance deals, deals graphics performance, graphics performance sale, sale graphics performance, graphics performance affordable, affordable graphics performance, graphics performance cost, cost graphics performance, graphics performance online, online graphics performance, graphics performance offline, offline graphics performance, graphics performance marketplace, marketplace graphics performance, graphics performance store, store graphics performance, graphics performance shop, shop graphics performance, graphics performance retailer, retailer graphics performance, graphics performance where to buy, where to buy graphics performance, graphics performance worst, worst graphics performance, graphics performance quality, quality graphics performance, graphics performance original, original graphics performance, graphics performance genuine, genuine graphics performance, graphics performance fake, fake graphics performance, graphics performance replica, replica graphics performance, graphics performance authentic, authentic graphics performance, graphics performance brand, brand graphics performance, graphics performance manufacturer, manufacturer graphics performance, graphics performance company, company graphics performance, graphics performance product, product graphics performance, graphics performance apple product, apple product graphics performance, graphics performance sell apple, sell apple graphics performance, graphics performance buy apple, buy apple graphics performance, graphics performance cheap apple, cheap apple graphics performance, graphics performance best apple, best apple graphics performance, graphics performance apple review, apple review graphics performance, graphics performance where to buy apple, where to buy apple graphics performance, graphics performance how to choose apple, how to choose apple graphics performance, graphics performance top apple, top apple graphics performance, graphics performance apple guide, apple guide graphics performance, graphics performance apple for sale, apple for sale graphics performance, graphics performance apple deals, apple deals graphics performance, autofocus system apple, apple autofocus system, autofocus system cheap, cheap autofocus system, autofocus system best, best autofocus system, autofocus system latest, latest autofocus system, autofocus system review, review autofocus system, autofocus system price, price autofocus system, autofocus system sell, sell autofocus system, autofocus system buy, buy autofocus system, autofocus system recommendation, recommendation autofocus system, autofocus system tips, tips autofocus system, autofocus system tutorial, tutorial autofocus system, autofocus system guide, guide autofocus system, autofocus system how to, how to autofocus system, autofocus system vs, vs autofocus system, autofocus system versus, versus autofocus system, autofocus system compared to, compared to autofocus system, autofocus system comparison, comparison autofocus system, autofocus system alternatives, alternatives autofocus system, autofocus system which is better, which is better autofocus system, autofocus system expensive, expensive autofocus system, autofocus system discount, discount autofocus system, autofocus system deals, deals autofocus system, autofocus system sale, sale autofocus system, autofocus system affordable, affordable autofocus system, autofocus system cost, cost autofocus system, autofocus system online, online autofocus system, autofocus system offline, offline autofocus system, autofocus system marketplace, marketplace autofocus system, autofocus system store, store autofocus system, autofocus system shop, shop autofocus system, autofocus system retailer, retailer autofocus system, autofocus system where to buy, where to buy autofocus system, autofocus system worst, worst autofocus system, autofocus system quality, quality autofocus system, autofocus system original, original autofocus system, autofocus system genuine, genuine autofocus system, autofocus system fake, fake autofocus system, autofocus system replica, replica autofocus system, autofocus system authentic, authentic autofocus system, autofocus system brand, brand autofocus system, autofocus system manufacturer, manufacturer autofocus system, autofocus system company, company autofocus system, autofocus system product, product autofocus system, autofocus system apple product, apple product autofocus system, autofocus system sell apple, sell apple autofocus system, autofocus system buy apple, buy apple autofocus system, autofocus system cheap apple, cheap apple autofocus system, autofocus system best apple, best apple autofocus system, autofocus system apple review, apple review autofocus system, autofocus system where to buy apple, where to buy apple autofocus system, autofocus system how to choose apple, how to choose apple autofocus system, autofocus system top apple, top apple autofocus system, autofocus system apple guide, apple guide autofocus system, autofocus system apple for sale, apple for sale autofocus system, autofocus system apple deals, apple deals autofocus system
2026-09-18 12:18:37,398 - INFO - Expanded 220 seed keywords to 385 variations
2026-09-18 12:18:37,398 - INFO - Language: en
2026-09-18 12:18:37,398 - INFO - Region: us
2026-09-18 12:21:58,076 - INFO - 🎯 After all filtering for 'apple': 119 relevant keywords
2026-09-18 12:21:59,945 - INFO - 🎯 Found 5 new keywords for niche 'apple': apple affordable autofocus system, apple affordable graphics performance, cheap alternatives autofocus system, best authentic autofocus system, how to autofocus system brand
2026-09-18 12:22:15,938 - INFO - ✅ Niche 'apple' process complete! 587 total keyword results.
2026-09-18 12:22:15,938 - INFO - ✅ Completed processing niche: 'apple'
2026-09-18 12:22:15,938 - INFO - 🔧 Request Handler final stats - Success rate: 100.0%
2026-09-18 12:22:15,939 - INFO -    Total requests: 200046, Blocks: 1
2026-09-18 12:22:15,940 - INFO - 
========================================
2026-09-18 12:22:15,940 - INFO - Process Summary:
2026-09-18 12:22:15,940 - INFO - - Current niche: 'apple'
2026-09-18 12:22:15,940 - INFO - - Next niche will be: 'sony'
2026-09-18 12:22:15,940 - INFO - - Keywords saved in: languages/english/keywords/apple/
2026-09-18 12:22:15,941 - INFO - ========================================
