2026-09-17 14:25:51,781 - INFO - Log file created at: /home/runner/work/potensitech.com/potensitech.com/languages/english/keywords/logs/kw_search_20260917_142551.log
2026-09-17 14:25:51,781 - INFO - ============================================================
2026-09-17 14:25:51,781 - INFO - AUTOMATIC KEYWORD RESEARCH TOOL
2026-09-17 14:25:51,781 - INFO - ============================================================
2026-09-17 14:25:52,134 - INFO - ========================================
2026-09-17 14:25:52,135 - INFO - Found 14 niches to process: xiaomi, iphone, samsung, apple, sony, asus, philips, sandisk, intel, nvidia, amd, canon, nikon, huawei
2026-09-17 14:25:52,135 - INFO - ========================================
2026-09-17 14:25:52,135 - INFO - Continuing from last processed niche: sandisk
2026-09-17 14:25:52,135 - INFO - ========================================
2026-09-17 14:25:52,135 - INFO - 🎯 PROCESSING NICHE 9/14: 'intel'
2026-09-17 14:25:52,135 - INFO - ========================================
2026-09-17 14:25:52,135 - INFO - 📁 Niche directory: /home/runner/work/potensitech.com/potensitech.com/languages/english/keywords/intel
2026-09-17 14:25:52,135 - INFO - Selected region: us
2026-09-17 14:25:52,135 - INFO - Selected language: en
2026-09-17 14:25:52,135 - INFO - 🎯 Current niche: intel
2026-09-17 14:26:03,518 - INFO - 🎯 Niche terms for filtering: intel, cheap, best, latest, review, price, sell, buy, recommendation, tips, tutorial, guide, how to, vs, versus, compared to, comparison, alternatives, which is better, expensive, discount, deals, sale, affordable, cost, online, offline, marketplace, store, shop, retailer, where to buy, worst, quality, original, genuine, fake, replica, authentic, brand, manufacturer, company, product, intel product, sell intel, buy intel, cheap intel, best intel, intel review, where to buy intel, how to choose intel, top intel, intel guide, intel for sale, intel deals
2026-09-17 14:26:03,518 - INFO - Generated 50 niche-clue pairs for 'intel'.
2026-09-17 14:26:03,522 - INFO - Expanded 50 seed keywords to 218 variations
2026-09-17 14:26:03,522 - INFO - 🔧 Request Handler initialized - Success rate: 100.0%
2026-09-17 14:30:28,938 - INFO - Original clue keywords: electric toothbrushes, home appliances
2026-09-17 14:30:28,938 - INFO - Niche-focused seeds: electric toothbrushes intel, intel electric toothbrushes, electric toothbrushes cheap, cheap electric toothbrushes, electric toothbrushes best, best electric toothbrushes, electric toothbrushes latest, latest electric toothbrushes, electric toothbrushes review, review electric toothbrushes, electric toothbrushes price, price electric toothbrushes, electric toothbrushes sell, sell electric toothbrushes, electric toothbrushes buy, buy electric toothbrushes, electric toothbrushes recommendation, recommendation electric toothbrushes, electric toothbrushes tips, tips electric toothbrushes, electric toothbrushes tutorial, tutorial electric toothbrushes, electric toothbrushes guide, guide electric toothbrushes, electric toothbrushes how to, how to electric toothbrushes, electric toothbrushes vs, vs electric toothbrushes, electric toothbrushes versus, versus electric toothbrushes, electric toothbrushes compared to, compared to electric toothbrushes, electric toothbrushes comparison, comparison electric toothbrushes, electric toothbrushes alternatives, alternatives electric toothbrushes, electric toothbrushes which is better, which is better electric toothbrushes, electric toothbrushes expensive, expensive electric toothbrushes, electric toothbrushes discount, discount electric toothbrushes, electric toothbrushes deals, deals electric toothbrushes, electric toothbrushes sale, sale electric toothbrushes, electric toothbrushes affordable, affordable electric toothbrushes, electric toothbrushes cost, cost electric toothbrushes, electric toothbrushes online, online electric toothbrushes, electric toothbrushes offline, offline electric toothbrushes, electric toothbrushes marketplace, marketplace electric toothbrushes, electric toothbrushes store, store electric toothbrushes, electric toothbrushes shop, shop electric toothbrushes, electric toothbrushes retailer, retailer electric toothbrushes, electric toothbrushes where to buy, where to buy electric toothbrushes, electric toothbrushes worst, worst electric toothbrushes, electric toothbrushes quality, quality electric toothbrushes, electric toothbrushes original, original electric toothbrushes, electric toothbrushes genuine, genuine electric toothbrushes, electric toothbrushes fake, fake electric toothbrushes, electric toothbrushes replica, replica electric toothbrushes, electric toothbrushes authentic, authentic electric toothbrushes, electric toothbrushes brand, brand electric toothbrushes, electric toothbrushes manufacturer, manufacturer electric toothbrushes, electric toothbrushes company, company electric toothbrushes, electric toothbrushes product, product electric toothbrushes, electric toothbrushes intel product, intel product electric toothbrushes, electric toothbrushes sell intel, sell intel electric toothbrushes, electric toothbrushes buy intel, buy intel electric toothbrushes, electric toothbrushes cheap intel, cheap intel electric toothbrushes, electric toothbrushes best intel, best intel electric toothbrushes, electric toothbrushes intel review, intel review electric toothbrushes, electric toothbrushes where to buy intel, where to buy intel electric toothbrushes, electric toothbrushes how to choose intel, how to choose intel electric toothbrushes, electric toothbrushes top intel, top intel electric toothbrushes, electric toothbrushes intel guide, intel guide electric toothbrushes, electric toothbrushes intel for sale, intel for sale electric toothbrushes, electric toothbrushes intel deals, intel deals electric toothbrushes, home appliances intel, intel home appliances, home appliances cheap, cheap home appliances, home appliances best, best home appliances, home appliances latest, latest home appliances, home appliances review, review home appliances, home appliances price, price home appliances, home appliances sell, sell home appliances, home appliances buy, buy home appliances, home appliances recommendation, recommendation home appliances, home appliances tips, tips home appliances, home appliances tutorial, tutorial home appliances, home appliances guide, guide home appliances, home appliances how to, how to home appliances, home appliances vs, vs home appliances, home appliances versus, versus home appliances, home appliances compared to, compared to home appliances, home appliances comparison, comparison home appliances, home appliances alternatives, alternatives home appliances, home appliances which is better, which is better home appliances, home appliances expensive, expensive home appliances, home appliances discount, discount home appliances, home appliances deals, deals home appliances, home appliances sale, sale home appliances, home appliances affordable, affordable home appliances, home appliances cost, cost home appliances, home appliances online, online home appliances, home appliances offline, offline home appliances, home appliances marketplace, marketplace home appliances, home appliances store, store home appliances, home appliances shop, shop home appliances, home appliances retailer, retailer home appliances, home appliances where to buy, where to buy home appliances, home appliances worst, worst home appliances, home appliances quality, quality home appliances, home appliances original, original home appliances, home appliances genuine, genuine home appliances, home appliances fake, fake home appliances, home appliances replica, replica home appliances, home appliances authentic, authentic home appliances, home appliances brand, brand home appliances, home appliances manufacturer, manufacturer home appliances, home appliances company, company home appliances, home appliances product, product home appliances, home appliances intel product, intel product home appliances, home appliances sell intel, sell intel home appliances, home appliances buy intel, buy intel home appliances, home appliances cheap intel, cheap intel home appliances, home appliances best intel, best intel home appliances, home appliances intel review, intel review home appliances, home appliances where to buy intel, where to buy intel home appliances, home appliances how to choose intel, how to choose intel home appliances, home appliances top intel, top intel home appliances, home appliances intel guide, intel guide home appliances, home appliances intel for sale, intel for sale home appliances, home appliances intel deals, intel deals home appliances
2026-09-17 14:30:28,942 - INFO - Expanded 220 seed keywords to 385 variations
2026-09-17 14:30:28,942 - INFO - Language: en
2026-09-17 14:30:28,942 - INFO - Region: us
2026-09-17 14:32:55,559 - INFO - 🎯 After all filtering for 'intel': 120 relevant keywords
2026-09-17 14:33:01,011 - INFO - 🎯 Found 4 new keywords for niche 'intel': intel affordable electric toothbrushes, intel affordable home appliances, cheap alternatives electric toothbrushes, best authentic electric toothbrushes
2026-09-17 14:33:17,333 - INFO - ✅ Niche 'intel' process complete! 1035 total keyword results.
2026-09-17 14:33:17,333 - INFO - ✅ Completed processing niche: 'intel'
2026-09-17 14:33:17,333 - INFO - 🔧 Request Handler final stats - Success rate: 100.0%
2026-09-17 14:33:17,333 - INFO -    Total requests: 199293, Blocks: 1
2026-09-17 14:33:17,334 - INFO - 
========================================
2026-09-17 14:33:17,335 - INFO - Process Summary:
2026-09-17 14:33:17,335 - INFO - - Current niche: 'intel'
2026-09-17 14:33:17,335 - INFO - - Next niche will be: 'nvidia'
2026-09-17 14:33:17,335 - INFO - - Keywords saved in: languages/english/keywords/intel/
2026-09-17 14:33:17,335 - INFO - ========================================
