2026-08-28 19:26:45,442 - INFO - Log file created at: /home/runner/work/potensitech.com/potensitech.com/languages/english/keywords/logs/kw_search_20260828_192645.log
2026-08-28 19:26:45,442 - INFO - ============================================================
2026-08-28 19:26:45,442 - INFO - AUTOMATIC KEYWORD RESEARCH TOOL
2026-08-28 19:26:45,442 - INFO - ============================================================
2026-08-28 19:26:45,707 - INFO - ========================================
2026-08-28 19:26:45,707 - INFO - Found 14 niches to process: xiaomi, iphone, samsung, apple, sony, asus, philips, sandisk, intel, nvidia, amd, canon, nikon, huawei
2026-08-28 19:26:45,707 - INFO - ========================================
2026-08-28 19:26:45,707 - INFO - Continuing from last processed niche: apple
2026-08-28 19:26:45,707 - INFO - ========================================
2026-08-28 19:26:45,707 - INFO - 🎯 PROCESSING NICHE 5/14: 'sony'
2026-08-28 19:26:45,707 - INFO - ========================================
2026-08-28 19:26:45,707 - INFO - 📁 Niche directory: /home/runner/work/potensitech.com/potensitech.com/languages/english/keywords/sony
2026-08-28 19:26:45,707 - INFO - Selected region: us
2026-08-28 19:26:45,707 - INFO - Selected language: en
2026-08-28 19:26:45,707 - INFO - 🎯 Current niche: sony
2026-08-28 19:26:56,889 - INFO - 🎯 Niche terms for filtering: sony, cheap, best, latest, review, price, sell, buy, recommendation, tips, tutorial, guide, how to, vs, versus, compared to, comparison, alternatives, which is better, expensive, discount, deals, sale, affordable, cost, online, offline, marketplace, store, shop, retailer, where to buy, worst, quality, original, genuine, fake, replica, authentic, brand, manufacturer, company, product, sony product, sell sony, buy sony, cheap sony, best sony, sony review, where to buy sony, how to choose sony, top sony, sony guide, sony for sale, sony deals
2026-08-28 19:26:56,889 - INFO - Generated 50 niche-clue pairs for 'sony'.
2026-08-28 19:26:56,892 - INFO - Expanded 50 seed keywords to 218 variations
2026-08-28 19:26:56,893 - INFO - 🔧 Request Handler initialized - Success rate: 100.0%
2026-08-28 19:31:19,928 - INFO - Original clue keywords: wireless charging, screen resolution
2026-08-28 19:31:19,928 - INFO - Niche-focused seeds: wireless charging sony, sony wireless charging, wireless charging cheap, cheap wireless charging, wireless charging best, best wireless charging, wireless charging latest, latest wireless charging, wireless charging review, review wireless charging, wireless charging price, price wireless charging, wireless charging sell, sell wireless charging, wireless charging buy, buy wireless charging, wireless charging recommendation, recommendation wireless charging, wireless charging tips, tips wireless charging, wireless charging tutorial, tutorial wireless charging, wireless charging guide, guide wireless charging, wireless charging how to, how to wireless charging, wireless charging vs, vs wireless charging, wireless charging versus, versus wireless charging, wireless charging compared to, compared to wireless charging, wireless charging comparison, comparison wireless charging, wireless charging alternatives, alternatives wireless charging, wireless charging which is better, which is better wireless charging, wireless charging expensive, expensive wireless charging, wireless charging discount, discount wireless charging, wireless charging deals, deals wireless charging, wireless charging sale, sale wireless charging, wireless charging affordable, affordable wireless charging, wireless charging cost, cost wireless charging, wireless charging online, online wireless charging, wireless charging offline, offline wireless charging, wireless charging marketplace, marketplace wireless charging, wireless charging store, store wireless charging, wireless charging shop, shop wireless charging, wireless charging retailer, retailer wireless charging, wireless charging where to buy, where to buy wireless charging, wireless charging worst, worst wireless charging, wireless charging quality, quality wireless charging, wireless charging original, original wireless charging, wireless charging genuine, genuine wireless charging, wireless charging fake, fake wireless charging, wireless charging replica, replica wireless charging, wireless charging authentic, authentic wireless charging, wireless charging brand, brand wireless charging, wireless charging manufacturer, manufacturer wireless charging, wireless charging company, company wireless charging, wireless charging product, product wireless charging, wireless charging sony product, sony product wireless charging, wireless charging sell sony, sell sony wireless charging, wireless charging buy sony, buy sony wireless charging, wireless charging cheap sony, cheap sony wireless charging, wireless charging best sony, best sony wireless charging, wireless charging sony review, sony review wireless charging, wireless charging where to buy sony, where to buy sony wireless charging, wireless charging how to choose sony, how to choose sony wireless charging, wireless charging top sony, top sony wireless charging, wireless charging sony guide, sony guide wireless charging, wireless charging sony for sale, sony for sale wireless charging, wireless charging sony deals, sony deals wireless charging, screen resolution sony, sony screen resolution, screen resolution cheap, cheap screen resolution, screen resolution best, best screen resolution, screen resolution latest, latest screen resolution, screen resolution review, review screen resolution, screen resolution price, price screen resolution, screen resolution sell, sell screen resolution, screen resolution buy, buy screen resolution, screen resolution recommendation, recommendation screen resolution, screen resolution tips, tips screen resolution, screen resolution tutorial, tutorial screen resolution, screen resolution guide, guide screen resolution, screen resolution how to, how to screen resolution, screen resolution vs, vs screen resolution, screen resolution versus, versus screen resolution, screen resolution compared to, compared to screen resolution, screen resolution comparison, comparison screen resolution, screen resolution alternatives, alternatives screen resolution, screen resolution which is better, which is better screen resolution, screen resolution expensive, expensive screen resolution, screen resolution discount, discount screen resolution, screen resolution deals, deals screen resolution, screen resolution sale, sale screen resolution, screen resolution affordable, affordable screen resolution, screen resolution cost, cost screen resolution, screen resolution online, online screen resolution, screen resolution offline, offline screen resolution, screen resolution marketplace, marketplace screen resolution, screen resolution store, store screen resolution, screen resolution shop, shop screen resolution, screen resolution retailer, retailer screen resolution, screen resolution where to buy, where to buy screen resolution, screen resolution worst, worst screen resolution, screen resolution quality, quality screen resolution, screen resolution original, original screen resolution, screen resolution genuine, genuine screen resolution, screen resolution fake, fake screen resolution, screen resolution replica, replica screen resolution, screen resolution authentic, authentic screen resolution, screen resolution brand, brand screen resolution, screen resolution manufacturer, manufacturer screen resolution, screen resolution company, company screen resolution, screen resolution product, product screen resolution, screen resolution sony product, sony product screen resolution, screen resolution sell sony, sell sony screen resolution, screen resolution buy sony, buy sony screen resolution, screen resolution cheap sony, cheap sony screen resolution, screen resolution best sony, best sony screen resolution, screen resolution sony review, sony review screen resolution, screen resolution where to buy sony, where to buy sony screen resolution, screen resolution how to choose sony, how to choose sony screen resolution, screen resolution top sony, top sony screen resolution, screen resolution sony guide, sony guide screen resolution, screen resolution sony for sale, sony for sale screen resolution, screen resolution sony deals, sony deals screen resolution
2026-08-28 19:31:19,931 - INFO - Expanded 220 seed keywords to 385 variations
2026-08-28 19:31:19,931 - INFO - Language: en
2026-08-28 19:31:19,931 - INFO - Region: us
2026-08-28 19:35:52,811 - INFO - 🎯 After all filtering for 'sony': 120 relevant keywords
2026-08-28 19:35:53,810 - INFO - 🎯 Found 5 new keywords for niche 'sony': sony affordable screen resolution, sony affordable wireless charging, cheap alternatives screen resolution, cheap alternatives wireless charging, best authentic screen resolution
2026-08-28 19:36:09,631 - INFO - ✅ Niche 'sony' process complete! 656 total keyword results.
2026-08-28 19:36:09,631 - INFO - ✅ Completed processing niche: 'sony'
2026-08-28 19:36:09,631 - INFO - 🔧 Request Handler final stats - Success rate: 100.0%
2026-08-28 19:36:09,631 - INFO -    Total requests: 182499, Blocks: 1
2026-08-28 19:36:09,632 - INFO - 
========================================
2026-08-28 19:36:09,632 - INFO - Process Summary:
2026-08-28 19:36:09,632 - INFO - - Current niche: 'sony'
2026-08-28 19:36:09,632 - INFO - - Next niche will be: 'asus'
2026-08-28 19:36:09,632 - INFO - - Keywords saved in: languages/english/keywords/sony/
2026-08-28 19:36:09,632 - INFO - ========================================
