2026-08-16 12:30:30,916 - INFO - Log file created at: /home/runner/work/potensitech.com/potensitech.com/languages/english/keywords/logs/kw_search_20260816_123030.log
2026-08-16 12:30:30,916 - INFO - ============================================================
2026-08-16 12:30:30,916 - INFO - AUTOMATIC KEYWORD RESEARCH TOOL
2026-08-16 12:30:30,916 - INFO - ============================================================
2026-08-16 12:30:31,177 - INFO - ========================================
2026-08-16 12:30:31,177 - INFO - Found 14 niches to process: xiaomi, iphone, samsung, apple, sony, asus, philips, sandisk, intel, nvidia, amd, canon, nikon, huawei
2026-08-16 12:30:31,177 - INFO - ========================================
2026-08-16 12:30:31,177 - INFO - Continuing from last processed niche: canon
2026-08-16 12:30:31,177 - INFO - ========================================
2026-08-16 12:30:31,177 - INFO - 🎯 PROCESSING NICHE 13/14: 'nikon'
2026-08-16 12:30:31,177 - INFO - ========================================
2026-08-16 12:30:31,177 - INFO - 📁 Niche directory: /home/runner/work/potensitech.com/potensitech.com/languages/english/keywords/nikon
2026-08-16 12:30:31,177 - INFO - Selected region: us
2026-08-16 12:30:31,177 - INFO - Selected language: en
2026-08-16 12:30:31,177 - INFO - 🎯 Current niche: nikon
2026-08-16 12:30:31,901 - INFO - 🎯 Niche terms for filtering: nikon, cheap, best, latest, review, price, sell, buy, recommendation, tips, tutorial, guide, how to, vs, versus, compared to, comparison, alternatives, which is better, expensive, discount, deals, sale, affordable, cost, online, offline, marketplace, store, shop, retailer, where to buy, worst, quality, original, genuine, fake, replica, authentic, brand, manufacturer, company, product, nikon product, sell nikon, buy nikon, cheap nikon, best nikon, nikon review, where to buy nikon, how to choose nikon, top nikon, nikon guide, nikon for sale, nikon deals
2026-08-16 12:30:31,901 - INFO - Generated 50 niche-clue pairs for 'nikon'.
2026-08-16 12:30:31,905 - INFO - Expanded 50 seed keywords to 218 variations
2026-08-16 12:30:31,911 - INFO - 🔧 Request Handler initialized - Success rate: 100.0%
2026-08-16 12:34:56,604 - INFO - Original clue keywords: external storage, high-performance
2026-08-16 12:34:56,604 - INFO - Niche-focused seeds: external storage nikon, nikon external storage, external storage cheap, cheap external storage, external storage best, best external storage, external storage latest, latest external storage, external storage review, review external storage, external storage price, price external storage, external storage sell, sell external storage, external storage buy, buy external storage, external storage recommendation, recommendation external storage, external storage tips, tips external storage, external storage tutorial, tutorial external storage, external storage guide, guide external storage, external storage how to, how to external storage, external storage vs, vs external storage, external storage versus, versus external storage, external storage compared to, compared to external storage, external storage comparison, comparison external storage, external storage alternatives, alternatives external storage, external storage which is better, which is better external storage, external storage expensive, expensive external storage, external storage discount, discount external storage, external storage deals, deals external storage, external storage sale, sale external storage, external storage affordable, affordable external storage, external storage cost, cost external storage, external storage online, online external storage, external storage offline, offline external storage, external storage marketplace, marketplace external storage, external storage store, store external storage, external storage shop, shop external storage, external storage retailer, retailer external storage, external storage where to buy, where to buy external storage, external storage worst, worst external storage, external storage quality, quality external storage, external storage original, original external storage, external storage genuine, genuine external storage, external storage fake, fake external storage, external storage replica, replica external storage, external storage authentic, authentic external storage, external storage brand, brand external storage, external storage manufacturer, manufacturer external storage, external storage company, company external storage, external storage product, product external storage, external storage nikon product, nikon product external storage, external storage sell nikon, sell nikon external storage, external storage buy nikon, buy nikon external storage, external storage cheap nikon, cheap nikon external storage, external storage best nikon, best nikon external storage, external storage nikon review, nikon review external storage, external storage where to buy nikon, where to buy nikon external storage, external storage how to choose nikon, how to choose nikon external storage, external storage top nikon, top nikon external storage, external storage nikon guide, nikon guide external storage, external storage nikon for sale, nikon for sale external storage, external storage nikon deals, nikon deals external storage, high-performance nikon, nikon high-performance, high-performance cheap, cheap high-performance, high-performance best, best high-performance, high-performance latest, latest high-performance, high-performance review, review high-performance, high-performance price, price high-performance, high-performance sell, sell high-performance, high-performance buy, buy high-performance, high-performance recommendation, recommendation high-performance, high-performance tips, tips high-performance, high-performance tutorial, tutorial high-performance, high-performance guide, guide high-performance, high-performance how to, how to high-performance, high-performance vs, vs high-performance, high-performance versus, versus high-performance, high-performance compared to, compared to high-performance, high-performance comparison, comparison high-performance, high-performance alternatives, alternatives high-performance, high-performance which is better, which is better high-performance, high-performance expensive, expensive high-performance, high-performance discount, discount high-performance, high-performance deals, deals high-performance, high-performance sale, sale high-performance, high-performance affordable, affordable high-performance, high-performance cost, cost high-performance, high-performance online, online high-performance, high-performance offline, offline high-performance, high-performance marketplace, marketplace high-performance, high-performance store, store high-performance, high-performance shop, shop high-performance, high-performance retailer, retailer high-performance, high-performance where to buy, where to buy high-performance, high-performance worst, worst high-performance, high-performance quality, quality high-performance, high-performance original, original high-performance, high-performance genuine, genuine high-performance, high-performance fake, fake high-performance, high-performance replica, replica high-performance, high-performance authentic, authentic high-performance, high-performance brand, brand high-performance, high-performance manufacturer, manufacturer high-performance, high-performance company, company high-performance, high-performance product, product high-performance, high-performance nikon product, nikon product high-performance, high-performance sell nikon, sell nikon high-performance, high-performance buy nikon, buy nikon high-performance, high-performance cheap nikon, cheap nikon high-performance, high-performance best nikon, best nikon high-performance, high-performance nikon review, nikon review high-performance, high-performance where to buy nikon, where to buy nikon high-performance, high-performance how to choose nikon, how to choose nikon high-performance, high-performance top nikon, top nikon high-performance, high-performance nikon guide, nikon guide high-performance, high-performance nikon for sale, nikon for sale high-performance, high-performance nikon deals, nikon deals high-performance
2026-08-16 12:34:56,608 - INFO - Expanded 220 seed keywords to 385 variations
2026-08-16 12:34:56,608 - INFO - Language: en
2026-08-16 12:34:56,608 - INFO - Region: us
2026-08-16 12:39:29,706 - INFO - 🎯 After all filtering for 'nikon': 120 relevant keywords
2026-08-16 12:39:29,966 - INFO - 🎯 Found 5 new keywords for niche 'nikon': nikon affordable high-performance, cheap affordable high-performance, best affordable high-performance, how to affordable high-performance, nikon alternatives high-performance
2026-08-16 12:39:30,438 - INFO - ✅ Niche 'nikon' process complete! 665 total keyword results.
2026-08-16 12:39:30,438 - INFO - ✅ Completed processing niche: 'nikon'
2026-08-16 12:39:30,438 - INFO - 🔧 Request Handler final stats - Success rate: 100.0%
2026-08-16 12:39:30,438 - INFO -    Total requests: 173042, Blocks: 1
2026-08-16 12:39:30,439 - INFO - 
========================================
2026-08-16 12:39:30,439 - INFO - Process Summary:
2026-08-16 12:39:30,439 - INFO - - Current niche: 'nikon'
2026-08-16 12:39:30,439 - INFO - - Next niche will be: 'huawei'
2026-08-16 12:39:30,439 - INFO - - Keywords saved in: languages/english/keywords/nikon/
2026-08-16 12:39:30,440 - INFO - ========================================
