2026-09-18 13:46:18,154 - INFO - Log file created at: /home/runner/work/potensitech.com/potensitech.com/languages/english/keywords/logs/kw_search_20260918_134618.log
2026-09-18 13:46:18,154 - INFO - ============================================================
2026-09-18 13:46:18,154 - INFO - AUTOMATIC KEYWORD RESEARCH TOOL
2026-09-18 13:46:18,154 - INFO - ============================================================
2026-09-18 13:46:18,458 - INFO - ========================================
2026-09-18 13:46:18,459 - INFO - Found 14 niches to process: xiaomi, iphone, samsung, apple, sony, asus, philips, sandisk, intel, nvidia, amd, canon, nikon, huawei
2026-09-18 13:46:18,459 - INFO - ========================================
2026-09-18 13:46:18,459 - INFO - Continuing from last processed niche: apple
2026-09-18 13:46:18,459 - INFO - ========================================
2026-09-18 13:46:18,459 - INFO - 🎯 PROCESSING NICHE 5/14: 'sony'
2026-09-18 13:46:18,459 - INFO - ========================================
2026-09-18 13:46:18,459 - INFO - 📁 Niche directory: /home/runner/work/potensitech.com/potensitech.com/languages/english/keywords/sony
2026-09-18 13:46:18,459 - INFO - Selected region: us
2026-09-18 13:46:18,459 - INFO - Selected language: en
2026-09-18 13:46:18,459 - INFO - 🎯 Current niche: sony
2026-09-18 13:46:29,217 - INFO - 🎯 Niche terms for filtering: sony, cheap, best, latest, review, price, sell, buy, recommendation, tips, tutorial, guide, how to, vs, versus, compared to, comparison, alternatives, which is better, expensive, discount, deals, sale, affordable, cost, online, offline, marketplace, store, shop, retailer, where to buy, worst, quality, original, genuine, fake, replica, authentic, brand, manufacturer, company, product, sony product, sell sony, buy sony, cheap sony, best sony, sony review, where to buy sony, how to choose sony, top sony, sony guide, sony for sale, sony deals
2026-09-18 13:46:29,217 - INFO - Generated 50 niche-clue pairs for 'sony'.
2026-09-18 13:46:29,220 - INFO - Expanded 50 seed keywords to 218 variations
2026-09-18 13:46:29,220 - INFO - 🔧 Request Handler initialized - Success rate: 100.0%
2026-09-18 13:50:56,967 - INFO - Original clue keywords: graphics performance, autofocus system
2026-09-18 13:50:56,967 - INFO - Niche-focused seeds: graphics performance sony, sony graphics performance, graphics performance cheap, cheap graphics performance, graphics performance best, best graphics performance, graphics performance latest, latest graphics performance, graphics performance review, review graphics performance, graphics performance price, price graphics performance, graphics performance sell, sell graphics performance, graphics performance buy, buy graphics performance, graphics performance recommendation, recommendation graphics performance, graphics performance tips, tips graphics performance, graphics performance tutorial, tutorial graphics performance, graphics performance guide, guide graphics performance, graphics performance how to, how to graphics performance, graphics performance vs, vs graphics performance, graphics performance versus, versus graphics performance, graphics performance compared to, compared to graphics performance, graphics performance comparison, comparison graphics performance, graphics performance alternatives, alternatives graphics performance, graphics performance which is better, which is better graphics performance, graphics performance expensive, expensive graphics performance, graphics performance discount, discount graphics performance, graphics performance deals, deals graphics performance, graphics performance sale, sale graphics performance, graphics performance affordable, affordable graphics performance, graphics performance cost, cost graphics performance, graphics performance online, online graphics performance, graphics performance offline, offline graphics performance, graphics performance marketplace, marketplace graphics performance, graphics performance store, store graphics performance, graphics performance shop, shop graphics performance, graphics performance retailer, retailer graphics performance, graphics performance where to buy, where to buy graphics performance, graphics performance worst, worst graphics performance, graphics performance quality, quality graphics performance, graphics performance original, original graphics performance, graphics performance genuine, genuine graphics performance, graphics performance fake, fake graphics performance, graphics performance replica, replica graphics performance, graphics performance authentic, authentic graphics performance, graphics performance brand, brand graphics performance, graphics performance manufacturer, manufacturer graphics performance, graphics performance company, company graphics performance, graphics performance product, product graphics performance, graphics performance sony product, sony product graphics performance, graphics performance sell sony, sell sony graphics performance, graphics performance buy sony, buy sony graphics performance, graphics performance cheap sony, cheap sony graphics performance, graphics performance best sony, best sony graphics performance, graphics performance sony review, sony review graphics performance, graphics performance where to buy sony, where to buy sony graphics performance, graphics performance how to choose sony, how to choose sony graphics performance, graphics performance top sony, top sony graphics performance, graphics performance sony guide, sony guide graphics performance, graphics performance sony for sale, sony for sale graphics performance, graphics performance sony deals, sony deals graphics performance, autofocus system sony, sony autofocus system, autofocus system cheap, cheap autofocus system, autofocus system best, best autofocus system, autofocus system latest, latest autofocus system, autofocus system review, review autofocus system, autofocus system price, price autofocus system, autofocus system sell, sell autofocus system, autofocus system buy, buy autofocus system, autofocus system recommendation, recommendation autofocus system, autofocus system tips, tips autofocus system, autofocus system tutorial, tutorial autofocus system, autofocus system guide, guide autofocus system, autofocus system how to, how to autofocus system, autofocus system vs, vs autofocus system, autofocus system versus, versus autofocus system, autofocus system compared to, compared to autofocus system, autofocus system comparison, comparison autofocus system, autofocus system alternatives, alternatives autofocus system, autofocus system which is better, which is better autofocus system, autofocus system expensive, expensive autofocus system, autofocus system discount, discount autofocus system, autofocus system deals, deals autofocus system, autofocus system sale, sale autofocus system, autofocus system affordable, affordable autofocus system, autofocus system cost, cost autofocus system, autofocus system online, online autofocus system, autofocus system offline, offline autofocus system, autofocus system marketplace, marketplace autofocus system, autofocus system store, store autofocus system, autofocus system shop, shop autofocus system, autofocus system retailer, retailer autofocus system, autofocus system where to buy, where to buy autofocus system, autofocus system worst, worst autofocus system, autofocus system quality, quality autofocus system, autofocus system original, original autofocus system, autofocus system genuine, genuine autofocus system, autofocus system fake, fake autofocus system, autofocus system replica, replica autofocus system, autofocus system authentic, authentic autofocus system, autofocus system brand, brand autofocus system, autofocus system manufacturer, manufacturer autofocus system, autofocus system company, company autofocus system, autofocus system product, product autofocus system, autofocus system sony product, sony product autofocus system, autofocus system sell sony, sell sony autofocus system, autofocus system buy sony, buy sony autofocus system, autofocus system cheap sony, cheap sony autofocus system, autofocus system best sony, best sony autofocus system, autofocus system sony review, sony review autofocus system, autofocus system where to buy sony, where to buy sony autofocus system, autofocus system how to choose sony, how to choose sony autofocus system, autofocus system top sony, top sony autofocus system, autofocus system sony guide, sony guide autofocus system, autofocus system sony for sale, sony for sale autofocus system, autofocus system sony deals, sony deals autofocus system
2026-09-18 13:50:56,969 - INFO - Expanded 220 seed keywords to 385 variations
2026-09-18 13:50:56,969 - INFO - Language: en
2026-09-18 13:50:56,969 - INFO - Region: us
2026-09-18 13:54:33,814 - INFO - 🎯 After all filtering for 'sony': 120 relevant keywords
2026-09-18 13:54:34,547 - INFO - 🎯 Found 5 new keywords for niche 'sony': sony affordable autofocus system, sony affordable graphics performance, cheap alternatives autofocus system, cheap alternatives graphics performance, best authentic autofocus system
2026-09-18 13:54:50,926 - INFO - ✅ Niche 'sony' process complete! 684 total keyword results.
2026-09-18 13:54:50,926 - INFO - ✅ Completed processing niche: 'sony'
2026-09-18 13:54:50,926 - INFO - 🔧 Request Handler final stats - Success rate: 100.0%
2026-09-18 13:54:50,926 - INFO -    Total requests: 200137, Blocks: 1
2026-09-18 13:54:50,927 - INFO - 
========================================
2026-09-18 13:54:50,927 - INFO - Process Summary:
2026-09-18 13:54:50,927 - INFO - - Current niche: 'sony'
2026-09-18 13:54:50,927 - INFO - - Next niche will be: 'asus'
2026-09-18 13:54:50,927 - INFO - - Keywords saved in: languages/english/keywords/sony/
2026-09-18 13:54:50,927 - INFO - ========================================
