2026-08-08 07:59:34,563 - INFO - Log file created at: /home/runner/work/potensitech.com/potensitech.com/languages/english/keywords/logs/kw_search_20260808_075934.log
2026-08-08 07:59:34,563 - INFO - ============================================================
2026-08-08 07:59:34,563 - INFO - AUTOMATIC KEYWORD RESEARCH TOOL
2026-08-08 07:59:34,563 - INFO - ============================================================
2026-08-08 07:59:34,835 - INFO - ========================================
2026-08-08 07:59:34,836 - INFO - Found 14 niches to process: xiaomi, iphone, samsung, apple, sony, asus, philips, sandisk, intel, nvidia, amd, canon, nikon, huawei
2026-08-08 07:59:34,836 - INFO - ========================================
2026-08-08 07:59:34,836 - INFO - All niches completed, starting over
2026-08-08 07:59:34,836 - INFO - ========================================
2026-08-08 07:59:34,836 - INFO - 🎯 PROCESSING NICHE 1/14: 'xiaomi'
2026-08-08 07:59:34,836 - INFO - ========================================
2026-08-08 07:59:34,836 - INFO - 📁 Niche directory: /home/runner/work/potensitech.com/potensitech.com/languages/english/keywords/xiaomi
2026-08-08 07:59:34,836 - INFO - Selected region: us
2026-08-08 07:59:34,836 - INFO - Selected language: en
2026-08-08 07:59:34,836 - INFO - 🎯 Current niche: xiaomi
2026-08-08 07:59:35,559 - INFO - 🎯 Niche terms for filtering: xiaomi, cheap, best, latest, review, price, sell, buy, recommendation, tips, tutorial, guide, how to, vs, versus, compared to, comparison, alternatives, which is better, expensive, discount, deals, sale, affordable, cost, online, offline, marketplace, store, shop, retailer, where to buy, worst, quality, original, genuine, fake, replica, authentic, brand, manufacturer, company, product, xiaomi product, sell xiaomi, buy xiaomi, cheap xiaomi, best xiaomi, xiaomi review, where to buy xiaomi, how to choose xiaomi, top xiaomi, xiaomi guide, xiaomi for sale, xiaomi deals
2026-08-08 07:59:35,560 - INFO - Generated 50 niche-clue pairs for 'xiaomi'.
2026-08-08 07:59:35,563 - INFO - Expanded 50 seed keywords to 218 variations
2026-08-08 07:59:35,563 - INFO - 🔧 Request Handler initialized - Success rate: 100.0%
2026-08-08 08:03:57,773 - INFO - Original clue keywords: mirrorless photography, chip performance
2026-08-08 08:03:57,773 - INFO - Niche-focused seeds: mirrorless photography xiaomi, xiaomi mirrorless photography, mirrorless photography cheap, cheap mirrorless photography, mirrorless photography best, best mirrorless photography, mirrorless photography latest, latest mirrorless photography, mirrorless photography review, review mirrorless photography, mirrorless photography price, price mirrorless photography, mirrorless photography sell, sell mirrorless photography, mirrorless photography buy, buy mirrorless photography, mirrorless photography recommendation, recommendation mirrorless photography, mirrorless photography tips, tips mirrorless photography, mirrorless photography tutorial, tutorial mirrorless photography, mirrorless photography guide, guide mirrorless photography, mirrorless photography how to, how to mirrorless photography, mirrorless photography vs, vs mirrorless photography, mirrorless photography versus, versus mirrorless photography, mirrorless photography compared to, compared to mirrorless photography, mirrorless photography comparison, comparison mirrorless photography, mirrorless photography alternatives, alternatives mirrorless photography, mirrorless photography which is better, which is better mirrorless photography, mirrorless photography expensive, expensive mirrorless photography, mirrorless photography discount, discount mirrorless photography, mirrorless photography deals, deals mirrorless photography, mirrorless photography sale, sale mirrorless photography, mirrorless photography affordable, affordable mirrorless photography, mirrorless photography cost, cost mirrorless photography, mirrorless photography online, online mirrorless photography, mirrorless photography offline, offline mirrorless photography, mirrorless photography marketplace, marketplace mirrorless photography, mirrorless photography store, store mirrorless photography, mirrorless photography shop, shop mirrorless photography, mirrorless photography retailer, retailer mirrorless photography, mirrorless photography where to buy, where to buy mirrorless photography, mirrorless photography worst, worst mirrorless photography, mirrorless photography quality, quality mirrorless photography, mirrorless photography original, original mirrorless photography, mirrorless photography genuine, genuine mirrorless photography, mirrorless photography fake, fake mirrorless photography, mirrorless photography replica, replica mirrorless photography, mirrorless photography authentic, authentic mirrorless photography, mirrorless photography brand, brand mirrorless photography, mirrorless photography manufacturer, manufacturer mirrorless photography, mirrorless photography company, company mirrorless photography, mirrorless photography product, product mirrorless photography, mirrorless photography xiaomi product, xiaomi product mirrorless photography, mirrorless photography sell xiaomi, sell xiaomi mirrorless photography, mirrorless photography buy xiaomi, buy xiaomi mirrorless photography, mirrorless photography cheap xiaomi, cheap xiaomi mirrorless photography, mirrorless photography best xiaomi, best xiaomi mirrorless photography, mirrorless photography xiaomi review, xiaomi review mirrorless photography, mirrorless photography where to buy xiaomi, where to buy xiaomi mirrorless photography, mirrorless photography how to choose xiaomi, how to choose xiaomi mirrorless photography, mirrorless photography top xiaomi, top xiaomi mirrorless photography, mirrorless photography xiaomi guide, xiaomi guide mirrorless photography, mirrorless photography xiaomi for sale, xiaomi for sale mirrorless photography, mirrorless photography xiaomi deals, xiaomi deals mirrorless photography, chip performance xiaomi, xiaomi chip performance, chip performance cheap, cheap chip performance, chip performance best, best chip performance, chip performance latest, latest chip performance, chip performance review, review chip performance, chip performance price, price chip performance, chip performance sell, sell chip performance, chip performance buy, buy chip performance, chip performance recommendation, recommendation chip performance, chip performance tips, tips chip performance, chip performance tutorial, tutorial chip performance, chip performance guide, guide chip performance, chip performance how to, how to chip performance, chip performance vs, vs chip performance, chip performance versus, versus chip performance, chip performance compared to, compared to chip performance, chip performance comparison, comparison chip performance, chip performance alternatives, alternatives chip performance, chip performance which is better, which is better chip performance, chip performance expensive, expensive chip performance, chip performance discount, discount chip performance, chip performance deals, deals chip performance, chip performance sale, sale chip performance, chip performance affordable, affordable chip performance, chip performance cost, cost chip performance, chip performance online, online chip performance, chip performance offline, offline chip performance, chip performance marketplace, marketplace chip performance, chip performance store, store chip performance, chip performance shop, shop chip performance, chip performance retailer, retailer chip performance, chip performance where to buy, where to buy chip performance, chip performance worst, worst chip performance, chip performance quality, quality chip performance, chip performance original, original chip performance, chip performance genuine, genuine chip performance, chip performance fake, fake chip performance, chip performance replica, replica chip performance, chip performance authentic, authentic chip performance, chip performance brand, brand chip performance, chip performance manufacturer, manufacturer chip performance, chip performance company, company chip performance, chip performance product, product chip performance, chip performance xiaomi product, xiaomi product chip performance, chip performance sell xiaomi, sell xiaomi chip performance, chip performance buy xiaomi, buy xiaomi chip performance, chip performance cheap xiaomi, cheap xiaomi chip performance, chip performance best xiaomi, best xiaomi chip performance, chip performance xiaomi review, xiaomi review chip performance, chip performance where to buy xiaomi, where to buy xiaomi chip performance, chip performance how to choose xiaomi, how to choose xiaomi chip performance, chip performance top xiaomi, top xiaomi chip performance, chip performance xiaomi guide, xiaomi guide chip performance, chip performance xiaomi for sale, xiaomi for sale chip performance, chip performance xiaomi deals, xiaomi deals chip performance
2026-08-08 08:03:57,776 - INFO - Expanded 220 seed keywords to 385 variations
2026-08-08 08:03:57,777 - INFO - Language: en
2026-08-08 08:03:57,777 - INFO - Region: us
2026-08-08 08:06:25,783 - INFO - 🎯 After all filtering for 'xiaomi': 120 relevant keywords
2026-08-08 08:06:27,258 - INFO - 🎯 Found 5 new keywords for niche 'xiaomi': xiaomi affordable chip performance, xiaomi affordable mirrorless photography, cheap alternatives chip performance, best authentic chip performance, how to brand chip performance
2026-08-08 08:06:27,705 - INFO - ✅ Niche 'xiaomi' process complete! 632 total keyword results.
2026-08-08 08:06:27,705 - INFO - ✅ Completed processing niche: 'xiaomi'
2026-08-08 08:06:27,705 - INFO - 🔧 Request Handler final stats - Success rate: 100.0%
2026-08-08 08:06:27,705 - INFO -    Total requests: 166950, Blocks: 1
2026-08-08 08:06:27,706 - INFO - 
========================================
2026-08-08 08:06:27,706 - INFO - Process Summary:
2026-08-08 08:06:27,707 - INFO - - Current niche: 'xiaomi'
2026-08-08 08:06:27,707 - INFO - - Next niche will be: 'iphone'
2026-08-08 08:06:27,707 - INFO - - Keywords saved in: languages/english/keywords/xiaomi/
2026-08-08 08:06:27,707 - INFO - ========================================
