2026-09-09 07:28:28,855 - INFO - Log file created at: /home/runner/work/potensitech.com/potensitech.com/languages/english/keywords/logs/kw_search_20260909_072828.log
2026-09-09 07:28:28,855 - INFO - ============================================================
2026-09-09 07:28:28,855 - INFO - AUTOMATIC KEYWORD RESEARCH TOOL
2026-09-09 07:28:28,855 - INFO - ============================================================
2026-09-09 07:28:29,178 - INFO - ========================================
2026-09-09 07:28:29,178 - INFO - Found 14 niches to process: xiaomi, iphone, samsung, apple, sony, asus, philips, sandisk, intel, nvidia, amd, canon, nikon, huawei
2026-09-09 07:28:29,178 - INFO - ========================================
2026-09-09 07:28:29,178 - INFO - Continuing from last processed niche: intel
2026-09-09 07:28:29,178 - INFO - ========================================
2026-09-09 07:28:29,178 - INFO - 🎯 PROCESSING NICHE 10/14: 'nvidia'
2026-09-09 07:28:29,178 - INFO - ========================================
2026-09-09 07:28:29,178 - INFO - 📁 Niche directory: /home/runner/work/potensitech.com/potensitech.com/languages/english/keywords/nvidia
2026-09-09 07:28:29,178 - INFO - Selected region: us
2026-09-09 07:28:29,178 - INFO - Selected language: en
2026-09-09 07:28:29,179 - INFO - 🎯 Current niche: nvidia
2026-09-09 07:28:40,485 - INFO - 🎯 Niche terms for filtering: nvidia, cheap, best, latest, review, price, sell, buy, recommendation, tips, tutorial, guide, how to, vs, versus, compared to, comparison, alternatives, which is better, expensive, discount, deals, sale, affordable, cost, online, offline, marketplace, store, shop, retailer, where to buy, worst, quality, original, genuine, fake, replica, authentic, brand, manufacturer, company, product, nvidia product, sell nvidia, buy nvidia, cheap nvidia, best nvidia, nvidia review, where to buy nvidia, how to choose nvidia, top nvidia, nvidia guide, nvidia for sale, nvidia deals
2026-09-09 07:28:40,486 - INFO - Generated 50 niche-clue pairs for 'nvidia'.
2026-09-09 07:28:40,489 - INFO - Expanded 50 seed keywords to 218 variations
2026-09-09 07:28:40,490 - INFO - 🔧 Request Handler initialized - Success rate: 100.0%
2026-09-09 07:33:07,133 - INFO - Original clue keywords: cpu benchmark, smartphone performance
2026-09-09 07:33:07,133 - INFO - Niche-focused seeds: cpu benchmark nvidia, nvidia cpu benchmark, cpu benchmark cheap, cheap cpu benchmark, cpu benchmark best, best cpu benchmark, cpu benchmark latest, latest cpu benchmark, cpu benchmark review, review cpu benchmark, cpu benchmark price, price cpu benchmark, cpu benchmark sell, sell cpu benchmark, cpu benchmark buy, buy cpu benchmark, cpu benchmark recommendation, recommendation cpu benchmark, cpu benchmark tips, tips cpu benchmark, cpu benchmark tutorial, tutorial cpu benchmark, cpu benchmark guide, guide cpu benchmark, cpu benchmark how to, how to cpu benchmark, cpu benchmark vs, vs cpu benchmark, cpu benchmark versus, versus cpu benchmark, cpu benchmark compared to, compared to cpu benchmark, cpu benchmark comparison, comparison cpu benchmark, cpu benchmark alternatives, alternatives cpu benchmark, cpu benchmark which is better, which is better cpu benchmark, cpu benchmark expensive, expensive cpu benchmark, cpu benchmark discount, discount cpu benchmark, cpu benchmark deals, deals cpu benchmark, cpu benchmark sale, sale cpu benchmark, cpu benchmark affordable, affordable cpu benchmark, cpu benchmark cost, cost cpu benchmark, cpu benchmark online, online cpu benchmark, cpu benchmark offline, offline cpu benchmark, cpu benchmark marketplace, marketplace cpu benchmark, cpu benchmark store, store cpu benchmark, cpu benchmark shop, shop cpu benchmark, cpu benchmark retailer, retailer cpu benchmark, cpu benchmark where to buy, where to buy cpu benchmark, cpu benchmark worst, worst cpu benchmark, cpu benchmark quality, quality cpu benchmark, cpu benchmark original, original cpu benchmark, cpu benchmark genuine, genuine cpu benchmark, cpu benchmark fake, fake cpu benchmark, cpu benchmark replica, replica cpu benchmark, cpu benchmark authentic, authentic cpu benchmark, cpu benchmark brand, brand cpu benchmark, cpu benchmark manufacturer, manufacturer cpu benchmark, cpu benchmark company, company cpu benchmark, cpu benchmark product, product cpu benchmark, cpu benchmark nvidia product, nvidia product cpu benchmark, cpu benchmark sell nvidia, sell nvidia cpu benchmark, cpu benchmark buy nvidia, buy nvidia cpu benchmark, cpu benchmark cheap nvidia, cheap nvidia cpu benchmark, cpu benchmark best nvidia, best nvidia cpu benchmark, cpu benchmark nvidia review, nvidia review cpu benchmark, cpu benchmark where to buy nvidia, where to buy nvidia cpu benchmark, cpu benchmark how to choose nvidia, how to choose nvidia cpu benchmark, cpu benchmark top nvidia, top nvidia cpu benchmark, cpu benchmark nvidia guide, nvidia guide cpu benchmark, cpu benchmark nvidia for sale, nvidia for sale cpu benchmark, cpu benchmark nvidia deals, nvidia deals cpu benchmark, smartphone performance nvidia, nvidia smartphone performance, smartphone performance cheap, cheap smartphone performance, smartphone performance best, best smartphone performance, smartphone performance latest, latest smartphone performance, smartphone performance review, review smartphone performance, smartphone performance price, price smartphone performance, smartphone performance sell, sell smartphone performance, smartphone performance buy, buy smartphone performance, smartphone performance recommendation, recommendation smartphone performance, smartphone performance tips, tips smartphone performance, smartphone performance tutorial, tutorial smartphone performance, smartphone performance guide, guide smartphone performance, smartphone performance how to, how to smartphone performance, smartphone performance vs, vs smartphone performance, smartphone performance versus, versus smartphone performance, smartphone performance compared to, compared to smartphone performance, smartphone performance comparison, comparison smartphone performance, smartphone performance alternatives, alternatives smartphone performance, smartphone performance which is better, which is better smartphone performance, smartphone performance expensive, expensive smartphone performance, smartphone performance discount, discount smartphone performance, smartphone performance deals, deals smartphone performance, smartphone performance sale, sale smartphone performance, smartphone performance affordable, affordable smartphone performance, smartphone performance cost, cost smartphone performance, smartphone performance online, online smartphone performance, smartphone performance offline, offline smartphone performance, smartphone performance marketplace, marketplace smartphone performance, smartphone performance store, store smartphone performance, smartphone performance shop, shop smartphone performance, smartphone performance retailer, retailer smartphone performance, smartphone performance where to buy, where to buy smartphone performance, smartphone performance worst, worst smartphone performance, smartphone performance quality, quality smartphone performance, smartphone performance original, original smartphone performance, smartphone performance genuine, genuine smartphone performance, smartphone performance fake, fake smartphone performance, smartphone performance replica, replica smartphone performance, smartphone performance authentic, authentic smartphone performance, smartphone performance brand, brand smartphone performance, smartphone performance manufacturer, manufacturer smartphone performance, smartphone performance company, company smartphone performance, smartphone performance product, product smartphone performance, smartphone performance nvidia product, nvidia product smartphone performance, smartphone performance sell nvidia, sell nvidia smartphone performance, smartphone performance buy nvidia, buy nvidia smartphone performance, smartphone performance cheap nvidia, cheap nvidia smartphone performance, smartphone performance best nvidia, best nvidia smartphone performance, smartphone performance nvidia review, nvidia review smartphone performance, smartphone performance where to buy nvidia, where to buy nvidia smartphone performance, smartphone performance how to choose nvidia, how to choose nvidia smartphone performance, smartphone performance top nvidia, top nvidia smartphone performance, smartphone performance nvidia guide, nvidia guide smartphone performance, smartphone performance nvidia for sale, nvidia for sale smartphone performance, smartphone performance nvidia deals, nvidia deals smartphone performance
2026-09-09 07:33:07,136 - INFO - Expanded 220 seed keywords to 385 variations
2026-09-09 07:33:07,136 - INFO - Language: en
2026-09-09 07:33:07,136 - INFO - Region: us
2026-09-09 07:37:42,380 - INFO - 🎯 After all filtering for 'nvidia': 120 relevant keywords
2026-09-09 07:37:44,063 - INFO - 🎯 Found 5 new keywords for niche 'nvidia': nvidia affordable cpu benchmark, nvidia affordable smartphone performance, cheap alternatives cpu benchmark, cheap alternatives smartphone performance, best authentic cpu benchmark
2026-09-09 07:38:00,534 - INFO - ✅ Niche 'nvidia' process complete! 877 total keyword results.
2026-09-09 07:38:00,534 - INFO - ✅ Completed processing niche: 'nvidia'
2026-09-09 07:38:00,534 - INFO - 🔧 Request Handler final stats - Success rate: 100.0%
2026-09-09 07:38:00,534 - INFO -    Total requests: 191880, Blocks: 1
2026-09-09 07:38:00,535 - INFO - 
========================================
2026-09-09 07:38:00,535 - INFO - Process Summary:
2026-09-09 07:38:00,535 - INFO - - Current niche: 'nvidia'
2026-09-09 07:38:00,535 - INFO - - Next niche will be: 'amd'
2026-09-09 07:38:00,535 - INFO - - Keywords saved in: languages/english/keywords/nvidia/
2026-09-09 07:38:00,536 - INFO - ========================================
