2026-08-29 17:45:16,725 - INFO - Log file created at: /home/runner/work/potensitech.com/potensitech.com/languages/english/keywords/logs/kw_search_20260829_174516.log
2026-08-29 17:45:16,725 - INFO - ============================================================
2026-08-29 17:45:16,725 - INFO - AUTOMATIC KEYWORD RESEARCH TOOL
2026-08-29 17:45:16,725 - INFO - ============================================================
2026-08-29 17:45:17,020 - INFO - ========================================
2026-08-29 17:45:17,020 - INFO - Found 14 niches to process: xiaomi, iphone, samsung, apple, sony, asus, philips, sandisk, intel, nvidia, amd, canon, nikon, huawei
2026-08-29 17:45:17,020 - INFO - ========================================
2026-08-29 17:45:17,020 - INFO - Continuing from last processed niche: samsung
2026-08-29 17:45:17,020 - INFO - ========================================
2026-08-29 17:45:17,020 - INFO - 🎯 PROCESSING NICHE 4/14: 'apple'
2026-08-29 17:45:17,020 - INFO - ========================================
2026-08-29 17:45:17,020 - INFO - 📁 Niche directory: /home/runner/work/potensitech.com/potensitech.com/languages/english/keywords/apple
2026-08-29 17:45:17,020 - INFO - Selected region: us
2026-08-29 17:45:17,020 - INFO - Selected language: en
2026-08-29 17:45:17,020 - INFO - 🎯 Current niche: apple
2026-08-29 17:45:28,236 - INFO - 🎯 Niche terms for filtering: apple, cheap, best, latest, review, price, sell, buy, recommendation, tips, tutorial, guide, how to, vs, versus, compared to, comparison, alternatives, which is better, expensive, discount, deals, sale, affordable, cost, online, offline, marketplace, store, shop, retailer, where to buy, worst, quality, original, genuine, fake, replica, authentic, brand, manufacturer, company, product, apple product, sell apple, buy apple, cheap apple, best apple, apple review, where to buy apple, how to choose apple, top apple, apple guide, apple for sale, apple deals
2026-08-29 17:45:28,237 - INFO - Generated 50 niche-clue pairs for 'apple'.
2026-08-29 17:45:28,240 - INFO - Expanded 50 seed keywords to 218 variations
2026-08-29 17:45:28,241 - INFO - 🔧 Request Handler initialized - Success rate: 100.0%
2026-08-29 17:49:52,449 - INFO - Original clue keywords: ai rendering, smart-lighting
2026-08-29 17:49:52,449 - INFO - Niche-focused seeds: ai rendering apple, apple ai rendering, ai rendering cheap, cheap ai rendering, ai rendering best, best ai rendering, ai rendering latest, latest ai rendering, ai rendering review, review ai rendering, ai rendering price, price ai rendering, ai rendering sell, sell ai rendering, ai rendering buy, buy ai rendering, ai rendering recommendation, recommendation ai rendering, ai rendering tips, tips ai rendering, ai rendering tutorial, tutorial ai rendering, ai rendering guide, guide ai rendering, ai rendering how to, how to ai rendering, ai rendering vs, vs ai rendering, ai rendering versus, versus ai rendering, ai rendering compared to, compared to ai rendering, ai rendering comparison, comparison ai rendering, ai rendering alternatives, alternatives ai rendering, ai rendering which is better, which is better ai rendering, ai rendering expensive, expensive ai rendering, ai rendering discount, discount ai rendering, ai rendering deals, deals ai rendering, ai rendering sale, sale ai rendering, ai rendering affordable, affordable ai rendering, ai rendering cost, cost ai rendering, ai rendering online, online ai rendering, ai rendering offline, offline ai rendering, ai rendering marketplace, marketplace ai rendering, ai rendering store, store ai rendering, ai rendering shop, shop ai rendering, ai rendering retailer, retailer ai rendering, ai rendering where to buy, where to buy ai rendering, ai rendering worst, worst ai rendering, ai rendering quality, quality ai rendering, ai rendering original, original ai rendering, ai rendering genuine, genuine ai rendering, ai rendering fake, fake ai rendering, ai rendering replica, replica ai rendering, ai rendering authentic, authentic ai rendering, ai rendering brand, brand ai rendering, ai rendering manufacturer, manufacturer ai rendering, ai rendering company, company ai rendering, ai rendering product, product ai rendering, ai rendering apple product, apple product ai rendering, ai rendering sell apple, sell apple ai rendering, ai rendering buy apple, buy apple ai rendering, ai rendering cheap apple, cheap apple ai rendering, ai rendering best apple, best apple ai rendering, ai rendering apple review, apple review ai rendering, ai rendering where to buy apple, where to buy apple ai rendering, ai rendering how to choose apple, how to choose apple ai rendering, ai rendering top apple, top apple ai rendering, ai rendering apple guide, apple guide ai rendering, ai rendering apple for sale, apple for sale ai rendering, ai rendering apple deals, apple deals ai rendering, smart-lighting apple, apple smart-lighting, smart-lighting cheap, cheap smart-lighting, smart-lighting best, best smart-lighting, smart-lighting latest, latest smart-lighting, smart-lighting review, review smart-lighting, smart-lighting price, price smart-lighting, smart-lighting sell, sell smart-lighting, smart-lighting buy, buy smart-lighting, smart-lighting recommendation, recommendation smart-lighting, smart-lighting tips, tips smart-lighting, smart-lighting tutorial, tutorial smart-lighting, smart-lighting guide, guide smart-lighting, smart-lighting how to, how to smart-lighting, smart-lighting vs, vs smart-lighting, smart-lighting versus, versus smart-lighting, smart-lighting compared to, compared to smart-lighting, smart-lighting comparison, comparison smart-lighting, smart-lighting alternatives, alternatives smart-lighting, smart-lighting which is better, which is better smart-lighting, smart-lighting expensive, expensive smart-lighting, smart-lighting discount, discount smart-lighting, smart-lighting deals, deals smart-lighting, smart-lighting sale, sale smart-lighting, smart-lighting affordable, affordable smart-lighting, smart-lighting cost, cost smart-lighting, smart-lighting online, online smart-lighting, smart-lighting offline, offline smart-lighting, smart-lighting marketplace, marketplace smart-lighting, smart-lighting store, store smart-lighting, smart-lighting shop, shop smart-lighting, smart-lighting retailer, retailer smart-lighting, smart-lighting where to buy, where to buy smart-lighting, smart-lighting worst, worst smart-lighting, smart-lighting quality, quality smart-lighting, smart-lighting original, original smart-lighting, smart-lighting genuine, genuine smart-lighting, smart-lighting fake, fake smart-lighting, smart-lighting replica, replica smart-lighting, smart-lighting authentic, authentic smart-lighting, smart-lighting brand, brand smart-lighting, smart-lighting manufacturer, manufacturer smart-lighting, smart-lighting company, company smart-lighting, smart-lighting product, product smart-lighting, smart-lighting apple product, apple product smart-lighting, smart-lighting sell apple, sell apple smart-lighting, smart-lighting buy apple, buy apple smart-lighting, smart-lighting cheap apple, cheap apple smart-lighting, smart-lighting best apple, best apple smart-lighting, smart-lighting apple review, apple review smart-lighting, smart-lighting where to buy apple, where to buy apple smart-lighting, smart-lighting how to choose apple, how to choose apple smart-lighting, smart-lighting top apple, top apple smart-lighting, smart-lighting apple guide, apple guide smart-lighting, smart-lighting apple for sale, apple for sale smart-lighting, smart-lighting apple deals, apple deals smart-lighting
2026-08-29 17:49:52,452 - INFO - Expanded 220 seed keywords to 385 variations
2026-08-29 17:49:52,452 - INFO - Language: en
2026-08-29 17:49:52,453 - INFO - Region: us
2026-08-29 17:50:37,216 - INFO - 🎯 After all filtering for 'apple': 120 relevant keywords
2026-08-29 17:50:37,412 - INFO - 🎯 Found 5 new keywords for niche 'apple': apple affordable smart-lighting, cheap affordable smart-lighting, best affordable smart-lighting, how to affordable smart-lighting, apple alternatives smart-lighting
2026-08-29 17:50:53,425 - INFO - ✅ Niche 'apple' process complete! 562 total keyword results.
2026-08-29 17:50:53,425 - INFO - ✅ Completed processing niche: 'apple'
2026-08-29 17:50:53,425 - INFO - 🔧 Request Handler final stats - Success rate: 100.0%
2026-08-29 17:50:53,425 - INFO -    Total requests: 183378, Blocks: 1
2026-08-29 17:50:53,426 - INFO - 
========================================
2026-08-29 17:50:53,427 - INFO - Process Summary:
2026-08-29 17:50:53,427 - INFO - - Current niche: 'apple'
2026-08-29 17:50:53,427 - INFO - - Next niche will be: 'sony'
2026-08-29 17:50:53,427 - INFO - - Keywords saved in: languages/english/keywords/apple/
2026-08-29 17:50:53,428 - INFO - ========================================
