2026-08-10 06:02:31,532 - INFO - Log file created at: /home/runner/work/potensitech.com/potensitech.com/languages/english/keywords/logs/kw_search_20260810_060231.log
2026-08-10 06:02:31,532 - INFO - ============================================================
2026-08-10 06:02:31,532 - INFO - AUTOMATIC KEYWORD RESEARCH TOOL
2026-08-10 06:02:31,532 - INFO - ============================================================
2026-08-10 06:02:31,807 - INFO - ========================================
2026-08-10 06:02:31,807 - INFO - Found 14 niches to process: xiaomi, iphone, samsung, apple, sony, asus, philips, sandisk, intel, nvidia, amd, canon, nikon, huawei
2026-08-10 06:02:31,807 - INFO - ========================================
2026-08-10 06:02:31,807 - INFO - Continuing from last processed niche: sony
2026-08-10 06:02:31,807 - INFO - ========================================
2026-08-10 06:02:31,807 - INFO - 🎯 PROCESSING NICHE 6/14: 'asus'
2026-08-10 06:02:31,807 - INFO - ========================================
2026-08-10 06:02:31,807 - INFO - 📁 Niche directory: /home/runner/work/potensitech.com/potensitech.com/languages/english/keywords/asus
2026-08-10 06:02:31,808 - INFO - Selected region: us
2026-08-10 06:02:31,808 - INFO - Selected language: en
2026-08-10 06:02:31,808 - INFO - 🎯 Current niche: asus
2026-08-10 06:02:32,489 - INFO - 🎯 Niche terms for filtering: asus, cheap, best, latest, review, price, sell, buy, recommendation, tips, tutorial, guide, how to, vs, versus, compared to, comparison, alternatives, which is better, expensive, discount, deals, sale, affordable, cost, online, offline, marketplace, store, shop, retailer, where to buy, worst, quality, original, genuine, fake, replica, authentic, brand, manufacturer, company, product, asus product, sell asus, buy asus, cheap asus, best asus, asus review, where to buy asus, how to choose asus, top asus, asus guide, asus for sale, asus deals
2026-08-10 06:02:32,489 - INFO - Generated 50 niche-clue pairs for 'asus'.
2026-08-10 06:02:32,492 - INFO - Expanded 50 seed keywords to 218 variations
2026-08-10 06:02:32,493 - INFO - 🔧 Request Handler initialized - Success rate: 100.0%
2026-08-10 06:06:59,615 - INFO - Original clue keywords: mirrorless camera, battery life
2026-08-10 06:06:59,616 - INFO - Niche-focused seeds: mirrorless camera asus, asus mirrorless camera, mirrorless camera cheap, cheap mirrorless camera, mirrorless camera best, best mirrorless camera, mirrorless camera latest, latest mirrorless camera, mirrorless camera review, review mirrorless camera, mirrorless camera price, price mirrorless camera, mirrorless camera sell, sell mirrorless camera, mirrorless camera buy, buy mirrorless camera, mirrorless camera recommendation, recommendation mirrorless camera, mirrorless camera tips, tips mirrorless camera, mirrorless camera tutorial, tutorial mirrorless camera, mirrorless camera guide, guide mirrorless camera, mirrorless camera how to, how to mirrorless camera, mirrorless camera vs, vs mirrorless camera, mirrorless camera versus, versus mirrorless camera, mirrorless camera compared to, compared to mirrorless camera, mirrorless camera comparison, comparison mirrorless camera, mirrorless camera alternatives, alternatives mirrorless camera, mirrorless camera which is better, which is better mirrorless camera, mirrorless camera expensive, expensive mirrorless camera, mirrorless camera discount, discount mirrorless camera, mirrorless camera deals, deals mirrorless camera, mirrorless camera sale, sale mirrorless camera, mirrorless camera affordable, affordable mirrorless camera, mirrorless camera cost, cost mirrorless camera, mirrorless camera online, online mirrorless camera, mirrorless camera offline, offline mirrorless camera, mirrorless camera marketplace, marketplace mirrorless camera, mirrorless camera store, store mirrorless camera, mirrorless camera shop, shop mirrorless camera, mirrorless camera retailer, retailer mirrorless camera, mirrorless camera where to buy, where to buy mirrorless camera, mirrorless camera worst, worst mirrorless camera, mirrorless camera quality, quality mirrorless camera, mirrorless camera original, original mirrorless camera, mirrorless camera genuine, genuine mirrorless camera, mirrorless camera fake, fake mirrorless camera, mirrorless camera replica, replica mirrorless camera, mirrorless camera authentic, authentic mirrorless camera, mirrorless camera brand, brand mirrorless camera, mirrorless camera manufacturer, manufacturer mirrorless camera, mirrorless camera company, company mirrorless camera, mirrorless camera product, product mirrorless camera, mirrorless camera asus product, asus product mirrorless camera, mirrorless camera sell asus, sell asus mirrorless camera, mirrorless camera buy asus, buy asus mirrorless camera, mirrorless camera cheap asus, cheap asus mirrorless camera, mirrorless camera best asus, best asus mirrorless camera, mirrorless camera asus review, asus review mirrorless camera, mirrorless camera where to buy asus, where to buy asus mirrorless camera, mirrorless camera how to choose asus, how to choose asus mirrorless camera, mirrorless camera top asus, top asus mirrorless camera, mirrorless camera asus guide, asus guide mirrorless camera, mirrorless camera asus for sale, asus for sale mirrorless camera, mirrorless camera asus deals, asus deals mirrorless camera, battery life asus, asus battery life, battery life cheap, cheap battery life, battery life best, best battery life, battery life latest, latest battery life, battery life review, review battery life, battery life price, price battery life, battery life sell, sell battery life, battery life buy, buy battery life, battery life recommendation, recommendation battery life, battery life tips, tips battery life, battery life tutorial, tutorial battery life, battery life guide, guide battery life, battery life how to, how to battery life, battery life vs, vs battery life, battery life versus, versus battery life, battery life compared to, compared to battery life, battery life comparison, comparison battery life, battery life alternatives, alternatives battery life, battery life which is better, which is better battery life, battery life expensive, expensive battery life, battery life discount, discount battery life, battery life deals, deals battery life, battery life sale, sale battery life, battery life affordable, affordable battery life, battery life cost, cost battery life, battery life online, online battery life, battery life offline, offline battery life, battery life marketplace, marketplace battery life, battery life store, store battery life, battery life shop, shop battery life, battery life retailer, retailer battery life, battery life where to buy, where to buy battery life, battery life worst, worst battery life, battery life quality, quality battery life, battery life original, original battery life, battery life genuine, genuine battery life, battery life fake, fake battery life, battery life replica, replica battery life, battery life authentic, authentic battery life, battery life brand, brand battery life, battery life manufacturer, manufacturer battery life, battery life company, company battery life, battery life product, product battery life, battery life asus product, asus product battery life, battery life sell asus, sell asus battery life, battery life buy asus, buy asus battery life, battery life cheap asus, cheap asus battery life, battery life best asus, best asus battery life, battery life asus review, asus review battery life, battery life where to buy asus, where to buy asus battery life, battery life how to choose asus, how to choose asus battery life, battery life top asus, top asus battery life, battery life asus guide, asus guide battery life, battery life asus for sale, asus for sale battery life, battery life asus deals, asus deals battery life
2026-08-10 06:06:59,619 - INFO - Expanded 220 seed keywords to 385 variations
2026-08-10 06:06:59,619 - INFO - Language: en
2026-08-10 06:06:59,619 - INFO - Region: us
2026-08-10 06:08:29,942 - INFO - 🎯 After all filtering for 'asus': 119 relevant keywords
2026-08-10 06:08:31,037 - INFO - 🎯 Found 4 new keywords for niche 'asus': asus affordable battery life, asus affordable mirrorless camera, cheap alternatives mirrorless camera, best authentic mirrorless camera
2026-08-10 06:08:31,467 - INFO - ✅ Niche 'asus' process complete! 808 total keyword results.
2026-08-10 06:08:31,467 - INFO - ✅ Completed processing niche: 'asus'
2026-08-10 06:08:31,467 - INFO - 🔧 Request Handler final stats - Success rate: 100.0%
2026-08-10 06:08:31,467 - INFO -    Total requests: 168227, Blocks: 1
2026-08-10 06:08:31,468 - INFO - 
========================================
2026-08-10 06:08:31,468 - INFO - Process Summary:
2026-08-10 06:08:31,468 - INFO - - Current niche: 'asus'
2026-08-10 06:08:31,468 - INFO - - Next niche will be: 'philips'
2026-08-10 06:08:31,468 - INFO - - Keywords saved in: languages/english/keywords/asus/
2026-08-10 06:08:31,469 - INFO - ========================================
