2026-08-18 05:14:24,771 - INFO - Log file created at: /home/runner/work/potensitech.com/potensitech.com/languages/english/keywords/logs/kw_search_20260818_051424.log
2026-08-18 05:14:24,771 - INFO - ============================================================
2026-08-18 05:14:24,771 - INFO - AUTOMATIC KEYWORD RESEARCH TOOL
2026-08-18 05:14:24,771 - INFO - ============================================================
2026-08-18 05:14:25,111 - INFO - ========================================
2026-08-18 05:14:25,111 - INFO - Found 14 niches to process: xiaomi, iphone, samsung, apple, sony, asus, philips, sandisk, intel, nvidia, amd, canon, nikon, huawei
2026-08-18 05:14:25,111 - INFO - ========================================
2026-08-18 05:14:25,111 - INFO - Continuing from last processed niche: xiaomi
2026-08-18 05:14:25,111 - INFO - ========================================
2026-08-18 05:14:25,111 - INFO - 🎯 PROCESSING NICHE 2/14: 'iphone'
2026-08-18 05:14:25,111 - INFO - ========================================
2026-08-18 05:14:25,111 - INFO - 📁 Niche directory: /home/runner/work/potensitech.com/potensitech.com/languages/english/keywords/iphone
2026-08-18 05:14:25,112 - INFO - Selected region: us
2026-08-18 05:14:25,112 - INFO - Selected language: en
2026-08-18 05:14:25,112 - INFO - 🎯 Current niche: iphone
2026-08-18 05:14:25,769 - INFO - 🎯 Niche terms for filtering: iphone, cheap, best, latest, review, price, sell, buy, recommendation, tips, tutorial, guide, how to, vs, versus, compared to, comparison, alternatives, which is better, expensive, discount, deals, sale, affordable, cost, online, offline, marketplace, store, shop, retailer, where to buy, worst, quality, original, genuine, fake, replica, authentic, brand, manufacturer, company, product, iphone product, sell iphone, buy iphone, cheap iphone, best iphone, iphone review, where to buy iphone, how to choose iphone, top iphone, iphone guide, iphone for sale, iphone deals
2026-08-18 05:14:25,769 - INFO - Generated 50 niche-clue pairs for 'iphone'.
2026-08-18 05:14:25,772 - INFO - Expanded 50 seed keywords to 218 variations
2026-08-18 05:14:25,779 - INFO - 🔧 Request Handler initialized - Success rate: 100.0%
2026-08-18 05:18:47,209 - INFO - Original clue keywords: flagship phone, amoled display
2026-08-18 05:18:47,209 - INFO - Niche-focused seeds: flagship phone iphone, iphone flagship phone, flagship phone cheap, cheap flagship phone, flagship phone best, best flagship phone, flagship phone latest, latest flagship phone, flagship phone review, review flagship phone, flagship phone price, price flagship phone, flagship phone sell, sell flagship phone, flagship phone buy, buy flagship phone, flagship phone recommendation, recommendation flagship phone, flagship phone tips, tips flagship phone, flagship phone tutorial, tutorial flagship phone, flagship phone guide, guide flagship phone, flagship phone how to, how to flagship phone, flagship phone vs, vs flagship phone, flagship phone versus, versus flagship phone, flagship phone compared to, compared to flagship phone, flagship phone comparison, comparison flagship phone, flagship phone alternatives, alternatives flagship phone, flagship phone which is better, which is better flagship phone, flagship phone expensive, expensive flagship phone, flagship phone discount, discount flagship phone, flagship phone deals, deals flagship phone, flagship phone sale, sale flagship phone, flagship phone affordable, affordable flagship phone, flagship phone cost, cost flagship phone, flagship phone online, online flagship phone, flagship phone offline, offline flagship phone, flagship phone marketplace, marketplace flagship phone, flagship phone store, store flagship phone, flagship phone shop, shop flagship phone, flagship phone retailer, retailer flagship phone, flagship phone where to buy, where to buy flagship phone, flagship phone worst, worst flagship phone, flagship phone quality, quality flagship phone, flagship phone original, original flagship phone, flagship phone genuine, genuine flagship phone, flagship phone fake, fake flagship phone, flagship phone replica, replica flagship phone, flagship phone authentic, authentic flagship phone, flagship phone brand, brand flagship phone, flagship phone manufacturer, manufacturer flagship phone, flagship phone company, company flagship phone, flagship phone product, product flagship phone, flagship phone iphone product, iphone product flagship phone, flagship phone sell iphone, sell iphone flagship phone, flagship phone buy iphone, buy iphone flagship phone, flagship phone cheap iphone, cheap iphone flagship phone, flagship phone best iphone, best iphone flagship phone, flagship phone iphone review, iphone review flagship phone, flagship phone where to buy iphone, where to buy iphone flagship phone, flagship phone how to choose iphone, how to choose iphone flagship phone, flagship phone top iphone, top iphone flagship phone, flagship phone iphone guide, iphone guide flagship phone, flagship phone iphone for sale, iphone for sale flagship phone, flagship phone iphone deals, iphone deals flagship phone, amoled display iphone, iphone amoled display, amoled display cheap, cheap amoled display, amoled display best, best amoled display, amoled display latest, latest amoled display, amoled display review, review amoled display, amoled display price, price amoled display, amoled display sell, sell amoled display, amoled display buy, buy amoled display, amoled display recommendation, recommendation amoled display, amoled display tips, tips amoled display, amoled display tutorial, tutorial amoled display, amoled display guide, guide amoled display, amoled display how to, how to amoled display, amoled display vs, vs amoled display, amoled display versus, versus amoled display, amoled display compared to, compared to amoled display, amoled display comparison, comparison amoled display, amoled display alternatives, alternatives amoled display, amoled display which is better, which is better amoled display, amoled display expensive, expensive amoled display, amoled display discount, discount amoled display, amoled display deals, deals amoled display, amoled display sale, sale amoled display, amoled display affordable, affordable amoled display, amoled display cost, cost amoled display, amoled display online, online amoled display, amoled display offline, offline amoled display, amoled display marketplace, marketplace amoled display, amoled display store, store amoled display, amoled display shop, shop amoled display, amoled display retailer, retailer amoled display, amoled display where to buy, where to buy amoled display, amoled display worst, worst amoled display, amoled display quality, quality amoled display, amoled display original, original amoled display, amoled display genuine, genuine amoled display, amoled display fake, fake amoled display, amoled display replica, replica amoled display, amoled display authentic, authentic amoled display, amoled display brand, brand amoled display, amoled display manufacturer, manufacturer amoled display, amoled display company, company amoled display, amoled display product, product amoled display, amoled display iphone product, iphone product amoled display, amoled display sell iphone, sell iphone amoled display, amoled display buy iphone, buy iphone amoled display, amoled display cheap iphone, cheap iphone amoled display, amoled display best iphone, best iphone amoled display, amoled display iphone review, iphone review amoled display, amoled display where to buy iphone, where to buy iphone amoled display, amoled display how to choose iphone, how to choose iphone amoled display, amoled display top iphone, top iphone amoled display, amoled display iphone guide, iphone guide amoled display, amoled display iphone for sale, iphone for sale amoled display, amoled display iphone deals, iphone deals amoled display
2026-08-18 05:18:47,212 - INFO - Expanded 220 seed keywords to 385 variations
2026-08-18 05:18:47,212 - INFO - Language: en
2026-08-18 05:18:47,212 - INFO - Region: us
2026-08-18 05:23:14,917 - INFO - 🎯 After all filtering for 'iphone': 120 relevant keywords
2026-08-18 05:23:16,545 - INFO - 🎯 Found 5 new keywords for niche 'iphone': iphone affordable amoled display, iphone affordable flagship phone, cheap alternatives amoled display, cheap alternatives flagship phone, best amoled display authentic
2026-08-18 05:23:16,996 - INFO - ✅ Niche 'iphone' process complete! 850 total keyword results.
2026-08-18 05:23:16,996 - INFO - ✅ Completed processing niche: 'iphone'
2026-08-18 05:23:16,996 - INFO - 🔧 Request Handler final stats - Success rate: 100.0%
2026-08-18 05:23:16,996 - INFO -    Total requests: 174462, Blocks: 1
2026-08-18 05:23:16,997 - INFO - 
========================================
2026-08-18 05:23:16,998 - INFO - Process Summary:
2026-08-18 05:23:16,998 - INFO - - Current niche: 'iphone'
2026-08-18 05:23:16,998 - INFO - - Next niche will be: 'samsung'
2026-08-18 05:23:16,998 - INFO - - Keywords saved in: languages/english/keywords/iphone/
2026-08-18 05:23:16,998 - INFO - ========================================
