2026-09-16 16:01:50,697 - INFO - Log file created at: /home/runner/work/potensitech.com/potensitech.com/languages/english/keywords/logs/kw_search_20260916_160150.log
2026-09-16 16:01:50,697 - INFO - ============================================================
2026-09-16 16:01:50,697 - INFO - AUTOMATIC KEYWORD RESEARCH TOOL
2026-09-16 16:01:50,697 - INFO - ============================================================
2026-09-16 16:01:51,097 - INFO - ========================================
2026-09-16 16:01:51,097 - INFO - Found 14 niches to process: xiaomi, iphone, samsung, apple, sony, asus, philips, sandisk, intel, nvidia, amd, canon, nikon, huawei
2026-09-16 16:01:51,097 - INFO - ========================================
2026-09-16 16:01:51,097 - INFO - Continuing from last processed niche: nikon
2026-09-16 16:01:51,097 - INFO - ========================================
2026-09-16 16:01:51,097 - INFO - 🎯 PROCESSING NICHE 14/14: 'huawei'
2026-09-16 16:01:51,097 - INFO - ========================================
2026-09-16 16:01:51,097 - INFO - 📁 Niche directory: /home/runner/work/potensitech.com/potensitech.com/languages/english/keywords/huawei
2026-09-16 16:01:51,098 - INFO - Selected region: us
2026-09-16 16:01:51,098 - INFO - Selected language: en
2026-09-16 16:01:51,098 - INFO - 🎯 Current niche: huawei
2026-09-16 16:02:02,169 - INFO - 🎯 Niche terms for filtering: huawei, cheap, best, latest, review, price, sell, buy, recommendation, tips, tutorial, guide, how to, vs, versus, compared to, comparison, alternatives, which is better, expensive, discount, deals, sale, affordable, cost, online, offline, marketplace, store, shop, retailer, where to buy, worst, quality, original, genuine, fake, replica, authentic, brand, manufacturer, company, product, huawei product, sell huawei, buy huawei, cheap huawei, best huawei, huawei review, where to buy huawei, how to choose huawei, top huawei, huawei guide, huawei for sale, huawei deals
2026-09-16 16:02:02,170 - INFO - Generated 50 niche-clue pairs for 'huawei'.
2026-09-16 16:02:02,173 - INFO - Expanded 50 seed keywords to 218 variations
2026-09-16 16:02:02,174 - INFO - 🔧 Request Handler initialized - Success rate: 100.0%
2026-09-16 16:06:27,023 - INFO - Original clue keywords: electric toothbrushes, home appliances
2026-09-16 16:06:27,023 - INFO - Niche-focused seeds: electric toothbrushes huawei, huawei electric toothbrushes, electric toothbrushes cheap, cheap electric toothbrushes, electric toothbrushes best, best electric toothbrushes, electric toothbrushes latest, latest electric toothbrushes, electric toothbrushes review, review electric toothbrushes, electric toothbrushes price, price electric toothbrushes, electric toothbrushes sell, sell electric toothbrushes, electric toothbrushes buy, buy electric toothbrushes, electric toothbrushes recommendation, recommendation electric toothbrushes, electric toothbrushes tips, tips electric toothbrushes, electric toothbrushes tutorial, tutorial electric toothbrushes, electric toothbrushes guide, guide electric toothbrushes, electric toothbrushes how to, how to electric toothbrushes, electric toothbrushes vs, vs electric toothbrushes, electric toothbrushes versus, versus electric toothbrushes, electric toothbrushes compared to, compared to electric toothbrushes, electric toothbrushes comparison, comparison electric toothbrushes, electric toothbrushes alternatives, alternatives electric toothbrushes, electric toothbrushes which is better, which is better electric toothbrushes, electric toothbrushes expensive, expensive electric toothbrushes, electric toothbrushes discount, discount electric toothbrushes, electric toothbrushes deals, deals electric toothbrushes, electric toothbrushes sale, sale electric toothbrushes, electric toothbrushes affordable, affordable electric toothbrushes, electric toothbrushes cost, cost electric toothbrushes, electric toothbrushes online, online electric toothbrushes, electric toothbrushes offline, offline electric toothbrushes, electric toothbrushes marketplace, marketplace electric toothbrushes, electric toothbrushes store, store electric toothbrushes, electric toothbrushes shop, shop electric toothbrushes, electric toothbrushes retailer, retailer electric toothbrushes, electric toothbrushes where to buy, where to buy electric toothbrushes, electric toothbrushes worst, worst electric toothbrushes, electric toothbrushes quality, quality electric toothbrushes, electric toothbrushes original, original electric toothbrushes, electric toothbrushes genuine, genuine electric toothbrushes, electric toothbrushes fake, fake electric toothbrushes, electric toothbrushes replica, replica electric toothbrushes, electric toothbrushes authentic, authentic electric toothbrushes, electric toothbrushes brand, brand electric toothbrushes, electric toothbrushes manufacturer, manufacturer electric toothbrushes, electric toothbrushes company, company electric toothbrushes, electric toothbrushes product, product electric toothbrushes, electric toothbrushes huawei product, huawei product electric toothbrushes, electric toothbrushes sell huawei, sell huawei electric toothbrushes, electric toothbrushes buy huawei, buy huawei electric toothbrushes, electric toothbrushes cheap huawei, cheap huawei electric toothbrushes, electric toothbrushes best huawei, best huawei electric toothbrushes, electric toothbrushes huawei review, huawei review electric toothbrushes, electric toothbrushes where to buy huawei, where to buy huawei electric toothbrushes, electric toothbrushes how to choose huawei, how to choose huawei electric toothbrushes, electric toothbrushes top huawei, top huawei electric toothbrushes, electric toothbrushes huawei guide, huawei guide electric toothbrushes, electric toothbrushes huawei for sale, huawei for sale electric toothbrushes, electric toothbrushes huawei deals, huawei deals electric toothbrushes, home appliances huawei, huawei home appliances, home appliances cheap, cheap home appliances, home appliances best, best home appliances, home appliances latest, latest home appliances, home appliances review, review home appliances, home appliances price, price home appliances, home appliances sell, sell home appliances, home appliances buy, buy home appliances, home appliances recommendation, recommendation home appliances, home appliances tips, tips home appliances, home appliances tutorial, tutorial home appliances, home appliances guide, guide home appliances, home appliances how to, how to home appliances, home appliances vs, vs home appliances, home appliances versus, versus home appliances, home appliances compared to, compared to home appliances, home appliances comparison, comparison home appliances, home appliances alternatives, alternatives home appliances, home appliances which is better, which is better home appliances, home appliances expensive, expensive home appliances, home appliances discount, discount home appliances, home appliances deals, deals home appliances, home appliances sale, sale home appliances, home appliances affordable, affordable home appliances, home appliances cost, cost home appliances, home appliances online, online home appliances, home appliances offline, offline home appliances, home appliances marketplace, marketplace home appliances, home appliances store, store home appliances, home appliances shop, shop home appliances, home appliances retailer, retailer home appliances, home appliances where to buy, where to buy home appliances, home appliances worst, worst home appliances, home appliances quality, quality home appliances, home appliances original, original home appliances, home appliances genuine, genuine home appliances, home appliances fake, fake home appliances, home appliances replica, replica home appliances, home appliances authentic, authentic home appliances, home appliances brand, brand home appliances, home appliances manufacturer, manufacturer home appliances, home appliances company, company home appliances, home appliances product, product home appliances, home appliances huawei product, huawei product home appliances, home appliances sell huawei, sell huawei home appliances, home appliances buy huawei, buy huawei home appliances, home appliances cheap huawei, cheap huawei home appliances, home appliances best huawei, best huawei home appliances, home appliances huawei review, huawei review home appliances, home appliances where to buy huawei, where to buy huawei home appliances, home appliances how to choose huawei, how to choose huawei home appliances, home appliances top huawei, top huawei home appliances, home appliances huawei guide, huawei guide home appliances, home appliances huawei for sale, huawei for sale home appliances, home appliances huawei deals, huawei deals home appliances
2026-09-16 16:06:27,026 - INFO - Expanded 220 seed keywords to 385 variations
2026-09-16 16:06:27,026 - INFO - Language: en
2026-09-16 16:06:27,026 - INFO - Region: us
2026-09-16 16:10:59,776 - INFO - 🎯 After all filtering for 'huawei': 120 relevant keywords
2026-09-16 16:11:01,157 - INFO - 🎯 Found 5 new keywords for niche 'huawei': huawei affordable electric toothbrushes, huawei affordable home appliances, cheap alternatives electric toothbrushes, cheap alternatives home appliances, best authentic electric toothbrushes
2026-09-16 16:11:17,585 - INFO - ✅ Niche 'huawei' process complete! 679 total keyword results.
2026-09-16 16:11:17,585 - INFO - ✅ Completed processing niche: 'huawei'
2026-09-16 16:11:17,586 - INFO - 🔧 Request Handler final stats - Success rate: 100.0%
2026-09-16 16:11:17,586 - INFO -    Total requests: 198438, Blocks: 1
2026-09-16 16:11:17,587 - INFO - 
========================================
2026-09-16 16:11:17,587 - INFO - Process Summary:
2026-09-16 16:11:17,587 - INFO - - Current niche: 'huawei'
2026-09-16 16:11:17,587 - INFO - - Next niche will be: 'xiaomi'
2026-09-16 16:11:17,587 - INFO - - Keywords saved in: languages/english/keywords/huawei/
2026-09-16 16:11:17,588 - INFO - ========================================
