2026-09-11 17:47:16,929 - INFO - Log file created at: /home/runner/work/potensitech.com/potensitech.com/languages/english/keywords/logs/kw_search_20260911_174716.log
2026-09-11 17:47:16,929 - INFO - ============================================================
2026-09-11 17:47:16,929 - INFO - AUTOMATIC KEYWORD RESEARCH TOOL
2026-09-11 17:47:16,930 - INFO - ============================================================
2026-09-11 17:47:17,245 - INFO - ========================================
2026-09-11 17:47:17,245 - INFO - Found 14 niches to process: xiaomi, iphone, samsung, apple, sony, asus, philips, sandisk, intel, nvidia, amd, canon, nikon, huawei
2026-09-11 17:47:17,245 - INFO - ========================================
2026-09-11 17:47:17,245 - INFO - Continuing from last processed niche: asus
2026-09-11 17:47:17,245 - INFO - ========================================
2026-09-11 17:47:17,245 - INFO - 🎯 PROCESSING NICHE 7/14: 'philips'
2026-09-11 17:47:17,245 - INFO - ========================================
2026-09-11 17:47:17,245 - INFO - 📁 Niche directory: /home/runner/work/potensitech.com/potensitech.com/languages/english/keywords/philips
2026-09-11 17:47:17,246 - INFO - Selected region: us
2026-09-11 17:47:17,246 - INFO - Selected language: en
2026-09-11 17:47:17,246 - INFO - 🎯 Current niche: philips
2026-09-11 17:47:28,722 - INFO - 🎯 Niche terms for filtering: philips, cheap, best, latest, review, price, sell, buy, recommendation, tips, tutorial, guide, how to, vs, versus, compared to, comparison, alternatives, which is better, expensive, discount, deals, sale, affordable, cost, online, offline, marketplace, store, shop, retailer, where to buy, worst, quality, original, genuine, fake, replica, authentic, brand, manufacturer, company, product, philips product, sell philips, buy philips, cheap philips, best philips, philips review, where to buy philips, how to choose philips, top philips, philips guide, philips for sale, philips deals
2026-09-11 17:47:28,722 - INFO - Generated 50 niche-clue pairs for 'philips'.
2026-09-11 17:47:28,725 - INFO - Expanded 50 seed keywords to 218 variations
2026-09-11 17:47:28,725 - INFO - 🔧 Request Handler initialized - Success rate: 100.0%
2026-09-11 17:51:56,019 - INFO - Original clue keywords: mobile processor, gaming phone
2026-09-11 17:51:56,019 - INFO - Niche-focused seeds: mobile processor philips, philips mobile processor, mobile processor cheap, cheap mobile processor, mobile processor best, best mobile processor, mobile processor latest, latest mobile processor, mobile processor review, review mobile processor, mobile processor price, price mobile processor, mobile processor sell, sell mobile processor, mobile processor buy, buy mobile processor, mobile processor recommendation, recommendation mobile processor, mobile processor tips, tips mobile processor, mobile processor tutorial, tutorial mobile processor, mobile processor guide, guide mobile processor, mobile processor how to, how to mobile processor, mobile processor vs, vs mobile processor, mobile processor versus, versus mobile processor, mobile processor compared to, compared to mobile processor, mobile processor comparison, comparison mobile processor, mobile processor alternatives, alternatives mobile processor, mobile processor which is better, which is better mobile processor, mobile processor expensive, expensive mobile processor, mobile processor discount, discount mobile processor, mobile processor deals, deals mobile processor, mobile processor sale, sale mobile processor, mobile processor affordable, affordable mobile processor, mobile processor cost, cost mobile processor, mobile processor online, online mobile processor, mobile processor offline, offline mobile processor, mobile processor marketplace, marketplace mobile processor, mobile processor store, store mobile processor, mobile processor shop, shop mobile processor, mobile processor retailer, retailer mobile processor, mobile processor where to buy, where to buy mobile processor, mobile processor worst, worst mobile processor, mobile processor quality, quality mobile processor, mobile processor original, original mobile processor, mobile processor genuine, genuine mobile processor, mobile processor fake, fake mobile processor, mobile processor replica, replica mobile processor, mobile processor authentic, authentic mobile processor, mobile processor brand, brand mobile processor, mobile processor manufacturer, manufacturer mobile processor, mobile processor company, company mobile processor, mobile processor product, product mobile processor, mobile processor philips product, philips product mobile processor, mobile processor sell philips, sell philips mobile processor, mobile processor buy philips, buy philips mobile processor, mobile processor cheap philips, cheap philips mobile processor, mobile processor best philips, best philips mobile processor, mobile processor philips review, philips review mobile processor, mobile processor where to buy philips, where to buy philips mobile processor, mobile processor how to choose philips, how to choose philips mobile processor, mobile processor top philips, top philips mobile processor, mobile processor philips guide, philips guide mobile processor, mobile processor philips for sale, philips for sale mobile processor, mobile processor philips deals, philips deals mobile processor, gaming phone philips, philips gaming phone, gaming phone cheap, cheap gaming phone, gaming phone best, best gaming phone, gaming phone latest, latest gaming phone, gaming phone review, review gaming phone, gaming phone price, price gaming phone, gaming phone sell, sell gaming phone, gaming phone buy, buy gaming phone, gaming phone recommendation, recommendation gaming phone, gaming phone tips, tips gaming phone, gaming phone tutorial, tutorial gaming phone, gaming phone guide, guide gaming phone, gaming phone how to, how to gaming phone, gaming phone vs, vs gaming phone, gaming phone versus, versus gaming phone, gaming phone compared to, compared to gaming phone, gaming phone comparison, comparison gaming phone, gaming phone alternatives, alternatives gaming phone, gaming phone which is better, which is better gaming phone, gaming phone expensive, expensive gaming phone, gaming phone discount, discount gaming phone, gaming phone deals, deals gaming phone, gaming phone sale, sale gaming phone, gaming phone affordable, affordable gaming phone, gaming phone cost, cost gaming phone, gaming phone online, online gaming phone, gaming phone offline, offline gaming phone, gaming phone marketplace, marketplace gaming phone, gaming phone store, store gaming phone, gaming phone shop, shop gaming phone, gaming phone retailer, retailer gaming phone, gaming phone where to buy, where to buy gaming phone, gaming phone worst, worst gaming phone, gaming phone quality, quality gaming phone, gaming phone original, original gaming phone, gaming phone genuine, genuine gaming phone, gaming phone fake, fake gaming phone, gaming phone replica, replica gaming phone, gaming phone authentic, authentic gaming phone, gaming phone brand, brand gaming phone, gaming phone manufacturer, manufacturer gaming phone, gaming phone company, company gaming phone, gaming phone product, product gaming phone, gaming phone philips product, philips product gaming phone, gaming phone sell philips, sell philips gaming phone, gaming phone buy philips, buy philips gaming phone, gaming phone cheap philips, cheap philips gaming phone, gaming phone best philips, best philips gaming phone, gaming phone philips review, philips review gaming phone, gaming phone where to buy philips, where to buy philips gaming phone, gaming phone how to choose philips, how to choose philips gaming phone, gaming phone top philips, top philips gaming phone, gaming phone philips guide, philips guide gaming phone, gaming phone philips for sale, philips for sale gaming phone, gaming phone philips deals, philips deals gaming phone
2026-09-11 17:51:56,022 - INFO - Expanded 220 seed keywords to 385 variations
2026-09-11 17:51:56,022 - INFO - Language: en
2026-09-11 17:51:56,022 - INFO - Region: us
2026-09-11 17:56:29,132 - INFO - 🎯 After all filtering for 'philips': 120 relevant keywords
2026-09-11 17:56:30,133 - INFO - 🎯 Found 5 new keywords for niche 'philips': philips affordable gaming phone, philips affordable mobile processor, cheap alternatives gaming phone, cheap alternatives mobile processor, best authentic gaming phone
2026-09-11 17:56:47,793 - INFO - ✅ Niche 'philips' process complete! 728 total keyword results.
2026-09-11 17:56:47,794 - INFO - ✅ Completed processing niche: 'philips'
2026-09-11 17:56:47,794 - INFO - 🔧 Request Handler final stats - Success rate: 100.0%
2026-09-11 17:56:47,794 - INFO -    Total requests: 194012, Blocks: 1
2026-09-11 17:56:47,795 - INFO - 
========================================
2026-09-11 17:56:47,795 - INFO - Process Summary:
2026-09-11 17:56:47,795 - INFO - - Current niche: 'philips'
2026-09-11 17:56:47,795 - INFO - - Next niche will be: 'sandisk'
2026-09-11 17:56:47,795 - INFO - - Keywords saved in: languages/english/keywords/philips/
2026-09-11 17:56:47,796 - INFO - ========================================
