2026-09-14 22:28:07,679 - INFO - Log file created at: /home/runner/work/potensitech.com/potensitech.com/languages/english/keywords/logs/kw_search_20260914_222807.log
2026-09-14 22:28:07,679 - INFO - ============================================================
2026-09-14 22:28:07,680 - INFO - AUTOMATIC KEYWORD RESEARCH TOOL
2026-09-14 22:28:07,680 - INFO - ============================================================
2026-09-14 22:28:08,029 - INFO - ========================================
2026-09-14 22:28:08,029 - INFO - Found 14 niches to process: xiaomi, iphone, samsung, apple, sony, asus, philips, sandisk, intel, nvidia, amd, canon, nikon, huawei
2026-09-14 22:28:08,029 - INFO - ========================================
2026-09-14 22:28:08,029 - INFO - Continuing from last processed niche: nvidia
2026-09-14 22:28:08,029 - INFO - ========================================
2026-09-14 22:28:08,029 - INFO - 🎯 PROCESSING NICHE 11/14: 'amd'
2026-09-14 22:28:08,029 - INFO - ========================================
2026-09-14 22:28:08,029 - INFO - 📁 Niche directory: /home/runner/work/potensitech.com/potensitech.com/languages/english/keywords/amd
2026-09-14 22:28:08,030 - INFO - Selected region: us
2026-09-14 22:28:08,030 - INFO - Selected language: en
2026-09-14 22:28:08,030 - INFO - 🎯 Current niche: amd
2026-09-14 22:28:19,092 - INFO - 🎯 Niche terms for filtering: amd, cheap, best, latest, review, price, sell, buy, recommendation, tips, tutorial, guide, how to, vs, versus, compared to, comparison, alternatives, which is better, expensive, discount, deals, sale, affordable, cost, online, offline, marketplace, store, shop, retailer, where to buy, worst, quality, original, genuine, fake, replica, authentic, brand, manufacturer, company, product, amd product, sell amd, buy amd, cheap amd, best amd, amd review, where to buy amd, how to choose amd, top amd, amd guide, amd for sale, amd deals
2026-09-14 22:28:19,093 - INFO - Generated 50 niche-clue pairs for 'amd'.
2026-09-14 22:28:19,096 - INFO - Expanded 50 seed keywords to 218 variations
2026-09-14 22:28:19,097 - INFO - 🔧 Request Handler initialized - Success rate: 100.0%
2026-09-14 22:32:41,773 - INFO - Original clue keywords: audio systems, smart lighting
2026-09-14 22:32:41,773 - INFO - Niche-focused seeds: audio systems amd, amd audio systems, audio systems cheap, cheap audio systems, audio systems best, best audio systems, audio systems latest, latest audio systems, audio systems review, review audio systems, audio systems price, price audio systems, audio systems sell, sell audio systems, audio systems buy, buy audio systems, audio systems recommendation, recommendation audio systems, audio systems tips, tips audio systems, audio systems tutorial, tutorial audio systems, audio systems guide, guide audio systems, audio systems how to, how to audio systems, audio systems vs, vs audio systems, audio systems versus, versus audio systems, audio systems compared to, compared to audio systems, audio systems comparison, comparison audio systems, audio systems alternatives, alternatives audio systems, audio systems which is better, which is better audio systems, audio systems expensive, expensive audio systems, audio systems discount, discount audio systems, audio systems deals, deals audio systems, audio systems sale, sale audio systems, audio systems affordable, affordable audio systems, audio systems cost, cost audio systems, audio systems online, online audio systems, audio systems offline, offline audio systems, audio systems marketplace, marketplace audio systems, audio systems store, store audio systems, audio systems shop, shop audio systems, audio systems retailer, retailer audio systems, audio systems where to buy, where to buy audio systems, audio systems worst, worst audio systems, audio systems quality, quality audio systems, audio systems original, original audio systems, audio systems genuine, genuine audio systems, audio systems fake, fake audio systems, audio systems replica, replica audio systems, audio systems authentic, authentic audio systems, audio systems brand, brand audio systems, audio systems manufacturer, manufacturer audio systems, audio systems company, company audio systems, audio systems product, product audio systems, audio systems amd product, amd product audio systems, audio systems sell amd, sell amd audio systems, audio systems buy amd, buy amd audio systems, audio systems cheap amd, cheap amd audio systems, audio systems best amd, best amd audio systems, audio systems amd review, amd review audio systems, audio systems where to buy amd, where to buy amd audio systems, audio systems how to choose amd, how to choose amd audio systems, audio systems top amd, top amd audio systems, audio systems amd guide, amd guide audio systems, audio systems amd for sale, amd for sale audio systems, audio systems amd deals, amd deals audio systems, smart lighting amd, amd smart lighting, smart lighting cheap, cheap smart lighting, smart lighting best, best smart lighting, smart lighting latest, latest smart lighting, smart lighting review, review smart lighting, smart lighting price, price smart lighting, smart lighting sell, sell smart lighting, smart lighting buy, buy smart lighting, smart lighting recommendation, recommendation smart lighting, smart lighting tips, tips smart lighting, smart lighting tutorial, tutorial smart lighting, smart lighting guide, guide smart lighting, smart lighting how to, how to smart lighting, smart lighting vs, vs smart lighting, smart lighting versus, versus smart lighting, smart lighting compared to, compared to smart lighting, smart lighting comparison, comparison smart lighting, smart lighting alternatives, alternatives smart lighting, smart lighting which is better, which is better smart lighting, smart lighting expensive, expensive smart lighting, smart lighting discount, discount smart lighting, smart lighting deals, deals smart lighting, smart lighting sale, sale smart lighting, smart lighting affordable, affordable smart lighting, smart lighting cost, cost smart lighting, smart lighting online, online smart lighting, smart lighting offline, offline smart lighting, smart lighting marketplace, marketplace smart lighting, smart lighting store, store smart lighting, smart lighting shop, shop smart lighting, smart lighting retailer, retailer smart lighting, smart lighting where to buy, where to buy smart lighting, smart lighting worst, worst smart lighting, smart lighting quality, quality smart lighting, smart lighting original, original smart lighting, smart lighting genuine, genuine smart lighting, smart lighting fake, fake smart lighting, smart lighting replica, replica smart lighting, smart lighting authentic, authentic smart lighting, smart lighting brand, brand smart lighting, smart lighting manufacturer, manufacturer smart lighting, smart lighting company, company smart lighting, smart lighting product, product smart lighting, smart lighting amd product, amd product smart lighting, smart lighting sell amd, sell amd smart lighting, smart lighting buy amd, buy amd smart lighting, smart lighting cheap amd, cheap amd smart lighting, smart lighting best amd, best amd smart lighting, smart lighting amd review, amd review smart lighting, smart lighting where to buy amd, where to buy amd smart lighting, smart lighting how to choose amd, how to choose amd smart lighting, smart lighting top amd, top amd smart lighting, smart lighting amd guide, amd guide smart lighting, smart lighting amd for sale, amd for sale smart lighting, smart lighting amd deals, amd deals smart lighting
2026-09-14 22:32:41,776 - INFO - Expanded 220 seed keywords to 385 variations
2026-09-14 22:32:41,776 - INFO - Language: en
2026-09-14 22:32:41,776 - INFO - Region: us
2026-09-14 22:37:15,767 - INFO - 🎯 After all filtering for 'amd': 118 relevant keywords
2026-09-14 22:37:18,414 - INFO - 🎯 Found 5 new keywords for niche 'amd': amd affordable audio systems, amd affordable smart lighting, cheap alternatives audio systems, best audio systems authentic, how to audio systems brand
2026-09-14 22:37:34,667 - INFO - ✅ Niche 'amd' process complete! 797 total keyword results.
2026-09-14 22:37:34,668 - INFO - ✅ Completed processing niche: 'amd'
2026-09-14 22:37:34,668 - INFO - 🔧 Request Handler final stats - Success rate: 100.0%
2026-09-14 22:37:34,668 - INFO -    Total requests: 196828, Blocks: 1
2026-09-14 22:37:34,669 - INFO - 
========================================
2026-09-14 22:37:34,669 - INFO - Process Summary:
2026-09-14 22:37:34,669 - INFO - - Current niche: 'amd'
2026-09-14 22:37:34,669 - INFO - - Next niche will be: 'canon'
2026-09-14 22:37:34,669 - INFO - - Keywords saved in: languages/english/keywords/amd/
2026-09-14 22:37:34,670 - INFO - ========================================
