2026-08-27 18:18:09,527 - INFO - Log file created at: /home/runner/work/potensitech.com/potensitech.com/languages/english/keywords/logs/kw_search_20260827_181809.log
2026-08-27 18:18:09,527 - INFO - ============================================================
2026-08-27 18:18:09,527 - INFO - AUTOMATIC KEYWORD RESEARCH TOOL
2026-08-27 18:18:09,527 - INFO - ============================================================
2026-08-27 18:18:09,824 - INFO - ========================================
2026-08-27 18:18:09,824 - INFO - Found 14 niches to process: xiaomi, iphone, samsung, apple, sony, asus, philips, sandisk, intel, nvidia, amd, canon, nikon, huawei
2026-08-27 18:18:09,824 - INFO - ========================================
2026-08-27 18:18:09,824 - INFO - Continuing from last processed niche: sandisk
2026-08-27 18:18:09,824 - INFO - ========================================
2026-08-27 18:18:09,824 - INFO - 🎯 PROCESSING NICHE 9/14: 'intel'
2026-08-27 18:18:09,824 - INFO - ========================================
2026-08-27 18:18:09,824 - INFO - 📁 Niche directory: /home/runner/work/potensitech.com/potensitech.com/languages/english/keywords/intel
2026-08-27 18:18:09,824 - INFO - Selected region: us
2026-08-27 18:18:09,825 - INFO - Selected language: en
2026-08-27 18:18:09,825 - INFO - 🎯 Current niche: intel
2026-08-27 18:18:21,379 - INFO - 🎯 Niche terms for filtering: intel, cheap, best, latest, review, price, sell, buy, recommendation, tips, tutorial, guide, how to, vs, versus, compared to, comparison, alternatives, which is better, expensive, discount, deals, sale, affordable, cost, online, offline, marketplace, store, shop, retailer, where to buy, worst, quality, original, genuine, fake, replica, authentic, brand, manufacturer, company, product, intel product, sell intel, buy intel, cheap intel, best intel, intel review, where to buy intel, how to choose intel, top intel, intel guide, intel for sale, intel deals
2026-08-27 18:18:21,379 - INFO - Generated 50 niche-clue pairs for 'intel'.
2026-08-27 18:18:21,381 - INFO - Expanded 50 seed keywords to 218 variations
2026-08-27 18:18:21,382 - INFO - 🔧 Request Handler initialized - Success rate: 100.0%
2026-08-27 18:22:44,525 - INFO - Original clue keywords: wireless charging, screen resolution
2026-08-27 18:22:44,526 - INFO - Niche-focused seeds: wireless charging intel, intel wireless charging, wireless charging cheap, cheap wireless charging, wireless charging best, best wireless charging, wireless charging latest, latest wireless charging, wireless charging review, review wireless charging, wireless charging price, price wireless charging, wireless charging sell, sell wireless charging, wireless charging buy, buy wireless charging, wireless charging recommendation, recommendation wireless charging, wireless charging tips, tips wireless charging, wireless charging tutorial, tutorial wireless charging, wireless charging guide, guide wireless charging, wireless charging how to, how to wireless charging, wireless charging vs, vs wireless charging, wireless charging versus, versus wireless charging, wireless charging compared to, compared to wireless charging, wireless charging comparison, comparison wireless charging, wireless charging alternatives, alternatives wireless charging, wireless charging which is better, which is better wireless charging, wireless charging expensive, expensive wireless charging, wireless charging discount, discount wireless charging, wireless charging deals, deals wireless charging, wireless charging sale, sale wireless charging, wireless charging affordable, affordable wireless charging, wireless charging cost, cost wireless charging, wireless charging online, online wireless charging, wireless charging offline, offline wireless charging, wireless charging marketplace, marketplace wireless charging, wireless charging store, store wireless charging, wireless charging shop, shop wireless charging, wireless charging retailer, retailer wireless charging, wireless charging where to buy, where to buy wireless charging, wireless charging worst, worst wireless charging, wireless charging quality, quality wireless charging, wireless charging original, original wireless charging, wireless charging genuine, genuine wireless charging, wireless charging fake, fake wireless charging, wireless charging replica, replica wireless charging, wireless charging authentic, authentic wireless charging, wireless charging brand, brand wireless charging, wireless charging manufacturer, manufacturer wireless charging, wireless charging company, company wireless charging, wireless charging product, product wireless charging, wireless charging intel product, intel product wireless charging, wireless charging sell intel, sell intel wireless charging, wireless charging buy intel, buy intel wireless charging, wireless charging cheap intel, cheap intel wireless charging, wireless charging best intel, best intel wireless charging, wireless charging intel review, intel review wireless charging, wireless charging where to buy intel, where to buy intel wireless charging, wireless charging how to choose intel, how to choose intel wireless charging, wireless charging top intel, top intel wireless charging, wireless charging intel guide, intel guide wireless charging, wireless charging intel for sale, intel for sale wireless charging, wireless charging intel deals, intel deals wireless charging, screen resolution intel, intel screen resolution, screen resolution cheap, cheap screen resolution, screen resolution best, best screen resolution, screen resolution latest, latest screen resolution, screen resolution review, review screen resolution, screen resolution price, price screen resolution, screen resolution sell, sell screen resolution, screen resolution buy, buy screen resolution, screen resolution recommendation, recommendation screen resolution, screen resolution tips, tips screen resolution, screen resolution tutorial, tutorial screen resolution, screen resolution guide, guide screen resolution, screen resolution how to, how to screen resolution, screen resolution vs, vs screen resolution, screen resolution versus, versus screen resolution, screen resolution compared to, compared to screen resolution, screen resolution comparison, comparison screen resolution, screen resolution alternatives, alternatives screen resolution, screen resolution which is better, which is better screen resolution, screen resolution expensive, expensive screen resolution, screen resolution discount, discount screen resolution, screen resolution deals, deals screen resolution, screen resolution sale, sale screen resolution, screen resolution affordable, affordable screen resolution, screen resolution cost, cost screen resolution, screen resolution online, online screen resolution, screen resolution offline, offline screen resolution, screen resolution marketplace, marketplace screen resolution, screen resolution store, store screen resolution, screen resolution shop, shop screen resolution, screen resolution retailer, retailer screen resolution, screen resolution where to buy, where to buy screen resolution, screen resolution worst, worst screen resolution, screen resolution quality, quality screen resolution, screen resolution original, original screen resolution, screen resolution genuine, genuine screen resolution, screen resolution fake, fake screen resolution, screen resolution replica, replica screen resolution, screen resolution authentic, authentic screen resolution, screen resolution brand, brand screen resolution, screen resolution manufacturer, manufacturer screen resolution, screen resolution company, company screen resolution, screen resolution product, product screen resolution, screen resolution intel product, intel product screen resolution, screen resolution sell intel, sell intel screen resolution, screen resolution buy intel, buy intel screen resolution, screen resolution cheap intel, cheap intel screen resolution, screen resolution best intel, best intel screen resolution, screen resolution intel review, intel review screen resolution, screen resolution where to buy intel, where to buy intel screen resolution, screen resolution how to choose intel, how to choose intel screen resolution, screen resolution top intel, top intel screen resolution, screen resolution intel guide, intel guide screen resolution, screen resolution intel for sale, intel for sale screen resolution, screen resolution intel deals, intel deals screen resolution
2026-08-27 18:22:44,528 - INFO - Expanded 220 seed keywords to 385 variations
2026-08-27 18:22:44,528 - INFO - Language: en
2026-08-27 18:22:44,528 - INFO - Region: us
2026-08-27 18:27:13,533 - INFO - 🎯 After all filtering for 'intel': 120 relevant keywords
2026-08-27 18:27:14,966 - INFO - 🎯 Found 5 new keywords for niche 'intel': intel affordable screen resolution, intel affordable wireless charging, cheap alternatives screen resolution, cheap alternatives wireless charging, best authentic screen resolution
2026-08-27 18:27:31,654 - INFO - ✅ Niche 'intel' process complete! 1010 total keyword results.
2026-08-27 18:27:31,654 - INFO - ✅ Completed processing niche: 'intel'
2026-08-27 18:27:31,654 - INFO - 🔧 Request Handler final stats - Success rate: 100.0%
2026-08-27 18:27:31,655 - INFO -    Total requests: 181614, Blocks: 1
2026-08-27 18:27:31,655 - INFO - 
========================================
2026-08-27 18:27:31,656 - INFO - Process Summary:
2026-08-27 18:27:31,656 - INFO - - Current niche: 'intel'
2026-08-27 18:27:31,656 - INFO - - Next niche will be: 'nvidia'
2026-08-27 18:27:31,656 - INFO - - Keywords saved in: languages/english/keywords/intel/
2026-08-27 18:27:31,656 - INFO - ========================================
