2026-08-25 19:43:44,391 - INFO - Log file created at: /home/runner/work/potensitech.com/potensitech.com/languages/english/keywords/logs/kw_search_20260825_194344.log
2026-08-25 19:43:44,391 - INFO - ============================================================
2026-08-25 19:43:44,391 - INFO - AUTOMATIC KEYWORD RESEARCH TOOL
2026-08-25 19:43:44,391 - INFO - ============================================================
2026-08-25 19:43:44,661 - INFO - ========================================
2026-08-25 19:43:44,662 - INFO - Found 14 niches to process: xiaomi, iphone, samsung, apple, sony, asus, philips, sandisk, intel, nvidia, amd, canon, nikon, huawei
2026-08-25 19:43:44,662 - INFO - ========================================
2026-08-25 19:43:44,662 - INFO - Continuing from last processed niche: philips
2026-08-25 19:43:44,662 - INFO - ========================================
2026-08-25 19:43:44,662 - INFO - 🎯 PROCESSING NICHE 8/14: 'sandisk'
2026-08-25 19:43:44,662 - INFO - ========================================
2026-08-25 19:43:44,662 - INFO - 📁 Niche directory: /home/runner/work/potensitech.com/potensitech.com/languages/english/keywords/sandisk
2026-08-25 19:43:44,662 - INFO - Selected region: us
2026-08-25 19:43:44,662 - INFO - Selected language: en
2026-08-25 19:43:44,662 - INFO - 🎯 Current niche: sandisk
2026-08-25 19:43:55,898 - INFO - 🎯 Niche terms for filtering: sandisk, cheap, best, latest, review, price, sell, buy, recommendation, tips, tutorial, guide, how to, vs, versus, compared to, comparison, alternatives, which is better, expensive, discount, deals, sale, affordable, cost, online, offline, marketplace, store, shop, retailer, where to buy, worst, quality, original, genuine, fake, replica, authentic, brand, manufacturer, company, product, sandisk product, sell sandisk, buy sandisk, cheap sandisk, best sandisk, sandisk review, where to buy sandisk, how to choose sandisk, top sandisk, sandisk guide, sandisk for sale, sandisk deals
2026-08-25 19:43:55,899 - INFO - Generated 50 niche-clue pairs for 'sandisk'.
2026-08-25 19:43:55,901 - INFO - Expanded 50 seed keywords to 218 variations
2026-08-25 19:43:55,901 - INFO - 🔧 Request Handler initialized - Success rate: 100.0%
2026-08-25 19:48:19,283 - INFO - Original clue keywords: ray tracing, graphics card
2026-08-25 19:48:19,283 - INFO - Niche-focused seeds: ray tracing sandisk, sandisk ray tracing, ray tracing cheap, cheap ray tracing, ray tracing best, best ray tracing, ray tracing latest, latest ray tracing, ray tracing review, review ray tracing, ray tracing price, price ray tracing, ray tracing sell, sell ray tracing, ray tracing buy, buy ray tracing, ray tracing recommendation, recommendation ray tracing, ray tracing tips, tips ray tracing, ray tracing tutorial, tutorial ray tracing, ray tracing guide, guide ray tracing, ray tracing how to, how to ray tracing, ray tracing vs, vs ray tracing, ray tracing versus, versus ray tracing, ray tracing compared to, compared to ray tracing, ray tracing comparison, comparison ray tracing, ray tracing alternatives, alternatives ray tracing, ray tracing which is better, which is better ray tracing, ray tracing expensive, expensive ray tracing, ray tracing discount, discount ray tracing, ray tracing deals, deals ray tracing, ray tracing sale, sale ray tracing, ray tracing affordable, affordable ray tracing, ray tracing cost, cost ray tracing, ray tracing online, online ray tracing, ray tracing offline, offline ray tracing, ray tracing marketplace, marketplace ray tracing, ray tracing store, store ray tracing, ray tracing shop, shop ray tracing, ray tracing retailer, retailer ray tracing, ray tracing where to buy, where to buy ray tracing, ray tracing worst, worst ray tracing, ray tracing quality, quality ray tracing, ray tracing original, original ray tracing, ray tracing genuine, genuine ray tracing, ray tracing fake, fake ray tracing, ray tracing replica, replica ray tracing, ray tracing authentic, authentic ray tracing, ray tracing brand, brand ray tracing, ray tracing manufacturer, manufacturer ray tracing, ray tracing company, company ray tracing, ray tracing product, product ray tracing, ray tracing sandisk product, sandisk product ray tracing, ray tracing sell sandisk, sell sandisk ray tracing, ray tracing buy sandisk, buy sandisk ray tracing, ray tracing cheap sandisk, cheap sandisk ray tracing, ray tracing best sandisk, best sandisk ray tracing, ray tracing sandisk review, sandisk review ray tracing, ray tracing where to buy sandisk, where to buy sandisk ray tracing, ray tracing how to choose sandisk, how to choose sandisk ray tracing, ray tracing top sandisk, top sandisk ray tracing, ray tracing sandisk guide, sandisk guide ray tracing, ray tracing sandisk for sale, sandisk for sale ray tracing, ray tracing sandisk deals, sandisk deals ray tracing, graphics card sandisk, sandisk graphics card, graphics card cheap, cheap graphics card, graphics card best, best graphics card, graphics card latest, latest graphics card, graphics card review, review graphics card, graphics card price, price graphics card, graphics card sell, sell graphics card, graphics card buy, buy graphics card, graphics card recommendation, recommendation graphics card, graphics card tips, tips graphics card, graphics card tutorial, tutorial graphics card, graphics card guide, guide graphics card, graphics card how to, how to graphics card, graphics card vs, vs graphics card, graphics card versus, versus graphics card, graphics card compared to, compared to graphics card, graphics card comparison, comparison graphics card, graphics card alternatives, alternatives graphics card, graphics card which is better, which is better graphics card, graphics card expensive, expensive graphics card, graphics card discount, discount graphics card, graphics card deals, deals graphics card, graphics card sale, sale graphics card, graphics card affordable, affordable graphics card, graphics card cost, cost graphics card, graphics card online, online graphics card, graphics card offline, offline graphics card, graphics card marketplace, marketplace graphics card, graphics card store, store graphics card, graphics card shop, shop graphics card, graphics card retailer, retailer graphics card, graphics card where to buy, where to buy graphics card, graphics card worst, worst graphics card, graphics card quality, quality graphics card, graphics card original, original graphics card, graphics card genuine, genuine graphics card, graphics card fake, fake graphics card, graphics card replica, replica graphics card, graphics card authentic, authentic graphics card, graphics card brand, brand graphics card, graphics card manufacturer, manufacturer graphics card, graphics card company, company graphics card, graphics card product, product graphics card, graphics card sandisk product, sandisk product graphics card, graphics card sell sandisk, sell sandisk graphics card, graphics card buy sandisk, buy sandisk graphics card, graphics card cheap sandisk, cheap sandisk graphics card, graphics card best sandisk, best sandisk graphics card, graphics card sandisk review, sandisk review graphics card, graphics card where to buy sandisk, where to buy sandisk graphics card, graphics card how to choose sandisk, how to choose sandisk graphics card, graphics card top sandisk, top sandisk graphics card, graphics card sandisk guide, sandisk guide graphics card, graphics card sandisk for sale, sandisk for sale graphics card, graphics card sandisk deals, sandisk deals graphics card
2026-08-25 19:48:19,286 - INFO - Expanded 220 seed keywords to 385 variations
2026-08-25 19:48:19,286 - INFO - Language: en
2026-08-25 19:48:19,286 - INFO - Region: us
2026-08-25 19:52:49,258 - INFO - 🎯 After all filtering for 'sandisk': 120 relevant keywords
2026-08-25 19:52:50,506 - INFO - 🎯 Found 5 new keywords for niche 'sandisk': sandisk affordable graphics card, sandisk affordable ray tracing, cheap alternatives graphics card, cheap alternatives ray tracing, best authentic graphics card
2026-08-25 19:53:05,722 - INFO - ✅ Niche 'sandisk' process complete! 827 total keyword results.
2026-08-25 19:53:05,723 - INFO - ✅ Completed processing niche: 'sandisk'
2026-08-25 19:53:05,723 - INFO - 🔧 Request Handler final stats - Success rate: 100.0%
2026-08-25 19:53:05,723 - INFO -    Total requests: 180406, Blocks: 1
2026-08-25 19:53:05,724 - INFO - 
========================================
2026-08-25 19:53:05,724 - INFO - Process Summary:
2026-08-25 19:53:05,724 - INFO - - Current niche: 'sandisk'
2026-08-25 19:53:05,724 - INFO - - Next niche will be: 'intel'
2026-08-25 19:53:05,724 - INFO - - Keywords saved in: languages/english/keywords/sandisk/
2026-08-25 19:53:05,725 - INFO - ========================================
