2026-10-10 10:50:25,842 - INFO - Log file created at: /home/runner/work/potensitech.com/potensitech.com/languages/english/keywords/logs/kw_search_20261010_105025.log
2026-10-10 10:50:25,843 - INFO - ============================================================
2026-10-10 10:50:25,843 - INFO - AUTOMATIC KEYWORD RESEARCH TOOL
2026-10-10 10:50:25,843 - INFO - ============================================================
2026-10-10 10:50:26,274 - INFO - ========================================
2026-10-10 10:50:26,274 - INFO - Found 14 niches to process: xiaomi, iphone, samsung, apple, sony, asus, philips, sandisk, intel, nvidia, amd, canon, nikon, huawei
2026-10-10 10:50:26,274 - INFO - ========================================
2026-10-10 10:50:26,274 - INFO - Continuing from last processed niche: amd
2026-10-10 10:50:26,274 - INFO - ========================================
2026-10-10 10:50:26,274 - INFO - 🎯 PROCESSING NICHE 12/14: 'canon'
2026-10-10 10:50:26,274 - INFO - ========================================
2026-10-10 10:50:26,275 - INFO - 📁 Niche directory: /home/runner/work/potensitech.com/potensitech.com/languages/english/keywords/canon
2026-10-10 10:50:26,275 - INFO - Selected region: us
2026-10-10 10:50:26,275 - INFO - Selected language: en
2026-10-10 10:50:26,275 - INFO - 🎯 Current niche: canon
2026-10-10 10:50:36,696 - INFO - 🎯 Niche terms for filtering: canon, cheap, best, latest, review, price, sell, buy, recommendation, tips, tutorial, guide, how to, vs, versus, compared to, comparison, alternatives, which is better, expensive, discount, deals, sale, affordable, cost, online, offline, marketplace, store, shop, retailer, where to buy, worst, quality, original, genuine, fake, replica, authentic, brand, manufacturer, company, product, canon product, sell canon, buy canon, cheap canon, best canon, canon review, where to buy canon, how to choose canon, top canon, canon guide, canon for sale, canon deals
2026-10-10 10:50:36,696 - INFO - Generated 50 niche-clue pairs for 'canon'.
2026-10-10 10:50:36,699 - INFO - Expanded 50 seed keywords to 218 variations
2026-10-10 10:50:36,700 - INFO - 🔧 Request Handler initialized - Success rate: 100.0%
2026-10-10 10:55:05,978 - INFO - Original clue keywords: android, battery
2026-10-10 10:55:05,978 - INFO - Niche-focused seeds: android canon, canon android, android cheap, cheap android, android best, best android, android latest, latest android, android review, review android, android price, price android, android sell, sell android, android buy, buy android, android recommendation, recommendation android, android tips, tips android, android tutorial, tutorial android, android guide, guide android, android how to, how to android, android vs, vs android, android versus, versus android, android compared to, compared to android, android comparison, comparison android, android alternatives, alternatives android, android which is better, which is better android, android expensive, expensive android, android discount, discount android, android deals, deals android, android sale, sale android, android affordable, affordable android, android cost, cost android, android online, online android, android offline, offline android, android marketplace, marketplace android, android store, store android, android shop, shop android, android retailer, retailer android, android where to buy, where to buy android, android worst, worst android, android quality, quality android, android original, original android, android genuine, genuine android, android fake, fake android, android replica, replica android, android authentic, authentic android, android brand, brand android, android manufacturer, manufacturer android, android company, company android, android product, product android, android canon product, canon product android, android sell canon, sell canon android, android buy canon, buy canon android, android cheap canon, cheap canon android, android best canon, best canon android, android canon review, canon review android, android where to buy canon, where to buy canon android, android how to choose canon, how to choose canon android, android top canon, top canon android, android canon guide, canon guide android, android canon for sale, canon for sale android, android canon deals, canon deals android, battery canon, canon battery, battery cheap, cheap battery, battery best, best battery, battery latest, latest battery, battery review, review battery, battery price, price battery, battery sell, sell battery, battery buy, buy battery, battery recommendation, recommendation battery, battery tips, tips battery, battery tutorial, tutorial battery, battery guide, guide battery, battery how to, how to battery, battery vs, vs battery, battery versus, versus battery, battery compared to, compared to battery, battery comparison, comparison battery, battery alternatives, alternatives battery, battery which is better, which is better battery, battery expensive, expensive battery, battery discount, discount battery, battery deals, deals battery, battery sale, sale battery, battery affordable, affordable battery, battery cost, cost battery, battery online, online battery, battery offline, offline battery, battery marketplace, marketplace battery, battery store, store battery, battery shop, shop battery, battery retailer, retailer battery, battery where to buy, where to buy battery, battery worst, worst battery, battery quality, quality battery, battery original, original battery, battery genuine, genuine battery, battery fake, fake battery, battery replica, replica battery, battery authentic, authentic battery, battery brand, brand battery, battery manufacturer, manufacturer battery, battery company, company battery, battery product, product battery, battery canon product, canon product battery, battery sell canon, sell canon battery, battery buy canon, buy canon battery, battery cheap canon, cheap canon battery, battery best canon, best canon battery, battery canon review, canon review battery, battery where to buy canon, where to buy canon battery, battery how to choose canon, how to choose canon battery, battery top canon, top canon battery, battery canon guide, canon guide battery, battery canon for sale, canon for sale battery, battery canon deals, canon deals battery
2026-10-10 10:55:05,982 - INFO - Expanded 220 seed keywords to 385 variations
2026-10-10 10:55:05,982 - INFO - Language: en
2026-10-10 10:55:05,982 - INFO - Region: us
2026-10-10 10:59:38,051 - INFO - 🎯 After all filtering for 'canon': 120 relevant keywords
2026-10-10 10:59:38,289 - INFO - 🎯 Found 5 new keywords for niche 'canon': canon affordable android, cheap affordable android, best affordable android, how to affordable android, canon affordable battery
2026-10-10 10:59:54,324 - INFO - ✅ Niche 'canon' process complete! 751 total keyword results.
2026-10-10 10:59:54,325 - INFO - ✅ Completed processing niche: 'canon'
2026-10-10 10:59:54,325 - INFO - 🔧 Request Handler final stats - Success rate: 100.0%
2026-10-10 10:59:54,325 - INFO -    Total requests: 219250, Blocks: 1
2026-10-10 10:59:54,326 - INFO - 
========================================
2026-10-10 10:59:54,326 - INFO - Process Summary:
2026-10-10 10:59:54,326 - INFO - - Current niche: 'canon'
2026-10-10 10:59:54,326 - INFO - - Next niche will be: 'nikon'
2026-10-10 10:59:54,326 - INFO - - Keywords saved in: languages/english/keywords/canon/
2026-10-10 10:59:54,327 - INFO - ========================================
