2026-08-05 20:39:12,344 - INFO - Log file created at: /home/runner/work/potensitech.com/potensitech.com/languages/english/keywords/logs/kw_search_20260805_203912.log
2026-08-05 20:39:12,344 - INFO - ============================================================
2026-08-05 20:39:12,344 - INFO - AUTOMATIC KEYWORD RESEARCH TOOL
2026-08-05 20:39:12,344 - INFO - ============================================================
2026-08-05 20:39:12,598 - INFO - ========================================
2026-08-05 20:39:12,598 - INFO - Found 14 niches to process: xiaomi, iphone, samsung, apple, sony, asus, philips, sandisk, intel, nvidia, amd, canon, nikon, huawei
2026-08-05 20:39:12,598 - INFO - ========================================
2026-08-05 20:39:12,598 - INFO - Continuing from last processed niche: sony
2026-08-05 20:39:12,598 - INFO - ========================================
2026-08-05 20:39:12,598 - INFO - 🎯 PROCESSING NICHE 6/14: 'asus'
2026-08-05 20:39:12,598 - INFO - ========================================
2026-08-05 20:39:12,598 - INFO - 📁 Niche directory: /home/runner/work/potensitech.com/potensitech.com/languages/english/keywords/asus
2026-08-05 20:39:12,599 - INFO - Selected region: us
2026-08-05 20:39:12,599 - INFO - Selected language: en
2026-08-05 20:39:12,599 - INFO - 🎯 Current niche: asus
2026-08-05 20:39:13,323 - INFO - 🎯 Niche terms for filtering: asus, cheap, best, latest, review, price, sell, buy, recommendation, tips, tutorial, guide, how to, vs, versus, compared to, comparison, alternatives, which is better, expensive, discount, deals, sale, affordable, cost, online, offline, marketplace, store, shop, retailer, where to buy, worst, quality, original, genuine, fake, replica, authentic, brand, manufacturer, company, product, asus product, sell asus, buy asus, cheap asus, best asus, asus review, where to buy asus, how to choose asus, top asus, asus guide, asus for sale, asus deals
2026-08-05 20:39:13,324 - INFO - Generated 50 niche-clue pairs for 'asus'.
2026-08-05 20:39:13,327 - INFO - Expanded 50 seed keywords to 218 variations
2026-08-05 20:39:13,327 - INFO - 🔧 Request Handler initialized - Success rate: 100.0%
2026-08-05 20:43:33,766 - INFO - Original clue keywords: camera resolution, autofocus technology
2026-08-05 20:43:33,767 - INFO - Niche-focused seeds: camera resolution asus, asus camera resolution, camera resolution cheap, cheap camera resolution, camera resolution best, best camera resolution, camera resolution latest, latest camera resolution, camera resolution review, review camera resolution, camera resolution price, price camera resolution, camera resolution sell, sell camera resolution, camera resolution buy, buy camera resolution, camera resolution recommendation, recommendation camera resolution, camera resolution tips, tips camera resolution, camera resolution tutorial, tutorial camera resolution, camera resolution guide, guide camera resolution, camera resolution how to, how to camera resolution, camera resolution vs, vs camera resolution, camera resolution versus, versus camera resolution, camera resolution compared to, compared to camera resolution, camera resolution comparison, comparison camera resolution, camera resolution alternatives, alternatives camera resolution, camera resolution which is better, which is better camera resolution, camera resolution expensive, expensive camera resolution, camera resolution discount, discount camera resolution, camera resolution deals, deals camera resolution, camera resolution sale, sale camera resolution, camera resolution affordable, affordable camera resolution, camera resolution cost, cost camera resolution, camera resolution online, online camera resolution, camera resolution offline, offline camera resolution, camera resolution marketplace, marketplace camera resolution, camera resolution store, store camera resolution, camera resolution shop, shop camera resolution, camera resolution retailer, retailer camera resolution, camera resolution where to buy, where to buy camera resolution, camera resolution worst, worst camera resolution, camera resolution quality, quality camera resolution, camera resolution original, original camera resolution, camera resolution genuine, genuine camera resolution, camera resolution fake, fake camera resolution, camera resolution replica, replica camera resolution, camera resolution authentic, authentic camera resolution, camera resolution brand, brand camera resolution, camera resolution manufacturer, manufacturer camera resolution, camera resolution company, company camera resolution, camera resolution product, product camera resolution, camera resolution asus product, asus product camera resolution, camera resolution sell asus, sell asus camera resolution, camera resolution buy asus, buy asus camera resolution, camera resolution cheap asus, cheap asus camera resolution, camera resolution best asus, best asus camera resolution, camera resolution asus review, asus review camera resolution, camera resolution where to buy asus, where to buy asus camera resolution, camera resolution how to choose asus, how to choose asus camera resolution, camera resolution top asus, top asus camera resolution, camera resolution asus guide, asus guide camera resolution, camera resolution asus for sale, asus for sale camera resolution, camera resolution asus deals, asus deals camera resolution, autofocus technology asus, asus autofocus technology, autofocus technology cheap, cheap autofocus technology, autofocus technology best, best autofocus technology, autofocus technology latest, latest autofocus technology, autofocus technology review, review autofocus technology, autofocus technology price, price autofocus technology, autofocus technology sell, sell autofocus technology, autofocus technology buy, buy autofocus technology, autofocus technology recommendation, recommendation autofocus technology, autofocus technology tips, tips autofocus technology, autofocus technology tutorial, tutorial autofocus technology, autofocus technology guide, guide autofocus technology, autofocus technology how to, how to autofocus technology, autofocus technology vs, vs autofocus technology, autofocus technology versus, versus autofocus technology, autofocus technology compared to, compared to autofocus technology, autofocus technology comparison, comparison autofocus technology, autofocus technology alternatives, alternatives autofocus technology, autofocus technology which is better, which is better autofocus technology, autofocus technology expensive, expensive autofocus technology, autofocus technology discount, discount autofocus technology, autofocus technology deals, deals autofocus technology, autofocus technology sale, sale autofocus technology, autofocus technology affordable, affordable autofocus technology, autofocus technology cost, cost autofocus technology, autofocus technology online, online autofocus technology, autofocus technology offline, offline autofocus technology, autofocus technology marketplace, marketplace autofocus technology, autofocus technology store, store autofocus technology, autofocus technology shop, shop autofocus technology, autofocus technology retailer, retailer autofocus technology, autofocus technology where to buy, where to buy autofocus technology, autofocus technology worst, worst autofocus technology, autofocus technology quality, quality autofocus technology, autofocus technology original, original autofocus technology, autofocus technology genuine, genuine autofocus technology, autofocus technology fake, fake autofocus technology, autofocus technology replica, replica autofocus technology, autofocus technology authentic, authentic autofocus technology, autofocus technology brand, brand autofocus technology, autofocus technology manufacturer, manufacturer autofocus technology, autofocus technology company, company autofocus technology, autofocus technology product, product autofocus technology, autofocus technology asus product, asus product autofocus technology, autofocus technology sell asus, sell asus autofocus technology, autofocus technology buy asus, buy asus autofocus technology, autofocus technology cheap asus, cheap asus autofocus technology, autofocus technology best asus, best asus autofocus technology, autofocus technology asus review, asus review autofocus technology, autofocus technology where to buy asus, where to buy asus autofocus technology, autofocus technology how to choose asus, how to choose asus autofocus technology, autofocus technology top asus, top asus autofocus technology, autofocus technology asus guide, asus guide autofocus technology, autofocus technology asus for sale, asus for sale autofocus technology, autofocus technology asus deals, asus deals autofocus technology
2026-08-05 20:43:33,770 - INFO - Expanded 220 seed keywords to 385 variations
2026-08-05 20:43:33,770 - INFO - Language: en
2026-08-05 20:43:33,770 - INFO - Region: us
2026-08-05 20:44:09,529 - INFO - 🎯 After all filtering for 'asus': 119 relevant keywords
2026-08-05 20:44:11,394 - INFO - 🎯 Found 4 new keywords for niche 'asus': asus affordable autofocus technology, asus affordable camera resolution, cheap alternatives camera resolution, best authentic camera resolution
2026-08-05 20:44:11,875 - INFO - ✅ Niche 'asus' process complete! 802 total keyword results.
2026-08-05 20:44:11,875 - INFO - ✅ Completed processing niche: 'asus'
2026-08-05 20:44:11,876 - INFO - 🔧 Request Handler final stats - Success rate: 100.0%
2026-08-05 20:44:11,876 - INFO -    Total requests: 165114, Blocks: 1
2026-08-05 20:44:11,877 - INFO - 
========================================
2026-08-05 20:44:11,877 - INFO - Process Summary:
2026-08-05 20:44:11,877 - INFO - - Current niche: 'asus'
2026-08-05 20:44:11,877 - INFO - - Next niche will be: 'philips'
2026-08-05 20:44:11,877 - INFO - - Keywords saved in: languages/english/keywords/asus/
2026-08-05 20:44:11,877 - INFO - ========================================
