2026-08-12 17:43:14,398 - INFO - Log file created at: /home/runner/work/potensitech.com/potensitech.com/languages/english/keywords/logs/kw_search_20260812_174314.log
2026-08-12 17:43:14,398 - INFO - ============================================================
2026-08-12 17:43:14,398 - INFO - AUTOMATIC KEYWORD RESEARCH TOOL
2026-08-12 17:43:14,398 - INFO - ============================================================
2026-08-12 17:43:14,705 - INFO - ========================================
2026-08-12 17:43:14,705 - INFO - Found 14 niches to process: xiaomi, iphone, samsung, apple, sony, asus, philips, sandisk, intel, nvidia, amd, canon, nikon, huawei
2026-08-12 17:43:14,705 - INFO - ========================================
2026-08-12 17:43:14,705 - INFO - Continuing from last processed niche: iphone
2026-08-12 17:43:14,705 - INFO - ========================================
2026-08-12 17:43:14,705 - INFO - 🎯 PROCESSING NICHE 3/14: 'samsung'
2026-08-12 17:43:14,705 - INFO - ========================================
2026-08-12 17:43:14,705 - INFO - 📁 Niche directory: /home/runner/work/potensitech.com/potensitech.com/languages/english/keywords/samsung
2026-08-12 17:43:14,705 - INFO - Selected region: us
2026-08-12 17:43:14,705 - INFO - Selected language: en
2026-08-12 17:43:14,705 - INFO - 🎯 Current niche: samsung
2026-08-12 17:43:15,419 - INFO - 🎯 Niche terms for filtering: samsung, cheap, best, latest, review, price, sell, buy, recommendation, tips, tutorial, guide, how to, vs, versus, compared to, comparison, alternatives, which is better, expensive, discount, deals, sale, affordable, cost, online, offline, marketplace, store, shop, retailer, where to buy, worst, quality, original, genuine, fake, replica, authentic, brand, manufacturer, company, product, samsung product, sell samsung, buy samsung, cheap samsung, best samsung, samsung review, where to buy samsung, how to choose samsung, top samsung, samsung guide, samsung for sale, samsung deals
2026-08-12 17:43:15,419 - INFO - Generated 50 niche-clue pairs for 'samsung'.
2026-08-12 17:43:15,422 - INFO - Expanded 50 seed keywords to 218 variations
2026-08-12 17:43:15,430 - INFO - 🔧 Request Handler initialized - Success rate: 100.0%
2026-08-12 17:47:38,539 - INFO - Original clue keywords: lens compatibility, processor performance
2026-08-12 17:47:38,539 - INFO - Niche-focused seeds: lens compatibility samsung, samsung lens compatibility, lens compatibility cheap, cheap lens compatibility, lens compatibility best, best lens compatibility, lens compatibility latest, latest lens compatibility, lens compatibility review, review lens compatibility, lens compatibility price, price lens compatibility, lens compatibility sell, sell lens compatibility, lens compatibility buy, buy lens compatibility, lens compatibility recommendation, recommendation lens compatibility, lens compatibility tips, tips lens compatibility, lens compatibility tutorial, tutorial lens compatibility, lens compatibility guide, guide lens compatibility, lens compatibility how to, how to lens compatibility, lens compatibility vs, vs lens compatibility, lens compatibility versus, versus lens compatibility, lens compatibility compared to, compared to lens compatibility, lens compatibility comparison, comparison lens compatibility, lens compatibility alternatives, alternatives lens compatibility, lens compatibility which is better, which is better lens compatibility, lens compatibility expensive, expensive lens compatibility, lens compatibility discount, discount lens compatibility, lens compatibility deals, deals lens compatibility, lens compatibility sale, sale lens compatibility, lens compatibility affordable, affordable lens compatibility, lens compatibility cost, cost lens compatibility, lens compatibility online, online lens compatibility, lens compatibility offline, offline lens compatibility, lens compatibility marketplace, marketplace lens compatibility, lens compatibility store, store lens compatibility, lens compatibility shop, shop lens compatibility, lens compatibility retailer, retailer lens compatibility, lens compatibility where to buy, where to buy lens compatibility, lens compatibility worst, worst lens compatibility, lens compatibility quality, quality lens compatibility, lens compatibility original, original lens compatibility, lens compatibility genuine, genuine lens compatibility, lens compatibility fake, fake lens compatibility, lens compatibility replica, replica lens compatibility, lens compatibility authentic, authentic lens compatibility, lens compatibility brand, brand lens compatibility, lens compatibility manufacturer, manufacturer lens compatibility, lens compatibility company, company lens compatibility, lens compatibility product, product lens compatibility, lens compatibility samsung product, samsung product lens compatibility, lens compatibility sell samsung, sell samsung lens compatibility, lens compatibility buy samsung, buy samsung lens compatibility, lens compatibility cheap samsung, cheap samsung lens compatibility, lens compatibility best samsung, best samsung lens compatibility, lens compatibility samsung review, samsung review lens compatibility, lens compatibility where to buy samsung, where to buy samsung lens compatibility, lens compatibility how to choose samsung, how to choose samsung lens compatibility, lens compatibility top samsung, top samsung lens compatibility, lens compatibility samsung guide, samsung guide lens compatibility, lens compatibility samsung for sale, samsung for sale lens compatibility, lens compatibility samsung deals, samsung deals lens compatibility, processor performance samsung, samsung processor performance, processor performance cheap, cheap processor performance, processor performance best, best processor performance, processor performance latest, latest processor performance, processor performance review, review processor performance, processor performance price, price processor performance, processor performance sell, sell processor performance, processor performance buy, buy processor performance, processor performance recommendation, recommendation processor performance, processor performance tips, tips processor performance, processor performance tutorial, tutorial processor performance, processor performance guide, guide processor performance, processor performance how to, how to processor performance, processor performance vs, vs processor performance, processor performance versus, versus processor performance, processor performance compared to, compared to processor performance, processor performance comparison, comparison processor performance, processor performance alternatives, alternatives processor performance, processor performance which is better, which is better processor performance, processor performance expensive, expensive processor performance, processor performance discount, discount processor performance, processor performance deals, deals processor performance, processor performance sale, sale processor performance, processor performance affordable, affordable processor performance, processor performance cost, cost processor performance, processor performance online, online processor performance, processor performance offline, offline processor performance, processor performance marketplace, marketplace processor performance, processor performance store, store processor performance, processor performance shop, shop processor performance, processor performance retailer, retailer processor performance, processor performance where to buy, where to buy processor performance, processor performance worst, worst processor performance, processor performance quality, quality processor performance, processor performance original, original processor performance, processor performance genuine, genuine processor performance, processor performance fake, fake processor performance, processor performance replica, replica processor performance, processor performance authentic, authentic processor performance, processor performance brand, brand processor performance, processor performance manufacturer, manufacturer processor performance, processor performance company, company processor performance, processor performance product, product processor performance, processor performance samsung product, samsung product processor performance, processor performance sell samsung, sell samsung processor performance, processor performance buy samsung, buy samsung processor performance, processor performance cheap samsung, cheap samsung processor performance, processor performance best samsung, best samsung processor performance, processor performance samsung review, samsung review processor performance, processor performance where to buy samsung, where to buy samsung processor performance, processor performance how to choose samsung, how to choose samsung processor performance, processor performance top samsung, top samsung processor performance, processor performance samsung guide, samsung guide processor performance, processor performance samsung for sale, samsung for sale processor performance, processor performance samsung deals, samsung deals processor performance
2026-08-12 17:47:38,542 - INFO - Expanded 220 seed keywords to 385 variations
2026-08-12 17:47:38,542 - INFO - Language: en
2026-08-12 17:47:38,542 - INFO - Region: us
2026-08-12 17:48:27,515 - INFO - 🎯 After all filtering for 'samsung': 120 relevant keywords
2026-08-12 17:48:28,035 - INFO - 🎯 Found 2 new keywords for niche 'samsung': samsung affordable lens compatibility, samsung affordable processor performance
2026-08-12 17:48:28,502 - INFO - ✅ Niche 'samsung' process complete! 606 total keyword results.
2026-08-12 17:48:28,502 - INFO - ✅ Completed processing niche: 'samsung'
2026-08-12 17:48:28,502 - INFO - 🔧 Request Handler final stats - Success rate: 100.0%
2026-08-12 17:48:28,502 - INFO -    Total requests: 170155, Blocks: 1
2026-08-12 17:48:28,503 - INFO - 
========================================
2026-08-12 17:48:28,503 - INFO - Process Summary:
2026-08-12 17:48:28,503 - INFO - - Current niche: 'samsung'
2026-08-12 17:48:28,503 - INFO - - Next niche will be: 'apple'
2026-08-12 17:48:28,504 - INFO - - Keywords saved in: languages/english/keywords/samsung/
2026-08-12 17:48:28,504 - INFO - ========================================
