2026-08-26 01:49:22,783 - INFO - Log file created at: /home/runner/work/potensitech.com/potensitech.com/languages/english/keywords/logs/kw_search_20260826_014922.log
2026-08-26 01:49:22,783 - INFO - ============================================================
2026-08-26 01:49:22,783 - INFO - AUTOMATIC KEYWORD RESEARCH TOOL
2026-08-26 01:49:22,783 - INFO - ============================================================
2026-08-26 01:49:23,069 - INFO - ========================================
2026-08-26 01:49:23,069 - INFO - Found 14 niches to process: xiaomi, iphone, samsung, apple, sony, asus, philips, sandisk, intel, nvidia, amd, canon, nikon, huawei
2026-08-26 01:49:23,069 - INFO - ========================================
2026-08-26 01:49:23,069 - INFO - Continuing from last processed niche: intel
2026-08-26 01:49:23,069 - INFO - ========================================
2026-08-26 01:49:23,069 - INFO - 🎯 PROCESSING NICHE 10/14: 'nvidia'
2026-08-26 01:49:23,069 - INFO - ========================================
2026-08-26 01:49:23,069 - INFO - 📁 Niche directory: /home/runner/work/potensitech.com/potensitech.com/languages/english/keywords/nvidia
2026-08-26 01:49:23,069 - INFO - Selected region: us
2026-08-26 01:49:23,070 - INFO - Selected language: en
2026-08-26 01:49:23,070 - INFO - 🎯 Current niche: nvidia
2026-08-26 01:49:34,302 - INFO - 🎯 Niche terms for filtering: nvidia, cheap, best, latest, review, price, sell, buy, recommendation, tips, tutorial, guide, how to, vs, versus, compared to, comparison, alternatives, which is better, expensive, discount, deals, sale, affordable, cost, online, offline, marketplace, store, shop, retailer, where to buy, worst, quality, original, genuine, fake, replica, authentic, brand, manufacturer, company, product, nvidia product, sell nvidia, buy nvidia, cheap nvidia, best nvidia, nvidia review, where to buy nvidia, how to choose nvidia, top nvidia, nvidia guide, nvidia for sale, nvidia deals
2026-08-26 01:49:34,302 - INFO - Generated 50 niche-clue pairs for 'nvidia'.
2026-08-26 01:49:34,306 - INFO - Expanded 50 seed keywords to 218 variations
2026-08-26 01:49:34,306 - INFO - 🔧 Request Handler initialized - Success rate: 100.0%
2026-08-26 01:53:57,752 - INFO - Original clue keywords: ray tracing, graphics card
2026-08-26 01:53:57,752 - INFO - Niche-focused seeds: ray tracing nvidia, nvidia ray tracing, ray tracing cheap, cheap ray tracing, ray tracing best, best ray tracing, ray tracing latest, latest ray tracing, ray tracing review, review ray tracing, ray tracing price, price ray tracing, ray tracing sell, sell ray tracing, ray tracing buy, buy ray tracing, ray tracing recommendation, recommendation ray tracing, ray tracing tips, tips ray tracing, ray tracing tutorial, tutorial ray tracing, ray tracing guide, guide ray tracing, ray tracing how to, how to ray tracing, ray tracing vs, vs ray tracing, ray tracing versus, versus ray tracing, ray tracing compared to, compared to ray tracing, ray tracing comparison, comparison ray tracing, ray tracing alternatives, alternatives ray tracing, ray tracing which is better, which is better ray tracing, ray tracing expensive, expensive ray tracing, ray tracing discount, discount ray tracing, ray tracing deals, deals ray tracing, ray tracing sale, sale ray tracing, ray tracing affordable, affordable ray tracing, ray tracing cost, cost ray tracing, ray tracing online, online ray tracing, ray tracing offline, offline ray tracing, ray tracing marketplace, marketplace ray tracing, ray tracing store, store ray tracing, ray tracing shop, shop ray tracing, ray tracing retailer, retailer ray tracing, ray tracing where to buy, where to buy ray tracing, ray tracing worst, worst ray tracing, ray tracing quality, quality ray tracing, ray tracing original, original ray tracing, ray tracing genuine, genuine ray tracing, ray tracing fake, fake ray tracing, ray tracing replica, replica ray tracing, ray tracing authentic, authentic ray tracing, ray tracing brand, brand ray tracing, ray tracing manufacturer, manufacturer ray tracing, ray tracing company, company ray tracing, ray tracing product, product ray tracing, ray tracing nvidia product, nvidia product ray tracing, ray tracing sell nvidia, sell nvidia ray tracing, ray tracing buy nvidia, buy nvidia ray tracing, ray tracing cheap nvidia, cheap nvidia ray tracing, ray tracing best nvidia, best nvidia ray tracing, ray tracing nvidia review, nvidia review ray tracing, ray tracing where to buy nvidia, where to buy nvidia ray tracing, ray tracing how to choose nvidia, how to choose nvidia ray tracing, ray tracing top nvidia, top nvidia ray tracing, ray tracing nvidia guide, nvidia guide ray tracing, ray tracing nvidia for sale, nvidia for sale ray tracing, ray tracing nvidia deals, nvidia deals ray tracing, graphics card nvidia, nvidia graphics card, graphics card cheap, cheap graphics card, graphics card best, best graphics card, graphics card latest, latest graphics card, graphics card review, review graphics card, graphics card price, price graphics card, graphics card sell, sell graphics card, graphics card buy, buy graphics card, graphics card recommendation, recommendation graphics card, graphics card tips, tips graphics card, graphics card tutorial, tutorial graphics card, graphics card guide, guide graphics card, graphics card how to, how to graphics card, graphics card vs, vs graphics card, graphics card versus, versus graphics card, graphics card compared to, compared to graphics card, graphics card comparison, comparison graphics card, graphics card alternatives, alternatives graphics card, graphics card which is better, which is better graphics card, graphics card expensive, expensive graphics card, graphics card discount, discount graphics card, graphics card deals, deals graphics card, graphics card sale, sale graphics card, graphics card affordable, affordable graphics card, graphics card cost, cost graphics card, graphics card online, online graphics card, graphics card offline, offline graphics card, graphics card marketplace, marketplace graphics card, graphics card store, store graphics card, graphics card shop, shop graphics card, graphics card retailer, retailer graphics card, graphics card where to buy, where to buy graphics card, graphics card worst, worst graphics card, graphics card quality, quality graphics card, graphics card original, original graphics card, graphics card genuine, genuine graphics card, graphics card fake, fake graphics card, graphics card replica, replica graphics card, graphics card authentic, authentic graphics card, graphics card brand, brand graphics card, graphics card manufacturer, manufacturer graphics card, graphics card company, company graphics card, graphics card product, product graphics card, graphics card nvidia product, nvidia product graphics card, graphics card sell nvidia, sell nvidia graphics card, graphics card buy nvidia, buy nvidia graphics card, graphics card cheap nvidia, cheap nvidia graphics card, graphics card best nvidia, best nvidia graphics card, graphics card nvidia review, nvidia review graphics card, graphics card where to buy nvidia, where to buy nvidia graphics card, graphics card how to choose nvidia, how to choose nvidia graphics card, graphics card top nvidia, top nvidia graphics card, graphics card nvidia guide, nvidia guide graphics card, graphics card nvidia for sale, nvidia for sale graphics card, graphics card nvidia deals, nvidia deals graphics card
2026-08-26 01:53:57,756 - INFO - Expanded 220 seed keywords to 385 variations
2026-08-26 01:53:57,756 - INFO - Language: en
2026-08-26 01:53:57,756 - INFO - Region: us
2026-08-26 01:54:32,338 - INFO - 🎯 After all filtering for 'nvidia': 120 relevant keywords
2026-08-26 01:54:32,450 - INFO - 🎯 Found 2 new keywords for niche 'nvidia': nvidia affordable graphics card, nvidia affordable ray tracing
2026-08-26 01:54:47,937 - INFO - ✅ Niche 'nvidia' process complete! 858 total keyword results.
2026-08-26 01:54:47,937 - INFO - ✅ Completed processing niche: 'nvidia'
2026-08-26 01:54:47,937 - INFO - 🔧 Request Handler final stats - Success rate: 100.0%
2026-08-26 01:54:47,937 - INFO -    Total requests: 180543, Blocks: 1
2026-08-26 01:54:47,938 - INFO - 
========================================
2026-08-26 01:54:47,938 - INFO - Process Summary:
2026-08-26 01:54:47,939 - INFO - - Current niche: 'nvidia'
2026-08-26 01:54:47,939 - INFO - - Next niche will be: 'amd'
2026-08-26 01:54:47,939 - INFO - - Keywords saved in: languages/english/keywords/nvidia/
2026-08-26 01:54:47,939 - INFO - ========================================
