2026-08-21 19:35:21,851 - INFO - Log file created at: /home/runner/work/potensitech.com/potensitech.com/languages/english/keywords/logs/kw_search_20260821_193521.log
2026-08-21 19:35:21,852 - INFO - ============================================================
2026-08-21 19:35:21,852 - INFO - AUTOMATIC KEYWORD RESEARCH TOOL
2026-08-21 19:35:21,852 - INFO - ============================================================
2026-08-21 19:35:22,179 - INFO - ========================================
2026-08-21 19:35:22,180 - INFO - Found 14 niches to process: xiaomi, iphone, samsung, apple, sony, asus, philips, sandisk, intel, nvidia, amd, canon, nikon, huawei
2026-08-21 19:35:22,180 - INFO - ========================================
2026-08-21 19:35:22,180 - INFO - Continuing from last processed niche: intel
2026-08-21 19:35:22,180 - INFO - ========================================
2026-08-21 19:35:22,180 - INFO - 🎯 PROCESSING NICHE 10/14: 'nvidia'
2026-08-21 19:35:22,180 - INFO - ========================================
2026-08-21 19:35:22,180 - INFO - 📁 Niche directory: /home/runner/work/potensitech.com/potensitech.com/languages/english/keywords/nvidia
2026-08-21 19:35:22,180 - INFO - Selected region: us
2026-08-21 19:35:22,180 - INFO - Selected language: en
2026-08-21 19:35:22,180 - INFO - 🎯 Current niche: nvidia
2026-08-21 19:35:22,897 - INFO - 🎯 Niche terms for filtering: nvidia, cheap, best, latest, review, price, sell, buy, recommendation, tips, tutorial, guide, how to, vs, versus, compared to, comparison, alternatives, which is better, expensive, discount, deals, sale, affordable, cost, online, offline, marketplace, store, shop, retailer, where to buy, worst, quality, original, genuine, fake, replica, authentic, brand, manufacturer, company, product, nvidia product, sell nvidia, buy nvidia, cheap nvidia, best nvidia, nvidia review, where to buy nvidia, how to choose nvidia, top nvidia, nvidia guide, nvidia for sale, nvidia deals
2026-08-21 19:35:22,898 - INFO - Generated 50 niche-clue pairs for 'nvidia'.
2026-08-21 19:35:22,901 - INFO - Expanded 50 seed keywords to 218 variations
2026-08-21 19:35:22,908 - INFO - 🔧 Request Handler initialized - Success rate: 100.0%
2026-08-21 19:39:47,445 - INFO - Original clue keywords: dslr, mirrorless
2026-08-21 19:39:47,445 - INFO - Niche-focused seeds: dslr nvidia, nvidia dslr, dslr cheap, cheap dslr, dslr best, best dslr, dslr latest, latest dslr, dslr review, review dslr, dslr price, price dslr, dslr sell, sell dslr, dslr buy, buy dslr, dslr recommendation, recommendation dslr, dslr tips, tips dslr, dslr tutorial, tutorial dslr, dslr guide, guide dslr, dslr how to, how to dslr, dslr vs, vs dslr, dslr versus, versus dslr, dslr compared to, compared to dslr, dslr comparison, comparison dslr, dslr alternatives, alternatives dslr, dslr which is better, which is better dslr, dslr expensive, expensive dslr, dslr discount, discount dslr, dslr deals, deals dslr, dslr sale, sale dslr, dslr affordable, affordable dslr, dslr cost, cost dslr, dslr online, online dslr, dslr offline, offline dslr, dslr marketplace, marketplace dslr, dslr store, store dslr, dslr shop, shop dslr, dslr retailer, retailer dslr, dslr where to buy, where to buy dslr, dslr worst, worst dslr, dslr quality, quality dslr, dslr original, original dslr, dslr genuine, genuine dslr, dslr fake, fake dslr, dslr replica, replica dslr, dslr authentic, authentic dslr, dslr brand, brand dslr, dslr manufacturer, manufacturer dslr, dslr company, company dslr, dslr product, product dslr, dslr nvidia product, nvidia product dslr, dslr sell nvidia, sell nvidia dslr, dslr buy nvidia, buy nvidia dslr, dslr cheap nvidia, cheap nvidia dslr, dslr best nvidia, best nvidia dslr, dslr nvidia review, nvidia review dslr, dslr where to buy nvidia, where to buy nvidia dslr, dslr how to choose nvidia, how to choose nvidia dslr, dslr top nvidia, top nvidia dslr, dslr nvidia guide, nvidia guide dslr, dslr nvidia for sale, nvidia for sale dslr, dslr nvidia deals, nvidia deals dslr, mirrorless nvidia, nvidia mirrorless, mirrorless cheap, cheap mirrorless, mirrorless best, best mirrorless, mirrorless latest, latest mirrorless, mirrorless review, review mirrorless, mirrorless price, price mirrorless, mirrorless sell, sell mirrorless, mirrorless buy, buy mirrorless, mirrorless recommendation, recommendation mirrorless, mirrorless tips, tips mirrorless, mirrorless tutorial, tutorial mirrorless, mirrorless guide, guide mirrorless, mirrorless how to, how to mirrorless, mirrorless vs, vs mirrorless, mirrorless versus, versus mirrorless, mirrorless compared to, compared to mirrorless, mirrorless comparison, comparison mirrorless, mirrorless alternatives, alternatives mirrorless, mirrorless which is better, which is better mirrorless, mirrorless expensive, expensive mirrorless, mirrorless discount, discount mirrorless, mirrorless deals, deals mirrorless, mirrorless sale, sale mirrorless, mirrorless affordable, affordable mirrorless, mirrorless cost, cost mirrorless, mirrorless online, online mirrorless, mirrorless offline, offline mirrorless, mirrorless marketplace, marketplace mirrorless, mirrorless store, store mirrorless, mirrorless shop, shop mirrorless, mirrorless retailer, retailer mirrorless, mirrorless where to buy, where to buy mirrorless, mirrorless worst, worst mirrorless, mirrorless quality, quality mirrorless, mirrorless original, original mirrorless, mirrorless genuine, genuine mirrorless, mirrorless fake, fake mirrorless, mirrorless replica, replica mirrorless, mirrorless authentic, authentic mirrorless, mirrorless brand, brand mirrorless, mirrorless manufacturer, manufacturer mirrorless, mirrorless company, company mirrorless, mirrorless product, product mirrorless, mirrorless nvidia product, nvidia product mirrorless, mirrorless sell nvidia, sell nvidia mirrorless, mirrorless buy nvidia, buy nvidia mirrorless, mirrorless cheap nvidia, cheap nvidia mirrorless, mirrorless best nvidia, best nvidia mirrorless, mirrorless nvidia review, nvidia review mirrorless, mirrorless where to buy nvidia, where to buy nvidia mirrorless, mirrorless how to choose nvidia, how to choose nvidia mirrorless, mirrorless top nvidia, top nvidia mirrorless, mirrorless nvidia guide, nvidia guide mirrorless, mirrorless nvidia for sale, nvidia for sale mirrorless, mirrorless nvidia deals, nvidia deals mirrorless
2026-08-21 19:39:47,449 - INFO - Expanded 220 seed keywords to 385 variations
2026-08-21 19:39:47,449 - INFO - Language: en
2026-08-21 19:39:47,449 - INFO - Region: us
2026-08-21 19:44:19,958 - INFO - 🎯 After all filtering for 'nvidia': 120 relevant keywords
2026-08-21 19:44:20,196 - INFO - 🎯 Found 5 new keywords for niche 'nvidia': nvidia affordable dslr, cheap affordable dslr, best affordable dslr, how to affordable dslr, nvidia affordable mirrorless
2026-08-21 19:44:20,746 - INFO - ✅ Niche 'nvidia' process complete! 852 total keyword results.
2026-08-21 19:44:20,746 - INFO - ✅ Completed processing niche: 'nvidia'
2026-08-21 19:44:20,746 - INFO - 🔧 Request Handler final stats - Success rate: 100.0%
2026-08-21 19:44:20,747 - INFO -    Total requests: 177519, Blocks: 1
2026-08-21 19:44:20,747 - INFO - 
========================================
2026-08-21 19:44:20,748 - INFO - Process Summary:
2026-08-21 19:44:20,748 - INFO - - Current niche: 'nvidia'
2026-08-21 19:44:20,748 - INFO - - Next niche will be: 'amd'
2026-08-21 19:44:20,748 - INFO - - Keywords saved in: languages/english/keywords/nvidia/
2026-08-21 19:44:20,748 - INFO - ========================================
