2026-08-20 17:09:54,719 - INFO - Log file created at: /home/runner/work/potensitech.com/potensitech.com/languages/english/keywords/logs/kw_search_20260820_170954.log
2026-08-20 17:09:54,719 - INFO - ============================================================
2026-08-20 17:09:54,719 - INFO - AUTOMATIC KEYWORD RESEARCH TOOL
2026-08-20 17:09:54,719 - INFO - ============================================================
2026-08-20 17:09:54,957 - INFO - ========================================
2026-08-20 17:09:54,957 - INFO - Found 14 niches to process: xiaomi, iphone, samsung, apple, sony, asus, philips, sandisk, intel, nvidia, amd, canon, nikon, huawei
2026-08-20 17:09:54,957 - INFO - ========================================
2026-08-20 17:09:54,957 - INFO - Continuing from last processed niche: canon
2026-08-20 17:09:54,957 - INFO - ========================================
2026-08-20 17:09:54,957 - INFO - 🎯 PROCESSING NICHE 13/14: 'nikon'
2026-08-20 17:09:54,957 - INFO - ========================================
2026-08-20 17:09:54,957 - INFO - 📁 Niche directory: /home/runner/work/potensitech.com/potensitech.com/languages/english/keywords/nikon
2026-08-20 17:09:54,957 - INFO - Selected region: us
2026-08-20 17:09:54,957 - INFO - Selected language: en
2026-08-20 17:09:54,957 - INFO - 🎯 Current niche: nikon
2026-08-20 17:09:55,481 - INFO - 🎯 Niche terms for filtering: nikon, cheap, best, latest, review, price, sell, buy, recommendation, tips, tutorial, guide, how to, vs, versus, compared to, comparison, alternatives, which is better, expensive, discount, deals, sale, affordable, cost, online, offline, marketplace, store, shop, retailer, where to buy, worst, quality, original, genuine, fake, replica, authentic, brand, manufacturer, company, product, nikon product, sell nikon, buy nikon, cheap nikon, best nikon, nikon review, where to buy nikon, how to choose nikon, top nikon, nikon guide, nikon for sale, nikon deals
2026-08-20 17:09:55,481 - INFO - Generated 50 niche-clue pairs for 'nikon'.
2026-08-20 17:09:55,482 - INFO - Expanded 50 seed keywords to 218 variations
2026-08-20 17:09:55,488 - INFO - 🔧 Request Handler initialized - Success rate: 100.0%
2026-08-20 17:14:20,470 - INFO - Original clue keywords: autofocus, dslr
2026-08-20 17:14:20,470 - INFO - Niche-focused seeds: autofocus nikon, nikon autofocus, autofocus cheap, cheap autofocus, autofocus best, best autofocus, autofocus latest, latest autofocus, autofocus review, review autofocus, autofocus price, price autofocus, autofocus sell, sell autofocus, autofocus buy, buy autofocus, autofocus recommendation, recommendation autofocus, autofocus tips, tips autofocus, autofocus tutorial, tutorial autofocus, autofocus guide, guide autofocus, autofocus how to, how to autofocus, autofocus vs, vs autofocus, autofocus versus, versus autofocus, autofocus compared to, compared to autofocus, autofocus comparison, comparison autofocus, autofocus alternatives, alternatives autofocus, autofocus which is better, which is better autofocus, autofocus expensive, expensive autofocus, autofocus discount, discount autofocus, autofocus deals, deals autofocus, autofocus sale, sale autofocus, autofocus affordable, affordable autofocus, autofocus cost, cost autofocus, autofocus online, online autofocus, autofocus offline, offline autofocus, autofocus marketplace, marketplace autofocus, autofocus store, store autofocus, autofocus shop, shop autofocus, autofocus retailer, retailer autofocus, autofocus where to buy, where to buy autofocus, autofocus worst, worst autofocus, autofocus quality, quality autofocus, autofocus original, original autofocus, autofocus genuine, genuine autofocus, autofocus fake, fake autofocus, autofocus replica, replica autofocus, autofocus authentic, authentic autofocus, autofocus brand, brand autofocus, autofocus manufacturer, manufacturer autofocus, autofocus company, company autofocus, autofocus product, product autofocus, autofocus nikon product, nikon product autofocus, autofocus sell nikon, sell nikon autofocus, autofocus buy nikon, buy nikon autofocus, autofocus cheap nikon, cheap nikon autofocus, autofocus best nikon, best nikon autofocus, autofocus nikon review, nikon review autofocus, autofocus where to buy nikon, where to buy nikon autofocus, autofocus how to choose nikon, how to choose nikon autofocus, autofocus top nikon, top nikon autofocus, autofocus nikon guide, nikon guide autofocus, autofocus nikon for sale, nikon for sale autofocus, autofocus nikon deals, nikon deals autofocus, dslr nikon, nikon dslr, dslr cheap, cheap dslr, dslr best, best dslr, dslr latest, latest dslr, dslr review, review dslr, dslr price, price dslr, dslr sell, sell dslr, dslr buy, buy dslr, dslr recommendation, recommendation dslr, dslr tips, tips dslr, dslr tutorial, tutorial dslr, dslr guide, guide dslr, dslr how to, how to dslr, dslr vs, vs dslr, dslr versus, versus dslr, dslr compared to, compared to dslr, dslr comparison, comparison dslr, dslr alternatives, alternatives dslr, dslr which is better, which is better dslr, dslr expensive, expensive dslr, dslr discount, discount dslr, dslr deals, deals dslr, dslr sale, sale dslr, dslr affordable, affordable dslr, dslr cost, cost dslr, dslr online, online dslr, dslr offline, offline dslr, dslr marketplace, marketplace dslr, dslr store, store dslr, dslr shop, shop dslr, dslr retailer, retailer dslr, dslr where to buy, where to buy dslr, dslr worst, worst dslr, dslr quality, quality dslr, dslr original, original dslr, dslr genuine, genuine dslr, dslr fake, fake dslr, dslr replica, replica dslr, dslr authentic, authentic dslr, dslr brand, brand dslr, dslr manufacturer, manufacturer dslr, dslr company, company dslr, dslr product, product dslr, dslr nikon product, nikon product dslr, dslr sell nikon, sell nikon dslr, dslr buy nikon, buy nikon dslr, dslr cheap nikon, cheap nikon dslr, dslr best nikon, best nikon dslr, dslr nikon review, nikon review dslr, dslr where to buy nikon, where to buy nikon dslr, dslr how to choose nikon, how to choose nikon dslr, dslr top nikon, top nikon dslr, dslr nikon guide, nikon guide dslr, dslr nikon for sale, nikon for sale dslr, dslr nikon deals, nikon deals dslr
2026-08-20 17:14:20,471 - INFO - Expanded 220 seed keywords to 385 variations
2026-08-20 17:14:20,471 - INFO - Language: en
2026-08-20 17:14:20,471 - INFO - Region: us
2026-08-20 17:15:35,477 - INFO - 🎯 After all filtering for 'nikon': 120 relevant keywords
2026-08-20 17:15:35,596 - INFO - 🎯 Found 5 new keywords for niche 'nikon': nikon affordable autofocus, cheap affordable autofocus, best affordable autofocus, how to affordable autofocus, nikon affordable dslr
2026-08-20 17:15:35,960 - INFO - ✅ Niche 'nikon' process complete! 671 total keyword results.
2026-08-20 17:15:35,961 - INFO - ✅ Completed processing niche: 'nikon'
2026-08-20 17:15:35,961 - INFO - 🔧 Request Handler final stats - Success rate: 100.0%
2026-08-20 17:15:35,961 - INFO -    Total requests: 176512, Blocks: 1
2026-08-20 17:15:35,962 - INFO - 
========================================
2026-08-20 17:15:35,962 - INFO - Process Summary:
2026-08-20 17:15:35,962 - INFO - - Current niche: 'nikon'
2026-08-20 17:15:35,962 - INFO - - Next niche will be: 'huawei'
2026-08-20 17:15:35,962 - INFO - - Keywords saved in: languages/english/keywords/nikon/
2026-08-20 17:15:35,962 - INFO - ========================================
