2026-09-01 09:37:18,238 - INFO - Log file created at: /home/runner/work/potensitech.com/potensitech.com/languages/english/keywords/logs/kw_search_20260901_093718.log
2026-09-01 09:37:18,238 - INFO - ============================================================
2026-09-01 09:37:18,238 - INFO - AUTOMATIC KEYWORD RESEARCH TOOL
2026-09-01 09:37:18,238 - INFO - ============================================================
2026-09-01 09:37:18,581 - INFO - ========================================
2026-09-01 09:37:18,581 - INFO - Found 14 niches to process: xiaomi, iphone, samsung, apple, sony, asus, philips, sandisk, intel, nvidia, amd, canon, nikon, huawei
2026-09-01 09:37:18,582 - INFO - ========================================
2026-09-01 09:37:18,582 - INFO - Continuing from last processed niche: xiaomi
2026-09-01 09:37:18,582 - INFO - ========================================
2026-09-01 09:37:18,582 - INFO - 🎯 PROCESSING NICHE 2/14: 'iphone'
2026-09-01 09:37:18,582 - INFO - ========================================
2026-09-01 09:37:18,582 - INFO - 📁 Niche directory: /home/runner/work/potensitech.com/potensitech.com/languages/english/keywords/iphone
2026-09-01 09:37:18,582 - INFO - Selected region: us
2026-09-01 09:37:18,582 - INFO - Selected language: en
2026-09-01 09:37:18,582 - INFO - 🎯 Current niche: iphone
2026-09-01 09:37:29,866 - INFO - 🎯 Niche terms for filtering: iphone, cheap, best, latest, review, price, sell, buy, recommendation, tips, tutorial, guide, how to, vs, versus, compared to, comparison, alternatives, which is better, expensive, discount, deals, sale, affordable, cost, online, offline, marketplace, store, shop, retailer, where to buy, worst, quality, original, genuine, fake, replica, authentic, brand, manufacturer, company, product, iphone product, sell iphone, buy iphone, cheap iphone, best iphone, iphone review, where to buy iphone, how to choose iphone, top iphone, iphone guide, iphone for sale, iphone deals
2026-09-01 09:37:29,867 - INFO - Generated 50 niche-clue pairs for 'iphone'.
2026-09-01 09:37:29,870 - INFO - Expanded 50 seed keywords to 218 variations
2026-09-01 09:37:29,871 - INFO - 🔧 Request Handler initialized - Success rate: 100.0%
2026-09-01 09:41:50,277 - INFO - Original clue keywords: air-purifier, coffee-machine
2026-09-01 09:41:50,277 - INFO - Niche-focused seeds: air-purifier iphone, iphone air-purifier, air-purifier cheap, cheap air-purifier, air-purifier best, best air-purifier, air-purifier latest, latest air-purifier, air-purifier review, review air-purifier, air-purifier price, price air-purifier, air-purifier sell, sell air-purifier, air-purifier buy, buy air-purifier, air-purifier recommendation, recommendation air-purifier, air-purifier tips, tips air-purifier, air-purifier tutorial, tutorial air-purifier, air-purifier guide, guide air-purifier, air-purifier how to, how to air-purifier, air-purifier vs, vs air-purifier, air-purifier versus, versus air-purifier, air-purifier compared to, compared to air-purifier, air-purifier comparison, comparison air-purifier, air-purifier alternatives, alternatives air-purifier, air-purifier which is better, which is better air-purifier, air-purifier expensive, expensive air-purifier, air-purifier discount, discount air-purifier, air-purifier deals, deals air-purifier, air-purifier sale, sale air-purifier, air-purifier affordable, affordable air-purifier, air-purifier cost, cost air-purifier, air-purifier online, online air-purifier, air-purifier offline, offline air-purifier, air-purifier marketplace, marketplace air-purifier, air-purifier store, store air-purifier, air-purifier shop, shop air-purifier, air-purifier retailer, retailer air-purifier, air-purifier where to buy, where to buy air-purifier, air-purifier worst, worst air-purifier, air-purifier quality, quality air-purifier, air-purifier original, original air-purifier, air-purifier genuine, genuine air-purifier, air-purifier fake, fake air-purifier, air-purifier replica, replica air-purifier, air-purifier authentic, authentic air-purifier, air-purifier brand, brand air-purifier, air-purifier manufacturer, manufacturer air-purifier, air-purifier company, company air-purifier, air-purifier product, product air-purifier, air-purifier iphone product, iphone product air-purifier, air-purifier sell iphone, sell iphone air-purifier, air-purifier buy iphone, buy iphone air-purifier, air-purifier cheap iphone, cheap iphone air-purifier, air-purifier best iphone, best iphone air-purifier, air-purifier iphone review, iphone review air-purifier, air-purifier where to buy iphone, where to buy iphone air-purifier, air-purifier how to choose iphone, how to choose iphone air-purifier, air-purifier top iphone, top iphone air-purifier, air-purifier iphone guide, iphone guide air-purifier, air-purifier iphone for sale, iphone for sale air-purifier, air-purifier iphone deals, iphone deals air-purifier, coffee-machine iphone, iphone coffee-machine, coffee-machine cheap, cheap coffee-machine, coffee-machine best, best coffee-machine, coffee-machine latest, latest coffee-machine, coffee-machine review, review coffee-machine, coffee-machine price, price coffee-machine, coffee-machine sell, sell coffee-machine, coffee-machine buy, buy coffee-machine, coffee-machine recommendation, recommendation coffee-machine, coffee-machine tips, tips coffee-machine, coffee-machine tutorial, tutorial coffee-machine, coffee-machine guide, guide coffee-machine, coffee-machine how to, how to coffee-machine, coffee-machine vs, vs coffee-machine, coffee-machine versus, versus coffee-machine, coffee-machine compared to, compared to coffee-machine, coffee-machine comparison, comparison coffee-machine, coffee-machine alternatives, alternatives coffee-machine, coffee-machine which is better, which is better coffee-machine, coffee-machine expensive, expensive coffee-machine, coffee-machine discount, discount coffee-machine, coffee-machine deals, deals coffee-machine, coffee-machine sale, sale coffee-machine, coffee-machine affordable, affordable coffee-machine, coffee-machine cost, cost coffee-machine, coffee-machine online, online coffee-machine, coffee-machine offline, offline coffee-machine, coffee-machine marketplace, marketplace coffee-machine, coffee-machine store, store coffee-machine, coffee-machine shop, shop coffee-machine, coffee-machine retailer, retailer coffee-machine, coffee-machine where to buy, where to buy coffee-machine, coffee-machine worst, worst coffee-machine, coffee-machine quality, quality coffee-machine, coffee-machine original, original coffee-machine, coffee-machine genuine, genuine coffee-machine, coffee-machine fake, fake coffee-machine, coffee-machine replica, replica coffee-machine, coffee-machine authentic, authentic coffee-machine, coffee-machine brand, brand coffee-machine, coffee-machine manufacturer, manufacturer coffee-machine, coffee-machine company, company coffee-machine, coffee-machine product, product coffee-machine, coffee-machine iphone product, iphone product coffee-machine, coffee-machine sell iphone, sell iphone coffee-machine, coffee-machine buy iphone, buy iphone coffee-machine, coffee-machine cheap iphone, cheap iphone coffee-machine, coffee-machine best iphone, best iphone coffee-machine, coffee-machine iphone review, iphone review coffee-machine, coffee-machine where to buy iphone, where to buy iphone coffee-machine, coffee-machine how to choose iphone, how to choose iphone coffee-machine, coffee-machine top iphone, top iphone coffee-machine, coffee-machine iphone guide, iphone guide coffee-machine, coffee-machine iphone for sale, iphone for sale coffee-machine, coffee-machine iphone deals, iphone deals coffee-machine
2026-09-01 09:41:50,280 - INFO - Expanded 220 seed keywords to 385 variations
2026-09-01 09:41:50,281 - INFO - Language: en
2026-09-01 09:41:50,281 - INFO - Region: us
2026-09-01 09:46:21,119 - INFO - 🎯 After all filtering for 'iphone': 120 relevant keywords
2026-09-01 09:46:21,439 - INFO - 🎯 Found 5 new keywords for niche 'iphone': iphone affordable air-purifier, cheap affordable air-purifier, best affordable air-purifier, iphone affordable coffee-machine, cheap affordable coffee-machine
2026-09-01 09:46:37,412 - INFO - ✅ Niche 'iphone' process complete! 869 total keyword results.
2026-09-01 09:46:37,412 - INFO - ✅ Completed processing niche: 'iphone'
2026-09-01 09:46:37,412 - INFO - 🔧 Request Handler final stats - Success rate: 100.0%
2026-09-01 09:46:37,412 - INFO -    Total requests: 185433, Blocks: 1
2026-09-01 09:46:37,413 - INFO - 
========================================
2026-09-01 09:46:37,414 - INFO - Process Summary:
2026-09-01 09:46:37,414 - INFO - - Current niche: 'iphone'
2026-09-01 09:46:37,414 - INFO - - Next niche will be: 'samsung'
2026-09-01 09:46:37,414 - INFO - - Keywords saved in: languages/english/keywords/iphone/
2026-09-01 09:46:37,415 - INFO - ========================================
