2026-10-02 17:21:31,152 - INFO - Log file created at: /home/runner/work/potensitech.com/potensitech.com/languages/english/keywords/logs/kw_search_20261002_172131.log
2026-10-02 17:21:31,152 - INFO - ============================================================
2026-10-02 17:21:31,152 - INFO - AUTOMATIC KEYWORD RESEARCH TOOL
2026-10-02 17:21:31,152 - INFO - ============================================================
2026-10-02 17:21:31,636 - INFO - ========================================
2026-10-02 17:21:31,636 - INFO - Found 14 niches to process: xiaomi, iphone, samsung, apple, sony, asus, philips, sandisk, intel, nvidia, amd, canon, nikon, huawei
2026-10-02 17:21:31,636 - INFO - ========================================
2026-10-02 17:21:31,636 - INFO - Continuing from last processed niche: sony
2026-10-02 17:21:31,636 - INFO - ========================================
2026-10-02 17:21:31,636 - INFO - 🎯 PROCESSING NICHE 6/14: 'asus'
2026-10-02 17:21:31,636 - INFO - ========================================
2026-10-02 17:21:31,636 - INFO - 📁 Niche directory: /home/runner/work/potensitech.com/potensitech.com/languages/english/keywords/asus
2026-10-02 17:21:31,636 - INFO - Selected region: us
2026-10-02 17:21:31,637 - INFO - Selected language: en
2026-10-02 17:21:31,637 - INFO - 🎯 Current niche: asus
2026-10-02 17:21:42,442 - INFO - 🎯 Niche terms for filtering: asus, cheap, best, latest, review, price, sell, buy, recommendation, tips, tutorial, guide, how to, vs, versus, compared to, comparison, alternatives, which is better, expensive, discount, deals, sale, affordable, cost, online, offline, marketplace, store, shop, retailer, where to buy, worst, quality, original, genuine, fake, replica, authentic, brand, manufacturer, company, product, asus product, sell asus, buy asus, cheap asus, best asus, asus review, where to buy asus, how to choose asus, top asus, asus guide, asus for sale, asus deals
2026-10-02 17:21:42,443 - INFO - Generated 50 niche-clue pairs for 'asus'.
2026-10-02 17:21:42,446 - INFO - Expanded 50 seed keywords to 218 variations
2026-10-02 17:21:42,447 - INFO - 🔧 Request Handler initialized - Success rate: 100.0%
2026-10-02 17:26:05,628 - INFO - Original clue keywords: core count, thermal performance
2026-10-02 17:26:05,628 - INFO - Niche-focused seeds: core count asus, asus core count, core count cheap, cheap core count, core count best, best core count, core count latest, latest core count, core count review, review core count, core count price, price core count, core count sell, sell core count, core count buy, buy core count, core count recommendation, recommendation core count, core count tips, tips core count, core count tutorial, tutorial core count, core count guide, guide core count, core count how to, how to core count, core count vs, vs core count, core count versus, versus core count, core count compared to, compared to core count, core count comparison, comparison core count, core count alternatives, alternatives core count, core count which is better, which is better core count, core count expensive, expensive core count, core count discount, discount core count, core count deals, deals core count, core count sale, sale core count, core count affordable, affordable core count, core count cost, cost core count, core count online, online core count, core count offline, offline core count, core count marketplace, marketplace core count, core count store, store core count, core count shop, shop core count, core count retailer, retailer core count, core count where to buy, where to buy core count, core count worst, worst core count, core count quality, quality core count, core count original, original core count, core count genuine, genuine core count, core count fake, fake core count, core count replica, replica core count, core count authentic, authentic core count, core count brand, brand core count, core count manufacturer, manufacturer core count, core count company, company core count, core count product, product core count, core count asus product, asus product core count, core count sell asus, sell asus core count, core count buy asus, buy asus core count, core count cheap asus, cheap asus core count, core count best asus, best asus core count, core count asus review, asus review core count, core count where to buy asus, where to buy asus core count, core count how to choose asus, how to choose asus core count, core count top asus, top asus core count, core count asus guide, asus guide core count, core count asus for sale, asus for sale core count, core count asus deals, asus deals core count, thermal performance asus, asus thermal performance, thermal performance cheap, cheap thermal performance, thermal performance best, best thermal performance, thermal performance latest, latest thermal performance, thermal performance review, review thermal performance, thermal performance price, price thermal performance, thermal performance sell, sell thermal performance, thermal performance buy, buy thermal performance, thermal performance recommendation, recommendation thermal performance, thermal performance tips, tips thermal performance, thermal performance tutorial, tutorial thermal performance, thermal performance guide, guide thermal performance, thermal performance how to, how to thermal performance, thermal performance vs, vs thermal performance, thermal performance versus, versus thermal performance, thermal performance compared to, compared to thermal performance, thermal performance comparison, comparison thermal performance, thermal performance alternatives, alternatives thermal performance, thermal performance which is better, which is better thermal performance, thermal performance expensive, expensive thermal performance, thermal performance discount, discount thermal performance, thermal performance deals, deals thermal performance, thermal performance sale, sale thermal performance, thermal performance affordable, affordable thermal performance, thermal performance cost, cost thermal performance, thermal performance online, online thermal performance, thermal performance offline, offline thermal performance, thermal performance marketplace, marketplace thermal performance, thermal performance store, store thermal performance, thermal performance shop, shop thermal performance, thermal performance retailer, retailer thermal performance, thermal performance where to buy, where to buy thermal performance, thermal performance worst, worst thermal performance, thermal performance quality, quality thermal performance, thermal performance original, original thermal performance, thermal performance genuine, genuine thermal performance, thermal performance fake, fake thermal performance, thermal performance replica, replica thermal performance, thermal performance authentic, authentic thermal performance, thermal performance brand, brand thermal performance, thermal performance manufacturer, manufacturer thermal performance, thermal performance company, company thermal performance, thermal performance product, product thermal performance, thermal performance asus product, asus product thermal performance, thermal performance sell asus, sell asus thermal performance, thermal performance buy asus, buy asus thermal performance, thermal performance cheap asus, cheap asus thermal performance, thermal performance best asus, best asus thermal performance, thermal performance asus review, asus review thermal performance, thermal performance where to buy asus, where to buy asus thermal performance, thermal performance how to choose asus, how to choose asus thermal performance, thermal performance top asus, top asus thermal performance, thermal performance asus guide, asus guide thermal performance, thermal performance asus for sale, asus for sale thermal performance, thermal performance asus deals, asus deals thermal performance
2026-10-02 17:26:05,631 - INFO - Expanded 220 seed keywords to 385 variations
2026-10-02 17:26:05,631 - INFO - Language: en
2026-10-02 17:26:05,631 - INFO - Region: us
2026-10-02 17:30:39,226 - INFO - 🎯 After all filtering for 'asus': 120 relevant keywords
2026-10-02 17:30:40,822 - INFO - 🎯 Found 5 new keywords for niche 'asus': asus affordable core count, asus affordable thermal performance, cheap alternatives core count, cheap alternatives thermal performance, best authentic core count
2026-10-02 17:30:56,698 - INFO - ✅ Niche 'asus' process complete! 881 total keyword results.
2026-10-02 17:30:56,698 - INFO - ✅ Completed processing niche: 'asus'
2026-10-02 17:30:56,698 - INFO - 🔧 Request Handler final stats - Success rate: 100.0%
2026-10-02 17:30:56,698 - INFO -    Total requests: 212262, Blocks: 1
2026-10-02 17:30:56,699 - INFO - 
========================================
2026-10-02 17:30:56,700 - INFO - Process Summary:
2026-10-02 17:30:56,700 - INFO - - Current niche: 'asus'
2026-10-02 17:30:56,700 - INFO - - Next niche will be: 'philips'
2026-10-02 17:30:56,700 - INFO - - Keywords saved in: languages/english/keywords/asus/
2026-10-02 17:30:56,700 - INFO - ========================================
