2026-10-08 18:21:35,058 - INFO - Log file created at: /home/runner/work/potensitech.com/potensitech.com/languages/english/keywords/logs/kw_search_20261008_182135.log
2026-10-08 18:21:35,058 - INFO - ============================================================
2026-10-08 18:21:35,058 - INFO - AUTOMATIC KEYWORD RESEARCH TOOL
2026-10-08 18:21:35,058 - INFO - ============================================================
2026-10-08 18:21:35,622 - INFO - ========================================
2026-10-08 18:21:35,622 - INFO - Found 14 niches to process: xiaomi, iphone, samsung, apple, sony, asus, philips, sandisk, intel, nvidia, amd, canon, nikon, huawei
2026-10-08 18:21:35,622 - INFO - ========================================
2026-10-08 18:21:35,622 - INFO - Continuing from last processed niche: sandisk
2026-10-08 18:21:35,622 - INFO - ========================================
2026-10-08 18:21:35,622 - INFO - 🎯 PROCESSING NICHE 9/14: 'intel'
2026-10-08 18:21:35,622 - INFO - ========================================
2026-10-08 18:21:35,622 - INFO - 📁 Niche directory: /home/runner/work/potensitech.com/potensitech.com/languages/english/keywords/intel
2026-10-08 18:21:35,623 - INFO - Selected region: us
2026-10-08 18:21:35,623 - INFO - Selected language: en
2026-10-08 18:21:35,623 - INFO - 🎯 Current niche: intel
2026-10-08 18:21:46,280 - INFO - 🎯 Niche terms for filtering: intel, cheap, best, latest, review, price, sell, buy, recommendation, tips, tutorial, guide, how to, vs, versus, compared to, comparison, alternatives, which is better, expensive, discount, deals, sale, affordable, cost, online, offline, marketplace, store, shop, retailer, where to buy, worst, quality, original, genuine, fake, replica, authentic, brand, manufacturer, company, product, intel product, sell intel, buy intel, cheap intel, best intel, intel review, where to buy intel, how to choose intel, top intel, intel guide, intel for sale, intel deals
2026-10-08 18:21:46,281 - INFO - Generated 50 niche-clue pairs for 'intel'.
2026-10-08 18:21:46,284 - INFO - Expanded 50 seed keywords to 218 variations
2026-10-08 18:21:46,285 - INFO - 🔧 Request Handler initialized - Success rate: 100.0%
2026-10-08 18:26:13,883 - INFO - Original clue keywords: core performance, camera
2026-10-08 18:26:13,883 - INFO - Niche-focused seeds: core performance intel, intel core performance, core performance cheap, cheap core performance, core performance best, best core performance, core performance latest, latest core performance, core performance review, review core performance, core performance price, price core performance, core performance sell, sell core performance, core performance buy, buy core performance, core performance recommendation, recommendation core performance, core performance tips, tips core performance, core performance tutorial, tutorial core performance, core performance guide, guide core performance, core performance how to, how to core performance, core performance vs, vs core performance, core performance versus, versus core performance, core performance compared to, compared to core performance, core performance comparison, comparison core performance, core performance alternatives, alternatives core performance, core performance which is better, which is better core performance, core performance expensive, expensive core performance, core performance discount, discount core performance, core performance deals, deals core performance, core performance sale, sale core performance, core performance affordable, affordable core performance, core performance cost, cost core performance, core performance online, online core performance, core performance offline, offline core performance, core performance marketplace, marketplace core performance, core performance store, store core performance, core performance shop, shop core performance, core performance retailer, retailer core performance, core performance where to buy, where to buy core performance, core performance worst, worst core performance, core performance quality, quality core performance, core performance original, original core performance, core performance genuine, genuine core performance, core performance fake, fake core performance, core performance replica, replica core performance, core performance authentic, authentic core performance, core performance brand, brand core performance, core performance manufacturer, manufacturer core performance, core performance company, company core performance, core performance product, product core performance, core performance intel product, intel product core performance, core performance sell intel, sell intel core performance, core performance buy intel, buy intel core performance, core performance cheap intel, cheap intel core performance, core performance best intel, best intel core performance, core performance intel review, intel review core performance, core performance where to buy intel, where to buy intel core performance, core performance how to choose intel, how to choose intel core performance, core performance top intel, top intel core performance, core performance intel guide, intel guide core performance, core performance intel for sale, intel for sale core performance, core performance intel deals, intel deals core performance, camera intel, intel camera, camera cheap, cheap camera, camera best, best camera, camera latest, latest camera, camera review, review camera, camera price, price camera, camera sell, sell camera, camera buy, buy camera, camera recommendation, recommendation camera, camera tips, tips camera, camera tutorial, tutorial camera, camera guide, guide camera, camera how to, how to camera, camera vs, vs camera, camera versus, versus camera, camera compared to, compared to camera, camera comparison, comparison camera, camera alternatives, alternatives camera, camera which is better, which is better camera, camera expensive, expensive camera, camera discount, discount camera, camera deals, deals camera, camera sale, sale camera, camera affordable, affordable camera, camera cost, cost camera, camera online, online camera, camera offline, offline camera, camera marketplace, marketplace camera, camera store, store camera, camera shop, shop camera, camera retailer, retailer camera, camera where to buy, where to buy camera, camera worst, worst camera, camera quality, quality camera, camera original, original camera, camera genuine, genuine camera, camera fake, fake camera, camera replica, replica camera, camera authentic, authentic camera, camera brand, brand camera, camera manufacturer, manufacturer camera, camera company, company camera, camera product, product camera, camera intel product, intel product camera, camera sell intel, sell intel camera, camera buy intel, buy intel camera, camera cheap intel, cheap intel camera, camera best intel, best intel camera, camera intel review, intel review camera, camera where to buy intel, where to buy intel camera, camera how to choose intel, how to choose intel camera, camera top intel, top intel camera, camera intel guide, intel guide camera, camera intel for sale, intel for sale camera, camera intel deals, intel deals camera
2026-10-08 18:26:13,887 - INFO - Expanded 220 seed keywords to 385 variations
2026-10-08 18:26:13,887 - INFO - Language: en
2026-10-08 18:26:13,887 - INFO - Region: us
2026-10-08 18:30:46,686 - INFO - 🎯 After all filtering for 'intel': 119 relevant keywords
2026-10-08 18:30:47,040 - INFO - 🎯 Found 5 new keywords for niche 'intel': intel affordable camera, cheap affordable camera, best affordable camera, intel alternatives camera, cheap alternatives camera
2026-10-08 18:31:03,277 - INFO - ✅ Niche 'intel' process complete! 1065 total keyword results.
2026-10-08 18:31:03,278 - INFO - ✅ Completed processing niche: 'intel'
2026-10-08 18:31:03,278 - INFO - 🔧 Request Handler final stats - Success rate: 100.0%
2026-10-08 18:31:03,278 - INFO -    Total requests: 217574, Blocks: 1
2026-10-08 18:31:03,279 - INFO - 
========================================
2026-10-08 18:31:03,279 - INFO - Process Summary:
2026-10-08 18:31:03,279 - INFO - - Current niche: 'intel'
2026-10-08 18:31:03,279 - INFO - - Next niche will be: 'nvidia'
2026-10-08 18:31:03,279 - INFO - - Keywords saved in: languages/english/keywords/intel/
2026-10-08 18:31:03,280 - INFO - ========================================
