2026-08-18 01:42:51,177 - INFO - Log file created at: /home/runner/work/potensitech.com/potensitech.com/languages/english/keywords/logs/kw_search_20260818_014251.log
2026-08-18 01:42:51,177 - INFO - ============================================================
2026-08-18 01:42:51,177 - INFO - AUTOMATIC KEYWORD RESEARCH TOOL
2026-08-18 01:42:51,177 - INFO - ============================================================
2026-08-18 01:42:51,446 - INFO - ========================================
2026-08-18 01:42:51,446 - INFO - Found 14 niches to process: xiaomi, iphone, samsung, apple, sony, asus, philips, sandisk, intel, nvidia, amd, canon, nikon, huawei
2026-08-18 01:42:51,447 - INFO - ========================================
2026-08-18 01:42:51,447 - INFO - Continuing from last processed niche: nikon
2026-08-18 01:42:51,447 - INFO - ========================================
2026-08-18 01:42:51,447 - INFO - 🎯 PROCESSING NICHE 14/14: 'huawei'
2026-08-18 01:42:51,447 - INFO - ========================================
2026-08-18 01:42:51,447 - INFO - 📁 Niche directory: /home/runner/work/potensitech.com/potensitech.com/languages/english/keywords/huawei
2026-08-18 01:42:51,447 - INFO - Selected region: us
2026-08-18 01:42:51,447 - INFO - Selected language: en
2026-08-18 01:42:51,447 - INFO - 🎯 Current niche: huawei
2026-08-18 01:42:52,174 - INFO - 🎯 Niche terms for filtering: huawei, cheap, best, latest, review, price, sell, buy, recommendation, tips, tutorial, guide, how to, vs, versus, compared to, comparison, alternatives, which is better, expensive, discount, deals, sale, affordable, cost, online, offline, marketplace, store, shop, retailer, where to buy, worst, quality, original, genuine, fake, replica, authentic, brand, manufacturer, company, product, huawei product, sell huawei, buy huawei, cheap huawei, best huawei, huawei review, where to buy huawei, how to choose huawei, top huawei, huawei guide, huawei for sale, huawei deals
2026-08-18 01:42:52,175 - INFO - Generated 50 niche-clue pairs for 'huawei'.
2026-08-18 01:42:52,178 - INFO - Expanded 50 seed keywords to 218 variations
2026-08-18 01:42:52,183 - INFO - 🔧 Request Handler initialized - Success rate: 100.0%
2026-08-18 01:47:14,571 - INFO - Original clue keywords: gaming smartphone, flagship phone
2026-08-18 01:47:14,571 - INFO - Niche-focused seeds: gaming smartphone huawei, huawei gaming smartphone, gaming smartphone cheap, cheap gaming smartphone, gaming smartphone best, best gaming smartphone, gaming smartphone latest, latest gaming smartphone, gaming smartphone review, review gaming smartphone, gaming smartphone price, price gaming smartphone, gaming smartphone sell, sell gaming smartphone, gaming smartphone buy, buy gaming smartphone, gaming smartphone recommendation, recommendation gaming smartphone, gaming smartphone tips, tips gaming smartphone, gaming smartphone tutorial, tutorial gaming smartphone, gaming smartphone guide, guide gaming smartphone, gaming smartphone how to, how to gaming smartphone, gaming smartphone vs, vs gaming smartphone, gaming smartphone versus, versus gaming smartphone, gaming smartphone compared to, compared to gaming smartphone, gaming smartphone comparison, comparison gaming smartphone, gaming smartphone alternatives, alternatives gaming smartphone, gaming smartphone which is better, which is better gaming smartphone, gaming smartphone expensive, expensive gaming smartphone, gaming smartphone discount, discount gaming smartphone, gaming smartphone deals, deals gaming smartphone, gaming smartphone sale, sale gaming smartphone, gaming smartphone affordable, affordable gaming smartphone, gaming smartphone cost, cost gaming smartphone, gaming smartphone online, online gaming smartphone, gaming smartphone offline, offline gaming smartphone, gaming smartphone marketplace, marketplace gaming smartphone, gaming smartphone store, store gaming smartphone, gaming smartphone shop, shop gaming smartphone, gaming smartphone retailer, retailer gaming smartphone, gaming smartphone where to buy, where to buy gaming smartphone, gaming smartphone worst, worst gaming smartphone, gaming smartphone quality, quality gaming smartphone, gaming smartphone original, original gaming smartphone, gaming smartphone genuine, genuine gaming smartphone, gaming smartphone fake, fake gaming smartphone, gaming smartphone replica, replica gaming smartphone, gaming smartphone authentic, authentic gaming smartphone, gaming smartphone brand, brand gaming smartphone, gaming smartphone manufacturer, manufacturer gaming smartphone, gaming smartphone company, company gaming smartphone, gaming smartphone product, product gaming smartphone, gaming smartphone huawei product, huawei product gaming smartphone, gaming smartphone sell huawei, sell huawei gaming smartphone, gaming smartphone buy huawei, buy huawei gaming smartphone, gaming smartphone cheap huawei, cheap huawei gaming smartphone, gaming smartphone best huawei, best huawei gaming smartphone, gaming smartphone huawei review, huawei review gaming smartphone, gaming smartphone where to buy huawei, where to buy huawei gaming smartphone, gaming smartphone how to choose huawei, how to choose huawei gaming smartphone, gaming smartphone top huawei, top huawei gaming smartphone, gaming smartphone huawei guide, huawei guide gaming smartphone, gaming smartphone huawei for sale, huawei for sale gaming smartphone, gaming smartphone huawei deals, huawei deals gaming smartphone, flagship phone huawei, huawei flagship phone, flagship phone cheap, cheap flagship phone, flagship phone best, best flagship phone, flagship phone latest, latest flagship phone, flagship phone review, review flagship phone, flagship phone price, price flagship phone, flagship phone sell, sell flagship phone, flagship phone buy, buy flagship phone, flagship phone recommendation, recommendation flagship phone, flagship phone tips, tips flagship phone, flagship phone tutorial, tutorial flagship phone, flagship phone guide, guide flagship phone, flagship phone how to, how to flagship phone, flagship phone vs, vs flagship phone, flagship phone versus, versus flagship phone, flagship phone compared to, compared to flagship phone, flagship phone comparison, comparison flagship phone, flagship phone alternatives, alternatives flagship phone, flagship phone which is better, which is better flagship phone, flagship phone expensive, expensive flagship phone, flagship phone discount, discount flagship phone, flagship phone deals, deals flagship phone, flagship phone sale, sale flagship phone, flagship phone affordable, affordable flagship phone, flagship phone cost, cost flagship phone, flagship phone online, online flagship phone, flagship phone offline, offline flagship phone, flagship phone marketplace, marketplace flagship phone, flagship phone store, store flagship phone, flagship phone shop, shop flagship phone, flagship phone retailer, retailer flagship phone, flagship phone where to buy, where to buy flagship phone, flagship phone worst, worst flagship phone, flagship phone quality, quality flagship phone, flagship phone original, original flagship phone, flagship phone genuine, genuine flagship phone, flagship phone fake, fake flagship phone, flagship phone replica, replica flagship phone, flagship phone authentic, authentic flagship phone, flagship phone brand, brand flagship phone, flagship phone manufacturer, manufacturer flagship phone, flagship phone company, company flagship phone, flagship phone product, product flagship phone, flagship phone huawei product, huawei product flagship phone, flagship phone sell huawei, sell huawei flagship phone, flagship phone buy huawei, buy huawei flagship phone, flagship phone cheap huawei, cheap huawei flagship phone, flagship phone best huawei, best huawei flagship phone, flagship phone huawei review, huawei review flagship phone, flagship phone where to buy huawei, where to buy huawei flagship phone, flagship phone how to choose huawei, how to choose huawei flagship phone, flagship phone top huawei, top huawei flagship phone, flagship phone huawei guide, huawei guide flagship phone, flagship phone huawei for sale, huawei for sale flagship phone, flagship phone huawei deals, huawei deals flagship phone
2026-08-18 01:47:14,574 - INFO - Expanded 220 seed keywords to 385 variations
2026-08-18 01:47:14,574 - INFO - Language: en
2026-08-18 01:47:14,574 - INFO - Region: us
2026-08-18 01:51:43,765 - INFO - 🎯 After all filtering for 'huawei': 120 relevant keywords
2026-08-18 01:51:45,616 - INFO - 🎯 Found 4 new keywords for niche 'huawei': huawei affordable flagship phone, huawei affordable gaming smartphone, cheap alternatives flagship phone, best authentic flagship phone
2026-08-18 01:51:46,104 - INFO - ✅ Niche 'huawei' process complete! 639 total keyword results.
2026-08-18 01:51:46,105 - INFO - ✅ Completed processing niche: 'huawei'
2026-08-18 01:51:46,105 - INFO - 🔧 Request Handler final stats - Success rate: 100.0%
2026-08-18 01:51:46,105 - INFO -    Total requests: 174279, Blocks: 1
2026-08-18 01:51:46,106 - INFO - 
========================================
2026-08-18 01:51:46,106 - INFO - Process Summary:
2026-08-18 01:51:46,106 - INFO - - Current niche: 'huawei'
2026-08-18 01:51:46,106 - INFO - - Next niche will be: 'xiaomi'
2026-08-18 01:51:46,106 - INFO - - Keywords saved in: languages/english/keywords/huawei/
2026-08-18 01:51:46,106 - INFO - ========================================
