2026-10-03 00:42:57,204 - INFO - Log file created at: /home/runner/work/potensitech.com/potensitech.com/languages/english/keywords/logs/kw_search_20261003_004257.log
2026-10-03 00:42:57,204 - INFO - ============================================================
2026-10-03 00:42:57,204 - INFO - AUTOMATIC KEYWORD RESEARCH TOOL
2026-10-03 00:42:57,204 - INFO - ============================================================
2026-10-03 00:42:57,504 - INFO - ========================================
2026-10-03 00:42:57,504 - INFO - Found 14 niches to process: xiaomi, iphone, samsung, apple, sony, asus, philips, sandisk, intel, nvidia, amd, canon, nikon, huawei
2026-10-03 00:42:57,504 - INFO - ========================================
2026-10-03 00:42:57,504 - INFO - Continuing from last processed niche: intel
2026-10-03 00:42:57,504 - INFO - ========================================
2026-10-03 00:42:57,504 - INFO - 🎯 PROCESSING NICHE 10/14: 'nvidia'
2026-10-03 00:42:57,504 - INFO - ========================================
2026-10-03 00:42:57,504 - INFO - 📁 Niche directory: /home/runner/work/potensitech.com/potensitech.com/languages/english/keywords/nvidia
2026-10-03 00:42:57,504 - INFO - Selected region: us
2026-10-03 00:42:57,504 - INFO - Selected language: en
2026-10-03 00:42:57,504 - INFO - 🎯 Current niche: nvidia
2026-10-03 00:43:08,509 - INFO - 🎯 Niche terms for filtering: nvidia, cheap, best, latest, review, price, sell, buy, recommendation, tips, tutorial, guide, how to, vs, versus, compared to, comparison, alternatives, which is better, expensive, discount, deals, sale, affordable, cost, online, offline, marketplace, store, shop, retailer, where to buy, worst, quality, original, genuine, fake, replica, authentic, brand, manufacturer, company, product, nvidia product, sell nvidia, buy nvidia, cheap nvidia, best nvidia, nvidia review, where to buy nvidia, how to choose nvidia, top nvidia, nvidia guide, nvidia for sale, nvidia deals
2026-10-03 00:43:08,509 - INFO - Generated 50 niche-clue pairs for 'nvidia'.
2026-10-03 00:43:08,511 - INFO - Expanded 50 seed keywords to 218 variations
2026-10-03 00:43:08,511 - INFO - 🔧 Request Handler initialized - Success rate: 100.0%
2026-10-03 00:47:34,368 - INFO - Original clue keywords: core count, thermal performance
2026-10-03 00:47:34,369 - INFO - Niche-focused seeds: core count nvidia, nvidia core count, core count cheap, cheap core count, core count best, best core count, core count latest, latest core count, core count review, review core count, core count price, price core count, core count sell, sell core count, core count buy, buy core count, core count recommendation, recommendation core count, core count tips, tips core count, core count tutorial, tutorial core count, core count guide, guide core count, core count how to, how to core count, core count vs, vs core count, core count versus, versus core count, core count compared to, compared to core count, core count comparison, comparison core count, core count alternatives, alternatives core count, core count which is better, which is better core count, core count expensive, expensive core count, core count discount, discount core count, core count deals, deals core count, core count sale, sale core count, core count affordable, affordable core count, core count cost, cost core count, core count online, online core count, core count offline, offline core count, core count marketplace, marketplace core count, core count store, store core count, core count shop, shop core count, core count retailer, retailer core count, core count where to buy, where to buy core count, core count worst, worst core count, core count quality, quality core count, core count original, original core count, core count genuine, genuine core count, core count fake, fake core count, core count replica, replica core count, core count authentic, authentic core count, core count brand, brand core count, core count manufacturer, manufacturer core count, core count company, company core count, core count product, product core count, core count nvidia product, nvidia product core count, core count sell nvidia, sell nvidia core count, core count buy nvidia, buy nvidia core count, core count cheap nvidia, cheap nvidia core count, core count best nvidia, best nvidia core count, core count nvidia review, nvidia review core count, core count where to buy nvidia, where to buy nvidia core count, core count how to choose nvidia, how to choose nvidia core count, core count top nvidia, top nvidia core count, core count nvidia guide, nvidia guide core count, core count nvidia for sale, nvidia for sale core count, core count nvidia deals, nvidia deals core count, thermal performance nvidia, nvidia thermal performance, thermal performance cheap, cheap thermal performance, thermal performance best, best thermal performance, thermal performance latest, latest thermal performance, thermal performance review, review thermal performance, thermal performance price, price thermal performance, thermal performance sell, sell thermal performance, thermal performance buy, buy thermal performance, thermal performance recommendation, recommendation thermal performance, thermal performance tips, tips thermal performance, thermal performance tutorial, tutorial thermal performance, thermal performance guide, guide thermal performance, thermal performance how to, how to thermal performance, thermal performance vs, vs thermal performance, thermal performance versus, versus thermal performance, thermal performance compared to, compared to thermal performance, thermal performance comparison, comparison thermal performance, thermal performance alternatives, alternatives thermal performance, thermal performance which is better, which is better thermal performance, thermal performance expensive, expensive thermal performance, thermal performance discount, discount thermal performance, thermal performance deals, deals thermal performance, thermal performance sale, sale thermal performance, thermal performance affordable, affordable thermal performance, thermal performance cost, cost thermal performance, thermal performance online, online thermal performance, thermal performance offline, offline thermal performance, thermal performance marketplace, marketplace thermal performance, thermal performance store, store thermal performance, thermal performance shop, shop thermal performance, thermal performance retailer, retailer thermal performance, thermal performance where to buy, where to buy thermal performance, thermal performance worst, worst thermal performance, thermal performance quality, quality thermal performance, thermal performance original, original thermal performance, thermal performance genuine, genuine thermal performance, thermal performance fake, fake thermal performance, thermal performance replica, replica thermal performance, thermal performance authentic, authentic thermal performance, thermal performance brand, brand thermal performance, thermal performance manufacturer, manufacturer thermal performance, thermal performance company, company thermal performance, thermal performance product, product thermal performance, thermal performance nvidia product, nvidia product thermal performance, thermal performance sell nvidia, sell nvidia thermal performance, thermal performance buy nvidia, buy nvidia thermal performance, thermal performance cheap nvidia, cheap nvidia thermal performance, thermal performance best nvidia, best nvidia thermal performance, thermal performance nvidia review, nvidia review thermal performance, thermal performance where to buy nvidia, where to buy nvidia thermal performance, thermal performance how to choose nvidia, how to choose nvidia thermal performance, thermal performance top nvidia, top nvidia thermal performance, thermal performance nvidia guide, nvidia guide thermal performance, thermal performance nvidia for sale, nvidia for sale thermal performance, thermal performance nvidia deals, nvidia deals thermal performance
2026-10-03 00:47:34,370 - INFO - Expanded 220 seed keywords to 385 variations
2026-10-03 00:47:34,370 - INFO - Language: en
2026-10-03 00:47:34,370 - INFO - Region: us
2026-10-03 00:50:00,211 - INFO - 🎯 After all filtering for 'nvidia': 120 relevant keywords
2026-10-03 00:50:01,203 - INFO - 🎯 Found 5 new keywords for niche 'nvidia': nvidia affordable core count, nvidia affordable thermal performance, cheap alternatives core count, cheap alternatives thermal performance, best authentic core count
2026-10-03 00:50:17,426 - INFO - ✅ Niche 'nvidia' process complete! 908 total keyword results.
2026-10-03 00:50:17,427 - INFO - ✅ Completed processing niche: 'nvidia'
2026-10-03 00:50:17,427 - INFO - 🔧 Request Handler final stats - Success rate: 100.0%
2026-10-03 00:50:17,427 - INFO -    Total requests: 212617, Blocks: 1
2026-10-03 00:50:17,428 - INFO - 
========================================
2026-10-03 00:50:17,428 - INFO - Process Summary:
2026-10-03 00:50:17,428 - INFO - - Current niche: 'nvidia'
2026-10-03 00:50:17,428 - INFO - - Next niche will be: 'amd'
2026-10-03 00:50:17,428 - INFO - - Keywords saved in: languages/english/keywords/nvidia/
2026-10-03 00:50:17,429 - INFO - ========================================
