2026-09-15 23:40:28,543 - INFO - Log file created at: /home/runner/work/potensitech.com/potensitech.com/languages/english/keywords/logs/kw_search_20260915_234028.log
2026-09-15 23:40:28,543 - INFO - ============================================================
2026-09-15 23:40:28,543 - INFO - AUTOMATIC KEYWORD RESEARCH TOOL
2026-09-15 23:40:28,543 - INFO - ============================================================
2026-09-15 23:40:28,935 - INFO - ========================================
2026-09-15 23:40:28,935 - INFO - Found 14 niches to process: xiaomi, iphone, samsung, apple, sony, asus, philips, sandisk, intel, nvidia, amd, canon, nikon, huawei
2026-09-15 23:40:28,935 - INFO - ========================================
2026-09-15 23:40:28,935 - INFO - Continuing from last processed niche: philips
2026-09-15 23:40:28,935 - INFO - ========================================
2026-09-15 23:40:28,935 - INFO - 🎯 PROCESSING NICHE 8/14: 'sandisk'
2026-09-15 23:40:28,935 - INFO - ========================================
2026-09-15 23:40:28,935 - INFO - 📁 Niche directory: /home/runner/work/potensitech.com/potensitech.com/languages/english/keywords/sandisk
2026-09-15 23:40:28,936 - INFO - Selected region: us
2026-09-15 23:40:28,936 - INFO - Selected language: en
2026-09-15 23:40:28,936 - INFO - 🎯 Current niche: sandisk
2026-09-15 23:40:39,409 - INFO - 🎯 Niche terms for filtering: sandisk, cheap, best, latest, review, price, sell, buy, recommendation, tips, tutorial, guide, how to, vs, versus, compared to, comparison, alternatives, which is better, expensive, discount, deals, sale, affordable, cost, online, offline, marketplace, store, shop, retailer, where to buy, worst, quality, original, genuine, fake, replica, authentic, brand, manufacturer, company, product, sandisk product, sell sandisk, buy sandisk, cheap sandisk, best sandisk, sandisk review, where to buy sandisk, how to choose sandisk, top sandisk, sandisk guide, sandisk for sale, sandisk deals
2026-09-15 23:40:39,410 - INFO - Generated 50 niche-clue pairs for 'sandisk'.
2026-09-15 23:40:39,414 - INFO - Expanded 50 seed keywords to 218 variations
2026-09-15 23:40:39,414 - INFO - 🔧 Request Handler initialized - Success rate: 100.0%
2026-09-15 23:45:06,896 - INFO - Original clue keywords: audio systems, smart lighting
2026-09-15 23:45:06,896 - INFO - Niche-focused seeds: audio systems sandisk, sandisk audio systems, audio systems cheap, cheap audio systems, audio systems best, best audio systems, audio systems latest, latest audio systems, audio systems review, review audio systems, audio systems price, price audio systems, audio systems sell, sell audio systems, audio systems buy, buy audio systems, audio systems recommendation, recommendation audio systems, audio systems tips, tips audio systems, audio systems tutorial, tutorial audio systems, audio systems guide, guide audio systems, audio systems how to, how to audio systems, audio systems vs, vs audio systems, audio systems versus, versus audio systems, audio systems compared to, compared to audio systems, audio systems comparison, comparison audio systems, audio systems alternatives, alternatives audio systems, audio systems which is better, which is better audio systems, audio systems expensive, expensive audio systems, audio systems discount, discount audio systems, audio systems deals, deals audio systems, audio systems sale, sale audio systems, audio systems affordable, affordable audio systems, audio systems cost, cost audio systems, audio systems online, online audio systems, audio systems offline, offline audio systems, audio systems marketplace, marketplace audio systems, audio systems store, store audio systems, audio systems shop, shop audio systems, audio systems retailer, retailer audio systems, audio systems where to buy, where to buy audio systems, audio systems worst, worst audio systems, audio systems quality, quality audio systems, audio systems original, original audio systems, audio systems genuine, genuine audio systems, audio systems fake, fake audio systems, audio systems replica, replica audio systems, audio systems authentic, authentic audio systems, audio systems brand, brand audio systems, audio systems manufacturer, manufacturer audio systems, audio systems company, company audio systems, audio systems product, product audio systems, audio systems sandisk product, sandisk product audio systems, audio systems sell sandisk, sell sandisk audio systems, audio systems buy sandisk, buy sandisk audio systems, audio systems cheap sandisk, cheap sandisk audio systems, audio systems best sandisk, best sandisk audio systems, audio systems sandisk review, sandisk review audio systems, audio systems where to buy sandisk, where to buy sandisk audio systems, audio systems how to choose sandisk, how to choose sandisk audio systems, audio systems top sandisk, top sandisk audio systems, audio systems sandisk guide, sandisk guide audio systems, audio systems sandisk for sale, sandisk for sale audio systems, audio systems sandisk deals, sandisk deals audio systems, smart lighting sandisk, sandisk smart lighting, smart lighting cheap, cheap smart lighting, smart lighting best, best smart lighting, smart lighting latest, latest smart lighting, smart lighting review, review smart lighting, smart lighting price, price smart lighting, smart lighting sell, sell smart lighting, smart lighting buy, buy smart lighting, smart lighting recommendation, recommendation smart lighting, smart lighting tips, tips smart lighting, smart lighting tutorial, tutorial smart lighting, smart lighting guide, guide smart lighting, smart lighting how to, how to smart lighting, smart lighting vs, vs smart lighting, smart lighting versus, versus smart lighting, smart lighting compared to, compared to smart lighting, smart lighting comparison, comparison smart lighting, smart lighting alternatives, alternatives smart lighting, smart lighting which is better, which is better smart lighting, smart lighting expensive, expensive smart lighting, smart lighting discount, discount smart lighting, smart lighting deals, deals smart lighting, smart lighting sale, sale smart lighting, smart lighting affordable, affordable smart lighting, smart lighting cost, cost smart lighting, smart lighting online, online smart lighting, smart lighting offline, offline smart lighting, smart lighting marketplace, marketplace smart lighting, smart lighting store, store smart lighting, smart lighting shop, shop smart lighting, smart lighting retailer, retailer smart lighting, smart lighting where to buy, where to buy smart lighting, smart lighting worst, worst smart lighting, smart lighting quality, quality smart lighting, smart lighting original, original smart lighting, smart lighting genuine, genuine smart lighting, smart lighting fake, fake smart lighting, smart lighting replica, replica smart lighting, smart lighting authentic, authentic smart lighting, smart lighting brand, brand smart lighting, smart lighting manufacturer, manufacturer smart lighting, smart lighting company, company smart lighting, smart lighting product, product smart lighting, smart lighting sandisk product, sandisk product smart lighting, smart lighting sell sandisk, sell sandisk smart lighting, smart lighting buy sandisk, buy sandisk smart lighting, smart lighting cheap sandisk, cheap sandisk smart lighting, smart lighting best sandisk, best sandisk smart lighting, smart lighting sandisk review, sandisk review smart lighting, smart lighting where to buy sandisk, where to buy sandisk smart lighting, smart lighting how to choose sandisk, how to choose sandisk smart lighting, smart lighting top sandisk, top sandisk smart lighting, smart lighting sandisk guide, sandisk guide smart lighting, smart lighting sandisk for sale, sandisk for sale smart lighting, smart lighting sandisk deals, sandisk deals smart lighting
2026-09-15 23:45:06,900 - INFO - Expanded 220 seed keywords to 385 variations
2026-09-15 23:45:06,900 - INFO - Language: en
2026-09-15 23:45:06,900 - INFO - Region: us
2026-09-15 23:49:35,236 - INFO - 🎯 After all filtering for 'sandisk': 120 relevant keywords
2026-09-15 23:49:37,348 - INFO - 🎯 Found 5 new keywords for niche 'sandisk': sandisk affordable audio systems, sandisk affordable smart lighting, cheap alternatives audio systems, alternatives smart lighting cheap, best audio systems authentic
2026-09-15 23:49:53,282 - INFO - ✅ Niche 'sandisk' process complete! 852 total keyword results.
2026-09-15 23:49:53,282 - INFO - ✅ Completed processing niche: 'sandisk'
2026-09-15 23:49:53,282 - INFO - 🔧 Request Handler final stats - Success rate: 100.0%
2026-09-15 23:49:53,282 - INFO -    Total requests: 197883, Blocks: 1
2026-09-15 23:49:53,283 - INFO - 
========================================
2026-09-15 23:49:53,284 - INFO - Process Summary:
2026-09-15 23:49:53,284 - INFO - - Current niche: 'sandisk'
2026-09-15 23:49:53,284 - INFO - - Next niche will be: 'intel'
2026-09-15 23:49:53,284 - INFO - - Keywords saved in: languages/english/keywords/sandisk/
2026-09-15 23:49:53,284 - INFO - ========================================
