2026-08-11 20:04:21,232 - INFO - Log file created at: /home/runner/work/potensitech.com/potensitech.com/languages/english/keywords/logs/kw_search_20260811_200421.log
2026-08-11 20:04:21,233 - INFO - ============================================================
2026-08-11 20:04:21,233 - INFO - AUTOMATIC KEYWORD RESEARCH TOOL
2026-08-11 20:04:21,233 - INFO - ============================================================
2026-08-11 20:04:21,440 - INFO - ========================================
2026-08-11 20:04:21,440 - INFO - Found 14 niches to process: xiaomi, iphone, samsung, apple, sony, asus, philips, sandisk, intel, nvidia, amd, canon, nikon, huawei
2026-08-11 20:04:21,440 - INFO - ========================================
2026-08-11 20:04:21,440 - INFO - Continuing from last processed niche: philips
2026-08-11 20:04:21,440 - INFO - ========================================
2026-08-11 20:04:21,440 - INFO - 🎯 PROCESSING NICHE 8/14: 'sandisk'
2026-08-11 20:04:21,440 - INFO - ========================================
2026-08-11 20:04:21,440 - INFO - 📁 Niche directory: /home/runner/work/potensitech.com/potensitech.com/languages/english/keywords/sandisk
2026-08-11 20:04:21,441 - INFO - Selected region: us
2026-08-11 20:04:21,441 - INFO - Selected language: en
2026-08-11 20:04:21,441 - INFO - 🎯 Current niche: sandisk
2026-08-11 20:04:22,094 - INFO - 🎯 Niche terms for filtering: sandisk, cheap, best, latest, review, price, sell, buy, recommendation, tips, tutorial, guide, how to, vs, versus, compared to, comparison, alternatives, which is better, expensive, discount, deals, sale, affordable, cost, online, offline, marketplace, store, shop, retailer, where to buy, worst, quality, original, genuine, fake, replica, authentic, brand, manufacturer, company, product, sandisk product, sell sandisk, buy sandisk, cheap sandisk, best sandisk, sandisk review, where to buy sandisk, how to choose sandisk, top sandisk, sandisk guide, sandisk for sale, sandisk deals
2026-08-11 20:04:22,095 - INFO - Generated 50 niche-clue pairs for 'sandisk'.
2026-08-11 20:04:22,096 - INFO - Expanded 50 seed keywords to 218 variations
2026-08-11 20:04:22,097 - INFO - 🔧 Request Handler initialized - Success rate: 100.0%
2026-08-11 20:08:44,227 - INFO - Original clue keywords: mobile display, full-frame sensor
2026-08-11 20:08:44,227 - INFO - Niche-focused seeds: mobile display sandisk, sandisk mobile display, mobile display cheap, cheap mobile display, mobile display best, best mobile display, mobile display latest, latest mobile display, mobile display review, review mobile display, mobile display price, price mobile display, mobile display sell, sell mobile display, mobile display buy, buy mobile display, mobile display recommendation, recommendation mobile display, mobile display tips, tips mobile display, mobile display tutorial, tutorial mobile display, mobile display guide, guide mobile display, mobile display how to, how to mobile display, mobile display vs, vs mobile display, mobile display versus, versus mobile display, mobile display compared to, compared to mobile display, mobile display comparison, comparison mobile display, mobile display alternatives, alternatives mobile display, mobile display which is better, which is better mobile display, mobile display expensive, expensive mobile display, mobile display discount, discount mobile display, mobile display deals, deals mobile display, mobile display sale, sale mobile display, mobile display affordable, affordable mobile display, mobile display cost, cost mobile display, mobile display online, online mobile display, mobile display offline, offline mobile display, mobile display marketplace, marketplace mobile display, mobile display store, store mobile display, mobile display shop, shop mobile display, mobile display retailer, retailer mobile display, mobile display where to buy, where to buy mobile display, mobile display worst, worst mobile display, mobile display quality, quality mobile display, mobile display original, original mobile display, mobile display genuine, genuine mobile display, mobile display fake, fake mobile display, mobile display replica, replica mobile display, mobile display authentic, authentic mobile display, mobile display brand, brand mobile display, mobile display manufacturer, manufacturer mobile display, mobile display company, company mobile display, mobile display product, product mobile display, mobile display sandisk product, sandisk product mobile display, mobile display sell sandisk, sell sandisk mobile display, mobile display buy sandisk, buy sandisk mobile display, mobile display cheap sandisk, cheap sandisk mobile display, mobile display best sandisk, best sandisk mobile display, mobile display sandisk review, sandisk review mobile display, mobile display where to buy sandisk, where to buy sandisk mobile display, mobile display how to choose sandisk, how to choose sandisk mobile display, mobile display top sandisk, top sandisk mobile display, mobile display sandisk guide, sandisk guide mobile display, mobile display sandisk for sale, sandisk for sale mobile display, mobile display sandisk deals, sandisk deals mobile display, full-frame sensor sandisk, sandisk full-frame sensor, full-frame sensor cheap, cheap full-frame sensor, full-frame sensor best, best full-frame sensor, full-frame sensor latest, latest full-frame sensor, full-frame sensor review, review full-frame sensor, full-frame sensor price, price full-frame sensor, full-frame sensor sell, sell full-frame sensor, full-frame sensor buy, buy full-frame sensor, full-frame sensor recommendation, recommendation full-frame sensor, full-frame sensor tips, tips full-frame sensor, full-frame sensor tutorial, tutorial full-frame sensor, full-frame sensor guide, guide full-frame sensor, full-frame sensor how to, how to full-frame sensor, full-frame sensor vs, vs full-frame sensor, full-frame sensor versus, versus full-frame sensor, full-frame sensor compared to, compared to full-frame sensor, full-frame sensor comparison, comparison full-frame sensor, full-frame sensor alternatives, alternatives full-frame sensor, full-frame sensor which is better, which is better full-frame sensor, full-frame sensor expensive, expensive full-frame sensor, full-frame sensor discount, discount full-frame sensor, full-frame sensor deals, deals full-frame sensor, full-frame sensor sale, sale full-frame sensor, full-frame sensor affordable, affordable full-frame sensor, full-frame sensor cost, cost full-frame sensor, full-frame sensor online, online full-frame sensor, full-frame sensor offline, offline full-frame sensor, full-frame sensor marketplace, marketplace full-frame sensor, full-frame sensor store, store full-frame sensor, full-frame sensor shop, shop full-frame sensor, full-frame sensor retailer, retailer full-frame sensor, full-frame sensor where to buy, where to buy full-frame sensor, full-frame sensor worst, worst full-frame sensor, full-frame sensor quality, quality full-frame sensor, full-frame sensor original, original full-frame sensor, full-frame sensor genuine, genuine full-frame sensor, full-frame sensor fake, fake full-frame sensor, full-frame sensor replica, replica full-frame sensor, full-frame sensor authentic, authentic full-frame sensor, full-frame sensor brand, brand full-frame sensor, full-frame sensor manufacturer, manufacturer full-frame sensor, full-frame sensor company, company full-frame sensor, full-frame sensor product, product full-frame sensor, full-frame sensor sandisk product, sandisk product full-frame sensor, full-frame sensor sell sandisk, sell sandisk full-frame sensor, full-frame sensor buy sandisk, buy sandisk full-frame sensor, full-frame sensor cheap sandisk, cheap sandisk full-frame sensor, full-frame sensor best sandisk, best sandisk full-frame sensor, full-frame sensor sandisk review, sandisk review full-frame sensor, full-frame sensor where to buy sandisk, where to buy sandisk full-frame sensor, full-frame sensor how to choose sandisk, how to choose sandisk full-frame sensor, full-frame sensor top sandisk, top sandisk full-frame sensor, full-frame sensor sandisk guide, sandisk guide full-frame sensor, full-frame sensor sandisk for sale, sandisk for sale full-frame sensor, full-frame sensor sandisk deals, sandisk deals full-frame sensor
2026-08-11 20:08:44,229 - INFO - Expanded 220 seed keywords to 385 variations
2026-08-11 20:08:44,229 - INFO - Language: en
2026-08-11 20:08:44,229 - INFO - Region: us
2026-08-11 20:13:16,271 - INFO - 🎯 After all filtering for 'sandisk': 120 relevant keywords
2026-08-11 20:13:17,428 - INFO - 🎯 Found 5 new keywords for niche 'sandisk': sandisk affordable full-frame sensor, sandisk affordable mobile display, cheap alternatives full-frame sensor, cheap alternatives mobile display, best authentic full-frame sensor
2026-08-11 20:13:17,895 - INFO - ✅ Niche 'sandisk' process complete! 807 total keyword results.
2026-08-11 20:13:17,895 - INFO - ✅ Completed processing niche: 'sandisk'
2026-08-11 20:13:17,895 - INFO - 🔧 Request Handler final stats - Success rate: 100.0%
2026-08-11 20:13:17,895 - INFO -    Total requests: 169549, Blocks: 1
2026-08-11 20:13:17,896 - INFO - 
========================================
2026-08-11 20:13:17,896 - INFO - Process Summary:
2026-08-11 20:13:17,896 - INFO - - Current niche: 'sandisk'
2026-08-11 20:13:17,896 - INFO - - Next niche will be: 'intel'
2026-08-11 20:13:17,896 - INFO - - Keywords saved in: languages/english/keywords/sandisk/
2026-08-11 20:13:17,897 - INFO - ========================================
