2026-08-12 22:22:05,447 - INFO - Log file created at: /home/runner/work/potensitech.com/potensitech.com/languages/english/keywords/logs/kw_search_20260812_222205.log
2026-08-12 22:22:05,447 - INFO - ============================================================
2026-08-12 22:22:05,447 - INFO - AUTOMATIC KEYWORD RESEARCH TOOL
2026-08-12 22:22:05,447 - INFO - ============================================================
2026-08-12 22:22:05,738 - INFO - ========================================
2026-08-12 22:22:05,738 - INFO - Found 14 niches to process: xiaomi, iphone, samsung, apple, sony, asus, philips, sandisk, intel, nvidia, amd, canon, nikon, huawei
2026-08-12 22:22:05,738 - INFO - ========================================
2026-08-12 22:22:05,738 - INFO - Continuing from last processed niche: apple
2026-08-12 22:22:05,738 - INFO - ========================================
2026-08-12 22:22:05,738 - INFO - 🎯 PROCESSING NICHE 5/14: 'sony'
2026-08-12 22:22:05,738 - INFO - ========================================
2026-08-12 22:22:05,738 - INFO - 📁 Niche directory: /home/runner/work/potensitech.com/potensitech.com/languages/english/keywords/sony
2026-08-12 22:22:05,738 - INFO - Selected region: us
2026-08-12 22:22:05,739 - INFO - Selected language: en
2026-08-12 22:22:05,739 - INFO - 🎯 Current niche: sony
2026-08-12 22:22:06,494 - INFO - 🎯 Niche terms for filtering: sony, cheap, best, latest, review, price, sell, buy, recommendation, tips, tutorial, guide, how to, vs, versus, compared to, comparison, alternatives, which is better, expensive, discount, deals, sale, affordable, cost, online, offline, marketplace, store, shop, retailer, where to buy, worst, quality, original, genuine, fake, replica, authentic, brand, manufacturer, company, product, sony product, sell sony, buy sony, cheap sony, best sony, sony review, where to buy sony, how to choose sony, top sony, sony guide, sony for sale, sony deals
2026-08-12 22:22:06,495 - INFO - Generated 50 niche-clue pairs for 'sony'.
2026-08-12 22:22:06,498 - INFO - Expanded 50 seed keywords to 218 variations
2026-08-12 22:22:06,506 - INFO - 🔧 Request Handler initialized - Success rate: 100.0%
2026-08-12 22:26:29,922 - INFO - Original clue keywords: lens compatibility, processor performance
2026-08-12 22:26:29,923 - INFO - Niche-focused seeds: lens compatibility sony, sony lens compatibility, lens compatibility cheap, cheap lens compatibility, lens compatibility best, best lens compatibility, lens compatibility latest, latest lens compatibility, lens compatibility review, review lens compatibility, lens compatibility price, price lens compatibility, lens compatibility sell, sell lens compatibility, lens compatibility buy, buy lens compatibility, lens compatibility recommendation, recommendation lens compatibility, lens compatibility tips, tips lens compatibility, lens compatibility tutorial, tutorial lens compatibility, lens compatibility guide, guide lens compatibility, lens compatibility how to, how to lens compatibility, lens compatibility vs, vs lens compatibility, lens compatibility versus, versus lens compatibility, lens compatibility compared to, compared to lens compatibility, lens compatibility comparison, comparison lens compatibility, lens compatibility alternatives, alternatives lens compatibility, lens compatibility which is better, which is better lens compatibility, lens compatibility expensive, expensive lens compatibility, lens compatibility discount, discount lens compatibility, lens compatibility deals, deals lens compatibility, lens compatibility sale, sale lens compatibility, lens compatibility affordable, affordable lens compatibility, lens compatibility cost, cost lens compatibility, lens compatibility online, online lens compatibility, lens compatibility offline, offline lens compatibility, lens compatibility marketplace, marketplace lens compatibility, lens compatibility store, store lens compatibility, lens compatibility shop, shop lens compatibility, lens compatibility retailer, retailer lens compatibility, lens compatibility where to buy, where to buy lens compatibility, lens compatibility worst, worst lens compatibility, lens compatibility quality, quality lens compatibility, lens compatibility original, original lens compatibility, lens compatibility genuine, genuine lens compatibility, lens compatibility fake, fake lens compatibility, lens compatibility replica, replica lens compatibility, lens compatibility authentic, authentic lens compatibility, lens compatibility brand, brand lens compatibility, lens compatibility manufacturer, manufacturer lens compatibility, lens compatibility company, company lens compatibility, lens compatibility product, product lens compatibility, lens compatibility sony product, sony product lens compatibility, lens compatibility sell sony, sell sony lens compatibility, lens compatibility buy sony, buy sony lens compatibility, lens compatibility cheap sony, cheap sony lens compatibility, lens compatibility best sony, best sony lens compatibility, lens compatibility sony review, sony review lens compatibility, lens compatibility where to buy sony, where to buy sony lens compatibility, lens compatibility how to choose sony, how to choose sony lens compatibility, lens compatibility top sony, top sony lens compatibility, lens compatibility sony guide, sony guide lens compatibility, lens compatibility sony for sale, sony for sale lens compatibility, lens compatibility sony deals, sony deals lens compatibility, processor performance sony, sony processor performance, processor performance cheap, cheap processor performance, processor performance best, best processor performance, processor performance latest, latest processor performance, processor performance review, review processor performance, processor performance price, price processor performance, processor performance sell, sell processor performance, processor performance buy, buy processor performance, processor performance recommendation, recommendation processor performance, processor performance tips, tips processor performance, processor performance tutorial, tutorial processor performance, processor performance guide, guide processor performance, processor performance how to, how to processor performance, processor performance vs, vs processor performance, processor performance versus, versus processor performance, processor performance compared to, compared to processor performance, processor performance comparison, comparison processor performance, processor performance alternatives, alternatives processor performance, processor performance which is better, which is better processor performance, processor performance expensive, expensive processor performance, processor performance discount, discount processor performance, processor performance deals, deals processor performance, processor performance sale, sale processor performance, processor performance affordable, affordable processor performance, processor performance cost, cost processor performance, processor performance online, online processor performance, processor performance offline, offline processor performance, processor performance marketplace, marketplace processor performance, processor performance store, store processor performance, processor performance shop, shop processor performance, processor performance retailer, retailer processor performance, processor performance where to buy, where to buy processor performance, processor performance worst, worst processor performance, processor performance quality, quality processor performance, processor performance original, original processor performance, processor performance genuine, genuine processor performance, processor performance fake, fake processor performance, processor performance replica, replica processor performance, processor performance authentic, authentic processor performance, processor performance brand, brand processor performance, processor performance manufacturer, manufacturer processor performance, processor performance company, company processor performance, processor performance product, product processor performance, processor performance sony product, sony product processor performance, processor performance sell sony, sell sony processor performance, processor performance buy sony, buy sony processor performance, processor performance cheap sony, cheap sony processor performance, processor performance best sony, best sony processor performance, processor performance sony review, sony review processor performance, processor performance where to buy sony, where to buy sony processor performance, processor performance how to choose sony, how to choose sony processor performance, processor performance top sony, top sony processor performance, processor performance sony guide, sony guide processor performance, processor performance sony for sale, sony for sale processor performance, processor performance sony deals, sony deals processor performance
2026-08-12 22:26:29,926 - INFO - Expanded 220 seed keywords to 385 variations
2026-08-12 22:26:29,926 - INFO - Language: en
2026-08-12 22:26:29,926 - INFO - Region: us
2026-08-12 22:27:14,443 - INFO - 🎯 After all filtering for 'sony': 120 relevant keywords
2026-08-12 22:27:16,032 - INFO - 🎯 Found 5 new keywords for niche 'sony': sony affordable lens compatibility, sony affordable processor performance, cheap alternatives lens compatibility, best authentic lens compatibility, how to brand lens compatibility
2026-08-12 22:27:16,491 - INFO - ✅ Niche 'sony' process complete! 635 total keyword results.
2026-08-12 22:27:16,492 - INFO - ✅ Completed processing niche: 'sony'
2026-08-12 22:27:16,492 - INFO - 🔧 Request Handler final stats - Success rate: 100.0%
2026-08-12 22:27:16,492 - INFO -    Total requests: 170253, Blocks: 1
2026-08-12 22:27:16,493 - INFO - 
========================================
2026-08-12 22:27:16,493 - INFO - Process Summary:
2026-08-12 22:27:16,493 - INFO - - Current niche: 'sony'
2026-08-12 22:27:16,493 - INFO - - Next niche will be: 'asus'
2026-08-12 22:27:16,493 - INFO - - Keywords saved in: languages/english/keywords/sony/
2026-08-12 22:27:16,494 - INFO - ========================================
