2026-09-26 07:53:19,971 - INFO - Log file created at: /home/runner/work/potensitech.com/potensitech.com/languages/english/keywords/logs/kw_search_20260926_075319.log
2026-09-26 07:53:19,971 - INFO - ============================================================
2026-09-26 07:53:19,971 - INFO - AUTOMATIC KEYWORD RESEARCH TOOL
2026-09-26 07:53:19,971 - INFO - ============================================================
2026-09-26 07:53:20,364 - INFO - ========================================
2026-09-26 07:53:20,364 - INFO - Found 14 niches to process: xiaomi, iphone, samsung, apple, sony, asus, philips, sandisk, intel, nvidia, amd, canon, nikon, huawei
2026-09-26 07:53:20,364 - INFO - ========================================
2026-09-26 07:53:20,364 - INFO - Continuing from last processed niche: amd
2026-09-26 07:53:20,364 - INFO - ========================================
2026-09-26 07:53:20,364 - INFO - 🎯 PROCESSING NICHE 12/14: 'canon'
2026-09-26 07:53:20,364 - INFO - ========================================
2026-09-26 07:53:20,364 - INFO - 📁 Niche directory: /home/runner/work/potensitech.com/potensitech.com/languages/english/keywords/canon
2026-09-26 07:53:20,365 - INFO - Selected region: us
2026-09-26 07:53:20,365 - INFO - Selected language: en
2026-09-26 07:53:20,365 - INFO - 🎯 Current niche: canon
2026-09-26 07:53:31,053 - INFO - 🎯 Niche terms for filtering: canon, cheap, best, latest, review, price, sell, buy, recommendation, tips, tutorial, guide, how to, vs, versus, compared to, comparison, alternatives, which is better, expensive, discount, deals, sale, affordable, cost, online, offline, marketplace, store, shop, retailer, where to buy, worst, quality, original, genuine, fake, replica, authentic, brand, manufacturer, company, product, canon product, sell canon, buy canon, cheap canon, best canon, canon review, where to buy canon, how to choose canon, top canon, canon guide, canon for sale, canon deals
2026-09-26 07:53:31,054 - INFO - Generated 50 niche-clue pairs for 'canon'.
2026-09-26 07:53:31,057 - INFO - Expanded 50 seed keywords to 218 variations
2026-09-26 07:53:31,058 - INFO - 🔧 Request Handler initialized - Success rate: 100.0%
2026-09-26 07:57:56,298 - INFO - Original clue keywords: power efficiency, smartphone features
2026-09-26 07:57:56,298 - INFO - Niche-focused seeds: power efficiency canon, canon power efficiency, power efficiency cheap, cheap power efficiency, power efficiency best, best power efficiency, power efficiency latest, latest power efficiency, power efficiency review, review power efficiency, power efficiency price, price power efficiency, power efficiency sell, sell power efficiency, power efficiency buy, buy power efficiency, power efficiency recommendation, recommendation power efficiency, power efficiency tips, tips power efficiency, power efficiency tutorial, tutorial power efficiency, power efficiency guide, guide power efficiency, power efficiency how to, how to power efficiency, power efficiency vs, vs power efficiency, power efficiency versus, versus power efficiency, power efficiency compared to, compared to power efficiency, power efficiency comparison, comparison power efficiency, power efficiency alternatives, alternatives power efficiency, power efficiency which is better, which is better power efficiency, power efficiency expensive, expensive power efficiency, power efficiency discount, discount power efficiency, power efficiency deals, deals power efficiency, power efficiency sale, sale power efficiency, power efficiency affordable, affordable power efficiency, power efficiency cost, cost power efficiency, power efficiency online, online power efficiency, power efficiency offline, offline power efficiency, power efficiency marketplace, marketplace power efficiency, power efficiency store, store power efficiency, power efficiency shop, shop power efficiency, power efficiency retailer, retailer power efficiency, power efficiency where to buy, where to buy power efficiency, power efficiency worst, worst power efficiency, power efficiency quality, quality power efficiency, power efficiency original, original power efficiency, power efficiency genuine, genuine power efficiency, power efficiency fake, fake power efficiency, power efficiency replica, replica power efficiency, power efficiency authentic, authentic power efficiency, power efficiency brand, brand power efficiency, power efficiency manufacturer, manufacturer power efficiency, power efficiency company, company power efficiency, power efficiency product, product power efficiency, power efficiency canon product, canon product power efficiency, power efficiency sell canon, sell canon power efficiency, power efficiency buy canon, buy canon power efficiency, power efficiency cheap canon, cheap canon power efficiency, power efficiency best canon, best canon power efficiency, power efficiency canon review, canon review power efficiency, power efficiency where to buy canon, where to buy canon power efficiency, power efficiency how to choose canon, how to choose canon power efficiency, power efficiency top canon, top canon power efficiency, power efficiency canon guide, canon guide power efficiency, power efficiency canon for sale, canon for sale power efficiency, power efficiency canon deals, canon deals power efficiency, smartphone features canon, canon smartphone features, smartphone features cheap, cheap smartphone features, smartphone features best, best smartphone features, smartphone features latest, latest smartphone features, smartphone features review, review smartphone features, smartphone features price, price smartphone features, smartphone features sell, sell smartphone features, smartphone features buy, buy smartphone features, smartphone features recommendation, recommendation smartphone features, smartphone features tips, tips smartphone features, smartphone features tutorial, tutorial smartphone features, smartphone features guide, guide smartphone features, smartphone features how to, how to smartphone features, smartphone features vs, vs smartphone features, smartphone features versus, versus smartphone features, smartphone features compared to, compared to smartphone features, smartphone features comparison, comparison smartphone features, smartphone features alternatives, alternatives smartphone features, smartphone features which is better, which is better smartphone features, smartphone features expensive, expensive smartphone features, smartphone features discount, discount smartphone features, smartphone features deals, deals smartphone features, smartphone features sale, sale smartphone features, smartphone features affordable, affordable smartphone features, smartphone features cost, cost smartphone features, smartphone features online, online smartphone features, smartphone features offline, offline smartphone features, smartphone features marketplace, marketplace smartphone features, smartphone features store, store smartphone features, smartphone features shop, shop smartphone features, smartphone features retailer, retailer smartphone features, smartphone features where to buy, where to buy smartphone features, smartphone features worst, worst smartphone features, smartphone features quality, quality smartphone features, smartphone features original, original smartphone features, smartphone features genuine, genuine smartphone features, smartphone features fake, fake smartphone features, smartphone features replica, replica smartphone features, smartphone features authentic, authentic smartphone features, smartphone features brand, brand smartphone features, smartphone features manufacturer, manufacturer smartphone features, smartphone features company, company smartphone features, smartphone features product, product smartphone features, smartphone features canon product, canon product smartphone features, smartphone features sell canon, sell canon smartphone features, smartphone features buy canon, buy canon smartphone features, smartphone features cheap canon, cheap canon smartphone features, smartphone features best canon, best canon smartphone features, smartphone features canon review, canon review smartphone features, smartphone features where to buy canon, where to buy canon smartphone features, smartphone features how to choose canon, how to choose canon smartphone features, smartphone features top canon, top canon smartphone features, smartphone features canon guide, canon guide smartphone features, smartphone features canon for sale, canon for sale smartphone features, smartphone features canon deals, canon deals smartphone features
2026-09-26 07:57:56,302 - INFO - Expanded 220 seed keywords to 385 variations
2026-09-26 07:57:56,302 - INFO - Language: en
2026-09-26 07:57:56,302 - INFO - Region: us
2026-09-26 08:02:26,535 - INFO - 🎯 After all filtering for 'canon': 120 relevant keywords
2026-09-26 08:02:27,979 - INFO - 🎯 Found 5 new keywords for niche 'canon': canon affordable power efficiency, canon affordable smartphone features, cheap alternatives power efficiency, cheap alternatives smartphone features, best authentic power efficiency
2026-09-26 08:02:43,708 - INFO - ✅ Niche 'canon' process complete! 731 total keyword results.
2026-09-26 08:02:43,708 - INFO - ✅ Completed processing niche: 'canon'
2026-09-26 08:02:43,709 - INFO - 🔧 Request Handler final stats - Success rate: 100.0%
2026-09-26 08:02:43,709 - INFO -    Total requests: 206541, Blocks: 1
2026-09-26 08:02:43,709 - INFO - 
========================================
2026-09-26 08:02:43,710 - INFO - Process Summary:
2026-09-26 08:02:43,710 - INFO - - Current niche: 'canon'
2026-09-26 08:02:43,710 - INFO - - Next niche will be: 'nikon'
2026-09-26 08:02:43,710 - INFO - - Keywords saved in: languages/english/keywords/canon/
2026-09-26 08:02:43,710 - INFO - ========================================
