2026-08-26 03:29:58,748 - INFO - Log file created at: /home/runner/work/potensitech.com/potensitech.com/languages/english/keywords/logs/kw_search_20260826_032958.log
2026-08-26 03:29:58,748 - INFO - ============================================================
2026-08-26 03:29:58,748 - INFO - AUTOMATIC KEYWORD RESEARCH TOOL
2026-08-26 03:29:58,748 - INFO - ============================================================
2026-08-26 03:29:59,051 - INFO - ========================================
2026-08-26 03:29:59,051 - INFO - Found 14 niches to process: xiaomi, iphone, samsung, apple, sony, asus, philips, sandisk, intel, nvidia, amd, canon, nikon, huawei
2026-08-26 03:29:59,051 - INFO - ========================================
2026-08-26 03:29:59,051 - INFO - Continuing from last processed niche: nvidia
2026-08-26 03:29:59,051 - INFO - ========================================
2026-08-26 03:29:59,051 - INFO - 🎯 PROCESSING NICHE 11/14: 'amd'
2026-08-26 03:29:59,051 - INFO - ========================================
2026-08-26 03:29:59,051 - INFO - 📁 Niche directory: /home/runner/work/potensitech.com/potensitech.com/languages/english/keywords/amd
2026-08-26 03:29:59,052 - INFO - Selected region: us
2026-08-26 03:29:59,052 - INFO - Selected language: en
2026-08-26 03:29:59,052 - INFO - 🎯 Current niche: amd
2026-08-26 03:30:10,269 - INFO - 🎯 Niche terms for filtering: amd, cheap, best, latest, review, price, sell, buy, recommendation, tips, tutorial, guide, how to, vs, versus, compared to, comparison, alternatives, which is better, expensive, discount, deals, sale, affordable, cost, online, offline, marketplace, store, shop, retailer, where to buy, worst, quality, original, genuine, fake, replica, authentic, brand, manufacturer, company, product, amd product, sell amd, buy amd, cheap amd, best amd, amd review, where to buy amd, how to choose amd, top amd, amd guide, amd for sale, amd deals
2026-08-26 03:30:10,269 - INFO - Generated 50 niche-clue pairs for 'amd'.
2026-08-26 03:30:10,272 - INFO - Expanded 50 seed keywords to 218 variations
2026-08-26 03:30:10,273 - INFO - 🔧 Request Handler initialized - Success rate: 100.0%
2026-08-26 03:34:32,178 - INFO - Original clue keywords: portable storage, usb stick
2026-08-26 03:34:32,178 - INFO - Niche-focused seeds: portable storage amd, amd portable storage, portable storage cheap, cheap portable storage, portable storage best, best portable storage, portable storage latest, latest portable storage, portable storage review, review portable storage, portable storage price, price portable storage, portable storage sell, sell portable storage, portable storage buy, buy portable storage, portable storage recommendation, recommendation portable storage, portable storage tips, tips portable storage, portable storage tutorial, tutorial portable storage, portable storage guide, guide portable storage, portable storage how to, how to portable storage, portable storage vs, vs portable storage, portable storage versus, versus portable storage, portable storage compared to, compared to portable storage, portable storage comparison, comparison portable storage, portable storage alternatives, alternatives portable storage, portable storage which is better, which is better portable storage, portable storage expensive, expensive portable storage, portable storage discount, discount portable storage, portable storage deals, deals portable storage, portable storage sale, sale portable storage, portable storage affordable, affordable portable storage, portable storage cost, cost portable storage, portable storage online, online portable storage, portable storage offline, offline portable storage, portable storage marketplace, marketplace portable storage, portable storage store, store portable storage, portable storage shop, shop portable storage, portable storage retailer, retailer portable storage, portable storage where to buy, where to buy portable storage, portable storage worst, worst portable storage, portable storage quality, quality portable storage, portable storage original, original portable storage, portable storage genuine, genuine portable storage, portable storage fake, fake portable storage, portable storage replica, replica portable storage, portable storage authentic, authentic portable storage, portable storage brand, brand portable storage, portable storage manufacturer, manufacturer portable storage, portable storage company, company portable storage, portable storage product, product portable storage, portable storage amd product, amd product portable storage, portable storage sell amd, sell amd portable storage, portable storage buy amd, buy amd portable storage, portable storage cheap amd, cheap amd portable storage, portable storage best amd, best amd portable storage, portable storage amd review, amd review portable storage, portable storage where to buy amd, where to buy amd portable storage, portable storage how to choose amd, how to choose amd portable storage, portable storage top amd, top amd portable storage, portable storage amd guide, amd guide portable storage, portable storage amd for sale, amd for sale portable storage, portable storage amd deals, amd deals portable storage, usb stick amd, amd usb stick, usb stick cheap, cheap usb stick, usb stick best, best usb stick, usb stick latest, latest usb stick, usb stick review, review usb stick, usb stick price, price usb stick, usb stick sell, sell usb stick, usb stick buy, buy usb stick, usb stick recommendation, recommendation usb stick, usb stick tips, tips usb stick, usb stick tutorial, tutorial usb stick, usb stick guide, guide usb stick, usb stick how to, how to usb stick, usb stick vs, vs usb stick, usb stick versus, versus usb stick, usb stick compared to, compared to usb stick, usb stick comparison, comparison usb stick, usb stick alternatives, alternatives usb stick, usb stick which is better, which is better usb stick, usb stick expensive, expensive usb stick, usb stick discount, discount usb stick, usb stick deals, deals usb stick, usb stick sale, sale usb stick, usb stick affordable, affordable usb stick, usb stick cost, cost usb stick, usb stick online, online usb stick, usb stick offline, offline usb stick, usb stick marketplace, marketplace usb stick, usb stick store, store usb stick, usb stick shop, shop usb stick, usb stick retailer, retailer usb stick, usb stick where to buy, where to buy usb stick, usb stick worst, worst usb stick, usb stick quality, quality usb stick, usb stick original, original usb stick, usb stick genuine, genuine usb stick, usb stick fake, fake usb stick, usb stick replica, replica usb stick, usb stick authentic, authentic usb stick, usb stick brand, brand usb stick, usb stick manufacturer, manufacturer usb stick, usb stick company, company usb stick, usb stick product, product usb stick, usb stick amd product, amd product usb stick, usb stick sell amd, sell amd usb stick, usb stick buy amd, buy amd usb stick, usb stick cheap amd, cheap amd usb stick, usb stick best amd, best amd usb stick, usb stick amd review, amd review usb stick, usb stick where to buy amd, where to buy amd usb stick, usb stick how to choose amd, how to choose amd usb stick, usb stick top amd, top amd usb stick, usb stick amd guide, amd guide usb stick, usb stick amd for sale, amd for sale usb stick, usb stick amd deals, amd deals usb stick
2026-08-26 03:34:32,181 - INFO - Expanded 220 seed keywords to 385 variations
2026-08-26 03:34:32,181 - INFO - Language: en
2026-08-26 03:34:32,181 - INFO - Region: us
2026-08-26 03:35:20,664 - INFO - 🎯 After all filtering for 'amd': 120 relevant keywords
2026-08-26 03:35:22,050 - INFO - 🎯 Found 5 new keywords for niche 'amd': amd affordable portable storage, amd affordable usb stick, cheap alternatives portable storage, cheap alternatives usb stick, best authentic portable storage
2026-08-26 03:35:38,237 - INFO - ✅ Niche 'amd' process complete! 771 total keyword results.
2026-08-26 03:35:38,237 - INFO - ✅ Completed processing niche: 'amd'
2026-08-26 03:35:38,237 - INFO - 🔧 Request Handler final stats - Success rate: 100.0%
2026-08-26 03:35:38,237 - INFO -    Total requests: 180592, Blocks: 1
2026-08-26 03:35:38,238 - INFO - 
========================================
2026-08-26 03:35:38,238 - INFO - Process Summary:
2026-08-26 03:35:38,238 - INFO - - Current niche: 'amd'
2026-08-26 03:35:38,238 - INFO - - Next niche will be: 'canon'
2026-08-26 03:35:38,238 - INFO - - Keywords saved in: languages/english/keywords/amd/
2026-08-26 03:35:38,239 - INFO - ========================================
