2026-10-10 16:52:45,512 - INFO - Log file created at: /home/runner/work/potensitech.com/potensitech.com/languages/english/keywords/logs/kw_search_20261010_165245.log
2026-10-10 16:52:45,512 - INFO - ============================================================
2026-10-10 16:52:45,512 - INFO - AUTOMATIC KEYWORD RESEARCH TOOL
2026-10-10 16:52:45,512 - INFO - ============================================================
2026-10-10 16:52:45,945 - INFO - ========================================
2026-10-10 16:52:45,945 - INFO - Found 14 niches to process: xiaomi, iphone, samsung, apple, sony, asus, philips, sandisk, intel, nvidia, amd, canon, nikon, huawei
2026-10-10 16:52:45,945 - INFO - ========================================
2026-10-10 16:52:45,945 - INFO - All niches completed, starting over
2026-10-10 16:52:45,945 - INFO - ========================================
2026-10-10 16:52:45,945 - INFO - 🎯 PROCESSING NICHE 1/14: 'xiaomi'
2026-10-10 16:52:45,945 - INFO - ========================================
2026-10-10 16:52:45,946 - INFO - 📁 Niche directory: /home/runner/work/potensitech.com/potensitech.com/languages/english/keywords/xiaomi
2026-10-10 16:52:45,946 - INFO - Selected region: us
2026-10-10 16:52:45,946 - INFO - Selected language: en
2026-10-10 16:52:45,946 - INFO - 🎯 Current niche: xiaomi
2026-10-10 16:52:56,648 - INFO - 🎯 Niche terms for filtering: xiaomi, cheap, best, latest, review, price, sell, buy, recommendation, tips, tutorial, guide, how to, vs, versus, compared to, comparison, alternatives, which is better, expensive, discount, deals, sale, affordable, cost, online, offline, marketplace, store, shop, retailer, where to buy, worst, quality, original, genuine, fake, replica, authentic, brand, manufacturer, company, product, xiaomi product, sell xiaomi, buy xiaomi, cheap xiaomi, best xiaomi, xiaomi review, where to buy xiaomi, how to choose xiaomi, top xiaomi, xiaomi guide, xiaomi for sale, xiaomi deals
2026-10-10 16:52:56,649 - INFO - Generated 50 niche-clue pairs for 'xiaomi'.
2026-10-10 16:52:56,652 - INFO - Expanded 50 seed keywords to 218 variations
2026-10-10 16:52:56,653 - INFO - 🔧 Request Handler initialized - Success rate: 100.0%
2026-10-10 16:57:19,264 - INFO - Original clue keywords: android, battery
2026-10-10 16:57:19,264 - INFO - Niche-focused seeds: android xiaomi, xiaomi android, android cheap, cheap android, android best, best android, android latest, latest android, android review, review android, android price, price android, android sell, sell android, android buy, buy android, android recommendation, recommendation android, android tips, tips android, android tutorial, tutorial android, android guide, guide android, android how to, how to android, android vs, vs android, android versus, versus android, android compared to, compared to android, android comparison, comparison android, android alternatives, alternatives android, android which is better, which is better android, android expensive, expensive android, android discount, discount android, android deals, deals android, android sale, sale android, android affordable, affordable android, android cost, cost android, android online, online android, android offline, offline android, android marketplace, marketplace android, android store, store android, android shop, shop android, android retailer, retailer android, android where to buy, where to buy android, android worst, worst android, android quality, quality android, android original, original android, android genuine, genuine android, android fake, fake android, android replica, replica android, android authentic, authentic android, android brand, brand android, android manufacturer, manufacturer android, android company, company android, android product, product android, android xiaomi product, xiaomi product android, android sell xiaomi, sell xiaomi android, android buy xiaomi, buy xiaomi android, android cheap xiaomi, cheap xiaomi android, android best xiaomi, best xiaomi android, android xiaomi review, xiaomi review android, android where to buy xiaomi, where to buy xiaomi android, android how to choose xiaomi, how to choose xiaomi android, android top xiaomi, top xiaomi android, android xiaomi guide, xiaomi guide android, android xiaomi for sale, xiaomi for sale android, android xiaomi deals, xiaomi deals android, battery xiaomi, xiaomi battery, battery cheap, cheap battery, battery best, best battery, battery latest, latest battery, battery review, review battery, battery price, price battery, battery sell, sell battery, battery buy, buy battery, battery recommendation, recommendation battery, battery tips, tips battery, battery tutorial, tutorial battery, battery guide, guide battery, battery how to, how to battery, battery vs, vs battery, battery versus, versus battery, battery compared to, compared to battery, battery comparison, comparison battery, battery alternatives, alternatives battery, battery which is better, which is better battery, battery expensive, expensive battery, battery discount, discount battery, battery deals, deals battery, battery sale, sale battery, battery affordable, affordable battery, battery cost, cost battery, battery online, online battery, battery offline, offline battery, battery marketplace, marketplace battery, battery store, store battery, battery shop, shop battery, battery retailer, retailer battery, battery where to buy, where to buy battery, battery worst, worst battery, battery quality, quality battery, battery original, original battery, battery genuine, genuine battery, battery fake, fake battery, battery replica, replica battery, battery authentic, authentic battery, battery brand, brand battery, battery manufacturer, manufacturer battery, battery company, company battery, battery product, product battery, battery xiaomi product, xiaomi product battery, battery sell xiaomi, sell xiaomi battery, battery buy xiaomi, buy xiaomi battery, battery cheap xiaomi, cheap xiaomi battery, battery best xiaomi, best xiaomi battery, battery xiaomi review, xiaomi review battery, battery where to buy xiaomi, where to buy xiaomi battery, battery how to choose xiaomi, how to choose xiaomi battery, battery top xiaomi, top xiaomi battery, battery xiaomi guide, xiaomi guide battery, battery xiaomi for sale, xiaomi for sale battery, battery xiaomi deals, xiaomi deals battery
2026-10-10 16:57:19,268 - INFO - Expanded 220 seed keywords to 385 variations
2026-10-10 16:57:19,268 - INFO - Language: en
2026-10-10 16:57:19,268 - INFO - Region: us
2026-10-10 17:01:48,789 - INFO - 🎯 After all filtering for 'xiaomi': 120 relevant keywords
2026-10-10 17:01:49,016 - INFO - 🎯 Found 5 new keywords for niche 'xiaomi': xiaomi affordable android, cheap affordable android, best affordable android, how to affordable android, xiaomi affordable battery
2026-10-10 17:02:05,267 - INFO - ✅ Niche 'xiaomi' process complete! 716 total keyword results.
2026-10-10 17:02:05,267 - INFO - ✅ Completed processing niche: 'xiaomi'
2026-10-10 17:02:05,267 - INFO - 🔧 Request Handler final stats - Success rate: 100.0%
2026-10-10 17:02:05,267 - INFO -    Total requests: 219550, Blocks: 1
2026-10-10 17:02:05,268 - INFO - 
========================================
2026-10-10 17:02:05,268 - INFO - Process Summary:
2026-10-10 17:02:05,268 - INFO - - Current niche: 'xiaomi'
2026-10-10 17:02:05,268 - INFO - - Next niche will be: 'iphone'
2026-10-10 17:02:05,268 - INFO - - Keywords saved in: languages/english/keywords/xiaomi/
2026-10-10 17:02:05,269 - INFO - ========================================
