2026-09-22 19:54:17,159 - INFO - Log file created at: /home/runner/work/potensitech.com/potensitech.com/languages/english/keywords/logs/kw_search_20260922_195417.log
2026-09-22 19:54:17,159 - INFO - ============================================================
2026-09-22 19:54:17,159 - INFO - AUTOMATIC KEYWORD RESEARCH TOOL
2026-09-22 19:54:17,159 - INFO - ============================================================
2026-09-22 19:54:17,535 - INFO - ========================================
2026-09-22 19:54:17,535 - INFO - Found 14 niches to process: xiaomi, iphone, samsung, apple, sony, asus, philips, sandisk, intel, nvidia, amd, canon, nikon, huawei
2026-09-22 19:54:17,535 - INFO - ========================================
2026-09-22 19:54:17,535 - INFO - Continuing from last processed niche: sony
2026-09-22 19:54:17,535 - INFO - ========================================
2026-09-22 19:54:17,535 - INFO - 🎯 PROCESSING NICHE 6/14: 'asus'
2026-09-22 19:54:17,535 - INFO - ========================================
2026-09-22 19:54:17,535 - INFO - 📁 Niche directory: /home/runner/work/potensitech.com/potensitech.com/languages/english/keywords/asus
2026-09-22 19:54:17,535 - INFO - Selected region: us
2026-09-22 19:54:17,535 - INFO - Selected language: en
2026-09-22 19:54:17,535 - INFO - 🎯 Current niche: asus
2026-09-22 19:54:28,603 - INFO - 🎯 Niche terms for filtering: asus, cheap, best, latest, review, price, sell, buy, recommendation, tips, tutorial, guide, how to, vs, versus, compared to, comparison, alternatives, which is better, expensive, discount, deals, sale, affordable, cost, online, offline, marketplace, store, shop, retailer, where to buy, worst, quality, original, genuine, fake, replica, authentic, brand, manufacturer, company, product, asus product, sell asus, buy asus, cheap asus, best asus, asus review, where to buy asus, how to choose asus, top asus, asus guide, asus for sale, asus deals
2026-09-22 19:54:28,603 - INFO - Generated 50 niche-clue pairs for 'asus'.
2026-09-22 19:54:28,605 - INFO - Expanded 50 seed keywords to 218 variations
2026-09-22 19:54:28,605 - INFO - 🔧 Request Handler initialized - Success rate: 100.0%
2026-09-22 19:58:50,291 - INFO - Original clue keywords: dslr settings, gaming optimization
2026-09-22 19:58:50,291 - INFO - Niche-focused seeds: dslr settings asus, asus dslr settings, dslr settings cheap, cheap dslr settings, dslr settings best, best dslr settings, dslr settings latest, latest dslr settings, dslr settings review, review dslr settings, dslr settings price, price dslr settings, dslr settings sell, sell dslr settings, dslr settings buy, buy dslr settings, dslr settings recommendation, recommendation dslr settings, dslr settings tips, tips dslr settings, dslr settings tutorial, tutorial dslr settings, dslr settings guide, guide dslr settings, dslr settings how to, how to dslr settings, dslr settings vs, vs dslr settings, dslr settings versus, versus dslr settings, dslr settings compared to, compared to dslr settings, dslr settings comparison, comparison dslr settings, dslr settings alternatives, alternatives dslr settings, dslr settings which is better, which is better dslr settings, dslr settings expensive, expensive dslr settings, dslr settings discount, discount dslr settings, dslr settings deals, deals dslr settings, dslr settings sale, sale dslr settings, dslr settings affordable, affordable dslr settings, dslr settings cost, cost dslr settings, dslr settings online, online dslr settings, dslr settings offline, offline dslr settings, dslr settings marketplace, marketplace dslr settings, dslr settings store, store dslr settings, dslr settings shop, shop dslr settings, dslr settings retailer, retailer dslr settings, dslr settings where to buy, where to buy dslr settings, dslr settings worst, worst dslr settings, dslr settings quality, quality dslr settings, dslr settings original, original dslr settings, dslr settings genuine, genuine dslr settings, dslr settings fake, fake dslr settings, dslr settings replica, replica dslr settings, dslr settings authentic, authentic dslr settings, dslr settings brand, brand dslr settings, dslr settings manufacturer, manufacturer dslr settings, dslr settings company, company dslr settings, dslr settings product, product dslr settings, dslr settings asus product, asus product dslr settings, dslr settings sell asus, sell asus dslr settings, dslr settings buy asus, buy asus dslr settings, dslr settings cheap asus, cheap asus dslr settings, dslr settings best asus, best asus dslr settings, dslr settings asus review, asus review dslr settings, dslr settings where to buy asus, where to buy asus dslr settings, dslr settings how to choose asus, how to choose asus dslr settings, dslr settings top asus, top asus dslr settings, dslr settings asus guide, asus guide dslr settings, dslr settings asus for sale, asus for sale dslr settings, dslr settings asus deals, asus deals dslr settings, gaming optimization asus, asus gaming optimization, gaming optimization cheap, cheap gaming optimization, gaming optimization best, best gaming optimization, gaming optimization latest, latest gaming optimization, gaming optimization review, review gaming optimization, gaming optimization price, price gaming optimization, gaming optimization sell, sell gaming optimization, gaming optimization buy, buy gaming optimization, gaming optimization recommendation, recommendation gaming optimization, gaming optimization tips, tips gaming optimization, gaming optimization tutorial, tutorial gaming optimization, gaming optimization guide, guide gaming optimization, gaming optimization how to, how to gaming optimization, gaming optimization vs, vs gaming optimization, gaming optimization versus, versus gaming optimization, gaming optimization compared to, compared to gaming optimization, gaming optimization comparison, comparison gaming optimization, gaming optimization alternatives, alternatives gaming optimization, gaming optimization which is better, which is better gaming optimization, gaming optimization expensive, expensive gaming optimization, gaming optimization discount, discount gaming optimization, gaming optimization deals, deals gaming optimization, gaming optimization sale, sale gaming optimization, gaming optimization affordable, affordable gaming optimization, gaming optimization cost, cost gaming optimization, gaming optimization online, online gaming optimization, gaming optimization offline, offline gaming optimization, gaming optimization marketplace, marketplace gaming optimization, gaming optimization store, store gaming optimization, gaming optimization shop, shop gaming optimization, gaming optimization retailer, retailer gaming optimization, gaming optimization where to buy, where to buy gaming optimization, gaming optimization worst, worst gaming optimization, gaming optimization quality, quality gaming optimization, gaming optimization original, original gaming optimization, gaming optimization genuine, genuine gaming optimization, gaming optimization fake, fake gaming optimization, gaming optimization replica, replica gaming optimization, gaming optimization authentic, authentic gaming optimization, gaming optimization brand, brand gaming optimization, gaming optimization manufacturer, manufacturer gaming optimization, gaming optimization company, company gaming optimization, gaming optimization product, product gaming optimization, gaming optimization asus product, asus product gaming optimization, gaming optimization sell asus, sell asus gaming optimization, gaming optimization buy asus, buy asus gaming optimization, gaming optimization cheap asus, cheap asus gaming optimization, gaming optimization best asus, best asus gaming optimization, gaming optimization asus review, asus review gaming optimization, gaming optimization where to buy asus, where to buy asus gaming optimization, gaming optimization how to choose asus, how to choose asus gaming optimization, gaming optimization top asus, top asus gaming optimization, gaming optimization asus guide, asus guide gaming optimization, gaming optimization asus for sale, asus for sale gaming optimization, gaming optimization asus deals, asus deals gaming optimization
2026-09-22 19:58:50,293 - INFO - Expanded 220 seed keywords to 385 variations
2026-09-22 19:58:50,293 - INFO - Language: en
2026-09-22 19:58:50,293 - INFO - Region: us
2026-09-22 20:03:22,492 - INFO - 🎯 After all filtering for 'asus': 120 relevant keywords
2026-09-22 20:03:23,928 - INFO - 🎯 Found 5 new keywords for niche 'asus': asus affordable dslr settings, asus affordable gaming optimization, cheap alternatives dslr settings, best authentic dslr settings, how to brand dslr settings
2026-09-22 20:03:40,226 - INFO - ✅ Niche 'asus' process complete! 867 total keyword results.
2026-09-22 20:03:40,226 - INFO - ✅ Completed processing niche: 'asus'
2026-09-22 20:03:40,226 - INFO - 🔧 Request Handler final stats - Success rate: 100.0%
2026-09-22 20:03:40,226 - INFO -    Total requests: 203447, Blocks: 1
2026-09-22 20:03:40,227 - INFO - 
========================================
2026-09-22 20:03:40,227 - INFO - Process Summary:
2026-09-22 20:03:40,227 - INFO - - Current niche: 'asus'
2026-09-22 20:03:40,227 - INFO - - Next niche will be: 'philips'
2026-09-22 20:03:40,227 - INFO - - Keywords saved in: languages/english/keywords/asus/
2026-09-22 20:03:40,227 - INFO - ========================================
