2026-09-21 04:40:56,934 - INFO - Log file created at: /home/runner/work/potensitech.com/potensitech.com/languages/english/keywords/logs/kw_search_20260921_044056.log
2026-09-21 04:40:56,934 - INFO - ============================================================
2026-09-21 04:40:56,934 - INFO - AUTOMATIC KEYWORD RESEARCH TOOL
2026-09-21 04:40:56,934 - INFO - ============================================================
2026-09-21 04:40:57,331 - INFO - ========================================
2026-09-21 04:40:57,331 - INFO - Found 14 niches to process: xiaomi, iphone, samsung, apple, sony, asus, philips, sandisk, intel, nvidia, amd, canon, nikon, huawei
2026-09-21 04:40:57,331 - INFO - ========================================
2026-09-21 04:40:57,331 - INFO - Continuing from last processed niche: iphone
2026-09-21 04:40:57,331 - INFO - ========================================
2026-09-21 04:40:57,331 - INFO - 🎯 PROCESSING NICHE 3/14: 'samsung'
2026-09-21 04:40:57,331 - INFO - ========================================
2026-09-21 04:40:57,331 - INFO - 📁 Niche directory: /home/runner/work/potensitech.com/potensitech.com/languages/english/keywords/samsung
2026-09-21 04:40:57,331 - INFO - Selected region: us
2026-09-21 04:40:57,331 - INFO - Selected language: en
2026-09-21 04:40:57,331 - INFO - 🎯 Current niche: samsung
2026-09-21 04:41:08,388 - INFO - 🎯 Niche terms for filtering: samsung, cheap, best, latest, review, price, sell, buy, recommendation, tips, tutorial, guide, how to, vs, versus, compared to, comparison, alternatives, which is better, expensive, discount, deals, sale, affordable, cost, online, offline, marketplace, store, shop, retailer, where to buy, worst, quality, original, genuine, fake, replica, authentic, brand, manufacturer, company, product, samsung product, sell samsung, buy samsung, cheap samsung, best samsung, samsung review, where to buy samsung, how to choose samsung, top samsung, samsung guide, samsung for sale, samsung deals
2026-09-21 04:41:08,388 - INFO - Generated 50 niche-clue pairs for 'samsung'.
2026-09-21 04:41:08,392 - INFO - Expanded 50 seed keywords to 218 variations
2026-09-21 04:41:08,392 - INFO - 🔧 Request Handler initialized - Success rate: 100.0%
2026-09-21 04:45:31,436 - INFO - Original clue keywords: processor efficiency, autofocus speed
2026-09-21 04:45:31,436 - INFO - Niche-focused seeds: processor efficiency samsung, samsung processor efficiency, processor efficiency cheap, cheap processor efficiency, processor efficiency best, best processor efficiency, processor efficiency latest, latest processor efficiency, processor efficiency review, review processor efficiency, processor efficiency price, price processor efficiency, processor efficiency sell, sell processor efficiency, processor efficiency buy, buy processor efficiency, processor efficiency recommendation, recommendation processor efficiency, processor efficiency tips, tips processor efficiency, processor efficiency tutorial, tutorial processor efficiency, processor efficiency guide, guide processor efficiency, processor efficiency how to, how to processor efficiency, processor efficiency vs, vs processor efficiency, processor efficiency versus, versus processor efficiency, processor efficiency compared to, compared to processor efficiency, processor efficiency comparison, comparison processor efficiency, processor efficiency alternatives, alternatives processor efficiency, processor efficiency which is better, which is better processor efficiency, processor efficiency expensive, expensive processor efficiency, processor efficiency discount, discount processor efficiency, processor efficiency deals, deals processor efficiency, processor efficiency sale, sale processor efficiency, processor efficiency affordable, affordable processor efficiency, processor efficiency cost, cost processor efficiency, processor efficiency online, online processor efficiency, processor efficiency offline, offline processor efficiency, processor efficiency marketplace, marketplace processor efficiency, processor efficiency store, store processor efficiency, processor efficiency shop, shop processor efficiency, processor efficiency retailer, retailer processor efficiency, processor efficiency where to buy, where to buy processor efficiency, processor efficiency worst, worst processor efficiency, processor efficiency quality, quality processor efficiency, processor efficiency original, original processor efficiency, processor efficiency genuine, genuine processor efficiency, processor efficiency fake, fake processor efficiency, processor efficiency replica, replica processor efficiency, processor efficiency authentic, authentic processor efficiency, processor efficiency brand, brand processor efficiency, processor efficiency manufacturer, manufacturer processor efficiency, processor efficiency company, company processor efficiency, processor efficiency product, product processor efficiency, processor efficiency samsung product, samsung product processor efficiency, processor efficiency sell samsung, sell samsung processor efficiency, processor efficiency buy samsung, buy samsung processor efficiency, processor efficiency cheap samsung, cheap samsung processor efficiency, processor efficiency best samsung, best samsung processor efficiency, processor efficiency samsung review, samsung review processor efficiency, processor efficiency where to buy samsung, where to buy samsung processor efficiency, processor efficiency how to choose samsung, how to choose samsung processor efficiency, processor efficiency top samsung, top samsung processor efficiency, processor efficiency samsung guide, samsung guide processor efficiency, processor efficiency samsung for sale, samsung for sale processor efficiency, processor efficiency samsung deals, samsung deals processor efficiency, autofocus speed samsung, samsung autofocus speed, autofocus speed cheap, cheap autofocus speed, autofocus speed best, best autofocus speed, autofocus speed latest, latest autofocus speed, autofocus speed review, review autofocus speed, autofocus speed price, price autofocus speed, autofocus speed sell, sell autofocus speed, autofocus speed buy, buy autofocus speed, autofocus speed recommendation, recommendation autofocus speed, autofocus speed tips, tips autofocus speed, autofocus speed tutorial, tutorial autofocus speed, autofocus speed guide, guide autofocus speed, autofocus speed how to, how to autofocus speed, autofocus speed vs, vs autofocus speed, autofocus speed versus, versus autofocus speed, autofocus speed compared to, compared to autofocus speed, autofocus speed comparison, comparison autofocus speed, autofocus speed alternatives, alternatives autofocus speed, autofocus speed which is better, which is better autofocus speed, autofocus speed expensive, expensive autofocus speed, autofocus speed discount, discount autofocus speed, autofocus speed deals, deals autofocus speed, autofocus speed sale, sale autofocus speed, autofocus speed affordable, affordable autofocus speed, autofocus speed cost, cost autofocus speed, autofocus speed online, online autofocus speed, autofocus speed offline, offline autofocus speed, autofocus speed marketplace, marketplace autofocus speed, autofocus speed store, store autofocus speed, autofocus speed shop, shop autofocus speed, autofocus speed retailer, retailer autofocus speed, autofocus speed where to buy, where to buy autofocus speed, autofocus speed worst, worst autofocus speed, autofocus speed quality, quality autofocus speed, autofocus speed original, original autofocus speed, autofocus speed genuine, genuine autofocus speed, autofocus speed fake, fake autofocus speed, autofocus speed replica, replica autofocus speed, autofocus speed authentic, authentic autofocus speed, autofocus speed brand, brand autofocus speed, autofocus speed manufacturer, manufacturer autofocus speed, autofocus speed company, company autofocus speed, autofocus speed product, product autofocus speed, autofocus speed samsung product, samsung product autofocus speed, autofocus speed sell samsung, sell samsung autofocus speed, autofocus speed buy samsung, buy samsung autofocus speed, autofocus speed cheap samsung, cheap samsung autofocus speed, autofocus speed best samsung, best samsung autofocus speed, autofocus speed samsung review, samsung review autofocus speed, autofocus speed where to buy samsung, where to buy samsung autofocus speed, autofocus speed how to choose samsung, how to choose samsung autofocus speed, autofocus speed top samsung, top samsung autofocus speed, autofocus speed samsung guide, samsung guide autofocus speed, autofocus speed samsung for sale, samsung for sale autofocus speed, autofocus speed samsung deals, samsung deals autofocus speed
2026-09-21 04:45:31,440 - INFO - Expanded 220 seed keywords to 385 variations
2026-09-21 04:45:31,440 - INFO - Language: en
2026-09-21 04:45:31,440 - INFO - Region: us
2026-09-21 04:46:50,683 - INFO - 🎯 After all filtering for 'samsung': 120 relevant keywords
2026-09-21 04:46:51,248 - INFO - 🎯 Found 2 new keywords for niche 'samsung': samsung affordable autofocus speed, samsung affordable processor efficiency
2026-09-21 04:47:07,223 - INFO - ✅ Niche 'samsung' process complete! 659 total keyword results.
2026-09-21 04:47:07,224 - INFO - ✅ Completed processing niche: 'samsung'
2026-09-21 04:47:07,224 - INFO - 🔧 Request Handler final stats - Success rate: 100.0%
2026-09-21 04:47:07,224 - INFO -    Total requests: 202101, Blocks: 1
2026-09-21 04:47:07,225 - INFO - 
========================================
2026-09-21 04:47:07,225 - INFO - Process Summary:
2026-09-21 04:47:07,225 - INFO - - Current niche: 'samsung'
2026-09-21 04:47:07,225 - INFO - - Next niche will be: 'apple'
2026-09-21 04:47:07,225 - INFO - - Keywords saved in: languages/english/keywords/samsung/
2026-09-21 04:47:07,226 - INFO - ========================================
