2026-08-12 02:33:39,891 - INFO - Log file created at: /home/runner/work/potensitech.com/potensitech.com/languages/english/keywords/logs/kw_search_20260812_023339.log
2026-08-12 02:33:39,892 - INFO - ============================================================
2026-08-12 02:33:39,892 - INFO - AUTOMATIC KEYWORD RESEARCH TOOL
2026-08-12 02:33:39,892 - INFO - ============================================================
2026-08-12 02:33:40,204 - INFO - ========================================
2026-08-12 02:33:40,205 - INFO - Found 14 niches to process: xiaomi, iphone, samsung, apple, sony, asus, philips, sandisk, intel, nvidia, amd, canon, nikon, huawei
2026-08-12 02:33:40,205 - INFO - ========================================
2026-08-12 02:33:40,205 - INFO - Continuing from last processed niche: intel
2026-08-12 02:33:40,205 - INFO - ========================================
2026-08-12 02:33:40,205 - INFO - 🎯 PROCESSING NICHE 10/14: 'nvidia'
2026-08-12 02:33:40,205 - INFO - ========================================
2026-08-12 02:33:40,205 - INFO - 📁 Niche directory: /home/runner/work/potensitech.com/potensitech.com/languages/english/keywords/nvidia
2026-08-12 02:33:40,205 - INFO - Selected region: us
2026-08-12 02:33:40,205 - INFO - Selected language: en
2026-08-12 02:33:40,205 - INFO - 🎯 Current niche: nvidia
2026-08-12 02:33:41,031 - INFO - 🎯 Niche terms for filtering: nvidia, cheap, best, latest, review, price, sell, buy, recommendation, tips, tutorial, guide, how to, vs, versus, compared to, comparison, alternatives, which is better, expensive, discount, deals, sale, affordable, cost, online, offline, marketplace, store, shop, retailer, where to buy, worst, quality, original, genuine, fake, replica, authentic, brand, manufacturer, company, product, nvidia product, sell nvidia, buy nvidia, cheap nvidia, best nvidia, nvidia review, where to buy nvidia, how to choose nvidia, top nvidia, nvidia guide, nvidia for sale, nvidia deals
2026-08-12 02:33:41,031 - INFO - Generated 50 niche-clue pairs for 'nvidia'.
2026-08-12 02:33:41,035 - INFO - Expanded 50 seed keywords to 218 variations
2026-08-12 02:33:41,042 - INFO - 🔧 Request Handler initialized - Success rate: 100.0%
2026-08-12 02:38:04,313 - INFO - Original clue keywords: mobile display, full-frame sensor
2026-08-12 02:38:04,313 - INFO - Niche-focused seeds: mobile display nvidia, nvidia mobile display, mobile display cheap, cheap mobile display, mobile display best, best mobile display, mobile display latest, latest mobile display, mobile display review, review mobile display, mobile display price, price mobile display, mobile display sell, sell mobile display, mobile display buy, buy mobile display, mobile display recommendation, recommendation mobile display, mobile display tips, tips mobile display, mobile display tutorial, tutorial mobile display, mobile display guide, guide mobile display, mobile display how to, how to mobile display, mobile display vs, vs mobile display, mobile display versus, versus mobile display, mobile display compared to, compared to mobile display, mobile display comparison, comparison mobile display, mobile display alternatives, alternatives mobile display, mobile display which is better, which is better mobile display, mobile display expensive, expensive mobile display, mobile display discount, discount mobile display, mobile display deals, deals mobile display, mobile display sale, sale mobile display, mobile display affordable, affordable mobile display, mobile display cost, cost mobile display, mobile display online, online mobile display, mobile display offline, offline mobile display, mobile display marketplace, marketplace mobile display, mobile display store, store mobile display, mobile display shop, shop mobile display, mobile display retailer, retailer mobile display, mobile display where to buy, where to buy mobile display, mobile display worst, worst mobile display, mobile display quality, quality mobile display, mobile display original, original mobile display, mobile display genuine, genuine mobile display, mobile display fake, fake mobile display, mobile display replica, replica mobile display, mobile display authentic, authentic mobile display, mobile display brand, brand mobile display, mobile display manufacturer, manufacturer mobile display, mobile display company, company mobile display, mobile display product, product mobile display, mobile display nvidia product, nvidia product mobile display, mobile display sell nvidia, sell nvidia mobile display, mobile display buy nvidia, buy nvidia mobile display, mobile display cheap nvidia, cheap nvidia mobile display, mobile display best nvidia, best nvidia mobile display, mobile display nvidia review, nvidia review mobile display, mobile display where to buy nvidia, where to buy nvidia mobile display, mobile display how to choose nvidia, how to choose nvidia mobile display, mobile display top nvidia, top nvidia mobile display, mobile display nvidia guide, nvidia guide mobile display, mobile display nvidia for sale, nvidia for sale mobile display, mobile display nvidia deals, nvidia deals mobile display, full-frame sensor nvidia, nvidia full-frame sensor, full-frame sensor cheap, cheap full-frame sensor, full-frame sensor best, best full-frame sensor, full-frame sensor latest, latest full-frame sensor, full-frame sensor review, review full-frame sensor, full-frame sensor price, price full-frame sensor, full-frame sensor sell, sell full-frame sensor, full-frame sensor buy, buy full-frame sensor, full-frame sensor recommendation, recommendation full-frame sensor, full-frame sensor tips, tips full-frame sensor, full-frame sensor tutorial, tutorial full-frame sensor, full-frame sensor guide, guide full-frame sensor, full-frame sensor how to, how to full-frame sensor, full-frame sensor vs, vs full-frame sensor, full-frame sensor versus, versus full-frame sensor, full-frame sensor compared to, compared to full-frame sensor, full-frame sensor comparison, comparison full-frame sensor, full-frame sensor alternatives, alternatives full-frame sensor, full-frame sensor which is better, which is better full-frame sensor, full-frame sensor expensive, expensive full-frame sensor, full-frame sensor discount, discount full-frame sensor, full-frame sensor deals, deals full-frame sensor, full-frame sensor sale, sale full-frame sensor, full-frame sensor affordable, affordable full-frame sensor, full-frame sensor cost, cost full-frame sensor, full-frame sensor online, online full-frame sensor, full-frame sensor offline, offline full-frame sensor, full-frame sensor marketplace, marketplace full-frame sensor, full-frame sensor store, store full-frame sensor, full-frame sensor shop, shop full-frame sensor, full-frame sensor retailer, retailer full-frame sensor, full-frame sensor where to buy, where to buy full-frame sensor, full-frame sensor worst, worst full-frame sensor, full-frame sensor quality, quality full-frame sensor, full-frame sensor original, original full-frame sensor, full-frame sensor genuine, genuine full-frame sensor, full-frame sensor fake, fake full-frame sensor, full-frame sensor replica, replica full-frame sensor, full-frame sensor authentic, authentic full-frame sensor, full-frame sensor brand, brand full-frame sensor, full-frame sensor manufacturer, manufacturer full-frame sensor, full-frame sensor company, company full-frame sensor, full-frame sensor product, product full-frame sensor, full-frame sensor nvidia product, nvidia product full-frame sensor, full-frame sensor sell nvidia, sell nvidia full-frame sensor, full-frame sensor buy nvidia, buy nvidia full-frame sensor, full-frame sensor cheap nvidia, cheap nvidia full-frame sensor, full-frame sensor best nvidia, best nvidia full-frame sensor, full-frame sensor nvidia review, nvidia review full-frame sensor, full-frame sensor where to buy nvidia, where to buy nvidia full-frame sensor, full-frame sensor how to choose nvidia, how to choose nvidia full-frame sensor, full-frame sensor top nvidia, top nvidia full-frame sensor, full-frame sensor nvidia guide, nvidia guide full-frame sensor, full-frame sensor nvidia for sale, nvidia for sale full-frame sensor, full-frame sensor nvidia deals, nvidia deals full-frame sensor
2026-08-12 02:38:04,316 - INFO - Expanded 220 seed keywords to 385 variations
2026-08-12 02:38:04,316 - INFO - Language: en
2026-08-12 02:38:04,316 - INFO - Region: us
2026-08-12 02:42:32,743 - INFO - 🎯 After all filtering for 'nvidia': 120 relevant keywords
2026-08-12 02:42:34,326 - INFO - 🎯 Found 5 new keywords for niche 'nvidia': nvidia affordable full-frame sensor, nvidia affordable mobile display, cheap alternatives full-frame sensor, cheap alternatives mobile display, best authentic full-frame sensor
2026-08-12 02:42:34,828 - INFO - ✅ Niche 'nvidia' process complete! 839 total keyword results.
2026-08-12 02:42:34,828 - INFO - ✅ Completed processing niche: 'nvidia'
2026-08-12 02:42:34,828 - INFO - 🔧 Request Handler final stats - Success rate: 100.0%
2026-08-12 02:42:34,828 - INFO -    Total requests: 169730, Blocks: 1
2026-08-12 02:42:34,829 - INFO - 
========================================
2026-08-12 02:42:34,829 - INFO - Process Summary:
2026-08-12 02:42:34,829 - INFO - - Current niche: 'nvidia'
2026-08-12 02:42:34,829 - INFO - - Next niche will be: 'amd'
2026-08-12 02:42:34,829 - INFO - - Keywords saved in: languages/english/keywords/nvidia/
2026-08-12 02:42:34,830 - INFO - ========================================
