2026-09-30 08:47:05,476 - INFO - Log file created at: /home/runner/work/potensitech.com/potensitech.com/languages/english/keywords/logs/kw_search_20260930_084705.log
2026-09-30 08:47:05,477 - INFO - ============================================================
2026-09-30 08:47:05,477 - INFO - AUTOMATIC KEYWORD RESEARCH TOOL
2026-09-30 08:47:05,477 - INFO - ============================================================
2026-09-30 08:47:05,806 - INFO - ========================================
2026-09-30 08:47:05,807 - INFO - Found 14 niches to process: xiaomi, iphone, samsung, apple, sony, asus, philips, sandisk, intel, nvidia, amd, canon, nikon, huawei
2026-09-30 08:47:05,807 - INFO - ========================================
2026-09-30 08:47:05,807 - INFO - Continuing from last processed niche: intel
2026-09-30 08:47:05,807 - INFO - ========================================
2026-09-30 08:47:05,807 - INFO - 🎯 PROCESSING NICHE 10/14: 'nvidia'
2026-09-30 08:47:05,807 - INFO - ========================================
2026-09-30 08:47:05,807 - INFO - 📁 Niche directory: /home/runner/work/potensitech.com/potensitech.com/languages/english/keywords/nvidia
2026-09-30 08:47:05,807 - INFO - Selected region: us
2026-09-30 08:47:05,807 - INFO - Selected language: en
2026-09-30 08:47:05,807 - INFO - 🎯 Current niche: nvidia
2026-09-30 08:47:16,887 - INFO - 🎯 Niche terms for filtering: nvidia, cheap, best, latest, review, price, sell, buy, recommendation, tips, tutorial, guide, how to, vs, versus, compared to, comparison, alternatives, which is better, expensive, discount, deals, sale, affordable, cost, online, offline, marketplace, store, shop, retailer, where to buy, worst, quality, original, genuine, fake, replica, authentic, brand, manufacturer, company, product, nvidia product, sell nvidia, buy nvidia, cheap nvidia, best nvidia, nvidia review, where to buy nvidia, how to choose nvidia, top nvidia, nvidia guide, nvidia for sale, nvidia deals
2026-09-30 08:47:16,887 - INFO - Generated 50 niche-clue pairs for 'nvidia'.
2026-09-30 08:47:16,889 - INFO - Expanded 50 seed keywords to 218 variations
2026-09-30 08:47:16,889 - INFO - 🔧 Request Handler initialized - Success rate: 100.0%
2026-09-30 08:51:37,485 - INFO - Original clue keywords: smartphone storage, gaming performance
2026-09-30 08:51:37,485 - INFO - Niche-focused seeds: smartphone storage nvidia, nvidia smartphone storage, smartphone storage cheap, cheap smartphone storage, smartphone storage best, best smartphone storage, smartphone storage latest, latest smartphone storage, smartphone storage review, review smartphone storage, smartphone storage price, price smartphone storage, smartphone storage sell, sell smartphone storage, smartphone storage buy, buy smartphone storage, smartphone storage recommendation, recommendation smartphone storage, smartphone storage tips, tips smartphone storage, smartphone storage tutorial, tutorial smartphone storage, smartphone storage guide, guide smartphone storage, smartphone storage how to, how to smartphone storage, smartphone storage vs, vs smartphone storage, smartphone storage versus, versus smartphone storage, smartphone storage compared to, compared to smartphone storage, smartphone storage comparison, comparison smartphone storage, smartphone storage alternatives, alternatives smartphone storage, smartphone storage which is better, which is better smartphone storage, smartphone storage expensive, expensive smartphone storage, smartphone storage discount, discount smartphone storage, smartphone storage deals, deals smartphone storage, smartphone storage sale, sale smartphone storage, smartphone storage affordable, affordable smartphone storage, smartphone storage cost, cost smartphone storage, smartphone storage online, online smartphone storage, smartphone storage offline, offline smartphone storage, smartphone storage marketplace, marketplace smartphone storage, smartphone storage store, store smartphone storage, smartphone storage shop, shop smartphone storage, smartphone storage retailer, retailer smartphone storage, smartphone storage where to buy, where to buy smartphone storage, smartphone storage worst, worst smartphone storage, smartphone storage quality, quality smartphone storage, smartphone storage original, original smartphone storage, smartphone storage genuine, genuine smartphone storage, smartphone storage fake, fake smartphone storage, smartphone storage replica, replica smartphone storage, smartphone storage authentic, authentic smartphone storage, smartphone storage brand, brand smartphone storage, smartphone storage manufacturer, manufacturer smartphone storage, smartphone storage company, company smartphone storage, smartphone storage product, product smartphone storage, smartphone storage nvidia product, nvidia product smartphone storage, smartphone storage sell nvidia, sell nvidia smartphone storage, smartphone storage buy nvidia, buy nvidia smartphone storage, smartphone storage cheap nvidia, cheap nvidia smartphone storage, smartphone storage best nvidia, best nvidia smartphone storage, smartphone storage nvidia review, nvidia review smartphone storage, smartphone storage where to buy nvidia, where to buy nvidia smartphone storage, smartphone storage how to choose nvidia, how to choose nvidia smartphone storage, smartphone storage top nvidia, top nvidia smartphone storage, smartphone storage nvidia guide, nvidia guide smartphone storage, smartphone storage nvidia for sale, nvidia for sale smartphone storage, smartphone storage nvidia deals, nvidia deals smartphone storage, gaming performance nvidia, nvidia gaming performance, gaming performance cheap, cheap gaming performance, gaming performance best, best gaming performance, gaming performance latest, latest gaming performance, gaming performance review, review gaming performance, gaming performance price, price gaming performance, gaming performance sell, sell gaming performance, gaming performance buy, buy gaming performance, gaming performance recommendation, recommendation gaming performance, gaming performance tips, tips gaming performance, gaming performance tutorial, tutorial gaming performance, gaming performance guide, guide gaming performance, gaming performance how to, how to gaming performance, gaming performance vs, vs gaming performance, gaming performance versus, versus gaming performance, gaming performance compared to, compared to gaming performance, gaming performance comparison, comparison gaming performance, gaming performance alternatives, alternatives gaming performance, gaming performance which is better, which is better gaming performance, gaming performance expensive, expensive gaming performance, gaming performance discount, discount gaming performance, gaming performance deals, deals gaming performance, gaming performance sale, sale gaming performance, gaming performance affordable, affordable gaming performance, gaming performance cost, cost gaming performance, gaming performance online, online gaming performance, gaming performance offline, offline gaming performance, gaming performance marketplace, marketplace gaming performance, gaming performance store, store gaming performance, gaming performance shop, shop gaming performance, gaming performance retailer, retailer gaming performance, gaming performance where to buy, where to buy gaming performance, gaming performance worst, worst gaming performance, gaming performance quality, quality gaming performance, gaming performance original, original gaming performance, gaming performance genuine, genuine gaming performance, gaming performance fake, fake gaming performance, gaming performance replica, replica gaming performance, gaming performance authentic, authentic gaming performance, gaming performance brand, brand gaming performance, gaming performance manufacturer, manufacturer gaming performance, gaming performance company, company gaming performance, gaming performance product, product gaming performance, gaming performance nvidia product, nvidia product gaming performance, gaming performance sell nvidia, sell nvidia gaming performance, gaming performance buy nvidia, buy nvidia gaming performance, gaming performance cheap nvidia, cheap nvidia gaming performance, gaming performance best nvidia, best nvidia gaming performance, gaming performance nvidia review, nvidia review gaming performance, gaming performance where to buy nvidia, where to buy nvidia gaming performance, gaming performance how to choose nvidia, how to choose nvidia gaming performance, gaming performance top nvidia, top nvidia gaming performance, gaming performance nvidia guide, nvidia guide gaming performance, gaming performance nvidia for sale, nvidia for sale gaming performance, gaming performance nvidia deals, nvidia deals gaming performance
2026-09-30 08:51:37,487 - INFO - Expanded 220 seed keywords to 385 variations
2026-09-30 08:51:37,487 - INFO - Language: en
2026-09-30 08:51:37,487 - INFO - Region: us
2026-09-30 08:55:52,822 - INFO - 🎯 After all filtering for 'nvidia': 120 relevant keywords
2026-09-30 08:55:54,026 - INFO - 🎯 Found 5 new keywords for niche 'nvidia': nvidia affordable gaming performance, nvidia affordable smartphone storage, cheap alternatives smartphone storage, best authentic smartphone storage, how to brand smartphone storage
2026-09-30 08:56:11,008 - INFO - ✅ Niche 'nvidia' process complete! 904 total keyword results.
2026-09-30 08:56:11,008 - INFO - ✅ Completed processing niche: 'nvidia'
2026-09-30 08:56:11,008 - INFO - 🔧 Request Handler final stats - Success rate: 100.0%
2026-09-30 08:56:11,008 - INFO -    Total requests: 210057, Blocks: 1
2026-09-30 08:56:11,009 - INFO - 
========================================
2026-09-30 08:56:11,009 - INFO - Process Summary:
2026-09-30 08:56:11,009 - INFO - - Current niche: 'nvidia'
2026-09-30 08:56:11,009 - INFO - - Next niche will be: 'amd'
2026-09-30 08:56:11,009 - INFO - - Keywords saved in: languages/english/keywords/nvidia/
2026-09-30 08:56:11,010 - INFO - ========================================
