2026-08-09 14:55:57,466 - INFO - Log file created at: /home/runner/work/potensitech.com/potensitech.com/languages/english/keywords/logs/kw_search_20260809_145557.log
2026-08-09 14:55:57,466 - INFO - ============================================================
2026-08-09 14:55:57,466 - INFO - AUTOMATIC KEYWORD RESEARCH TOOL
2026-08-09 14:55:57,466 - INFO - ============================================================
2026-08-09 14:55:57,740 - INFO - ========================================
2026-08-09 14:55:57,740 - INFO - Found 14 niches to process: xiaomi, iphone, samsung, apple, sony, asus, philips, sandisk, intel, nvidia, amd, canon, nikon, huawei
2026-08-09 14:55:57,740 - INFO - ========================================
2026-08-09 14:55:57,740 - INFO - Continuing from last processed niche: nikon
2026-08-09 14:55:57,740 - INFO - ========================================
2026-08-09 14:55:57,740 - INFO - 🎯 PROCESSING NICHE 14/14: 'huawei'
2026-08-09 14:55:57,741 - INFO - ========================================
2026-08-09 14:55:57,741 - INFO - 📁 Niche directory: /home/runner/work/potensitech.com/potensitech.com/languages/english/keywords/huawei
2026-08-09 14:55:57,741 - INFO - Selected region: us
2026-08-09 14:55:57,741 - INFO - Selected language: en
2026-08-09 14:55:57,741 - INFO - 🎯 Current niche: huawei
2026-08-09 14:55:58,458 - INFO - 🎯 Niche terms for filtering: huawei, cheap, best, latest, review, price, sell, buy, recommendation, tips, tutorial, guide, how to, vs, versus, compared to, comparison, alternatives, which is better, expensive, discount, deals, sale, affordable, cost, online, offline, marketplace, store, shop, retailer, where to buy, worst, quality, original, genuine, fake, replica, authentic, brand, manufacturer, company, product, huawei product, sell huawei, buy huawei, cheap huawei, best huawei, huawei review, where to buy huawei, how to choose huawei, top huawei, huawei guide, huawei for sale, huawei deals
2026-08-09 14:55:58,458 - INFO - Generated 50 niche-clue pairs for 'huawei'.
2026-08-09 14:55:58,462 - INFO - Expanded 50 seed keywords to 218 variations
2026-08-09 14:55:58,462 - INFO - 🔧 Request Handler initialized - Success rate: 100.0%
2026-08-09 15:00:21,881 - INFO - Original clue keywords: mirrorless camera, battery life
2026-08-09 15:00:21,881 - INFO - Niche-focused seeds: mirrorless camera huawei, huawei mirrorless camera, mirrorless camera cheap, cheap mirrorless camera, mirrorless camera best, best mirrorless camera, mirrorless camera latest, latest mirrorless camera, mirrorless camera review, review mirrorless camera, mirrorless camera price, price mirrorless camera, mirrorless camera sell, sell mirrorless camera, mirrorless camera buy, buy mirrorless camera, mirrorless camera recommendation, recommendation mirrorless camera, mirrorless camera tips, tips mirrorless camera, mirrorless camera tutorial, tutorial mirrorless camera, mirrorless camera guide, guide mirrorless camera, mirrorless camera how to, how to mirrorless camera, mirrorless camera vs, vs mirrorless camera, mirrorless camera versus, versus mirrorless camera, mirrorless camera compared to, compared to mirrorless camera, mirrorless camera comparison, comparison mirrorless camera, mirrorless camera alternatives, alternatives mirrorless camera, mirrorless camera which is better, which is better mirrorless camera, mirrorless camera expensive, expensive mirrorless camera, mirrorless camera discount, discount mirrorless camera, mirrorless camera deals, deals mirrorless camera, mirrorless camera sale, sale mirrorless camera, mirrorless camera affordable, affordable mirrorless camera, mirrorless camera cost, cost mirrorless camera, mirrorless camera online, online mirrorless camera, mirrorless camera offline, offline mirrorless camera, mirrorless camera marketplace, marketplace mirrorless camera, mirrorless camera store, store mirrorless camera, mirrorless camera shop, shop mirrorless camera, mirrorless camera retailer, retailer mirrorless camera, mirrorless camera where to buy, where to buy mirrorless camera, mirrorless camera worst, worst mirrorless camera, mirrorless camera quality, quality mirrorless camera, mirrorless camera original, original mirrorless camera, mirrorless camera genuine, genuine mirrorless camera, mirrorless camera fake, fake mirrorless camera, mirrorless camera replica, replica mirrorless camera, mirrorless camera authentic, authentic mirrorless camera, mirrorless camera brand, brand mirrorless camera, mirrorless camera manufacturer, manufacturer mirrorless camera, mirrorless camera company, company mirrorless camera, mirrorless camera product, product mirrorless camera, mirrorless camera huawei product, huawei product mirrorless camera, mirrorless camera sell huawei, sell huawei mirrorless camera, mirrorless camera buy huawei, buy huawei mirrorless camera, mirrorless camera cheap huawei, cheap huawei mirrorless camera, mirrorless camera best huawei, best huawei mirrorless camera, mirrorless camera huawei review, huawei review mirrorless camera, mirrorless camera where to buy huawei, where to buy huawei mirrorless camera, mirrorless camera how to choose huawei, how to choose huawei mirrorless camera, mirrorless camera top huawei, top huawei mirrorless camera, mirrorless camera huawei guide, huawei guide mirrorless camera, mirrorless camera huawei for sale, huawei for sale mirrorless camera, mirrorless camera huawei deals, huawei deals mirrorless camera, battery life huawei, huawei battery life, battery life cheap, cheap battery life, battery life best, best battery life, battery life latest, latest battery life, battery life review, review battery life, battery life price, price battery life, battery life sell, sell battery life, battery life buy, buy battery life, battery life recommendation, recommendation battery life, battery life tips, tips battery life, battery life tutorial, tutorial battery life, battery life guide, guide battery life, battery life how to, how to battery life, battery life vs, vs battery life, battery life versus, versus battery life, battery life compared to, compared to battery life, battery life comparison, comparison battery life, battery life alternatives, alternatives battery life, battery life which is better, which is better battery life, battery life expensive, expensive battery life, battery life discount, discount battery life, battery life deals, deals battery life, battery life sale, sale battery life, battery life affordable, affordable battery life, battery life cost, cost battery life, battery life online, online battery life, battery life offline, offline battery life, battery life marketplace, marketplace battery life, battery life store, store battery life, battery life shop, shop battery life, battery life retailer, retailer battery life, battery life where to buy, where to buy battery life, battery life worst, worst battery life, battery life quality, quality battery life, battery life original, original battery life, battery life genuine, genuine battery life, battery life fake, fake battery life, battery life replica, replica battery life, battery life authentic, authentic battery life, battery life brand, brand battery life, battery life manufacturer, manufacturer battery life, battery life company, company battery life, battery life product, product battery life, battery life huawei product, huawei product battery life, battery life sell huawei, sell huawei battery life, battery life buy huawei, buy huawei battery life, battery life cheap huawei, cheap huawei battery life, battery life best huawei, best huawei battery life, battery life huawei review, huawei review battery life, battery life where to buy huawei, where to buy huawei battery life, battery life how to choose huawei, how to choose huawei battery life, battery life top huawei, top huawei battery life, battery life huawei guide, huawei guide battery life, battery life huawei for sale, huawei for sale battery life, battery life huawei deals, huawei deals battery life
2026-08-09 15:00:21,884 - INFO - Expanded 220 seed keywords to 385 variations
2026-08-09 15:00:21,885 - INFO - Language: en
2026-08-09 15:00:21,885 - INFO - Region: us
2026-08-09 15:01:38,984 - INFO - 🎯 After all filtering for 'huawei': 120 relevant keywords
2026-08-09 15:01:39,943 - INFO - 🎯 Found 4 new keywords for niche 'huawei': huawei affordable battery life, huawei affordable mirrorless camera, cheap alternatives mirrorless camera, best authentic mirrorless camera
2026-08-09 15:01:40,396 - INFO - ✅ Niche 'huawei' process complete! 629 total keyword results.
2026-08-09 15:01:40,397 - INFO - ✅ Completed processing niche: 'huawei'
2026-08-09 15:01:40,397 - INFO - 🔧 Request Handler final stats - Success rate: 100.0%
2026-08-09 15:01:40,397 - INFO -    Total requests: 167890, Blocks: 1
2026-08-09 15:01:40,398 - INFO - 
========================================
2026-08-09 15:01:40,398 - INFO - Process Summary:
2026-08-09 15:01:40,398 - INFO - - Current niche: 'huawei'
2026-08-09 15:01:40,398 - INFO - - Next niche will be: 'xiaomi'
2026-08-09 15:01:40,398 - INFO - - Keywords saved in: languages/english/keywords/huawei/
2026-08-09 15:01:40,398 - INFO - ========================================
