2026-09-23 09:34:41,669 - INFO - Log file created at: /home/runner/work/potensitech.com/potensitech.com/languages/english/keywords/logs/kw_search_20260923_093441.log
2026-09-23 09:34:41,669 - INFO - ============================================================
2026-09-23 09:34:41,669 - INFO - AUTOMATIC KEYWORD RESEARCH TOOL
2026-09-23 09:34:41,669 - INFO - ============================================================
2026-09-23 09:34:42,073 - INFO - ========================================
2026-09-23 09:34:42,073 - INFO - Found 14 niches to process: xiaomi, iphone, samsung, apple, sony, asus, philips, sandisk, intel, nvidia, amd, canon, nikon, huawei
2026-09-23 09:34:42,073 - INFO - ========================================
2026-09-23 09:34:42,073 - INFO - Continuing from last processed niche: nvidia
2026-09-23 09:34:42,073 - INFO - ========================================
2026-09-23 09:34:42,073 - INFO - 🎯 PROCESSING NICHE 11/14: 'amd'
2026-09-23 09:34:42,073 - INFO - ========================================
2026-09-23 09:34:42,073 - INFO - 📁 Niche directory: /home/runner/work/potensitech.com/potensitech.com/languages/english/keywords/amd
2026-09-23 09:34:42,073 - INFO - Selected region: us
2026-09-23 09:34:42,073 - INFO - Selected language: en
2026-09-23 09:34:42,073 - INFO - 🎯 Current niche: amd
2026-09-23 09:34:53,191 - INFO - 🎯 Niche terms for filtering: amd, cheap, best, latest, review, price, sell, buy, recommendation, tips, tutorial, guide, how to, vs, versus, compared to, comparison, alternatives, which is better, expensive, discount, deals, sale, affordable, cost, online, offline, marketplace, store, shop, retailer, where to buy, worst, quality, original, genuine, fake, replica, authentic, brand, manufacturer, company, product, amd product, sell amd, buy amd, cheap amd, best amd, amd review, where to buy amd, how to choose amd, top amd, amd guide, amd for sale, amd deals
2026-09-23 09:34:53,191 - INFO - Generated 50 niche-clue pairs for 'amd'.
2026-09-23 09:34:53,194 - INFO - Expanded 50 seed keywords to 218 variations
2026-09-23 09:34:53,195 - INFO - 🔧 Request Handler initialized - Success rate: 100.0%
2026-09-23 09:39:19,004 - INFO - Original clue keywords: dslr settings, gaming optimization
2026-09-23 09:39:19,005 - INFO - Niche-focused seeds: dslr settings amd, amd dslr settings, dslr settings cheap, cheap dslr settings, dslr settings best, best dslr settings, dslr settings latest, latest dslr settings, dslr settings review, review dslr settings, dslr settings price, price dslr settings, dslr settings sell, sell dslr settings, dslr settings buy, buy dslr settings, dslr settings recommendation, recommendation dslr settings, dslr settings tips, tips dslr settings, dslr settings tutorial, tutorial dslr settings, dslr settings guide, guide dslr settings, dslr settings how to, how to dslr settings, dslr settings vs, vs dslr settings, dslr settings versus, versus dslr settings, dslr settings compared to, compared to dslr settings, dslr settings comparison, comparison dslr settings, dslr settings alternatives, alternatives dslr settings, dslr settings which is better, which is better dslr settings, dslr settings expensive, expensive dslr settings, dslr settings discount, discount dslr settings, dslr settings deals, deals dslr settings, dslr settings sale, sale dslr settings, dslr settings affordable, affordable dslr settings, dslr settings cost, cost dslr settings, dslr settings online, online dslr settings, dslr settings offline, offline dslr settings, dslr settings marketplace, marketplace dslr settings, dslr settings store, store dslr settings, dslr settings shop, shop dslr settings, dslr settings retailer, retailer dslr settings, dslr settings where to buy, where to buy dslr settings, dslr settings worst, worst dslr settings, dslr settings quality, quality dslr settings, dslr settings original, original dslr settings, dslr settings genuine, genuine dslr settings, dslr settings fake, fake dslr settings, dslr settings replica, replica dslr settings, dslr settings authentic, authentic dslr settings, dslr settings brand, brand dslr settings, dslr settings manufacturer, manufacturer dslr settings, dslr settings company, company dslr settings, dslr settings product, product dslr settings, dslr settings amd product, amd product dslr settings, dslr settings sell amd, sell amd dslr settings, dslr settings buy amd, buy amd dslr settings, dslr settings cheap amd, cheap amd dslr settings, dslr settings best amd, best amd dslr settings, dslr settings amd review, amd review dslr settings, dslr settings where to buy amd, where to buy amd dslr settings, dslr settings how to choose amd, how to choose amd dslr settings, dslr settings top amd, top amd dslr settings, dslr settings amd guide, amd guide dslr settings, dslr settings amd for sale, amd for sale dslr settings, dslr settings amd deals, amd deals dslr settings, gaming optimization amd, amd gaming optimization, gaming optimization cheap, cheap gaming optimization, gaming optimization best, best gaming optimization, gaming optimization latest, latest gaming optimization, gaming optimization review, review gaming optimization, gaming optimization price, price gaming optimization, gaming optimization sell, sell gaming optimization, gaming optimization buy, buy gaming optimization, gaming optimization recommendation, recommendation gaming optimization, gaming optimization tips, tips gaming optimization, gaming optimization tutorial, tutorial gaming optimization, gaming optimization guide, guide gaming optimization, gaming optimization how to, how to gaming optimization, gaming optimization vs, vs gaming optimization, gaming optimization versus, versus gaming optimization, gaming optimization compared to, compared to gaming optimization, gaming optimization comparison, comparison gaming optimization, gaming optimization alternatives, alternatives gaming optimization, gaming optimization which is better, which is better gaming optimization, gaming optimization expensive, expensive gaming optimization, gaming optimization discount, discount gaming optimization, gaming optimization deals, deals gaming optimization, gaming optimization sale, sale gaming optimization, gaming optimization affordable, affordable gaming optimization, gaming optimization cost, cost gaming optimization, gaming optimization online, online gaming optimization, gaming optimization offline, offline gaming optimization, gaming optimization marketplace, marketplace gaming optimization, gaming optimization store, store gaming optimization, gaming optimization shop, shop gaming optimization, gaming optimization retailer, retailer gaming optimization, gaming optimization where to buy, where to buy gaming optimization, gaming optimization worst, worst gaming optimization, gaming optimization quality, quality gaming optimization, gaming optimization original, original gaming optimization, gaming optimization genuine, genuine gaming optimization, gaming optimization fake, fake gaming optimization, gaming optimization replica, replica gaming optimization, gaming optimization authentic, authentic gaming optimization, gaming optimization brand, brand gaming optimization, gaming optimization manufacturer, manufacturer gaming optimization, gaming optimization company, company gaming optimization, gaming optimization product, product gaming optimization, gaming optimization amd product, amd product gaming optimization, gaming optimization sell amd, sell amd gaming optimization, gaming optimization buy amd, buy amd gaming optimization, gaming optimization cheap amd, cheap amd gaming optimization, gaming optimization best amd, best amd gaming optimization, gaming optimization amd review, amd review gaming optimization, gaming optimization where to buy amd, where to buy amd gaming optimization, gaming optimization how to choose amd, how to choose amd gaming optimization, gaming optimization top amd, top amd gaming optimization, gaming optimization amd guide, amd guide gaming optimization, gaming optimization amd for sale, amd for sale gaming optimization, gaming optimization amd deals, amd deals gaming optimization
2026-09-23 09:39:19,008 - INFO - Expanded 220 seed keywords to 385 variations
2026-09-23 09:39:19,008 - INFO - Language: en
2026-09-23 09:39:19,008 - INFO - Region: us
2026-09-23 09:43:49,230 - INFO - 🎯 After all filtering for 'amd': 120 relevant keywords
2026-09-23 09:43:51,211 - INFO - 🎯 Found 5 new keywords for niche 'amd': amd affordable dslr settings, amd affordable gaming optimization, cheap alternatives dslr settings, best authentic dslr settings, how to brand dslr settings
2026-09-23 09:44:06,712 - INFO - ✅ Niche 'amd' process complete! 807 total keyword results.
2026-09-23 09:44:06,712 - INFO - ✅ Completed processing niche: 'amd'
2026-09-23 09:44:06,712 - INFO - 🔧 Request Handler final stats - Success rate: 100.0%
2026-09-23 09:44:06,712 - INFO -    Total requests: 203947, Blocks: 1
2026-09-23 09:44:06,713 - INFO - 
========================================
2026-09-23 09:44:06,713 - INFO - Process Summary:
2026-09-23 09:44:06,713 - INFO - - Current niche: 'amd'
2026-09-23 09:44:06,713 - INFO - - Next niche will be: 'canon'
2026-09-23 09:44:06,714 - INFO - - Keywords saved in: languages/english/keywords/amd/
2026-09-23 09:44:06,714 - INFO - ========================================
