2026-09-24 16:24:33,554 - INFO - Log file created at: /home/runner/work/potensitech.com/potensitech.com/languages/english/keywords/logs/kw_search_20260924_162433.log
2026-09-24 16:24:33,554 - INFO - ============================================================
2026-09-24 16:24:33,554 - INFO - AUTOMATIC KEYWORD RESEARCH TOOL
2026-09-24 16:24:33,554 - INFO - ============================================================
2026-09-24 16:24:33,943 - INFO - ========================================
2026-09-24 16:24:33,943 - INFO - Found 14 niches to process: xiaomi, iphone, samsung, apple, sony, asus, philips, sandisk, intel, nvidia, amd, canon, nikon, huawei
2026-09-24 16:24:33,943 - INFO - ========================================
2026-09-24 16:24:33,943 - INFO - Continuing from last processed niche: intel
2026-09-24 16:24:33,943 - INFO - ========================================
2026-09-24 16:24:33,944 - INFO - 🎯 PROCESSING NICHE 10/14: 'nvidia'
2026-09-24 16:24:33,944 - INFO - ========================================
2026-09-24 16:24:33,944 - INFO - 📁 Niche directory: /home/runner/work/potensitech.com/potensitech.com/languages/english/keywords/nvidia
2026-09-24 16:24:33,944 - INFO - Selected region: us
2026-09-24 16:24:33,944 - INFO - Selected language: en
2026-09-24 16:24:33,944 - INFO - 🎯 Current niche: nvidia
2026-09-24 16:24:44,862 - INFO - 🎯 Niche terms for filtering: nvidia, cheap, best, latest, review, price, sell, buy, recommendation, tips, tutorial, guide, how to, vs, versus, compared to, comparison, alternatives, which is better, expensive, discount, deals, sale, affordable, cost, online, offline, marketplace, store, shop, retailer, where to buy, worst, quality, original, genuine, fake, replica, authentic, brand, manufacturer, company, product, nvidia product, sell nvidia, buy nvidia, cheap nvidia, best nvidia, nvidia review, where to buy nvidia, how to choose nvidia, top nvidia, nvidia guide, nvidia for sale, nvidia deals
2026-09-24 16:24:44,863 - INFO - Generated 50 niche-clue pairs for 'nvidia'.
2026-09-24 16:24:44,865 - INFO - Expanded 50 seed keywords to 218 variations
2026-09-24 16:24:44,866 - INFO - 🔧 Request Handler initialized - Success rate: 100.0%
2026-09-24 16:29:09,035 - INFO - Original clue keywords: overclocking capability, core speed
2026-09-24 16:29:09,035 - INFO - Niche-focused seeds: overclocking capability nvidia, nvidia overclocking capability, overclocking capability cheap, cheap overclocking capability, overclocking capability best, best overclocking capability, overclocking capability latest, latest overclocking capability, overclocking capability review, review overclocking capability, overclocking capability price, price overclocking capability, overclocking capability sell, sell overclocking capability, overclocking capability buy, buy overclocking capability, overclocking capability recommendation, recommendation overclocking capability, overclocking capability tips, tips overclocking capability, overclocking capability tutorial, tutorial overclocking capability, overclocking capability guide, guide overclocking capability, overclocking capability how to, how to overclocking capability, overclocking capability vs, vs overclocking capability, overclocking capability versus, versus overclocking capability, overclocking capability compared to, compared to overclocking capability, overclocking capability comparison, comparison overclocking capability, overclocking capability alternatives, alternatives overclocking capability, overclocking capability which is better, which is better overclocking capability, overclocking capability expensive, expensive overclocking capability, overclocking capability discount, discount overclocking capability, overclocking capability deals, deals overclocking capability, overclocking capability sale, sale overclocking capability, overclocking capability affordable, affordable overclocking capability, overclocking capability cost, cost overclocking capability, overclocking capability online, online overclocking capability, overclocking capability offline, offline overclocking capability, overclocking capability marketplace, marketplace overclocking capability, overclocking capability store, store overclocking capability, overclocking capability shop, shop overclocking capability, overclocking capability retailer, retailer overclocking capability, overclocking capability where to buy, where to buy overclocking capability, overclocking capability worst, worst overclocking capability, overclocking capability quality, quality overclocking capability, overclocking capability original, original overclocking capability, overclocking capability genuine, genuine overclocking capability, overclocking capability fake, fake overclocking capability, overclocking capability replica, replica overclocking capability, overclocking capability authentic, authentic overclocking capability, overclocking capability brand, brand overclocking capability, overclocking capability manufacturer, manufacturer overclocking capability, overclocking capability company, company overclocking capability, overclocking capability product, product overclocking capability, overclocking capability nvidia product, nvidia product overclocking capability, overclocking capability sell nvidia, sell nvidia overclocking capability, overclocking capability buy nvidia, buy nvidia overclocking capability, overclocking capability cheap nvidia, cheap nvidia overclocking capability, overclocking capability best nvidia, best nvidia overclocking capability, overclocking capability nvidia review, nvidia review overclocking capability, overclocking capability where to buy nvidia, where to buy nvidia overclocking capability, overclocking capability how to choose nvidia, how to choose nvidia overclocking capability, overclocking capability top nvidia, top nvidia overclocking capability, overclocking capability nvidia guide, nvidia guide overclocking capability, overclocking capability nvidia for sale, nvidia for sale overclocking capability, overclocking capability nvidia deals, nvidia deals overclocking capability, core speed nvidia, nvidia core speed, core speed cheap, cheap core speed, core speed best, best core speed, core speed latest, latest core speed, core speed review, review core speed, core speed price, price core speed, core speed sell, sell core speed, core speed buy, buy core speed, core speed recommendation, recommendation core speed, core speed tips, tips core speed, core speed tutorial, tutorial core speed, core speed guide, guide core speed, core speed how to, how to core speed, core speed vs, vs core speed, core speed versus, versus core speed, core speed compared to, compared to core speed, core speed comparison, comparison core speed, core speed alternatives, alternatives core speed, core speed which is better, which is better core speed, core speed expensive, expensive core speed, core speed discount, discount core speed, core speed deals, deals core speed, core speed sale, sale core speed, core speed affordable, affordable core speed, core speed cost, cost core speed, core speed online, online core speed, core speed offline, offline core speed, core speed marketplace, marketplace core speed, core speed store, store core speed, core speed shop, shop core speed, core speed retailer, retailer core speed, core speed where to buy, where to buy core speed, core speed worst, worst core speed, core speed quality, quality core speed, core speed original, original core speed, core speed genuine, genuine core speed, core speed fake, fake core speed, core speed replica, replica core speed, core speed authentic, authentic core speed, core speed brand, brand core speed, core speed manufacturer, manufacturer core speed, core speed company, company core speed, core speed product, product core speed, core speed nvidia product, nvidia product core speed, core speed sell nvidia, sell nvidia core speed, core speed buy nvidia, buy nvidia core speed, core speed cheap nvidia, cheap nvidia core speed, core speed best nvidia, best nvidia core speed, core speed nvidia review, nvidia review core speed, core speed where to buy nvidia, where to buy nvidia core speed, core speed how to choose nvidia, how to choose nvidia core speed, core speed top nvidia, top nvidia core speed, core speed nvidia guide, nvidia guide core speed, core speed nvidia for sale, nvidia for sale core speed, core speed nvidia deals, nvidia deals core speed
2026-09-24 16:29:09,038 - INFO - Expanded 220 seed keywords to 385 variations
2026-09-24 16:29:09,038 - INFO - Language: en
2026-09-24 16:29:09,038 - INFO - Region: us
2026-09-24 16:33:41,722 - INFO - 🎯 After all filtering for 'nvidia': 120 relevant keywords
2026-09-24 16:33:42,972 - INFO - 🎯 Found 5 new keywords for niche 'nvidia': nvidia affordable core speed, nvidia affordable overclocking capability, cheap alternatives core speed, cheap alternatives overclocking capability, best authentic core speed
2026-09-24 16:33:59,252 - INFO - ✅ Niche 'nvidia' process complete! 896 total keyword results.
2026-09-24 16:33:59,252 - INFO - ✅ Completed processing niche: 'nvidia'
2026-09-24 16:33:59,252 - INFO - 🔧 Request Handler final stats - Success rate: 100.0%
2026-09-24 16:33:59,252 - INFO -    Total requests: 205136, Blocks: 1
2026-09-24 16:33:59,253 - INFO - 
========================================
2026-09-24 16:33:59,253 - INFO - Process Summary:
2026-09-24 16:33:59,253 - INFO - - Current niche: 'nvidia'
2026-09-24 16:33:59,253 - INFO - - Next niche will be: 'amd'
2026-09-24 16:33:59,253 - INFO - - Keywords saved in: languages/english/keywords/nvidia/
2026-09-24 16:33:59,254 - INFO - ========================================
