2026-09-26 19:24:51,576 - INFO - Log file created at: /home/runner/work/potensitech.com/potensitech.com/languages/english/keywords/logs/kw_search_20260926_192451.log
2026-09-26 19:24:51,576 - INFO - ============================================================
2026-09-26 19:24:51,576 - INFO - AUTOMATIC KEYWORD RESEARCH TOOL
2026-09-26 19:24:51,576 - INFO - ============================================================
2026-09-26 19:24:51,897 - INFO - ========================================
2026-09-26 19:24:51,897 - INFO - Found 14 niches to process: xiaomi, iphone, samsung, apple, sony, asus, philips, sandisk, intel, nvidia, amd, canon, nikon, huawei
2026-09-26 19:24:51,897 - INFO - ========================================
2026-09-26 19:24:51,897 - INFO - Continuing from last processed niche: samsung
2026-09-26 19:24:51,897 - INFO - ========================================
2026-09-26 19:24:51,897 - INFO - 🎯 PROCESSING NICHE 4/14: 'apple'
2026-09-26 19:24:51,897 - INFO - ========================================
2026-09-26 19:24:51,897 - INFO - 📁 Niche directory: /home/runner/work/potensitech.com/potensitech.com/languages/english/keywords/apple
2026-09-26 19:24:51,898 - INFO - Selected region: us
2026-09-26 19:24:51,898 - INFO - Selected language: en
2026-09-26 19:24:51,898 - INFO - 🎯 Current niche: apple
2026-09-26 19:25:02,941 - INFO - 🎯 Niche terms for filtering: apple, cheap, best, latest, review, price, sell, buy, recommendation, tips, tutorial, guide, how to, vs, versus, compared to, comparison, alternatives, which is better, expensive, discount, deals, sale, affordable, cost, online, offline, marketplace, store, shop, retailer, where to buy, worst, quality, original, genuine, fake, replica, authentic, brand, manufacturer, company, product, apple product, sell apple, buy apple, cheap apple, best apple, apple review, where to buy apple, how to choose apple, top apple, apple guide, apple for sale, apple deals
2026-09-26 19:25:02,942 - INFO - Generated 50 niche-clue pairs for 'apple'.
2026-09-26 19:25:02,943 - INFO - Expanded 50 seed keywords to 218 variations
2026-09-26 19:25:02,944 - INFO - 🔧 Request Handler initialized - Success rate: 100.0%
2026-09-26 19:29:27,547 - INFO - Original clue keywords: solid-state, usb storage
2026-09-26 19:29:27,547 - INFO - Niche-focused seeds: solid-state apple, apple solid-state, solid-state cheap, cheap solid-state, solid-state best, best solid-state, solid-state latest, latest solid-state, solid-state review, review solid-state, solid-state price, price solid-state, solid-state sell, sell solid-state, solid-state buy, buy solid-state, solid-state recommendation, recommendation solid-state, solid-state tips, tips solid-state, solid-state tutorial, tutorial solid-state, solid-state guide, guide solid-state, solid-state how to, how to solid-state, solid-state vs, vs solid-state, solid-state versus, versus solid-state, solid-state compared to, compared to solid-state, solid-state comparison, comparison solid-state, solid-state alternatives, alternatives solid-state, solid-state which is better, which is better solid-state, solid-state expensive, expensive solid-state, solid-state discount, discount solid-state, solid-state deals, deals solid-state, solid-state sale, sale solid-state, solid-state affordable, affordable solid-state, solid-state cost, cost solid-state, solid-state online, online solid-state, solid-state offline, offline solid-state, solid-state marketplace, marketplace solid-state, solid-state store, store solid-state, solid-state shop, shop solid-state, solid-state retailer, retailer solid-state, solid-state where to buy, where to buy solid-state, solid-state worst, worst solid-state, solid-state quality, quality solid-state, solid-state original, original solid-state, solid-state genuine, genuine solid-state, solid-state fake, fake solid-state, solid-state replica, replica solid-state, solid-state authentic, authentic solid-state, solid-state brand, brand solid-state, solid-state manufacturer, manufacturer solid-state, solid-state company, company solid-state, solid-state product, product solid-state, solid-state apple product, apple product solid-state, solid-state sell apple, sell apple solid-state, solid-state buy apple, buy apple solid-state, solid-state cheap apple, cheap apple solid-state, solid-state best apple, best apple solid-state, solid-state apple review, apple review solid-state, solid-state where to buy apple, where to buy apple solid-state, solid-state how to choose apple, how to choose apple solid-state, solid-state top apple, top apple solid-state, solid-state apple guide, apple guide solid-state, solid-state apple for sale, apple for sale solid-state, solid-state apple deals, apple deals solid-state, usb storage apple, apple usb storage, usb storage cheap, cheap usb storage, usb storage best, best usb storage, usb storage latest, latest usb storage, usb storage review, review usb storage, usb storage price, price usb storage, usb storage sell, sell usb storage, usb storage buy, buy usb storage, usb storage recommendation, recommendation usb storage, usb storage tips, tips usb storage, usb storage tutorial, tutorial usb storage, usb storage guide, guide usb storage, usb storage how to, how to usb storage, usb storage vs, vs usb storage, usb storage versus, versus usb storage, usb storage compared to, compared to usb storage, usb storage comparison, comparison usb storage, usb storage alternatives, alternatives usb storage, usb storage which is better, which is better usb storage, usb storage expensive, expensive usb storage, usb storage discount, discount usb storage, usb storage deals, deals usb storage, usb storage sale, sale usb storage, usb storage affordable, affordable usb storage, usb storage cost, cost usb storage, usb storage online, online usb storage, usb storage offline, offline usb storage, usb storage marketplace, marketplace usb storage, usb storage store, store usb storage, usb storage shop, shop usb storage, usb storage retailer, retailer usb storage, usb storage where to buy, where to buy usb storage, usb storage worst, worst usb storage, usb storage quality, quality usb storage, usb storage original, original usb storage, usb storage genuine, genuine usb storage, usb storage fake, fake usb storage, usb storage replica, replica usb storage, usb storage authentic, authentic usb storage, usb storage brand, brand usb storage, usb storage manufacturer, manufacturer usb storage, usb storage company, company usb storage, usb storage product, product usb storage, usb storage apple product, apple product usb storage, usb storage sell apple, sell apple usb storage, usb storage buy apple, buy apple usb storage, usb storage cheap apple, cheap apple usb storage, usb storage best apple, best apple usb storage, usb storage apple review, apple review usb storage, usb storage where to buy apple, where to buy apple usb storage, usb storage how to choose apple, how to choose apple usb storage, usb storage top apple, top apple usb storage, usb storage apple guide, apple guide usb storage, usb storage apple for sale, apple for sale usb storage, usb storage apple deals, apple deals usb storage
2026-09-26 19:29:27,549 - INFO - Expanded 220 seed keywords to 385 variations
2026-09-26 19:29:27,549 - INFO - Language: en
2026-09-26 19:29:27,549 - INFO - Region: us
2026-09-26 19:33:59,844 - INFO - 🎯 After all filtering for 'apple': 120 relevant keywords
2026-09-26 19:34:00,026 - INFO - 🎯 Found 5 new keywords for niche 'apple': apple affordable solid-state, affordable solid-state cheap, how to affordable solid-state, apple alternatives solid-state, cheap alternatives solid-state
2026-09-26 19:34:16,711 - INFO - ✅ Niche 'apple' process complete! 599 total keyword results.
2026-09-26 19:34:16,711 - INFO - ✅ Completed processing niche: 'apple'
2026-09-26 19:34:16,711 - INFO - 🔧 Request Handler final stats - Success rate: 100.0%
2026-09-26 19:34:16,711 - INFO -    Total requests: 207120, Blocks: 1
2026-09-26 19:34:16,712 - INFO - 
========================================
2026-09-26 19:34:16,712 - INFO - Process Summary:
2026-09-26 19:34:16,712 - INFO - - Current niche: 'apple'
2026-09-26 19:34:16,712 - INFO - - Next niche will be: 'sony'
2026-09-26 19:34:16,712 - INFO - - Keywords saved in: languages/english/keywords/apple/
2026-09-26 19:34:16,713 - INFO - ========================================
