2026-08-20 19:42:58,289 - INFO - Log file created at: /home/runner/work/potensitech.com/potensitech.com/languages/english/keywords/logs/kw_search_20260820_194258.log
2026-08-20 19:42:58,289 - INFO - ============================================================
2026-08-20 19:42:58,289 - INFO - AUTOMATIC KEYWORD RESEARCH TOOL
2026-08-20 19:42:58,289 - INFO - ============================================================
2026-08-20 19:42:58,589 - INFO - ========================================
2026-08-20 19:42:58,589 - INFO - Found 14 niches to process: xiaomi, iphone, samsung, apple, sony, asus, philips, sandisk, intel, nvidia, amd, canon, nikon, huawei
2026-08-20 19:42:58,589 - INFO - ========================================
2026-08-20 19:42:58,589 - INFO - Continuing from last processed niche: nikon
2026-08-20 19:42:58,589 - INFO - ========================================
2026-08-20 19:42:58,589 - INFO - 🎯 PROCESSING NICHE 14/14: 'huawei'
2026-08-20 19:42:58,590 - INFO - ========================================
2026-08-20 19:42:58,590 - INFO - 📁 Niche directory: /home/runner/work/potensitech.com/potensitech.com/languages/english/keywords/huawei
2026-08-20 19:42:58,590 - INFO - Selected region: us
2026-08-20 19:42:58,590 - INFO - Selected language: en
2026-08-20 19:42:58,590 - INFO - 🎯 Current niche: huawei
2026-08-20 19:42:59,302 - INFO - 🎯 Niche terms for filtering: huawei, cheap, best, latest, review, price, sell, buy, recommendation, tips, tutorial, guide, how to, vs, versus, compared to, comparison, alternatives, which is better, expensive, discount, deals, sale, affordable, cost, online, offline, marketplace, store, shop, retailer, where to buy, worst, quality, original, genuine, fake, replica, authentic, brand, manufacturer, company, product, huawei product, sell huawei, buy huawei, cheap huawei, best huawei, huawei review, where to buy huawei, how to choose huawei, top huawei, huawei guide, huawei for sale, huawei deals
2026-08-20 19:42:59,303 - INFO - Generated 50 niche-clue pairs for 'huawei'.
2026-08-20 19:42:59,306 - INFO - Expanded 50 seed keywords to 218 variations
2026-08-20 19:42:59,312 - INFO - 🔧 Request Handler initialized - Success rate: 100.0%
2026-08-20 19:47:26,114 - INFO - Original clue keywords: dslr, mirrorless
2026-08-20 19:47:26,114 - INFO - Niche-focused seeds: dslr huawei, huawei dslr, dslr cheap, cheap dslr, dslr best, best dslr, dslr latest, latest dslr, dslr review, review dslr, dslr price, price dslr, dslr sell, sell dslr, dslr buy, buy dslr, dslr recommendation, recommendation dslr, dslr tips, tips dslr, dslr tutorial, tutorial dslr, dslr guide, guide dslr, dslr how to, how to dslr, dslr vs, vs dslr, dslr versus, versus dslr, dslr compared to, compared to dslr, dslr comparison, comparison dslr, dslr alternatives, alternatives dslr, dslr which is better, which is better dslr, dslr expensive, expensive dslr, dslr discount, discount dslr, dslr deals, deals dslr, dslr sale, sale dslr, dslr affordable, affordable dslr, dslr cost, cost dslr, dslr online, online dslr, dslr offline, offline dslr, dslr marketplace, marketplace dslr, dslr store, store dslr, dslr shop, shop dslr, dslr retailer, retailer dslr, dslr where to buy, where to buy dslr, dslr worst, worst dslr, dslr quality, quality dslr, dslr original, original dslr, dslr genuine, genuine dslr, dslr fake, fake dslr, dslr replica, replica dslr, dslr authentic, authentic dslr, dslr brand, brand dslr, dslr manufacturer, manufacturer dslr, dslr company, company dslr, dslr product, product dslr, dslr huawei product, huawei product dslr, dslr sell huawei, sell huawei dslr, dslr buy huawei, buy huawei dslr, dslr cheap huawei, cheap huawei dslr, dslr best huawei, best huawei dslr, dslr huawei review, huawei review dslr, dslr where to buy huawei, where to buy huawei dslr, dslr how to choose huawei, how to choose huawei dslr, dslr top huawei, top huawei dslr, dslr huawei guide, huawei guide dslr, dslr huawei for sale, huawei for sale dslr, dslr huawei deals, huawei deals dslr, mirrorless huawei, huawei mirrorless, mirrorless cheap, cheap mirrorless, mirrorless best, best mirrorless, mirrorless latest, latest mirrorless, mirrorless review, review mirrorless, mirrorless price, price mirrorless, mirrorless sell, sell mirrorless, mirrorless buy, buy mirrorless, mirrorless recommendation, recommendation mirrorless, mirrorless tips, tips mirrorless, mirrorless tutorial, tutorial mirrorless, mirrorless guide, guide mirrorless, mirrorless how to, how to mirrorless, mirrorless vs, vs mirrorless, mirrorless versus, versus mirrorless, mirrorless compared to, compared to mirrorless, mirrorless comparison, comparison mirrorless, mirrorless alternatives, alternatives mirrorless, mirrorless which is better, which is better mirrorless, mirrorless expensive, expensive mirrorless, mirrorless discount, discount mirrorless, mirrorless deals, deals mirrorless, mirrorless sale, sale mirrorless, mirrorless affordable, affordable mirrorless, mirrorless cost, cost mirrorless, mirrorless online, online mirrorless, mirrorless offline, offline mirrorless, mirrorless marketplace, marketplace mirrorless, mirrorless store, store mirrorless, mirrorless shop, shop mirrorless, mirrorless retailer, retailer mirrorless, mirrorless where to buy, where to buy mirrorless, mirrorless worst, worst mirrorless, mirrorless quality, quality mirrorless, mirrorless original, original mirrorless, mirrorless genuine, genuine mirrorless, mirrorless fake, fake mirrorless, mirrorless replica, replica mirrorless, mirrorless authentic, authentic mirrorless, mirrorless brand, brand mirrorless, mirrorless manufacturer, manufacturer mirrorless, mirrorless company, company mirrorless, mirrorless product, product mirrorless, mirrorless huawei product, huawei product mirrorless, mirrorless sell huawei, sell huawei mirrorless, mirrorless buy huawei, buy huawei mirrorless, mirrorless cheap huawei, cheap huawei mirrorless, mirrorless best huawei, best huawei mirrorless, mirrorless huawei review, huawei review mirrorless, mirrorless where to buy huawei, where to buy huawei mirrorless, mirrorless how to choose huawei, how to choose huawei mirrorless, mirrorless top huawei, top huawei mirrorless, mirrorless huawei guide, huawei guide mirrorless, mirrorless huawei for sale, huawei for sale mirrorless, mirrorless huawei deals, huawei deals mirrorless
2026-08-20 19:47:26,118 - INFO - Expanded 220 seed keywords to 385 variations
2026-08-20 19:47:26,118 - INFO - Language: en
2026-08-20 19:47:26,118 - INFO - Region: us
2026-08-20 19:51:57,462 - INFO - 🎯 After all filtering for 'huawei': 120 relevant keywords
2026-08-20 19:51:57,707 - INFO - 🎯 Found 5 new keywords for niche 'huawei': huawei affordable dslr, cheap affordable dslr, best affordable dslr, huawei affordable mirrorless, cheap affordable mirrorless
2026-08-20 19:51:58,191 - INFO - ✅ Niche 'huawei' process complete! 643 total keyword results.
2026-08-20 19:51:58,191 - INFO - ✅ Completed processing niche: 'huawei'
2026-08-20 19:51:58,192 - INFO - 🔧 Request Handler final stats - Success rate: 100.0%
2026-08-20 19:51:58,192 - INFO -    Total requests: 176604, Blocks: 1
2026-08-20 19:51:58,193 - INFO - 
========================================
2026-08-20 19:51:58,193 - INFO - Process Summary:
2026-08-20 19:51:58,193 - INFO - - Current niche: 'huawei'
2026-08-20 19:51:58,193 - INFO - - Next niche will be: 'xiaomi'
2026-08-20 19:51:58,193 - INFO - - Keywords saved in: languages/english/keywords/huawei/
2026-08-20 19:51:58,194 - INFO - ========================================
