2026-10-02 08:42:37,084 - INFO - Log file created at: /home/runner/work/potensitech.com/potensitech.com/languages/english/keywords/logs/kw_search_20261002_084237.log
2026-10-02 08:42:37,085 - INFO - ============================================================
2026-10-02 08:42:37,085 - INFO - AUTOMATIC KEYWORD RESEARCH TOOL
2026-10-02 08:42:37,085 - INFO - ============================================================
2026-10-02 08:42:37,532 - INFO - ========================================
2026-10-02 08:42:37,532 - INFO - Found 14 niches to process: xiaomi, iphone, samsung, apple, sony, asus, philips, sandisk, intel, nvidia, amd, canon, nikon, huawei
2026-10-02 08:42:37,532 - INFO - ========================================
2026-10-02 08:42:37,532 - INFO - Continuing from last processed niche: xiaomi
2026-10-02 08:42:37,532 - INFO - ========================================
2026-10-02 08:42:37,533 - INFO - 🎯 PROCESSING NICHE 2/14: 'iphone'
2026-10-02 08:42:37,533 - INFO - ========================================
2026-10-02 08:42:37,533 - INFO - 📁 Niche directory: /home/runner/work/potensitech.com/potensitech.com/languages/english/keywords/iphone
2026-10-02 08:42:37,533 - INFO - Selected region: us
2026-10-02 08:42:37,533 - INFO - Selected language: en
2026-10-02 08:42:37,533 - INFO - 🎯 Current niche: iphone
2026-10-02 08:42:48,368 - INFO - 🎯 Niche terms for filtering: iphone, cheap, best, latest, review, price, sell, buy, recommendation, tips, tutorial, guide, how to, vs, versus, compared to, comparison, alternatives, which is better, expensive, discount, deals, sale, affordable, cost, online, offline, marketplace, store, shop, retailer, where to buy, worst, quality, original, genuine, fake, replica, authentic, brand, manufacturer, company, product, iphone product, sell iphone, buy iphone, cheap iphone, best iphone, iphone review, where to buy iphone, how to choose iphone, top iphone, iphone guide, iphone for sale, iphone deals
2026-10-02 08:42:48,369 - INFO - Generated 50 niche-clue pairs for 'iphone'.
2026-10-02 08:42:48,372 - INFO - Expanded 50 seed keywords to 218 variations
2026-10-02 08:42:48,373 - INFO - 🔧 Request Handler initialized - Success rate: 100.0%
2026-10-02 08:47:11,218 - INFO - Original clue keywords: mobile performance, sleek design
2026-10-02 08:47:11,218 - INFO - Niche-focused seeds: mobile performance iphone, iphone mobile performance, mobile performance cheap, cheap mobile performance, mobile performance best, best mobile performance, mobile performance latest, latest mobile performance, mobile performance review, review mobile performance, mobile performance price, price mobile performance, mobile performance sell, sell mobile performance, mobile performance buy, buy mobile performance, mobile performance recommendation, recommendation mobile performance, mobile performance tips, tips mobile performance, mobile performance tutorial, tutorial mobile performance, mobile performance guide, guide mobile performance, mobile performance how to, how to mobile performance, mobile performance vs, vs mobile performance, mobile performance versus, versus mobile performance, mobile performance compared to, compared to mobile performance, mobile performance comparison, comparison mobile performance, mobile performance alternatives, alternatives mobile performance, mobile performance which is better, which is better mobile performance, mobile performance expensive, expensive mobile performance, mobile performance discount, discount mobile performance, mobile performance deals, deals mobile performance, mobile performance sale, sale mobile performance, mobile performance affordable, affordable mobile performance, mobile performance cost, cost mobile performance, mobile performance online, online mobile performance, mobile performance offline, offline mobile performance, mobile performance marketplace, marketplace mobile performance, mobile performance store, store mobile performance, mobile performance shop, shop mobile performance, mobile performance retailer, retailer mobile performance, mobile performance where to buy, where to buy mobile performance, mobile performance worst, worst mobile performance, mobile performance quality, quality mobile performance, mobile performance original, original mobile performance, mobile performance genuine, genuine mobile performance, mobile performance fake, fake mobile performance, mobile performance replica, replica mobile performance, mobile performance authentic, authentic mobile performance, mobile performance brand, brand mobile performance, mobile performance manufacturer, manufacturer mobile performance, mobile performance company, company mobile performance, mobile performance product, product mobile performance, mobile performance iphone product, iphone product mobile performance, mobile performance sell iphone, sell iphone mobile performance, mobile performance buy iphone, buy iphone mobile performance, mobile performance cheap iphone, cheap iphone mobile performance, mobile performance best iphone, best iphone mobile performance, mobile performance iphone review, iphone review mobile performance, mobile performance where to buy iphone, where to buy iphone mobile performance, mobile performance how to choose iphone, how to choose iphone mobile performance, mobile performance top iphone, top iphone mobile performance, mobile performance iphone guide, iphone guide mobile performance, mobile performance iphone for sale, iphone for sale mobile performance, mobile performance iphone deals, iphone deals mobile performance, sleek design iphone, iphone sleek design, sleek design cheap, cheap sleek design, sleek design best, best sleek design, sleek design latest, latest sleek design, sleek design review, review sleek design, sleek design price, price sleek design, sleek design sell, sell sleek design, sleek design buy, buy sleek design, sleek design recommendation, recommendation sleek design, sleek design tips, tips sleek design, sleek design tutorial, tutorial sleek design, sleek design guide, guide sleek design, sleek design how to, how to sleek design, sleek design vs, vs sleek design, sleek design versus, versus sleek design, sleek design compared to, compared to sleek design, sleek design comparison, comparison sleek design, sleek design alternatives, alternatives sleek design, sleek design which is better, which is better sleek design, sleek design expensive, expensive sleek design, sleek design discount, discount sleek design, sleek design deals, deals sleek design, sleek design sale, sale sleek design, sleek design affordable, affordable sleek design, sleek design cost, cost sleek design, sleek design online, online sleek design, sleek design offline, offline sleek design, sleek design marketplace, marketplace sleek design, sleek design store, store sleek design, sleek design shop, shop sleek design, sleek design retailer, retailer sleek design, sleek design where to buy, where to buy sleek design, sleek design worst, worst sleek design, sleek design quality, quality sleek design, sleek design original, original sleek design, sleek design genuine, genuine sleek design, sleek design fake, fake sleek design, sleek design replica, replica sleek design, sleek design authentic, authentic sleek design, sleek design brand, brand sleek design, sleek design manufacturer, manufacturer sleek design, sleek design company, company sleek design, sleek design product, product sleek design, sleek design iphone product, iphone product sleek design, sleek design sell iphone, sell iphone sleek design, sleek design buy iphone, buy iphone sleek design, sleek design cheap iphone, cheap iphone sleek design, sleek design best iphone, best iphone sleek design, sleek design iphone review, iphone review sleek design, sleek design where to buy iphone, where to buy iphone sleek design, sleek design how to choose iphone, how to choose iphone sleek design, sleek design top iphone, top iphone sleek design, sleek design iphone guide, iphone guide sleek design, sleek design iphone for sale, iphone for sale sleek design, sleek design iphone deals, iphone deals sleek design
2026-10-02 08:47:11,221 - INFO - Expanded 220 seed keywords to 385 variations
2026-10-02 08:47:11,222 - INFO - Language: en
2026-10-02 08:47:11,222 - INFO - Region: us
2026-10-02 08:51:40,822 - INFO - 🎯 After all filtering for 'iphone': 120 relevant keywords
2026-10-02 08:51:42,278 - INFO - 🎯 Found 5 new keywords for niche 'iphone': iphone affordable mobile performance, iphone affordable sleek design, cheap alternatives mobile performance, cheap alternatives sleek design, best authentic mobile performance
2026-10-02 08:51:58,325 - INFO - ✅ Niche 'iphone' process complete! 911 total keyword results.
2026-10-02 08:51:58,326 - INFO - ✅ Completed processing niche: 'iphone'
2026-10-02 08:51:58,326 - INFO - 🔧 Request Handler final stats - Success rate: 100.0%
2026-10-02 08:51:58,326 - INFO -    Total requests: 211904, Blocks: 1
2026-10-02 08:51:58,327 - INFO - 
========================================
2026-10-02 08:51:58,327 - INFO - Process Summary:
2026-10-02 08:51:58,327 - INFO - - Current niche: 'iphone'
2026-10-02 08:51:58,327 - INFO - - Next niche will be: 'samsung'
2026-10-02 08:51:58,327 - INFO - - Keywords saved in: languages/english/keywords/iphone/
2026-10-02 08:51:58,328 - INFO - ========================================
