2026-09-20 12:22:12,131 - INFO - Log file created at: /home/runner/work/potensitech.com/potensitech.com/languages/english/keywords/logs/kw_search_20260920_122212.log
2026-09-20 12:22:12,131 - INFO - ============================================================
2026-09-20 12:22:12,132 - INFO - AUTOMATIC KEYWORD RESEARCH TOOL
2026-09-20 12:22:12,132 - INFO - ============================================================
2026-09-20 12:22:12,620 - INFO - ========================================
2026-09-20 12:22:12,620 - INFO - Found 14 niches to process: xiaomi, iphone, samsung, apple, sony, asus, philips, sandisk, intel, nvidia, amd, canon, nikon, huawei
2026-09-20 12:22:12,620 - INFO - ========================================
2026-09-20 12:22:12,620 - INFO - Continuing from last processed niche: intel
2026-09-20 12:22:12,620 - INFO - ========================================
2026-09-20 12:22:12,620 - INFO - 🎯 PROCESSING NICHE 10/14: 'nvidia'
2026-09-20 12:22:12,620 - INFO - ========================================
2026-09-20 12:22:12,620 - INFO - 📁 Niche directory: /home/runner/work/potensitech.com/potensitech.com/languages/english/keywords/nvidia
2026-09-20 12:22:12,620 - INFO - Selected region: us
2026-09-20 12:22:12,620 - INFO - Selected language: en
2026-09-20 12:22:12,620 - INFO - 🎯 Current niche: nvidia
2026-09-20 12:22:23,403 - INFO - 🎯 Niche terms for filtering: nvidia, cheap, best, latest, review, price, sell, buy, recommendation, tips, tutorial, guide, how to, vs, versus, compared to, comparison, alternatives, which is better, expensive, discount, deals, sale, affordable, cost, online, offline, marketplace, store, shop, retailer, where to buy, worst, quality, original, genuine, fake, replica, authentic, brand, manufacturer, company, product, nvidia product, sell nvidia, buy nvidia, cheap nvidia, best nvidia, nvidia review, where to buy nvidia, how to choose nvidia, top nvidia, nvidia guide, nvidia for sale, nvidia deals
2026-09-20 12:22:23,404 - INFO - Generated 50 niche-clue pairs for 'nvidia'.
2026-09-20 12:22:23,407 - INFO - Expanded 50 seed keywords to 218 variations
2026-09-20 12:22:23,407 - INFO - 🔧 Request Handler initialized - Success rate: 100.0%
2026-09-20 12:26:48,481 - INFO - Original clue keywords: ssd storage, portable ssd
2026-09-20 12:26:48,481 - INFO - Niche-focused seeds: ssd storage nvidia, nvidia ssd storage, ssd storage cheap, cheap ssd storage, ssd storage best, best ssd storage, ssd storage latest, latest ssd storage, ssd storage review, review ssd storage, ssd storage price, price ssd storage, ssd storage sell, sell ssd storage, ssd storage buy, buy ssd storage, ssd storage recommendation, recommendation ssd storage, ssd storage tips, tips ssd storage, ssd storage tutorial, tutorial ssd storage, ssd storage guide, guide ssd storage, ssd storage how to, how to ssd storage, ssd storage vs, vs ssd storage, ssd storage versus, versus ssd storage, ssd storage compared to, compared to ssd storage, ssd storage comparison, comparison ssd storage, ssd storage alternatives, alternatives ssd storage, ssd storage which is better, which is better ssd storage, ssd storage expensive, expensive ssd storage, ssd storage discount, discount ssd storage, ssd storage deals, deals ssd storage, ssd storage sale, sale ssd storage, ssd storage affordable, affordable ssd storage, ssd storage cost, cost ssd storage, ssd storage online, online ssd storage, ssd storage offline, offline ssd storage, ssd storage marketplace, marketplace ssd storage, ssd storage store, store ssd storage, ssd storage shop, shop ssd storage, ssd storage retailer, retailer ssd storage, ssd storage where to buy, where to buy ssd storage, ssd storage worst, worst ssd storage, ssd storage quality, quality ssd storage, ssd storage original, original ssd storage, ssd storage genuine, genuine ssd storage, ssd storage fake, fake ssd storage, ssd storage replica, replica ssd storage, ssd storage authentic, authentic ssd storage, ssd storage brand, brand ssd storage, ssd storage manufacturer, manufacturer ssd storage, ssd storage company, company ssd storage, ssd storage product, product ssd storage, ssd storage nvidia product, nvidia product ssd storage, ssd storage sell nvidia, sell nvidia ssd storage, ssd storage buy nvidia, buy nvidia ssd storage, ssd storage cheap nvidia, cheap nvidia ssd storage, ssd storage best nvidia, best nvidia ssd storage, ssd storage nvidia review, nvidia review ssd storage, ssd storage where to buy nvidia, where to buy nvidia ssd storage, ssd storage how to choose nvidia, how to choose nvidia ssd storage, ssd storage top nvidia, top nvidia ssd storage, ssd storage nvidia guide, nvidia guide ssd storage, ssd storage nvidia for sale, nvidia for sale ssd storage, ssd storage nvidia deals, nvidia deals ssd storage, portable ssd nvidia, nvidia portable ssd, portable ssd cheap, cheap portable ssd, portable ssd best, best portable ssd, portable ssd latest, latest portable ssd, portable ssd review, review portable ssd, portable ssd price, price portable ssd, portable ssd sell, sell portable ssd, portable ssd buy, buy portable ssd, portable ssd recommendation, recommendation portable ssd, portable ssd tips, tips portable ssd, portable ssd tutorial, tutorial portable ssd, portable ssd guide, guide portable ssd, portable ssd how to, how to portable ssd, portable ssd vs, vs portable ssd, portable ssd versus, versus portable ssd, portable ssd compared to, compared to portable ssd, portable ssd comparison, comparison portable ssd, portable ssd alternatives, alternatives portable ssd, portable ssd which is better, which is better portable ssd, portable ssd expensive, expensive portable ssd, portable ssd discount, discount portable ssd, portable ssd deals, deals portable ssd, portable ssd sale, sale portable ssd, portable ssd affordable, affordable portable ssd, portable ssd cost, cost portable ssd, portable ssd online, online portable ssd, portable ssd offline, offline portable ssd, portable ssd marketplace, marketplace portable ssd, portable ssd store, store portable ssd, portable ssd shop, shop portable ssd, portable ssd retailer, retailer portable ssd, portable ssd where to buy, where to buy portable ssd, portable ssd worst, worst portable ssd, portable ssd quality, quality portable ssd, portable ssd original, original portable ssd, portable ssd genuine, genuine portable ssd, portable ssd fake, fake portable ssd, portable ssd replica, replica portable ssd, portable ssd authentic, authentic portable ssd, portable ssd brand, brand portable ssd, portable ssd manufacturer, manufacturer portable ssd, portable ssd company, company portable ssd, portable ssd product, product portable ssd, portable ssd nvidia product, nvidia product portable ssd, portable ssd sell nvidia, sell nvidia portable ssd, portable ssd buy nvidia, buy nvidia portable ssd, portable ssd cheap nvidia, cheap nvidia portable ssd, portable ssd best nvidia, best nvidia portable ssd, portable ssd nvidia review, nvidia review portable ssd, portable ssd where to buy nvidia, where to buy nvidia portable ssd, portable ssd how to choose nvidia, how to choose nvidia portable ssd, portable ssd top nvidia, top nvidia portable ssd, portable ssd nvidia guide, nvidia guide portable ssd, portable ssd nvidia for sale, nvidia for sale portable ssd, portable ssd nvidia deals, nvidia deals portable ssd
2026-09-20 12:26:48,484 - INFO - Expanded 220 seed keywords to 385 variations
2026-09-20 12:26:48,484 - INFO - Language: en
2026-09-20 12:26:48,484 - INFO - Region: us
2026-09-20 12:31:22,863 - INFO - 🎯 After all filtering for 'nvidia': 120 relevant keywords
2026-09-20 12:31:24,744 - INFO - 🎯 Found 5 new keywords for niche 'nvidia': nvidia affordable portable ssd, cheap alternatives portable ssd, nvidia alternatives ssd storage, best authentic portable ssd, how to brand portable ssd
2026-09-20 12:31:40,881 - INFO - ✅ Niche 'nvidia' process complete! 890 total keyword results.
2026-09-20 12:31:40,881 - INFO - ✅ Completed processing niche: 'nvidia'
2026-09-20 12:31:40,881 - INFO - 🔧 Request Handler final stats - Success rate: 100.0%
2026-09-20 12:31:40,881 - INFO -    Total requests: 201557, Blocks: 1
2026-09-20 12:31:40,882 - INFO - 
========================================
2026-09-20 12:31:40,882 - INFO - Process Summary:
2026-09-20 12:31:40,882 - INFO - - Current niche: 'nvidia'
2026-09-20 12:31:40,882 - INFO - - Next niche will be: 'amd'
2026-09-20 12:31:40,883 - INFO - - Keywords saved in: languages/english/keywords/nvidia/
2026-09-20 12:31:40,883 - INFO - ========================================
