2026-10-08 14:35:12,942 - INFO - Log file created at: /home/runner/work/potensitech.com/potensitech.com/languages/english/keywords/logs/kw_search_20261008_143512.log
2026-10-08 14:35:12,942 - INFO - ============================================================
2026-10-08 14:35:12,942 - INFO - AUTOMATIC KEYWORD RESEARCH TOOL
2026-10-08 14:35:12,942 - INFO - ============================================================
2026-10-08 14:35:13,247 - INFO - ========================================
2026-10-08 14:35:13,247 - INFO - Found 14 niches to process: xiaomi, iphone, samsung, apple, sony, asus, philips, sandisk, intel, nvidia, amd, canon, nikon, huawei
2026-10-08 14:35:13,247 - INFO - ========================================
2026-10-08 14:35:13,248 - INFO - Continuing from last processed niche: asus
2026-10-08 14:35:13,248 - INFO - ========================================
2026-10-08 14:35:13,248 - INFO - 🎯 PROCESSING NICHE 7/14: 'philips'
2026-10-08 14:35:13,248 - INFO - ========================================
2026-10-08 14:35:13,248 - INFO - 📁 Niche directory: /home/runner/work/potensitech.com/potensitech.com/languages/english/keywords/philips
2026-10-08 14:35:13,248 - INFO - Selected region: us
2026-10-08 14:35:13,248 - INFO - Selected language: en
2026-10-08 14:35:13,248 - INFO - 🎯 Current niche: philips
2026-10-08 14:35:23,991 - INFO - 🎯 Niche terms for filtering: philips, cheap, best, latest, review, price, sell, buy, recommendation, tips, tutorial, guide, how to, vs, versus, compared to, comparison, alternatives, which is better, expensive, discount, deals, sale, affordable, cost, online, offline, marketplace, store, shop, retailer, where to buy, worst, quality, original, genuine, fake, replica, authentic, brand, manufacturer, company, product, philips product, sell philips, buy philips, cheap philips, best philips, philips review, where to buy philips, how to choose philips, top philips, philips guide, philips for sale, philips deals
2026-10-08 14:35:23,991 - INFO - Generated 50 niche-clue pairs for 'philips'.
2026-10-08 14:35:23,994 - INFO - Expanded 50 seed keywords to 218 variations
2026-10-08 14:35:23,995 - INFO - 🔧 Request Handler initialized - Success rate: 100.0%
2026-10-08 14:39:49,173 - INFO - Original clue keywords: autofocus precision, core performance
2026-10-08 14:39:49,173 - INFO - Niche-focused seeds: autofocus precision philips, philips autofocus precision, autofocus precision cheap, cheap autofocus precision, autofocus precision best, best autofocus precision, autofocus precision latest, latest autofocus precision, autofocus precision review, review autofocus precision, autofocus precision price, price autofocus precision, autofocus precision sell, sell autofocus precision, autofocus precision buy, buy autofocus precision, autofocus precision recommendation, recommendation autofocus precision, autofocus precision tips, tips autofocus precision, autofocus precision tutorial, tutorial autofocus precision, autofocus precision guide, guide autofocus precision, autofocus precision how to, how to autofocus precision, autofocus precision vs, vs autofocus precision, autofocus precision versus, versus autofocus precision, autofocus precision compared to, compared to autofocus precision, autofocus precision comparison, comparison autofocus precision, autofocus precision alternatives, alternatives autofocus precision, autofocus precision which is better, which is better autofocus precision, autofocus precision expensive, expensive autofocus precision, autofocus precision discount, discount autofocus precision, autofocus precision deals, deals autofocus precision, autofocus precision sale, sale autofocus precision, autofocus precision affordable, affordable autofocus precision, autofocus precision cost, cost autofocus precision, autofocus precision online, online autofocus precision, autofocus precision offline, offline autofocus precision, autofocus precision marketplace, marketplace autofocus precision, autofocus precision store, store autofocus precision, autofocus precision shop, shop autofocus precision, autofocus precision retailer, retailer autofocus precision, autofocus precision where to buy, where to buy autofocus precision, autofocus precision worst, worst autofocus precision, autofocus precision quality, quality autofocus precision, autofocus precision original, original autofocus precision, autofocus precision genuine, genuine autofocus precision, autofocus precision fake, fake autofocus precision, autofocus precision replica, replica autofocus precision, autofocus precision authentic, authentic autofocus precision, autofocus precision brand, brand autofocus precision, autofocus precision manufacturer, manufacturer autofocus precision, autofocus precision company, company autofocus precision, autofocus precision product, product autofocus precision, autofocus precision philips product, philips product autofocus precision, autofocus precision sell philips, sell philips autofocus precision, autofocus precision buy philips, buy philips autofocus precision, autofocus precision cheap philips, cheap philips autofocus precision, autofocus precision best philips, best philips autofocus precision, autofocus precision philips review, philips review autofocus precision, autofocus precision where to buy philips, where to buy philips autofocus precision, autofocus precision how to choose philips, how to choose philips autofocus precision, autofocus precision top philips, top philips autofocus precision, autofocus precision philips guide, philips guide autofocus precision, autofocus precision philips for sale, philips for sale autofocus precision, autofocus precision philips deals, philips deals autofocus precision, core performance philips, philips core performance, core performance cheap, cheap core performance, core performance best, best core performance, core performance latest, latest core performance, core performance review, review core performance, core performance price, price core performance, core performance sell, sell core performance, core performance buy, buy core performance, core performance recommendation, recommendation core performance, core performance tips, tips core performance, core performance tutorial, tutorial core performance, core performance guide, guide core performance, core performance how to, how to core performance, core performance vs, vs core performance, core performance versus, versus core performance, core performance compared to, compared to core performance, core performance comparison, comparison core performance, core performance alternatives, alternatives core performance, core performance which is better, which is better core performance, core performance expensive, expensive core performance, core performance discount, discount core performance, core performance deals, deals core performance, core performance sale, sale core performance, core performance affordable, affordable core performance, core performance cost, cost core performance, core performance online, online core performance, core performance offline, offline core performance, core performance marketplace, marketplace core performance, core performance store, store core performance, core performance shop, shop core performance, core performance retailer, retailer core performance, core performance where to buy, where to buy core performance, core performance worst, worst core performance, core performance quality, quality core performance, core performance original, original core performance, core performance genuine, genuine core performance, core performance fake, fake core performance, core performance replica, replica core performance, core performance authentic, authentic core performance, core performance brand, brand core performance, core performance manufacturer, manufacturer core performance, core performance company, company core performance, core performance product, product core performance, core performance philips product, philips product core performance, core performance sell philips, sell philips core performance, core performance buy philips, buy philips core performance, core performance cheap philips, cheap philips core performance, core performance best philips, best philips core performance, core performance philips review, philips review core performance, core performance where to buy philips, where to buy philips core performance, core performance how to choose philips, how to choose philips core performance, core performance top philips, top philips core performance, core performance philips guide, philips guide core performance, core performance philips for sale, philips for sale core performance, core performance philips deals, philips deals core performance
2026-10-08 14:39:49,175 - INFO - Expanded 220 seed keywords to 385 variations
2026-10-08 14:39:49,176 - INFO - Language: en
2026-10-08 14:39:49,176 - INFO - Region: us
2026-10-08 14:44:17,575 - INFO - 🎯 After all filtering for 'philips': 120 relevant keywords
2026-10-08 14:44:18,995 - INFO - 🎯 Found 5 new keywords for niche 'philips': philips affordable autofocus precision, philips affordable core performance, cheap alternatives autofocus precision, cheap alternatives core performance, best authentic autofocus precision
2026-10-08 14:44:34,497 - INFO - ✅ Niche 'philips' process complete! 763 total keyword results.
2026-10-08 14:44:34,497 - INFO - ✅ Completed processing niche: 'philips'
2026-10-08 14:44:34,497 - INFO - 🔧 Request Handler final stats - Success rate: 100.0%
2026-10-08 14:44:34,498 - INFO -    Total requests: 217410, Blocks: 1
2026-10-08 14:44:34,498 - INFO - 
========================================
2026-10-08 14:44:34,499 - INFO - Process Summary:
2026-10-08 14:44:34,499 - INFO - - Current niche: 'philips'
2026-10-08 14:44:34,499 - INFO - - Next niche will be: 'sandisk'
2026-10-08 14:44:34,499 - INFO - - Keywords saved in: languages/english/keywords/philips/
2026-10-08 14:44:34,500 - INFO - ========================================
