2026-09-26 00:08:20,332 - INFO - Log file created at: /home/runner/work/potensitech.com/potensitech.com/languages/english/keywords/logs/kw_search_20260926_000820.log
2026-09-26 00:08:20,332 - INFO - ============================================================
2026-09-26 00:08:20,332 - INFO - AUTOMATIC KEYWORD RESEARCH TOOL
2026-09-26 00:08:20,332 - INFO - ============================================================
2026-09-26 00:08:20,794 - INFO - ========================================
2026-09-26 00:08:20,794 - INFO - Found 14 niches to process: xiaomi, iphone, samsung, apple, sony, asus, philips, sandisk, intel, nvidia, amd, canon, nikon, huawei
2026-09-26 00:08:20,794 - INFO - ========================================
2026-09-26 00:08:20,794 - INFO - Continuing from last processed niche: intel
2026-09-26 00:08:20,794 - INFO - ========================================
2026-09-26 00:08:20,794 - INFO - 🎯 PROCESSING NICHE 10/14: 'nvidia'
2026-09-26 00:08:20,794 - INFO - ========================================
2026-09-26 00:08:20,794 - INFO - 📁 Niche directory: /home/runner/work/potensitech.com/potensitech.com/languages/english/keywords/nvidia
2026-09-26 00:08:20,795 - INFO - Selected region: us
2026-09-26 00:08:20,795 - INFO - Selected language: en
2026-09-26 00:08:20,795 - INFO - 🎯 Current niche: nvidia
2026-09-26 00:08:31,643 - INFO - 🎯 Niche terms for filtering: nvidia, cheap, best, latest, review, price, sell, buy, recommendation, tips, tutorial, guide, how to, vs, versus, compared to, comparison, alternatives, which is better, expensive, discount, deals, sale, affordable, cost, online, offline, marketplace, store, shop, retailer, where to buy, worst, quality, original, genuine, fake, replica, authentic, brand, manufacturer, company, product, nvidia product, sell nvidia, buy nvidia, cheap nvidia, best nvidia, nvidia review, where to buy nvidia, how to choose nvidia, top nvidia, nvidia guide, nvidia for sale, nvidia deals
2026-09-26 00:08:31,643 - INFO - Generated 50 niche-clue pairs for 'nvidia'.
2026-09-26 00:08:31,645 - INFO - Expanded 50 seed keywords to 218 variations
2026-09-26 00:08:31,646 - INFO - 🔧 Request Handler initialized - Success rate: 100.0%
2026-09-26 00:12:53,554 - INFO - Original clue keywords: power efficiency, smartphone features
2026-09-26 00:12:53,554 - INFO - Niche-focused seeds: power efficiency nvidia, nvidia power efficiency, power efficiency cheap, cheap power efficiency, power efficiency best, best power efficiency, power efficiency latest, latest power efficiency, power efficiency review, review power efficiency, power efficiency price, price power efficiency, power efficiency sell, sell power efficiency, power efficiency buy, buy power efficiency, power efficiency recommendation, recommendation power efficiency, power efficiency tips, tips power efficiency, power efficiency tutorial, tutorial power efficiency, power efficiency guide, guide power efficiency, power efficiency how to, how to power efficiency, power efficiency vs, vs power efficiency, power efficiency versus, versus power efficiency, power efficiency compared to, compared to power efficiency, power efficiency comparison, comparison power efficiency, power efficiency alternatives, alternatives power efficiency, power efficiency which is better, which is better power efficiency, power efficiency expensive, expensive power efficiency, power efficiency discount, discount power efficiency, power efficiency deals, deals power efficiency, power efficiency sale, sale power efficiency, power efficiency affordable, affordable power efficiency, power efficiency cost, cost power efficiency, power efficiency online, online power efficiency, power efficiency offline, offline power efficiency, power efficiency marketplace, marketplace power efficiency, power efficiency store, store power efficiency, power efficiency shop, shop power efficiency, power efficiency retailer, retailer power efficiency, power efficiency where to buy, where to buy power efficiency, power efficiency worst, worst power efficiency, power efficiency quality, quality power efficiency, power efficiency original, original power efficiency, power efficiency genuine, genuine power efficiency, power efficiency fake, fake power efficiency, power efficiency replica, replica power efficiency, power efficiency authentic, authentic power efficiency, power efficiency brand, brand power efficiency, power efficiency manufacturer, manufacturer power efficiency, power efficiency company, company power efficiency, power efficiency product, product power efficiency, power efficiency nvidia product, nvidia product power efficiency, power efficiency sell nvidia, sell nvidia power efficiency, power efficiency buy nvidia, buy nvidia power efficiency, power efficiency cheap nvidia, cheap nvidia power efficiency, power efficiency best nvidia, best nvidia power efficiency, power efficiency nvidia review, nvidia review power efficiency, power efficiency where to buy nvidia, where to buy nvidia power efficiency, power efficiency how to choose nvidia, how to choose nvidia power efficiency, power efficiency top nvidia, top nvidia power efficiency, power efficiency nvidia guide, nvidia guide power efficiency, power efficiency nvidia for sale, nvidia for sale power efficiency, power efficiency nvidia deals, nvidia deals power efficiency, smartphone features nvidia, nvidia smartphone features, smartphone features cheap, cheap smartphone features, smartphone features best, best smartphone features, smartphone features latest, latest smartphone features, smartphone features review, review smartphone features, smartphone features price, price smartphone features, smartphone features sell, sell smartphone features, smartphone features buy, buy smartphone features, smartphone features recommendation, recommendation smartphone features, smartphone features tips, tips smartphone features, smartphone features tutorial, tutorial smartphone features, smartphone features guide, guide smartphone features, smartphone features how to, how to smartphone features, smartphone features vs, vs smartphone features, smartphone features versus, versus smartphone features, smartphone features compared to, compared to smartphone features, smartphone features comparison, comparison smartphone features, smartphone features alternatives, alternatives smartphone features, smartphone features which is better, which is better smartphone features, smartphone features expensive, expensive smartphone features, smartphone features discount, discount smartphone features, smartphone features deals, deals smartphone features, smartphone features sale, sale smartphone features, smartphone features affordable, affordable smartphone features, smartphone features cost, cost smartphone features, smartphone features online, online smartphone features, smartphone features offline, offline smartphone features, smartphone features marketplace, marketplace smartphone features, smartphone features store, store smartphone features, smartphone features shop, shop smartphone features, smartphone features retailer, retailer smartphone features, smartphone features where to buy, where to buy smartphone features, smartphone features worst, worst smartphone features, smartphone features quality, quality smartphone features, smartphone features original, original smartphone features, smartphone features genuine, genuine smartphone features, smartphone features fake, fake smartphone features, smartphone features replica, replica smartphone features, smartphone features authentic, authentic smartphone features, smartphone features brand, brand smartphone features, smartphone features manufacturer, manufacturer smartphone features, smartphone features company, company smartphone features, smartphone features product, product smartphone features, smartphone features nvidia product, nvidia product smartphone features, smartphone features sell nvidia, sell nvidia smartphone features, smartphone features buy nvidia, buy nvidia smartphone features, smartphone features cheap nvidia, cheap nvidia smartphone features, smartphone features best nvidia, best nvidia smartphone features, smartphone features nvidia review, nvidia review smartphone features, smartphone features where to buy nvidia, where to buy nvidia smartphone features, smartphone features how to choose nvidia, how to choose nvidia smartphone features, smartphone features top nvidia, top nvidia smartphone features, smartphone features nvidia guide, nvidia guide smartphone features, smartphone features nvidia for sale, nvidia for sale smartphone features, smartphone features nvidia deals, nvidia deals smartphone features
2026-09-26 00:12:53,557 - INFO - Expanded 220 seed keywords to 385 variations
2026-09-26 00:12:53,557 - INFO - Language: en
2026-09-26 00:12:53,557 - INFO - Region: us
2026-09-26 00:17:20,752 - INFO - 🎯 After all filtering for 'nvidia': 120 relevant keywords
2026-09-26 00:17:22,390 - INFO - 🎯 Found 5 new keywords for niche 'nvidia': nvidia affordable power efficiency, nvidia affordable smartphone features, cheap alternatives power efficiency, cheap alternatives smartphone features, best authentic power efficiency
2026-09-26 00:17:38,613 - INFO - ✅ Niche 'nvidia' process complete! 898 total keyword results.
2026-09-26 00:17:38,613 - INFO - ✅ Completed processing niche: 'nvidia'
2026-09-26 00:17:38,613 - INFO - 🔧 Request Handler final stats - Success rate: 100.0%
2026-09-26 00:17:38,613 - INFO -    Total requests: 206341, Blocks: 1
2026-09-26 00:17:38,614 - INFO - 
========================================
2026-09-26 00:17:38,614 - INFO - Process Summary:
2026-09-26 00:17:38,614 - INFO - - Current niche: 'nvidia'
2026-09-26 00:17:38,614 - INFO - - Next niche will be: 'amd'
2026-09-26 00:17:38,614 - INFO - - Keywords saved in: languages/english/keywords/nvidia/
2026-09-26 00:17:38,615 - INFO - ========================================
