2026-08-24 17:16:57,956 - INFO - Log file created at: /home/runner/work/potensitech.com/potensitech.com/languages/english/keywords/logs/kw_search_20260824_171657.log
2026-08-24 17:16:57,956 - INFO - ============================================================
2026-08-24 17:16:57,956 - INFO - AUTOMATIC KEYWORD RESEARCH TOOL
2026-08-24 17:16:57,956 - INFO - ============================================================
2026-08-24 17:16:58,252 - INFO - ========================================
2026-08-24 17:16:58,252 - INFO - Found 14 niches to process: xiaomi, iphone, samsung, apple, sony, asus, philips, sandisk, intel, nvidia, amd, canon, nikon, huawei
2026-08-24 17:16:58,252 - INFO - ========================================
2026-08-24 17:16:58,253 - INFO - Continuing from last processed niche: nvidia
2026-08-24 17:16:58,253 - INFO - ========================================
2026-08-24 17:16:58,253 - INFO - 🎯 PROCESSING NICHE 11/14: 'amd'
2026-08-24 17:16:58,253 - INFO - ========================================
2026-08-24 17:16:58,253 - INFO - 📁 Niche directory: /home/runner/work/potensitech.com/potensitech.com/languages/english/keywords/amd
2026-08-24 17:16:58,253 - INFO - Selected region: us
2026-08-24 17:16:58,253 - INFO - Selected language: en
2026-08-24 17:16:58,253 - INFO - 🎯 Current niche: amd
2026-08-24 17:17:09,696 - INFO - 🎯 Niche terms for filtering: amd, cheap, best, latest, review, price, sell, buy, recommendation, tips, tutorial, guide, how to, vs, versus, compared to, comparison, alternatives, which is better, expensive, discount, deals, sale, affordable, cost, online, offline, marketplace, store, shop, retailer, where to buy, worst, quality, original, genuine, fake, replica, authentic, brand, manufacturer, company, product, amd product, sell amd, buy amd, cheap amd, best amd, amd review, where to buy amd, how to choose amd, top amd, amd guide, amd for sale, amd deals
2026-08-24 17:17:09,697 - INFO - Generated 50 niche-clue pairs for 'amd'.
2026-08-24 17:17:09,700 - INFO - Expanded 50 seed keywords to 218 variations
2026-08-24 17:17:09,701 - INFO - 🔧 Request Handler initialized - Success rate: 100.0%
2026-08-24 17:21:36,189 - INFO - Original clue keywords: camera lens, mirrorless technology
2026-08-24 17:21:36,190 - INFO - Niche-focused seeds: camera lens amd, amd camera lens, camera lens cheap, cheap camera lens, camera lens best, best camera lens, camera lens latest, latest camera lens, camera lens review, review camera lens, camera lens price, price camera lens, camera lens sell, sell camera lens, camera lens buy, buy camera lens, camera lens recommendation, recommendation camera lens, camera lens tips, tips camera lens, camera lens tutorial, tutorial camera lens, camera lens guide, guide camera lens, camera lens how to, how to camera lens, camera lens vs, vs camera lens, camera lens versus, versus camera lens, camera lens compared to, compared to camera lens, camera lens comparison, comparison camera lens, camera lens alternatives, alternatives camera lens, camera lens which is better, which is better camera lens, camera lens expensive, expensive camera lens, camera lens discount, discount camera lens, camera lens deals, deals camera lens, camera lens sale, sale camera lens, camera lens affordable, affordable camera lens, camera lens cost, cost camera lens, camera lens online, online camera lens, camera lens offline, offline camera lens, camera lens marketplace, marketplace camera lens, camera lens store, store camera lens, camera lens shop, shop camera lens, camera lens retailer, retailer camera lens, camera lens where to buy, where to buy camera lens, camera lens worst, worst camera lens, camera lens quality, quality camera lens, camera lens original, original camera lens, camera lens genuine, genuine camera lens, camera lens fake, fake camera lens, camera lens replica, replica camera lens, camera lens authentic, authentic camera lens, camera lens brand, brand camera lens, camera lens manufacturer, manufacturer camera lens, camera lens company, company camera lens, camera lens product, product camera lens, camera lens amd product, amd product camera lens, camera lens sell amd, sell amd camera lens, camera lens buy amd, buy amd camera lens, camera lens cheap amd, cheap amd camera lens, camera lens best amd, best amd camera lens, camera lens amd review, amd review camera lens, camera lens where to buy amd, where to buy amd camera lens, camera lens how to choose amd, how to choose amd camera lens, camera lens top amd, top amd camera lens, camera lens amd guide, amd guide camera lens, camera lens amd for sale, amd for sale camera lens, camera lens amd deals, amd deals camera lens, mirrorless technology amd, amd mirrorless technology, mirrorless technology cheap, cheap mirrorless technology, mirrorless technology best, best mirrorless technology, mirrorless technology latest, latest mirrorless technology, mirrorless technology review, review mirrorless technology, mirrorless technology price, price mirrorless technology, mirrorless technology sell, sell mirrorless technology, mirrorless technology buy, buy mirrorless technology, mirrorless technology recommendation, recommendation mirrorless technology, mirrorless technology tips, tips mirrorless technology, mirrorless technology tutorial, tutorial mirrorless technology, mirrorless technology guide, guide mirrorless technology, mirrorless technology how to, how to mirrorless technology, mirrorless technology vs, vs mirrorless technology, mirrorless technology versus, versus mirrorless technology, mirrorless technology compared to, compared to mirrorless technology, mirrorless technology comparison, comparison mirrorless technology, mirrorless technology alternatives, alternatives mirrorless technology, mirrorless technology which is better, which is better mirrorless technology, mirrorless technology expensive, expensive mirrorless technology, mirrorless technology discount, discount mirrorless technology, mirrorless technology deals, deals mirrorless technology, mirrorless technology sale, sale mirrorless technology, mirrorless technology affordable, affordable mirrorless technology, mirrorless technology cost, cost mirrorless technology, mirrorless technology online, online mirrorless technology, mirrorless technology offline, offline mirrorless technology, mirrorless technology marketplace, marketplace mirrorless technology, mirrorless technology store, store mirrorless technology, mirrorless technology shop, shop mirrorless technology, mirrorless technology retailer, retailer mirrorless technology, mirrorless technology where to buy, where to buy mirrorless technology, mirrorless technology worst, worst mirrorless technology, mirrorless technology quality, quality mirrorless technology, mirrorless technology original, original mirrorless technology, mirrorless technology genuine, genuine mirrorless technology, mirrorless technology fake, fake mirrorless technology, mirrorless technology replica, replica mirrorless technology, mirrorless technology authentic, authentic mirrorless technology, mirrorless technology brand, brand mirrorless technology, mirrorless technology manufacturer, manufacturer mirrorless technology, mirrorless technology company, company mirrorless technology, mirrorless technology product, product mirrorless technology, mirrorless technology amd product, amd product mirrorless technology, mirrorless technology sell amd, sell amd mirrorless technology, mirrorless technology buy amd, buy amd mirrorless technology, mirrorless technology cheap amd, cheap amd mirrorless technology, mirrorless technology best amd, best amd mirrorless technology, mirrorless technology amd review, amd review mirrorless technology, mirrorless technology where to buy amd, where to buy amd mirrorless technology, mirrorless technology how to choose amd, how to choose amd mirrorless technology, mirrorless technology top amd, top amd mirrorless technology, mirrorless technology amd guide, amd guide mirrorless technology, mirrorless technology amd for sale, amd for sale mirrorless technology, mirrorless technology amd deals, amd deals mirrorless technology
2026-08-24 17:21:36,193 - INFO - Expanded 220 seed keywords to 385 variations
2026-08-24 17:21:36,193 - INFO - Language: en
2026-08-24 17:21:36,193 - INFO - Region: us
2026-08-24 17:26:06,786 - INFO - 🎯 After all filtering for 'amd': 120 relevant keywords
2026-08-24 17:26:08,245 - INFO - 🎯 Found 5 new keywords for niche 'amd': amd affordable camera lens, amd affordable mirrorless technology, cheap alternatives camera lens, cheap alternatives mirrorless technology, best authentic camera lens
2026-08-24 17:26:24,430 - INFO - ✅ Niche 'amd' process complete! 769 total keyword results.
2026-08-24 17:26:24,431 - INFO - ✅ Completed processing niche: 'amd'
2026-08-24 17:26:24,431 - INFO - 🔧 Request Handler final stats - Success rate: 100.0%
2026-08-24 17:26:24,431 - INFO -    Total requests: 179504, Blocks: 1
2026-08-24 17:26:24,432 - INFO - 
========================================
2026-08-24 17:26:24,432 - INFO - Process Summary:
2026-08-24 17:26:24,432 - INFO - - Current niche: 'amd'
2026-08-24 17:26:24,432 - INFO - - Next niche will be: 'canon'
2026-08-24 17:26:24,432 - INFO - - Keywords saved in: languages/english/keywords/amd/
2026-08-24 17:26:24,433 - INFO - ========================================
