2026-09-11 09:10:58,042 - INFO - Log file created at: /home/runner/work/potensitech.com/potensitech.com/languages/english/keywords/logs/kw_search_20260911_091058.log
2026-09-11 09:10:58,042 - INFO - ============================================================
2026-09-11 09:10:58,042 - INFO - AUTOMATIC KEYWORD RESEARCH TOOL
2026-09-11 09:10:58,042 - INFO - ============================================================
2026-09-11 09:10:58,413 - INFO - ========================================
2026-09-11 09:10:58,413 - INFO - Found 14 niches to process: xiaomi, iphone, samsung, apple, sony, asus, philips, sandisk, intel, nvidia, amd, canon, nikon, huawei
2026-09-11 09:10:58,413 - INFO - ========================================
2026-09-11 09:10:58,413 - INFO - Continuing from last processed niche: iphone
2026-09-11 09:10:58,413 - INFO - ========================================
2026-09-11 09:10:58,414 - INFO - 🎯 PROCESSING NICHE 3/14: 'samsung'
2026-09-11 09:10:58,414 - INFO - ========================================
2026-09-11 09:10:58,414 - INFO - 📁 Niche directory: /home/runner/work/potensitech.com/potensitech.com/languages/english/keywords/samsung
2026-09-11 09:10:58,414 - INFO - Selected region: us
2026-09-11 09:10:58,414 - INFO - Selected language: en
2026-09-11 09:10:58,414 - INFO - 🎯 Current niche: samsung
2026-09-11 09:11:10,308 - INFO - 🎯 Niche terms for filtering: samsung, cheap, best, latest, review, price, sell, buy, recommendation, tips, tutorial, guide, how to, vs, versus, compared to, comparison, alternatives, which is better, expensive, discount, deals, sale, affordable, cost, online, offline, marketplace, store, shop, retailer, where to buy, worst, quality, original, genuine, fake, replica, authentic, brand, manufacturer, company, product, samsung product, sell samsung, buy samsung, cheap samsung, best samsung, samsung review, where to buy samsung, how to choose samsung, top samsung, samsung guide, samsung for sale, samsung deals
2026-09-11 09:11:10,309 - INFO - Generated 50 niche-clue pairs for 'samsung'.
2026-09-11 09:11:10,311 - INFO - Expanded 50 seed keywords to 218 variations
2026-09-11 09:11:10,311 - INFO - 🔧 Request Handler initialized - Success rate: 100.0%
2026-09-11 09:15:35,727 - INFO - Original clue keywords: mobile processor, gaming phone
2026-09-11 09:15:35,727 - INFO - Niche-focused seeds: mobile processor samsung, samsung mobile processor, mobile processor cheap, cheap mobile processor, mobile processor best, best mobile processor, mobile processor latest, latest mobile processor, mobile processor review, review mobile processor, mobile processor price, price mobile processor, mobile processor sell, sell mobile processor, mobile processor buy, buy mobile processor, mobile processor recommendation, recommendation mobile processor, mobile processor tips, tips mobile processor, mobile processor tutorial, tutorial mobile processor, mobile processor guide, guide mobile processor, mobile processor how to, how to mobile processor, mobile processor vs, vs mobile processor, mobile processor versus, versus mobile processor, mobile processor compared to, compared to mobile processor, mobile processor comparison, comparison mobile processor, mobile processor alternatives, alternatives mobile processor, mobile processor which is better, which is better mobile processor, mobile processor expensive, expensive mobile processor, mobile processor discount, discount mobile processor, mobile processor deals, deals mobile processor, mobile processor sale, sale mobile processor, mobile processor affordable, affordable mobile processor, mobile processor cost, cost mobile processor, mobile processor online, online mobile processor, mobile processor offline, offline mobile processor, mobile processor marketplace, marketplace mobile processor, mobile processor store, store mobile processor, mobile processor shop, shop mobile processor, mobile processor retailer, retailer mobile processor, mobile processor where to buy, where to buy mobile processor, mobile processor worst, worst mobile processor, mobile processor quality, quality mobile processor, mobile processor original, original mobile processor, mobile processor genuine, genuine mobile processor, mobile processor fake, fake mobile processor, mobile processor replica, replica mobile processor, mobile processor authentic, authentic mobile processor, mobile processor brand, brand mobile processor, mobile processor manufacturer, manufacturer mobile processor, mobile processor company, company mobile processor, mobile processor product, product mobile processor, mobile processor samsung product, samsung product mobile processor, mobile processor sell samsung, sell samsung mobile processor, mobile processor buy samsung, buy samsung mobile processor, mobile processor cheap samsung, cheap samsung mobile processor, mobile processor best samsung, best samsung mobile processor, mobile processor samsung review, samsung review mobile processor, mobile processor where to buy samsung, where to buy samsung mobile processor, mobile processor how to choose samsung, how to choose samsung mobile processor, mobile processor top samsung, top samsung mobile processor, mobile processor samsung guide, samsung guide mobile processor, mobile processor samsung for sale, samsung for sale mobile processor, mobile processor samsung deals, samsung deals mobile processor, gaming phone samsung, samsung gaming phone, gaming phone cheap, cheap gaming phone, gaming phone best, best gaming phone, gaming phone latest, latest gaming phone, gaming phone review, review gaming phone, gaming phone price, price gaming phone, gaming phone sell, sell gaming phone, gaming phone buy, buy gaming phone, gaming phone recommendation, recommendation gaming phone, gaming phone tips, tips gaming phone, gaming phone tutorial, tutorial gaming phone, gaming phone guide, guide gaming phone, gaming phone how to, how to gaming phone, gaming phone vs, vs gaming phone, gaming phone versus, versus gaming phone, gaming phone compared to, compared to gaming phone, gaming phone comparison, comparison gaming phone, gaming phone alternatives, alternatives gaming phone, gaming phone which is better, which is better gaming phone, gaming phone expensive, expensive gaming phone, gaming phone discount, discount gaming phone, gaming phone deals, deals gaming phone, gaming phone sale, sale gaming phone, gaming phone affordable, affordable gaming phone, gaming phone cost, cost gaming phone, gaming phone online, online gaming phone, gaming phone offline, offline gaming phone, gaming phone marketplace, marketplace gaming phone, gaming phone store, store gaming phone, gaming phone shop, shop gaming phone, gaming phone retailer, retailer gaming phone, gaming phone where to buy, where to buy gaming phone, gaming phone worst, worst gaming phone, gaming phone quality, quality gaming phone, gaming phone original, original gaming phone, gaming phone genuine, genuine gaming phone, gaming phone fake, fake gaming phone, gaming phone replica, replica gaming phone, gaming phone authentic, authentic gaming phone, gaming phone brand, brand gaming phone, gaming phone manufacturer, manufacturer gaming phone, gaming phone company, company gaming phone, gaming phone product, product gaming phone, gaming phone samsung product, samsung product gaming phone, gaming phone sell samsung, sell samsung gaming phone, gaming phone buy samsung, buy samsung gaming phone, gaming phone cheap samsung, cheap samsung gaming phone, gaming phone best samsung, best samsung gaming phone, gaming phone samsung review, samsung review gaming phone, gaming phone where to buy samsung, where to buy samsung gaming phone, gaming phone how to choose samsung, how to choose samsung gaming phone, gaming phone top samsung, top samsung gaming phone, gaming phone samsung guide, samsung guide gaming phone, gaming phone samsung for sale, samsung for sale gaming phone, gaming phone samsung deals, samsung deals gaming phone
2026-09-11 09:15:35,729 - INFO - Expanded 220 seed keywords to 385 variations
2026-09-11 09:15:35,729 - INFO - Language: en
2026-09-11 09:15:35,729 - INFO - Region: us
2026-09-11 09:20:06,432 - INFO - 🎯 After all filtering for 'samsung': 120 relevant keywords
2026-09-11 09:20:07,040 - INFO - 🎯 Found 5 new keywords for niche 'samsung': samsung affordable gaming phone, samsung affordable mobile processor, alternatives gaming phone cheap, cheap alternatives mobile processor, best authentic gaming phone
2026-09-11 09:20:23,738 - INFO - ✅ Niche 'samsung' process complete! 646 total keyword results.
2026-09-11 09:20:23,738 - INFO - ✅ Completed processing niche: 'samsung'
2026-09-11 09:20:23,738 - INFO - 🔧 Request Handler final stats - Success rate: 100.0%
2026-09-11 09:20:23,738 - INFO -    Total requests: 193691, Blocks: 1
2026-09-11 09:20:23,739 - INFO - 
========================================
2026-09-11 09:20:23,739 - INFO - Process Summary:
2026-09-11 09:20:23,739 - INFO - - Current niche: 'samsung'
2026-09-11 09:20:23,739 - INFO - - Next niche will be: 'apple'
2026-09-11 09:20:23,739 - INFO - - Keywords saved in: languages/english/keywords/samsung/
2026-09-11 09:20:23,740 - INFO - ========================================
