2026-08-10 22:17:16,070 - INFO - Log file created at: /home/runner/work/potensitech.com/potensitech.com/languages/english/keywords/logs/kw_search_20260810_221716.log
2026-08-10 22:17:16,070 - INFO - ============================================================
2026-08-10 22:17:16,070 - INFO - AUTOMATIC KEYWORD RESEARCH TOOL
2026-08-10 22:17:16,070 - INFO - ============================================================
2026-08-10 22:17:16,363 - INFO - ========================================
2026-08-10 22:17:16,363 - INFO - Found 14 niches to process: xiaomi, iphone, samsung, apple, sony, asus, philips, sandisk, intel, nvidia, amd, canon, nikon, huawei
2026-08-10 22:17:16,363 - INFO - ========================================
2026-08-10 22:17:16,363 - INFO - Continuing from last processed niche: canon
2026-08-10 22:17:16,364 - INFO - ========================================
2026-08-10 22:17:16,364 - INFO - 🎯 PROCESSING NICHE 13/14: 'nikon'
2026-08-10 22:17:16,364 - INFO - ========================================
2026-08-10 22:17:16,364 - INFO - 📁 Niche directory: /home/runner/work/potensitech.com/potensitech.com/languages/english/keywords/nikon
2026-08-10 22:17:16,364 - INFO - Selected region: us
2026-08-10 22:17:16,364 - INFO - Selected language: en
2026-08-10 22:17:16,364 - INFO - 🎯 Current niche: nikon
2026-08-10 22:17:17,049 - INFO - 🎯 Niche terms for filtering: nikon, cheap, best, latest, review, price, sell, buy, recommendation, tips, tutorial, guide, how to, vs, versus, compared to, comparison, alternatives, which is better, expensive, discount, deals, sale, affordable, cost, online, offline, marketplace, store, shop, retailer, where to buy, worst, quality, original, genuine, fake, replica, authentic, brand, manufacturer, company, product, nikon product, sell nikon, buy nikon, cheap nikon, best nikon, nikon review, where to buy nikon, how to choose nikon, top nikon, nikon guide, nikon for sale, nikon deals
2026-08-10 22:17:17,049 - INFO - Generated 50 niche-clue pairs for 'nikon'.
2026-08-10 22:17:17,052 - INFO - Expanded 50 seed keywords to 218 variations
2026-08-10 22:17:17,053 - INFO - 🔧 Request Handler initialized - Success rate: 100.0%
2026-08-10 22:21:44,012 - INFO - Original clue keywords: battery life, mobile display
2026-08-10 22:21:44,012 - INFO - Niche-focused seeds: battery life nikon, nikon battery life, battery life cheap, cheap battery life, battery life best, best battery life, battery life latest, latest battery life, battery life review, review battery life, battery life price, price battery life, battery life sell, sell battery life, battery life buy, buy battery life, battery life recommendation, recommendation battery life, battery life tips, tips battery life, battery life tutorial, tutorial battery life, battery life guide, guide battery life, battery life how to, how to battery life, battery life vs, vs battery life, battery life versus, versus battery life, battery life compared to, compared to battery life, battery life comparison, comparison battery life, battery life alternatives, alternatives battery life, battery life which is better, which is better battery life, battery life expensive, expensive battery life, battery life discount, discount battery life, battery life deals, deals battery life, battery life sale, sale battery life, battery life affordable, affordable battery life, battery life cost, cost battery life, battery life online, online battery life, battery life offline, offline battery life, battery life marketplace, marketplace battery life, battery life store, store battery life, battery life shop, shop battery life, battery life retailer, retailer battery life, battery life where to buy, where to buy battery life, battery life worst, worst battery life, battery life quality, quality battery life, battery life original, original battery life, battery life genuine, genuine battery life, battery life fake, fake battery life, battery life replica, replica battery life, battery life authentic, authentic battery life, battery life brand, brand battery life, battery life manufacturer, manufacturer battery life, battery life company, company battery life, battery life product, product battery life, battery life nikon product, nikon product battery life, battery life sell nikon, sell nikon battery life, battery life buy nikon, buy nikon battery life, battery life cheap nikon, cheap nikon battery life, battery life best nikon, best nikon battery life, battery life nikon review, nikon review battery life, battery life where to buy nikon, where to buy nikon battery life, battery life how to choose nikon, how to choose nikon battery life, battery life top nikon, top nikon battery life, battery life nikon guide, nikon guide battery life, battery life nikon for sale, nikon for sale battery life, battery life nikon deals, nikon deals battery life, mobile display nikon, nikon mobile display, mobile display cheap, cheap mobile display, mobile display best, best mobile display, mobile display latest, latest mobile display, mobile display review, review mobile display, mobile display price, price mobile display, mobile display sell, sell mobile display, mobile display buy, buy mobile display, mobile display recommendation, recommendation mobile display, mobile display tips, tips mobile display, mobile display tutorial, tutorial mobile display, mobile display guide, guide mobile display, mobile display how to, how to mobile display, mobile display vs, vs mobile display, mobile display versus, versus mobile display, mobile display compared to, compared to mobile display, mobile display comparison, comparison mobile display, mobile display alternatives, alternatives mobile display, mobile display which is better, which is better mobile display, mobile display expensive, expensive mobile display, mobile display discount, discount mobile display, mobile display deals, deals mobile display, mobile display sale, sale mobile display, mobile display affordable, affordable mobile display, mobile display cost, cost mobile display, mobile display online, online mobile display, mobile display offline, offline mobile display, mobile display marketplace, marketplace mobile display, mobile display store, store mobile display, mobile display shop, shop mobile display, mobile display retailer, retailer mobile display, mobile display where to buy, where to buy mobile display, mobile display worst, worst mobile display, mobile display quality, quality mobile display, mobile display original, original mobile display, mobile display genuine, genuine mobile display, mobile display fake, fake mobile display, mobile display replica, replica mobile display, mobile display authentic, authentic mobile display, mobile display brand, brand mobile display, mobile display manufacturer, manufacturer mobile display, mobile display company, company mobile display, mobile display product, product mobile display, mobile display nikon product, nikon product mobile display, mobile display sell nikon, sell nikon mobile display, mobile display buy nikon, buy nikon mobile display, mobile display cheap nikon, cheap nikon mobile display, mobile display best nikon, best nikon mobile display, mobile display nikon review, nikon review mobile display, mobile display where to buy nikon, where to buy nikon mobile display, mobile display how to choose nikon, how to choose nikon mobile display, mobile display top nikon, top nikon mobile display, mobile display nikon guide, nikon guide mobile display, mobile display nikon for sale, nikon for sale mobile display, mobile display nikon deals, nikon deals mobile display
2026-08-10 22:21:44,015 - INFO - Expanded 220 seed keywords to 385 variations
2026-08-10 22:21:44,015 - INFO - Language: en
2026-08-10 22:21:44,015 - INFO - Region: us
2026-08-10 22:22:59,319 - INFO - 🎯 After all filtering for 'nikon': 120 relevant keywords
2026-08-10 22:23:00,627 - INFO - 🎯 Found 4 new keywords for niche 'nikon': nikon affordable battery life, nikon affordable mobile display, cheap alternatives mobile display, best authentic mobile display
2026-08-10 22:23:01,060 - INFO - ✅ Niche 'nikon' process complete! 658 total keyword results.
2026-08-10 22:23:01,060 - INFO - ✅ Completed processing niche: 'nikon'
2026-08-10 22:23:01,061 - INFO - 🔧 Request Handler final stats - Success rate: 100.0%
2026-08-10 22:23:01,061 - INFO -    Total requests: 168743, Blocks: 1
2026-08-10 22:23:01,062 - INFO - 
========================================
2026-08-10 22:23:01,062 - INFO - Process Summary:
2026-08-10 22:23:01,062 - INFO - - Current niche: 'nikon'
2026-08-10 22:23:01,062 - INFO - - Next niche will be: 'huawei'
2026-08-10 22:23:01,062 - INFO - - Keywords saved in: languages/english/keywords/nikon/
2026-08-10 22:23:01,063 - INFO - ========================================
