2026-09-26 15:39:26,330 - INFO - Log file created at: /home/runner/work/potensitech.com/potensitech.com/languages/english/keywords/logs/kw_search_20260926_153926.log
2026-09-26 15:39:26,330 - INFO - ============================================================
2026-09-26 15:39:26,330 - INFO - AUTOMATIC KEYWORD RESEARCH TOOL
2026-09-26 15:39:26,330 - INFO - ============================================================
2026-09-26 15:39:26,673 - INFO - ========================================
2026-09-26 15:39:26,674 - INFO - Found 14 niches to process: xiaomi, iphone, samsung, apple, sony, asus, philips, sandisk, intel, nvidia, amd, canon, nikon, huawei
2026-09-26 15:39:26,674 - INFO - ========================================
2026-09-26 15:39:26,674 - INFO - Continuing from last processed niche: xiaomi
2026-09-26 15:39:26,674 - INFO - ========================================
2026-09-26 15:39:26,674 - INFO - 🎯 PROCESSING NICHE 2/14: 'iphone'
2026-09-26 15:39:26,674 - INFO - ========================================
2026-09-26 15:39:26,674 - INFO - 📁 Niche directory: /home/runner/work/potensitech.com/potensitech.com/languages/english/keywords/iphone
2026-09-26 15:39:26,674 - INFO - Selected region: us
2026-09-26 15:39:26,674 - INFO - Selected language: en
2026-09-26 15:39:26,674 - INFO - 🎯 Current niche: iphone
2026-09-26 15:39:37,252 - INFO - 🎯 Niche terms for filtering: iphone, cheap, best, latest, review, price, sell, buy, recommendation, tips, tutorial, guide, how to, vs, versus, compared to, comparison, alternatives, which is better, expensive, discount, deals, sale, affordable, cost, online, offline, marketplace, store, shop, retailer, where to buy, worst, quality, original, genuine, fake, replica, authentic, brand, manufacturer, company, product, iphone product, sell iphone, buy iphone, cheap iphone, best iphone, iphone review, where to buy iphone, how to choose iphone, top iphone, iphone guide, iphone for sale, iphone deals
2026-09-26 15:39:37,253 - INFO - Generated 50 niche-clue pairs for 'iphone'.
2026-09-26 15:39:37,254 - INFO - Expanded 50 seed keywords to 218 variations
2026-09-26 15:39:37,255 - INFO - 🔧 Request Handler initialized - Success rate: 100.0%
2026-09-26 15:44:02,764 - INFO - Original clue keywords: smartphone features, solid-state
2026-09-26 15:44:02,764 - INFO - Niche-focused seeds: smartphone features iphone, iphone smartphone features, smartphone features cheap, cheap smartphone features, smartphone features best, best smartphone features, smartphone features latest, latest smartphone features, smartphone features review, review smartphone features, smartphone features price, price smartphone features, smartphone features sell, sell smartphone features, smartphone features buy, buy smartphone features, smartphone features recommendation, recommendation smartphone features, smartphone features tips, tips smartphone features, smartphone features tutorial, tutorial smartphone features, smartphone features guide, guide smartphone features, smartphone features how to, how to smartphone features, smartphone features vs, vs smartphone features, smartphone features versus, versus smartphone features, smartphone features compared to, compared to smartphone features, smartphone features comparison, comparison smartphone features, smartphone features alternatives, alternatives smartphone features, smartphone features which is better, which is better smartphone features, smartphone features expensive, expensive smartphone features, smartphone features discount, discount smartphone features, smartphone features deals, deals smartphone features, smartphone features sale, sale smartphone features, smartphone features affordable, affordable smartphone features, smartphone features cost, cost smartphone features, smartphone features online, online smartphone features, smartphone features offline, offline smartphone features, smartphone features marketplace, marketplace smartphone features, smartphone features store, store smartphone features, smartphone features shop, shop smartphone features, smartphone features retailer, retailer smartphone features, smartphone features where to buy, where to buy smartphone features, smartphone features worst, worst smartphone features, smartphone features quality, quality smartphone features, smartphone features original, original smartphone features, smartphone features genuine, genuine smartphone features, smartphone features fake, fake smartphone features, smartphone features replica, replica smartphone features, smartphone features authentic, authentic smartphone features, smartphone features brand, brand smartphone features, smartphone features manufacturer, manufacturer smartphone features, smartphone features company, company smartphone features, smartphone features product, product smartphone features, smartphone features iphone product, iphone product smartphone features, smartphone features sell iphone, sell iphone smartphone features, smartphone features buy iphone, buy iphone smartphone features, smartphone features cheap iphone, cheap iphone smartphone features, smartphone features best iphone, best iphone smartphone features, smartphone features iphone review, iphone review smartphone features, smartphone features where to buy iphone, where to buy iphone smartphone features, smartphone features how to choose iphone, how to choose iphone smartphone features, smartphone features top iphone, top iphone smartphone features, smartphone features iphone guide, iphone guide smartphone features, smartphone features iphone for sale, iphone for sale smartphone features, smartphone features iphone deals, iphone deals smartphone features, solid-state iphone, iphone solid-state, solid-state cheap, cheap solid-state, solid-state best, best solid-state, solid-state latest, latest solid-state, solid-state review, review solid-state, solid-state price, price solid-state, solid-state sell, sell solid-state, solid-state buy, buy solid-state, solid-state recommendation, recommendation solid-state, solid-state tips, tips solid-state, solid-state tutorial, tutorial solid-state, solid-state guide, guide solid-state, solid-state how to, how to solid-state, solid-state vs, vs solid-state, solid-state versus, versus solid-state, solid-state compared to, compared to solid-state, solid-state comparison, comparison solid-state, solid-state alternatives, alternatives solid-state, solid-state which is better, which is better solid-state, solid-state expensive, expensive solid-state, solid-state discount, discount solid-state, solid-state deals, deals solid-state, solid-state sale, sale solid-state, solid-state affordable, affordable solid-state, solid-state cost, cost solid-state, solid-state online, online solid-state, solid-state offline, offline solid-state, solid-state marketplace, marketplace solid-state, solid-state store, store solid-state, solid-state shop, shop solid-state, solid-state retailer, retailer solid-state, solid-state where to buy, where to buy solid-state, solid-state worst, worst solid-state, solid-state quality, quality solid-state, solid-state original, original solid-state, solid-state genuine, genuine solid-state, solid-state fake, fake solid-state, solid-state replica, replica solid-state, solid-state authentic, authentic solid-state, solid-state brand, brand solid-state, solid-state manufacturer, manufacturer solid-state, solid-state company, company solid-state, solid-state product, product solid-state, solid-state iphone product, iphone product solid-state, solid-state sell iphone, sell iphone solid-state, solid-state buy iphone, buy iphone solid-state, solid-state cheap iphone, cheap iphone solid-state, solid-state best iphone, best iphone solid-state, solid-state iphone review, iphone review solid-state, solid-state where to buy iphone, where to buy iphone solid-state, solid-state how to choose iphone, how to choose iphone solid-state, solid-state top iphone, top iphone solid-state, solid-state iphone guide, iphone guide solid-state, solid-state iphone for sale, iphone for sale solid-state, solid-state iphone deals, iphone deals solid-state
2026-09-26 15:44:02,766 - INFO - Expanded 220 seed keywords to 385 variations
2026-09-26 15:44:02,766 - INFO - Language: en
2026-09-26 15:44:02,766 - INFO - Region: us
2026-09-26 15:48:35,555 - INFO - 🎯 After all filtering for 'iphone': 120 relevant keywords
2026-09-26 15:48:35,828 - INFO - 🎯 Found 5 new keywords for niche 'iphone': iphone affordable solid-state, affordable solid-state cheap, iphone alternatives solid-state, cheap alternatives solid-state, best alternatives solid-state
2026-09-26 15:48:52,203 - INFO - ✅ Niche 'iphone' process complete! 904 total keyword results.
2026-09-26 15:48:52,204 - INFO - ✅ Completed processing niche: 'iphone'
2026-09-26 15:48:52,204 - INFO - 🔧 Request Handler final stats - Success rate: 100.0%
2026-09-26 15:48:52,204 - INFO -    Total requests: 206920, Blocks: 1
2026-09-26 15:48:52,205 - INFO - 
========================================
2026-09-26 15:48:52,205 - INFO - Process Summary:
2026-09-26 15:48:52,205 - INFO - - Current niche: 'iphone'
2026-09-26 15:48:52,205 - INFO - - Next niche will be: 'samsung'
2026-09-26 15:48:52,205 - INFO - - Keywords saved in: languages/english/keywords/iphone/
2026-09-26 15:48:52,205 - INFO - ========================================
