2026-08-30 08:25:02,383 - INFO - Log file created at: /home/runner/work/potensitech.com/potensitech.com/languages/english/keywords/logs/kw_search_20260830_082502.log
2026-08-30 08:25:02,383 - INFO - ============================================================
2026-08-30 08:25:02,383 - INFO - AUTOMATIC KEYWORD RESEARCH TOOL
2026-08-30 08:25:02,383 - INFO - ============================================================
2026-08-30 08:25:02,685 - INFO - ========================================
2026-08-30 08:25:02,685 - INFO - Found 14 niches to process: xiaomi, iphone, samsung, apple, sony, asus, philips, sandisk, intel, nvidia, amd, canon, nikon, huawei
2026-08-30 08:25:02,685 - INFO - ========================================
2026-08-30 08:25:02,685 - INFO - Continuing from last processed niche: sandisk
2026-08-30 08:25:02,685 - INFO - ========================================
2026-08-30 08:25:02,685 - INFO - 🎯 PROCESSING NICHE 9/14: 'intel'
2026-08-30 08:25:02,685 - INFO - ========================================
2026-08-30 08:25:02,685 - INFO - 📁 Niche directory: /home/runner/work/potensitech.com/potensitech.com/languages/english/keywords/intel
2026-08-30 08:25:02,686 - INFO - Selected region: us
2026-08-30 08:25:02,686 - INFO - Selected language: en
2026-08-30 08:25:02,686 - INFO - 🎯 Current niche: intel
2026-08-30 08:25:14,084 - INFO - 🎯 Niche terms for filtering: intel, cheap, best, latest, review, price, sell, buy, recommendation, tips, tutorial, guide, how to, vs, versus, compared to, comparison, alternatives, which is better, expensive, discount, deals, sale, affordable, cost, online, offline, marketplace, store, shop, retailer, where to buy, worst, quality, original, genuine, fake, replica, authentic, brand, manufacturer, company, product, intel product, sell intel, buy intel, cheap intel, best intel, intel review, where to buy intel, how to choose intel, top intel, intel guide, intel for sale, intel deals
2026-08-30 08:25:14,085 - INFO - Generated 50 niche-clue pairs for 'intel'.
2026-08-30 08:25:14,088 - INFO - Expanded 50 seed keywords to 218 variations
2026-08-30 08:25:14,089 - INFO - 🔧 Request Handler initialized - Success rate: 100.0%
2026-08-30 08:29:42,985 - INFO - Original clue keywords: ai rendering, smart-lighting
2026-08-30 08:29:42,985 - INFO - Niche-focused seeds: ai rendering intel, intel ai rendering, ai rendering cheap, cheap ai rendering, ai rendering best, best ai rendering, ai rendering latest, latest ai rendering, ai rendering review, review ai rendering, ai rendering price, price ai rendering, ai rendering sell, sell ai rendering, ai rendering buy, buy ai rendering, ai rendering recommendation, recommendation ai rendering, ai rendering tips, tips ai rendering, ai rendering tutorial, tutorial ai rendering, ai rendering guide, guide ai rendering, ai rendering how to, how to ai rendering, ai rendering vs, vs ai rendering, ai rendering versus, versus ai rendering, ai rendering compared to, compared to ai rendering, ai rendering comparison, comparison ai rendering, ai rendering alternatives, alternatives ai rendering, ai rendering which is better, which is better ai rendering, ai rendering expensive, expensive ai rendering, ai rendering discount, discount ai rendering, ai rendering deals, deals ai rendering, ai rendering sale, sale ai rendering, ai rendering affordable, affordable ai rendering, ai rendering cost, cost ai rendering, ai rendering online, online ai rendering, ai rendering offline, offline ai rendering, ai rendering marketplace, marketplace ai rendering, ai rendering store, store ai rendering, ai rendering shop, shop ai rendering, ai rendering retailer, retailer ai rendering, ai rendering where to buy, where to buy ai rendering, ai rendering worst, worst ai rendering, ai rendering quality, quality ai rendering, ai rendering original, original ai rendering, ai rendering genuine, genuine ai rendering, ai rendering fake, fake ai rendering, ai rendering replica, replica ai rendering, ai rendering authentic, authentic ai rendering, ai rendering brand, brand ai rendering, ai rendering manufacturer, manufacturer ai rendering, ai rendering company, company ai rendering, ai rendering product, product ai rendering, ai rendering intel product, intel product ai rendering, ai rendering sell intel, sell intel ai rendering, ai rendering buy intel, buy intel ai rendering, ai rendering cheap intel, cheap intel ai rendering, ai rendering best intel, best intel ai rendering, ai rendering intel review, intel review ai rendering, ai rendering where to buy intel, where to buy intel ai rendering, ai rendering how to choose intel, how to choose intel ai rendering, ai rendering top intel, top intel ai rendering, ai rendering intel guide, intel guide ai rendering, ai rendering intel for sale, intel for sale ai rendering, ai rendering intel deals, intel deals ai rendering, smart-lighting intel, intel smart-lighting, smart-lighting cheap, cheap smart-lighting, smart-lighting best, best smart-lighting, smart-lighting latest, latest smart-lighting, smart-lighting review, review smart-lighting, smart-lighting price, price smart-lighting, smart-lighting sell, sell smart-lighting, smart-lighting buy, buy smart-lighting, smart-lighting recommendation, recommendation smart-lighting, smart-lighting tips, tips smart-lighting, smart-lighting tutorial, tutorial smart-lighting, smart-lighting guide, guide smart-lighting, smart-lighting how to, how to smart-lighting, smart-lighting vs, vs smart-lighting, smart-lighting versus, versus smart-lighting, smart-lighting compared to, compared to smart-lighting, smart-lighting comparison, comparison smart-lighting, smart-lighting alternatives, alternatives smart-lighting, smart-lighting which is better, which is better smart-lighting, smart-lighting expensive, expensive smart-lighting, smart-lighting discount, discount smart-lighting, smart-lighting deals, deals smart-lighting, smart-lighting sale, sale smart-lighting, smart-lighting affordable, affordable smart-lighting, smart-lighting cost, cost smart-lighting, smart-lighting online, online smart-lighting, smart-lighting offline, offline smart-lighting, smart-lighting marketplace, marketplace smart-lighting, smart-lighting store, store smart-lighting, smart-lighting shop, shop smart-lighting, smart-lighting retailer, retailer smart-lighting, smart-lighting where to buy, where to buy smart-lighting, smart-lighting worst, worst smart-lighting, smart-lighting quality, quality smart-lighting, smart-lighting original, original smart-lighting, smart-lighting genuine, genuine smart-lighting, smart-lighting fake, fake smart-lighting, smart-lighting replica, replica smart-lighting, smart-lighting authentic, authentic smart-lighting, smart-lighting brand, brand smart-lighting, smart-lighting manufacturer, manufacturer smart-lighting, smart-lighting company, company smart-lighting, smart-lighting product, product smart-lighting, smart-lighting intel product, intel product smart-lighting, smart-lighting sell intel, sell intel smart-lighting, smart-lighting buy intel, buy intel smart-lighting, smart-lighting cheap intel, cheap intel smart-lighting, smart-lighting best intel, best intel smart-lighting, smart-lighting intel review, intel review smart-lighting, smart-lighting where to buy intel, where to buy intel smart-lighting, smart-lighting how to choose intel, how to choose intel smart-lighting, smart-lighting top intel, top intel smart-lighting, smart-lighting intel guide, intel guide smart-lighting, smart-lighting intel for sale, intel for sale smart-lighting, smart-lighting intel deals, intel deals smart-lighting
2026-08-30 08:29:42,989 - INFO - Expanded 220 seed keywords to 385 variations
2026-08-30 08:29:42,989 - INFO - Language: en
2026-08-30 08:29:42,989 - INFO - Region: us
2026-08-30 08:34:14,852 - INFO - 🎯 After all filtering for 'intel': 120 relevant keywords
2026-08-30 08:34:15,267 - INFO - 🎯 Found 5 new keywords for niche 'intel': intel affordable smart-lighting, cheap affordable smart-lighting, best affordable smart-lighting, intel alternatives smart-lighting, cheap alternatives smart-lighting
2026-08-30 08:34:30,974 - INFO - ✅ Niche 'intel' process complete! 1013 total keyword results.
2026-08-30 08:34:30,974 - INFO - ✅ Completed processing niche: 'intel'
2026-08-30 08:34:30,974 - INFO - 🔧 Request Handler final stats - Success rate: 100.0%
2026-08-30 08:34:30,974 - INFO -    Total requests: 183730, Blocks: 1
2026-08-30 08:34:30,975 - INFO - 
========================================
2026-08-30 08:34:30,975 - INFO - Process Summary:
2026-08-30 08:34:30,975 - INFO - - Current niche: 'intel'
2026-08-30 08:34:30,975 - INFO - - Next niche will be: 'nvidia'
2026-08-30 08:34:30,975 - INFO - - Keywords saved in: languages/english/keywords/intel/
2026-08-30 08:34:30,976 - INFO - ========================================
