2026-09-13 21:26:17,910 - INFO - Log file created at: /home/runner/work/potensitech.com/potensitech.com/languages/english/keywords/logs/kw_search_20260913_212617.log
2026-09-13 21:26:17,910 - INFO - ============================================================
2026-09-13 21:26:17,910 - INFO - AUTOMATIC KEYWORD RESEARCH TOOL
2026-09-13 21:26:17,910 - INFO - ============================================================
2026-09-13 21:26:18,285 - INFO - ========================================
2026-09-13 21:26:18,286 - INFO - Found 14 niches to process: xiaomi, iphone, samsung, apple, sony, asus, philips, sandisk, intel, nvidia, amd, canon, nikon, huawei
2026-09-13 21:26:18,286 - INFO - ========================================
2026-09-13 21:26:18,286 - INFO - All niches completed, starting over
2026-09-13 21:26:18,286 - INFO - ========================================
2026-09-13 21:26:18,286 - INFO - 🎯 PROCESSING NICHE 1/14: 'xiaomi'
2026-09-13 21:26:18,286 - INFO - ========================================
2026-09-13 21:26:18,286 - INFO - 📁 Niche directory: /home/runner/work/potensitech.com/potensitech.com/languages/english/keywords/xiaomi
2026-09-13 21:26:18,286 - INFO - Selected region: us
2026-09-13 21:26:18,286 - INFO - Selected language: en
2026-09-13 21:26:18,286 - INFO - 🎯 Current niche: xiaomi
2026-09-13 21:26:29,431 - INFO - 🎯 Niche terms for filtering: xiaomi, cheap, best, latest, review, price, sell, buy, recommendation, tips, tutorial, guide, how to, vs, versus, compared to, comparison, alternatives, which is better, expensive, discount, deals, sale, affordable, cost, online, offline, marketplace, store, shop, retailer, where to buy, worst, quality, original, genuine, fake, replica, authentic, brand, manufacturer, company, product, xiaomi product, sell xiaomi, buy xiaomi, cheap xiaomi, best xiaomi, xiaomi review, where to buy xiaomi, how to choose xiaomi, top xiaomi, xiaomi guide, xiaomi for sale, xiaomi deals
2026-09-13 21:26:29,432 - INFO - Generated 50 niche-clue pairs for 'xiaomi'.
2026-09-13 21:26:29,435 - INFO - Expanded 50 seed keywords to 218 variations
2026-09-13 21:26:29,436 - INFO - 🔧 Request Handler initialized - Success rate: 100.0%
2026-09-13 21:30:53,515 - INFO - Original clue keywords: dlss technology, cuda cores
2026-09-13 21:30:53,515 - INFO - Niche-focused seeds: dlss technology xiaomi, xiaomi dlss technology, dlss technology cheap, cheap dlss technology, dlss technology best, best dlss technology, dlss technology latest, latest dlss technology, dlss technology review, review dlss technology, dlss technology price, price dlss technology, dlss technology sell, sell dlss technology, dlss technology buy, buy dlss technology, dlss technology recommendation, recommendation dlss technology, dlss technology tips, tips dlss technology, dlss technology tutorial, tutorial dlss technology, dlss technology guide, guide dlss technology, dlss technology how to, how to dlss technology, dlss technology vs, vs dlss technology, dlss technology versus, versus dlss technology, dlss technology compared to, compared to dlss technology, dlss technology comparison, comparison dlss technology, dlss technology alternatives, alternatives dlss technology, dlss technology which is better, which is better dlss technology, dlss technology expensive, expensive dlss technology, dlss technology discount, discount dlss technology, dlss technology deals, deals dlss technology, dlss technology sale, sale dlss technology, dlss technology affordable, affordable dlss technology, dlss technology cost, cost dlss technology, dlss technology online, online dlss technology, dlss technology offline, offline dlss technology, dlss technology marketplace, marketplace dlss technology, dlss technology store, store dlss technology, dlss technology shop, shop dlss technology, dlss technology retailer, retailer dlss technology, dlss technology where to buy, where to buy dlss technology, dlss technology worst, worst dlss technology, dlss technology quality, quality dlss technology, dlss technology original, original dlss technology, dlss technology genuine, genuine dlss technology, dlss technology fake, fake dlss technology, dlss technology replica, replica dlss technology, dlss technology authentic, authentic dlss technology, dlss technology brand, brand dlss technology, dlss technology manufacturer, manufacturer dlss technology, dlss technology company, company dlss technology, dlss technology product, product dlss technology, dlss technology xiaomi product, xiaomi product dlss technology, dlss technology sell xiaomi, sell xiaomi dlss technology, dlss technology buy xiaomi, buy xiaomi dlss technology, dlss technology cheap xiaomi, cheap xiaomi dlss technology, dlss technology best xiaomi, best xiaomi dlss technology, dlss technology xiaomi review, xiaomi review dlss technology, dlss technology where to buy xiaomi, where to buy xiaomi dlss technology, dlss technology how to choose xiaomi, how to choose xiaomi dlss technology, dlss technology top xiaomi, top xiaomi dlss technology, dlss technology xiaomi guide, xiaomi guide dlss technology, dlss technology xiaomi for sale, xiaomi for sale dlss technology, dlss technology xiaomi deals, xiaomi deals dlss technology, cuda cores xiaomi, xiaomi cuda cores, cuda cores cheap, cheap cuda cores, cuda cores best, best cuda cores, cuda cores latest, latest cuda cores, cuda cores review, review cuda cores, cuda cores price, price cuda cores, cuda cores sell, sell cuda cores, cuda cores buy, buy cuda cores, cuda cores recommendation, recommendation cuda cores, cuda cores tips, tips cuda cores, cuda cores tutorial, tutorial cuda cores, cuda cores guide, guide cuda cores, cuda cores how to, how to cuda cores, cuda cores vs, vs cuda cores, cuda cores versus, versus cuda cores, cuda cores compared to, compared to cuda cores, cuda cores comparison, comparison cuda cores, cuda cores alternatives, alternatives cuda cores, cuda cores which is better, which is better cuda cores, cuda cores expensive, expensive cuda cores, cuda cores discount, discount cuda cores, cuda cores deals, deals cuda cores, cuda cores sale, sale cuda cores, cuda cores affordable, affordable cuda cores, cuda cores cost, cost cuda cores, cuda cores online, online cuda cores, cuda cores offline, offline cuda cores, cuda cores marketplace, marketplace cuda cores, cuda cores store, store cuda cores, cuda cores shop, shop cuda cores, cuda cores retailer, retailer cuda cores, cuda cores where to buy, where to buy cuda cores, cuda cores worst, worst cuda cores, cuda cores quality, quality cuda cores, cuda cores original, original cuda cores, cuda cores genuine, genuine cuda cores, cuda cores fake, fake cuda cores, cuda cores replica, replica cuda cores, cuda cores authentic, authentic cuda cores, cuda cores brand, brand cuda cores, cuda cores manufacturer, manufacturer cuda cores, cuda cores company, company cuda cores, cuda cores product, product cuda cores, cuda cores xiaomi product, xiaomi product cuda cores, cuda cores sell xiaomi, sell xiaomi cuda cores, cuda cores buy xiaomi, buy xiaomi cuda cores, cuda cores cheap xiaomi, cheap xiaomi cuda cores, cuda cores best xiaomi, best xiaomi cuda cores, cuda cores xiaomi review, xiaomi review cuda cores, cuda cores where to buy xiaomi, where to buy xiaomi cuda cores, cuda cores how to choose xiaomi, how to choose xiaomi cuda cores, cuda cores top xiaomi, top xiaomi cuda cores, cuda cores xiaomi guide, xiaomi guide cuda cores, cuda cores xiaomi for sale, xiaomi for sale cuda cores, cuda cores xiaomi deals, xiaomi deals cuda cores
2026-09-13 21:30:53,518 - INFO - Expanded 220 seed keywords to 385 variations
2026-09-13 21:30:53,518 - INFO - Language: en
2026-09-13 21:30:53,518 - INFO - Region: us
2026-09-13 21:33:22,330 - INFO - 🎯 After all filtering for 'xiaomi': 120 relevant keywords
2026-09-13 21:33:24,471 - INFO - 🎯 Found 5 new keywords for niche 'xiaomi': xiaomi affordable cuda cores, xiaomi affordable dlss technology, cheap alternatives cuda cores, best authentic cuda cores, how to brand cuda cores
2026-09-13 21:33:40,547 - INFO - ✅ Niche 'xiaomi' process complete! 681 total keyword results.
2026-09-13 21:33:40,547 - INFO - ✅ Completed processing niche: 'xiaomi'
2026-09-13 21:33:40,547 - INFO - 🔧 Request Handler final stats - Success rate: 100.0%
2026-09-13 21:33:40,547 - INFO -    Total requests: 195978, Blocks: 1
2026-09-13 21:33:40,548 - INFO - 
========================================
2026-09-13 21:33:40,549 - INFO - Process Summary:
2026-09-13 21:33:40,549 - INFO - - Current niche: 'xiaomi'
2026-09-13 21:33:40,549 - INFO - - Next niche will be: 'iphone'
2026-09-13 21:33:40,549 - INFO - - Keywords saved in: languages/english/keywords/xiaomi/
2026-09-13 21:33:40,549 - INFO - ========================================
