2026-09-03 15:42:28,585 - INFO - Log file created at: /home/runner/work/potensitech.com/potensitech.com/languages/english/keywords/logs/kw_search_20260903_154228.log
2026-09-03 15:42:28,585 - INFO - ============================================================
2026-09-03 15:42:28,585 - INFO - AUTOMATIC KEYWORD RESEARCH TOOL
2026-09-03 15:42:28,585 - INFO - ============================================================
2026-09-03 15:42:28,976 - INFO - ========================================
2026-09-03 15:42:28,976 - INFO - Found 14 niches to process: xiaomi, iphone, samsung, apple, sony, asus, philips, sandisk, intel, nvidia, amd, canon, nikon, huawei
2026-09-03 15:42:28,976 - INFO - ========================================
2026-09-03 15:42:28,976 - INFO - Continuing from last processed niche: nvidia
2026-09-03 15:42:28,976 - INFO - ========================================
2026-09-03 15:42:28,976 - INFO - 🎯 PROCESSING NICHE 11/14: 'amd'
2026-09-03 15:42:28,976 - INFO - ========================================
2026-09-03 15:42:28,976 - INFO - 📁 Niche directory: /home/runner/work/potensitech.com/potensitech.com/languages/english/keywords/amd
2026-09-03 15:42:28,977 - INFO - Selected region: us
2026-09-03 15:42:28,977 - INFO - Selected language: en
2026-09-03 15:42:28,977 - INFO - 🎯 Current niche: amd
2026-09-03 15:42:40,099 - INFO - 🎯 Niche terms for filtering: amd, cheap, best, latest, review, price, sell, buy, recommendation, tips, tutorial, guide, how to, vs, versus, compared to, comparison, alternatives, which is better, expensive, discount, deals, sale, affordable, cost, online, offline, marketplace, store, shop, retailer, where to buy, worst, quality, original, genuine, fake, replica, authentic, brand, manufacturer, company, product, amd product, sell amd, buy amd, cheap amd, best amd, amd review, where to buy amd, how to choose amd, top amd, amd guide, amd for sale, amd deals
2026-09-03 15:42:40,099 - INFO - Generated 50 niche-clue pairs for 'amd'.
2026-09-03 15:42:40,103 - INFO - Expanded 50 seed keywords to 218 variations
2026-09-03 15:42:40,103 - INFO - 🔧 Request Handler initialized - Success rate: 100.0%
2026-09-03 15:47:07,853 - INFO - Original clue keywords: laptop, performance
2026-09-03 15:47:07,853 - INFO - Niche-focused seeds: laptop amd, amd laptop, laptop cheap, cheap laptop, laptop best, best laptop, laptop latest, latest laptop, laptop review, review laptop, laptop price, price laptop, laptop sell, sell laptop, laptop buy, buy laptop, laptop recommendation, recommendation laptop, laptop tips, tips laptop, laptop tutorial, tutorial laptop, laptop guide, guide laptop, laptop how to, how to laptop, laptop vs, vs laptop, laptop versus, versus laptop, laptop compared to, compared to laptop, laptop comparison, comparison laptop, laptop alternatives, alternatives laptop, laptop which is better, which is better laptop, laptop expensive, expensive laptop, laptop discount, discount laptop, laptop deals, deals laptop, laptop sale, sale laptop, laptop affordable, affordable laptop, laptop cost, cost laptop, laptop online, online laptop, laptop offline, offline laptop, laptop marketplace, marketplace laptop, laptop store, store laptop, laptop shop, shop laptop, laptop retailer, retailer laptop, laptop where to buy, where to buy laptop, laptop worst, worst laptop, laptop quality, quality laptop, laptop original, original laptop, laptop genuine, genuine laptop, laptop fake, fake laptop, laptop replica, replica laptop, laptop authentic, authentic laptop, laptop brand, brand laptop, laptop manufacturer, manufacturer laptop, laptop company, company laptop, laptop product, product laptop, laptop amd product, amd product laptop, laptop sell amd, sell amd laptop, laptop buy amd, buy amd laptop, laptop cheap amd, cheap amd laptop, laptop best amd, best amd laptop, laptop amd review, amd review laptop, laptop where to buy amd, where to buy amd laptop, laptop how to choose amd, how to choose amd laptop, laptop top amd, top amd laptop, laptop amd guide, amd guide laptop, laptop amd for sale, amd for sale laptop, laptop amd deals, amd deals laptop, performance amd, amd performance, performance cheap, cheap performance, performance best, best performance, performance latest, latest performance, performance review, review performance, performance price, price performance, performance sell, sell performance, performance buy, buy performance, performance recommendation, recommendation performance, performance tips, tips performance, performance tutorial, tutorial performance, performance guide, guide performance, performance how to, how to performance, performance vs, vs performance, performance versus, versus performance, performance compared to, compared to performance, performance comparison, comparison performance, performance alternatives, alternatives performance, performance which is better, which is better performance, performance expensive, expensive performance, performance discount, discount performance, performance deals, deals performance, performance sale, sale performance, performance affordable, affordable performance, performance cost, cost performance, performance online, online performance, performance offline, offline performance, performance marketplace, marketplace performance, performance store, store performance, performance shop, shop performance, performance retailer, retailer performance, performance where to buy, where to buy performance, performance worst, worst performance, performance quality, quality performance, performance original, original performance, performance genuine, genuine performance, performance fake, fake performance, performance replica, replica performance, performance authentic, authentic performance, performance brand, brand performance, performance manufacturer, manufacturer performance, performance company, company performance, performance product, product performance, performance amd product, amd product performance, performance sell amd, sell amd performance, performance buy amd, buy amd performance, performance cheap amd, cheap amd performance, performance best amd, best amd performance, performance amd review, amd review performance, performance where to buy amd, where to buy amd performance, performance how to choose amd, how to choose amd performance, performance top amd, top amd performance, performance amd guide, amd guide performance, performance amd for sale, amd for sale performance, performance amd deals, amd deals performance
2026-09-03 15:47:07,856 - INFO - Expanded 220 seed keywords to 385 variations
2026-09-03 15:47:07,856 - INFO - Language: en
2026-09-03 15:47:07,856 - INFO - Region: us
2026-09-03 15:51:37,783 - INFO - 🎯 After all filtering for 'amd': 120 relevant keywords
2026-09-03 15:51:38,014 - INFO - 🎯 Found 5 new keywords for niche 'amd': amd affordable laptop, cheap affordable laptop, best affordable laptop, how to affordable laptop, amd affordable performance
2026-09-03 15:51:53,860 - INFO - ✅ Niche 'amd' process complete! 782 total keyword results.
2026-09-03 15:51:53,860 - INFO - ✅ Completed processing niche: 'amd'
2026-09-03 15:51:53,861 - INFO - 🔧 Request Handler final stats - Success rate: 100.0%
2026-09-03 15:51:53,861 - INFO -    Total requests: 187370, Blocks: 1
2026-09-03 15:51:53,862 - INFO - 
========================================
2026-09-03 15:51:53,862 - INFO - Process Summary:
2026-09-03 15:51:53,862 - INFO - - Current niche: 'amd'
2026-09-03 15:51:53,862 - INFO - - Next niche will be: 'canon'
2026-09-03 15:51:53,862 - INFO - - Keywords saved in: languages/english/keywords/amd/
2026-09-03 15:51:53,863 - INFO - ========================================
