2026-08-08 21:59:18,149 - INFO - Log file created at: /home/runner/work/potensitech.com/potensitech.com/languages/english/keywords/logs/kw_search_20260808_215918.log
2026-08-08 21:59:18,149 - INFO - ============================================================
2026-08-08 21:59:18,149 - INFO - AUTOMATIC KEYWORD RESEARCH TOOL
2026-08-08 21:59:18,149 - INFO - ============================================================
2026-08-08 21:59:18,448 - INFO - ========================================
2026-08-08 21:59:18,448 - INFO - Found 14 niches to process: xiaomi, iphone, samsung, apple, sony, asus, philips, sandisk, intel, nvidia, amd, canon, nikon, huawei
2026-08-08 21:59:18,449 - INFO - ========================================
2026-08-08 21:59:18,449 - INFO - Continuing from last processed niche: asus
2026-08-08 21:59:18,449 - INFO - ========================================
2026-08-08 21:59:18,449 - INFO - 🎯 PROCESSING NICHE 7/14: 'philips'
2026-08-08 21:59:18,449 - INFO - ========================================
2026-08-08 21:59:18,449 - INFO - 📁 Niche directory: /home/runner/work/potensitech.com/potensitech.com/languages/english/keywords/philips
2026-08-08 21:59:18,449 - INFO - Selected region: us
2026-08-08 21:59:18,449 - INFO - Selected language: en
2026-08-08 21:59:18,449 - INFO - 🎯 Current niche: philips
2026-08-08 21:59:19,130 - INFO - 🎯 Niche terms for filtering: philips, cheap, best, latest, review, price, sell, buy, recommendation, tips, tutorial, guide, how to, vs, versus, compared to, comparison, alternatives, which is better, expensive, discount, deals, sale, affordable, cost, online, offline, marketplace, store, shop, retailer, where to buy, worst, quality, original, genuine, fake, replica, authentic, brand, manufacturer, company, product, philips product, sell philips, buy philips, cheap philips, best philips, philips review, where to buy philips, how to choose philips, top philips, philips guide, philips for sale, philips deals
2026-08-08 21:59:19,131 - INFO - Generated 50 niche-clue pairs for 'philips'.
2026-08-08 21:59:19,134 - INFO - Expanded 50 seed keywords to 218 variations
2026-08-08 21:59:19,135 - INFO - 🔧 Request Handler initialized - Success rate: 100.0%
2026-08-08 22:03:40,665 - INFO - Original clue keywords: chip performance, smartphone camera
2026-08-08 22:03:40,665 - INFO - Niche-focused seeds: chip performance philips, philips chip performance, chip performance cheap, cheap chip performance, chip performance best, best chip performance, chip performance latest, latest chip performance, chip performance review, review chip performance, chip performance price, price chip performance, chip performance sell, sell chip performance, chip performance buy, buy chip performance, chip performance recommendation, recommendation chip performance, chip performance tips, tips chip performance, chip performance tutorial, tutorial chip performance, chip performance guide, guide chip performance, chip performance how to, how to chip performance, chip performance vs, vs chip performance, chip performance versus, versus chip performance, chip performance compared to, compared to chip performance, chip performance comparison, comparison chip performance, chip performance alternatives, alternatives chip performance, chip performance which is better, which is better chip performance, chip performance expensive, expensive chip performance, chip performance discount, discount chip performance, chip performance deals, deals chip performance, chip performance sale, sale chip performance, chip performance affordable, affordable chip performance, chip performance cost, cost chip performance, chip performance online, online chip performance, chip performance offline, offline chip performance, chip performance marketplace, marketplace chip performance, chip performance store, store chip performance, chip performance shop, shop chip performance, chip performance retailer, retailer chip performance, chip performance where to buy, where to buy chip performance, chip performance worst, worst chip performance, chip performance quality, quality chip performance, chip performance original, original chip performance, chip performance genuine, genuine chip performance, chip performance fake, fake chip performance, chip performance replica, replica chip performance, chip performance authentic, authentic chip performance, chip performance brand, brand chip performance, chip performance manufacturer, manufacturer chip performance, chip performance company, company chip performance, chip performance product, product chip performance, chip performance philips product, philips product chip performance, chip performance sell philips, sell philips chip performance, chip performance buy philips, buy philips chip performance, chip performance cheap philips, cheap philips chip performance, chip performance best philips, best philips chip performance, chip performance philips review, philips review chip performance, chip performance where to buy philips, where to buy philips chip performance, chip performance how to choose philips, how to choose philips chip performance, chip performance top philips, top philips chip performance, chip performance philips guide, philips guide chip performance, chip performance philips for sale, philips for sale chip performance, chip performance philips deals, philips deals chip performance, smartphone camera philips, philips smartphone camera, smartphone camera cheap, cheap smartphone camera, smartphone camera best, best smartphone camera, smartphone camera latest, latest smartphone camera, smartphone camera review, review smartphone camera, smartphone camera price, price smartphone camera, smartphone camera sell, sell smartphone camera, smartphone camera buy, buy smartphone camera, smartphone camera recommendation, recommendation smartphone camera, smartphone camera tips, tips smartphone camera, smartphone camera tutorial, tutorial smartphone camera, smartphone camera guide, guide smartphone camera, smartphone camera how to, how to smartphone camera, smartphone camera vs, vs smartphone camera, smartphone camera versus, versus smartphone camera, smartphone camera compared to, compared to smartphone camera, smartphone camera comparison, comparison smartphone camera, smartphone camera alternatives, alternatives smartphone camera, smartphone camera which is better, which is better smartphone camera, smartphone camera expensive, expensive smartphone camera, smartphone camera discount, discount smartphone camera, smartphone camera deals, deals smartphone camera, smartphone camera sale, sale smartphone camera, smartphone camera affordable, affordable smartphone camera, smartphone camera cost, cost smartphone camera, smartphone camera online, online smartphone camera, smartphone camera offline, offline smartphone camera, smartphone camera marketplace, marketplace smartphone camera, smartphone camera store, store smartphone camera, smartphone camera shop, shop smartphone camera, smartphone camera retailer, retailer smartphone camera, smartphone camera where to buy, where to buy smartphone camera, smartphone camera worst, worst smartphone camera, smartphone camera quality, quality smartphone camera, smartphone camera original, original smartphone camera, smartphone camera genuine, genuine smartphone camera, smartphone camera fake, fake smartphone camera, smartphone camera replica, replica smartphone camera, smartphone camera authentic, authentic smartphone camera, smartphone camera brand, brand smartphone camera, smartphone camera manufacturer, manufacturer smartphone camera, smartphone camera company, company smartphone camera, smartphone camera product, product smartphone camera, smartphone camera philips product, philips product smartphone camera, smartphone camera sell philips, sell philips smartphone camera, smartphone camera buy philips, buy philips smartphone camera, smartphone camera cheap philips, cheap philips smartphone camera, smartphone camera best philips, best philips smartphone camera, smartphone camera philips review, philips review smartphone camera, smartphone camera where to buy philips, where to buy philips smartphone camera, smartphone camera how to choose philips, how to choose philips smartphone camera, smartphone camera top philips, top philips smartphone camera, smartphone camera philips guide, philips guide smartphone camera, smartphone camera philips for sale, philips for sale smartphone camera, smartphone camera philips deals, philips deals smartphone camera
2026-08-08 22:03:40,668 - INFO - Expanded 220 seed keywords to 385 variations
2026-08-08 22:03:40,668 - INFO - Language: en
2026-08-08 22:03:40,668 - INFO - Region: us
2026-08-08 22:06:09,888 - INFO - 🎯 After all filtering for 'philips': 120 relevant keywords
2026-08-08 22:06:11,189 - INFO - 🎯 Found 5 new keywords for niche 'philips': philips affordable chip performance, philips affordable smartphone camera, cheap alternatives chip performance, cheap alternatives smartphone camera, best authentic chip performance
2026-08-08 22:06:11,634 - INFO - ✅ Niche 'philips' process complete! 681 total keyword results.
2026-08-08 22:06:11,634 - INFO - ✅ Completed processing niche: 'philips'
2026-08-08 22:06:11,634 - INFO - 🔧 Request Handler final stats - Success rate: 100.0%
2026-08-08 22:06:11,635 - INFO -    Total requests: 167383, Blocks: 1
2026-08-08 22:06:11,635 - INFO - 
========================================
2026-08-08 22:06:11,636 - INFO - Process Summary:
2026-08-08 22:06:11,636 - INFO - - Current niche: 'philips'
2026-08-08 22:06:11,636 - INFO - - Next niche will be: 'sandisk'
2026-08-08 22:06:11,636 - INFO - - Keywords saved in: languages/english/keywords/philips/
2026-08-08 22:06:11,636 - INFO - ========================================
