2026-10-04 19:49:17,248 - INFO - Log file created at: /home/runner/work/potensitech.com/potensitech.com/languages/english/keywords/logs/kw_search_20261004_194917.log
2026-10-04 19:49:17,248 - INFO - ============================================================
2026-10-04 19:49:17,248 - INFO - AUTOMATIC KEYWORD RESEARCH TOOL
2026-10-04 19:49:17,248 - INFO - ============================================================
2026-10-04 19:49:17,693 - INFO - ========================================
2026-10-04 19:49:17,693 - INFO - Found 14 niches to process: xiaomi, iphone, samsung, apple, sony, asus, philips, sandisk, intel, nvidia, amd, canon, nikon, huawei
2026-10-04 19:49:17,693 - INFO - ========================================
2026-10-04 19:49:17,693 - INFO - Continuing from last processed niche: nikon
2026-10-04 19:49:17,693 - INFO - ========================================
2026-10-04 19:49:17,693 - INFO - 🎯 PROCESSING NICHE 14/14: 'huawei'
2026-10-04 19:49:17,693 - INFO - ========================================
2026-10-04 19:49:17,693 - INFO - 📁 Niche directory: /home/runner/work/potensitech.com/potensitech.com/languages/english/keywords/huawei
2026-10-04 19:49:17,694 - INFO - Selected region: us
2026-10-04 19:49:17,694 - INFO - Selected language: en
2026-10-04 19:49:17,694 - INFO - 🎯 Current niche: huawei
2026-10-04 19:49:28,569 - INFO - 🎯 Niche terms for filtering: huawei, cheap, best, latest, review, price, sell, buy, recommendation, tips, tutorial, guide, how to, vs, versus, compared to, comparison, alternatives, which is better, expensive, discount, deals, sale, affordable, cost, online, offline, marketplace, store, shop, retailer, where to buy, worst, quality, original, genuine, fake, replica, authentic, brand, manufacturer, company, product, huawei product, sell huawei, buy huawei, cheap huawei, best huawei, huawei review, where to buy huawei, how to choose huawei, top huawei, huawei guide, huawei for sale, huawei deals
2026-10-04 19:49:28,569 - INFO - Generated 50 niche-clue pairs for 'huawei'.
2026-10-04 19:49:28,572 - INFO - Expanded 50 seed keywords to 218 variations
2026-10-04 19:49:28,573 - INFO - 🔧 Request Handler initialized - Success rate: 100.0%
2026-10-04 19:53:52,746 - INFO - Original clue keywords: dslr features, ai acceleration
2026-10-04 19:53:52,746 - INFO - Niche-focused seeds: dslr features huawei, huawei dslr features, dslr features cheap, cheap dslr features, dslr features best, best dslr features, dslr features latest, latest dslr features, dslr features review, review dslr features, dslr features price, price dslr features, dslr features sell, sell dslr features, dslr features buy, buy dslr features, dslr features recommendation, recommendation dslr features, dslr features tips, tips dslr features, dslr features tutorial, tutorial dslr features, dslr features guide, guide dslr features, dslr features how to, how to dslr features, dslr features vs, vs dslr features, dslr features versus, versus dslr features, dslr features compared to, compared to dslr features, dslr features comparison, comparison dslr features, dslr features alternatives, alternatives dslr features, dslr features which is better, which is better dslr features, dslr features expensive, expensive dslr features, dslr features discount, discount dslr features, dslr features deals, deals dslr features, dslr features sale, sale dslr features, dslr features affordable, affordable dslr features, dslr features cost, cost dslr features, dslr features online, online dslr features, dslr features offline, offline dslr features, dslr features marketplace, marketplace dslr features, dslr features store, store dslr features, dslr features shop, shop dslr features, dslr features retailer, retailer dslr features, dslr features where to buy, where to buy dslr features, dslr features worst, worst dslr features, dslr features quality, quality dslr features, dslr features original, original dslr features, dslr features genuine, genuine dslr features, dslr features fake, fake dslr features, dslr features replica, replica dslr features, dslr features authentic, authentic dslr features, dslr features brand, brand dslr features, dslr features manufacturer, manufacturer dslr features, dslr features company, company dslr features, dslr features product, product dslr features, dslr features huawei product, huawei product dslr features, dslr features sell huawei, sell huawei dslr features, dslr features buy huawei, buy huawei dslr features, dslr features cheap huawei, cheap huawei dslr features, dslr features best huawei, best huawei dslr features, dslr features huawei review, huawei review dslr features, dslr features where to buy huawei, where to buy huawei dslr features, dslr features how to choose huawei, how to choose huawei dslr features, dslr features top huawei, top huawei dslr features, dslr features huawei guide, huawei guide dslr features, dslr features huawei for sale, huawei for sale dslr features, dslr features huawei deals, huawei deals dslr features, ai acceleration huawei, huawei ai acceleration, ai acceleration cheap, cheap ai acceleration, ai acceleration best, best ai acceleration, ai acceleration latest, latest ai acceleration, ai acceleration review, review ai acceleration, ai acceleration price, price ai acceleration, ai acceleration sell, sell ai acceleration, ai acceleration buy, buy ai acceleration, ai acceleration recommendation, recommendation ai acceleration, ai acceleration tips, tips ai acceleration, ai acceleration tutorial, tutorial ai acceleration, ai acceleration guide, guide ai acceleration, ai acceleration how to, how to ai acceleration, ai acceleration vs, vs ai acceleration, ai acceleration versus, versus ai acceleration, ai acceleration compared to, compared to ai acceleration, ai acceleration comparison, comparison ai acceleration, ai acceleration alternatives, alternatives ai acceleration, ai acceleration which is better, which is better ai acceleration, ai acceleration expensive, expensive ai acceleration, ai acceleration discount, discount ai acceleration, ai acceleration deals, deals ai acceleration, ai acceleration sale, sale ai acceleration, ai acceleration affordable, affordable ai acceleration, ai acceleration cost, cost ai acceleration, ai acceleration online, online ai acceleration, ai acceleration offline, offline ai acceleration, ai acceleration marketplace, marketplace ai acceleration, ai acceleration store, store ai acceleration, ai acceleration shop, shop ai acceleration, ai acceleration retailer, retailer ai acceleration, ai acceleration where to buy, where to buy ai acceleration, ai acceleration worst, worst ai acceleration, ai acceleration quality, quality ai acceleration, ai acceleration original, original ai acceleration, ai acceleration genuine, genuine ai acceleration, ai acceleration fake, fake ai acceleration, ai acceleration replica, replica ai acceleration, ai acceleration authentic, authentic ai acceleration, ai acceleration brand, brand ai acceleration, ai acceleration manufacturer, manufacturer ai acceleration, ai acceleration company, company ai acceleration, ai acceleration product, product ai acceleration, ai acceleration huawei product, huawei product ai acceleration, ai acceleration sell huawei, sell huawei ai acceleration, ai acceleration buy huawei, buy huawei ai acceleration, ai acceleration cheap huawei, cheap huawei ai acceleration, ai acceleration best huawei, best huawei ai acceleration, ai acceleration huawei review, huawei review ai acceleration, ai acceleration where to buy huawei, where to buy huawei ai acceleration, ai acceleration how to choose huawei, how to choose huawei ai acceleration, ai acceleration top huawei, top huawei ai acceleration, ai acceleration huawei guide, huawei guide ai acceleration, ai acceleration huawei for sale, huawei for sale ai acceleration, ai acceleration huawei deals, huawei deals ai acceleration
2026-10-04 19:53:52,749 - INFO - Expanded 220 seed keywords to 385 variations
2026-10-04 19:53:52,750 - INFO - Language: en
2026-10-04 19:53:52,750 - INFO - Region: us
2026-10-04 19:58:07,425 - INFO - 🎯 After all filtering for 'huawei': 120 relevant keywords
2026-10-04 19:58:11,304 - INFO - 🎯 Found 4 new keywords for niche 'huawei': huawei affordable ai acceleration, huawei affordable dslr features, cheap ai acceleration alternatives, best ai acceleration authentic
2026-10-04 19:58:27,109 - INFO - ✅ Niche 'huawei' process complete! 702 total keyword results.
2026-10-04 19:58:27,109 - INFO - ✅ Completed processing niche: 'huawei'
2026-10-04 19:58:27,109 - INFO - 🔧 Request Handler final stats - Success rate: 100.0%
2026-10-04 19:58:27,109 - INFO -    Total requests: 214300, Blocks: 1
2026-10-04 19:58:27,110 - INFO - 
========================================
2026-10-04 19:58:27,110 - INFO - Process Summary:
2026-10-04 19:58:27,110 - INFO - - Current niche: 'huawei'
2026-10-04 19:58:27,110 - INFO - - Next niche will be: 'xiaomi'
2026-10-04 19:58:27,110 - INFO - - Keywords saved in: languages/english/keywords/huawei/
2026-10-04 19:58:27,111 - INFO - ========================================
