2026-08-09 02:20:04,164 - INFO - Log file created at: /home/runner/work/potensitech.com/potensitech.com/languages/english/keywords/logs/kw_search_20260809_022004.log
2026-08-09 02:20:04,164 - INFO - ============================================================
2026-08-09 02:20:04,164 - INFO - AUTOMATIC KEYWORD RESEARCH TOOL
2026-08-09 02:20:04,164 - INFO - ============================================================
2026-08-09 02:20:04,437 - INFO - ========================================
2026-08-09 02:20:04,437 - INFO - Found 14 niches to process: xiaomi, iphone, samsung, apple, sony, asus, philips, sandisk, intel, nvidia, amd, canon, nikon, huawei
2026-08-09 02:20:04,437 - INFO - ========================================
2026-08-09 02:20:04,438 - INFO - Continuing from last processed niche: philips
2026-08-09 02:20:04,438 - INFO - ========================================
2026-08-09 02:20:04,438 - INFO - 🎯 PROCESSING NICHE 8/14: 'sandisk'
2026-08-09 02:20:04,438 - INFO - ========================================
2026-08-09 02:20:04,438 - INFO - 📁 Niche directory: /home/runner/work/potensitech.com/potensitech.com/languages/english/keywords/sandisk
2026-08-09 02:20:04,438 - INFO - Selected region: us
2026-08-09 02:20:04,438 - INFO - Selected language: en
2026-08-09 02:20:04,438 - INFO - 🎯 Current niche: sandisk
2026-08-09 02:20:05,136 - INFO - 🎯 Niche terms for filtering: sandisk, cheap, best, latest, review, price, sell, buy, recommendation, tips, tutorial, guide, how to, vs, versus, compared to, comparison, alternatives, which is better, expensive, discount, deals, sale, affordable, cost, online, offline, marketplace, store, shop, retailer, where to buy, worst, quality, original, genuine, fake, replica, authentic, brand, manufacturer, company, product, sandisk product, sell sandisk, buy sandisk, cheap sandisk, best sandisk, sandisk review, where to buy sandisk, how to choose sandisk, top sandisk, sandisk guide, sandisk for sale, sandisk deals
2026-08-09 02:20:05,136 - INFO - Generated 50 niche-clue pairs for 'sandisk'.
2026-08-09 02:20:05,140 - INFO - Expanded 50 seed keywords to 218 variations
2026-08-09 02:20:05,140 - INFO - 🔧 Request Handler initialized - Success rate: 100.0%
2026-08-09 02:24:28,179 - INFO - Original clue keywords: chip performance, smartphone camera
2026-08-09 02:24:28,179 - INFO - Niche-focused seeds: chip performance sandisk, sandisk chip performance, chip performance cheap, cheap chip performance, chip performance best, best chip performance, chip performance latest, latest chip performance, chip performance review, review chip performance, chip performance price, price chip performance, chip performance sell, sell chip performance, chip performance buy, buy chip performance, chip performance recommendation, recommendation chip performance, chip performance tips, tips chip performance, chip performance tutorial, tutorial chip performance, chip performance guide, guide chip performance, chip performance how to, how to chip performance, chip performance vs, vs chip performance, chip performance versus, versus chip performance, chip performance compared to, compared to chip performance, chip performance comparison, comparison chip performance, chip performance alternatives, alternatives chip performance, chip performance which is better, which is better chip performance, chip performance expensive, expensive chip performance, chip performance discount, discount chip performance, chip performance deals, deals chip performance, chip performance sale, sale chip performance, chip performance affordable, affordable chip performance, chip performance cost, cost chip performance, chip performance online, online chip performance, chip performance offline, offline chip performance, chip performance marketplace, marketplace chip performance, chip performance store, store chip performance, chip performance shop, shop chip performance, chip performance retailer, retailer chip performance, chip performance where to buy, where to buy chip performance, chip performance worst, worst chip performance, chip performance quality, quality chip performance, chip performance original, original chip performance, chip performance genuine, genuine chip performance, chip performance fake, fake chip performance, chip performance replica, replica chip performance, chip performance authentic, authentic chip performance, chip performance brand, brand chip performance, chip performance manufacturer, manufacturer chip performance, chip performance company, company chip performance, chip performance product, product chip performance, chip performance sandisk product, sandisk product chip performance, chip performance sell sandisk, sell sandisk chip performance, chip performance buy sandisk, buy sandisk chip performance, chip performance cheap sandisk, cheap sandisk chip performance, chip performance best sandisk, best sandisk chip performance, chip performance sandisk review, sandisk review chip performance, chip performance where to buy sandisk, where to buy sandisk chip performance, chip performance how to choose sandisk, how to choose sandisk chip performance, chip performance top sandisk, top sandisk chip performance, chip performance sandisk guide, sandisk guide chip performance, chip performance sandisk for sale, sandisk for sale chip performance, chip performance sandisk deals, sandisk deals chip performance, smartphone camera sandisk, sandisk smartphone camera, smartphone camera cheap, cheap smartphone camera, smartphone camera best, best smartphone camera, smartphone camera latest, latest smartphone camera, smartphone camera review, review smartphone camera, smartphone camera price, price smartphone camera, smartphone camera sell, sell smartphone camera, smartphone camera buy, buy smartphone camera, smartphone camera recommendation, recommendation smartphone camera, smartphone camera tips, tips smartphone camera, smartphone camera tutorial, tutorial smartphone camera, smartphone camera guide, guide smartphone camera, smartphone camera how to, how to smartphone camera, smartphone camera vs, vs smartphone camera, smartphone camera versus, versus smartphone camera, smartphone camera compared to, compared to smartphone camera, smartphone camera comparison, comparison smartphone camera, smartphone camera alternatives, alternatives smartphone camera, smartphone camera which is better, which is better smartphone camera, smartphone camera expensive, expensive smartphone camera, smartphone camera discount, discount smartphone camera, smartphone camera deals, deals smartphone camera, smartphone camera sale, sale smartphone camera, smartphone camera affordable, affordable smartphone camera, smartphone camera cost, cost smartphone camera, smartphone camera online, online smartphone camera, smartphone camera offline, offline smartphone camera, smartphone camera marketplace, marketplace smartphone camera, smartphone camera store, store smartphone camera, smartphone camera shop, shop smartphone camera, smartphone camera retailer, retailer smartphone camera, smartphone camera where to buy, where to buy smartphone camera, smartphone camera worst, worst smartphone camera, smartphone camera quality, quality smartphone camera, smartphone camera original, original smartphone camera, smartphone camera genuine, genuine smartphone camera, smartphone camera fake, fake smartphone camera, smartphone camera replica, replica smartphone camera, smartphone camera authentic, authentic smartphone camera, smartphone camera brand, brand smartphone camera, smartphone camera manufacturer, manufacturer smartphone camera, smartphone camera company, company smartphone camera, smartphone camera product, product smartphone camera, smartphone camera sandisk product, sandisk product smartphone camera, smartphone camera sell sandisk, sell sandisk smartphone camera, smartphone camera buy sandisk, buy sandisk smartphone camera, smartphone camera cheap sandisk, cheap sandisk smartphone camera, smartphone camera best sandisk, best sandisk smartphone camera, smartphone camera sandisk review, sandisk review smartphone camera, smartphone camera where to buy sandisk, where to buy sandisk smartphone camera, smartphone camera how to choose sandisk, how to choose sandisk smartphone camera, smartphone camera top sandisk, top sandisk smartphone camera, smartphone camera sandisk guide, sandisk guide smartphone camera, smartphone camera sandisk for sale, sandisk for sale smartphone camera, smartphone camera sandisk deals, sandisk deals smartphone camera
2026-08-09 02:24:28,183 - INFO - Expanded 220 seed keywords to 385 variations
2026-08-09 02:24:28,183 - INFO - Language: en
2026-08-09 02:24:28,183 - INFO - Region: us
2026-08-09 02:26:55,804 - INFO - 🎯 After all filtering for 'sandisk': 120 relevant keywords
2026-08-09 02:26:57,250 - INFO - 🎯 Found 5 new keywords for niche 'sandisk': sandisk affordable chip performance, sandisk affordable smartphone camera, cheap alternatives chip performance, cheap alternatives smartphone camera, best authentic chip performance
2026-08-09 02:26:57,703 - INFO - ✅ Niche 'sandisk' process complete! 803 total keyword results.
2026-08-09 02:26:57,703 - INFO - ✅ Completed processing niche: 'sandisk'
2026-08-09 02:26:57,703 - INFO - 🔧 Request Handler final stats - Success rate: 100.0%
2026-08-09 02:26:57,703 - INFO -    Total requests: 167453, Blocks: 1
2026-08-09 02:26:57,704 - INFO - 
========================================
2026-08-09 02:26:57,704 - INFO - Process Summary:
2026-08-09 02:26:57,705 - INFO - - Current niche: 'sandisk'
2026-08-09 02:26:57,705 - INFO - - Next niche will be: 'intel'
2026-08-09 02:26:57,705 - INFO - - Keywords saved in: languages/english/keywords/sandisk/
2026-08-09 02:26:57,705 - INFO - ========================================
