2026-09-02 13:49:00,996 - INFO - Log file created at: /home/runner/work/potensitech.com/potensitech.com/languages/english/keywords/logs/kw_search_20260902_134900.log
2026-09-02 13:49:00,996 - INFO - ============================================================
2026-09-02 13:49:00,996 - INFO - AUTOMATIC KEYWORD RESEARCH TOOL
2026-09-02 13:49:00,996 - INFO - ============================================================
2026-09-02 13:49:01,366 - INFO - ========================================
2026-09-02 13:49:01,366 - INFO - Found 14 niches to process: xiaomi, iphone, samsung, apple, sony, asus, philips, sandisk, intel, nvidia, amd, canon, nikon, huawei
2026-09-02 13:49:01,366 - INFO - ========================================
2026-09-02 13:49:01,366 - INFO - Continuing from last processed niche: nikon
2026-09-02 13:49:01,366 - INFO - ========================================
2026-09-02 13:49:01,366 - INFO - 🎯 PROCESSING NICHE 14/14: 'huawei'
2026-09-02 13:49:01,367 - INFO - ========================================
2026-09-02 13:49:01,367 - INFO - 📁 Niche directory: /home/runner/work/potensitech.com/potensitech.com/languages/english/keywords/huawei
2026-09-02 13:49:01,367 - INFO - Selected region: us
2026-09-02 13:49:01,367 - INFO - Selected language: en
2026-09-02 13:49:01,367 - INFO - 🎯 Current niche: huawei
2026-09-02 13:49:12,412 - INFO - 🎯 Niche terms for filtering: huawei, cheap, best, latest, review, price, sell, buy, recommendation, tips, tutorial, guide, how to, vs, versus, compared to, comparison, alternatives, which is better, expensive, discount, deals, sale, affordable, cost, online, offline, marketplace, store, shop, retailer, where to buy, worst, quality, original, genuine, fake, replica, authentic, brand, manufacturer, company, product, huawei product, sell huawei, buy huawei, cheap huawei, best huawei, huawei review, where to buy huawei, how to choose huawei, top huawei, huawei guide, huawei for sale, huawei deals
2026-09-02 13:49:12,412 - INFO - Generated 50 niche-clue pairs for 'huawei'.
2026-09-02 13:49:12,415 - INFO - Expanded 50 seed keywords to 218 variations
2026-09-02 13:49:12,416 - INFO - 🔧 Request Handler initialized - Success rate: 100.0%
2026-09-02 13:53:38,910 - INFO - Original clue keywords: electric-shaver, gaming
2026-09-02 13:53:38,910 - INFO - Niche-focused seeds: electric-shaver huawei, huawei electric-shaver, electric-shaver cheap, cheap electric-shaver, electric-shaver best, best electric-shaver, electric-shaver latest, latest electric-shaver, electric-shaver review, review electric-shaver, electric-shaver price, price electric-shaver, electric-shaver sell, sell electric-shaver, electric-shaver buy, buy electric-shaver, electric-shaver recommendation, recommendation electric-shaver, electric-shaver tips, tips electric-shaver, electric-shaver tutorial, tutorial electric-shaver, electric-shaver guide, guide electric-shaver, electric-shaver how to, how to electric-shaver, electric-shaver vs, vs electric-shaver, electric-shaver versus, versus electric-shaver, electric-shaver compared to, compared to electric-shaver, electric-shaver comparison, comparison electric-shaver, electric-shaver alternatives, alternatives electric-shaver, electric-shaver which is better, which is better electric-shaver, electric-shaver expensive, expensive electric-shaver, electric-shaver discount, discount electric-shaver, electric-shaver deals, deals electric-shaver, electric-shaver sale, sale electric-shaver, electric-shaver affordable, affordable electric-shaver, electric-shaver cost, cost electric-shaver, electric-shaver online, online electric-shaver, electric-shaver offline, offline electric-shaver, electric-shaver marketplace, marketplace electric-shaver, electric-shaver store, store electric-shaver, electric-shaver shop, shop electric-shaver, electric-shaver retailer, retailer electric-shaver, electric-shaver where to buy, where to buy electric-shaver, electric-shaver worst, worst electric-shaver, electric-shaver quality, quality electric-shaver, electric-shaver original, original electric-shaver, electric-shaver genuine, genuine electric-shaver, electric-shaver fake, fake electric-shaver, electric-shaver replica, replica electric-shaver, electric-shaver authentic, authentic electric-shaver, electric-shaver brand, brand electric-shaver, electric-shaver manufacturer, manufacturer electric-shaver, electric-shaver company, company electric-shaver, electric-shaver product, product electric-shaver, electric-shaver huawei product, huawei product electric-shaver, electric-shaver sell huawei, sell huawei electric-shaver, electric-shaver buy huawei, buy huawei electric-shaver, electric-shaver cheap huawei, cheap huawei electric-shaver, electric-shaver best huawei, best huawei electric-shaver, electric-shaver huawei review, huawei review electric-shaver, electric-shaver where to buy huawei, where to buy huawei electric-shaver, electric-shaver how to choose huawei, how to choose huawei electric-shaver, electric-shaver top huawei, top huawei electric-shaver, electric-shaver huawei guide, huawei guide electric-shaver, electric-shaver huawei for sale, huawei for sale electric-shaver, electric-shaver huawei deals, huawei deals electric-shaver, gaming huawei, huawei gaming, gaming cheap, cheap gaming, gaming best, best gaming, gaming latest, latest gaming, gaming review, review gaming, gaming price, price gaming, gaming sell, sell gaming, gaming buy, buy gaming, gaming recommendation, recommendation gaming, gaming tips, tips gaming, gaming tutorial, tutorial gaming, gaming guide, guide gaming, gaming how to, how to gaming, gaming vs, vs gaming, gaming versus, versus gaming, gaming compared to, compared to gaming, gaming comparison, comparison gaming, gaming alternatives, alternatives gaming, gaming which is better, which is better gaming, gaming expensive, expensive gaming, gaming discount, discount gaming, gaming deals, deals gaming, gaming sale, sale gaming, gaming affordable, affordable gaming, gaming cost, cost gaming, gaming online, online gaming, gaming offline, offline gaming, gaming marketplace, marketplace gaming, gaming store, store gaming, gaming shop, shop gaming, gaming retailer, retailer gaming, gaming where to buy, where to buy gaming, gaming worst, worst gaming, gaming quality, quality gaming, gaming original, original gaming, gaming genuine, genuine gaming, gaming fake, fake gaming, gaming replica, replica gaming, gaming authentic, authentic gaming, gaming brand, brand gaming, gaming manufacturer, manufacturer gaming, gaming company, company gaming, gaming product, product gaming, gaming huawei product, huawei product gaming, gaming sell huawei, sell huawei gaming, gaming buy huawei, buy huawei gaming, gaming cheap huawei, cheap huawei gaming, gaming best huawei, best huawei gaming, gaming huawei review, huawei review gaming, gaming where to buy huawei, where to buy huawei gaming, gaming how to choose huawei, how to choose huawei gaming, gaming top huawei, top huawei gaming, gaming huawei guide, huawei guide gaming, gaming huawei for sale, huawei for sale gaming, gaming huawei deals, huawei deals gaming
2026-09-02 13:53:38,913 - INFO - Expanded 220 seed keywords to 385 variations
2026-09-02 13:53:38,913 - INFO - Language: en
2026-09-02 13:53:38,913 - INFO - Region: us
2026-09-02 13:58:12,090 - INFO - 🎯 After all filtering for 'huawei': 120 relevant keywords
2026-09-02 13:58:12,395 - INFO - 🎯 Found 5 new keywords for niche 'huawei': huawei affordable electric-shaver, cheap affordable electric-shaver, best affordable electric-shaver, huawei affordable gaming, cheap affordable gaming
2026-09-02 13:58:28,883 - INFO - ✅ Niche 'huawei' process complete! 660 total keyword results.
2026-09-02 13:58:28,883 - INFO - ✅ Completed processing niche: 'huawei'
2026-09-02 13:58:28,883 - INFO - 🔧 Request Handler final stats - Success rate: 100.0%
2026-09-02 13:58:28,883 - INFO -    Total requests: 186466, Blocks: 1
2026-09-02 13:58:28,884 - INFO - 
========================================
2026-09-02 13:58:28,885 - INFO - Process Summary:
2026-09-02 13:58:28,885 - INFO - - Current niche: 'huawei'
2026-09-02 13:58:28,885 - INFO - - Next niche will be: 'xiaomi'
2026-09-02 13:58:28,885 - INFO - - Keywords saved in: languages/english/keywords/huawei/
2026-09-02 13:58:28,886 - INFO - ========================================
