2026-09-03 21:41:56,143 - INFO - Log file created at: /home/runner/work/potensitech.com/potensitech.com/languages/english/keywords/logs/kw_search_20260903_214156.log
2026-09-03 21:41:56,143 - INFO - ============================================================
2026-09-03 21:41:56,143 - INFO - AUTOMATIC KEYWORD RESEARCH TOOL
2026-09-03 21:41:56,143 - INFO - ============================================================
2026-09-03 21:41:56,505 - INFO - ========================================
2026-09-03 21:41:56,505 - INFO - Found 14 niches to process: xiaomi, iphone, samsung, apple, sony, asus, philips, sandisk, intel, nvidia, amd, canon, nikon, huawei
2026-09-03 21:41:56,505 - INFO - ========================================
2026-09-03 21:41:56,505 - INFO - Continuing from last processed niche: nikon
2026-09-03 21:41:56,505 - INFO - ========================================
2026-09-03 21:41:56,505 - INFO - 🎯 PROCESSING NICHE 14/14: 'huawei'
2026-09-03 21:41:56,506 - INFO - ========================================
2026-09-03 21:41:56,506 - INFO - 📁 Niche directory: /home/runner/work/potensitech.com/potensitech.com/languages/english/keywords/huawei
2026-09-03 21:41:56,506 - INFO - Selected region: us
2026-09-03 21:41:56,506 - INFO - Selected language: en
2026-09-03 21:41:56,506 - INFO - 🎯 Current niche: huawei
2026-09-03 21:42:07,658 - INFO - 🎯 Niche terms for filtering: huawei, cheap, best, latest, review, price, sell, buy, recommendation, tips, tutorial, guide, how to, vs, versus, compared to, comparison, alternatives, which is better, expensive, discount, deals, sale, affordable, cost, online, offline, marketplace, store, shop, retailer, where to buy, worst, quality, original, genuine, fake, replica, authentic, brand, manufacturer, company, product, huawei product, sell huawei, buy huawei, cheap huawei, best huawei, huawei review, where to buy huawei, how to choose huawei, top huawei, huawei guide, huawei for sale, huawei deals
2026-09-03 21:42:07,658 - INFO - Generated 50 niche-clue pairs for 'huawei'.
2026-09-03 21:42:07,662 - INFO - Expanded 50 seed keywords to 218 variations
2026-09-03 21:42:07,662 - INFO - 🔧 Request Handler initialized - Success rate: 100.0%
2026-09-03 21:46:27,376 - INFO - Original clue keywords: laptop, performance
2026-09-03 21:46:27,376 - INFO - Niche-focused seeds: laptop huawei, huawei laptop, laptop cheap, cheap laptop, laptop best, best laptop, laptop latest, latest laptop, laptop review, review laptop, laptop price, price laptop, laptop sell, sell laptop, laptop buy, buy laptop, laptop recommendation, recommendation laptop, laptop tips, tips laptop, laptop tutorial, tutorial laptop, laptop guide, guide laptop, laptop how to, how to laptop, laptop vs, vs laptop, laptop versus, versus laptop, laptop compared to, compared to laptop, laptop comparison, comparison laptop, laptop alternatives, alternatives laptop, laptop which is better, which is better laptop, laptop expensive, expensive laptop, laptop discount, discount laptop, laptop deals, deals laptop, laptop sale, sale laptop, laptop affordable, affordable laptop, laptop cost, cost laptop, laptop online, online laptop, laptop offline, offline laptop, laptop marketplace, marketplace laptop, laptop store, store laptop, laptop shop, shop laptop, laptop retailer, retailer laptop, laptop where to buy, where to buy laptop, laptop worst, worst laptop, laptop quality, quality laptop, laptop original, original laptop, laptop genuine, genuine laptop, laptop fake, fake laptop, laptop replica, replica laptop, laptop authentic, authentic laptop, laptop brand, brand laptop, laptop manufacturer, manufacturer laptop, laptop company, company laptop, laptop product, product laptop, laptop huawei product, huawei product laptop, laptop sell huawei, sell huawei laptop, laptop buy huawei, buy huawei laptop, laptop cheap huawei, cheap huawei laptop, laptop best huawei, best huawei laptop, laptop huawei review, huawei review laptop, laptop where to buy huawei, where to buy huawei laptop, laptop how to choose huawei, how to choose huawei laptop, laptop top huawei, top huawei laptop, laptop huawei guide, huawei guide laptop, laptop huawei for sale, huawei for sale laptop, laptop huawei deals, huawei deals laptop, performance huawei, huawei performance, performance cheap, cheap performance, performance best, best performance, performance latest, latest performance, performance review, review performance, performance price, price performance, performance sell, sell performance, performance buy, buy performance, performance recommendation, recommendation performance, performance tips, tips performance, performance tutorial, tutorial performance, performance guide, guide performance, performance how to, how to performance, performance vs, vs performance, performance versus, versus performance, performance compared to, compared to performance, performance comparison, comparison performance, performance alternatives, alternatives performance, performance which is better, which is better performance, performance expensive, expensive performance, performance discount, discount performance, performance deals, deals performance, performance sale, sale performance, performance affordable, affordable performance, performance cost, cost performance, performance online, online performance, performance offline, offline performance, performance marketplace, marketplace performance, performance store, store performance, performance shop, shop performance, performance retailer, retailer performance, performance where to buy, where to buy performance, performance worst, worst performance, performance quality, quality performance, performance original, original performance, performance genuine, genuine performance, performance fake, fake performance, performance replica, replica performance, performance authentic, authentic performance, performance brand, brand performance, performance manufacturer, manufacturer performance, performance company, company performance, performance product, product performance, performance huawei product, huawei product performance, performance sell huawei, sell huawei performance, performance buy huawei, buy huawei performance, performance cheap huawei, cheap huawei performance, performance best huawei, best huawei performance, performance huawei review, huawei review performance, performance where to buy huawei, where to buy huawei performance, performance how to choose huawei, how to choose huawei performance, performance top huawei, top huawei performance, performance huawei guide, huawei guide performance, performance huawei for sale, huawei for sale performance, performance huawei deals, huawei deals performance
2026-09-03 21:46:27,379 - INFO - Expanded 220 seed keywords to 385 variations
2026-09-03 21:46:27,379 - INFO - Language: en
2026-09-03 21:46:27,379 - INFO - Region: us
2026-09-03 21:50:54,773 - INFO - 🎯 After all filtering for 'huawei': 120 relevant keywords
2026-09-03 21:50:55,073 - INFO - 🎯 Found 5 new keywords for niche 'huawei': huawei affordable laptop, cheap affordable laptop, best affordable laptop, huawei affordable performance, affordable performance cheap
2026-09-03 21:51:11,497 - INFO - ✅ Niche 'huawei' process complete! 662 total keyword results.
2026-09-03 21:51:11,498 - INFO - ✅ Completed processing niche: 'huawei'
2026-09-03 21:51:11,498 - INFO - 🔧 Request Handler final stats - Success rate: 100.0%
2026-09-03 21:51:11,498 - INFO -    Total requests: 187641, Blocks: 1
2026-09-03 21:51:11,499 - INFO - 
========================================
2026-09-03 21:51:11,499 - INFO - Process Summary:
2026-09-03 21:51:11,499 - INFO - - Current niche: 'huawei'
2026-09-03 21:51:11,499 - INFO - - Next niche will be: 'xiaomi'
2026-09-03 21:51:11,499 - INFO - - Keywords saved in: languages/english/keywords/huawei/
2026-09-03 21:51:11,500 - INFO - ========================================
