2026-08-19 03:15:47,680 - INFO - Log file created at: /home/runner/work/potensitech.com/potensitech.com/languages/english/keywords/logs/kw_search_20260819_031547.log
2026-08-19 03:15:47,681 - INFO - ============================================================
2026-08-19 03:15:47,681 - INFO - AUTOMATIC KEYWORD RESEARCH TOOL
2026-08-19 03:15:47,681 - INFO - ============================================================
2026-08-19 03:15:48,001 - INFO - ========================================
2026-08-19 03:15:48,001 - INFO - Found 14 niches to process: xiaomi, iphone, samsung, apple, sony, asus, philips, sandisk, intel, nvidia, amd, canon, nikon, huawei
2026-08-19 03:15:48,001 - INFO - ========================================
2026-08-19 03:15:48,001 - INFO - Continuing from last processed niche: nvidia
2026-08-19 03:15:48,001 - INFO - ========================================
2026-08-19 03:15:48,001 - INFO - 🎯 PROCESSING NICHE 11/14: 'amd'
2026-08-19 03:15:48,001 - INFO - ========================================
2026-08-19 03:15:48,001 - INFO - 📁 Niche directory: /home/runner/work/potensitech.com/potensitech.com/languages/english/keywords/amd
2026-08-19 03:15:48,002 - INFO - Selected region: us
2026-08-19 03:15:48,002 - INFO - Selected language: en
2026-08-19 03:15:48,002 - INFO - 🎯 Current niche: amd
2026-08-19 03:15:48,689 - INFO - 🎯 Niche terms for filtering: amd, cheap, best, latest, review, price, sell, buy, recommendation, tips, tutorial, guide, how to, vs, versus, compared to, comparison, alternatives, which is better, expensive, discount, deals, sale, affordable, cost, online, offline, marketplace, store, shop, retailer, where to buy, worst, quality, original, genuine, fake, replica, authentic, brand, manufacturer, company, product, amd product, sell amd, buy amd, cheap amd, best amd, amd review, where to buy amd, how to choose amd, top amd, amd guide, amd for sale, amd deals
2026-08-19 03:15:48,689 - INFO - Generated 50 niche-clue pairs for 'amd'.
2026-08-19 03:15:48,692 - INFO - Expanded 50 seed keywords to 218 variations
2026-08-19 03:15:48,697 - INFO - 🔧 Request Handler initialized - Success rate: 100.0%
2026-08-19 03:20:11,298 - INFO - Original clue keywords: flagship phone, amoled display
2026-08-19 03:20:11,298 - INFO - Niche-focused seeds: flagship phone amd, amd flagship phone, flagship phone cheap, cheap flagship phone, flagship phone best, best flagship phone, flagship phone latest, latest flagship phone, flagship phone review, review flagship phone, flagship phone price, price flagship phone, flagship phone sell, sell flagship phone, flagship phone buy, buy flagship phone, flagship phone recommendation, recommendation flagship phone, flagship phone tips, tips flagship phone, flagship phone tutorial, tutorial flagship phone, flagship phone guide, guide flagship phone, flagship phone how to, how to flagship phone, flagship phone vs, vs flagship phone, flagship phone versus, versus flagship phone, flagship phone compared to, compared to flagship phone, flagship phone comparison, comparison flagship phone, flagship phone alternatives, alternatives flagship phone, flagship phone which is better, which is better flagship phone, flagship phone expensive, expensive flagship phone, flagship phone discount, discount flagship phone, flagship phone deals, deals flagship phone, flagship phone sale, sale flagship phone, flagship phone affordable, affordable flagship phone, flagship phone cost, cost flagship phone, flagship phone online, online flagship phone, flagship phone offline, offline flagship phone, flagship phone marketplace, marketplace flagship phone, flagship phone store, store flagship phone, flagship phone shop, shop flagship phone, flagship phone retailer, retailer flagship phone, flagship phone where to buy, where to buy flagship phone, flagship phone worst, worst flagship phone, flagship phone quality, quality flagship phone, flagship phone original, original flagship phone, flagship phone genuine, genuine flagship phone, flagship phone fake, fake flagship phone, flagship phone replica, replica flagship phone, flagship phone authentic, authentic flagship phone, flagship phone brand, brand flagship phone, flagship phone manufacturer, manufacturer flagship phone, flagship phone company, company flagship phone, flagship phone product, product flagship phone, flagship phone amd product, amd product flagship phone, flagship phone sell amd, sell amd flagship phone, flagship phone buy amd, buy amd flagship phone, flagship phone cheap amd, cheap amd flagship phone, flagship phone best amd, best amd flagship phone, flagship phone amd review, amd review flagship phone, flagship phone where to buy amd, where to buy amd flagship phone, flagship phone how to choose amd, how to choose amd flagship phone, flagship phone top amd, top amd flagship phone, flagship phone amd guide, amd guide flagship phone, flagship phone amd for sale, amd for sale flagship phone, flagship phone amd deals, amd deals flagship phone, amoled display amd, amd amoled display, amoled display cheap, cheap amoled display, amoled display best, best amoled display, amoled display latest, latest amoled display, amoled display review, review amoled display, amoled display price, price amoled display, amoled display sell, sell amoled display, amoled display buy, buy amoled display, amoled display recommendation, recommendation amoled display, amoled display tips, tips amoled display, amoled display tutorial, tutorial amoled display, amoled display guide, guide amoled display, amoled display how to, how to amoled display, amoled display vs, vs amoled display, amoled display versus, versus amoled display, amoled display compared to, compared to amoled display, amoled display comparison, comparison amoled display, amoled display alternatives, alternatives amoled display, amoled display which is better, which is better amoled display, amoled display expensive, expensive amoled display, amoled display discount, discount amoled display, amoled display deals, deals amoled display, amoled display sale, sale amoled display, amoled display affordable, affordable amoled display, amoled display cost, cost amoled display, amoled display online, online amoled display, amoled display offline, offline amoled display, amoled display marketplace, marketplace amoled display, amoled display store, store amoled display, amoled display shop, shop amoled display, amoled display retailer, retailer amoled display, amoled display where to buy, where to buy amoled display, amoled display worst, worst amoled display, amoled display quality, quality amoled display, amoled display original, original amoled display, amoled display genuine, genuine amoled display, amoled display fake, fake amoled display, amoled display replica, replica amoled display, amoled display authentic, authentic amoled display, amoled display brand, brand amoled display, amoled display manufacturer, manufacturer amoled display, amoled display company, company amoled display, amoled display product, product amoled display, amoled display amd product, amd product amoled display, amoled display sell amd, sell amd amoled display, amoled display buy amd, buy amd amoled display, amoled display cheap amd, cheap amd amoled display, amoled display best amd, best amd amoled display, amoled display amd review, amd review amoled display, amoled display where to buy amd, where to buy amd amoled display, amoled display how to choose amd, how to choose amd amoled display, amoled display top amd, top amd amoled display, amoled display amd guide, amd guide amoled display, amoled display amd for sale, amd for sale amoled display, amoled display amd deals, amd deals amoled display
2026-08-19 03:20:11,301 - INFO - Expanded 220 seed keywords to 385 variations
2026-08-19 03:20:11,302 - INFO - Language: en
2026-08-19 03:20:11,302 - INFO - Region: us
2026-08-19 03:23:47,491 - INFO - 🎯 After all filtering for 'amd': 118 relevant keywords
2026-08-19 03:23:50,133 - INFO - 🎯 Found 5 new keywords for niche 'amd': amd affordable amoled display, amd affordable flagship phone, cheap alternatives amoled display, best amoled display authentic, how to amoled display brand
2026-08-19 03:23:50,552 - INFO - ✅ Niche 'amd' process complete! 761 total keyword results.
2026-08-19 03:23:50,552 - INFO - ✅ Completed processing niche: 'amd'
2026-08-19 03:23:50,552 - INFO - 🔧 Request Handler final stats - Success rate: 100.0%
2026-08-19 03:23:50,552 - INFO -    Total requests: 175264, Blocks: 1
2026-08-19 03:23:50,554 - INFO - 
========================================
2026-08-19 03:23:50,554 - INFO - Process Summary:
2026-08-19 03:23:50,554 - INFO - - Current niche: 'amd'
2026-08-19 03:23:50,554 - INFO - - Next niche will be: 'canon'
2026-08-19 03:23:50,554 - INFO - - Keywords saved in: languages/english/keywords/amd/
2026-08-19 03:23:50,554 - INFO - ========================================
