2026-10-02 21:00:20,338 - INFO - Log file created at: /home/runner/work/potensitech.com/potensitech.com/languages/english/keywords/logs/kw_search_20261002_210020.log
2026-10-02 21:00:20,339 - INFO - ============================================================
2026-10-02 21:00:20,339 - INFO - AUTOMATIC KEYWORD RESEARCH TOOL
2026-10-02 21:00:20,339 - INFO - ============================================================
2026-10-02 21:00:21,027 - INFO - ========================================
2026-10-02 21:00:21,027 - INFO - Found 14 niches to process: xiaomi, iphone, samsung, apple, sony, asus, philips, sandisk, intel, nvidia, amd, canon, nikon, huawei
2026-10-02 21:00:21,027 - INFO - ========================================
2026-10-02 21:00:21,027 - INFO - Continuing from last processed niche: philips
2026-10-02 21:00:21,027 - INFO - ========================================
2026-10-02 21:00:21,027 - INFO - 🎯 PROCESSING NICHE 8/14: 'sandisk'
2026-10-02 21:00:21,027 - INFO - ========================================
2026-10-02 21:00:21,027 - INFO - 📁 Niche directory: /home/runner/work/potensitech.com/potensitech.com/languages/english/keywords/sandisk
2026-10-02 21:00:21,027 - INFO - Selected region: us
2026-10-02 21:00:21,027 - INFO - Selected language: en
2026-10-02 21:00:21,028 - INFO - 🎯 Current niche: sandisk
2026-10-02 21:00:32,077 - INFO - 🎯 Niche terms for filtering: sandisk, cheap, best, latest, review, price, sell, buy, recommendation, tips, tutorial, guide, how to, vs, versus, compared to, comparison, alternatives, which is better, expensive, discount, deals, sale, affordable, cost, online, offline, marketplace, store, shop, retailer, where to buy, worst, quality, original, genuine, fake, replica, authentic, brand, manufacturer, company, product, sandisk product, sell sandisk, buy sandisk, cheap sandisk, best sandisk, sandisk review, where to buy sandisk, how to choose sandisk, top sandisk, sandisk guide, sandisk for sale, sandisk deals
2026-10-02 21:00:32,078 - INFO - Generated 50 niche-clue pairs for 'sandisk'.
2026-10-02 21:00:32,080 - INFO - Expanded 50 seed keywords to 218 variations
2026-10-02 21:00:32,080 - INFO - 🔧 Request Handler initialized - Success rate: 100.0%
2026-10-02 21:04:52,901 - INFO - Original clue keywords: core count, thermal performance
2026-10-02 21:04:52,901 - INFO - Niche-focused seeds: core count sandisk, sandisk core count, core count cheap, cheap core count, core count best, best core count, core count latest, latest core count, core count review, review core count, core count price, price core count, core count sell, sell core count, core count buy, buy core count, core count recommendation, recommendation core count, core count tips, tips core count, core count tutorial, tutorial core count, core count guide, guide core count, core count how to, how to core count, core count vs, vs core count, core count versus, versus core count, core count compared to, compared to core count, core count comparison, comparison core count, core count alternatives, alternatives core count, core count which is better, which is better core count, core count expensive, expensive core count, core count discount, discount core count, core count deals, deals core count, core count sale, sale core count, core count affordable, affordable core count, core count cost, cost core count, core count online, online core count, core count offline, offline core count, core count marketplace, marketplace core count, core count store, store core count, core count shop, shop core count, core count retailer, retailer core count, core count where to buy, where to buy core count, core count worst, worst core count, core count quality, quality core count, core count original, original core count, core count genuine, genuine core count, core count fake, fake core count, core count replica, replica core count, core count authentic, authentic core count, core count brand, brand core count, core count manufacturer, manufacturer core count, core count company, company core count, core count product, product core count, core count sandisk product, sandisk product core count, core count sell sandisk, sell sandisk core count, core count buy sandisk, buy sandisk core count, core count cheap sandisk, cheap sandisk core count, core count best sandisk, best sandisk core count, core count sandisk review, sandisk review core count, core count where to buy sandisk, where to buy sandisk core count, core count how to choose sandisk, how to choose sandisk core count, core count top sandisk, top sandisk core count, core count sandisk guide, sandisk guide core count, core count sandisk for sale, sandisk for sale core count, core count sandisk deals, sandisk deals core count, thermal performance sandisk, sandisk thermal performance, thermal performance cheap, cheap thermal performance, thermal performance best, best thermal performance, thermal performance latest, latest thermal performance, thermal performance review, review thermal performance, thermal performance price, price thermal performance, thermal performance sell, sell thermal performance, thermal performance buy, buy thermal performance, thermal performance recommendation, recommendation thermal performance, thermal performance tips, tips thermal performance, thermal performance tutorial, tutorial thermal performance, thermal performance guide, guide thermal performance, thermal performance how to, how to thermal performance, thermal performance vs, vs thermal performance, thermal performance versus, versus thermal performance, thermal performance compared to, compared to thermal performance, thermal performance comparison, comparison thermal performance, thermal performance alternatives, alternatives thermal performance, thermal performance which is better, which is better thermal performance, thermal performance expensive, expensive thermal performance, thermal performance discount, discount thermal performance, thermal performance deals, deals thermal performance, thermal performance sale, sale thermal performance, thermal performance affordable, affordable thermal performance, thermal performance cost, cost thermal performance, thermal performance online, online thermal performance, thermal performance offline, offline thermal performance, thermal performance marketplace, marketplace thermal performance, thermal performance store, store thermal performance, thermal performance shop, shop thermal performance, thermal performance retailer, retailer thermal performance, thermal performance where to buy, where to buy thermal performance, thermal performance worst, worst thermal performance, thermal performance quality, quality thermal performance, thermal performance original, original thermal performance, thermal performance genuine, genuine thermal performance, thermal performance fake, fake thermal performance, thermal performance replica, replica thermal performance, thermal performance authentic, authentic thermal performance, thermal performance brand, brand thermal performance, thermal performance manufacturer, manufacturer thermal performance, thermal performance company, company thermal performance, thermal performance product, product thermal performance, thermal performance sandisk product, sandisk product thermal performance, thermal performance sell sandisk, sell sandisk thermal performance, thermal performance buy sandisk, buy sandisk thermal performance, thermal performance cheap sandisk, cheap sandisk thermal performance, thermal performance best sandisk, best sandisk thermal performance, thermal performance sandisk review, sandisk review thermal performance, thermal performance where to buy sandisk, where to buy sandisk thermal performance, thermal performance how to choose sandisk, how to choose sandisk thermal performance, thermal performance top sandisk, top sandisk thermal performance, thermal performance sandisk guide, sandisk guide thermal performance, thermal performance sandisk for sale, sandisk for sale thermal performance, thermal performance sandisk deals, sandisk deals thermal performance
2026-10-02 21:04:52,903 - INFO - Expanded 220 seed keywords to 385 variations
2026-10-02 21:04:52,903 - INFO - Language: en
2026-10-02 21:04:52,903 - INFO - Region: us
2026-10-02 21:09:24,480 - INFO - 🎯 After all filtering for 'sandisk': 120 relevant keywords
2026-10-02 21:09:25,766 - INFO - 🎯 Found 5 new keywords for niche 'sandisk': sandisk affordable core count, sandisk affordable thermal performance, cheap alternatives core count, cheap alternatives thermal performance, best authentic core count
2026-10-02 21:09:42,177 - INFO - ✅ Niche 'sandisk' process complete! 875 total keyword results.
2026-10-02 21:09:42,179 - INFO - ✅ Completed processing niche: 'sandisk'
2026-10-02 21:09:42,179 - INFO - 🔧 Request Handler final stats - Success rate: 100.0%
2026-10-02 21:09:42,179 - INFO -    Total requests: 212462, Blocks: 1
2026-10-02 21:09:42,180 - INFO - 
========================================
2026-10-02 21:09:42,180 - INFO - Process Summary:
2026-10-02 21:09:42,180 - INFO - - Current niche: 'sandisk'
2026-10-02 21:09:42,180 - INFO - - Next niche will be: 'intel'
2026-10-02 21:09:42,180 - INFO - - Keywords saved in: languages/english/keywords/sandisk/
2026-10-02 21:09:42,181 - INFO - ========================================
