2026-08-28 23:34:47,971 - INFO - Log file created at: /home/runner/work/potensitech.com/potensitech.com/languages/english/keywords/logs/kw_search_20260828_233447.log
2026-08-28 23:34:47,971 - INFO - ============================================================
2026-08-28 23:34:47,971 - INFO - AUTOMATIC KEYWORD RESEARCH TOOL
2026-08-28 23:34:47,971 - INFO - ============================================================
2026-08-28 23:34:48,230 - INFO - ========================================
2026-08-28 23:34:48,230 - INFO - Found 14 niches to process: xiaomi, iphone, samsung, apple, sony, asus, philips, sandisk, intel, nvidia, amd, canon, nikon, huawei
2026-08-28 23:34:48,230 - INFO - ========================================
2026-08-28 23:34:48,230 - INFO - Continuing from last processed niche: philips
2026-08-28 23:34:48,230 - INFO - ========================================
2026-08-28 23:34:48,230 - INFO - 🎯 PROCESSING NICHE 8/14: 'sandisk'
2026-08-28 23:34:48,230 - INFO - ========================================
2026-08-28 23:34:48,230 - INFO - 📁 Niche directory: /home/runner/work/potensitech.com/potensitech.com/languages/english/keywords/sandisk
2026-08-28 23:34:48,230 - INFO - Selected region: us
2026-08-28 23:34:48,231 - INFO - Selected language: en
2026-08-28 23:34:48,231 - INFO - 🎯 Current niche: sandisk
2026-08-28 23:34:59,607 - INFO - 🎯 Niche terms for filtering: sandisk, cheap, best, latest, review, price, sell, buy, recommendation, tips, tutorial, guide, how to, vs, versus, compared to, comparison, alternatives, which is better, expensive, discount, deals, sale, affordable, cost, online, offline, marketplace, store, shop, retailer, where to buy, worst, quality, original, genuine, fake, replica, authentic, brand, manufacturer, company, product, sandisk product, sell sandisk, buy sandisk, cheap sandisk, best sandisk, sandisk review, where to buy sandisk, how to choose sandisk, top sandisk, sandisk guide, sandisk for sale, sandisk deals
2026-08-28 23:34:59,608 - INFO - Generated 50 niche-clue pairs for 'sandisk'.
2026-08-28 23:34:59,610 - INFO - Expanded 50 seed keywords to 218 variations
2026-08-28 23:34:59,610 - INFO - 🔧 Request Handler initialized - Success rate: 100.0%
2026-08-28 23:39:23,844 - INFO - Original clue keywords: wireless charging, screen resolution
2026-08-28 23:39:23,844 - INFO - Niche-focused seeds: wireless charging sandisk, sandisk wireless charging, wireless charging cheap, cheap wireless charging, wireless charging best, best wireless charging, wireless charging latest, latest wireless charging, wireless charging review, review wireless charging, wireless charging price, price wireless charging, wireless charging sell, sell wireless charging, wireless charging buy, buy wireless charging, wireless charging recommendation, recommendation wireless charging, wireless charging tips, tips wireless charging, wireless charging tutorial, tutorial wireless charging, wireless charging guide, guide wireless charging, wireless charging how to, how to wireless charging, wireless charging vs, vs wireless charging, wireless charging versus, versus wireless charging, wireless charging compared to, compared to wireless charging, wireless charging comparison, comparison wireless charging, wireless charging alternatives, alternatives wireless charging, wireless charging which is better, which is better wireless charging, wireless charging expensive, expensive wireless charging, wireless charging discount, discount wireless charging, wireless charging deals, deals wireless charging, wireless charging sale, sale wireless charging, wireless charging affordable, affordable wireless charging, wireless charging cost, cost wireless charging, wireless charging online, online wireless charging, wireless charging offline, offline wireless charging, wireless charging marketplace, marketplace wireless charging, wireless charging store, store wireless charging, wireless charging shop, shop wireless charging, wireless charging retailer, retailer wireless charging, wireless charging where to buy, where to buy wireless charging, wireless charging worst, worst wireless charging, wireless charging quality, quality wireless charging, wireless charging original, original wireless charging, wireless charging genuine, genuine wireless charging, wireless charging fake, fake wireless charging, wireless charging replica, replica wireless charging, wireless charging authentic, authentic wireless charging, wireless charging brand, brand wireless charging, wireless charging manufacturer, manufacturer wireless charging, wireless charging company, company wireless charging, wireless charging product, product wireless charging, wireless charging sandisk product, sandisk product wireless charging, wireless charging sell sandisk, sell sandisk wireless charging, wireless charging buy sandisk, buy sandisk wireless charging, wireless charging cheap sandisk, cheap sandisk wireless charging, wireless charging best sandisk, best sandisk wireless charging, wireless charging sandisk review, sandisk review wireless charging, wireless charging where to buy sandisk, where to buy sandisk wireless charging, wireless charging how to choose sandisk, how to choose sandisk wireless charging, wireless charging top sandisk, top sandisk wireless charging, wireless charging sandisk guide, sandisk guide wireless charging, wireless charging sandisk for sale, sandisk for sale wireless charging, wireless charging sandisk deals, sandisk deals wireless charging, screen resolution sandisk, sandisk screen resolution, screen resolution cheap, cheap screen resolution, screen resolution best, best screen resolution, screen resolution latest, latest screen resolution, screen resolution review, review screen resolution, screen resolution price, price screen resolution, screen resolution sell, sell screen resolution, screen resolution buy, buy screen resolution, screen resolution recommendation, recommendation screen resolution, screen resolution tips, tips screen resolution, screen resolution tutorial, tutorial screen resolution, screen resolution guide, guide screen resolution, screen resolution how to, how to screen resolution, screen resolution vs, vs screen resolution, screen resolution versus, versus screen resolution, screen resolution compared to, compared to screen resolution, screen resolution comparison, comparison screen resolution, screen resolution alternatives, alternatives screen resolution, screen resolution which is better, which is better screen resolution, screen resolution expensive, expensive screen resolution, screen resolution discount, discount screen resolution, screen resolution deals, deals screen resolution, screen resolution sale, sale screen resolution, screen resolution affordable, affordable screen resolution, screen resolution cost, cost screen resolution, screen resolution online, online screen resolution, screen resolution offline, offline screen resolution, screen resolution marketplace, marketplace screen resolution, screen resolution store, store screen resolution, screen resolution shop, shop screen resolution, screen resolution retailer, retailer screen resolution, screen resolution where to buy, where to buy screen resolution, screen resolution worst, worst screen resolution, screen resolution quality, quality screen resolution, screen resolution original, original screen resolution, screen resolution genuine, genuine screen resolution, screen resolution fake, fake screen resolution, screen resolution replica, replica screen resolution, screen resolution authentic, authentic screen resolution, screen resolution brand, brand screen resolution, screen resolution manufacturer, manufacturer screen resolution, screen resolution company, company screen resolution, screen resolution product, product screen resolution, screen resolution sandisk product, sandisk product screen resolution, screen resolution sell sandisk, sell sandisk screen resolution, screen resolution buy sandisk, buy sandisk screen resolution, screen resolution cheap sandisk, cheap sandisk screen resolution, screen resolution best sandisk, best sandisk screen resolution, screen resolution sandisk review, sandisk review screen resolution, screen resolution where to buy sandisk, where to buy sandisk screen resolution, screen resolution how to choose sandisk, how to choose sandisk screen resolution, screen resolution top sandisk, top sandisk screen resolution, screen resolution sandisk guide, sandisk guide screen resolution, screen resolution sandisk for sale, sandisk for sale screen resolution, screen resolution sandisk deals, sandisk deals screen resolution
2026-08-28 23:39:23,846 - INFO - Expanded 220 seed keywords to 385 variations
2026-08-28 23:39:23,846 - INFO - Language: en
2026-08-28 23:39:23,846 - INFO - Region: us
2026-08-28 23:41:49,656 - INFO - 🎯 After all filtering for 'sandisk': 120 relevant keywords
2026-08-28 23:41:51,729 - INFO - 🎯 Found 5 new keywords for niche 'sandisk': sandisk affordable screen resolution, sandisk affordable wireless charging, cheap alternatives screen resolution, best authentic screen resolution, how to brand screen resolution
2026-08-28 23:42:08,301 - INFO - ✅ Niche 'sandisk' process complete! 830 total keyword results.
2026-08-28 23:42:08,302 - INFO - ✅ Completed processing niche: 'sandisk'
2026-08-28 23:42:08,302 - INFO - 🔧 Request Handler final stats - Success rate: 100.0%
2026-08-28 23:42:08,302 - INFO -    Total requests: 182750, Blocks: 1
2026-08-28 23:42:08,303 - INFO - 
========================================
2026-08-28 23:42:08,303 - INFO - Process Summary:
2026-08-28 23:42:08,303 - INFO - - Current niche: 'sandisk'
2026-08-28 23:42:08,303 - INFO - - Next niche will be: 'intel'
2026-08-28 23:42:08,303 - INFO - - Keywords saved in: languages/english/keywords/sandisk/
2026-08-28 23:42:08,303 - INFO - ========================================
