2026-09-19 13:20:11,053 - INFO - Log file created at: /home/runner/work/potensitech.com/potensitech.com/languages/english/keywords/logs/kw_search_20260919_132011.log
2026-09-19 13:20:11,053 - INFO - ============================================================
2026-09-19 13:20:11,053 - INFO - AUTOMATIC KEYWORD RESEARCH TOOL
2026-09-19 13:20:11,053 - INFO - ============================================================
2026-09-19 13:20:11,464 - INFO - ========================================
2026-09-19 13:20:11,464 - INFO - Found 14 niches to process: xiaomi, iphone, samsung, apple, sony, asus, philips, sandisk, intel, nvidia, amd, canon, nikon, huawei
2026-09-19 13:20:11,464 - INFO - ========================================
2026-09-19 13:20:11,464 - INFO - All niches completed, starting over
2026-09-19 13:20:11,464 - INFO - ========================================
2026-09-19 13:20:11,464 - INFO - 🎯 PROCESSING NICHE 1/14: 'xiaomi'
2026-09-19 13:20:11,464 - INFO - ========================================
2026-09-19 13:20:11,465 - INFO - 📁 Niche directory: /home/runner/work/potensitech.com/potensitech.com/languages/english/keywords/xiaomi
2026-09-19 13:20:11,465 - INFO - Selected region: us
2026-09-19 13:20:11,465 - INFO - Selected language: en
2026-09-19 13:20:11,465 - INFO - 🎯 Current niche: xiaomi
2026-09-19 13:20:22,198 - INFO - 🎯 Niche terms for filtering: xiaomi, cheap, best, latest, review, price, sell, buy, recommendation, tips, tutorial, guide, how to, vs, versus, compared to, comparison, alternatives, which is better, expensive, discount, deals, sale, affordable, cost, online, offline, marketplace, store, shop, retailer, where to buy, worst, quality, original, genuine, fake, replica, authentic, brand, manufacturer, company, product, xiaomi product, sell xiaomi, buy xiaomi, cheap xiaomi, best xiaomi, xiaomi review, where to buy xiaomi, how to choose xiaomi, top xiaomi, xiaomi guide, xiaomi for sale, xiaomi deals
2026-09-19 13:20:22,198 - INFO - Generated 50 niche-clue pairs for 'xiaomi'.
2026-09-19 13:20:22,201 - INFO - Expanded 50 seed keywords to 218 variations
2026-09-19 13:20:22,202 - INFO - 🔧 Request Handler initialized - Success rate: 100.0%
2026-09-19 13:24:45,139 - INFO - Original clue keywords: ssd storage, portable ssd
2026-09-19 13:24:45,139 - INFO - Niche-focused seeds: ssd storage xiaomi, xiaomi ssd storage, ssd storage cheap, cheap ssd storage, ssd storage best, best ssd storage, ssd storage latest, latest ssd storage, ssd storage review, review ssd storage, ssd storage price, price ssd storage, ssd storage sell, sell ssd storage, ssd storage buy, buy ssd storage, ssd storage recommendation, recommendation ssd storage, ssd storage tips, tips ssd storage, ssd storage tutorial, tutorial ssd storage, ssd storage guide, guide ssd storage, ssd storage how to, how to ssd storage, ssd storage vs, vs ssd storage, ssd storage versus, versus ssd storage, ssd storage compared to, compared to ssd storage, ssd storage comparison, comparison ssd storage, ssd storage alternatives, alternatives ssd storage, ssd storage which is better, which is better ssd storage, ssd storage expensive, expensive ssd storage, ssd storage discount, discount ssd storage, ssd storage deals, deals ssd storage, ssd storage sale, sale ssd storage, ssd storage affordable, affordable ssd storage, ssd storage cost, cost ssd storage, ssd storage online, online ssd storage, ssd storage offline, offline ssd storage, ssd storage marketplace, marketplace ssd storage, ssd storage store, store ssd storage, ssd storage shop, shop ssd storage, ssd storage retailer, retailer ssd storage, ssd storage where to buy, where to buy ssd storage, ssd storage worst, worst ssd storage, ssd storage quality, quality ssd storage, ssd storage original, original ssd storage, ssd storage genuine, genuine ssd storage, ssd storage fake, fake ssd storage, ssd storage replica, replica ssd storage, ssd storage authentic, authentic ssd storage, ssd storage brand, brand ssd storage, ssd storage manufacturer, manufacturer ssd storage, ssd storage company, company ssd storage, ssd storage product, product ssd storage, ssd storage xiaomi product, xiaomi product ssd storage, ssd storage sell xiaomi, sell xiaomi ssd storage, ssd storage buy xiaomi, buy xiaomi ssd storage, ssd storage cheap xiaomi, cheap xiaomi ssd storage, ssd storage best xiaomi, best xiaomi ssd storage, ssd storage xiaomi review, xiaomi review ssd storage, ssd storage where to buy xiaomi, where to buy xiaomi ssd storage, ssd storage how to choose xiaomi, how to choose xiaomi ssd storage, ssd storage top xiaomi, top xiaomi ssd storage, ssd storage xiaomi guide, xiaomi guide ssd storage, ssd storage xiaomi for sale, xiaomi for sale ssd storage, ssd storage xiaomi deals, xiaomi deals ssd storage, portable ssd xiaomi, xiaomi portable ssd, portable ssd cheap, cheap portable ssd, portable ssd best, best portable ssd, portable ssd latest, latest portable ssd, portable ssd review, review portable ssd, portable ssd price, price portable ssd, portable ssd sell, sell portable ssd, portable ssd buy, buy portable ssd, portable ssd recommendation, recommendation portable ssd, portable ssd tips, tips portable ssd, portable ssd tutorial, tutorial portable ssd, portable ssd guide, guide portable ssd, portable ssd how to, how to portable ssd, portable ssd vs, vs portable ssd, portable ssd versus, versus portable ssd, portable ssd compared to, compared to portable ssd, portable ssd comparison, comparison portable ssd, portable ssd alternatives, alternatives portable ssd, portable ssd which is better, which is better portable ssd, portable ssd expensive, expensive portable ssd, portable ssd discount, discount portable ssd, portable ssd deals, deals portable ssd, portable ssd sale, sale portable ssd, portable ssd affordable, affordable portable ssd, portable ssd cost, cost portable ssd, portable ssd online, online portable ssd, portable ssd offline, offline portable ssd, portable ssd marketplace, marketplace portable ssd, portable ssd store, store portable ssd, portable ssd shop, shop portable ssd, portable ssd retailer, retailer portable ssd, portable ssd where to buy, where to buy portable ssd, portable ssd worst, worst portable ssd, portable ssd quality, quality portable ssd, portable ssd original, original portable ssd, portable ssd genuine, genuine portable ssd, portable ssd fake, fake portable ssd, portable ssd replica, replica portable ssd, portable ssd authentic, authentic portable ssd, portable ssd brand, brand portable ssd, portable ssd manufacturer, manufacturer portable ssd, portable ssd company, company portable ssd, portable ssd product, product portable ssd, portable ssd xiaomi product, xiaomi product portable ssd, portable ssd sell xiaomi, sell xiaomi portable ssd, portable ssd buy xiaomi, buy xiaomi portable ssd, portable ssd cheap xiaomi, cheap xiaomi portable ssd, portable ssd best xiaomi, best xiaomi portable ssd, portable ssd xiaomi review, xiaomi review portable ssd, portable ssd where to buy xiaomi, where to buy xiaomi portable ssd, portable ssd how to choose xiaomi, how to choose xiaomi portable ssd, portable ssd top xiaomi, top xiaomi portable ssd, portable ssd xiaomi guide, xiaomi guide portable ssd, portable ssd xiaomi for sale, xiaomi for sale portable ssd, portable ssd xiaomi deals, xiaomi deals portable ssd
2026-09-19 13:24:45,142 - INFO - Expanded 220 seed keywords to 385 variations
2026-09-19 13:24:45,142 - INFO - Language: en
2026-09-19 13:24:45,142 - INFO - Region: us
2026-09-19 13:27:12,683 - INFO - 🎯 After all filtering for 'xiaomi': 120 relevant keywords
2026-09-19 13:27:13,010 - INFO - 🎯 Found 2 new keywords for niche 'xiaomi': xiaomi affordable portable ssd, xiaomi alternatives ssd storage
2026-09-19 13:27:28,599 - INFO - ✅ Niche 'xiaomi' process complete! 689 total keyword results.
2026-09-19 13:27:28,599 - INFO - ✅ Completed processing niche: 'xiaomi'
2026-09-19 13:27:28,600 - INFO - 🔧 Request Handler final stats - Success rate: 100.0%
2026-09-19 13:27:28,600 - INFO -    Total requests: 200999, Blocks: 1
2026-09-19 13:27:28,601 - INFO - 
========================================
2026-09-19 13:27:28,601 - INFO - Process Summary:
2026-09-19 13:27:28,601 - INFO - - Current niche: 'xiaomi'
2026-09-19 13:27:28,601 - INFO - - Next niche will be: 'iphone'
2026-09-19 13:27:28,601 - INFO - - Keywords saved in: languages/english/keywords/xiaomi/
2026-09-19 13:27:28,602 - INFO - ========================================
