2026-09-13 09:46:46,760 - INFO - Log file created at: /home/runner/work/potensitech.com/potensitech.com/languages/english/keywords/logs/kw_search_20260913_094646.log
2026-09-13 09:46:46,760 - INFO - ============================================================
2026-09-13 09:46:46,760 - INFO - AUTOMATIC KEYWORD RESEARCH TOOL
2026-09-13 09:46:46,760 - INFO - ============================================================
2026-09-13 09:46:47,089 - INFO - ========================================
2026-09-13 09:46:47,089 - INFO - Found 14 niches to process: xiaomi, iphone, samsung, apple, sony, asus, philips, sandisk, intel, nvidia, amd, canon, nikon, huawei
2026-09-13 09:46:47,089 - INFO - ========================================
2026-09-13 09:46:47,089 - INFO - Continuing from last processed niche: sandisk
2026-09-13 09:46:47,089 - INFO - ========================================
2026-09-13 09:46:47,089 - INFO - 🎯 PROCESSING NICHE 9/14: 'intel'
2026-09-13 09:46:47,089 - INFO - ========================================
2026-09-13 09:46:47,090 - INFO - 📁 Niche directory: /home/runner/work/potensitech.com/potensitech.com/languages/english/keywords/intel
2026-09-13 09:46:47,090 - INFO - Selected region: us
2026-09-13 09:46:47,090 - INFO - Selected language: en
2026-09-13 09:46:47,090 - INFO - 🎯 Current niche: intel
2026-09-13 09:46:57,992 - INFO - 🎯 Niche terms for filtering: intel, cheap, best, latest, review, price, sell, buy, recommendation, tips, tutorial, guide, how to, vs, versus, compared to, comparison, alternatives, which is better, expensive, discount, deals, sale, affordable, cost, online, offline, marketplace, store, shop, retailer, where to buy, worst, quality, original, genuine, fake, replica, authentic, brand, manufacturer, company, product, intel product, sell intel, buy intel, cheap intel, best intel, intel review, where to buy intel, how to choose intel, top intel, intel guide, intel for sale, intel deals
2026-09-13 09:46:57,993 - INFO - Generated 50 niche-clue pairs for 'intel'.
2026-09-13 09:46:57,996 - INFO - Expanded 50 seed keywords to 218 variations
2026-09-13 09:46:57,997 - INFO - 🔧 Request Handler initialized - Success rate: 100.0%
2026-09-13 09:51:21,776 - INFO - Original clue keywords: dlss technology, cuda cores
2026-09-13 09:51:21,777 - INFO - Niche-focused seeds: dlss technology intel, intel dlss technology, dlss technology cheap, cheap dlss technology, dlss technology best, best dlss technology, dlss technology latest, latest dlss technology, dlss technology review, review dlss technology, dlss technology price, price dlss technology, dlss technology sell, sell dlss technology, dlss technology buy, buy dlss technology, dlss technology recommendation, recommendation dlss technology, dlss technology tips, tips dlss technology, dlss technology tutorial, tutorial dlss technology, dlss technology guide, guide dlss technology, dlss technology how to, how to dlss technology, dlss technology vs, vs dlss technology, dlss technology versus, versus dlss technology, dlss technology compared to, compared to dlss technology, dlss technology comparison, comparison dlss technology, dlss technology alternatives, alternatives dlss technology, dlss technology which is better, which is better dlss technology, dlss technology expensive, expensive dlss technology, dlss technology discount, discount dlss technology, dlss technology deals, deals dlss technology, dlss technology sale, sale dlss technology, dlss technology affordable, affordable dlss technology, dlss technology cost, cost dlss technology, dlss technology online, online dlss technology, dlss technology offline, offline dlss technology, dlss technology marketplace, marketplace dlss technology, dlss technology store, store dlss technology, dlss technology shop, shop dlss technology, dlss technology retailer, retailer dlss technology, dlss technology where to buy, where to buy dlss technology, dlss technology worst, worst dlss technology, dlss technology quality, quality dlss technology, dlss technology original, original dlss technology, dlss technology genuine, genuine dlss technology, dlss technology fake, fake dlss technology, dlss technology replica, replica dlss technology, dlss technology authentic, authentic dlss technology, dlss technology brand, brand dlss technology, dlss technology manufacturer, manufacturer dlss technology, dlss technology company, company dlss technology, dlss technology product, product dlss technology, dlss technology intel product, intel product dlss technology, dlss technology sell intel, sell intel dlss technology, dlss technology buy intel, buy intel dlss technology, dlss technology cheap intel, cheap intel dlss technology, dlss technology best intel, best intel dlss technology, dlss technology intel review, intel review dlss technology, dlss technology where to buy intel, where to buy intel dlss technology, dlss technology how to choose intel, how to choose intel dlss technology, dlss technology top intel, top intel dlss technology, dlss technology intel guide, intel guide dlss technology, dlss technology intel for sale, intel for sale dlss technology, dlss technology intel deals, intel deals dlss technology, cuda cores intel, intel cuda cores, cuda cores cheap, cheap cuda cores, cuda cores best, best cuda cores, cuda cores latest, latest cuda cores, cuda cores review, review cuda cores, cuda cores price, price cuda cores, cuda cores sell, sell cuda cores, cuda cores buy, buy cuda cores, cuda cores recommendation, recommendation cuda cores, cuda cores tips, tips cuda cores, cuda cores tutorial, tutorial cuda cores, cuda cores guide, guide cuda cores, cuda cores how to, how to cuda cores, cuda cores vs, vs cuda cores, cuda cores versus, versus cuda cores, cuda cores compared to, compared to cuda cores, cuda cores comparison, comparison cuda cores, cuda cores alternatives, alternatives cuda cores, cuda cores which is better, which is better cuda cores, cuda cores expensive, expensive cuda cores, cuda cores discount, discount cuda cores, cuda cores deals, deals cuda cores, cuda cores sale, sale cuda cores, cuda cores affordable, affordable cuda cores, cuda cores cost, cost cuda cores, cuda cores online, online cuda cores, cuda cores offline, offline cuda cores, cuda cores marketplace, marketplace cuda cores, cuda cores store, store cuda cores, cuda cores shop, shop cuda cores, cuda cores retailer, retailer cuda cores, cuda cores where to buy, where to buy cuda cores, cuda cores worst, worst cuda cores, cuda cores quality, quality cuda cores, cuda cores original, original cuda cores, cuda cores genuine, genuine cuda cores, cuda cores fake, fake cuda cores, cuda cores replica, replica cuda cores, cuda cores authentic, authentic cuda cores, cuda cores brand, brand cuda cores, cuda cores manufacturer, manufacturer cuda cores, cuda cores company, company cuda cores, cuda cores product, product cuda cores, cuda cores intel product, intel product cuda cores, cuda cores sell intel, sell intel cuda cores, cuda cores buy intel, buy intel cuda cores, cuda cores cheap intel, cheap intel cuda cores, cuda cores best intel, best intel cuda cores, cuda cores intel review, intel review cuda cores, cuda cores where to buy intel, where to buy intel cuda cores, cuda cores how to choose intel, how to choose intel cuda cores, cuda cores top intel, top intel cuda cores, cuda cores intel guide, intel guide cuda cores, cuda cores intel for sale, intel for sale cuda cores, cuda cores intel deals, intel deals cuda cores
2026-09-13 09:51:21,780 - INFO - Expanded 220 seed keywords to 385 variations
2026-09-13 09:51:21,780 - INFO - Language: en
2026-09-13 09:51:21,780 - INFO - Region: us
2026-09-13 09:55:51,627 - INFO - 🎯 After all filtering for 'intel': 120 relevant keywords
2026-09-13 09:55:53,259 - INFO - 🎯 Found 5 new keywords for niche 'intel': intel affordable cuda cores, intel affordable dlss technology, cheap alternatives cuda cores, cheap alternatives dlss technology, best authentic cuda cores
2026-09-13 09:56:08,904 - INFO - ✅ Niche 'intel' process complete! 1031 total keyword results.
2026-09-13 09:56:08,904 - INFO - ✅ Completed processing niche: 'intel'
2026-09-13 09:56:08,904 - INFO - 🔧 Request Handler final stats - Success rate: 100.0%
2026-09-13 09:56:08,904 - INFO -    Total requests: 195528, Blocks: 1
2026-09-13 09:56:08,905 - INFO - 
========================================
2026-09-13 09:56:08,905 - INFO - Process Summary:
2026-09-13 09:56:08,905 - INFO - - Current niche: 'intel'
2026-09-13 09:56:08,905 - INFO - - Next niche will be: 'nvidia'
2026-09-13 09:56:08,905 - INFO - - Keywords saved in: languages/english/keywords/intel/
2026-09-13 09:56:08,906 - INFO - ========================================
