2026-08-20 21:57:32,527 - INFO - Log file created at: /home/runner/work/potensitech.com/potensitech.com/languages/english/keywords/logs/kw_search_20260820_215732.log
2026-08-20 21:57:32,527 - INFO - ============================================================
2026-08-20 21:57:32,527 - INFO - AUTOMATIC KEYWORD RESEARCH TOOL
2026-08-20 21:57:32,527 - INFO - ============================================================
2026-08-20 21:57:32,822 - INFO - ========================================
2026-08-20 21:57:32,822 - INFO - Found 14 niches to process: xiaomi, iphone, samsung, apple, sony, asus, philips, sandisk, intel, nvidia, amd, canon, nikon, huawei
2026-08-20 21:57:32,822 - INFO - ========================================
2026-08-20 21:57:32,822 - INFO - All niches completed, starting over
2026-08-20 21:57:32,822 - INFO - ========================================
2026-08-20 21:57:32,822 - INFO - 🎯 PROCESSING NICHE 1/14: 'xiaomi'
2026-08-20 21:57:32,822 - INFO - ========================================
2026-08-20 21:57:32,822 - INFO - 📁 Niche directory: /home/runner/work/potensitech.com/potensitech.com/languages/english/keywords/xiaomi
2026-08-20 21:57:32,822 - INFO - Selected region: us
2026-08-20 21:57:32,822 - INFO - Selected language: en
2026-08-20 21:57:32,822 - INFO - 🎯 Current niche: xiaomi
2026-08-20 21:57:33,516 - INFO - 🎯 Niche terms for filtering: xiaomi, cheap, best, latest, review, price, sell, buy, recommendation, tips, tutorial, guide, how to, vs, versus, compared to, comparison, alternatives, which is better, expensive, discount, deals, sale, affordable, cost, online, offline, marketplace, store, shop, retailer, where to buy, worst, quality, original, genuine, fake, replica, authentic, brand, manufacturer, company, product, xiaomi product, sell xiaomi, buy xiaomi, cheap xiaomi, best xiaomi, xiaomi review, where to buy xiaomi, how to choose xiaomi, top xiaomi, xiaomi guide, xiaomi for sale, xiaomi deals
2026-08-20 21:57:33,516 - INFO - Generated 50 niche-clue pairs for 'xiaomi'.
2026-08-20 21:57:33,519 - INFO - Expanded 50 seed keywords to 218 variations
2026-08-20 21:57:33,526 - INFO - 🔧 Request Handler initialized - Success rate: 100.0%
2026-08-20 22:01:57,282 - INFO - Original clue keywords: dslr, mirrorless
2026-08-20 22:01:57,282 - INFO - Niche-focused seeds: dslr xiaomi, xiaomi dslr, dslr cheap, cheap dslr, dslr best, best dslr, dslr latest, latest dslr, dslr review, review dslr, dslr price, price dslr, dslr sell, sell dslr, dslr buy, buy dslr, dslr recommendation, recommendation dslr, dslr tips, tips dslr, dslr tutorial, tutorial dslr, dslr guide, guide dslr, dslr how to, how to dslr, dslr vs, vs dslr, dslr versus, versus dslr, dslr compared to, compared to dslr, dslr comparison, comparison dslr, dslr alternatives, alternatives dslr, dslr which is better, which is better dslr, dslr expensive, expensive dslr, dslr discount, discount dslr, dslr deals, deals dslr, dslr sale, sale dslr, dslr affordable, affordable dslr, dslr cost, cost dslr, dslr online, online dslr, dslr offline, offline dslr, dslr marketplace, marketplace dslr, dslr store, store dslr, dslr shop, shop dslr, dslr retailer, retailer dslr, dslr where to buy, where to buy dslr, dslr worst, worst dslr, dslr quality, quality dslr, dslr original, original dslr, dslr genuine, genuine dslr, dslr fake, fake dslr, dslr replica, replica dslr, dslr authentic, authentic dslr, dslr brand, brand dslr, dslr manufacturer, manufacturer dslr, dslr company, company dslr, dslr product, product dslr, dslr xiaomi product, xiaomi product dslr, dslr sell xiaomi, sell xiaomi dslr, dslr buy xiaomi, buy xiaomi dslr, dslr cheap xiaomi, cheap xiaomi dslr, dslr best xiaomi, best xiaomi dslr, dslr xiaomi review, xiaomi review dslr, dslr where to buy xiaomi, where to buy xiaomi dslr, dslr how to choose xiaomi, how to choose xiaomi dslr, dslr top xiaomi, top xiaomi dslr, dslr xiaomi guide, xiaomi guide dslr, dslr xiaomi for sale, xiaomi for sale dslr, dslr xiaomi deals, xiaomi deals dslr, mirrorless xiaomi, xiaomi mirrorless, mirrorless cheap, cheap mirrorless, mirrorless best, best mirrorless, mirrorless latest, latest mirrorless, mirrorless review, review mirrorless, mirrorless price, price mirrorless, mirrorless sell, sell mirrorless, mirrorless buy, buy mirrorless, mirrorless recommendation, recommendation mirrorless, mirrorless tips, tips mirrorless, mirrorless tutorial, tutorial mirrorless, mirrorless guide, guide mirrorless, mirrorless how to, how to mirrorless, mirrorless vs, vs mirrorless, mirrorless versus, versus mirrorless, mirrorless compared to, compared to mirrorless, mirrorless comparison, comparison mirrorless, mirrorless alternatives, alternatives mirrorless, mirrorless which is better, which is better mirrorless, mirrorless expensive, expensive mirrorless, mirrorless discount, discount mirrorless, mirrorless deals, deals mirrorless, mirrorless sale, sale mirrorless, mirrorless affordable, affordable mirrorless, mirrorless cost, cost mirrorless, mirrorless online, online mirrorless, mirrorless offline, offline mirrorless, mirrorless marketplace, marketplace mirrorless, mirrorless store, store mirrorless, mirrorless shop, shop mirrorless, mirrorless retailer, retailer mirrorless, mirrorless where to buy, where to buy mirrorless, mirrorless worst, worst mirrorless, mirrorless quality, quality mirrorless, mirrorless original, original mirrorless, mirrorless genuine, genuine mirrorless, mirrorless fake, fake mirrorless, mirrorless replica, replica mirrorless, mirrorless authentic, authentic mirrorless, mirrorless brand, brand mirrorless, mirrorless manufacturer, manufacturer mirrorless, mirrorless company, company mirrorless, mirrorless product, product mirrorless, mirrorless xiaomi product, xiaomi product mirrorless, mirrorless sell xiaomi, sell xiaomi mirrorless, mirrorless buy xiaomi, buy xiaomi mirrorless, mirrorless cheap xiaomi, cheap xiaomi mirrorless, mirrorless best xiaomi, best xiaomi mirrorless, mirrorless xiaomi review, xiaomi review mirrorless, mirrorless where to buy xiaomi, where to buy xiaomi mirrorless, mirrorless how to choose xiaomi, how to choose xiaomi mirrorless, mirrorless top xiaomi, top xiaomi mirrorless, mirrorless xiaomi guide, xiaomi guide mirrorless, mirrorless xiaomi for sale, xiaomi for sale mirrorless, mirrorless xiaomi deals, xiaomi deals mirrorless
2026-08-20 22:01:57,285 - INFO - Expanded 220 seed keywords to 385 variations
2026-08-20 22:01:57,285 - INFO - Language: en
2026-08-20 22:01:57,285 - INFO - Region: us
2026-08-20 22:06:28,724 - INFO - 🎯 After all filtering for 'xiaomi': 120 relevant keywords
2026-08-20 22:06:28,938 - INFO - 🎯 Found 5 new keywords for niche 'xiaomi': xiaomi affordable dslr, cheap affordable dslr, best affordable dslr, xiaomi affordable mirrorless, cheap affordable mirrorless
2026-08-20 22:06:29,424 - INFO - ✅ Niche 'xiaomi' process complete! 649 total keyword results.
2026-08-20 22:06:29,424 - INFO - ✅ Completed processing niche: 'xiaomi'
2026-08-20 22:06:29,424 - INFO - 🔧 Request Handler final stats - Success rate: 100.0%
2026-08-20 22:06:29,424 - INFO -    Total requests: 176696, Blocks: 1
2026-08-20 22:06:29,425 - INFO - 
========================================
2026-08-20 22:06:29,425 - INFO - Process Summary:
2026-08-20 22:06:29,426 - INFO - - Current niche: 'xiaomi'
2026-08-20 22:06:29,426 - INFO - - Next niche will be: 'iphone'
2026-08-20 22:06:29,426 - INFO - - Keywords saved in: languages/english/keywords/xiaomi/
2026-08-20 22:06:29,426 - INFO - ========================================
