2026-09-17 23:39:48,076 - INFO - Log file created at: /home/runner/work/potensitech.com/potensitech.com/languages/english/keywords/logs/kw_search_20260917_233948.log
2026-09-17 23:39:48,076 - INFO - ============================================================
2026-09-17 23:39:48,076 - INFO - AUTOMATIC KEYWORD RESEARCH TOOL
2026-09-17 23:39:48,076 - INFO - ============================================================
2026-09-17 23:39:48,441 - INFO - ========================================
2026-09-17 23:39:48,442 - INFO - Found 14 niches to process: xiaomi, iphone, samsung, apple, sony, asus, philips, sandisk, intel, nvidia, amd, canon, nikon, huawei
2026-09-17 23:39:48,442 - INFO - ========================================
2026-09-17 23:39:48,442 - INFO - Continuing from last processed niche: nikon
2026-09-17 23:39:48,442 - INFO - ========================================
2026-09-17 23:39:48,442 - INFO - 🎯 PROCESSING NICHE 14/14: 'huawei'
2026-09-17 23:39:48,442 - INFO - ========================================
2026-09-17 23:39:48,442 - INFO - 📁 Niche directory: /home/runner/work/potensitech.com/potensitech.com/languages/english/keywords/huawei
2026-09-17 23:39:48,442 - INFO - Selected region: us
2026-09-17 23:39:48,442 - INFO - Selected language: en
2026-09-17 23:39:48,442 - INFO - 🎯 Current niche: huawei
2026-09-17 23:39:59,519 - INFO - 🎯 Niche terms for filtering: huawei, cheap, best, latest, review, price, sell, buy, recommendation, tips, tutorial, guide, how to, vs, versus, compared to, comparison, alternatives, which is better, expensive, discount, deals, sale, affordable, cost, online, offline, marketplace, store, shop, retailer, where to buy, worst, quality, original, genuine, fake, replica, authentic, brand, manufacturer, company, product, huawei product, sell huawei, buy huawei, cheap huawei, best huawei, huawei review, where to buy huawei, how to choose huawei, top huawei, huawei guide, huawei for sale, huawei deals
2026-09-17 23:39:59,520 - INFO - Generated 50 niche-clue pairs for 'huawei'.
2026-09-17 23:39:59,525 - INFO - Expanded 50 seed keywords to 218 variations
2026-09-17 23:39:59,525 - INFO - 🔧 Request Handler initialized - Success rate: 100.0%
2026-09-17 23:44:22,185 - INFO - Original clue keywords: graphics performance, autofocus system
2026-09-17 23:44:22,185 - INFO - Niche-focused seeds: graphics performance huawei, huawei graphics performance, graphics performance cheap, cheap graphics performance, graphics performance best, best graphics performance, graphics performance latest, latest graphics performance, graphics performance review, review graphics performance, graphics performance price, price graphics performance, graphics performance sell, sell graphics performance, graphics performance buy, buy graphics performance, graphics performance recommendation, recommendation graphics performance, graphics performance tips, tips graphics performance, graphics performance tutorial, tutorial graphics performance, graphics performance guide, guide graphics performance, graphics performance how to, how to graphics performance, graphics performance vs, vs graphics performance, graphics performance versus, versus graphics performance, graphics performance compared to, compared to graphics performance, graphics performance comparison, comparison graphics performance, graphics performance alternatives, alternatives graphics performance, graphics performance which is better, which is better graphics performance, graphics performance expensive, expensive graphics performance, graphics performance discount, discount graphics performance, graphics performance deals, deals graphics performance, graphics performance sale, sale graphics performance, graphics performance affordable, affordable graphics performance, graphics performance cost, cost graphics performance, graphics performance online, online graphics performance, graphics performance offline, offline graphics performance, graphics performance marketplace, marketplace graphics performance, graphics performance store, store graphics performance, graphics performance shop, shop graphics performance, graphics performance retailer, retailer graphics performance, graphics performance where to buy, where to buy graphics performance, graphics performance worst, worst graphics performance, graphics performance quality, quality graphics performance, graphics performance original, original graphics performance, graphics performance genuine, genuine graphics performance, graphics performance fake, fake graphics performance, graphics performance replica, replica graphics performance, graphics performance authentic, authentic graphics performance, graphics performance brand, brand graphics performance, graphics performance manufacturer, manufacturer graphics performance, graphics performance company, company graphics performance, graphics performance product, product graphics performance, graphics performance huawei product, huawei product graphics performance, graphics performance sell huawei, sell huawei graphics performance, graphics performance buy huawei, buy huawei graphics performance, graphics performance cheap huawei, cheap huawei graphics performance, graphics performance best huawei, best huawei graphics performance, graphics performance huawei review, huawei review graphics performance, graphics performance where to buy huawei, where to buy huawei graphics performance, graphics performance how to choose huawei, how to choose huawei graphics performance, graphics performance top huawei, top huawei graphics performance, graphics performance huawei guide, huawei guide graphics performance, graphics performance huawei for sale, huawei for sale graphics performance, graphics performance huawei deals, huawei deals graphics performance, autofocus system huawei, huawei autofocus system, autofocus system cheap, cheap autofocus system, autofocus system best, best autofocus system, autofocus system latest, latest autofocus system, autofocus system review, review autofocus system, autofocus system price, price autofocus system, autofocus system sell, sell autofocus system, autofocus system buy, buy autofocus system, autofocus system recommendation, recommendation autofocus system, autofocus system tips, tips autofocus system, autofocus system tutorial, tutorial autofocus system, autofocus system guide, guide autofocus system, autofocus system how to, how to autofocus system, autofocus system vs, vs autofocus system, autofocus system versus, versus autofocus system, autofocus system compared to, compared to autofocus system, autofocus system comparison, comparison autofocus system, autofocus system alternatives, alternatives autofocus system, autofocus system which is better, which is better autofocus system, autofocus system expensive, expensive autofocus system, autofocus system discount, discount autofocus system, autofocus system deals, deals autofocus system, autofocus system sale, sale autofocus system, autofocus system affordable, affordable autofocus system, autofocus system cost, cost autofocus system, autofocus system online, online autofocus system, autofocus system offline, offline autofocus system, autofocus system marketplace, marketplace autofocus system, autofocus system store, store autofocus system, autofocus system shop, shop autofocus system, autofocus system retailer, retailer autofocus system, autofocus system where to buy, where to buy autofocus system, autofocus system worst, worst autofocus system, autofocus system quality, quality autofocus system, autofocus system original, original autofocus system, autofocus system genuine, genuine autofocus system, autofocus system fake, fake autofocus system, autofocus system replica, replica autofocus system, autofocus system authentic, authentic autofocus system, autofocus system brand, brand autofocus system, autofocus system manufacturer, manufacturer autofocus system, autofocus system company, company autofocus system, autofocus system product, product autofocus system, autofocus system huawei product, huawei product autofocus system, autofocus system sell huawei, sell huawei autofocus system, autofocus system buy huawei, buy huawei autofocus system, autofocus system cheap huawei, cheap huawei autofocus system, autofocus system best huawei, best huawei autofocus system, autofocus system huawei review, huawei review autofocus system, autofocus system where to buy huawei, where to buy huawei autofocus system, autofocus system how to choose huawei, how to choose huawei autofocus system, autofocus system top huawei, top huawei autofocus system, autofocus system huawei guide, huawei guide autofocus system, autofocus system huawei for sale, huawei for sale autofocus system, autofocus system huawei deals, huawei deals autofocus system
2026-09-17 23:44:22,188 - INFO - Expanded 220 seed keywords to 385 variations
2026-09-17 23:44:22,188 - INFO - Language: en
2026-09-17 23:44:22,189 - INFO - Region: us
2026-09-17 23:48:00,457 - INFO - 🎯 After all filtering for 'huawei': 120 relevant keywords
2026-09-17 23:48:01,790 - INFO - 🎯 Found 5 new keywords for niche 'huawei': huawei affordable autofocus system, huawei affordable graphics performance, cheap alternatives autofocus system, cheap alternatives graphics performance, best authentic autofocus system
2026-09-17 23:48:17,455 - INFO - ✅ Niche 'huawei' process complete! 681 total keyword results.
2026-09-17 23:48:17,455 - INFO - ✅ Completed processing niche: 'huawei'
2026-09-17 23:48:17,456 - INFO - 🔧 Request Handler final stats - Success rate: 100.0%
2026-09-17 23:48:17,456 - INFO -    Total requests: 199685, Blocks: 1
2026-09-17 23:48:17,457 - INFO - 
========================================
2026-09-17 23:48:17,457 - INFO - Process Summary:
2026-09-17 23:48:17,457 - INFO - - Current niche: 'huawei'
2026-09-17 23:48:17,457 - INFO - - Next niche will be: 'xiaomi'
2026-09-17 23:48:17,457 - INFO - - Keywords saved in: languages/english/keywords/huawei/
2026-09-17 23:48:17,457 - INFO - ========================================
