2026-08-25 21:56:27,142 - INFO - Log file created at: /home/runner/work/potensitech.com/potensitech.com/languages/english/keywords/logs/kw_search_20260825_215627.log
2026-08-25 21:56:27,142 - INFO - ============================================================
2026-08-25 21:56:27,142 - INFO - AUTOMATIC KEYWORD RESEARCH TOOL
2026-08-25 21:56:27,142 - INFO - ============================================================
2026-08-25 21:56:27,373 - INFO - ========================================
2026-08-25 21:56:27,373 - INFO - Found 14 niches to process: xiaomi, iphone, samsung, apple, sony, asus, philips, sandisk, intel, nvidia, amd, canon, nikon, huawei
2026-08-25 21:56:27,373 - INFO - ========================================
2026-08-25 21:56:27,373 - INFO - Continuing from last processed niche: sandisk
2026-08-25 21:56:27,373 - INFO - ========================================
2026-08-25 21:56:27,373 - INFO - 🎯 PROCESSING NICHE 9/14: 'intel'
2026-08-25 21:56:27,373 - INFO - ========================================
2026-08-25 21:56:27,373 - INFO - 📁 Niche directory: /home/runner/work/potensitech.com/potensitech.com/languages/english/keywords/intel
2026-08-25 21:56:27,373 - INFO - Selected region: us
2026-08-25 21:56:27,373 - INFO - Selected language: en
2026-08-25 21:56:27,373 - INFO - 🎯 Current niche: intel
2026-08-25 21:56:38,938 - INFO - 🎯 Niche terms for filtering: intel, cheap, best, latest, review, price, sell, buy, recommendation, tips, tutorial, guide, how to, vs, versus, compared to, comparison, alternatives, which is better, expensive, discount, deals, sale, affordable, cost, online, offline, marketplace, store, shop, retailer, where to buy, worst, quality, original, genuine, fake, replica, authentic, brand, manufacturer, company, product, intel product, sell intel, buy intel, cheap intel, best intel, intel review, where to buy intel, how to choose intel, top intel, intel guide, intel for sale, intel deals
2026-08-25 21:56:38,939 - INFO - Generated 50 niche-clue pairs for 'intel'.
2026-08-25 21:56:38,941 - INFO - Expanded 50 seed keywords to 218 variations
2026-08-25 21:56:38,942 - INFO - 🔧 Request Handler initialized - Success rate: 100.0%
2026-08-25 22:01:03,215 - INFO - Original clue keywords: ray tracing, graphics card
2026-08-25 22:01:03,215 - INFO - Niche-focused seeds: ray tracing intel, intel ray tracing, ray tracing cheap, cheap ray tracing, ray tracing best, best ray tracing, ray tracing latest, latest ray tracing, ray tracing review, review ray tracing, ray tracing price, price ray tracing, ray tracing sell, sell ray tracing, ray tracing buy, buy ray tracing, ray tracing recommendation, recommendation ray tracing, ray tracing tips, tips ray tracing, ray tracing tutorial, tutorial ray tracing, ray tracing guide, guide ray tracing, ray tracing how to, how to ray tracing, ray tracing vs, vs ray tracing, ray tracing versus, versus ray tracing, ray tracing compared to, compared to ray tracing, ray tracing comparison, comparison ray tracing, ray tracing alternatives, alternatives ray tracing, ray tracing which is better, which is better ray tracing, ray tracing expensive, expensive ray tracing, ray tracing discount, discount ray tracing, ray tracing deals, deals ray tracing, ray tracing sale, sale ray tracing, ray tracing affordable, affordable ray tracing, ray tracing cost, cost ray tracing, ray tracing online, online ray tracing, ray tracing offline, offline ray tracing, ray tracing marketplace, marketplace ray tracing, ray tracing store, store ray tracing, ray tracing shop, shop ray tracing, ray tracing retailer, retailer ray tracing, ray tracing where to buy, where to buy ray tracing, ray tracing worst, worst ray tracing, ray tracing quality, quality ray tracing, ray tracing original, original ray tracing, ray tracing genuine, genuine ray tracing, ray tracing fake, fake ray tracing, ray tracing replica, replica ray tracing, ray tracing authentic, authentic ray tracing, ray tracing brand, brand ray tracing, ray tracing manufacturer, manufacturer ray tracing, ray tracing company, company ray tracing, ray tracing product, product ray tracing, ray tracing intel product, intel product ray tracing, ray tracing sell intel, sell intel ray tracing, ray tracing buy intel, buy intel ray tracing, ray tracing cheap intel, cheap intel ray tracing, ray tracing best intel, best intel ray tracing, ray tracing intel review, intel review ray tracing, ray tracing where to buy intel, where to buy intel ray tracing, ray tracing how to choose intel, how to choose intel ray tracing, ray tracing top intel, top intel ray tracing, ray tracing intel guide, intel guide ray tracing, ray tracing intel for sale, intel for sale ray tracing, ray tracing intel deals, intel deals ray tracing, graphics card intel, intel graphics card, graphics card cheap, cheap graphics card, graphics card best, best graphics card, graphics card latest, latest graphics card, graphics card review, review graphics card, graphics card price, price graphics card, graphics card sell, sell graphics card, graphics card buy, buy graphics card, graphics card recommendation, recommendation graphics card, graphics card tips, tips graphics card, graphics card tutorial, tutorial graphics card, graphics card guide, guide graphics card, graphics card how to, how to graphics card, graphics card vs, vs graphics card, graphics card versus, versus graphics card, graphics card compared to, compared to graphics card, graphics card comparison, comparison graphics card, graphics card alternatives, alternatives graphics card, graphics card which is better, which is better graphics card, graphics card expensive, expensive graphics card, graphics card discount, discount graphics card, graphics card deals, deals graphics card, graphics card sale, sale graphics card, graphics card affordable, affordable graphics card, graphics card cost, cost graphics card, graphics card online, online graphics card, graphics card offline, offline graphics card, graphics card marketplace, marketplace graphics card, graphics card store, store graphics card, graphics card shop, shop graphics card, graphics card retailer, retailer graphics card, graphics card where to buy, where to buy graphics card, graphics card worst, worst graphics card, graphics card quality, quality graphics card, graphics card original, original graphics card, graphics card genuine, genuine graphics card, graphics card fake, fake graphics card, graphics card replica, replica graphics card, graphics card authentic, authentic graphics card, graphics card brand, brand graphics card, graphics card manufacturer, manufacturer graphics card, graphics card company, company graphics card, graphics card product, product graphics card, graphics card intel product, intel product graphics card, graphics card sell intel, sell intel graphics card, graphics card buy intel, buy intel graphics card, graphics card cheap intel, cheap intel graphics card, graphics card best intel, best intel graphics card, graphics card intel review, intel review graphics card, graphics card where to buy intel, where to buy intel graphics card, graphics card how to choose intel, how to choose intel graphics card, graphics card top intel, top intel graphics card, graphics card intel guide, intel guide graphics card, graphics card intel for sale, intel for sale graphics card, graphics card intel deals, intel deals graphics card
2026-08-25 22:01:03,218 - INFO - Expanded 220 seed keywords to 385 variations
2026-08-25 22:01:03,218 - INFO - Language: en
2026-08-25 22:01:03,218 - INFO - Region: us
2026-08-25 22:05:36,641 - INFO - 🎯 After all filtering for 'intel': 120 relevant keywords
2026-08-25 22:05:38,134 - INFO - 🎯 Found 5 new keywords for niche 'intel': intel affordable graphics card, intel affordable ray tracing, cheap alternatives graphics card, cheap alternatives ray tracing, best authentic graphics card
2026-08-25 22:05:53,909 - INFO - ✅ Niche 'intel' process complete! 1008 total keyword results.
2026-08-25 22:05:53,909 - INFO - ✅ Completed processing niche: 'intel'
2026-08-25 22:05:53,910 - INFO - 🔧 Request Handler final stats - Success rate: 100.0%
2026-08-25 22:05:53,910 - INFO -    Total requests: 180496, Blocks: 1
2026-08-25 22:05:53,911 - INFO - 
========================================
2026-08-25 22:05:53,911 - INFO - Process Summary:
2026-08-25 22:05:53,911 - INFO - - Current niche: 'intel'
2026-08-25 22:05:53,911 - INFO - - Next niche will be: 'nvidia'
2026-08-25 22:05:53,911 - INFO - - Keywords saved in: languages/english/keywords/intel/
2026-08-25 22:05:53,911 - INFO - ========================================
