2026-09-24 04:30:19,012 - INFO - Log file created at: /home/runner/work/potensitech.com/potensitech.com/languages/english/keywords/logs/kw_search_20260924_043019.log
2026-09-24 04:30:19,012 - INFO - ============================================================
2026-09-24 04:30:19,012 - INFO - AUTOMATIC KEYWORD RESEARCH TOOL
2026-09-24 04:30:19,012 - INFO - ============================================================
2026-09-24 04:30:19,376 - INFO - ========================================
2026-09-24 04:30:19,377 - INFO - Found 14 niches to process: xiaomi, iphone, samsung, apple, sony, asus, philips, sandisk, intel, nvidia, amd, canon, nikon, huawei
2026-09-24 04:30:19,377 - INFO - ========================================
2026-09-24 04:30:19,377 - INFO - Continuing from last processed niche: apple
2026-09-24 04:30:19,377 - INFO - ========================================
2026-09-24 04:30:19,377 - INFO - 🎯 PROCESSING NICHE 5/14: 'sony'
2026-09-24 04:30:19,377 - INFO - ========================================
2026-09-24 04:30:19,377 - INFO - 📁 Niche directory: /home/runner/work/potensitech.com/potensitech.com/languages/english/keywords/sony
2026-09-24 04:30:19,377 - INFO - Selected region: us
2026-09-24 04:30:19,377 - INFO - Selected language: en
2026-09-24 04:30:19,377 - INFO - 🎯 Current niche: sony
2026-09-24 04:30:30,350 - INFO - 🎯 Niche terms for filtering: sony, cheap, best, latest, review, price, sell, buy, recommendation, tips, tutorial, guide, how to, vs, versus, compared to, comparison, alternatives, which is better, expensive, discount, deals, sale, affordable, cost, online, offline, marketplace, store, shop, retailer, where to buy, worst, quality, original, genuine, fake, replica, authentic, brand, manufacturer, company, product, sony product, sell sony, buy sony, cheap sony, best sony, sony review, where to buy sony, how to choose sony, top sony, sony guide, sony for sale, sony deals
2026-09-24 04:30:30,350 - INFO - Generated 50 niche-clue pairs for 'sony'.
2026-09-24 04:30:30,353 - INFO - Expanded 50 seed keywords to 218 variations
2026-09-24 04:30:30,354 - INFO - 🔧 Request Handler initialized - Success rate: 100.0%
2026-09-24 04:34:55,853 - INFO - Original clue keywords: overclocking capability, core speed
2026-09-24 04:34:55,854 - INFO - Niche-focused seeds: overclocking capability sony, sony overclocking capability, overclocking capability cheap, cheap overclocking capability, overclocking capability best, best overclocking capability, overclocking capability latest, latest overclocking capability, overclocking capability review, review overclocking capability, overclocking capability price, price overclocking capability, overclocking capability sell, sell overclocking capability, overclocking capability buy, buy overclocking capability, overclocking capability recommendation, recommendation overclocking capability, overclocking capability tips, tips overclocking capability, overclocking capability tutorial, tutorial overclocking capability, overclocking capability guide, guide overclocking capability, overclocking capability how to, how to overclocking capability, overclocking capability vs, vs overclocking capability, overclocking capability versus, versus overclocking capability, overclocking capability compared to, compared to overclocking capability, overclocking capability comparison, comparison overclocking capability, overclocking capability alternatives, alternatives overclocking capability, overclocking capability which is better, which is better overclocking capability, overclocking capability expensive, expensive overclocking capability, overclocking capability discount, discount overclocking capability, overclocking capability deals, deals overclocking capability, overclocking capability sale, sale overclocking capability, overclocking capability affordable, affordable overclocking capability, overclocking capability cost, cost overclocking capability, overclocking capability online, online overclocking capability, overclocking capability offline, offline overclocking capability, overclocking capability marketplace, marketplace overclocking capability, overclocking capability store, store overclocking capability, overclocking capability shop, shop overclocking capability, overclocking capability retailer, retailer overclocking capability, overclocking capability where to buy, where to buy overclocking capability, overclocking capability worst, worst overclocking capability, overclocking capability quality, quality overclocking capability, overclocking capability original, original overclocking capability, overclocking capability genuine, genuine overclocking capability, overclocking capability fake, fake overclocking capability, overclocking capability replica, replica overclocking capability, overclocking capability authentic, authentic overclocking capability, overclocking capability brand, brand overclocking capability, overclocking capability manufacturer, manufacturer overclocking capability, overclocking capability company, company overclocking capability, overclocking capability product, product overclocking capability, overclocking capability sony product, sony product overclocking capability, overclocking capability sell sony, sell sony overclocking capability, overclocking capability buy sony, buy sony overclocking capability, overclocking capability cheap sony, cheap sony overclocking capability, overclocking capability best sony, best sony overclocking capability, overclocking capability sony review, sony review overclocking capability, overclocking capability where to buy sony, where to buy sony overclocking capability, overclocking capability how to choose sony, how to choose sony overclocking capability, overclocking capability top sony, top sony overclocking capability, overclocking capability sony guide, sony guide overclocking capability, overclocking capability sony for sale, sony for sale overclocking capability, overclocking capability sony deals, sony deals overclocking capability, core speed sony, sony core speed, core speed cheap, cheap core speed, core speed best, best core speed, core speed latest, latest core speed, core speed review, review core speed, core speed price, price core speed, core speed sell, sell core speed, core speed buy, buy core speed, core speed recommendation, recommendation core speed, core speed tips, tips core speed, core speed tutorial, tutorial core speed, core speed guide, guide core speed, core speed how to, how to core speed, core speed vs, vs core speed, core speed versus, versus core speed, core speed compared to, compared to core speed, core speed comparison, comparison core speed, core speed alternatives, alternatives core speed, core speed which is better, which is better core speed, core speed expensive, expensive core speed, core speed discount, discount core speed, core speed deals, deals core speed, core speed sale, sale core speed, core speed affordable, affordable core speed, core speed cost, cost core speed, core speed online, online core speed, core speed offline, offline core speed, core speed marketplace, marketplace core speed, core speed store, store core speed, core speed shop, shop core speed, core speed retailer, retailer core speed, core speed where to buy, where to buy core speed, core speed worst, worst core speed, core speed quality, quality core speed, core speed original, original core speed, core speed genuine, genuine core speed, core speed fake, fake core speed, core speed replica, replica core speed, core speed authentic, authentic core speed, core speed brand, brand core speed, core speed manufacturer, manufacturer core speed, core speed company, company core speed, core speed product, product core speed, core speed sony product, sony product core speed, core speed sell sony, sell sony core speed, core speed buy sony, buy sony core speed, core speed cheap sony, cheap sony core speed, core speed best sony, best sony core speed, core speed sony review, sony review core speed, core speed where to buy sony, where to buy sony core speed, core speed how to choose sony, how to choose sony core speed, core speed top sony, top sony core speed, core speed sony guide, sony guide core speed, core speed sony for sale, sony for sale core speed, core speed sony deals, sony deals core speed
2026-09-24 04:34:55,856 - INFO - Expanded 220 seed keywords to 385 variations
2026-09-24 04:34:55,856 - INFO - Language: en
2026-09-24 04:34:55,856 - INFO - Region: us
2026-09-24 04:39:26,404 - INFO - 🎯 After all filtering for 'sony': 120 relevant keywords
2026-09-24 04:39:27,356 - INFO - 🎯 Found 5 new keywords for niche 'sony': sony affordable core speed, sony affordable overclocking capability, cheap alternatives core speed, cheap alternatives overclocking capability, best authentic core speed
2026-09-24 04:39:43,355 - INFO - ✅ Niche 'sony' process complete! 692 total keyword results.
2026-09-24 04:39:43,355 - INFO - ✅ Completed processing niche: 'sony'
2026-09-24 04:39:43,355 - INFO - 🔧 Request Handler final stats - Success rate: 100.0%
2026-09-24 04:39:43,355 - INFO -    Total requests: 204660, Blocks: 1
2026-09-24 04:39:43,356 - INFO - 
========================================
2026-09-24 04:39:43,356 - INFO - Process Summary:
2026-09-24 04:39:43,356 - INFO - - Current niche: 'sony'
2026-09-24 04:39:43,357 - INFO - - Next niche will be: 'asus'
2026-09-24 04:39:43,357 - INFO - - Keywords saved in: languages/english/keywords/sony/
2026-09-24 04:39:43,357 - INFO - ========================================
