2026-10-09 21:19:05,575 - INFO - Log file created at: /home/runner/work/potensitech.com/potensitech.com/languages/english/keywords/logs/kw_search_20261009_211905.log
2026-10-09 21:19:05,575 - INFO - ============================================================
2026-10-09 21:19:05,575 - INFO - AUTOMATIC KEYWORD RESEARCH TOOL
2026-10-09 21:19:05,575 - INFO - ============================================================
2026-10-09 21:19:05,936 - INFO - ========================================
2026-10-09 21:19:05,936 - INFO - Found 14 niches to process: xiaomi, iphone, samsung, apple, sony, asus, philips, sandisk, intel, nvidia, amd, canon, nikon, huawei
2026-10-09 21:19:05,936 - INFO - ========================================
2026-10-09 21:19:05,936 - INFO - Continuing from last processed niche: asus
2026-10-09 21:19:05,936 - INFO - ========================================
2026-10-09 21:19:05,936 - INFO - 🎯 PROCESSING NICHE 7/14: 'philips'
2026-10-09 21:19:05,936 - INFO - ========================================
2026-10-09 21:19:05,936 - INFO - 📁 Niche directory: /home/runner/work/potensitech.com/potensitech.com/languages/english/keywords/philips
2026-10-09 21:19:05,937 - INFO - Selected region: us
2026-10-09 21:19:05,937 - INFO - Selected language: en
2026-10-09 21:19:05,937 - INFO - 🎯 Current niche: philips
2026-10-09 21:19:17,243 - INFO - 🎯 Niche terms for filtering: philips, cheap, best, latest, review, price, sell, buy, recommendation, tips, tutorial, guide, how to, vs, versus, compared to, comparison, alternatives, which is better, expensive, discount, deals, sale, affordable, cost, online, offline, marketplace, store, shop, retailer, where to buy, worst, quality, original, genuine, fake, replica, authentic, brand, manufacturer, company, product, philips product, sell philips, buy philips, cheap philips, best philips, philips review, where to buy philips, how to choose philips, top philips, philips guide, philips for sale, philips deals
2026-10-09 21:19:17,244 - INFO - Generated 50 niche-clue pairs for 'philips'.
2026-10-09 21:19:17,246 - INFO - Expanded 50 seed keywords to 218 variations
2026-10-09 21:19:17,247 - INFO - 🔧 Request Handler initialized - Success rate: 100.0%
2026-10-09 21:23:39,882 - INFO - Original clue keywords: android, battery
2026-10-09 21:23:39,882 - INFO - Niche-focused seeds: android philips, philips android, android cheap, cheap android, android best, best android, android latest, latest android, android review, review android, android price, price android, android sell, sell android, android buy, buy android, android recommendation, recommendation android, android tips, tips android, android tutorial, tutorial android, android guide, guide android, android how to, how to android, android vs, vs android, android versus, versus android, android compared to, compared to android, android comparison, comparison android, android alternatives, alternatives android, android which is better, which is better android, android expensive, expensive android, android discount, discount android, android deals, deals android, android sale, sale android, android affordable, affordable android, android cost, cost android, android online, online android, android offline, offline android, android marketplace, marketplace android, android store, store android, android shop, shop android, android retailer, retailer android, android where to buy, where to buy android, android worst, worst android, android quality, quality android, android original, original android, android genuine, genuine android, android fake, fake android, android replica, replica android, android authentic, authentic android, android brand, brand android, android manufacturer, manufacturer android, android company, company android, android product, product android, android philips product, philips product android, android sell philips, sell philips android, android buy philips, buy philips android, android cheap philips, cheap philips android, android best philips, best philips android, android philips review, philips review android, android where to buy philips, where to buy philips android, android how to choose philips, how to choose philips android, android top philips, top philips android, android philips guide, philips guide android, android philips for sale, philips for sale android, android philips deals, philips deals android, battery philips, philips battery, battery cheap, cheap battery, battery best, best battery, battery latest, latest battery, battery review, review battery, battery price, price battery, battery sell, sell battery, battery buy, buy battery, battery recommendation, recommendation battery, battery tips, tips battery, battery tutorial, tutorial battery, battery guide, guide battery, battery how to, how to battery, battery vs, vs battery, battery versus, versus battery, battery compared to, compared to battery, battery comparison, comparison battery, battery alternatives, alternatives battery, battery which is better, which is better battery, battery expensive, expensive battery, battery discount, discount battery, battery deals, deals battery, battery sale, sale battery, battery affordable, affordable battery, battery cost, cost battery, battery online, online battery, battery offline, offline battery, battery marketplace, marketplace battery, battery store, store battery, battery shop, shop battery, battery retailer, retailer battery, battery where to buy, where to buy battery, battery worst, worst battery, battery quality, quality battery, battery original, original battery, battery genuine, genuine battery, battery fake, fake battery, battery replica, replica battery, battery authentic, authentic battery, battery brand, brand battery, battery manufacturer, manufacturer battery, battery company, company battery, battery product, product battery, battery philips product, philips product battery, battery sell philips, sell philips battery, battery buy philips, buy philips battery, battery cheap philips, cheap philips battery, battery best philips, best philips battery, battery philips review, philips review battery, battery where to buy philips, where to buy philips battery, battery how to choose philips, how to choose philips battery, battery top philips, top philips battery, battery philips guide, philips guide battery, battery philips for sale, philips for sale battery, battery philips deals, philips deals battery
2026-10-09 21:23:39,885 - INFO - Expanded 220 seed keywords to 385 variations
2026-10-09 21:23:39,885 - INFO - Language: en
2026-10-09 21:23:39,885 - INFO - Region: us
2026-10-09 21:27:36,479 - INFO - 🎯 After all filtering for 'philips': 120 relevant keywords
2026-10-09 21:27:36,656 - INFO - 🎯 Found 5 new keywords for niche 'philips': philips affordable android, cheap affordable android, best affordable android, how to affordable android, philips affordable battery
2026-10-09 21:27:53,086 - INFO - ✅ Niche 'philips' process complete! 765 total keyword results.
2026-10-09 21:27:53,086 - INFO - ✅ Completed processing niche: 'philips'
2026-10-09 21:27:53,086 - INFO - 🔧 Request Handler final stats - Success rate: 100.0%
2026-10-09 21:27:53,086 - INFO -    Total requests: 218750, Blocks: 1
2026-10-09 21:27:53,087 - INFO - 
========================================
2026-10-09 21:27:53,087 - INFO - Process Summary:
2026-10-09 21:27:53,087 - INFO - - Current niche: 'philips'
2026-10-09 21:27:53,087 - INFO - - Next niche will be: 'sandisk'
2026-10-09 21:27:53,087 - INFO - - Keywords saved in: languages/english/keywords/philips/
2026-10-09 21:27:53,087 - INFO - ========================================
