2026-08-22 21:53:18,224 - INFO - Log file created at: /home/runner/work/potensitech.com/potensitech.com/languages/english/keywords/logs/kw_search_20260822_215318.log
2026-08-22 21:53:18,224 - INFO - ============================================================
2026-08-22 21:53:18,224 - INFO - AUTOMATIC KEYWORD RESEARCH TOOL
2026-08-22 21:53:18,224 - INFO - ============================================================
2026-08-22 21:53:18,447 - INFO - ========================================
2026-08-22 21:53:18,447 - INFO - Found 14 niches to process: xiaomi, iphone, samsung, apple, sony, asus, philips, sandisk, intel, nvidia, amd, canon, nikon, huawei
2026-08-22 21:53:18,447 - INFO - ========================================
2026-08-22 21:53:18,447 - INFO - Continuing from last processed niche: asus
2026-08-22 21:53:18,447 - INFO - ========================================
2026-08-22 21:53:18,447 - INFO - 🎯 PROCESSING NICHE 7/14: 'philips'
2026-08-22 21:53:18,447 - INFO - ========================================
2026-08-22 21:53:18,447 - INFO - 📁 Niche directory: /home/runner/work/potensitech.com/potensitech.com/languages/english/keywords/philips
2026-08-22 21:53:18,447 - INFO - Selected region: us
2026-08-22 21:53:18,447 - INFO - Selected language: en
2026-08-22 21:53:18,447 - INFO - 🎯 Current niche: philips
2026-08-22 21:53:29,759 - INFO - 🎯 Niche terms for filtering: philips, cheap, best, latest, review, price, sell, buy, recommendation, tips, tutorial, guide, how to, vs, versus, compared to, comparison, alternatives, which is better, expensive, discount, deals, sale, affordable, cost, online, offline, marketplace, store, shop, retailer, where to buy, worst, quality, original, genuine, fake, replica, authentic, brand, manufacturer, company, product, philips product, sell philips, buy philips, cheap philips, best philips, philips review, where to buy philips, how to choose philips, top philips, philips guide, philips for sale, philips deals
2026-08-22 21:53:29,760 - INFO - Generated 50 niche-clue pairs for 'philips'.
2026-08-22 21:53:29,761 - INFO - Expanded 50 seed keywords to 218 variations
2026-08-22 21:53:29,762 - INFO - 🔧 Request Handler initialized - Success rate: 100.0%
2026-08-22 21:57:52,343 - INFO - Original clue keywords: gpu performance, data storage
2026-08-22 21:57:52,343 - INFO - Niche-focused seeds: gpu performance philips, philips gpu performance, gpu performance cheap, cheap gpu performance, gpu performance best, best gpu performance, gpu performance latest, latest gpu performance, gpu performance review, review gpu performance, gpu performance price, price gpu performance, gpu performance sell, sell gpu performance, gpu performance buy, buy gpu performance, gpu performance recommendation, recommendation gpu performance, gpu performance tips, tips gpu performance, gpu performance tutorial, tutorial gpu performance, gpu performance guide, guide gpu performance, gpu performance how to, how to gpu performance, gpu performance vs, vs gpu performance, gpu performance versus, versus gpu performance, gpu performance compared to, compared to gpu performance, gpu performance comparison, comparison gpu performance, gpu performance alternatives, alternatives gpu performance, gpu performance which is better, which is better gpu performance, gpu performance expensive, expensive gpu performance, gpu performance discount, discount gpu performance, gpu performance deals, deals gpu performance, gpu performance sale, sale gpu performance, gpu performance affordable, affordable gpu performance, gpu performance cost, cost gpu performance, gpu performance online, online gpu performance, gpu performance offline, offline gpu performance, gpu performance marketplace, marketplace gpu performance, gpu performance store, store gpu performance, gpu performance shop, shop gpu performance, gpu performance retailer, retailer gpu performance, gpu performance where to buy, where to buy gpu performance, gpu performance worst, worst gpu performance, gpu performance quality, quality gpu performance, gpu performance original, original gpu performance, gpu performance genuine, genuine gpu performance, gpu performance fake, fake gpu performance, gpu performance replica, replica gpu performance, gpu performance authentic, authentic gpu performance, gpu performance brand, brand gpu performance, gpu performance manufacturer, manufacturer gpu performance, gpu performance company, company gpu performance, gpu performance product, product gpu performance, gpu performance philips product, philips product gpu performance, gpu performance sell philips, sell philips gpu performance, gpu performance buy philips, buy philips gpu performance, gpu performance cheap philips, cheap philips gpu performance, gpu performance best philips, best philips gpu performance, gpu performance philips review, philips review gpu performance, gpu performance where to buy philips, where to buy philips gpu performance, gpu performance how to choose philips, how to choose philips gpu performance, gpu performance top philips, top philips gpu performance, gpu performance philips guide, philips guide gpu performance, gpu performance philips for sale, philips for sale gpu performance, gpu performance philips deals, philips deals gpu performance, data storage philips, philips data storage, data storage cheap, cheap data storage, data storage best, best data storage, data storage latest, latest data storage, data storage review, review data storage, data storage price, price data storage, data storage sell, sell data storage, data storage buy, buy data storage, data storage recommendation, recommendation data storage, data storage tips, tips data storage, data storage tutorial, tutorial data storage, data storage guide, guide data storage, data storage how to, how to data storage, data storage vs, vs data storage, data storage versus, versus data storage, data storage compared to, compared to data storage, data storage comparison, comparison data storage, data storage alternatives, alternatives data storage, data storage which is better, which is better data storage, data storage expensive, expensive data storage, data storage discount, discount data storage, data storage deals, deals data storage, data storage sale, sale data storage, data storage affordable, affordable data storage, data storage cost, cost data storage, data storage online, online data storage, data storage offline, offline data storage, data storage marketplace, marketplace data storage, data storage store, store data storage, data storage shop, shop data storage, data storage retailer, retailer data storage, data storage where to buy, where to buy data storage, data storage worst, worst data storage, data storage quality, quality data storage, data storage original, original data storage, data storage genuine, genuine data storage, data storage fake, fake data storage, data storage replica, replica data storage, data storage authentic, authentic data storage, data storage brand, brand data storage, data storage manufacturer, manufacturer data storage, data storage company, company data storage, data storage product, product data storage, data storage philips product, philips product data storage, data storage sell philips, sell philips data storage, data storage buy philips, buy philips data storage, data storage cheap philips, cheap philips data storage, data storage best philips, best philips data storage, data storage philips review, philips review data storage, data storage where to buy philips, where to buy philips data storage, data storage how to choose philips, how to choose philips data storage, data storage top philips, top philips data storage, data storage philips guide, philips guide data storage, data storage philips for sale, philips for sale data storage, data storage philips deals, philips deals data storage
2026-08-22 21:57:52,345 - INFO - Expanded 220 seed keywords to 385 variations
2026-08-22 21:57:52,345 - INFO - Language: en
2026-08-22 21:57:52,345 - INFO - Region: us
2026-08-22 22:00:14,024 - INFO - 🎯 After all filtering for 'philips': 120 relevant keywords
2026-08-22 22:00:14,782 - INFO - 🎯 Found 5 new keywords for niche 'philips': philips affordable data storage, philips affordable gpu performance, cheap alternatives data storage, cheap alternatives gpu performance, best authentic data storage
2026-08-22 22:00:31,663 - INFO - ✅ Niche 'philips' process complete! 701 total keyword results.
2026-08-22 22:00:31,663 - INFO - ✅ Completed processing niche: 'philips'
2026-08-22 22:00:31,663 - INFO - 🔧 Request Handler final stats - Success rate: 100.0%
2026-08-22 22:00:31,663 - INFO -    Total requests: 178308, Blocks: 1
2026-08-22 22:00:31,664 - INFO - 
========================================
2026-08-22 22:00:31,664 - INFO - Process Summary:
2026-08-22 22:00:31,664 - INFO - - Current niche: 'philips'
2026-08-22 22:00:31,664 - INFO - - Next niche will be: 'sandisk'
2026-08-22 22:00:31,664 - INFO - - Keywords saved in: languages/english/keywords/philips/
2026-08-22 22:00:31,665 - INFO - ========================================
