2026-09-13 17:26:53,520 - INFO - Log file created at: /home/runner/work/potensitech.com/potensitech.com/languages/english/keywords/logs/kw_search_20260913_172653.log
2026-09-13 17:26:53,520 - INFO - ============================================================
2026-09-13 17:26:53,520 - INFO - AUTOMATIC KEYWORD RESEARCH TOOL
2026-09-13 17:26:53,520 - INFO - ============================================================
2026-09-13 17:26:53,875 - INFO - ========================================
2026-09-13 17:26:53,875 - INFO - Found 14 niches to process: xiaomi, iphone, samsung, apple, sony, asus, philips, sandisk, intel, nvidia, amd, canon, nikon, huawei
2026-09-13 17:26:53,875 - INFO - ========================================
2026-09-13 17:26:53,875 - INFO - Continuing from last processed niche: canon
2026-09-13 17:26:53,875 - INFO - ========================================
2026-09-13 17:26:53,876 - INFO - 🎯 PROCESSING NICHE 13/14: 'nikon'
2026-09-13 17:26:53,876 - INFO - ========================================
2026-09-13 17:26:53,876 - INFO - 📁 Niche directory: /home/runner/work/potensitech.com/potensitech.com/languages/english/keywords/nikon
2026-09-13 17:26:53,876 - INFO - Selected region: us
2026-09-13 17:26:53,876 - INFO - Selected language: en
2026-09-13 17:26:53,876 - INFO - 🎯 Current niche: nikon
2026-09-13 17:27:04,966 - INFO - 🎯 Niche terms for filtering: nikon, cheap, best, latest, review, price, sell, buy, recommendation, tips, tutorial, guide, how to, vs, versus, compared to, comparison, alternatives, which is better, expensive, discount, deals, sale, affordable, cost, online, offline, marketplace, store, shop, retailer, where to buy, worst, quality, original, genuine, fake, replica, authentic, brand, manufacturer, company, product, nikon product, sell nikon, buy nikon, cheap nikon, best nikon, nikon review, where to buy nikon, how to choose nikon, top nikon, nikon guide, nikon for sale, nikon deals
2026-09-13 17:27:04,966 - INFO - Generated 50 niche-clue pairs for 'nikon'.
2026-09-13 17:27:04,970 - INFO - Expanded 50 seed keywords to 218 variations
2026-09-13 17:27:04,970 - INFO - 🔧 Request Handler initialized - Success rate: 100.0%
2026-09-13 17:31:23,257 - INFO - Original clue keywords: dlss technology, cuda cores
2026-09-13 17:31:23,257 - INFO - Niche-focused seeds: dlss technology nikon, nikon dlss technology, dlss technology cheap, cheap dlss technology, dlss technology best, best dlss technology, dlss technology latest, latest dlss technology, dlss technology review, review dlss technology, dlss technology price, price dlss technology, dlss technology sell, sell dlss technology, dlss technology buy, buy dlss technology, dlss technology recommendation, recommendation dlss technology, dlss technology tips, tips dlss technology, dlss technology tutorial, tutorial dlss technology, dlss technology guide, guide dlss technology, dlss technology how to, how to dlss technology, dlss technology vs, vs dlss technology, dlss technology versus, versus dlss technology, dlss technology compared to, compared to dlss technology, dlss technology comparison, comparison dlss technology, dlss technology alternatives, alternatives dlss technology, dlss technology which is better, which is better dlss technology, dlss technology expensive, expensive dlss technology, dlss technology discount, discount dlss technology, dlss technology deals, deals dlss technology, dlss technology sale, sale dlss technology, dlss technology affordable, affordable dlss technology, dlss technology cost, cost dlss technology, dlss technology online, online dlss technology, dlss technology offline, offline dlss technology, dlss technology marketplace, marketplace dlss technology, dlss technology store, store dlss technology, dlss technology shop, shop dlss technology, dlss technology retailer, retailer dlss technology, dlss technology where to buy, where to buy dlss technology, dlss technology worst, worst dlss technology, dlss technology quality, quality dlss technology, dlss technology original, original dlss technology, dlss technology genuine, genuine dlss technology, dlss technology fake, fake dlss technology, dlss technology replica, replica dlss technology, dlss technology authentic, authentic dlss technology, dlss technology brand, brand dlss technology, dlss technology manufacturer, manufacturer dlss technology, dlss technology company, company dlss technology, dlss technology product, product dlss technology, dlss technology nikon product, nikon product dlss technology, dlss technology sell nikon, sell nikon dlss technology, dlss technology buy nikon, buy nikon dlss technology, dlss technology cheap nikon, cheap nikon dlss technology, dlss technology best nikon, best nikon dlss technology, dlss technology nikon review, nikon review dlss technology, dlss technology where to buy nikon, where to buy nikon dlss technology, dlss technology how to choose nikon, how to choose nikon dlss technology, dlss technology top nikon, top nikon dlss technology, dlss technology nikon guide, nikon guide dlss technology, dlss technology nikon for sale, nikon for sale dlss technology, dlss technology nikon deals, nikon deals dlss technology, cuda cores nikon, nikon cuda cores, cuda cores cheap, cheap cuda cores, cuda cores best, best cuda cores, cuda cores latest, latest cuda cores, cuda cores review, review cuda cores, cuda cores price, price cuda cores, cuda cores sell, sell cuda cores, cuda cores buy, buy cuda cores, cuda cores recommendation, recommendation cuda cores, cuda cores tips, tips cuda cores, cuda cores tutorial, tutorial cuda cores, cuda cores guide, guide cuda cores, cuda cores how to, how to cuda cores, cuda cores vs, vs cuda cores, cuda cores versus, versus cuda cores, cuda cores compared to, compared to cuda cores, cuda cores comparison, comparison cuda cores, cuda cores alternatives, alternatives cuda cores, cuda cores which is better, which is better cuda cores, cuda cores expensive, expensive cuda cores, cuda cores discount, discount cuda cores, cuda cores deals, deals cuda cores, cuda cores sale, sale cuda cores, cuda cores affordable, affordable cuda cores, cuda cores cost, cost cuda cores, cuda cores online, online cuda cores, cuda cores offline, offline cuda cores, cuda cores marketplace, marketplace cuda cores, cuda cores store, store cuda cores, cuda cores shop, shop cuda cores, cuda cores retailer, retailer cuda cores, cuda cores where to buy, where to buy cuda cores, cuda cores worst, worst cuda cores, cuda cores quality, quality cuda cores, cuda cores original, original cuda cores, cuda cores genuine, genuine cuda cores, cuda cores fake, fake cuda cores, cuda cores replica, replica cuda cores, cuda cores authentic, authentic cuda cores, cuda cores brand, brand cuda cores, cuda cores manufacturer, manufacturer cuda cores, cuda cores company, company cuda cores, cuda cores product, product cuda cores, cuda cores nikon product, nikon product cuda cores, cuda cores sell nikon, sell nikon cuda cores, cuda cores buy nikon, buy nikon cuda cores, cuda cores cheap nikon, cheap nikon cuda cores, cuda cores best nikon, best nikon cuda cores, cuda cores nikon review, nikon review cuda cores, cuda cores where to buy nikon, where to buy nikon cuda cores, cuda cores how to choose nikon, how to choose nikon cuda cores, cuda cores top nikon, top nikon cuda cores, cuda cores nikon guide, nikon guide cuda cores, cuda cores nikon for sale, nikon for sale cuda cores, cuda cores nikon deals, nikon deals cuda cores
2026-09-13 17:31:23,260 - INFO - Expanded 220 seed keywords to 385 variations
2026-09-13 17:31:23,260 - INFO - Language: en
2026-09-13 17:31:23,260 - INFO - Region: us
2026-09-13 17:33:50,736 - INFO - 🎯 After all filtering for 'nikon': 120 relevant keywords
2026-09-13 17:33:52,876 - INFO - 🎯 Found 5 new keywords for niche 'nikon': nikon affordable cuda cores, nikon affordable dlss technology, cheap alternatives cuda cores, best authentic cuda cores, how to brand cuda cores
2026-09-13 17:34:09,493 - INFO - ✅ Niche 'nikon' process complete! 704 total keyword results.
2026-09-13 17:34:09,493 - INFO - ✅ Completed processing niche: 'nikon'
2026-09-13 17:34:09,493 - INFO - 🔧 Request Handler final stats - Success rate: 100.0%
2026-09-13 17:34:09,493 - INFO -    Total requests: 195820, Blocks: 1
2026-09-13 17:34:09,494 - INFO - 
========================================
2026-09-13 17:34:09,495 - INFO - Process Summary:
2026-09-13 17:34:09,495 - INFO - - Current niche: 'nikon'
2026-09-13 17:34:09,495 - INFO - - Next niche will be: 'huawei'
2026-09-13 17:34:09,495 - INFO - - Keywords saved in: languages/english/keywords/nikon/
2026-09-13 17:34:09,495 - INFO - ========================================
