2026-09-05 08:39:06,983 - INFO - Log file created at: /home/runner/work/potensitech.com/potensitech.com/languages/english/keywords/logs/kw_search_20260905_083906.log
2026-09-05 08:39:06,984 - INFO - ============================================================
2026-09-05 08:39:06,984 - INFO - AUTOMATIC KEYWORD RESEARCH TOOL
2026-09-05 08:39:06,984 - INFO - ============================================================
2026-09-05 08:39:07,324 - INFO - ========================================
2026-09-05 08:39:07,325 - INFO - Found 14 niches to process: xiaomi, iphone, samsung, apple, sony, asus, philips, sandisk, intel, nvidia, amd, canon, nikon, huawei
2026-09-05 08:39:07,325 - INFO - ========================================
2026-09-05 08:39:07,325 - INFO - Continuing from last processed niche: canon
2026-09-05 08:39:07,325 - INFO - ========================================
2026-09-05 08:39:07,325 - INFO - 🎯 PROCESSING NICHE 13/14: 'nikon'
2026-09-05 08:39:07,325 - INFO - ========================================
2026-09-05 08:39:07,325 - INFO - 📁 Niche directory: /home/runner/work/potensitech.com/potensitech.com/languages/english/keywords/nikon
2026-09-05 08:39:07,325 - INFO - Selected region: us
2026-09-05 08:39:07,325 - INFO - Selected language: en
2026-09-05 08:39:07,325 - INFO - 🎯 Current niche: nikon
2026-09-05 08:39:18,898 - INFO - 🎯 Niche terms for filtering: nikon, cheap, best, latest, review, price, sell, buy, recommendation, tips, tutorial, guide, how to, vs, versus, compared to, comparison, alternatives, which is better, expensive, discount, deals, sale, affordable, cost, online, offline, marketplace, store, shop, retailer, where to buy, worst, quality, original, genuine, fake, replica, authentic, brand, manufacturer, company, product, nikon product, sell nikon, buy nikon, cheap nikon, best nikon, nikon review, where to buy nikon, how to choose nikon, top nikon, nikon guide, nikon for sale, nikon deals
2026-09-05 08:39:18,898 - INFO - Generated 50 niche-clue pairs for 'nikon'.
2026-09-05 08:39:18,902 - INFO - Expanded 50 seed keywords to 218 variations
2026-09-05 08:39:18,903 - INFO - 🔧 Request Handler initialized - Success rate: 100.0%
2026-09-05 08:43:46,445 - INFO - Original clue keywords: durability, mirrorless innovation
2026-09-05 08:43:46,446 - INFO - Niche-focused seeds: durability nikon, nikon durability, durability cheap, cheap durability, durability best, best durability, durability latest, latest durability, durability review, review durability, durability price, price durability, durability sell, sell durability, durability buy, buy durability, durability recommendation, recommendation durability, durability tips, tips durability, durability tutorial, tutorial durability, durability guide, guide durability, durability how to, how to durability, durability vs, vs durability, durability versus, versus durability, durability compared to, compared to durability, durability comparison, comparison durability, durability alternatives, alternatives durability, durability which is better, which is better durability, durability expensive, expensive durability, durability discount, discount durability, durability deals, deals durability, durability sale, sale durability, durability affordable, affordable durability, durability cost, cost durability, durability online, online durability, durability offline, offline durability, durability marketplace, marketplace durability, durability store, store durability, durability shop, shop durability, durability retailer, retailer durability, durability where to buy, where to buy durability, durability worst, worst durability, durability quality, quality durability, durability original, original durability, durability genuine, genuine durability, durability fake, fake durability, durability replica, replica durability, durability authentic, authentic durability, durability brand, brand durability, durability manufacturer, manufacturer durability, durability company, company durability, durability product, product durability, durability nikon product, nikon product durability, durability sell nikon, sell nikon durability, durability buy nikon, buy nikon durability, durability cheap nikon, cheap nikon durability, durability best nikon, best nikon durability, durability nikon review, nikon review durability, durability where to buy nikon, where to buy nikon durability, durability how to choose nikon, how to choose nikon durability, durability top nikon, top nikon durability, durability nikon guide, nikon guide durability, durability nikon for sale, nikon for sale durability, durability nikon deals, nikon deals durability, mirrorless innovation nikon, nikon mirrorless innovation, mirrorless innovation cheap, cheap mirrorless innovation, mirrorless innovation best, best mirrorless innovation, mirrorless innovation latest, latest mirrorless innovation, mirrorless innovation review, review mirrorless innovation, mirrorless innovation price, price mirrorless innovation, mirrorless innovation sell, sell mirrorless innovation, mirrorless innovation buy, buy mirrorless innovation, mirrorless innovation recommendation, recommendation mirrorless innovation, mirrorless innovation tips, tips mirrorless innovation, mirrorless innovation tutorial, tutorial mirrorless innovation, mirrorless innovation guide, guide mirrorless innovation, mirrorless innovation how to, how to mirrorless innovation, mirrorless innovation vs, vs mirrorless innovation, mirrorless innovation versus, versus mirrorless innovation, mirrorless innovation compared to, compared to mirrorless innovation, mirrorless innovation comparison, comparison mirrorless innovation, mirrorless innovation alternatives, alternatives mirrorless innovation, mirrorless innovation which is better, which is better mirrorless innovation, mirrorless innovation expensive, expensive mirrorless innovation, mirrorless innovation discount, discount mirrorless innovation, mirrorless innovation deals, deals mirrorless innovation, mirrorless innovation sale, sale mirrorless innovation, mirrorless innovation affordable, affordable mirrorless innovation, mirrorless innovation cost, cost mirrorless innovation, mirrorless innovation online, online mirrorless innovation, mirrorless innovation offline, offline mirrorless innovation, mirrorless innovation marketplace, marketplace mirrorless innovation, mirrorless innovation store, store mirrorless innovation, mirrorless innovation shop, shop mirrorless innovation, mirrorless innovation retailer, retailer mirrorless innovation, mirrorless innovation where to buy, where to buy mirrorless innovation, mirrorless innovation worst, worst mirrorless innovation, mirrorless innovation quality, quality mirrorless innovation, mirrorless innovation original, original mirrorless innovation, mirrorless innovation genuine, genuine mirrorless innovation, mirrorless innovation fake, fake mirrorless innovation, mirrorless innovation replica, replica mirrorless innovation, mirrorless innovation authentic, authentic mirrorless innovation, mirrorless innovation brand, brand mirrorless innovation, mirrorless innovation manufacturer, manufacturer mirrorless innovation, mirrorless innovation company, company mirrorless innovation, mirrorless innovation product, product mirrorless innovation, mirrorless innovation nikon product, nikon product mirrorless innovation, mirrorless innovation sell nikon, sell nikon mirrorless innovation, mirrorless innovation buy nikon, buy nikon mirrorless innovation, mirrorless innovation cheap nikon, cheap nikon mirrorless innovation, mirrorless innovation best nikon, best nikon mirrorless innovation, mirrorless innovation nikon review, nikon review mirrorless innovation, mirrorless innovation where to buy nikon, where to buy nikon mirrorless innovation, mirrorless innovation how to choose nikon, how to choose nikon mirrorless innovation, mirrorless innovation top nikon, top nikon mirrorless innovation, mirrorless innovation nikon guide, nikon guide mirrorless innovation, mirrorless innovation nikon for sale, nikon for sale mirrorless innovation, mirrorless innovation nikon deals, nikon deals mirrorless innovation
2026-09-05 08:43:46,449 - INFO - Expanded 220 seed keywords to 385 variations
2026-09-05 08:43:46,449 - INFO - Language: en
2026-09-05 08:43:46,449 - INFO - Region: us
2026-09-05 08:48:14,389 - INFO - 🎯 After all filtering for 'nikon': 120 relevant keywords
2026-09-05 08:48:14,616 - INFO - 🎯 Found 5 new keywords for niche 'nikon': nikon affordable durability, cheap affordable durability, best affordable durability, how to affordable durability, nikon alternatives durability
2026-09-05 08:48:31,178 - INFO - ✅ Niche 'nikon' process complete! 693 total keyword results.
2026-09-05 08:48:31,178 - INFO - ✅ Completed processing niche: 'nikon'
2026-09-05 08:48:31,178 - INFO - 🔧 Request Handler final stats - Success rate: 100.0%
2026-09-05 08:48:31,179 - INFO -    Total requests: 188747, Blocks: 1
2026-09-05 08:48:31,179 - INFO - 
========================================
2026-09-05 08:48:31,180 - INFO - Process Summary:
2026-09-05 08:48:31,180 - INFO - - Current niche: 'nikon'
2026-09-05 08:48:31,180 - INFO - - Next niche will be: 'huawei'
2026-09-05 08:48:31,180 - INFO - - Keywords saved in: languages/english/keywords/nikon/
2026-09-05 08:48:31,181 - INFO - ========================================
