2026-10-06 01:53:00,411 - INFO - Log file created at: /home/runner/work/potensitech.com/potensitech.com/languages/english/keywords/logs/kw_search_20261006_015300.log
2026-10-06 01:53:00,412 - INFO - ============================================================
2026-10-06 01:53:00,412 - INFO - AUTOMATIC KEYWORD RESEARCH TOOL
2026-10-06 01:53:00,412 - INFO - ============================================================
2026-10-06 01:53:00,825 - INFO - ========================================
2026-10-06 01:53:00,825 - INFO - Found 14 niches to process: xiaomi, iphone, samsung, apple, sony, asus, philips, sandisk, intel, nvidia, amd, canon, nikon, huawei
2026-10-06 01:53:00,825 - INFO - ========================================
2026-10-06 01:53:00,825 - INFO - Continuing from last processed niche: amd
2026-10-06 01:53:00,825 - INFO - ========================================
2026-10-06 01:53:00,825 - INFO - 🎯 PROCESSING NICHE 12/14: 'canon'
2026-10-06 01:53:00,825 - INFO - ========================================
2026-10-06 01:53:00,826 - INFO - 📁 Niche directory: /home/runner/work/potensitech.com/potensitech.com/languages/english/keywords/canon
2026-10-06 01:53:00,826 - INFO - Selected region: us
2026-10-06 01:53:00,826 - INFO - Selected language: en
2026-10-06 01:53:00,826 - INFO - 🎯 Current niche: canon
2026-10-06 01:53:11,911 - INFO - 🎯 Niche terms for filtering: canon, cheap, best, latest, review, price, sell, buy, recommendation, tips, tutorial, guide, how to, vs, versus, compared to, comparison, alternatives, which is better, expensive, discount, deals, sale, affordable, cost, online, offline, marketplace, store, shop, retailer, where to buy, worst, quality, original, genuine, fake, replica, authentic, brand, manufacturer, company, product, canon product, sell canon, buy canon, cheap canon, best canon, canon review, where to buy canon, how to choose canon, top canon, canon guide, canon for sale, canon deals
2026-10-06 01:53:11,911 - INFO - Generated 50 niche-clue pairs for 'canon'.
2026-10-06 01:53:11,914 - INFO - Expanded 50 seed keywords to 218 variations
2026-10-06 01:53:11,915 - INFO - 🔧 Request Handler initialized - Success rate: 100.0%
2026-10-06 01:57:37,335 - INFO - Original clue keywords: digital photography, oled display
2026-10-06 01:57:37,335 - INFO - Niche-focused seeds: digital photography canon, canon digital photography, digital photography cheap, cheap digital photography, digital photography best, best digital photography, digital photography latest, latest digital photography, digital photography review, review digital photography, digital photography price, price digital photography, digital photography sell, sell digital photography, digital photography buy, buy digital photography, digital photography recommendation, recommendation digital photography, digital photography tips, tips digital photography, digital photography tutorial, tutorial digital photography, digital photography guide, guide digital photography, digital photography how to, how to digital photography, digital photography vs, vs digital photography, digital photography versus, versus digital photography, digital photography compared to, compared to digital photography, digital photography comparison, comparison digital photography, digital photography alternatives, alternatives digital photography, digital photography which is better, which is better digital photography, digital photography expensive, expensive digital photography, digital photography discount, discount digital photography, digital photography deals, deals digital photography, digital photography sale, sale digital photography, digital photography affordable, affordable digital photography, digital photography cost, cost digital photography, digital photography online, online digital photography, digital photography offline, offline digital photography, digital photography marketplace, marketplace digital photography, digital photography store, store digital photography, digital photography shop, shop digital photography, digital photography retailer, retailer digital photography, digital photography where to buy, where to buy digital photography, digital photography worst, worst digital photography, digital photography quality, quality digital photography, digital photography original, original digital photography, digital photography genuine, genuine digital photography, digital photography fake, fake digital photography, digital photography replica, replica digital photography, digital photography authentic, authentic digital photography, digital photography brand, brand digital photography, digital photography manufacturer, manufacturer digital photography, digital photography company, company digital photography, digital photography product, product digital photography, digital photography canon product, canon product digital photography, digital photography sell canon, sell canon digital photography, digital photography buy canon, buy canon digital photography, digital photography cheap canon, cheap canon digital photography, digital photography best canon, best canon digital photography, digital photography canon review, canon review digital photography, digital photography where to buy canon, where to buy canon digital photography, digital photography how to choose canon, how to choose canon digital photography, digital photography top canon, top canon digital photography, digital photography canon guide, canon guide digital photography, digital photography canon for sale, canon for sale digital photography, digital photography canon deals, canon deals digital photography, oled display canon, canon oled display, oled display cheap, cheap oled display, oled display best, best oled display, oled display latest, latest oled display, oled display review, review oled display, oled display price, price oled display, oled display sell, sell oled display, oled display buy, buy oled display, oled display recommendation, recommendation oled display, oled display tips, tips oled display, oled display tutorial, tutorial oled display, oled display guide, guide oled display, oled display how to, how to oled display, oled display vs, vs oled display, oled display versus, versus oled display, oled display compared to, compared to oled display, oled display comparison, comparison oled display, oled display alternatives, alternatives oled display, oled display which is better, which is better oled display, oled display expensive, expensive oled display, oled display discount, discount oled display, oled display deals, deals oled display, oled display sale, sale oled display, oled display affordable, affordable oled display, oled display cost, cost oled display, oled display online, online oled display, oled display offline, offline oled display, oled display marketplace, marketplace oled display, oled display store, store oled display, oled display shop, shop oled display, oled display retailer, retailer oled display, oled display where to buy, where to buy oled display, oled display worst, worst oled display, oled display quality, quality oled display, oled display original, original oled display, oled display genuine, genuine oled display, oled display fake, fake oled display, oled display replica, replica oled display, oled display authentic, authentic oled display, oled display brand, brand oled display, oled display manufacturer, manufacturer oled display, oled display company, company oled display, oled display product, product oled display, oled display canon product, canon product oled display, oled display sell canon, sell canon oled display, oled display buy canon, buy canon oled display, oled display cheap canon, cheap canon oled display, oled display best canon, best canon oled display, oled display canon review, canon review oled display, oled display where to buy canon, where to buy canon oled display, oled display how to choose canon, how to choose canon oled display, oled display top canon, top canon oled display, oled display canon guide, canon guide oled display, oled display canon for sale, canon for sale oled display, oled display canon deals, canon deals oled display
2026-10-06 01:57:37,338 - INFO - Expanded 220 seed keywords to 385 variations
2026-10-06 01:57:37,338 - INFO - Language: en
2026-10-06 01:57:37,338 - INFO - Region: us
2026-10-06 01:59:45,831 - INFO - 🎯 After all filtering for 'canon': 120 relevant keywords
2026-10-06 01:59:47,115 - INFO - 🎯 Found 5 new keywords for niche 'canon': canon affordable digital photography, canon affordable oled display, cheap alternatives oled display, best authentic oled display, how to brand oled display
2026-10-06 02:00:03,339 - INFO - ✅ Niche 'canon' process complete! 745 total keyword results.
2026-10-06 02:00:03,339 - INFO - ✅ Completed processing niche: 'canon'
2026-10-06 02:00:03,339 - INFO - 🔧 Request Handler final stats - Success rate: 100.0%
2026-10-06 02:00:03,339 - INFO -    Total requests: 215383, Blocks: 1
2026-10-06 02:00:03,340 - INFO - 
========================================
2026-10-06 02:00:03,341 - INFO - Process Summary:
2026-10-06 02:00:03,341 - INFO - - Current niche: 'canon'
2026-10-06 02:00:03,341 - INFO - - Next niche will be: 'nikon'
2026-10-06 02:00:03,341 - INFO - - Keywords saved in: languages/english/keywords/canon/
2026-10-06 02:00:03,342 - INFO - ========================================
