2026-09-26 12:14:19,233 - INFO - Log file created at: /home/runner/work/potensitech.com/potensitech.com/languages/english/keywords/logs/kw_search_20260926_121419.log
2026-09-26 12:14:19,233 - INFO - ============================================================
2026-09-26 12:14:19,233 - INFO - AUTOMATIC KEYWORD RESEARCH TOOL
2026-09-26 12:14:19,233 - INFO - ============================================================
2026-09-26 12:14:19,629 - INFO - ========================================
2026-09-26 12:14:19,629 - INFO - Found 14 niches to process: xiaomi, iphone, samsung, apple, sony, asus, philips, sandisk, intel, nvidia, amd, canon, nikon, huawei
2026-09-26 12:14:19,629 - INFO - ========================================
2026-09-26 12:14:19,629 - INFO - Continuing from last processed niche: nikon
2026-09-26 12:14:19,630 - INFO - ========================================
2026-09-26 12:14:19,630 - INFO - 🎯 PROCESSING NICHE 14/14: 'huawei'
2026-09-26 12:14:19,630 - INFO - ========================================
2026-09-26 12:14:19,630 - INFO - 📁 Niche directory: /home/runner/work/potensitech.com/potensitech.com/languages/english/keywords/huawei
2026-09-26 12:14:19,630 - INFO - Selected region: us
2026-09-26 12:14:19,630 - INFO - Selected language: en
2026-09-26 12:14:19,630 - INFO - 🎯 Current niche: huawei
2026-09-26 12:14:30,538 - INFO - 🎯 Niche terms for filtering: huawei, cheap, best, latest, review, price, sell, buy, recommendation, tips, tutorial, guide, how to, vs, versus, compared to, comparison, alternatives, which is better, expensive, discount, deals, sale, affordable, cost, online, offline, marketplace, store, shop, retailer, where to buy, worst, quality, original, genuine, fake, replica, authentic, brand, manufacturer, company, product, huawei product, sell huawei, buy huawei, cheap huawei, best huawei, huawei review, where to buy huawei, how to choose huawei, top huawei, huawei guide, huawei for sale, huawei deals
2026-09-26 12:14:30,539 - INFO - Generated 50 niche-clue pairs for 'huawei'.
2026-09-26 12:14:30,542 - INFO - Expanded 50 seed keywords to 218 variations
2026-09-26 12:14:30,543 - INFO - 🔧 Request Handler initialized - Success rate: 100.0%
2026-09-26 12:18:51,927 - INFO - Original clue keywords: power efficiency, smartphone features
2026-09-26 12:18:51,927 - INFO - Niche-focused seeds: power efficiency huawei, huawei power efficiency, power efficiency cheap, cheap power efficiency, power efficiency best, best power efficiency, power efficiency latest, latest power efficiency, power efficiency review, review power efficiency, power efficiency price, price power efficiency, power efficiency sell, sell power efficiency, power efficiency buy, buy power efficiency, power efficiency recommendation, recommendation power efficiency, power efficiency tips, tips power efficiency, power efficiency tutorial, tutorial power efficiency, power efficiency guide, guide power efficiency, power efficiency how to, how to power efficiency, power efficiency vs, vs power efficiency, power efficiency versus, versus power efficiency, power efficiency compared to, compared to power efficiency, power efficiency comparison, comparison power efficiency, power efficiency alternatives, alternatives power efficiency, power efficiency which is better, which is better power efficiency, power efficiency expensive, expensive power efficiency, power efficiency discount, discount power efficiency, power efficiency deals, deals power efficiency, power efficiency sale, sale power efficiency, power efficiency affordable, affordable power efficiency, power efficiency cost, cost power efficiency, power efficiency online, online power efficiency, power efficiency offline, offline power efficiency, power efficiency marketplace, marketplace power efficiency, power efficiency store, store power efficiency, power efficiency shop, shop power efficiency, power efficiency retailer, retailer power efficiency, power efficiency where to buy, where to buy power efficiency, power efficiency worst, worst power efficiency, power efficiency quality, quality power efficiency, power efficiency original, original power efficiency, power efficiency genuine, genuine power efficiency, power efficiency fake, fake power efficiency, power efficiency replica, replica power efficiency, power efficiency authentic, authentic power efficiency, power efficiency brand, brand power efficiency, power efficiency manufacturer, manufacturer power efficiency, power efficiency company, company power efficiency, power efficiency product, product power efficiency, power efficiency huawei product, huawei product power efficiency, power efficiency sell huawei, sell huawei power efficiency, power efficiency buy huawei, buy huawei power efficiency, power efficiency cheap huawei, cheap huawei power efficiency, power efficiency best huawei, best huawei power efficiency, power efficiency huawei review, huawei review power efficiency, power efficiency where to buy huawei, where to buy huawei power efficiency, power efficiency how to choose huawei, how to choose huawei power efficiency, power efficiency top huawei, top huawei power efficiency, power efficiency huawei guide, huawei guide power efficiency, power efficiency huawei for sale, huawei for sale power efficiency, power efficiency huawei deals, huawei deals power efficiency, smartphone features huawei, huawei smartphone features, smartphone features cheap, cheap smartphone features, smartphone features best, best smartphone features, smartphone features latest, latest smartphone features, smartphone features review, review smartphone features, smartphone features price, price smartphone features, smartphone features sell, sell smartphone features, smartphone features buy, buy smartphone features, smartphone features recommendation, recommendation smartphone features, smartphone features tips, tips smartphone features, smartphone features tutorial, tutorial smartphone features, smartphone features guide, guide smartphone features, smartphone features how to, how to smartphone features, smartphone features vs, vs smartphone features, smartphone features versus, versus smartphone features, smartphone features compared to, compared to smartphone features, smartphone features comparison, comparison smartphone features, smartphone features alternatives, alternatives smartphone features, smartphone features which is better, which is better smartphone features, smartphone features expensive, expensive smartphone features, smartphone features discount, discount smartphone features, smartphone features deals, deals smartphone features, smartphone features sale, sale smartphone features, smartphone features affordable, affordable smartphone features, smartphone features cost, cost smartphone features, smartphone features online, online smartphone features, smartphone features offline, offline smartphone features, smartphone features marketplace, marketplace smartphone features, smartphone features store, store smartphone features, smartphone features shop, shop smartphone features, smartphone features retailer, retailer smartphone features, smartphone features where to buy, where to buy smartphone features, smartphone features worst, worst smartphone features, smartphone features quality, quality smartphone features, smartphone features original, original smartphone features, smartphone features genuine, genuine smartphone features, smartphone features fake, fake smartphone features, smartphone features replica, replica smartphone features, smartphone features authentic, authentic smartphone features, smartphone features brand, brand smartphone features, smartphone features manufacturer, manufacturer smartphone features, smartphone features company, company smartphone features, smartphone features product, product smartphone features, smartphone features huawei product, huawei product smartphone features, smartphone features sell huawei, sell huawei smartphone features, smartphone features buy huawei, buy huawei smartphone features, smartphone features cheap huawei, cheap huawei smartphone features, smartphone features best huawei, best huawei smartphone features, smartphone features huawei review, huawei review smartphone features, smartphone features where to buy huawei, where to buy huawei smartphone features, smartphone features how to choose huawei, how to choose huawei smartphone features, smartphone features top huawei, top huawei smartphone features, smartphone features huawei guide, huawei guide smartphone features, smartphone features huawei for sale, huawei for sale smartphone features, smartphone features huawei deals, huawei deals smartphone features
2026-09-26 12:18:51,931 - INFO - Expanded 220 seed keywords to 385 variations
2026-09-26 12:18:51,931 - INFO - Language: en
2026-09-26 12:18:51,931 - INFO - Region: us
2026-09-26 12:21:17,167 - INFO - 🎯 After all filtering for 'huawei': 120 relevant keywords
2026-09-26 12:21:19,155 - INFO - 🎯 Found 2 new keywords for niche 'huawei': huawei affordable power efficiency, huawei affordable smartphone features
2026-09-26 12:21:29,600 - INFO - ✅ Niche 'huawei' process complete! 690 total keyword results.
2026-09-26 12:21:29,600 - INFO - ✅ Completed processing niche: 'huawei'
2026-09-26 12:21:29,600 - INFO - 🔧 Request Handler final stats - Success rate: 100.0%
2026-09-26 12:21:29,600 - INFO -    Total requests: 206720, Blocks: 1
2026-09-26 12:21:29,601 - INFO - 
========================================
2026-09-26 12:21:29,602 - INFO - Process Summary:
2026-09-26 12:21:29,602 - INFO - - Current niche: 'huawei'
2026-09-26 12:21:29,602 - INFO - - Next niche will be: 'xiaomi'
2026-09-26 12:21:29,602 - INFO - - Keywords saved in: languages/english/keywords/huawei/
2026-09-26 12:21:29,602 - INFO - ========================================
