2026-09-08 12:08:32,846 - INFO - Log file created at: /home/runner/work/potensitech.com/potensitech.com/languages/english/keywords/logs/kw_search_20260908_120832.log
2026-09-08 12:08:32,846 - INFO - ============================================================
2026-09-08 12:08:32,846 - INFO - AUTOMATIC KEYWORD RESEARCH TOOL
2026-09-08 12:08:32,846 - INFO - ============================================================
2026-09-08 12:08:33,196 - INFO - ========================================
2026-09-08 12:08:33,196 - INFO - Found 14 niches to process: xiaomi, iphone, samsung, apple, sony, asus, philips, sandisk, intel, nvidia, amd, canon, nikon, huawei
2026-09-08 12:08:33,196 - INFO - ========================================
2026-09-08 12:08:33,196 - INFO - Continuing from last processed niche: xiaomi
2026-09-08 12:08:33,196 - INFO - ========================================
2026-09-08 12:08:33,196 - INFO - 🎯 PROCESSING NICHE 2/14: 'iphone'
2026-09-08 12:08:33,196 - INFO - ========================================
2026-09-08 12:08:33,196 - INFO - 📁 Niche directory: /home/runner/work/potensitech.com/potensitech.com/languages/english/keywords/iphone
2026-09-08 12:08:33,197 - INFO - Selected region: us
2026-09-08 12:08:33,197 - INFO - Selected language: en
2026-09-08 12:08:33,197 - INFO - 🎯 Current niche: iphone
2026-09-08 12:08:44,196 - INFO - 🎯 Niche terms for filtering: iphone, cheap, best, latest, review, price, sell, buy, recommendation, tips, tutorial, guide, how to, vs, versus, compared to, comparison, alternatives, which is better, expensive, discount, deals, sale, affordable, cost, online, offline, marketplace, store, shop, retailer, where to buy, worst, quality, original, genuine, fake, replica, authentic, brand, manufacturer, company, product, iphone product, sell iphone, buy iphone, cheap iphone, best iphone, iphone review, where to buy iphone, how to choose iphone, top iphone, iphone guide, iphone for sale, iphone deals
2026-09-08 12:08:44,197 - INFO - Generated 50 niche-clue pairs for 'iphone'.
2026-09-08 12:08:44,200 - INFO - Expanded 50 seed keywords to 218 variations
2026-09-08 12:08:44,201 - INFO - 🔧 Request Handler initialized - Success rate: 100.0%
2026-09-08 12:13:11,853 - INFO - Original clue keywords: core technology, chipset upgrade
2026-09-08 12:13:11,853 - INFO - Niche-focused seeds: core technology iphone, iphone core technology, core technology cheap, cheap core technology, core technology best, best core technology, core technology latest, latest core technology, core technology review, review core technology, core technology price, price core technology, core technology sell, sell core technology, core technology buy, buy core technology, core technology recommendation, recommendation core technology, core technology tips, tips core technology, core technology tutorial, tutorial core technology, core technology guide, guide core technology, core technology how to, how to core technology, core technology vs, vs core technology, core technology versus, versus core technology, core technology compared to, compared to core technology, core technology comparison, comparison core technology, core technology alternatives, alternatives core technology, core technology which is better, which is better core technology, core technology expensive, expensive core technology, core technology discount, discount core technology, core technology deals, deals core technology, core technology sale, sale core technology, core technology affordable, affordable core technology, core technology cost, cost core technology, core technology online, online core technology, core technology offline, offline core technology, core technology marketplace, marketplace core technology, core technology store, store core technology, core technology shop, shop core technology, core technology retailer, retailer core technology, core technology where to buy, where to buy core technology, core technology worst, worst core technology, core technology quality, quality core technology, core technology original, original core technology, core technology genuine, genuine core technology, core technology fake, fake core technology, core technology replica, replica core technology, core technology authentic, authentic core technology, core technology brand, brand core technology, core technology manufacturer, manufacturer core technology, core technology company, company core technology, core technology product, product core technology, core technology iphone product, iphone product core technology, core technology sell iphone, sell iphone core technology, core technology buy iphone, buy iphone core technology, core technology cheap iphone, cheap iphone core technology, core technology best iphone, best iphone core technology, core technology iphone review, iphone review core technology, core technology where to buy iphone, where to buy iphone core technology, core technology how to choose iphone, how to choose iphone core technology, core technology top iphone, top iphone core technology, core technology iphone guide, iphone guide core technology, core technology iphone for sale, iphone for sale core technology, core technology iphone deals, iphone deals core technology, chipset upgrade iphone, iphone chipset upgrade, chipset upgrade cheap, cheap chipset upgrade, chipset upgrade best, best chipset upgrade, chipset upgrade latest, latest chipset upgrade, chipset upgrade review, review chipset upgrade, chipset upgrade price, price chipset upgrade, chipset upgrade sell, sell chipset upgrade, chipset upgrade buy, buy chipset upgrade, chipset upgrade recommendation, recommendation chipset upgrade, chipset upgrade tips, tips chipset upgrade, chipset upgrade tutorial, tutorial chipset upgrade, chipset upgrade guide, guide chipset upgrade, chipset upgrade how to, how to chipset upgrade, chipset upgrade vs, vs chipset upgrade, chipset upgrade versus, versus chipset upgrade, chipset upgrade compared to, compared to chipset upgrade, chipset upgrade comparison, comparison chipset upgrade, chipset upgrade alternatives, alternatives chipset upgrade, chipset upgrade which is better, which is better chipset upgrade, chipset upgrade expensive, expensive chipset upgrade, chipset upgrade discount, discount chipset upgrade, chipset upgrade deals, deals chipset upgrade, chipset upgrade sale, sale chipset upgrade, chipset upgrade affordable, affordable chipset upgrade, chipset upgrade cost, cost chipset upgrade, chipset upgrade online, online chipset upgrade, chipset upgrade offline, offline chipset upgrade, chipset upgrade marketplace, marketplace chipset upgrade, chipset upgrade store, store chipset upgrade, chipset upgrade shop, shop chipset upgrade, chipset upgrade retailer, retailer chipset upgrade, chipset upgrade where to buy, where to buy chipset upgrade, chipset upgrade worst, worst chipset upgrade, chipset upgrade quality, quality chipset upgrade, chipset upgrade original, original chipset upgrade, chipset upgrade genuine, genuine chipset upgrade, chipset upgrade fake, fake chipset upgrade, chipset upgrade replica, replica chipset upgrade, chipset upgrade authentic, authentic chipset upgrade, chipset upgrade brand, brand chipset upgrade, chipset upgrade manufacturer, manufacturer chipset upgrade, chipset upgrade company, company chipset upgrade, chipset upgrade product, product chipset upgrade, chipset upgrade iphone product, iphone product chipset upgrade, chipset upgrade sell iphone, sell iphone chipset upgrade, chipset upgrade buy iphone, buy iphone chipset upgrade, chipset upgrade cheap iphone, cheap iphone chipset upgrade, chipset upgrade best iphone, best iphone chipset upgrade, chipset upgrade iphone review, iphone review chipset upgrade, chipset upgrade where to buy iphone, where to buy iphone chipset upgrade, chipset upgrade how to choose iphone, how to choose iphone chipset upgrade, chipset upgrade top iphone, top iphone chipset upgrade, chipset upgrade iphone guide, iphone guide chipset upgrade, chipset upgrade iphone for sale, iphone for sale chipset upgrade, chipset upgrade iphone deals, iphone deals chipset upgrade
2026-09-08 12:13:11,856 - INFO - Expanded 220 seed keywords to 385 variations
2026-09-08 12:13:11,857 - INFO - Language: en
2026-09-08 12:13:11,857 - INFO - Region: us
2026-09-08 12:17:43,141 - INFO - 🎯 After all filtering for 'iphone': 120 relevant keywords
2026-09-08 12:17:44,620 - INFO - 🎯 Found 5 new keywords for niche 'iphone': iphone affordable chipset upgrade, iphone affordable core technology, cheap alternatives chipset upgrade, cheap alternatives core technology, best authentic chipset upgrade
2026-09-08 12:18:00,559 - INFO - ✅ Niche 'iphone' process complete! 880 total keyword results.
2026-09-08 12:18:00,559 - INFO - ✅ Completed processing niche: 'iphone'
2026-09-08 12:18:00,559 - INFO - 🔧 Request Handler final stats - Success rate: 100.0%
2026-09-08 12:18:00,559 - INFO -    Total requests: 191281, Blocks: 1
2026-09-08 12:18:00,560 - INFO - 
========================================
2026-09-08 12:18:00,560 - INFO - Process Summary:
2026-09-08 12:18:00,560 - INFO - - Current niche: 'iphone'
2026-09-08 12:18:00,560 - INFO - - Next niche will be: 'samsung'
2026-09-08 12:18:00,561 - INFO - - Keywords saved in: languages/english/keywords/iphone/
2026-09-08 12:18:00,561 - INFO - ========================================
