2026-08-15 19:31:44,839 - INFO - Log file created at: /home/runner/work/potensitech.com/potensitech.com/languages/english/keywords/logs/kw_search_20260815_193144.log
2026-08-15 19:31:44,839 - INFO - ============================================================
2026-08-15 19:31:44,839 - INFO - AUTOMATIC KEYWORD RESEARCH TOOL
2026-08-15 19:31:44,839 - INFO - ============================================================
2026-08-15 19:31:45,135 - INFO - ========================================
2026-08-15 19:31:45,135 - INFO - Found 14 niches to process: xiaomi, iphone, samsung, apple, sony, asus, philips, sandisk, intel, nvidia, amd, canon, nikon, huawei
2026-08-15 19:31:45,136 - INFO - ========================================
2026-08-15 19:31:45,136 - INFO - Continuing from last processed niche: sony
2026-08-15 19:31:45,136 - INFO - ========================================
2026-08-15 19:31:45,136 - INFO - 🎯 PROCESSING NICHE 6/14: 'asus'
2026-08-15 19:31:45,136 - INFO - ========================================
2026-08-15 19:31:45,136 - INFO - 📁 Niche directory: /home/runner/work/potensitech.com/potensitech.com/languages/english/keywords/asus
2026-08-15 19:31:45,136 - INFO - Selected region: us
2026-08-15 19:31:45,136 - INFO - Selected language: en
2026-08-15 19:31:45,136 - INFO - 🎯 Current niche: asus
2026-08-15 19:31:45,885 - INFO - 🎯 Niche terms for filtering: asus, cheap, best, latest, review, price, sell, buy, recommendation, tips, tutorial, guide, how to, vs, versus, compared to, comparison, alternatives, which is better, expensive, discount, deals, sale, affordable, cost, online, offline, marketplace, store, shop, retailer, where to buy, worst, quality, original, genuine, fake, replica, authentic, brand, manufacturer, company, product, asus product, sell asus, buy asus, cheap asus, best asus, asus review, where to buy asus, how to choose asus, top asus, asus guide, asus for sale, asus deals
2026-08-15 19:31:45,885 - INFO - Generated 50 niche-clue pairs for 'asus'.
2026-08-15 19:31:45,888 - INFO - Expanded 50 seed keywords to 218 variations
2026-08-15 19:31:45,896 - INFO - 🔧 Request Handler initialized - Success rate: 100.0%
2026-08-15 19:36:08,611 - INFO - Original clue keywords: clock speed, external storage
2026-08-15 19:36:08,612 - INFO - Niche-focused seeds: clock speed asus, asus clock speed, clock speed cheap, cheap clock speed, clock speed best, best clock speed, clock speed latest, latest clock speed, clock speed review, review clock speed, clock speed price, price clock speed, clock speed sell, sell clock speed, clock speed buy, buy clock speed, clock speed recommendation, recommendation clock speed, clock speed tips, tips clock speed, clock speed tutorial, tutorial clock speed, clock speed guide, guide clock speed, clock speed how to, how to clock speed, clock speed vs, vs clock speed, clock speed versus, versus clock speed, clock speed compared to, compared to clock speed, clock speed comparison, comparison clock speed, clock speed alternatives, alternatives clock speed, clock speed which is better, which is better clock speed, clock speed expensive, expensive clock speed, clock speed discount, discount clock speed, clock speed deals, deals clock speed, clock speed sale, sale clock speed, clock speed affordable, affordable clock speed, clock speed cost, cost clock speed, clock speed online, online clock speed, clock speed offline, offline clock speed, clock speed marketplace, marketplace clock speed, clock speed store, store clock speed, clock speed shop, shop clock speed, clock speed retailer, retailer clock speed, clock speed where to buy, where to buy clock speed, clock speed worst, worst clock speed, clock speed quality, quality clock speed, clock speed original, original clock speed, clock speed genuine, genuine clock speed, clock speed fake, fake clock speed, clock speed replica, replica clock speed, clock speed authentic, authentic clock speed, clock speed brand, brand clock speed, clock speed manufacturer, manufacturer clock speed, clock speed company, company clock speed, clock speed product, product clock speed, clock speed asus product, asus product clock speed, clock speed sell asus, sell asus clock speed, clock speed buy asus, buy asus clock speed, clock speed cheap asus, cheap asus clock speed, clock speed best asus, best asus clock speed, clock speed asus review, asus review clock speed, clock speed where to buy asus, where to buy asus clock speed, clock speed how to choose asus, how to choose asus clock speed, clock speed top asus, top asus clock speed, clock speed asus guide, asus guide clock speed, clock speed asus for sale, asus for sale clock speed, clock speed asus deals, asus deals clock speed, external storage asus, asus external storage, external storage cheap, cheap external storage, external storage best, best external storage, external storage latest, latest external storage, external storage review, review external storage, external storage price, price external storage, external storage sell, sell external storage, external storage buy, buy external storage, external storage recommendation, recommendation external storage, external storage tips, tips external storage, external storage tutorial, tutorial external storage, external storage guide, guide external storage, external storage how to, how to external storage, external storage vs, vs external storage, external storage versus, versus external storage, external storage compared to, compared to external storage, external storage comparison, comparison external storage, external storage alternatives, alternatives external storage, external storage which is better, which is better external storage, external storage expensive, expensive external storage, external storage discount, discount external storage, external storage deals, deals external storage, external storage sale, sale external storage, external storage affordable, affordable external storage, external storage cost, cost external storage, external storage online, online external storage, external storage offline, offline external storage, external storage marketplace, marketplace external storage, external storage store, store external storage, external storage shop, shop external storage, external storage retailer, retailer external storage, external storage where to buy, where to buy external storage, external storage worst, worst external storage, external storage quality, quality external storage, external storage original, original external storage, external storage genuine, genuine external storage, external storage fake, fake external storage, external storage replica, replica external storage, external storage authentic, authentic external storage, external storage brand, brand external storage, external storage manufacturer, manufacturer external storage, external storage company, company external storage, external storage product, product external storage, external storage asus product, asus product external storage, external storage sell asus, sell asus external storage, external storage buy asus, buy asus external storage, external storage cheap asus, cheap asus external storage, external storage best asus, best asus external storage, external storage asus review, asus review external storage, external storage where to buy asus, where to buy asus external storage, external storage how to choose asus, how to choose asus external storage, external storage top asus, top asus external storage, external storage asus guide, asus guide external storage, external storage asus for sale, asus for sale external storage, external storage asus deals, asus deals external storage
2026-08-15 19:36:08,615 - INFO - Expanded 220 seed keywords to 385 variations
2026-08-15 19:36:08,615 - INFO - Language: en
2026-08-15 19:36:08,615 - INFO - Region: us
2026-08-15 19:40:38,883 - INFO - 🎯 After all filtering for 'asus': 120 relevant keywords
2026-08-15 19:40:40,373 - INFO - 🎯 Found 5 new keywords for niche 'asus': asus affordable clock speed, asus affordable external storage, cheap alternatives clock speed, cheap alternatives external storage, best authentic clock speed
2026-08-15 19:40:40,897 - INFO - ✅ Niche 'asus' process complete! 816 total keyword results.
2026-08-15 19:40:40,898 - INFO - ✅ Completed processing niche: 'asus'
2026-08-15 19:40:40,898 - INFO - 🔧 Request Handler final stats - Success rate: 100.0%
2026-08-15 19:40:40,898 - INFO -    Total requests: 172449, Blocks: 1
2026-08-15 19:40:40,899 - INFO - 
========================================
2026-08-15 19:40:40,899 - INFO - Process Summary:
2026-08-15 19:40:40,899 - INFO - - Current niche: 'asus'
2026-08-15 19:40:40,899 - INFO - - Next niche will be: 'philips'
2026-08-15 19:40:40,899 - INFO - - Keywords saved in: languages/english/keywords/asus/
2026-08-15 19:40:40,900 - INFO - ========================================
