2026-08-26 16:18:16,447 - INFO - Log file created at: /home/runner/work/potensitech.com/potensitech.com/languages/english/keywords/logs/kw_search_20260826_161816.log
2026-08-26 16:18:16,447 - INFO - ============================================================
2026-08-26 16:18:16,447 - INFO - AUTOMATIC KEYWORD RESEARCH TOOL
2026-08-26 16:18:16,447 - INFO - ============================================================
2026-08-26 16:18:16,721 - INFO - ========================================
2026-08-26 16:18:16,721 - INFO - Found 14 niches to process: xiaomi, iphone, samsung, apple, sony, asus, philips, sandisk, intel, nvidia, amd, canon, nikon, huawei
2026-08-26 16:18:16,721 - INFO - ========================================
2026-08-26 16:18:16,721 - INFO - Continuing from last processed niche: xiaomi
2026-08-26 16:18:16,721 - INFO - ========================================
2026-08-26 16:18:16,721 - INFO - 🎯 PROCESSING NICHE 2/14: 'iphone'
2026-08-26 16:18:16,721 - INFO - ========================================
2026-08-26 16:18:16,721 - INFO - 📁 Niche directory: /home/runner/work/potensitech.com/potensitech.com/languages/english/keywords/iphone
2026-08-26 16:18:16,721 - INFO - Selected region: us
2026-08-26 16:18:16,721 - INFO - Selected language: en
2026-08-26 16:18:16,721 - INFO - 🎯 Current niche: iphone
2026-08-26 16:18:28,069 - INFO - 🎯 Niche terms for filtering: iphone, cheap, best, latest, review, price, sell, buy, recommendation, tips, tutorial, guide, how to, vs, versus, compared to, comparison, alternatives, which is better, expensive, discount, deals, sale, affordable, cost, online, offline, marketplace, store, shop, retailer, where to buy, worst, quality, original, genuine, fake, replica, authentic, brand, manufacturer, company, product, iphone product, sell iphone, buy iphone, cheap iphone, best iphone, iphone review, where to buy iphone, how to choose iphone, top iphone, iphone guide, iphone for sale, iphone deals
2026-08-26 16:18:28,069 - INFO - Generated 50 niche-clue pairs for 'iphone'.
2026-08-26 16:18:28,072 - INFO - Expanded 50 seed keywords to 218 variations
2026-08-26 16:18:28,072 - INFO - 🔧 Request Handler initialized - Success rate: 100.0%
2026-08-26 16:22:56,315 - INFO - Original clue keywords: portable storage, usb stick
2026-08-26 16:22:56,315 - INFO - Niche-focused seeds: portable storage iphone, iphone portable storage, portable storage cheap, cheap portable storage, portable storage best, best portable storage, portable storage latest, latest portable storage, portable storage review, review portable storage, portable storage price, price portable storage, portable storage sell, sell portable storage, portable storage buy, buy portable storage, portable storage recommendation, recommendation portable storage, portable storage tips, tips portable storage, portable storage tutorial, tutorial portable storage, portable storage guide, guide portable storage, portable storage how to, how to portable storage, portable storage vs, vs portable storage, portable storage versus, versus portable storage, portable storage compared to, compared to portable storage, portable storage comparison, comparison portable storage, portable storage alternatives, alternatives portable storage, portable storage which is better, which is better portable storage, portable storage expensive, expensive portable storage, portable storage discount, discount portable storage, portable storage deals, deals portable storage, portable storage sale, sale portable storage, portable storage affordable, affordable portable storage, portable storage cost, cost portable storage, portable storage online, online portable storage, portable storage offline, offline portable storage, portable storage marketplace, marketplace portable storage, portable storage store, store portable storage, portable storage shop, shop portable storage, portable storage retailer, retailer portable storage, portable storage where to buy, where to buy portable storage, portable storage worst, worst portable storage, portable storage quality, quality portable storage, portable storage original, original portable storage, portable storage genuine, genuine portable storage, portable storage fake, fake portable storage, portable storage replica, replica portable storage, portable storage authentic, authentic portable storage, portable storage brand, brand portable storage, portable storage manufacturer, manufacturer portable storage, portable storage company, company portable storage, portable storage product, product portable storage, portable storage iphone product, iphone product portable storage, portable storage sell iphone, sell iphone portable storage, portable storage buy iphone, buy iphone portable storage, portable storage cheap iphone, cheap iphone portable storage, portable storage best iphone, best iphone portable storage, portable storage iphone review, iphone review portable storage, portable storage where to buy iphone, where to buy iphone portable storage, portable storage how to choose iphone, how to choose iphone portable storage, portable storage top iphone, top iphone portable storage, portable storage iphone guide, iphone guide portable storage, portable storage iphone for sale, iphone for sale portable storage, portable storage iphone deals, iphone deals portable storage, usb stick iphone, iphone usb stick, usb stick cheap, cheap usb stick, usb stick best, best usb stick, usb stick latest, latest usb stick, usb stick review, review usb stick, usb stick price, price usb stick, usb stick sell, sell usb stick, usb stick buy, buy usb stick, usb stick recommendation, recommendation usb stick, usb stick tips, tips usb stick, usb stick tutorial, tutorial usb stick, usb stick guide, guide usb stick, usb stick how to, how to usb stick, usb stick vs, vs usb stick, usb stick versus, versus usb stick, usb stick compared to, compared to usb stick, usb stick comparison, comparison usb stick, usb stick alternatives, alternatives usb stick, usb stick which is better, which is better usb stick, usb stick expensive, expensive usb stick, usb stick discount, discount usb stick, usb stick deals, deals usb stick, usb stick sale, sale usb stick, usb stick affordable, affordable usb stick, usb stick cost, cost usb stick, usb stick online, online usb stick, usb stick offline, offline usb stick, usb stick marketplace, marketplace usb stick, usb stick store, store usb stick, usb stick shop, shop usb stick, usb stick retailer, retailer usb stick, usb stick where to buy, where to buy usb stick, usb stick worst, worst usb stick, usb stick quality, quality usb stick, usb stick original, original usb stick, usb stick genuine, genuine usb stick, usb stick fake, fake usb stick, usb stick replica, replica usb stick, usb stick authentic, authentic usb stick, usb stick brand, brand usb stick, usb stick manufacturer, manufacturer usb stick, usb stick company, company usb stick, usb stick product, product usb stick, usb stick iphone product, iphone product usb stick, usb stick sell iphone, sell iphone usb stick, usb stick buy iphone, buy iphone usb stick, usb stick cheap iphone, cheap iphone usb stick, usb stick best iphone, best iphone usb stick, usb stick iphone review, iphone review usb stick, usb stick where to buy iphone, where to buy iphone usb stick, usb stick how to choose iphone, how to choose iphone usb stick, usb stick top iphone, top iphone usb stick, usb stick iphone guide, iphone guide usb stick, usb stick iphone for sale, iphone for sale usb stick, usb stick iphone deals, iphone deals usb stick
2026-08-26 16:22:56,317 - INFO - Expanded 220 seed keywords to 385 variations
2026-08-26 16:22:56,317 - INFO - Language: en
2026-08-26 16:22:56,317 - INFO - Region: us
2026-08-26 16:27:26,903 - INFO - 🎯 After all filtering for 'iphone': 120 relevant keywords
2026-08-26 16:27:28,106 - INFO - 🎯 Found 5 new keywords for niche 'iphone': iphone affordable portable storage, iphone affordable usb stick, cheap alternatives portable storage, cheap alternatives usb stick, best authentic portable storage
2026-08-26 16:27:44,184 - INFO - ✅ Niche 'iphone' process complete! 861 total keyword results.
2026-08-26 16:27:44,184 - INFO - ✅ Completed processing niche: 'iphone'
2026-08-26 16:27:44,184 - INFO - 🔧 Request Handler final stats - Success rate: 100.0%
2026-08-26 16:27:44,184 - INFO -    Total requests: 181008, Blocks: 1
2026-08-26 16:27:44,185 - INFO - 
========================================
2026-08-26 16:27:44,185 - INFO - Process Summary:
2026-08-26 16:27:44,185 - INFO - - Current niche: 'iphone'
2026-08-26 16:27:44,185 - INFO - - Next niche will be: 'samsung'
2026-08-26 16:27:44,185 - INFO - - Keywords saved in: languages/english/keywords/iphone/
2026-08-26 16:27:44,186 - INFO - ========================================
