2026-08-21 12:37:47,201 - INFO - Log file created at: /home/runner/work/potensitech.com/potensitech.com/languages/english/keywords/logs/kw_search_20260821_123747.log
2026-08-21 12:37:47,201 - INFO - ============================================================
2026-08-21 12:37:47,201 - INFO - AUTOMATIC KEYWORD RESEARCH TOOL
2026-08-21 12:37:47,201 - INFO - ============================================================
2026-08-21 12:37:47,519 - INFO - ========================================
2026-08-21 12:37:47,519 - INFO - Found 14 niches to process: xiaomi, iphone, samsung, apple, sony, asus, philips, sandisk, intel, nvidia, amd, canon, nikon, huawei
2026-08-21 12:37:47,519 - INFO - ========================================
2026-08-21 12:37:47,519 - INFO - Continuing from last processed niche: asus
2026-08-21 12:37:47,519 - INFO - ========================================
2026-08-21 12:37:47,520 - INFO - 🎯 PROCESSING NICHE 7/14: 'philips'
2026-08-21 12:37:47,520 - INFO - ========================================
2026-08-21 12:37:47,520 - INFO - 📁 Niche directory: /home/runner/work/potensitech.com/potensitech.com/languages/english/keywords/philips
2026-08-21 12:37:47,520 - INFO - Selected region: us
2026-08-21 12:37:47,520 - INFO - Selected language: en
2026-08-21 12:37:47,520 - INFO - 🎯 Current niche: philips
2026-08-21 12:37:48,181 - INFO - 🎯 Niche terms for filtering: philips, cheap, best, latest, review, price, sell, buy, recommendation, tips, tutorial, guide, how to, vs, versus, compared to, comparison, alternatives, which is better, expensive, discount, deals, sale, affordable, cost, online, offline, marketplace, store, shop, retailer, where to buy, worst, quality, original, genuine, fake, replica, authentic, brand, manufacturer, company, product, philips product, sell philips, buy philips, cheap philips, best philips, philips review, where to buy philips, how to choose philips, top philips, philips guide, philips for sale, philips deals
2026-08-21 12:37:48,181 - INFO - Generated 50 niche-clue pairs for 'philips'.
2026-08-21 12:37:48,184 - INFO - Expanded 50 seed keywords to 218 variations
2026-08-21 12:37:48,191 - INFO - 🔧 Request Handler initialized - Success rate: 100.0%
2026-08-21 12:42:13,784 - INFO - Original clue keywords: dslr, mirrorless
2026-08-21 12:42:13,784 - INFO - Niche-focused seeds: dslr philips, philips dslr, dslr cheap, cheap dslr, dslr best, best dslr, dslr latest, latest dslr, dslr review, review dslr, dslr price, price dslr, dslr sell, sell dslr, dslr buy, buy dslr, dslr recommendation, recommendation dslr, dslr tips, tips dslr, dslr tutorial, tutorial dslr, dslr guide, guide dslr, dslr how to, how to dslr, dslr vs, vs dslr, dslr versus, versus dslr, dslr compared to, compared to dslr, dslr comparison, comparison dslr, dslr alternatives, alternatives dslr, dslr which is better, which is better dslr, dslr expensive, expensive dslr, dslr discount, discount dslr, dslr deals, deals dslr, dslr sale, sale dslr, dslr affordable, affordable dslr, dslr cost, cost dslr, dslr online, online dslr, dslr offline, offline dslr, dslr marketplace, marketplace dslr, dslr store, store dslr, dslr shop, shop dslr, dslr retailer, retailer dslr, dslr where to buy, where to buy dslr, dslr worst, worst dslr, dslr quality, quality dslr, dslr original, original dslr, dslr genuine, genuine dslr, dslr fake, fake dslr, dslr replica, replica dslr, dslr authentic, authentic dslr, dslr brand, brand dslr, dslr manufacturer, manufacturer dslr, dslr company, company dslr, dslr product, product dslr, dslr philips product, philips product dslr, dslr sell philips, sell philips dslr, dslr buy philips, buy philips dslr, dslr cheap philips, cheap philips dslr, dslr best philips, best philips dslr, dslr philips review, philips review dslr, dslr where to buy philips, where to buy philips dslr, dslr how to choose philips, how to choose philips dslr, dslr top philips, top philips dslr, dslr philips guide, philips guide dslr, dslr philips for sale, philips for sale dslr, dslr philips deals, philips deals dslr, mirrorless philips, philips mirrorless, mirrorless cheap, cheap mirrorless, mirrorless best, best mirrorless, mirrorless latest, latest mirrorless, mirrorless review, review mirrorless, mirrorless price, price mirrorless, mirrorless sell, sell mirrorless, mirrorless buy, buy mirrorless, mirrorless recommendation, recommendation mirrorless, mirrorless tips, tips mirrorless, mirrorless tutorial, tutorial mirrorless, mirrorless guide, guide mirrorless, mirrorless how to, how to mirrorless, mirrorless vs, vs mirrorless, mirrorless versus, versus mirrorless, mirrorless compared to, compared to mirrorless, mirrorless comparison, comparison mirrorless, mirrorless alternatives, alternatives mirrorless, mirrorless which is better, which is better mirrorless, mirrorless expensive, expensive mirrorless, mirrorless discount, discount mirrorless, mirrorless deals, deals mirrorless, mirrorless sale, sale mirrorless, mirrorless affordable, affordable mirrorless, mirrorless cost, cost mirrorless, mirrorless online, online mirrorless, mirrorless offline, offline mirrorless, mirrorless marketplace, marketplace mirrorless, mirrorless store, store mirrorless, mirrorless shop, shop mirrorless, mirrorless retailer, retailer mirrorless, mirrorless where to buy, where to buy mirrorless, mirrorless worst, worst mirrorless, mirrorless quality, quality mirrorless, mirrorless original, original mirrorless, mirrorless genuine, genuine mirrorless, mirrorless fake, fake mirrorless, mirrorless replica, replica mirrorless, mirrorless authentic, authentic mirrorless, mirrorless brand, brand mirrorless, mirrorless manufacturer, manufacturer mirrorless, mirrorless company, company mirrorless, mirrorless product, product mirrorless, mirrorless philips product, philips product mirrorless, mirrorless sell philips, sell philips mirrorless, mirrorless buy philips, buy philips mirrorless, mirrorless cheap philips, cheap philips mirrorless, mirrorless best philips, best philips mirrorless, mirrorless philips review, philips review mirrorless, mirrorless where to buy philips, where to buy philips mirrorless, mirrorless how to choose philips, how to choose philips mirrorless, mirrorless top philips, top philips mirrorless, mirrorless philips guide, philips guide mirrorless, mirrorless philips for sale, philips for sale mirrorless, mirrorless philips deals, philips deals mirrorless
2026-08-21 12:42:13,787 - INFO - Expanded 220 seed keywords to 385 variations
2026-08-21 12:42:13,788 - INFO - Language: en
2026-08-21 12:42:13,788 - INFO - Region: us
2026-08-21 12:46:42,530 - INFO - 🎯 After all filtering for 'philips': 120 relevant keywords
2026-08-21 12:46:42,728 - INFO - 🎯 Found 5 new keywords for niche 'philips': philips affordable dslr, cheap affordable dslr, best affordable dslr, how to affordable dslr, philips affordable mirrorless
2026-08-21 12:46:43,189 - INFO - ✅ Niche 'philips' process complete! 699 total keyword results.
2026-08-21 12:46:43,190 - INFO - ✅ Completed processing niche: 'philips'
2026-08-21 12:46:43,190 - INFO - 🔧 Request Handler final stats - Success rate: 100.0%
2026-08-21 12:46:43,190 - INFO -    Total requests: 177245, Blocks: 1
2026-08-21 12:46:43,191 - INFO - 
========================================
2026-08-21 12:46:43,191 - INFO - Process Summary:
2026-08-21 12:46:43,191 - INFO - - Current niche: 'philips'
2026-08-21 12:46:43,191 - INFO - - Next niche will be: 'sandisk'
2026-08-21 12:46:43,191 - INFO - - Keywords saved in: languages/english/keywords/philips/
2026-08-21 12:46:43,191 - INFO - ========================================
