2026-10-10 13:41:10,939 - INFO - Log file created at: /home/runner/work/potensitech.com/potensitech.com/languages/english/keywords/logs/kw_search_20261010_134110.log
2026-10-10 13:41:10,939 - INFO - ============================================================
2026-10-10 13:41:10,939 - INFO - AUTOMATIC KEYWORD RESEARCH TOOL
2026-10-10 13:41:10,939 - INFO - ============================================================
2026-10-10 13:41:11,255 - INFO - ========================================
2026-10-10 13:41:11,255 - INFO - Found 14 niches to process: xiaomi, iphone, samsung, apple, sony, asus, philips, sandisk, intel, nvidia, amd, canon, nikon, huawei
2026-10-10 13:41:11,255 - INFO - ========================================
2026-10-10 13:41:11,255 - INFO - Continuing from last processed niche: canon
2026-10-10 13:41:11,255 - INFO - ========================================
2026-10-10 13:41:11,255 - INFO - 🎯 PROCESSING NICHE 13/14: 'nikon'
2026-10-10 13:41:11,255 - INFO - ========================================
2026-10-10 13:41:11,255 - INFO - 📁 Niche directory: /home/runner/work/potensitech.com/potensitech.com/languages/english/keywords/nikon
2026-10-10 13:41:11,255 - INFO - Selected region: us
2026-10-10 13:41:11,255 - INFO - Selected language: en
2026-10-10 13:41:11,255 - INFO - 🎯 Current niche: nikon
2026-10-10 13:41:22,231 - INFO - 🎯 Niche terms for filtering: nikon, cheap, best, latest, review, price, sell, buy, recommendation, tips, tutorial, guide, how to, vs, versus, compared to, comparison, alternatives, which is better, expensive, discount, deals, sale, affordable, cost, online, offline, marketplace, store, shop, retailer, where to buy, worst, quality, original, genuine, fake, replica, authentic, brand, manufacturer, company, product, nikon product, sell nikon, buy nikon, cheap nikon, best nikon, nikon review, where to buy nikon, how to choose nikon, top nikon, nikon guide, nikon for sale, nikon deals
2026-10-10 13:41:22,231 - INFO - Generated 50 niche-clue pairs for 'nikon'.
2026-10-10 13:41:22,233 - INFO - Expanded 50 seed keywords to 218 variations
2026-10-10 13:41:22,233 - INFO - 🔧 Request Handler initialized - Success rate: 100.0%
2026-10-10 13:45:45,946 - INFO - Original clue keywords: android, battery
2026-10-10 13:45:45,946 - INFO - Niche-focused seeds: android nikon, nikon android, android cheap, cheap android, android best, best android, android latest, latest android, android review, review android, android price, price android, android sell, sell android, android buy, buy android, android recommendation, recommendation android, android tips, tips android, android tutorial, tutorial android, android guide, guide android, android how to, how to android, android vs, vs android, android versus, versus android, android compared to, compared to android, android comparison, comparison android, android alternatives, alternatives android, android which is better, which is better android, android expensive, expensive android, android discount, discount android, android deals, deals android, android sale, sale android, android affordable, affordable android, android cost, cost android, android online, online android, android offline, offline android, android marketplace, marketplace android, android store, store android, android shop, shop android, android retailer, retailer android, android where to buy, where to buy android, android worst, worst android, android quality, quality android, android original, original android, android genuine, genuine android, android fake, fake android, android replica, replica android, android authentic, authentic android, android brand, brand android, android manufacturer, manufacturer android, android company, company android, android product, product android, android nikon product, nikon product android, android sell nikon, sell nikon android, android buy nikon, buy nikon android, android cheap nikon, cheap nikon android, android best nikon, best nikon android, android nikon review, nikon review android, android where to buy nikon, where to buy nikon android, android how to choose nikon, how to choose nikon android, android top nikon, top nikon android, android nikon guide, nikon guide android, android nikon for sale, nikon for sale android, android nikon deals, nikon deals android, battery nikon, nikon battery, battery cheap, cheap battery, battery best, best battery, battery latest, latest battery, battery review, review battery, battery price, price battery, battery sell, sell battery, battery buy, buy battery, battery recommendation, recommendation battery, battery tips, tips battery, battery tutorial, tutorial battery, battery guide, guide battery, battery how to, how to battery, battery vs, vs battery, battery versus, versus battery, battery compared to, compared to battery, battery comparison, comparison battery, battery alternatives, alternatives battery, battery which is better, which is better battery, battery expensive, expensive battery, battery discount, discount battery, battery deals, deals battery, battery sale, sale battery, battery affordable, affordable battery, battery cost, cost battery, battery online, online battery, battery offline, offline battery, battery marketplace, marketplace battery, battery store, store battery, battery shop, shop battery, battery retailer, retailer battery, battery where to buy, where to buy battery, battery worst, worst battery, battery quality, quality battery, battery original, original battery, battery genuine, genuine battery, battery fake, fake battery, battery replica, replica battery, battery authentic, authentic battery, battery brand, brand battery, battery manufacturer, manufacturer battery, battery company, company battery, battery product, product battery, battery nikon product, nikon product battery, battery sell nikon, sell nikon battery, battery buy nikon, buy nikon battery, battery cheap nikon, cheap nikon battery, battery best nikon, best nikon battery, battery nikon review, nikon review battery, battery where to buy nikon, where to buy nikon battery, battery how to choose nikon, how to choose nikon battery, battery top nikon, top nikon battery, battery nikon guide, nikon guide battery, battery nikon for sale, nikon for sale battery, battery nikon deals, nikon deals battery
2026-10-10 13:45:45,947 - INFO - Expanded 220 seed keywords to 385 variations
2026-10-10 13:45:45,947 - INFO - Language: en
2026-10-10 13:45:45,948 - INFO - Region: us
2026-10-10 13:50:16,723 - INFO - 🎯 After all filtering for 'nikon': 120 relevant keywords
2026-10-10 13:50:16,841 - INFO - 🎯 Found 5 new keywords for niche 'nikon': nikon affordable android, cheap affordable android, best affordable android, how to affordable android, nikon affordable battery
2026-10-10 13:50:33,226 - INFO - ✅ Niche 'nikon' process complete! 739 total keyword results.
2026-10-10 13:50:33,227 - INFO - ✅ Completed processing niche: 'nikon'
2026-10-10 13:50:33,227 - INFO - 🔧 Request Handler final stats - Success rate: 100.0%
2026-10-10 13:50:33,227 - INFO -    Total requests: 219350, Blocks: 1
2026-10-10 13:50:33,227 - INFO - 
========================================
2026-10-10 13:50:33,228 - INFO - Process Summary:
2026-10-10 13:50:33,228 - INFO - - Current niche: 'nikon'
2026-10-10 13:50:33,228 - INFO - - Next niche will be: 'huawei'
2026-10-10 13:50:33,228 - INFO - - Keywords saved in: languages/english/keywords/nikon/
2026-10-10 13:50:33,228 - INFO - ========================================
