2026-09-30 21:01:46,018 - INFO - Log file created at: /home/runner/work/potensitech.com/potensitech.com/languages/english/keywords/logs/kw_search_20260930_210146.log
2026-09-30 21:01:46,018 - INFO - ============================================================
2026-09-30 21:01:46,018 - INFO - AUTOMATIC KEYWORD RESEARCH TOOL
2026-09-30 21:01:46,018 - INFO - ============================================================
2026-09-30 21:01:46,484 - INFO - ========================================
2026-09-30 21:01:46,484 - INFO - Found 14 niches to process: xiaomi, iphone, samsung, apple, sony, asus, philips, sandisk, intel, nvidia, amd, canon, nikon, huawei
2026-09-30 21:01:46,484 - INFO - ========================================
2026-09-30 21:01:46,484 - INFO - Continuing from last processed niche: xiaomi
2026-09-30 21:01:46,484 - INFO - ========================================
2026-09-30 21:01:46,484 - INFO - 🎯 PROCESSING NICHE 2/14: 'iphone'
2026-09-30 21:01:46,484 - INFO - ========================================
2026-09-30 21:01:46,484 - INFO - 📁 Niche directory: /home/runner/work/potensitech.com/potensitech.com/languages/english/keywords/iphone
2026-09-30 21:01:46,484 - INFO - Selected region: us
2026-09-30 21:01:46,484 - INFO - Selected language: en
2026-09-30 21:01:46,484 - INFO - 🎯 Current niche: iphone
2026-09-30 21:01:57,184 - INFO - 🎯 Niche terms for filtering: iphone, cheap, best, latest, review, price, sell, buy, recommendation, tips, tutorial, guide, how to, vs, versus, compared to, comparison, alternatives, which is better, expensive, discount, deals, sale, affordable, cost, online, offline, marketplace, store, shop, retailer, where to buy, worst, quality, original, genuine, fake, replica, authentic, brand, manufacturer, company, product, iphone product, sell iphone, buy iphone, cheap iphone, best iphone, iphone review, where to buy iphone, how to choose iphone, top iphone, iphone guide, iphone for sale, iphone deals
2026-09-30 21:01:57,184 - INFO - Generated 50 niche-clue pairs for 'iphone'.
2026-09-30 21:01:57,188 - INFO - Expanded 50 seed keywords to 218 variations
2026-09-30 21:01:57,188 - INFO - 🔧 Request Handler initialized - Success rate: 100.0%
2026-09-30 21:06:21,803 - INFO - Original clue keywords: smartphone storage, gaming performance
2026-09-30 21:06:21,803 - INFO - Niche-focused seeds: smartphone storage iphone, iphone smartphone storage, smartphone storage cheap, cheap smartphone storage, smartphone storage best, best smartphone storage, smartphone storage latest, latest smartphone storage, smartphone storage review, review smartphone storage, smartphone storage price, price smartphone storage, smartphone storage sell, sell smartphone storage, smartphone storage buy, buy smartphone storage, smartphone storage recommendation, recommendation smartphone storage, smartphone storage tips, tips smartphone storage, smartphone storage tutorial, tutorial smartphone storage, smartphone storage guide, guide smartphone storage, smartphone storage how to, how to smartphone storage, smartphone storage vs, vs smartphone storage, smartphone storage versus, versus smartphone storage, smartphone storage compared to, compared to smartphone storage, smartphone storage comparison, comparison smartphone storage, smartphone storage alternatives, alternatives smartphone storage, smartphone storage which is better, which is better smartphone storage, smartphone storage expensive, expensive smartphone storage, smartphone storage discount, discount smartphone storage, smartphone storage deals, deals smartphone storage, smartphone storage sale, sale smartphone storage, smartphone storage affordable, affordable smartphone storage, smartphone storage cost, cost smartphone storage, smartphone storage online, online smartphone storage, smartphone storage offline, offline smartphone storage, smartphone storage marketplace, marketplace smartphone storage, smartphone storage store, store smartphone storage, smartphone storage shop, shop smartphone storage, smartphone storage retailer, retailer smartphone storage, smartphone storage where to buy, where to buy smartphone storage, smartphone storage worst, worst smartphone storage, smartphone storage quality, quality smartphone storage, smartphone storage original, original smartphone storage, smartphone storage genuine, genuine smartphone storage, smartphone storage fake, fake smartphone storage, smartphone storage replica, replica smartphone storage, smartphone storage authentic, authentic smartphone storage, smartphone storage brand, brand smartphone storage, smartphone storage manufacturer, manufacturer smartphone storage, smartphone storage company, company smartphone storage, smartphone storage product, product smartphone storage, smartphone storage iphone product, iphone product smartphone storage, smartphone storage sell iphone, sell iphone smartphone storage, smartphone storage buy iphone, buy iphone smartphone storage, smartphone storage cheap iphone, cheap iphone smartphone storage, smartphone storage best iphone, best iphone smartphone storage, smartphone storage iphone review, iphone review smartphone storage, smartphone storage where to buy iphone, where to buy iphone smartphone storage, smartphone storage how to choose iphone, how to choose iphone smartphone storage, smartphone storage top iphone, top iphone smartphone storage, smartphone storage iphone guide, iphone guide smartphone storage, smartphone storage iphone for sale, iphone for sale smartphone storage, smartphone storage iphone deals, iphone deals smartphone storage, gaming performance iphone, iphone gaming performance, gaming performance cheap, cheap gaming performance, gaming performance best, best gaming performance, gaming performance latest, latest gaming performance, gaming performance review, review gaming performance, gaming performance price, price gaming performance, gaming performance sell, sell gaming performance, gaming performance buy, buy gaming performance, gaming performance recommendation, recommendation gaming performance, gaming performance tips, tips gaming performance, gaming performance tutorial, tutorial gaming performance, gaming performance guide, guide gaming performance, gaming performance how to, how to gaming performance, gaming performance vs, vs gaming performance, gaming performance versus, versus gaming performance, gaming performance compared to, compared to gaming performance, gaming performance comparison, comparison gaming performance, gaming performance alternatives, alternatives gaming performance, gaming performance which is better, which is better gaming performance, gaming performance expensive, expensive gaming performance, gaming performance discount, discount gaming performance, gaming performance deals, deals gaming performance, gaming performance sale, sale gaming performance, gaming performance affordable, affordable gaming performance, gaming performance cost, cost gaming performance, gaming performance online, online gaming performance, gaming performance offline, offline gaming performance, gaming performance marketplace, marketplace gaming performance, gaming performance store, store gaming performance, gaming performance shop, shop gaming performance, gaming performance retailer, retailer gaming performance, gaming performance where to buy, where to buy gaming performance, gaming performance worst, worst gaming performance, gaming performance quality, quality gaming performance, gaming performance original, original gaming performance, gaming performance genuine, genuine gaming performance, gaming performance fake, fake gaming performance, gaming performance replica, replica gaming performance, gaming performance authentic, authentic gaming performance, gaming performance brand, brand gaming performance, gaming performance manufacturer, manufacturer gaming performance, gaming performance company, company gaming performance, gaming performance product, product gaming performance, gaming performance iphone product, iphone product gaming performance, gaming performance sell iphone, sell iphone gaming performance, gaming performance buy iphone, buy iphone gaming performance, gaming performance cheap iphone, cheap iphone gaming performance, gaming performance best iphone, best iphone gaming performance, gaming performance iphone review, iphone review gaming performance, gaming performance where to buy iphone, where to buy iphone gaming performance, gaming performance how to choose iphone, how to choose iphone gaming performance, gaming performance top iphone, top iphone gaming performance, gaming performance iphone guide, iphone guide gaming performance, gaming performance iphone for sale, iphone for sale gaming performance, gaming performance iphone deals, iphone deals gaming performance
2026-09-30 21:06:21,806 - INFO - Expanded 220 seed keywords to 385 variations
2026-09-30 21:06:21,806 - INFO - Language: en
2026-09-30 21:06:21,806 - INFO - Region: us
2026-09-30 21:10:52,168 - INFO - 🎯 After all filtering for 'iphone': 120 relevant keywords
2026-09-30 21:10:54,093 - INFO - 🎯 Found 4 new keywords for niche 'iphone': iphone affordable gaming performance, iphone affordable smartphone storage, cheap alternatives smartphone storage, best authentic smartphone storage
2026-09-30 21:11:09,995 - INFO - ✅ Niche 'iphone' process complete! 909 total keyword results.
2026-09-30 21:11:09,995 - INFO - ✅ Completed processing niche: 'iphone'
2026-09-30 21:11:09,995 - INFO - 🔧 Request Handler final stats - Success rate: 100.0%
2026-09-30 21:11:09,995 - INFO -    Total requests: 210657, Blocks: 1
2026-09-30 21:11:09,996 - INFO - 
========================================
2026-09-30 21:11:09,997 - INFO - Process Summary:
2026-09-30 21:11:09,997 - INFO - - Current niche: 'iphone'
2026-09-30 21:11:09,997 - INFO - - Next niche will be: 'samsung'
2026-09-30 21:11:09,997 - INFO - - Keywords saved in: languages/english/keywords/iphone/
2026-09-30 21:11:09,997 - INFO - ========================================
