2026-09-24 07:41:45,354 - INFO - Log file created at: /home/runner/work/potensitech.com/potensitech.com/languages/english/keywords/logs/kw_search_20260924_074145.log
2026-09-24 07:41:45,355 - INFO - ============================================================
2026-09-24 07:41:45,355 - INFO - AUTOMATIC KEYWORD RESEARCH TOOL
2026-09-24 07:41:45,355 - INFO - ============================================================
2026-09-24 07:41:45,756 - INFO - ========================================
2026-09-24 07:41:45,756 - INFO - Found 14 niches to process: xiaomi, iphone, samsung, apple, sony, asus, philips, sandisk, intel, nvidia, amd, canon, nikon, huawei
2026-09-24 07:41:45,756 - INFO - ========================================
2026-09-24 07:41:45,756 - INFO - Continuing from last processed niche: sony
2026-09-24 07:41:45,756 - INFO - ========================================
2026-09-24 07:41:45,756 - INFO - 🎯 PROCESSING NICHE 6/14: 'asus'
2026-09-24 07:41:45,756 - INFO - ========================================
2026-09-24 07:41:45,756 - INFO - 📁 Niche directory: /home/runner/work/potensitech.com/potensitech.com/languages/english/keywords/asus
2026-09-24 07:41:45,756 - INFO - Selected region: us
2026-09-24 07:41:45,756 - INFO - Selected language: en
2026-09-24 07:41:45,756 - INFO - 🎯 Current niche: asus
2026-09-24 07:41:56,672 - INFO - 🎯 Niche terms for filtering: asus, cheap, best, latest, review, price, sell, buy, recommendation, tips, tutorial, guide, how to, vs, versus, compared to, comparison, alternatives, which is better, expensive, discount, deals, sale, affordable, cost, online, offline, marketplace, store, shop, retailer, where to buy, worst, quality, original, genuine, fake, replica, authentic, brand, manufacturer, company, product, asus product, sell asus, buy asus, cheap asus, best asus, asus review, where to buy asus, how to choose asus, top asus, asus guide, asus for sale, asus deals
2026-09-24 07:41:56,672 - INFO - Generated 50 niche-clue pairs for 'asus'.
2026-09-24 07:41:56,675 - INFO - Expanded 50 seed keywords to 218 variations
2026-09-24 07:41:56,676 - INFO - 🔧 Request Handler initialized - Success rate: 100.0%
2026-09-24 07:46:20,321 - INFO - Original clue keywords: overclocking capability, core speed
2026-09-24 07:46:20,321 - INFO - Niche-focused seeds: overclocking capability asus, asus overclocking capability, overclocking capability cheap, cheap overclocking capability, overclocking capability best, best overclocking capability, overclocking capability latest, latest overclocking capability, overclocking capability review, review overclocking capability, overclocking capability price, price overclocking capability, overclocking capability sell, sell overclocking capability, overclocking capability buy, buy overclocking capability, overclocking capability recommendation, recommendation overclocking capability, overclocking capability tips, tips overclocking capability, overclocking capability tutorial, tutorial overclocking capability, overclocking capability guide, guide overclocking capability, overclocking capability how to, how to overclocking capability, overclocking capability vs, vs overclocking capability, overclocking capability versus, versus overclocking capability, overclocking capability compared to, compared to overclocking capability, overclocking capability comparison, comparison overclocking capability, overclocking capability alternatives, alternatives overclocking capability, overclocking capability which is better, which is better overclocking capability, overclocking capability expensive, expensive overclocking capability, overclocking capability discount, discount overclocking capability, overclocking capability deals, deals overclocking capability, overclocking capability sale, sale overclocking capability, overclocking capability affordable, affordable overclocking capability, overclocking capability cost, cost overclocking capability, overclocking capability online, online overclocking capability, overclocking capability offline, offline overclocking capability, overclocking capability marketplace, marketplace overclocking capability, overclocking capability store, store overclocking capability, overclocking capability shop, shop overclocking capability, overclocking capability retailer, retailer overclocking capability, overclocking capability where to buy, where to buy overclocking capability, overclocking capability worst, worst overclocking capability, overclocking capability quality, quality overclocking capability, overclocking capability original, original overclocking capability, overclocking capability genuine, genuine overclocking capability, overclocking capability fake, fake overclocking capability, overclocking capability replica, replica overclocking capability, overclocking capability authentic, authentic overclocking capability, overclocking capability brand, brand overclocking capability, overclocking capability manufacturer, manufacturer overclocking capability, overclocking capability company, company overclocking capability, overclocking capability product, product overclocking capability, overclocking capability asus product, asus product overclocking capability, overclocking capability sell asus, sell asus overclocking capability, overclocking capability buy asus, buy asus overclocking capability, overclocking capability cheap asus, cheap asus overclocking capability, overclocking capability best asus, best asus overclocking capability, overclocking capability asus review, asus review overclocking capability, overclocking capability where to buy asus, where to buy asus overclocking capability, overclocking capability how to choose asus, how to choose asus overclocking capability, overclocking capability top asus, top asus overclocking capability, overclocking capability asus guide, asus guide overclocking capability, overclocking capability asus for sale, asus for sale overclocking capability, overclocking capability asus deals, asus deals overclocking capability, core speed asus, asus core speed, core speed cheap, cheap core speed, core speed best, best core speed, core speed latest, latest core speed, core speed review, review core speed, core speed price, price core speed, core speed sell, sell core speed, core speed buy, buy core speed, core speed recommendation, recommendation core speed, core speed tips, tips core speed, core speed tutorial, tutorial core speed, core speed guide, guide core speed, core speed how to, how to core speed, core speed vs, vs core speed, core speed versus, versus core speed, core speed compared to, compared to core speed, core speed comparison, comparison core speed, core speed alternatives, alternatives core speed, core speed which is better, which is better core speed, core speed expensive, expensive core speed, core speed discount, discount core speed, core speed deals, deals core speed, core speed sale, sale core speed, core speed affordable, affordable core speed, core speed cost, cost core speed, core speed online, online core speed, core speed offline, offline core speed, core speed marketplace, marketplace core speed, core speed store, store core speed, core speed shop, shop core speed, core speed retailer, retailer core speed, core speed where to buy, where to buy core speed, core speed worst, worst core speed, core speed quality, quality core speed, core speed original, original core speed, core speed genuine, genuine core speed, core speed fake, fake core speed, core speed replica, replica core speed, core speed authentic, authentic core speed, core speed brand, brand core speed, core speed manufacturer, manufacturer core speed, core speed company, company core speed, core speed product, product core speed, core speed asus product, asus product core speed, core speed sell asus, sell asus core speed, core speed buy asus, buy asus core speed, core speed cheap asus, cheap asus core speed, core speed best asus, best asus core speed, core speed asus review, asus review core speed, core speed where to buy asus, where to buy asus core speed, core speed how to choose asus, how to choose asus core speed, core speed top asus, top asus core speed, core speed asus guide, asus guide core speed, core speed asus for sale, asus for sale core speed, core speed asus deals, asus deals core speed
2026-09-24 07:46:20,325 - INFO - Expanded 220 seed keywords to 385 variations
2026-09-24 07:46:20,325 - INFO - Language: en
2026-09-24 07:46:20,325 - INFO - Region: us
2026-09-24 07:50:56,396 - INFO - 🎯 After all filtering for 'asus': 120 relevant keywords
2026-09-24 07:50:58,036 - INFO - 🎯 Found 5 new keywords for niche 'asus': asus affordable core speed, asus affordable overclocking capability, cheap alternatives core speed, cheap alternatives overclocking capability, best authentic core speed
2026-09-24 07:51:14,023 - INFO - ✅ Niche 'asus' process complete! 869 total keyword results.
2026-09-24 07:51:14,023 - INFO - ✅ Completed processing niche: 'asus'
2026-09-24 07:51:14,023 - INFO - 🔧 Request Handler final stats - Success rate: 100.0%
2026-09-24 07:51:14,023 - INFO -    Total requests: 204760, Blocks: 1
2026-09-24 07:51:14,024 - INFO - 
========================================
2026-09-24 07:51:14,024 - INFO - Process Summary:
2026-09-24 07:51:14,025 - INFO - - Current niche: 'asus'
2026-09-24 07:51:14,025 - INFO - - Next niche will be: 'philips'
2026-09-24 07:51:14,025 - INFO - - Keywords saved in: languages/english/keywords/asus/
2026-09-24 07:51:14,025 - INFO - ========================================
