2026-09-08 04:19:38,910 - INFO - Log file created at: /home/runner/work/potensitech.com/potensitech.com/languages/english/keywords/logs/kw_search_20260908_041938.log
2026-09-08 04:19:38,910 - INFO - ============================================================
2026-09-08 04:19:38,910 - INFO - AUTOMATIC KEYWORD RESEARCH TOOL
2026-09-08 04:19:38,911 - INFO - ============================================================
2026-09-08 04:19:39,249 - INFO - ========================================
2026-09-08 04:19:39,249 - INFO - Found 14 niches to process: xiaomi, iphone, samsung, apple, sony, asus, philips, sandisk, intel, nvidia, amd, canon, nikon, huawei
2026-09-08 04:19:39,249 - INFO - ========================================
2026-09-08 04:19:39,249 - INFO - Continuing from last processed niche: canon
2026-09-08 04:19:39,249 - INFO - ========================================
2026-09-08 04:19:39,249 - INFO - 🎯 PROCESSING NICHE 13/14: 'nikon'
2026-09-08 04:19:39,249 - INFO - ========================================
2026-09-08 04:19:39,249 - INFO - 📁 Niche directory: /home/runner/work/potensitech.com/potensitech.com/languages/english/keywords/nikon
2026-09-08 04:19:39,249 - INFO - Selected region: us
2026-09-08 04:19:39,250 - INFO - Selected language: en
2026-09-08 04:19:39,250 - INFO - 🎯 Current niche: nikon
2026-09-08 04:19:50,529 - INFO - 🎯 Niche terms for filtering: nikon, cheap, best, latest, review, price, sell, buy, recommendation, tips, tutorial, guide, how to, vs, versus, compared to, comparison, alternatives, which is better, expensive, discount, deals, sale, affordable, cost, online, offline, marketplace, store, shop, retailer, where to buy, worst, quality, original, genuine, fake, replica, authentic, brand, manufacturer, company, product, nikon product, sell nikon, buy nikon, cheap nikon, best nikon, nikon review, where to buy nikon, how to choose nikon, top nikon, nikon guide, nikon for sale, nikon deals
2026-09-08 04:19:50,529 - INFO - Generated 50 niche-clue pairs for 'nikon'.
2026-09-08 04:19:50,533 - INFO - Expanded 50 seed keywords to 218 variations
2026-09-08 04:19:50,533 - INFO - 🔧 Request Handler initialized - Success rate: 100.0%
2026-09-08 04:24:16,467 - INFO - Original clue keywords: core technology, chipset upgrade
2026-09-08 04:24:16,467 - INFO - Niche-focused seeds: core technology nikon, nikon core technology, core technology cheap, cheap core technology, core technology best, best core technology, core technology latest, latest core technology, core technology review, review core technology, core technology price, price core technology, core technology sell, sell core technology, core technology buy, buy core technology, core technology recommendation, recommendation core technology, core technology tips, tips core technology, core technology tutorial, tutorial core technology, core technology guide, guide core technology, core technology how to, how to core technology, core technology vs, vs core technology, core technology versus, versus core technology, core technology compared to, compared to core technology, core technology comparison, comparison core technology, core technology alternatives, alternatives core technology, core technology which is better, which is better core technology, core technology expensive, expensive core technology, core technology discount, discount core technology, core technology deals, deals core technology, core technology sale, sale core technology, core technology affordable, affordable core technology, core technology cost, cost core technology, core technology online, online core technology, core technology offline, offline core technology, core technology marketplace, marketplace core technology, core technology store, store core technology, core technology shop, shop core technology, core technology retailer, retailer core technology, core technology where to buy, where to buy core technology, core technology worst, worst core technology, core technology quality, quality core technology, core technology original, original core technology, core technology genuine, genuine core technology, core technology fake, fake core technology, core technology replica, replica core technology, core technology authentic, authentic core technology, core technology brand, brand core technology, core technology manufacturer, manufacturer core technology, core technology company, company core technology, core technology product, product core technology, core technology nikon product, nikon product core technology, core technology sell nikon, sell nikon core technology, core technology buy nikon, buy nikon core technology, core technology cheap nikon, cheap nikon core technology, core technology best nikon, best nikon core technology, core technology nikon review, nikon review core technology, core technology where to buy nikon, where to buy nikon core technology, core technology how to choose nikon, how to choose nikon core technology, core technology top nikon, top nikon core technology, core technology nikon guide, nikon guide core technology, core technology nikon for sale, nikon for sale core technology, core technology nikon deals, nikon deals core technology, chipset upgrade nikon, nikon chipset upgrade, chipset upgrade cheap, cheap chipset upgrade, chipset upgrade best, best chipset upgrade, chipset upgrade latest, latest chipset upgrade, chipset upgrade review, review chipset upgrade, chipset upgrade price, price chipset upgrade, chipset upgrade sell, sell chipset upgrade, chipset upgrade buy, buy chipset upgrade, chipset upgrade recommendation, recommendation chipset upgrade, chipset upgrade tips, tips chipset upgrade, chipset upgrade tutorial, tutorial chipset upgrade, chipset upgrade guide, guide chipset upgrade, chipset upgrade how to, how to chipset upgrade, chipset upgrade vs, vs chipset upgrade, chipset upgrade versus, versus chipset upgrade, chipset upgrade compared to, compared to chipset upgrade, chipset upgrade comparison, comparison chipset upgrade, chipset upgrade alternatives, alternatives chipset upgrade, chipset upgrade which is better, which is better chipset upgrade, chipset upgrade expensive, expensive chipset upgrade, chipset upgrade discount, discount chipset upgrade, chipset upgrade deals, deals chipset upgrade, chipset upgrade sale, sale chipset upgrade, chipset upgrade affordable, affordable chipset upgrade, chipset upgrade cost, cost chipset upgrade, chipset upgrade online, online chipset upgrade, chipset upgrade offline, offline chipset upgrade, chipset upgrade marketplace, marketplace chipset upgrade, chipset upgrade store, store chipset upgrade, chipset upgrade shop, shop chipset upgrade, chipset upgrade retailer, retailer chipset upgrade, chipset upgrade where to buy, where to buy chipset upgrade, chipset upgrade worst, worst chipset upgrade, chipset upgrade quality, quality chipset upgrade, chipset upgrade original, original chipset upgrade, chipset upgrade genuine, genuine chipset upgrade, chipset upgrade fake, fake chipset upgrade, chipset upgrade replica, replica chipset upgrade, chipset upgrade authentic, authentic chipset upgrade, chipset upgrade brand, brand chipset upgrade, chipset upgrade manufacturer, manufacturer chipset upgrade, chipset upgrade company, company chipset upgrade, chipset upgrade product, product chipset upgrade, chipset upgrade nikon product, nikon product chipset upgrade, chipset upgrade sell nikon, sell nikon chipset upgrade, chipset upgrade buy nikon, buy nikon chipset upgrade, chipset upgrade cheap nikon, cheap nikon chipset upgrade, chipset upgrade best nikon, best nikon chipset upgrade, chipset upgrade nikon review, nikon review chipset upgrade, chipset upgrade where to buy nikon, where to buy nikon chipset upgrade, chipset upgrade how to choose nikon, how to choose nikon chipset upgrade, chipset upgrade top nikon, top nikon chipset upgrade, chipset upgrade nikon guide, nikon guide chipset upgrade, chipset upgrade nikon for sale, nikon for sale chipset upgrade, chipset upgrade nikon deals, nikon deals chipset upgrade
2026-09-08 04:24:16,471 - INFO - Expanded 220 seed keywords to 385 variations
2026-09-08 04:24:16,471 - INFO - Language: en
2026-09-08 04:24:16,471 - INFO - Region: us
2026-09-08 04:28:45,594 - INFO - 🎯 After all filtering for 'nikon': 120 relevant keywords
2026-09-08 04:28:46,904 - INFO - 🎯 Found 5 new keywords for niche 'nikon': nikon affordable chipset upgrade, nikon affordable core technology, cheap alternatives chipset upgrade, cheap alternatives core technology, best authentic chipset upgrade
2026-09-08 04:29:03,320 - INFO - ✅ Niche 'nikon' process complete! 697 total keyword results.
2026-09-08 04:29:03,320 - INFO - ✅ Completed processing niche: 'nikon'
2026-09-08 04:29:03,320 - INFO - 🔧 Request Handler final stats - Success rate: 100.0%
2026-09-08 04:29:03,320 - INFO -    Total requests: 191054, Blocks: 1
2026-09-08 04:29:03,321 - INFO - 
========================================
2026-09-08 04:29:03,321 - INFO - Process Summary:
2026-09-08 04:29:03,321 - INFO - - Current niche: 'nikon'
2026-09-08 04:29:03,321 - INFO - - Next niche will be: 'huawei'
2026-09-08 04:29:03,321 - INFO - - Keywords saved in: languages/english/keywords/nikon/
2026-09-08 04:29:03,322 - INFO - ========================================
