2026-08-07 19:57:38,472 - INFO - Log file created at: /home/runner/work/potensitech.com/potensitech.com/languages/english/keywords/logs/kw_search_20260807_195738.log
2026-08-07 19:57:38,472 - INFO - ============================================================
2026-08-07 19:57:38,472 - INFO - AUTOMATIC KEYWORD RESEARCH TOOL
2026-08-07 19:57:38,472 - INFO - ============================================================
2026-08-07 19:57:38,743 - INFO - ========================================
2026-08-07 19:57:38,743 - INFO - Found 14 niches to process: xiaomi, iphone, samsung, apple, sony, asus, philips, sandisk, intel, nvidia, amd, canon, nikon, huawei
2026-08-07 19:57:38,743 - INFO - ========================================
2026-08-07 19:57:38,743 - INFO - Continuing from last processed niche: intel
2026-08-07 19:57:38,743 - INFO - ========================================
2026-08-07 19:57:38,743 - INFO - 🎯 PROCESSING NICHE 10/14: 'nvidia'
2026-08-07 19:57:38,743 - INFO - ========================================
2026-08-07 19:57:38,743 - INFO - 📁 Niche directory: /home/runner/work/potensitech.com/potensitech.com/languages/english/keywords/nvidia
2026-08-07 19:57:38,743 - INFO - Selected region: us
2026-08-07 19:57:38,743 - INFO - Selected language: en
2026-08-07 19:57:38,744 - INFO - 🎯 Current niche: nvidia
2026-08-07 19:57:39,313 - INFO - 🎯 Niche terms for filtering: nvidia, cheap, best, latest, review, price, sell, buy, recommendation, tips, tutorial, guide, how to, vs, versus, compared to, comparison, alternatives, which is better, expensive, discount, deals, sale, affordable, cost, online, offline, marketplace, store, shop, retailer, where to buy, worst, quality, original, genuine, fake, replica, authentic, brand, manufacturer, company, product, nvidia product, sell nvidia, buy nvidia, cheap nvidia, best nvidia, nvidia review, where to buy nvidia, how to choose nvidia, top nvidia, nvidia guide, nvidia for sale, nvidia deals
2026-08-07 19:57:39,313 - INFO - Generated 50 niche-clue pairs for 'nvidia'.
2026-08-07 19:57:39,316 - INFO - Expanded 50 seed keywords to 218 variations
2026-08-07 19:57:39,316 - INFO - 🔧 Request Handler initialized - Success rate: 100.0%
2026-08-07 20:02:06,653 - INFO - Original clue keywords: dslr lens, mirrorless photography
2026-08-07 20:02:06,653 - INFO - Niche-focused seeds: dslr lens nvidia, nvidia dslr lens, dslr lens cheap, cheap dslr lens, dslr lens best, best dslr lens, dslr lens latest, latest dslr lens, dslr lens review, review dslr lens, dslr lens price, price dslr lens, dslr lens sell, sell dslr lens, dslr lens buy, buy dslr lens, dslr lens recommendation, recommendation dslr lens, dslr lens tips, tips dslr lens, dslr lens tutorial, tutorial dslr lens, dslr lens guide, guide dslr lens, dslr lens how to, how to dslr lens, dslr lens vs, vs dslr lens, dslr lens versus, versus dslr lens, dslr lens compared to, compared to dslr lens, dslr lens comparison, comparison dslr lens, dslr lens alternatives, alternatives dslr lens, dslr lens which is better, which is better dslr lens, dslr lens expensive, expensive dslr lens, dslr lens discount, discount dslr lens, dslr lens deals, deals dslr lens, dslr lens sale, sale dslr lens, dslr lens affordable, affordable dslr lens, dslr lens cost, cost dslr lens, dslr lens online, online dslr lens, dslr lens offline, offline dslr lens, dslr lens marketplace, marketplace dslr lens, dslr lens store, store dslr lens, dslr lens shop, shop dslr lens, dslr lens retailer, retailer dslr lens, dslr lens where to buy, where to buy dslr lens, dslr lens worst, worst dslr lens, dslr lens quality, quality dslr lens, dslr lens original, original dslr lens, dslr lens genuine, genuine dslr lens, dslr lens fake, fake dslr lens, dslr lens replica, replica dslr lens, dslr lens authentic, authentic dslr lens, dslr lens brand, brand dslr lens, dslr lens manufacturer, manufacturer dslr lens, dslr lens company, company dslr lens, dslr lens product, product dslr lens, dslr lens nvidia product, nvidia product dslr lens, dslr lens sell nvidia, sell nvidia dslr lens, dslr lens buy nvidia, buy nvidia dslr lens, dslr lens cheap nvidia, cheap nvidia dslr lens, dslr lens best nvidia, best nvidia dslr lens, dslr lens nvidia review, nvidia review dslr lens, dslr lens where to buy nvidia, where to buy nvidia dslr lens, dslr lens how to choose nvidia, how to choose nvidia dslr lens, dslr lens top nvidia, top nvidia dslr lens, dslr lens nvidia guide, nvidia guide dslr lens, dslr lens nvidia for sale, nvidia for sale dslr lens, dslr lens nvidia deals, nvidia deals dslr lens, mirrorless photography nvidia, nvidia mirrorless photography, mirrorless photography cheap, cheap mirrorless photography, mirrorless photography best, best mirrorless photography, mirrorless photography latest, latest mirrorless photography, mirrorless photography review, review mirrorless photography, mirrorless photography price, price mirrorless photography, mirrorless photography sell, sell mirrorless photography, mirrorless photography buy, buy mirrorless photography, mirrorless photography recommendation, recommendation mirrorless photography, mirrorless photography tips, tips mirrorless photography, mirrorless photography tutorial, tutorial mirrorless photography, mirrorless photography guide, guide mirrorless photography, mirrorless photography how to, how to mirrorless photography, mirrorless photography vs, vs mirrorless photography, mirrorless photography versus, versus mirrorless photography, mirrorless photography compared to, compared to mirrorless photography, mirrorless photography comparison, comparison mirrorless photography, mirrorless photography alternatives, alternatives mirrorless photography, mirrorless photography which is better, which is better mirrorless photography, mirrorless photography expensive, expensive mirrorless photography, mirrorless photography discount, discount mirrorless photography, mirrorless photography deals, deals mirrorless photography, mirrorless photography sale, sale mirrorless photography, mirrorless photography affordable, affordable mirrorless photography, mirrorless photography cost, cost mirrorless photography, mirrorless photography online, online mirrorless photography, mirrorless photography offline, offline mirrorless photography, mirrorless photography marketplace, marketplace mirrorless photography, mirrorless photography store, store mirrorless photography, mirrorless photography shop, shop mirrorless photography, mirrorless photography retailer, retailer mirrorless photography, mirrorless photography where to buy, where to buy mirrorless photography, mirrorless photography worst, worst mirrorless photography, mirrorless photography quality, quality mirrorless photography, mirrorless photography original, original mirrorless photography, mirrorless photography genuine, genuine mirrorless photography, mirrorless photography fake, fake mirrorless photography, mirrorless photography replica, replica mirrorless photography, mirrorless photography authentic, authentic mirrorless photography, mirrorless photography brand, brand mirrorless photography, mirrorless photography manufacturer, manufacturer mirrorless photography, mirrorless photography company, company mirrorless photography, mirrorless photography product, product mirrorless photography, mirrorless photography nvidia product, nvidia product mirrorless photography, mirrorless photography sell nvidia, sell nvidia mirrorless photography, mirrorless photography buy nvidia, buy nvidia mirrorless photography, mirrorless photography cheap nvidia, cheap nvidia mirrorless photography, mirrorless photography best nvidia, best nvidia mirrorless photography, mirrorless photography nvidia review, nvidia review mirrorless photography, mirrorless photography where to buy nvidia, where to buy nvidia mirrorless photography, mirrorless photography how to choose nvidia, how to choose nvidia mirrorless photography, mirrorless photography top nvidia, top nvidia mirrorless photography, mirrorless photography nvidia guide, nvidia guide mirrorless photography, mirrorless photography nvidia for sale, nvidia for sale mirrorless photography, mirrorless photography nvidia deals, nvidia deals mirrorless photography
2026-08-07 20:02:06,655 - INFO - Expanded 220 seed keywords to 385 variations
2026-08-07 20:02:06,655 - INFO - Language: en
2026-08-07 20:02:06,655 - INFO - Region: us
2026-08-07 20:06:39,572 - INFO - 🎯 After all filtering for 'nvidia': 120 relevant keywords
2026-08-07 20:06:40,771 - INFO - 🎯 Found 5 new keywords for niche 'nvidia': nvidia affordable dslr lens, nvidia affordable mirrorless photography, cheap alternatives dslr lens, cheap alternatives mirrorless photography, best authentic dslr lens
2026-08-07 20:06:41,128 - INFO - ✅ Niche 'nvidia' process complete! 834 total keyword results.
2026-08-07 20:06:41,128 - INFO - ✅ Completed processing niche: 'nvidia'
2026-08-07 20:06:41,128 - INFO - 🔧 Request Handler final stats - Success rate: 100.0%
2026-08-07 20:06:41,128 - INFO -    Total requests: 166569, Blocks: 1
2026-08-07 20:06:41,129 - INFO - 
========================================
2026-08-07 20:06:41,129 - INFO - Process Summary:
2026-08-07 20:06:41,129 - INFO - - Current niche: 'nvidia'
2026-08-07 20:06:41,129 - INFO - - Next niche will be: 'amd'
2026-08-07 20:06:41,129 - INFO - - Keywords saved in: languages/english/keywords/nvidia/
2026-08-07 20:06:41,130 - INFO - ========================================
