2026-10-08 05:48:21,321 - INFO - Log file created at: /home/runner/work/potensitech.com/potensitech.com/languages/english/keywords/logs/kw_search_20261008_054821.log
2026-10-08 05:48:21,321 - INFO - ============================================================
2026-10-08 05:48:21,321 - INFO - AUTOMATIC KEYWORD RESEARCH TOOL
2026-10-08 05:48:21,321 - INFO - ============================================================
2026-10-08 05:48:21,650 - INFO - ========================================
2026-10-08 05:48:21,650 - INFO - Found 14 niches to process: xiaomi, iphone, samsung, apple, sony, asus, philips, sandisk, intel, nvidia, amd, canon, nikon, huawei
2026-10-08 05:48:21,650 - INFO - ========================================
2026-10-08 05:48:21,650 - INFO - Continuing from last processed niche: samsung
2026-10-08 05:48:21,650 - INFO - ========================================
2026-10-08 05:48:21,650 - INFO - 🎯 PROCESSING NICHE 4/14: 'apple'
2026-10-08 05:48:21,650 - INFO - ========================================
2026-10-08 05:48:21,650 - INFO - 📁 Niche directory: /home/runner/work/potensitech.com/potensitech.com/languages/english/keywords/apple
2026-10-08 05:48:21,650 - INFO - Selected region: us
2026-10-08 05:48:21,650 - INFO - Selected language: en
2026-10-08 05:48:21,650 - INFO - 🎯 Current niche: apple
2026-10-08 05:48:32,689 - INFO - 🎯 Niche terms for filtering: apple, cheap, best, latest, review, price, sell, buy, recommendation, tips, tutorial, guide, how to, vs, versus, compared to, comparison, alternatives, which is better, expensive, discount, deals, sale, affordable, cost, online, offline, marketplace, store, shop, retailer, where to buy, worst, quality, original, genuine, fake, replica, authentic, brand, manufacturer, company, product, apple product, sell apple, buy apple, cheap apple, best apple, apple review, where to buy apple, how to choose apple, top apple, apple guide, apple for sale, apple deals
2026-10-08 05:48:32,689 - INFO - Generated 50 niche-clue pairs for 'apple'.
2026-10-08 05:48:32,691 - INFO - Expanded 50 seed keywords to 218 variations
2026-10-08 05:48:32,692 - INFO - 🔧 Request Handler initialized - Success rate: 100.0%
2026-10-08 05:52:57,231 - INFO - Original clue keywords: autofocus precision, core performance
2026-10-08 05:52:57,231 - INFO - Niche-focused seeds: autofocus precision apple, apple autofocus precision, autofocus precision cheap, cheap autofocus precision, autofocus precision best, best autofocus precision, autofocus precision latest, latest autofocus precision, autofocus precision review, review autofocus precision, autofocus precision price, price autofocus precision, autofocus precision sell, sell autofocus precision, autofocus precision buy, buy autofocus precision, autofocus precision recommendation, recommendation autofocus precision, autofocus precision tips, tips autofocus precision, autofocus precision tutorial, tutorial autofocus precision, autofocus precision guide, guide autofocus precision, autofocus precision how to, how to autofocus precision, autofocus precision vs, vs autofocus precision, autofocus precision versus, versus autofocus precision, autofocus precision compared to, compared to autofocus precision, autofocus precision comparison, comparison autofocus precision, autofocus precision alternatives, alternatives autofocus precision, autofocus precision which is better, which is better autofocus precision, autofocus precision expensive, expensive autofocus precision, autofocus precision discount, discount autofocus precision, autofocus precision deals, deals autofocus precision, autofocus precision sale, sale autofocus precision, autofocus precision affordable, affordable autofocus precision, autofocus precision cost, cost autofocus precision, autofocus precision online, online autofocus precision, autofocus precision offline, offline autofocus precision, autofocus precision marketplace, marketplace autofocus precision, autofocus precision store, store autofocus precision, autofocus precision shop, shop autofocus precision, autofocus precision retailer, retailer autofocus precision, autofocus precision where to buy, where to buy autofocus precision, autofocus precision worst, worst autofocus precision, autofocus precision quality, quality autofocus precision, autofocus precision original, original autofocus precision, autofocus precision genuine, genuine autofocus precision, autofocus precision fake, fake autofocus precision, autofocus precision replica, replica autofocus precision, autofocus precision authentic, authentic autofocus precision, autofocus precision brand, brand autofocus precision, autofocus precision manufacturer, manufacturer autofocus precision, autofocus precision company, company autofocus precision, autofocus precision product, product autofocus precision, autofocus precision apple product, apple product autofocus precision, autofocus precision sell apple, sell apple autofocus precision, autofocus precision buy apple, buy apple autofocus precision, autofocus precision cheap apple, cheap apple autofocus precision, autofocus precision best apple, best apple autofocus precision, autofocus precision apple review, apple review autofocus precision, autofocus precision where to buy apple, where to buy apple autofocus precision, autofocus precision how to choose apple, how to choose apple autofocus precision, autofocus precision top apple, top apple autofocus precision, autofocus precision apple guide, apple guide autofocus precision, autofocus precision apple for sale, apple for sale autofocus precision, autofocus precision apple deals, apple deals autofocus precision, core performance apple, apple core performance, core performance cheap, cheap core performance, core performance best, best core performance, core performance latest, latest core performance, core performance review, review core performance, core performance price, price core performance, core performance sell, sell core performance, core performance buy, buy core performance, core performance recommendation, recommendation core performance, core performance tips, tips core performance, core performance tutorial, tutorial core performance, core performance guide, guide core performance, core performance how to, how to core performance, core performance vs, vs core performance, core performance versus, versus core performance, core performance compared to, compared to core performance, core performance comparison, comparison core performance, core performance alternatives, alternatives core performance, core performance which is better, which is better core performance, core performance expensive, expensive core performance, core performance discount, discount core performance, core performance deals, deals core performance, core performance sale, sale core performance, core performance affordable, affordable core performance, core performance cost, cost core performance, core performance online, online core performance, core performance offline, offline core performance, core performance marketplace, marketplace core performance, core performance store, store core performance, core performance shop, shop core performance, core performance retailer, retailer core performance, core performance where to buy, where to buy core performance, core performance worst, worst core performance, core performance quality, quality core performance, core performance original, original core performance, core performance genuine, genuine core performance, core performance fake, fake core performance, core performance replica, replica core performance, core performance authentic, authentic core performance, core performance brand, brand core performance, core performance manufacturer, manufacturer core performance, core performance company, company core performance, core performance product, product core performance, core performance apple product, apple product core performance, core performance sell apple, sell apple core performance, core performance buy apple, buy apple core performance, core performance cheap apple, cheap apple core performance, core performance best apple, best apple core performance, core performance apple review, apple review core performance, core performance where to buy apple, where to buy apple core performance, core performance how to choose apple, how to choose apple core performance, core performance top apple, top apple core performance, core performance apple guide, apple guide core performance, core performance apple for sale, apple for sale core performance, core performance apple deals, apple deals core performance
2026-10-08 05:52:57,234 - INFO - Expanded 220 seed keywords to 385 variations
2026-10-08 05:52:57,234 - INFO - Language: en
2026-10-08 05:52:57,234 - INFO - Region: us
2026-10-08 05:54:28,100 - INFO - 🎯 After all filtering for 'apple': 119 relevant keywords
2026-10-08 05:54:29,236 - INFO - 🎯 Found 5 new keywords for niche 'apple': apple affordable autofocus precision, apple affordable core performance, cheap alternatives autofocus precision, alternatives core performance cheap, best authentic autofocus precision
2026-10-08 05:54:45,242 - INFO - ✅ Niche 'apple' process complete! 614 total keyword results.
2026-10-08 05:54:45,243 - INFO - ✅ Completed processing niche: 'apple'
2026-10-08 05:54:45,243 - INFO - 🔧 Request Handler final stats - Success rate: 100.0%
2026-10-08 05:54:45,243 - INFO -    Total requests: 217146, Blocks: 1
2026-10-08 05:54:45,244 - INFO - 
========================================
2026-10-08 05:54:45,244 - INFO - Process Summary:
2026-10-08 05:54:45,244 - INFO - - Current niche: 'apple'
2026-10-08 05:54:45,244 - INFO - - Next niche will be: 'sony'
2026-10-08 05:54:45,244 - INFO - - Keywords saved in: languages/english/keywords/apple/
2026-10-08 05:54:45,244 - INFO - ========================================
