2026-09-21 17:46:24,998 - INFO - Log file created at: /home/runner/work/potensitech.com/potensitech.com/languages/english/keywords/logs/kw_search_20260921_174624.log
2026-09-21 17:46:24,999 - INFO - ============================================================
2026-09-21 17:46:24,999 - INFO - AUTOMATIC KEYWORD RESEARCH TOOL
2026-09-21 17:46:24,999 - INFO - ============================================================
2026-09-21 17:46:25,349 - INFO - ========================================
2026-09-21 17:46:25,349 - INFO - Found 14 niches to process: xiaomi, iphone, samsung, apple, sony, asus, philips, sandisk, intel, nvidia, amd, canon, nikon, huawei
2026-09-21 17:46:25,349 - INFO - ========================================
2026-09-21 17:46:25,349 - INFO - Continuing from last processed niche: philips
2026-09-21 17:46:25,349 - INFO - ========================================
2026-09-21 17:46:25,349 - INFO - 🎯 PROCESSING NICHE 8/14: 'sandisk'
2026-09-21 17:46:25,349 - INFO - ========================================
2026-09-21 17:46:25,349 - INFO - 📁 Niche directory: /home/runner/work/potensitech.com/potensitech.com/languages/english/keywords/sandisk
2026-09-21 17:46:25,349 - INFO - Selected region: us
2026-09-21 17:46:25,349 - INFO - Selected language: en
2026-09-21 17:46:25,349 - INFO - 🎯 Current niche: sandisk
2026-09-21 17:46:36,224 - INFO - 🎯 Niche terms for filtering: sandisk, cheap, best, latest, review, price, sell, buy, recommendation, tips, tutorial, guide, how to, vs, versus, compared to, comparison, alternatives, which is better, expensive, discount, deals, sale, affordable, cost, online, offline, marketplace, store, shop, retailer, where to buy, worst, quality, original, genuine, fake, replica, authentic, brand, manufacturer, company, product, sandisk product, sell sandisk, buy sandisk, cheap sandisk, best sandisk, sandisk review, where to buy sandisk, how to choose sandisk, top sandisk, sandisk guide, sandisk for sale, sandisk deals
2026-09-21 17:46:36,224 - INFO - Generated 50 niche-clue pairs for 'sandisk'.
2026-09-21 17:46:36,227 - INFO - Expanded 50 seed keywords to 218 variations
2026-09-21 17:46:36,227 - INFO - 🔧 Request Handler initialized - Success rate: 100.0%
2026-09-21 17:51:01,298 - INFO - Original clue keywords: processor efficiency, autofocus speed
2026-09-21 17:51:01,298 - INFO - Niche-focused seeds: processor efficiency sandisk, sandisk processor efficiency, processor efficiency cheap, cheap processor efficiency, processor efficiency best, best processor efficiency, processor efficiency latest, latest processor efficiency, processor efficiency review, review processor efficiency, processor efficiency price, price processor efficiency, processor efficiency sell, sell processor efficiency, processor efficiency buy, buy processor efficiency, processor efficiency recommendation, recommendation processor efficiency, processor efficiency tips, tips processor efficiency, processor efficiency tutorial, tutorial processor efficiency, processor efficiency guide, guide processor efficiency, processor efficiency how to, how to processor efficiency, processor efficiency vs, vs processor efficiency, processor efficiency versus, versus processor efficiency, processor efficiency compared to, compared to processor efficiency, processor efficiency comparison, comparison processor efficiency, processor efficiency alternatives, alternatives processor efficiency, processor efficiency which is better, which is better processor efficiency, processor efficiency expensive, expensive processor efficiency, processor efficiency discount, discount processor efficiency, processor efficiency deals, deals processor efficiency, processor efficiency sale, sale processor efficiency, processor efficiency affordable, affordable processor efficiency, processor efficiency cost, cost processor efficiency, processor efficiency online, online processor efficiency, processor efficiency offline, offline processor efficiency, processor efficiency marketplace, marketplace processor efficiency, processor efficiency store, store processor efficiency, processor efficiency shop, shop processor efficiency, processor efficiency retailer, retailer processor efficiency, processor efficiency where to buy, where to buy processor efficiency, processor efficiency worst, worst processor efficiency, processor efficiency quality, quality processor efficiency, processor efficiency original, original processor efficiency, processor efficiency genuine, genuine processor efficiency, processor efficiency fake, fake processor efficiency, processor efficiency replica, replica processor efficiency, processor efficiency authentic, authentic processor efficiency, processor efficiency brand, brand processor efficiency, processor efficiency manufacturer, manufacturer processor efficiency, processor efficiency company, company processor efficiency, processor efficiency product, product processor efficiency, processor efficiency sandisk product, sandisk product processor efficiency, processor efficiency sell sandisk, sell sandisk processor efficiency, processor efficiency buy sandisk, buy sandisk processor efficiency, processor efficiency cheap sandisk, cheap sandisk processor efficiency, processor efficiency best sandisk, best sandisk processor efficiency, processor efficiency sandisk review, sandisk review processor efficiency, processor efficiency where to buy sandisk, where to buy sandisk processor efficiency, processor efficiency how to choose sandisk, how to choose sandisk processor efficiency, processor efficiency top sandisk, top sandisk processor efficiency, processor efficiency sandisk guide, sandisk guide processor efficiency, processor efficiency sandisk for sale, sandisk for sale processor efficiency, processor efficiency sandisk deals, sandisk deals processor efficiency, autofocus speed sandisk, sandisk autofocus speed, autofocus speed cheap, cheap autofocus speed, autofocus speed best, best autofocus speed, autofocus speed latest, latest autofocus speed, autofocus speed review, review autofocus speed, autofocus speed price, price autofocus speed, autofocus speed sell, sell autofocus speed, autofocus speed buy, buy autofocus speed, autofocus speed recommendation, recommendation autofocus speed, autofocus speed tips, tips autofocus speed, autofocus speed tutorial, tutorial autofocus speed, autofocus speed guide, guide autofocus speed, autofocus speed how to, how to autofocus speed, autofocus speed vs, vs autofocus speed, autofocus speed versus, versus autofocus speed, autofocus speed compared to, compared to autofocus speed, autofocus speed comparison, comparison autofocus speed, autofocus speed alternatives, alternatives autofocus speed, autofocus speed which is better, which is better autofocus speed, autofocus speed expensive, expensive autofocus speed, autofocus speed discount, discount autofocus speed, autofocus speed deals, deals autofocus speed, autofocus speed sale, sale autofocus speed, autofocus speed affordable, affordable autofocus speed, autofocus speed cost, cost autofocus speed, autofocus speed online, online autofocus speed, autofocus speed offline, offline autofocus speed, autofocus speed marketplace, marketplace autofocus speed, autofocus speed store, store autofocus speed, autofocus speed shop, shop autofocus speed, autofocus speed retailer, retailer autofocus speed, autofocus speed where to buy, where to buy autofocus speed, autofocus speed worst, worst autofocus speed, autofocus speed quality, quality autofocus speed, autofocus speed original, original autofocus speed, autofocus speed genuine, genuine autofocus speed, autofocus speed fake, fake autofocus speed, autofocus speed replica, replica autofocus speed, autofocus speed authentic, authentic autofocus speed, autofocus speed brand, brand autofocus speed, autofocus speed manufacturer, manufacturer autofocus speed, autofocus speed company, company autofocus speed, autofocus speed product, product autofocus speed, autofocus speed sandisk product, sandisk product autofocus speed, autofocus speed sell sandisk, sell sandisk autofocus speed, autofocus speed buy sandisk, buy sandisk autofocus speed, autofocus speed cheap sandisk, cheap sandisk autofocus speed, autofocus speed best sandisk, best sandisk autofocus speed, autofocus speed sandisk review, sandisk review autofocus speed, autofocus speed where to buy sandisk, where to buy sandisk autofocus speed, autofocus speed how to choose sandisk, how to choose sandisk autofocus speed, autofocus speed top sandisk, top sandisk autofocus speed, autofocus speed sandisk guide, sandisk guide autofocus speed, autofocus speed sandisk for sale, sandisk for sale autofocus speed, autofocus speed sandisk deals, sandisk deals autofocus speed
2026-09-21 17:51:01,301 - INFO - Expanded 220 seed keywords to 385 variations
2026-09-21 17:51:01,301 - INFO - Language: en
2026-09-21 17:51:01,301 - INFO - Region: us
2026-09-21 17:52:15,290 - INFO - 🎯 After all filtering for 'sandisk': 120 relevant keywords
2026-09-21 17:52:16,483 - INFO - 🎯 Found 5 new keywords for niche 'sandisk': sandisk affordable autofocus speed, sandisk affordable processor efficiency, cheap alternatives autofocus speed, cheap alternatives processor efficiency, best authentic autofocus speed
2026-09-21 17:52:32,810 - INFO - ✅ Niche 'sandisk' process complete! 859 total keyword results.
2026-09-21 17:52:32,810 - INFO - ✅ Completed processing niche: 'sandisk'
2026-09-21 17:52:32,810 - INFO - 🔧 Request Handler final stats - Success rate: 100.0%
2026-09-21 17:52:32,810 - INFO -    Total requests: 202406, Blocks: 1
2026-09-21 17:52:32,811 - INFO - 
========================================
2026-09-21 17:52:32,811 - INFO - Process Summary:
2026-09-21 17:52:32,811 - INFO - - Current niche: 'sandisk'
2026-09-21 17:52:32,811 - INFO - - Next niche will be: 'intel'
2026-09-21 17:52:32,811 - INFO - - Keywords saved in: languages/english/keywords/sandisk/
2026-09-21 17:52:32,812 - INFO - ========================================
