2026-08-21 05:17:22,987 - INFO - Log file created at: /home/runner/work/potensitech.com/potensitech.com/languages/english/keywords/logs/kw_search_20260821_051722.log
2026-08-21 05:17:22,987 - INFO - ============================================================
2026-08-21 05:17:22,987 - INFO - AUTOMATIC KEYWORD RESEARCH TOOL
2026-08-21 05:17:22,987 - INFO - ============================================================
2026-08-21 05:17:23,259 - INFO - ========================================
2026-08-21 05:17:23,259 - INFO - Found 14 niches to process: xiaomi, iphone, samsung, apple, sony, asus, philips, sandisk, intel, nvidia, amd, canon, nikon, huawei
2026-08-21 05:17:23,259 - INFO - ========================================
2026-08-21 05:17:23,259 - INFO - Continuing from last processed niche: samsung
2026-08-21 05:17:23,259 - INFO - ========================================
2026-08-21 05:17:23,259 - INFO - 🎯 PROCESSING NICHE 4/14: 'apple'
2026-08-21 05:17:23,259 - INFO - ========================================
2026-08-21 05:17:23,260 - INFO - 📁 Niche directory: /home/runner/work/potensitech.com/potensitech.com/languages/english/keywords/apple
2026-08-21 05:17:23,260 - INFO - Selected region: us
2026-08-21 05:17:23,260 - INFO - Selected language: en
2026-08-21 05:17:23,260 - INFO - 🎯 Current niche: apple
2026-08-21 05:17:23,901 - INFO - 🎯 Niche terms for filtering: apple, cheap, best, latest, review, price, sell, buy, recommendation, tips, tutorial, guide, how to, vs, versus, compared to, comparison, alternatives, which is better, expensive, discount, deals, sale, affordable, cost, online, offline, marketplace, store, shop, retailer, where to buy, worst, quality, original, genuine, fake, replica, authentic, brand, manufacturer, company, product, apple product, sell apple, buy apple, cheap apple, best apple, apple review, where to buy apple, how to choose apple, top apple, apple guide, apple for sale, apple deals
2026-08-21 05:17:23,901 - INFO - Generated 50 niche-clue pairs for 'apple'.
2026-08-21 05:17:23,903 - INFO - Expanded 50 seed keywords to 218 variations
2026-08-21 05:17:23,908 - INFO - 🔧 Request Handler initialized - Success rate: 100.0%
2026-08-21 05:21:46,671 - INFO - Original clue keywords: dslr, mirrorless
2026-08-21 05:21:46,671 - INFO - Niche-focused seeds: dslr apple, apple dslr, dslr cheap, cheap dslr, dslr best, best dslr, dslr latest, latest dslr, dslr review, review dslr, dslr price, price dslr, dslr sell, sell dslr, dslr buy, buy dslr, dslr recommendation, recommendation dslr, dslr tips, tips dslr, dslr tutorial, tutorial dslr, dslr guide, guide dslr, dslr how to, how to dslr, dslr vs, vs dslr, dslr versus, versus dslr, dslr compared to, compared to dslr, dslr comparison, comparison dslr, dslr alternatives, alternatives dslr, dslr which is better, which is better dslr, dslr expensive, expensive dslr, dslr discount, discount dslr, dslr deals, deals dslr, dslr sale, sale dslr, dslr affordable, affordable dslr, dslr cost, cost dslr, dslr online, online dslr, dslr offline, offline dslr, dslr marketplace, marketplace dslr, dslr store, store dslr, dslr shop, shop dslr, dslr retailer, retailer dslr, dslr where to buy, where to buy dslr, dslr worst, worst dslr, dslr quality, quality dslr, dslr original, original dslr, dslr genuine, genuine dslr, dslr fake, fake dslr, dslr replica, replica dslr, dslr authentic, authentic dslr, dslr brand, brand dslr, dslr manufacturer, manufacturer dslr, dslr company, company dslr, dslr product, product dslr, dslr apple product, apple product dslr, dslr sell apple, sell apple dslr, dslr buy apple, buy apple dslr, dslr cheap apple, cheap apple dslr, dslr best apple, best apple dslr, dslr apple review, apple review dslr, dslr where to buy apple, where to buy apple dslr, dslr how to choose apple, how to choose apple dslr, dslr top apple, top apple dslr, dslr apple guide, apple guide dslr, dslr apple for sale, apple for sale dslr, dslr apple deals, apple deals dslr, mirrorless apple, apple mirrorless, mirrorless cheap, cheap mirrorless, mirrorless best, best mirrorless, mirrorless latest, latest mirrorless, mirrorless review, review mirrorless, mirrorless price, price mirrorless, mirrorless sell, sell mirrorless, mirrorless buy, buy mirrorless, mirrorless recommendation, recommendation mirrorless, mirrorless tips, tips mirrorless, mirrorless tutorial, tutorial mirrorless, mirrorless guide, guide mirrorless, mirrorless how to, how to mirrorless, mirrorless vs, vs mirrorless, mirrorless versus, versus mirrorless, mirrorless compared to, compared to mirrorless, mirrorless comparison, comparison mirrorless, mirrorless alternatives, alternatives mirrorless, mirrorless which is better, which is better mirrorless, mirrorless expensive, expensive mirrorless, mirrorless discount, discount mirrorless, mirrorless deals, deals mirrorless, mirrorless sale, sale mirrorless, mirrorless affordable, affordable mirrorless, mirrorless cost, cost mirrorless, mirrorless online, online mirrorless, mirrorless offline, offline mirrorless, mirrorless marketplace, marketplace mirrorless, mirrorless store, store mirrorless, mirrorless shop, shop mirrorless, mirrorless retailer, retailer mirrorless, mirrorless where to buy, where to buy mirrorless, mirrorless worst, worst mirrorless, mirrorless quality, quality mirrorless, mirrorless original, original mirrorless, mirrorless genuine, genuine mirrorless, mirrorless fake, fake mirrorless, mirrorless replica, replica mirrorless, mirrorless authentic, authentic mirrorless, mirrorless brand, brand mirrorless, mirrorless manufacturer, manufacturer mirrorless, mirrorless company, company mirrorless, mirrorless product, product mirrorless, mirrorless apple product, apple product mirrorless, mirrorless sell apple, sell apple mirrorless, mirrorless buy apple, buy apple mirrorless, mirrorless cheap apple, cheap apple mirrorless, mirrorless best apple, best apple mirrorless, mirrorless apple review, apple review mirrorless, mirrorless where to buy apple, where to buy apple mirrorless, mirrorless how to choose apple, how to choose apple mirrorless, mirrorless top apple, top apple mirrorless, mirrorless apple guide, apple guide mirrorless, mirrorless apple for sale, apple for sale mirrorless, mirrorless apple deals, apple deals mirrorless
2026-08-21 05:21:46,673 - INFO - Expanded 220 seed keywords to 385 variations
2026-08-21 05:21:46,673 - INFO - Language: en
2026-08-21 05:21:46,673 - INFO - Region: us
2026-08-21 05:26:19,132 - INFO - 🎯 After all filtering for 'apple': 120 relevant keywords
2026-08-21 05:26:19,246 - INFO - 🎯 Found 5 new keywords for niche 'apple': apple affordable dslr, cheap affordable dslr, best affordable dslr, how to affordable dslr, apple affordable mirrorless
2026-08-21 05:26:19,677 - INFO - ✅ Niche 'apple' process complete! 550 total keyword results.
2026-08-21 05:26:19,677 - INFO - ✅ Completed processing niche: 'apple'
2026-08-21 05:26:19,678 - INFO - 🔧 Request Handler final stats - Success rate: 100.0%
2026-08-21 05:26:19,678 - INFO -    Total requests: 176972, Blocks: 1
2026-08-21 05:26:19,678 - INFO - 
========================================
2026-08-21 05:26:19,679 - INFO - Process Summary:
2026-08-21 05:26:19,679 - INFO - - Current niche: 'apple'
2026-08-21 05:26:19,679 - INFO - - Next niche will be: 'sony'
2026-08-21 05:26:19,679 - INFO - - Keywords saved in: languages/english/keywords/apple/
2026-08-21 05:26:19,679 - INFO - ========================================
