2026-10-04 05:37:48,591 - INFO - Log file created at: /home/runner/work/potensitech.com/potensitech.com/languages/english/keywords/logs/kw_search_20261004_053748.log
2026-10-04 05:37:48,592 - INFO - ============================================================
2026-10-04 05:37:48,592 - INFO - AUTOMATIC KEYWORD RESEARCH TOOL
2026-10-04 05:37:48,592 - INFO - ============================================================
2026-10-04 05:37:48,982 - INFO - ========================================
2026-10-04 05:37:48,982 - INFO - Found 14 niches to process: xiaomi, iphone, samsung, apple, sony, asus, philips, sandisk, intel, nvidia, amd, canon, nikon, huawei
2026-10-04 05:37:48,982 - INFO - ========================================
2026-10-04 05:37:48,982 - INFO - Continuing from last processed niche: asus
2026-10-04 05:37:48,982 - INFO - ========================================
2026-10-04 05:37:48,982 - INFO - 🎯 PROCESSING NICHE 7/14: 'philips'
2026-10-04 05:37:48,982 - INFO - ========================================
2026-10-04 05:37:48,982 - INFO - 📁 Niche directory: /home/runner/work/potensitech.com/potensitech.com/languages/english/keywords/philips
2026-10-04 05:37:48,982 - INFO - Selected region: us
2026-10-04 05:37:48,982 - INFO - Selected language: en
2026-10-04 05:37:48,983 - INFO - 🎯 Current niche: philips
2026-10-04 05:37:59,728 - INFO - 🎯 Niche terms for filtering: philips, cheap, best, latest, review, price, sell, buy, recommendation, tips, tutorial, guide, how to, vs, versus, compared to, comparison, alternatives, which is better, expensive, discount, deals, sale, affordable, cost, online, offline, marketplace, store, shop, retailer, where to buy, worst, quality, original, genuine, fake, replica, authentic, brand, manufacturer, company, product, philips product, sell philips, buy philips, cheap philips, best philips, philips review, where to buy philips, how to choose philips, top philips, philips guide, philips for sale, philips deals
2026-10-04 05:37:59,728 - INFO - Generated 50 niche-clue pairs for 'philips'.
2026-10-04 05:37:59,731 - INFO - Expanded 50 seed keywords to 218 variations
2026-10-04 05:37:59,731 - INFO - 🔧 Request Handler initialized - Success rate: 100.0%
2026-10-04 05:42:25,905 - INFO - Original clue keywords: dslr features, ai acceleration
2026-10-04 05:42:25,905 - INFO - Niche-focused seeds: dslr features philips, philips dslr features, dslr features cheap, cheap dslr features, dslr features best, best dslr features, dslr features latest, latest dslr features, dslr features review, review dslr features, dslr features price, price dslr features, dslr features sell, sell dslr features, dslr features buy, buy dslr features, dslr features recommendation, recommendation dslr features, dslr features tips, tips dslr features, dslr features tutorial, tutorial dslr features, dslr features guide, guide dslr features, dslr features how to, how to dslr features, dslr features vs, vs dslr features, dslr features versus, versus dslr features, dslr features compared to, compared to dslr features, dslr features comparison, comparison dslr features, dslr features alternatives, alternatives dslr features, dslr features which is better, which is better dslr features, dslr features expensive, expensive dslr features, dslr features discount, discount dslr features, dslr features deals, deals dslr features, dslr features sale, sale dslr features, dslr features affordable, affordable dslr features, dslr features cost, cost dslr features, dslr features online, online dslr features, dslr features offline, offline dslr features, dslr features marketplace, marketplace dslr features, dslr features store, store dslr features, dslr features shop, shop dslr features, dslr features retailer, retailer dslr features, dslr features where to buy, where to buy dslr features, dslr features worst, worst dslr features, dslr features quality, quality dslr features, dslr features original, original dslr features, dslr features genuine, genuine dslr features, dslr features fake, fake dslr features, dslr features replica, replica dslr features, dslr features authentic, authentic dslr features, dslr features brand, brand dslr features, dslr features manufacturer, manufacturer dslr features, dslr features company, company dslr features, dslr features product, product dslr features, dslr features philips product, philips product dslr features, dslr features sell philips, sell philips dslr features, dslr features buy philips, buy philips dslr features, dslr features cheap philips, cheap philips dslr features, dslr features best philips, best philips dslr features, dslr features philips review, philips review dslr features, dslr features where to buy philips, where to buy philips dslr features, dslr features how to choose philips, how to choose philips dslr features, dslr features top philips, top philips dslr features, dslr features philips guide, philips guide dslr features, dslr features philips for sale, philips for sale dslr features, dslr features philips deals, philips deals dslr features, ai acceleration philips, philips ai acceleration, ai acceleration cheap, cheap ai acceleration, ai acceleration best, best ai acceleration, ai acceleration latest, latest ai acceleration, ai acceleration review, review ai acceleration, ai acceleration price, price ai acceleration, ai acceleration sell, sell ai acceleration, ai acceleration buy, buy ai acceleration, ai acceleration recommendation, recommendation ai acceleration, ai acceleration tips, tips ai acceleration, ai acceleration tutorial, tutorial ai acceleration, ai acceleration guide, guide ai acceleration, ai acceleration how to, how to ai acceleration, ai acceleration vs, vs ai acceleration, ai acceleration versus, versus ai acceleration, ai acceleration compared to, compared to ai acceleration, ai acceleration comparison, comparison ai acceleration, ai acceleration alternatives, alternatives ai acceleration, ai acceleration which is better, which is better ai acceleration, ai acceleration expensive, expensive ai acceleration, ai acceleration discount, discount ai acceleration, ai acceleration deals, deals ai acceleration, ai acceleration sale, sale ai acceleration, ai acceleration affordable, affordable ai acceleration, ai acceleration cost, cost ai acceleration, ai acceleration online, online ai acceleration, ai acceleration offline, offline ai acceleration, ai acceleration marketplace, marketplace ai acceleration, ai acceleration store, store ai acceleration, ai acceleration shop, shop ai acceleration, ai acceleration retailer, retailer ai acceleration, ai acceleration where to buy, where to buy ai acceleration, ai acceleration worst, worst ai acceleration, ai acceleration quality, quality ai acceleration, ai acceleration original, original ai acceleration, ai acceleration genuine, genuine ai acceleration, ai acceleration fake, fake ai acceleration, ai acceleration replica, replica ai acceleration, ai acceleration authentic, authentic ai acceleration, ai acceleration brand, brand ai acceleration, ai acceleration manufacturer, manufacturer ai acceleration, ai acceleration company, company ai acceleration, ai acceleration product, product ai acceleration, ai acceleration philips product, philips product ai acceleration, ai acceleration sell philips, sell philips ai acceleration, ai acceleration buy philips, buy philips ai acceleration, ai acceleration cheap philips, cheap philips ai acceleration, ai acceleration best philips, best philips ai acceleration, ai acceleration philips review, philips review ai acceleration, ai acceleration where to buy philips, where to buy philips ai acceleration, ai acceleration how to choose philips, how to choose philips ai acceleration, ai acceleration top philips, top philips ai acceleration, ai acceleration philips guide, philips guide ai acceleration, ai acceleration philips for sale, philips for sale ai acceleration, ai acceleration philips deals, philips deals ai acceleration
2026-10-04 05:42:25,908 - INFO - Expanded 220 seed keywords to 385 variations
2026-10-04 05:42:25,908 - INFO - Language: en
2026-10-04 05:42:25,908 - INFO - Region: us
2026-10-04 05:46:56,998 - INFO - 🎯 After all filtering for 'philips': 120 relevant keywords
2026-10-04 05:46:58,529 - INFO - 🎯 Found 5 new keywords for niche 'philips': philips affordable ai acceleration, philips affordable dslr features, cheap ai acceleration alternatives, best ai acceleration authentic, how to ai acceleration brand
2026-10-04 05:47:14,554 - INFO - ✅ Niche 'philips' process complete! 758 total keyword results.
2026-10-04 05:47:14,554 - INFO - ✅ Completed processing niche: 'philips'
2026-10-04 05:47:14,554 - INFO - 🔧 Request Handler final stats - Success rate: 100.0%
2026-10-04 05:47:14,554 - INFO -    Total requests: 213648, Blocks: 1
2026-10-04 05:47:14,555 - INFO - 
========================================
2026-10-04 05:47:14,555 - INFO - Process Summary:
2026-10-04 05:47:14,556 - INFO - - Current niche: 'philips'
2026-10-04 05:47:14,556 - INFO - - Next niche will be: 'sandisk'
2026-10-04 05:47:14,556 - INFO - - Keywords saved in: languages/english/keywords/philips/
2026-10-04 05:47:14,556 - INFO - ========================================
