2026-09-03 04:08:44,237 - INFO - Log file created at: /home/runner/work/potensitech.com/potensitech.com/languages/english/keywords/logs/kw_search_20260903_040844.log
2026-09-03 04:08:44,237 - INFO - ============================================================
2026-09-03 04:08:44,237 - INFO - AUTOMATIC KEYWORD RESEARCH TOOL
2026-09-03 04:08:44,237 - INFO - ============================================================
2026-09-03 04:08:44,563 - INFO - ========================================
2026-09-03 04:08:44,563 - INFO - Found 14 niches to process: xiaomi, iphone, samsung, apple, sony, asus, philips, sandisk, intel, nvidia, amd, canon, nikon, huawei
2026-09-03 04:08:44,563 - INFO - ========================================
2026-09-03 04:08:44,563 - INFO - Continuing from last processed niche: sony
2026-09-03 04:08:44,563 - INFO - ========================================
2026-09-03 04:08:44,563 - INFO - 🎯 PROCESSING NICHE 6/14: 'asus'
2026-09-03 04:08:44,563 - INFO - ========================================
2026-09-03 04:08:44,563 - INFO - 📁 Niche directory: /home/runner/work/potensitech.com/potensitech.com/languages/english/keywords/asus
2026-09-03 04:08:44,563 - INFO - Selected region: us
2026-09-03 04:08:44,563 - INFO - Selected language: en
2026-09-03 04:08:44,563 - INFO - 🎯 Current niche: asus
2026-09-03 04:08:55,769 - INFO - 🎯 Niche terms for filtering: asus, cheap, best, latest, review, price, sell, buy, recommendation, tips, tutorial, guide, how to, vs, versus, compared to, comparison, alternatives, which is better, expensive, discount, deals, sale, affordable, cost, online, offline, marketplace, store, shop, retailer, where to buy, worst, quality, original, genuine, fake, replica, authentic, brand, manufacturer, company, product, asus product, sell asus, buy asus, cheap asus, best asus, asus review, where to buy asus, how to choose asus, top asus, asus guide, asus for sale, asus deals
2026-09-03 04:08:55,769 - INFO - Generated 50 niche-clue pairs for 'asus'.
2026-09-03 04:08:55,772 - INFO - Expanded 50 seed keywords to 218 variations
2026-09-03 04:08:55,773 - INFO - 🔧 Request Handler initialized - Success rate: 100.0%
2026-09-03 04:13:17,968 - INFO - Original clue keywords: laptop, performance
2026-09-03 04:13:17,968 - INFO - Niche-focused seeds: laptop asus, asus laptop, laptop cheap, cheap laptop, laptop best, best laptop, laptop latest, latest laptop, laptop review, review laptop, laptop price, price laptop, laptop sell, sell laptop, laptop buy, buy laptop, laptop recommendation, recommendation laptop, laptop tips, tips laptop, laptop tutorial, tutorial laptop, laptop guide, guide laptop, laptop how to, how to laptop, laptop vs, vs laptop, laptop versus, versus laptop, laptop compared to, compared to laptop, laptop comparison, comparison laptop, laptop alternatives, alternatives laptop, laptop which is better, which is better laptop, laptop expensive, expensive laptop, laptop discount, discount laptop, laptop deals, deals laptop, laptop sale, sale laptop, laptop affordable, affordable laptop, laptop cost, cost laptop, laptop online, online laptop, laptop offline, offline laptop, laptop marketplace, marketplace laptop, laptop store, store laptop, laptop shop, shop laptop, laptop retailer, retailer laptop, laptop where to buy, where to buy laptop, laptop worst, worst laptop, laptop quality, quality laptop, laptop original, original laptop, laptop genuine, genuine laptop, laptop fake, fake laptop, laptop replica, replica laptop, laptop authentic, authentic laptop, laptop brand, brand laptop, laptop manufacturer, manufacturer laptop, laptop company, company laptop, laptop product, product laptop, laptop asus product, asus product laptop, laptop sell asus, sell asus laptop, laptop buy asus, buy asus laptop, laptop cheap asus, cheap asus laptop, laptop best asus, best asus laptop, laptop asus review, asus review laptop, laptop where to buy asus, where to buy asus laptop, laptop how to choose asus, how to choose asus laptop, laptop top asus, top asus laptop, laptop asus guide, asus guide laptop, laptop asus for sale, asus for sale laptop, laptop asus deals, asus deals laptop, performance asus, asus performance, performance cheap, cheap performance, performance best, best performance, performance latest, latest performance, performance review, review performance, performance price, price performance, performance sell, sell performance, performance buy, buy performance, performance recommendation, recommendation performance, performance tips, tips performance, performance tutorial, tutorial performance, performance guide, guide performance, performance how to, how to performance, performance vs, vs performance, performance versus, versus performance, performance compared to, compared to performance, performance comparison, comparison performance, performance alternatives, alternatives performance, performance which is better, which is better performance, performance expensive, expensive performance, performance discount, discount performance, performance deals, deals performance, performance sale, sale performance, performance affordable, affordable performance, performance cost, cost performance, performance online, online performance, performance offline, offline performance, performance marketplace, marketplace performance, performance store, store performance, performance shop, shop performance, performance retailer, retailer performance, performance where to buy, where to buy performance, performance worst, worst performance, performance quality, quality performance, performance original, original performance, performance genuine, genuine performance, performance fake, fake performance, performance replica, replica performance, performance authentic, authentic performance, performance brand, brand performance, performance manufacturer, manufacturer performance, performance company, company performance, performance product, product performance, performance asus product, asus product performance, performance sell asus, sell asus performance, performance buy asus, buy asus performance, performance cheap asus, cheap asus performance, performance best asus, best asus performance, performance asus review, asus review performance, performance where to buy asus, where to buy asus performance, performance how to choose asus, how to choose asus performance, performance top asus, top asus performance, performance asus guide, asus guide performance, performance asus for sale, asus for sale performance, performance asus deals, asus deals performance
2026-09-03 04:13:17,972 - INFO - Expanded 220 seed keywords to 385 variations
2026-09-03 04:13:17,972 - INFO - Language: en
2026-09-03 04:13:17,972 - INFO - Region: us
2026-09-03 04:15:44,886 - INFO - 🎯 After all filtering for 'asus': 120 relevant keywords
2026-09-03 04:15:45,140 - INFO - 🎯 Found 5 new keywords for niche 'asus': asus affordable laptop, cheap affordable laptop, best affordable laptop, how to affordable laptop, asus affordable performance
2026-09-03 04:16:01,084 - INFO - ✅ Niche 'asus' process complete! 842 total keyword results.
2026-09-03 04:16:01,084 - INFO - ✅ Completed processing niche: 'asus'
2026-09-03 04:16:01,084 - INFO - 🔧 Request Handler final stats - Success rate: 100.0%
2026-09-03 04:16:01,084 - INFO -    Total requests: 186927, Blocks: 1
2026-09-03 04:16:01,085 - INFO - 
========================================
2026-09-03 04:16:01,086 - INFO - Process Summary:
2026-09-03 04:16:01,086 - INFO - - Current niche: 'asus'
2026-09-03 04:16:01,086 - INFO - - Next niche will be: 'philips'
2026-09-03 04:16:01,086 - INFO - - Keywords saved in: languages/english/keywords/asus/
2026-09-03 04:16:01,087 - INFO - ========================================
