2026-08-14 02:33:27,724 - INFO - Log file created at: /home/runner/work/potensitech.com/potensitech.com/languages/english/keywords/logs/kw_search_20260814_023327.log
2026-08-14 02:33:27,724 - INFO - ============================================================
2026-08-14 02:33:27,724 - INFO - AUTOMATIC KEYWORD RESEARCH TOOL
2026-08-14 02:33:27,724 - INFO - ============================================================
2026-08-14 02:33:28,012 - INFO - ========================================
2026-08-14 02:33:28,012 - INFO - Found 14 niches to process: xiaomi, iphone, samsung, apple, sony, asus, philips, sandisk, intel, nvidia, amd, canon, nikon, huawei
2026-08-14 02:33:28,012 - INFO - ========================================
2026-08-14 02:33:28,012 - INFO - Continuing from last processed niche: xiaomi
2026-08-14 02:33:28,012 - INFO - ========================================
2026-08-14 02:33:28,012 - INFO - 🎯 PROCESSING NICHE 2/14: 'iphone'
2026-08-14 02:33:28,012 - INFO - ========================================
2026-08-14 02:33:28,012 - INFO - 📁 Niche directory: /home/runner/work/potensitech.com/potensitech.com/languages/english/keywords/iphone
2026-08-14 02:33:28,012 - INFO - Selected region: us
2026-08-14 02:33:28,012 - INFO - Selected language: en
2026-08-14 02:33:28,012 - INFO - 🎯 Current niche: iphone
2026-08-14 02:33:28,726 - INFO - 🎯 Niche terms for filtering: iphone, cheap, best, latest, review, price, sell, buy, recommendation, tips, tutorial, guide, how to, vs, versus, compared to, comparison, alternatives, which is better, expensive, discount, deals, sale, affordable, cost, online, offline, marketplace, store, shop, retailer, where to buy, worst, quality, original, genuine, fake, replica, authentic, brand, manufacturer, company, product, iphone product, sell iphone, buy iphone, cheap iphone, best iphone, iphone review, where to buy iphone, how to choose iphone, top iphone, iphone guide, iphone for sale, iphone deals
2026-08-14 02:33:28,727 - INFO - Generated 50 niche-clue pairs for 'iphone'.
2026-08-14 02:33:28,730 - INFO - Expanded 50 seed keywords to 218 variations
2026-08-14 02:33:28,730 - INFO - 🔧 Request Handler initialized - Success rate: 100.0%
2026-08-14 02:37:50,474 - INFO - Original clue keywords: core efficiency, chip architecture
2026-08-14 02:37:50,474 - INFO - Niche-focused seeds: core efficiency iphone, iphone core efficiency, core efficiency cheap, cheap core efficiency, core efficiency best, best core efficiency, core efficiency latest, latest core efficiency, core efficiency review, review core efficiency, core efficiency price, price core efficiency, core efficiency sell, sell core efficiency, core efficiency buy, buy core efficiency, core efficiency recommendation, recommendation core efficiency, core efficiency tips, tips core efficiency, core efficiency tutorial, tutorial core efficiency, core efficiency guide, guide core efficiency, core efficiency how to, how to core efficiency, core efficiency vs, vs core efficiency, core efficiency versus, versus core efficiency, core efficiency compared to, compared to core efficiency, core efficiency comparison, comparison core efficiency, core efficiency alternatives, alternatives core efficiency, core efficiency which is better, which is better core efficiency, core efficiency expensive, expensive core efficiency, core efficiency discount, discount core efficiency, core efficiency deals, deals core efficiency, core efficiency sale, sale core efficiency, core efficiency affordable, affordable core efficiency, core efficiency cost, cost core efficiency, core efficiency online, online core efficiency, core efficiency offline, offline core efficiency, core efficiency marketplace, marketplace core efficiency, core efficiency store, store core efficiency, core efficiency shop, shop core efficiency, core efficiency retailer, retailer core efficiency, core efficiency where to buy, where to buy core efficiency, core efficiency worst, worst core efficiency, core efficiency quality, quality core efficiency, core efficiency original, original core efficiency, core efficiency genuine, genuine core efficiency, core efficiency fake, fake core efficiency, core efficiency replica, replica core efficiency, core efficiency authentic, authentic core efficiency, core efficiency brand, brand core efficiency, core efficiency manufacturer, manufacturer core efficiency, core efficiency company, company core efficiency, core efficiency product, product core efficiency, core efficiency iphone product, iphone product core efficiency, core efficiency sell iphone, sell iphone core efficiency, core efficiency buy iphone, buy iphone core efficiency, core efficiency cheap iphone, cheap iphone core efficiency, core efficiency best iphone, best iphone core efficiency, core efficiency iphone review, iphone review core efficiency, core efficiency where to buy iphone, where to buy iphone core efficiency, core efficiency how to choose iphone, how to choose iphone core efficiency, core efficiency top iphone, top iphone core efficiency, core efficiency iphone guide, iphone guide core efficiency, core efficiency iphone for sale, iphone for sale core efficiency, core efficiency iphone deals, iphone deals core efficiency, chip architecture iphone, iphone chip architecture, chip architecture cheap, cheap chip architecture, chip architecture best, best chip architecture, chip architecture latest, latest chip architecture, chip architecture review, review chip architecture, chip architecture price, price chip architecture, chip architecture sell, sell chip architecture, chip architecture buy, buy chip architecture, chip architecture recommendation, recommendation chip architecture, chip architecture tips, tips chip architecture, chip architecture tutorial, tutorial chip architecture, chip architecture guide, guide chip architecture, chip architecture how to, how to chip architecture, chip architecture vs, vs chip architecture, chip architecture versus, versus chip architecture, chip architecture compared to, compared to chip architecture, chip architecture comparison, comparison chip architecture, chip architecture alternatives, alternatives chip architecture, chip architecture which is better, which is better chip architecture, chip architecture expensive, expensive chip architecture, chip architecture discount, discount chip architecture, chip architecture deals, deals chip architecture, chip architecture sale, sale chip architecture, chip architecture affordable, affordable chip architecture, chip architecture cost, cost chip architecture, chip architecture online, online chip architecture, chip architecture offline, offline chip architecture, chip architecture marketplace, marketplace chip architecture, chip architecture store, store chip architecture, chip architecture shop, shop chip architecture, chip architecture retailer, retailer chip architecture, chip architecture where to buy, where to buy chip architecture, chip architecture worst, worst chip architecture, chip architecture quality, quality chip architecture, chip architecture original, original chip architecture, chip architecture genuine, genuine chip architecture, chip architecture fake, fake chip architecture, chip architecture replica, replica chip architecture, chip architecture authentic, authentic chip architecture, chip architecture brand, brand chip architecture, chip architecture manufacturer, manufacturer chip architecture, chip architecture company, company chip architecture, chip architecture product, product chip architecture, chip architecture iphone product, iphone product chip architecture, chip architecture sell iphone, sell iphone chip architecture, chip architecture buy iphone, buy iphone chip architecture, chip architecture cheap iphone, cheap iphone chip architecture, chip architecture best iphone, best iphone chip architecture, chip architecture iphone review, iphone review chip architecture, chip architecture where to buy iphone, where to buy iphone chip architecture, chip architecture how to choose iphone, how to choose iphone chip architecture, chip architecture top iphone, top iphone chip architecture, chip architecture iphone guide, iphone guide chip architecture, chip architecture iphone for sale, iphone for sale chip architecture, chip architecture iphone deals, iphone deals chip architecture
2026-08-14 02:37:50,477 - INFO - Expanded 220 seed keywords to 385 variations
2026-08-14 02:37:50,478 - INFO - Language: en
2026-08-14 02:37:50,478 - INFO - Region: us
2026-08-14 02:40:15,618 - INFO - 🎯 After all filtering for 'iphone': 120 relevant keywords
2026-08-14 02:40:18,240 - INFO - 🎯 Found 4 new keywords for niche 'iphone': iphone affordable chip architecture, iphone affordable core efficiency, cheap alternatives chip architecture, best authentic chip architecture
2026-08-14 02:40:18,675 - INFO - ✅ Niche 'iphone' process complete! 844 total keyword results.
2026-08-14 02:40:18,676 - INFO - ✅ Completed processing niche: 'iphone'
2026-08-14 02:40:18,676 - INFO - 🔧 Request Handler final stats - Success rate: 100.0%
2026-08-14 02:40:18,676 - INFO -    Total requests: 170977, Blocks: 1
2026-08-14 02:40:18,677 - INFO - 
========================================
2026-08-14 02:40:18,677 - INFO - Process Summary:
2026-08-14 02:40:18,677 - INFO - - Current niche: 'iphone'
2026-08-14 02:40:18,677 - INFO - - Next niche will be: 'samsung'
2026-08-14 02:40:18,677 - INFO - - Keywords saved in: languages/english/keywords/iphone/
2026-08-14 02:40:18,677 - INFO - ========================================
