2026-08-30 12:53:47,980 - INFO - Log file created at: /home/runner/work/potensitech.com/potensitech.com/languages/english/keywords/logs/kw_search_20260830_125347.log
2026-08-30 12:53:47,980 - INFO - ============================================================
2026-08-30 12:53:47,980 - INFO - AUTOMATIC KEYWORD RESEARCH TOOL
2026-08-30 12:53:47,980 - INFO - ============================================================
2026-08-30 12:53:48,297 - INFO - ========================================
2026-08-30 12:53:48,297 - INFO - Found 14 niches to process: xiaomi, iphone, samsung, apple, sony, asus, philips, sandisk, intel, nvidia, amd, canon, nikon, huawei
2026-08-30 12:53:48,297 - INFO - ========================================
2026-08-30 12:53:48,298 - INFO - Continuing from last processed niche: nvidia
2026-08-30 12:53:48,298 - INFO - ========================================
2026-08-30 12:53:48,298 - INFO - 🎯 PROCESSING NICHE 11/14: 'amd'
2026-08-30 12:53:48,298 - INFO - ========================================
2026-08-30 12:53:48,298 - INFO - 📁 Niche directory: /home/runner/work/potensitech.com/potensitech.com/languages/english/keywords/amd
2026-08-30 12:53:48,298 - INFO - Selected region: us
2026-08-30 12:53:48,298 - INFO - Selected language: en
2026-08-30 12:53:48,298 - INFO - 🎯 Current niche: amd
2026-08-30 12:53:59,156 - INFO - 🎯 Niche terms for filtering: amd, cheap, best, latest, review, price, sell, buy, recommendation, tips, tutorial, guide, how to, vs, versus, compared to, comparison, alternatives, which is better, expensive, discount, deals, sale, affordable, cost, online, offline, marketplace, store, shop, retailer, where to buy, worst, quality, original, genuine, fake, replica, authentic, brand, manufacturer, company, product, amd product, sell amd, buy amd, cheap amd, best amd, amd review, where to buy amd, how to choose amd, top amd, amd guide, amd for sale, amd deals
2026-08-30 12:53:59,156 - INFO - Generated 50 niche-clue pairs for 'amd'.
2026-08-30 12:53:59,160 - INFO - Expanded 50 seed keywords to 218 variations
2026-08-30 12:53:59,160 - INFO - 🔧 Request Handler initialized - Success rate: 100.0%
2026-08-30 12:58:22,499 - INFO - Original clue keywords: ai rendering, smart-lighting
2026-08-30 12:58:22,500 - INFO - Niche-focused seeds: ai rendering amd, amd ai rendering, ai rendering cheap, cheap ai rendering, ai rendering best, best ai rendering, ai rendering latest, latest ai rendering, ai rendering review, review ai rendering, ai rendering price, price ai rendering, ai rendering sell, sell ai rendering, ai rendering buy, buy ai rendering, ai rendering recommendation, recommendation ai rendering, ai rendering tips, tips ai rendering, ai rendering tutorial, tutorial ai rendering, ai rendering guide, guide ai rendering, ai rendering how to, how to ai rendering, ai rendering vs, vs ai rendering, ai rendering versus, versus ai rendering, ai rendering compared to, compared to ai rendering, ai rendering comparison, comparison ai rendering, ai rendering alternatives, alternatives ai rendering, ai rendering which is better, which is better ai rendering, ai rendering expensive, expensive ai rendering, ai rendering discount, discount ai rendering, ai rendering deals, deals ai rendering, ai rendering sale, sale ai rendering, ai rendering affordable, affordable ai rendering, ai rendering cost, cost ai rendering, ai rendering online, online ai rendering, ai rendering offline, offline ai rendering, ai rendering marketplace, marketplace ai rendering, ai rendering store, store ai rendering, ai rendering shop, shop ai rendering, ai rendering retailer, retailer ai rendering, ai rendering where to buy, where to buy ai rendering, ai rendering worst, worst ai rendering, ai rendering quality, quality ai rendering, ai rendering original, original ai rendering, ai rendering genuine, genuine ai rendering, ai rendering fake, fake ai rendering, ai rendering replica, replica ai rendering, ai rendering authentic, authentic ai rendering, ai rendering brand, brand ai rendering, ai rendering manufacturer, manufacturer ai rendering, ai rendering company, company ai rendering, ai rendering product, product ai rendering, ai rendering amd product, amd product ai rendering, ai rendering sell amd, sell amd ai rendering, ai rendering buy amd, buy amd ai rendering, ai rendering cheap amd, cheap amd ai rendering, ai rendering best amd, best amd ai rendering, ai rendering amd review, amd review ai rendering, ai rendering where to buy amd, where to buy amd ai rendering, ai rendering how to choose amd, how to choose amd ai rendering, ai rendering top amd, top amd ai rendering, ai rendering amd guide, amd guide ai rendering, ai rendering amd for sale, amd for sale ai rendering, ai rendering amd deals, amd deals ai rendering, smart-lighting amd, amd smart-lighting, smart-lighting cheap, cheap smart-lighting, smart-lighting best, best smart-lighting, smart-lighting latest, latest smart-lighting, smart-lighting review, review smart-lighting, smart-lighting price, price smart-lighting, smart-lighting sell, sell smart-lighting, smart-lighting buy, buy smart-lighting, smart-lighting recommendation, recommendation smart-lighting, smart-lighting tips, tips smart-lighting, smart-lighting tutorial, tutorial smart-lighting, smart-lighting guide, guide smart-lighting, smart-lighting how to, how to smart-lighting, smart-lighting vs, vs smart-lighting, smart-lighting versus, versus smart-lighting, smart-lighting compared to, compared to smart-lighting, smart-lighting comparison, comparison smart-lighting, smart-lighting alternatives, alternatives smart-lighting, smart-lighting which is better, which is better smart-lighting, smart-lighting expensive, expensive smart-lighting, smart-lighting discount, discount smart-lighting, smart-lighting deals, deals smart-lighting, smart-lighting sale, sale smart-lighting, smart-lighting affordable, affordable smart-lighting, smart-lighting cost, cost smart-lighting, smart-lighting online, online smart-lighting, smart-lighting offline, offline smart-lighting, smart-lighting marketplace, marketplace smart-lighting, smart-lighting store, store smart-lighting, smart-lighting shop, shop smart-lighting, smart-lighting retailer, retailer smart-lighting, smart-lighting where to buy, where to buy smart-lighting, smart-lighting worst, worst smart-lighting, smart-lighting quality, quality smart-lighting, smart-lighting original, original smart-lighting, smart-lighting genuine, genuine smart-lighting, smart-lighting fake, fake smart-lighting, smart-lighting replica, replica smart-lighting, smart-lighting authentic, authentic smart-lighting, smart-lighting brand, brand smart-lighting, smart-lighting manufacturer, manufacturer smart-lighting, smart-lighting company, company smart-lighting, smart-lighting product, product smart-lighting, smart-lighting amd product, amd product smart-lighting, smart-lighting sell amd, sell amd smart-lighting, smart-lighting buy amd, buy amd smart-lighting, smart-lighting cheap amd, cheap amd smart-lighting, smart-lighting best amd, best amd smart-lighting, smart-lighting amd review, amd review smart-lighting, smart-lighting where to buy amd, where to buy amd smart-lighting, smart-lighting how to choose amd, how to choose amd smart-lighting, smart-lighting top amd, top amd smart-lighting, smart-lighting amd guide, amd guide smart-lighting, smart-lighting amd for sale, amd for sale smart-lighting, smart-lighting amd deals, amd deals smart-lighting
2026-08-30 12:58:22,503 - INFO - Expanded 220 seed keywords to 385 variations
2026-08-30 12:58:22,503 - INFO - Language: en
2026-08-30 12:58:22,503 - INFO - Region: us
2026-08-30 13:02:52,793 - INFO - 🎯 After all filtering for 'amd': 120 relevant keywords
2026-08-30 13:02:53,077 - INFO - 🎯 Found 5 new keywords for niche 'amd': amd affordable smart-lighting, cheap affordable smart-lighting, best affordable smart-lighting, how to affordable smart-lighting, amd alternatives smart-lighting
2026-08-30 13:03:09,299 - INFO - ✅ Niche 'amd' process complete! 777 total keyword results.
2026-08-30 13:03:09,300 - INFO - ✅ Completed processing niche: 'amd'
2026-08-30 13:03:09,300 - INFO - 🔧 Request Handler final stats - Success rate: 100.0%
2026-08-30 13:03:09,300 - INFO -    Total requests: 183913, Blocks: 1
2026-08-30 13:03:09,301 - INFO - 
========================================
2026-08-30 13:03:09,301 - INFO - Process Summary:
2026-08-30 13:03:09,301 - INFO - - Current niche: 'amd'
2026-08-30 13:03:09,301 - INFO - - Next niche will be: 'canon'
2026-08-30 13:03:09,301 - INFO - - Keywords saved in: languages/english/keywords/amd/
2026-08-30 13:03:09,302 - INFO - ========================================
