2026-09-06 14:51:06,082 - INFO - Log file created at: /home/runner/work/potensitech.com/potensitech.com/languages/english/keywords/logs/kw_search_20260906_145106.log
2026-09-06 14:51:06,082 - INFO - ============================================================
2026-09-06 14:51:06,082 - INFO - AUTOMATIC KEYWORD RESEARCH TOOL
2026-09-06 14:51:06,082 - INFO - ============================================================
2026-09-06 14:51:06,392 - INFO - ========================================
2026-09-06 14:51:06,392 - INFO - Found 14 niches to process: xiaomi, iphone, samsung, apple, sony, asus, philips, sandisk, intel, nvidia, amd, canon, nikon, huawei
2026-09-06 14:51:06,392 - INFO - ========================================
2026-09-06 14:51:06,392 - INFO - Continuing from last processed niche: amd
2026-09-06 14:51:06,392 - INFO - ========================================
2026-09-06 14:51:06,392 - INFO - 🎯 PROCESSING NICHE 12/14: 'canon'
2026-09-06 14:51:06,392 - INFO - ========================================
2026-09-06 14:51:06,392 - INFO - 📁 Niche directory: /home/runner/work/potensitech.com/potensitech.com/languages/english/keywords/canon
2026-09-06 14:51:06,392 - INFO - Selected region: us
2026-09-06 14:51:06,392 - INFO - Selected language: en
2026-09-06 14:51:06,392 - INFO - 🎯 Current niche: canon
2026-09-06 14:51:17,604 - INFO - 🎯 Niche terms for filtering: canon, cheap, best, latest, review, price, sell, buy, recommendation, tips, tutorial, guide, how to, vs, versus, compared to, comparison, alternatives, which is better, expensive, discount, deals, sale, affordable, cost, online, offline, marketplace, store, shop, retailer, where to buy, worst, quality, original, genuine, fake, replica, authentic, brand, manufacturer, company, product, canon product, sell canon, buy canon, cheap canon, best canon, canon review, where to buy canon, how to choose canon, top canon, canon guide, canon for sale, canon deals
2026-09-06 14:51:17,605 - INFO - Generated 50 niche-clue pairs for 'canon'.
2026-09-06 14:51:17,608 - INFO - Expanded 50 seed keywords to 218 variations
2026-09-06 14:51:17,609 - INFO - 🔧 Request Handler initialized - Success rate: 100.0%
2026-09-06 14:55:45,824 - INFO - Original clue keywords: ai computing, usb performance
2026-09-06 14:55:45,825 - INFO - Niche-focused seeds: ai computing canon, canon ai computing, ai computing cheap, cheap ai computing, ai computing best, best ai computing, ai computing latest, latest ai computing, ai computing review, review ai computing, ai computing price, price ai computing, ai computing sell, sell ai computing, ai computing buy, buy ai computing, ai computing recommendation, recommendation ai computing, ai computing tips, tips ai computing, ai computing tutorial, tutorial ai computing, ai computing guide, guide ai computing, ai computing how to, how to ai computing, ai computing vs, vs ai computing, ai computing versus, versus ai computing, ai computing compared to, compared to ai computing, ai computing comparison, comparison ai computing, ai computing alternatives, alternatives ai computing, ai computing which is better, which is better ai computing, ai computing expensive, expensive ai computing, ai computing discount, discount ai computing, ai computing deals, deals ai computing, ai computing sale, sale ai computing, ai computing affordable, affordable ai computing, ai computing cost, cost ai computing, ai computing online, online ai computing, ai computing offline, offline ai computing, ai computing marketplace, marketplace ai computing, ai computing store, store ai computing, ai computing shop, shop ai computing, ai computing retailer, retailer ai computing, ai computing where to buy, where to buy ai computing, ai computing worst, worst ai computing, ai computing quality, quality ai computing, ai computing original, original ai computing, ai computing genuine, genuine ai computing, ai computing fake, fake ai computing, ai computing replica, replica ai computing, ai computing authentic, authentic ai computing, ai computing brand, brand ai computing, ai computing manufacturer, manufacturer ai computing, ai computing company, company ai computing, ai computing product, product ai computing, ai computing canon product, canon product ai computing, ai computing sell canon, sell canon ai computing, ai computing buy canon, buy canon ai computing, ai computing cheap canon, cheap canon ai computing, ai computing best canon, best canon ai computing, ai computing canon review, canon review ai computing, ai computing where to buy canon, where to buy canon ai computing, ai computing how to choose canon, how to choose canon ai computing, ai computing top canon, top canon ai computing, ai computing canon guide, canon guide ai computing, ai computing canon for sale, canon for sale ai computing, ai computing canon deals, canon deals ai computing, usb performance canon, canon usb performance, usb performance cheap, cheap usb performance, usb performance best, best usb performance, usb performance latest, latest usb performance, usb performance review, review usb performance, usb performance price, price usb performance, usb performance sell, sell usb performance, usb performance buy, buy usb performance, usb performance recommendation, recommendation usb performance, usb performance tips, tips usb performance, usb performance tutorial, tutorial usb performance, usb performance guide, guide usb performance, usb performance how to, how to usb performance, usb performance vs, vs usb performance, usb performance versus, versus usb performance, usb performance compared to, compared to usb performance, usb performance comparison, comparison usb performance, usb performance alternatives, alternatives usb performance, usb performance which is better, which is better usb performance, usb performance expensive, expensive usb performance, usb performance discount, discount usb performance, usb performance deals, deals usb performance, usb performance sale, sale usb performance, usb performance affordable, affordable usb performance, usb performance cost, cost usb performance, usb performance online, online usb performance, usb performance offline, offline usb performance, usb performance marketplace, marketplace usb performance, usb performance store, store usb performance, usb performance shop, shop usb performance, usb performance retailer, retailer usb performance, usb performance where to buy, where to buy usb performance, usb performance worst, worst usb performance, usb performance quality, quality usb performance, usb performance original, original usb performance, usb performance genuine, genuine usb performance, usb performance fake, fake usb performance, usb performance replica, replica usb performance, usb performance authentic, authentic usb performance, usb performance brand, brand usb performance, usb performance manufacturer, manufacturer usb performance, usb performance company, company usb performance, usb performance product, product usb performance, usb performance canon product, canon product usb performance, usb performance sell canon, sell canon usb performance, usb performance buy canon, buy canon usb performance, usb performance cheap canon, cheap canon usb performance, usb performance best canon, best canon usb performance, usb performance canon review, canon review usb performance, usb performance where to buy canon, where to buy canon usb performance, usb performance how to choose canon, how to choose canon usb performance, usb performance top canon, top canon usb performance, usb performance canon guide, canon guide usb performance, usb performance canon for sale, canon for sale usb performance, usb performance canon deals, canon deals usb performance
2026-09-06 14:55:45,828 - INFO - Expanded 220 seed keywords to 385 variations
2026-09-06 14:55:45,828 - INFO - Language: en
2026-09-06 14:55:45,828 - INFO - Region: us
2026-09-06 15:00:18,462 - INFO - 🎯 After all filtering for 'canon': 120 relevant keywords
2026-09-06 15:00:20,186 - INFO - 🎯 Found 5 new keywords for niche 'canon': canon affordable ai computing, canon affordable usb performance, cheap ai computing alternatives, best ai computing authentic, how to ai computing brand
2026-09-06 15:00:36,504 - INFO - ✅ Niche 'canon' process complete! 707 total keyword results.
2026-09-06 15:00:36,504 - INFO - ✅ Completed processing niche: 'canon'
2026-09-06 15:00:36,505 - INFO - 🔧 Request Handler final stats - Success rate: 100.0%
2026-09-06 15:00:36,505 - INFO -    Total requests: 189817, Blocks: 1
2026-09-06 15:00:36,506 - INFO - 
========================================
2026-09-06 15:00:36,506 - INFO - Process Summary:
2026-09-06 15:00:36,506 - INFO - - Current niche: 'canon'
2026-09-06 15:00:36,506 - INFO - - Next niche will be: 'nikon'
2026-09-06 15:00:36,506 - INFO - - Keywords saved in: languages/english/keywords/canon/
2026-09-06 15:00:36,507 - INFO - ========================================
