2026-08-25 07:58:11,971 - INFO - Log file created at: /home/runner/work/potensitech.com/potensitech.com/languages/english/keywords/logs/kw_search_20260825_075811.log
2026-08-25 07:58:11,972 - INFO - ============================================================
2026-08-25 07:58:11,972 - INFO - AUTOMATIC KEYWORD RESEARCH TOOL
2026-08-25 07:58:11,972 - INFO - ============================================================
2026-08-25 07:58:12,219 - INFO - ========================================
2026-08-25 07:58:12,219 - INFO - Found 14 niches to process: xiaomi, iphone, samsung, apple, sony, asus, philips, sandisk, intel, nvidia, amd, canon, nikon, huawei
2026-08-25 07:58:12,220 - INFO - ========================================
2026-08-25 07:58:12,220 - INFO - Continuing from last processed niche: iphone
2026-08-25 07:58:12,220 - INFO - ========================================
2026-08-25 07:58:12,220 - INFO - 🎯 PROCESSING NICHE 3/14: 'samsung'
2026-08-25 07:58:12,220 - INFO - ========================================
2026-08-25 07:58:12,220 - INFO - 📁 Niche directory: /home/runner/work/potensitech.com/potensitech.com/languages/english/keywords/samsung
2026-08-25 07:58:12,220 - INFO - Selected region: us
2026-08-25 07:58:12,220 - INFO - Selected language: en
2026-08-25 07:58:12,220 - INFO - 🎯 Current niche: samsung
2026-08-25 07:58:23,258 - INFO - 🎯 Niche terms for filtering: samsung, cheap, best, latest, review, price, sell, buy, recommendation, tips, tutorial, guide, how to, vs, versus, compared to, comparison, alternatives, which is better, expensive, discount, deals, sale, affordable, cost, online, offline, marketplace, store, shop, retailer, where to buy, worst, quality, original, genuine, fake, replica, authentic, brand, manufacturer, company, product, samsung product, sell samsung, buy samsung, cheap samsung, best samsung, samsung review, where to buy samsung, how to choose samsung, top samsung, samsung guide, samsung for sale, samsung deals
2026-08-25 07:58:23,259 - INFO - Generated 50 niche-clue pairs for 'samsung'.
2026-08-25 07:58:23,260 - INFO - Expanded 50 seed keywords to 218 variations
2026-08-25 07:58:23,260 - INFO - 🔧 Request Handler initialized - Success rate: 100.0%
2026-08-25 08:02:48,856 - INFO - Original clue keywords: ray tracing, graphics card
2026-08-25 08:02:48,856 - INFO - Niche-focused seeds: ray tracing samsung, samsung ray tracing, ray tracing cheap, cheap ray tracing, ray tracing best, best ray tracing, ray tracing latest, latest ray tracing, ray tracing review, review ray tracing, ray tracing price, price ray tracing, ray tracing sell, sell ray tracing, ray tracing buy, buy ray tracing, ray tracing recommendation, recommendation ray tracing, ray tracing tips, tips ray tracing, ray tracing tutorial, tutorial ray tracing, ray tracing guide, guide ray tracing, ray tracing how to, how to ray tracing, ray tracing vs, vs ray tracing, ray tracing versus, versus ray tracing, ray tracing compared to, compared to ray tracing, ray tracing comparison, comparison ray tracing, ray tracing alternatives, alternatives ray tracing, ray tracing which is better, which is better ray tracing, ray tracing expensive, expensive ray tracing, ray tracing discount, discount ray tracing, ray tracing deals, deals ray tracing, ray tracing sale, sale ray tracing, ray tracing affordable, affordable ray tracing, ray tracing cost, cost ray tracing, ray tracing online, online ray tracing, ray tracing offline, offline ray tracing, ray tracing marketplace, marketplace ray tracing, ray tracing store, store ray tracing, ray tracing shop, shop ray tracing, ray tracing retailer, retailer ray tracing, ray tracing where to buy, where to buy ray tracing, ray tracing worst, worst ray tracing, ray tracing quality, quality ray tracing, ray tracing original, original ray tracing, ray tracing genuine, genuine ray tracing, ray tracing fake, fake ray tracing, ray tracing replica, replica ray tracing, ray tracing authentic, authentic ray tracing, ray tracing brand, brand ray tracing, ray tracing manufacturer, manufacturer ray tracing, ray tracing company, company ray tracing, ray tracing product, product ray tracing, ray tracing samsung product, samsung product ray tracing, ray tracing sell samsung, sell samsung ray tracing, ray tracing buy samsung, buy samsung ray tracing, ray tracing cheap samsung, cheap samsung ray tracing, ray tracing best samsung, best samsung ray tracing, ray tracing samsung review, samsung review ray tracing, ray tracing where to buy samsung, where to buy samsung ray tracing, ray tracing how to choose samsung, how to choose samsung ray tracing, ray tracing top samsung, top samsung ray tracing, ray tracing samsung guide, samsung guide ray tracing, ray tracing samsung for sale, samsung for sale ray tracing, ray tracing samsung deals, samsung deals ray tracing, graphics card samsung, samsung graphics card, graphics card cheap, cheap graphics card, graphics card best, best graphics card, graphics card latest, latest graphics card, graphics card review, review graphics card, graphics card price, price graphics card, graphics card sell, sell graphics card, graphics card buy, buy graphics card, graphics card recommendation, recommendation graphics card, graphics card tips, tips graphics card, graphics card tutorial, tutorial graphics card, graphics card guide, guide graphics card, graphics card how to, how to graphics card, graphics card vs, vs graphics card, graphics card versus, versus graphics card, graphics card compared to, compared to graphics card, graphics card comparison, comparison graphics card, graphics card alternatives, alternatives graphics card, graphics card which is better, which is better graphics card, graphics card expensive, expensive graphics card, graphics card discount, discount graphics card, graphics card deals, deals graphics card, graphics card sale, sale graphics card, graphics card affordable, affordable graphics card, graphics card cost, cost graphics card, graphics card online, online graphics card, graphics card offline, offline graphics card, graphics card marketplace, marketplace graphics card, graphics card store, store graphics card, graphics card shop, shop graphics card, graphics card retailer, retailer graphics card, graphics card where to buy, where to buy graphics card, graphics card worst, worst graphics card, graphics card quality, quality graphics card, graphics card original, original graphics card, graphics card genuine, genuine graphics card, graphics card fake, fake graphics card, graphics card replica, replica graphics card, graphics card authentic, authentic graphics card, graphics card brand, brand graphics card, graphics card manufacturer, manufacturer graphics card, graphics card company, company graphics card, graphics card product, product graphics card, graphics card samsung product, samsung product graphics card, graphics card sell samsung, sell samsung graphics card, graphics card buy samsung, buy samsung graphics card, graphics card cheap samsung, cheap samsung graphics card, graphics card best samsung, best samsung graphics card, graphics card samsung review, samsung review graphics card, graphics card where to buy samsung, where to buy samsung graphics card, graphics card how to choose samsung, how to choose samsung graphics card, graphics card top samsung, top samsung graphics card, graphics card samsung guide, samsung guide graphics card, graphics card samsung for sale, samsung for sale graphics card, graphics card samsung deals, samsung deals graphics card
2026-08-25 08:02:48,858 - INFO - Expanded 220 seed keywords to 385 variations
2026-08-25 08:02:48,858 - INFO - Language: en
2026-08-25 08:02:48,858 - INFO - Region: us
2026-08-25 08:07:18,561 - INFO - 🎯 After all filtering for 'samsung': 120 relevant keywords
2026-08-25 08:07:19,242 - INFO - 🎯 Found 5 new keywords for niche 'samsung': samsung affordable graphics card, samsung affordable ray tracing, cheap alternatives graphics card, cheap alternatives ray tracing, best authentic graphics card
2026-08-25 08:07:36,001 - INFO - ✅ Niche 'samsung' process complete! 623 total keyword results.
2026-08-25 08:07:36,001 - INFO - ✅ Completed processing niche: 'samsung'
2026-08-25 08:07:36,001 - INFO - 🔧 Request Handler final stats - Success rate: 100.0%
2026-08-25 08:07:36,001 - INFO -    Total requests: 179961, Blocks: 1
2026-08-25 08:07:36,002 - INFO - 
========================================
2026-08-25 08:07:36,002 - INFO - Process Summary:
2026-08-25 08:07:36,002 - INFO - - Current niche: 'samsung'
2026-08-25 08:07:36,002 - INFO - - Next niche will be: 'apple'
2026-08-25 08:07:36,002 - INFO - - Keywords saved in: languages/english/keywords/samsung/
2026-08-25 08:07:36,003 - INFO - ========================================
