2026-10-07 11:22:48,365 - INFO - Log file created at: /home/runner/work/potensitech.com/potensitech.com/languages/english/keywords/logs/kw_search_20261007_112248.log
2026-10-07 11:22:48,365 - INFO - ============================================================
2026-10-07 11:22:48,365 - INFO - AUTOMATIC KEYWORD RESEARCH TOOL
2026-10-07 11:22:48,365 - INFO - ============================================================
2026-10-07 11:22:48,696 - INFO - ========================================
2026-10-07 11:22:48,696 - INFO - Found 14 niches to process: xiaomi, iphone, samsung, apple, sony, asus, philips, sandisk, intel, nvidia, amd, canon, nikon, huawei
2026-10-07 11:22:48,696 - INFO - ========================================
2026-10-07 11:22:48,696 - INFO - Continuing from last processed niche: nvidia
2026-10-07 11:22:48,696 - INFO - ========================================
2026-10-07 11:22:48,696 - INFO - 🎯 PROCESSING NICHE 11/14: 'amd'
2026-10-07 11:22:48,696 - INFO - ========================================
2026-10-07 11:22:48,696 - INFO - 📁 Niche directory: /home/runner/work/potensitech.com/potensitech.com/languages/english/keywords/amd
2026-10-07 11:22:48,697 - INFO - Selected region: us
2026-10-07 11:22:48,697 - INFO - Selected language: en
2026-10-07 11:22:48,697 - INFO - 🎯 Current niche: amd
2026-10-07 11:22:59,752 - INFO - 🎯 Niche terms for filtering: amd, cheap, best, latest, review, price, sell, buy, recommendation, tips, tutorial, guide, how to, vs, versus, compared to, comparison, alternatives, which is better, expensive, discount, deals, sale, affordable, cost, online, offline, marketplace, store, shop, retailer, where to buy, worst, quality, original, genuine, fake, replica, authentic, brand, manufacturer, company, product, amd product, sell amd, buy amd, cheap amd, best amd, amd review, where to buy amd, how to choose amd, top amd, amd guide, amd for sale, amd deals
2026-10-07 11:22:59,753 - INFO - Generated 50 niche-clue pairs for 'amd'.
2026-10-07 11:22:59,755 - INFO - Expanded 50 seed keywords to 218 variations
2026-10-07 11:22:59,756 - INFO - 🔧 Request Handler initialized - Success rate: 100.0%
2026-10-07 11:27:25,503 - INFO - Original clue keywords: fast charging, autofocus precision
2026-10-07 11:27:25,503 - INFO - Niche-focused seeds: fast charging amd, amd fast charging, fast charging cheap, cheap fast charging, fast charging best, best fast charging, fast charging latest, latest fast charging, fast charging review, review fast charging, fast charging price, price fast charging, fast charging sell, sell fast charging, fast charging buy, buy fast charging, fast charging recommendation, recommendation fast charging, fast charging tips, tips fast charging, fast charging tutorial, tutorial fast charging, fast charging guide, guide fast charging, fast charging how to, how to fast charging, fast charging vs, vs fast charging, fast charging versus, versus fast charging, fast charging compared to, compared to fast charging, fast charging comparison, comparison fast charging, fast charging alternatives, alternatives fast charging, fast charging which is better, which is better fast charging, fast charging expensive, expensive fast charging, fast charging discount, discount fast charging, fast charging deals, deals fast charging, fast charging sale, sale fast charging, fast charging affordable, affordable fast charging, fast charging cost, cost fast charging, fast charging online, online fast charging, fast charging offline, offline fast charging, fast charging marketplace, marketplace fast charging, fast charging store, store fast charging, fast charging shop, shop fast charging, fast charging retailer, retailer fast charging, fast charging where to buy, where to buy fast charging, fast charging worst, worst fast charging, fast charging quality, quality fast charging, fast charging original, original fast charging, fast charging genuine, genuine fast charging, fast charging fake, fake fast charging, fast charging replica, replica fast charging, fast charging authentic, authentic fast charging, fast charging brand, brand fast charging, fast charging manufacturer, manufacturer fast charging, fast charging company, company fast charging, fast charging product, product fast charging, fast charging amd product, amd product fast charging, fast charging sell amd, sell amd fast charging, fast charging buy amd, buy amd fast charging, fast charging cheap amd, cheap amd fast charging, fast charging best amd, best amd fast charging, fast charging amd review, amd review fast charging, fast charging where to buy amd, where to buy amd fast charging, fast charging how to choose amd, how to choose amd fast charging, fast charging top amd, top amd fast charging, fast charging amd guide, amd guide fast charging, fast charging amd for sale, amd for sale fast charging, fast charging amd deals, amd deals fast charging, autofocus precision amd, amd autofocus precision, autofocus precision cheap, cheap autofocus precision, autofocus precision best, best autofocus precision, autofocus precision latest, latest autofocus precision, autofocus precision review, review autofocus precision, autofocus precision price, price autofocus precision, autofocus precision sell, sell autofocus precision, autofocus precision buy, buy autofocus precision, autofocus precision recommendation, recommendation autofocus precision, autofocus precision tips, tips autofocus precision, autofocus precision tutorial, tutorial autofocus precision, autofocus precision guide, guide autofocus precision, autofocus precision how to, how to autofocus precision, autofocus precision vs, vs autofocus precision, autofocus precision versus, versus autofocus precision, autofocus precision compared to, compared to autofocus precision, autofocus precision comparison, comparison autofocus precision, autofocus precision alternatives, alternatives autofocus precision, autofocus precision which is better, which is better autofocus precision, autofocus precision expensive, expensive autofocus precision, autofocus precision discount, discount autofocus precision, autofocus precision deals, deals autofocus precision, autofocus precision sale, sale autofocus precision, autofocus precision affordable, affordable autofocus precision, autofocus precision cost, cost autofocus precision, autofocus precision online, online autofocus precision, autofocus precision offline, offline autofocus precision, autofocus precision marketplace, marketplace autofocus precision, autofocus precision store, store autofocus precision, autofocus precision shop, shop autofocus precision, autofocus precision retailer, retailer autofocus precision, autofocus precision where to buy, where to buy autofocus precision, autofocus precision worst, worst autofocus precision, autofocus precision quality, quality autofocus precision, autofocus precision original, original autofocus precision, autofocus precision genuine, genuine autofocus precision, autofocus precision fake, fake autofocus precision, autofocus precision replica, replica autofocus precision, autofocus precision authentic, authentic autofocus precision, autofocus precision brand, brand autofocus precision, autofocus precision manufacturer, manufacturer autofocus precision, autofocus precision company, company autofocus precision, autofocus precision product, product autofocus precision, autofocus precision amd product, amd product autofocus precision, autofocus precision sell amd, sell amd autofocus precision, autofocus precision buy amd, buy amd autofocus precision, autofocus precision cheap amd, cheap amd autofocus precision, autofocus precision best amd, best amd autofocus precision, autofocus precision amd review, amd review autofocus precision, autofocus precision where to buy amd, where to buy amd autofocus precision, autofocus precision how to choose amd, how to choose amd autofocus precision, autofocus precision top amd, top amd autofocus precision, autofocus precision amd guide, amd guide autofocus precision, autofocus precision amd for sale, amd for sale autofocus precision, autofocus precision amd deals, amd deals autofocus precision
2026-10-07 11:27:25,505 - INFO - Expanded 220 seed keywords to 385 variations
2026-10-07 11:27:25,506 - INFO - Language: en
2026-10-07 11:27:25,506 - INFO - Region: us
2026-10-07 11:31:56,658 - INFO - 🎯 After all filtering for 'amd': 119 relevant keywords
2026-10-07 11:31:58,148 - INFO - 🎯 Found 5 new keywords for niche 'amd': amd affordable autofocus precision, amd affordable fast charging, cheap alternatives autofocus precision, cheap alternatives fast charging, best authentic autofocus precision
2026-10-07 11:32:14,406 - INFO - ✅ Niche 'amd' process complete! 827 total keyword results.
2026-10-07 11:32:14,407 - INFO - ✅ Completed processing niche: 'amd'
2026-10-07 11:32:14,407 - INFO - 🔧 Request Handler final stats - Success rate: 100.0%
2026-10-07 11:32:14,407 - INFO -    Total requests: 216596, Blocks: 1
2026-10-07 11:32:14,408 - INFO - 
========================================
2026-10-07 11:32:14,408 - INFO - Process Summary:
2026-10-07 11:32:14,409 - INFO - - Current niche: 'amd'
2026-10-07 11:32:14,409 - INFO - - Next niche will be: 'canon'
2026-10-07 11:32:14,409 - INFO - - Keywords saved in: languages/english/keywords/amd/
2026-10-07 11:32:14,409 - INFO - ========================================
