2026-09-04 19:09:45,302 - INFO - Log file created at: /home/runner/work/potensitech.com/potensitech.com/languages/english/keywords/logs/kw_search_20260904_190945.log
2026-09-04 19:09:45,302 - INFO - ============================================================
2026-09-04 19:09:45,302 - INFO - AUTOMATIC KEYWORD RESEARCH TOOL
2026-09-04 19:09:45,302 - INFO - ============================================================
2026-09-04 19:09:45,666 - INFO - ========================================
2026-09-04 19:09:45,666 - INFO - Found 14 niches to process: xiaomi, iphone, samsung, apple, sony, asus, philips, sandisk, intel, nvidia, amd, canon, nikon, huawei
2026-09-04 19:09:45,666 - INFO - ========================================
2026-09-04 19:09:45,666 - INFO - Continuing from last processed niche: philips
2026-09-04 19:09:45,666 - INFO - ========================================
2026-09-04 19:09:45,667 - INFO - 🎯 PROCESSING NICHE 8/14: 'sandisk'
2026-09-04 19:09:45,667 - INFO - ========================================
2026-09-04 19:09:45,667 - INFO - 📁 Niche directory: /home/runner/work/potensitech.com/potensitech.com/languages/english/keywords/sandisk
2026-09-04 19:09:45,667 - INFO - Selected region: us
2026-09-04 19:09:45,667 - INFO - Selected language: en
2026-09-04 19:09:45,667 - INFO - 🎯 Current niche: sandisk
2026-09-04 19:09:56,990 - INFO - 🎯 Niche terms for filtering: sandisk, cheap, best, latest, review, price, sell, buy, recommendation, tips, tutorial, guide, how to, vs, versus, compared to, comparison, alternatives, which is better, expensive, discount, deals, sale, affordable, cost, online, offline, marketplace, store, shop, retailer, where to buy, worst, quality, original, genuine, fake, replica, authentic, brand, manufacturer, company, product, sandisk product, sell sandisk, buy sandisk, cheap sandisk, best sandisk, sandisk review, where to buy sandisk, how to choose sandisk, top sandisk, sandisk guide, sandisk for sale, sandisk deals
2026-09-04 19:09:56,990 - INFO - Generated 50 niche-clue pairs for 'sandisk'.
2026-09-04 19:09:56,994 - INFO - Expanded 50 seed keywords to 218 variations
2026-09-04 19:09:56,994 - INFO - 🔧 Request Handler initialized - Success rate: 100.0%
2026-09-04 19:14:24,854 - INFO - Original clue keywords: durability, mirrorless innovation
2026-09-04 19:14:24,854 - INFO - Niche-focused seeds: durability sandisk, sandisk durability, durability cheap, cheap durability, durability best, best durability, durability latest, latest durability, durability review, review durability, durability price, price durability, durability sell, sell durability, durability buy, buy durability, durability recommendation, recommendation durability, durability tips, tips durability, durability tutorial, tutorial durability, durability guide, guide durability, durability how to, how to durability, durability vs, vs durability, durability versus, versus durability, durability compared to, compared to durability, durability comparison, comparison durability, durability alternatives, alternatives durability, durability which is better, which is better durability, durability expensive, expensive durability, durability discount, discount durability, durability deals, deals durability, durability sale, sale durability, durability affordable, affordable durability, durability cost, cost durability, durability online, online durability, durability offline, offline durability, durability marketplace, marketplace durability, durability store, store durability, durability shop, shop durability, durability retailer, retailer durability, durability where to buy, where to buy durability, durability worst, worst durability, durability quality, quality durability, durability original, original durability, durability genuine, genuine durability, durability fake, fake durability, durability replica, replica durability, durability authentic, authentic durability, durability brand, brand durability, durability manufacturer, manufacturer durability, durability company, company durability, durability product, product durability, durability sandisk product, sandisk product durability, durability sell sandisk, sell sandisk durability, durability buy sandisk, buy sandisk durability, durability cheap sandisk, cheap sandisk durability, durability best sandisk, best sandisk durability, durability sandisk review, sandisk review durability, durability where to buy sandisk, where to buy sandisk durability, durability how to choose sandisk, how to choose sandisk durability, durability top sandisk, top sandisk durability, durability sandisk guide, sandisk guide durability, durability sandisk for sale, sandisk for sale durability, durability sandisk deals, sandisk deals durability, mirrorless innovation sandisk, sandisk mirrorless innovation, mirrorless innovation cheap, cheap mirrorless innovation, mirrorless innovation best, best mirrorless innovation, mirrorless innovation latest, latest mirrorless innovation, mirrorless innovation review, review mirrorless innovation, mirrorless innovation price, price mirrorless innovation, mirrorless innovation sell, sell mirrorless innovation, mirrorless innovation buy, buy mirrorless innovation, mirrorless innovation recommendation, recommendation mirrorless innovation, mirrorless innovation tips, tips mirrorless innovation, mirrorless innovation tutorial, tutorial mirrorless innovation, mirrorless innovation guide, guide mirrorless innovation, mirrorless innovation how to, how to mirrorless innovation, mirrorless innovation vs, vs mirrorless innovation, mirrorless innovation versus, versus mirrorless innovation, mirrorless innovation compared to, compared to mirrorless innovation, mirrorless innovation comparison, comparison mirrorless innovation, mirrorless innovation alternatives, alternatives mirrorless innovation, mirrorless innovation which is better, which is better mirrorless innovation, mirrorless innovation expensive, expensive mirrorless innovation, mirrorless innovation discount, discount mirrorless innovation, mirrorless innovation deals, deals mirrorless innovation, mirrorless innovation sale, sale mirrorless innovation, mirrorless innovation affordable, affordable mirrorless innovation, mirrorless innovation cost, cost mirrorless innovation, mirrorless innovation online, online mirrorless innovation, mirrorless innovation offline, offline mirrorless innovation, mirrorless innovation marketplace, marketplace mirrorless innovation, mirrorless innovation store, store mirrorless innovation, mirrorless innovation shop, shop mirrorless innovation, mirrorless innovation retailer, retailer mirrorless innovation, mirrorless innovation where to buy, where to buy mirrorless innovation, mirrorless innovation worst, worst mirrorless innovation, mirrorless innovation quality, quality mirrorless innovation, mirrorless innovation original, original mirrorless innovation, mirrorless innovation genuine, genuine mirrorless innovation, mirrorless innovation fake, fake mirrorless innovation, mirrorless innovation replica, replica mirrorless innovation, mirrorless innovation authentic, authentic mirrorless innovation, mirrorless innovation brand, brand mirrorless innovation, mirrorless innovation manufacturer, manufacturer mirrorless innovation, mirrorless innovation company, company mirrorless innovation, mirrorless innovation product, product mirrorless innovation, mirrorless innovation sandisk product, sandisk product mirrorless innovation, mirrorless innovation sell sandisk, sell sandisk mirrorless innovation, mirrorless innovation buy sandisk, buy sandisk mirrorless innovation, mirrorless innovation cheap sandisk, cheap sandisk mirrorless innovation, mirrorless innovation best sandisk, best sandisk mirrorless innovation, mirrorless innovation sandisk review, sandisk review mirrorless innovation, mirrorless innovation where to buy sandisk, where to buy sandisk mirrorless innovation, mirrorless innovation how to choose sandisk, how to choose sandisk mirrorless innovation, mirrorless innovation top sandisk, top sandisk mirrorless innovation, mirrorless innovation sandisk guide, sandisk guide mirrorless innovation, mirrorless innovation sandisk for sale, sandisk for sale mirrorless innovation, mirrorless innovation sandisk deals, sandisk deals mirrorless innovation
2026-09-04 19:14:24,857 - INFO - Expanded 220 seed keywords to 385 variations
2026-09-04 19:14:24,857 - INFO - Language: en
2026-09-04 19:14:24,857 - INFO - Region: us
2026-09-04 19:18:54,106 - INFO - 🎯 After all filtering for 'sandisk': 120 relevant keywords
2026-09-04 19:18:54,374 - INFO - 🎯 Found 5 new keywords for niche 'sandisk': sandisk affordable durability, cheap affordable durability, best affordable durability, how to affordable durability, sandisk alternatives durability
2026-09-04 19:19:10,405 - INFO - ✅ Niche 'sandisk' process complete! 840 total keyword results.
2026-09-04 19:19:10,405 - INFO - ✅ Completed processing niche: 'sandisk'
2026-09-04 19:19:10,405 - INFO - 🔧 Request Handler final stats - Success rate: 100.0%
2026-09-04 19:19:10,405 - INFO -    Total requests: 188288, Blocks: 1
2026-09-04 19:19:10,406 - INFO - 
========================================
2026-09-04 19:19:10,407 - INFO - Process Summary:
2026-09-04 19:19:10,407 - INFO - - Current niche: 'sandisk'
2026-09-04 19:19:10,407 - INFO - - Next niche will be: 'intel'
2026-09-04 19:19:10,407 - INFO - - Keywords saved in: languages/english/keywords/sandisk/
2026-09-04 19:19:10,408 - INFO - ========================================
