2026-07-31 16:16:36,187 - INFO - Log file created at: /home/runner/work/potensitech.com/potensitech.com/languages/english/keywords/logs/kw_search_20260731_161636.log
2026-07-31 16:16:36,187 - INFO - ============================================================
2026-07-31 16:16:36,187 - INFO - AUTOMATIC KEYWORD RESEARCH TOOL
2026-07-31 16:16:36,187 - INFO - ============================================================
2026-07-31 16:16:36,439 - INFO - ========================================
2026-07-31 16:16:36,439 - INFO - Found 14 niches to process: xiaomi, iphone, samsung, apple, sony, asus, philips, sandisk, intel, nvidia, amd, canon, nikon, huawei
2026-07-31 16:16:36,439 - INFO - ========================================
2026-07-31 16:16:36,439 - INFO - Continuing from last processed niche: intel
2026-07-31 16:16:36,439 - INFO - ========================================
2026-07-31 16:16:36,439 - INFO - 🎯 PROCESSING NICHE 10/14: 'nvidia'
2026-07-31 16:16:36,439 - INFO - ========================================
2026-07-31 16:16:36,439 - INFO - 📁 Niche directory: /home/runner/work/potensitech.com/potensitech.com/languages/english/keywords/nvidia
2026-07-31 16:16:36,439 - INFO - Selected region: us
2026-07-31 16:16:36,439 - INFO - Selected language: en
2026-07-31 16:16:36,439 - INFO - 🎯 Current niche: nvidia
2026-07-31 16:16:37,775 - INFO - 🎯 Niche terms for filtering: nvidia, cheap, best, latest, review, price, sell, buy, recommendation, tips, tutorial, guide, how to, vs, versus, compared to, comparison, alternatives, which is better, expensive, discount, deals, sale, affordable, cost, online, offline, marketplace, store, shop, retailer, where to buy, worst, quality, original, genuine, fake, replica, authentic, brand, manufacturer, company, product, nvidia product, sell nvidia, buy nvidia, cheap nvidia, best nvidia, nvidia review, where to buy nvidia, how to choose nvidia, top nvidia, nvidia guide, nvidia for sale, nvidia deals
2026-07-31 16:16:37,776 - INFO - Generated 50 niche-clue pairs for 'nvidia'.
2026-07-31 16:16:37,778 - INFO - Expanded 50 seed keywords to 218 variations
2026-07-31 16:16:37,779 - INFO - 🔧 Request Handler initialized - Success rate: 100.0%
2026-07-31 16:21:01,327 - INFO - Original clue keywords: dslr photography, camera lenses
2026-07-31 16:21:01,327 - INFO - Niche-focused seeds: dslr photography nvidia, nvidia dslr photography, dslr photography cheap, cheap dslr photography, dslr photography best, best dslr photography, dslr photography latest, latest dslr photography, dslr photography review, review dslr photography, dslr photography price, price dslr photography, dslr photography sell, sell dslr photography, dslr photography buy, buy dslr photography, dslr photography recommendation, recommendation dslr photography, dslr photography tips, tips dslr photography, dslr photography tutorial, tutorial dslr photography, dslr photography guide, guide dslr photography, dslr photography how to, how to dslr photography, dslr photography vs, vs dslr photography, dslr photography versus, versus dslr photography, dslr photography compared to, compared to dslr photography, dslr photography comparison, comparison dslr photography, dslr photography alternatives, alternatives dslr photography, dslr photography which is better, which is better dslr photography, dslr photography expensive, expensive dslr photography, dslr photography discount, discount dslr photography, dslr photography deals, deals dslr photography, dslr photography sale, sale dslr photography, dslr photography affordable, affordable dslr photography, dslr photography cost, cost dslr photography, dslr photography online, online dslr photography, dslr photography offline, offline dslr photography, dslr photography marketplace, marketplace dslr photography, dslr photography store, store dslr photography, dslr photography shop, shop dslr photography, dslr photography retailer, retailer dslr photography, dslr photography where to buy, where to buy dslr photography, dslr photography worst, worst dslr photography, dslr photography quality, quality dslr photography, dslr photography original, original dslr photography, dslr photography genuine, genuine dslr photography, dslr photography fake, fake dslr photography, dslr photography replica, replica dslr photography, dslr photography authentic, authentic dslr photography, dslr photography brand, brand dslr photography, dslr photography manufacturer, manufacturer dslr photography, dslr photography company, company dslr photography, dslr photography product, product dslr photography, dslr photography nvidia product, nvidia product dslr photography, dslr photography sell nvidia, sell nvidia dslr photography, dslr photography buy nvidia, buy nvidia dslr photography, dslr photography cheap nvidia, cheap nvidia dslr photography, dslr photography best nvidia, best nvidia dslr photography, dslr photography nvidia review, nvidia review dslr photography, dslr photography where to buy nvidia, where to buy nvidia dslr photography, dslr photography how to choose nvidia, how to choose nvidia dslr photography, dslr photography top nvidia, top nvidia dslr photography, dslr photography nvidia guide, nvidia guide dslr photography, dslr photography nvidia for sale, nvidia for sale dslr photography, dslr photography nvidia deals, nvidia deals dslr photography, camera lenses nvidia, nvidia camera lenses, camera lenses cheap, cheap camera lenses, camera lenses best, best camera lenses, camera lenses latest, latest camera lenses, camera lenses review, review camera lenses, camera lenses price, price camera lenses, camera lenses sell, sell camera lenses, camera lenses buy, buy camera lenses, camera lenses recommendation, recommendation camera lenses, camera lenses tips, tips camera lenses, camera lenses tutorial, tutorial camera lenses, camera lenses guide, guide camera lenses, camera lenses how to, how to camera lenses, camera lenses vs, vs camera lenses, camera lenses versus, versus camera lenses, camera lenses compared to, compared to camera lenses, camera lenses comparison, comparison camera lenses, camera lenses alternatives, alternatives camera lenses, camera lenses which is better, which is better camera lenses, camera lenses expensive, expensive camera lenses, camera lenses discount, discount camera lenses, camera lenses deals, deals camera lenses, camera lenses sale, sale camera lenses, camera lenses affordable, affordable camera lenses, camera lenses cost, cost camera lenses, camera lenses online, online camera lenses, camera lenses offline, offline camera lenses, camera lenses marketplace, marketplace camera lenses, camera lenses store, store camera lenses, camera lenses shop, shop camera lenses, camera lenses retailer, retailer camera lenses, camera lenses where to buy, where to buy camera lenses, camera lenses worst, worst camera lenses, camera lenses quality, quality camera lenses, camera lenses original, original camera lenses, camera lenses genuine, genuine camera lenses, camera lenses fake, fake camera lenses, camera lenses replica, replica camera lenses, camera lenses authentic, authentic camera lenses, camera lenses brand, brand camera lenses, camera lenses manufacturer, manufacturer camera lenses, camera lenses company, company camera lenses, camera lenses product, product camera lenses, camera lenses nvidia product, nvidia product camera lenses, camera lenses sell nvidia, sell nvidia camera lenses, camera lenses buy nvidia, buy nvidia camera lenses, camera lenses cheap nvidia, cheap nvidia camera lenses, camera lenses best nvidia, best nvidia camera lenses, camera lenses nvidia review, nvidia review camera lenses, camera lenses where to buy nvidia, where to buy nvidia camera lenses, camera lenses how to choose nvidia, how to choose nvidia camera lenses, camera lenses top nvidia, top nvidia camera lenses, camera lenses nvidia guide, nvidia guide camera lenses, camera lenses nvidia for sale, nvidia for sale camera lenses, camera lenses nvidia deals, nvidia deals camera lenses
2026-07-31 16:21:01,330 - INFO - Expanded 220 seed keywords to 385 variations
2026-07-31 16:21:01,330 - INFO - Language: en
2026-07-31 16:21:01,330 - INFO - Region: us
2026-07-31 16:25:29,946 - INFO - 🎯 After all filtering for 'nvidia': 120 relevant keywords
2026-07-31 16:25:31,359 - INFO - 🎯 Found 5 new keywords for niche 'nvidia': nvidia affordable camera lenses, nvidia affordable dslr photography, cheap alternatives camera lenses, cheap alternatives dslr photography, best authentic camera lenses
2026-07-31 16:25:32,410 - INFO - ✅ Niche 'nvidia' process complete! 825 total keyword results.
2026-07-31 16:25:32,410 - INFO - ✅ Completed processing niche: 'nvidia'
2026-07-31 16:25:32,410 - INFO - 🔧 Request Handler final stats - Success rate: 100.0%
2026-07-31 16:25:32,410 - INFO -    Total requests: 161514, Blocks: 1
2026-07-31 16:25:32,411 - INFO - 
========================================
2026-07-31 16:25:32,411 - INFO - Process Summary:
2026-07-31 16:25:32,411 - INFO - - Current niche: 'nvidia'
2026-07-31 16:25:32,411 - INFO - - Next niche will be: 'amd'
2026-07-31 16:25:32,412 - INFO - - Keywords saved in: languages/english/keywords/nvidia/
2026-07-31 16:25:32,412 - INFO - ========================================
