2026-09-26 09:33:18,779 - INFO - Log file created at: /home/runner/work/potensitech.com/potensitech.com/languages/english/keywords/logs/kw_search_20260926_093318.log
2026-09-26 09:33:18,779 - INFO - ============================================================
2026-09-26 09:33:18,779 - INFO - AUTOMATIC KEYWORD RESEARCH TOOL
2026-09-26 09:33:18,779 - INFO - ============================================================
2026-09-26 09:33:19,206 - INFO - ========================================
2026-09-26 09:33:19,206 - INFO - Found 14 niches to process: xiaomi, iphone, samsung, apple, sony, asus, philips, sandisk, intel, nvidia, amd, canon, nikon, huawei
2026-09-26 09:33:19,206 - INFO - ========================================
2026-09-26 09:33:19,206 - INFO - Continuing from last processed niche: canon
2026-09-26 09:33:19,206 - INFO - ========================================
2026-09-26 09:33:19,206 - INFO - 🎯 PROCESSING NICHE 13/14: 'nikon'
2026-09-26 09:33:19,206 - INFO - ========================================
2026-09-26 09:33:19,207 - INFO - 📁 Niche directory: /home/runner/work/potensitech.com/potensitech.com/languages/english/keywords/nikon
2026-09-26 09:33:19,207 - INFO - Selected region: us
2026-09-26 09:33:19,207 - INFO - Selected language: en
2026-09-26 09:33:19,207 - INFO - 🎯 Current niche: nikon
2026-09-26 09:33:30,513 - INFO - 🎯 Niche terms for filtering: nikon, cheap, best, latest, review, price, sell, buy, recommendation, tips, tutorial, guide, how to, vs, versus, compared to, comparison, alternatives, which is better, expensive, discount, deals, sale, affordable, cost, online, offline, marketplace, store, shop, retailer, where to buy, worst, quality, original, genuine, fake, replica, authentic, brand, manufacturer, company, product, nikon product, sell nikon, buy nikon, cheap nikon, best nikon, nikon review, where to buy nikon, how to choose nikon, top nikon, nikon guide, nikon for sale, nikon deals
2026-09-26 09:33:30,513 - INFO - Generated 50 niche-clue pairs for 'nikon'.
2026-09-26 09:33:30,517 - INFO - Expanded 50 seed keywords to 218 variations
2026-09-26 09:33:30,517 - INFO - 🔧 Request Handler initialized - Success rate: 100.0%
2026-09-26 09:37:53,303 - INFO - Original clue keywords: power efficiency, smartphone features
2026-09-26 09:37:53,303 - INFO - Niche-focused seeds: power efficiency nikon, nikon power efficiency, power efficiency cheap, cheap power efficiency, power efficiency best, best power efficiency, power efficiency latest, latest power efficiency, power efficiency review, review power efficiency, power efficiency price, price power efficiency, power efficiency sell, sell power efficiency, power efficiency buy, buy power efficiency, power efficiency recommendation, recommendation power efficiency, power efficiency tips, tips power efficiency, power efficiency tutorial, tutorial power efficiency, power efficiency guide, guide power efficiency, power efficiency how to, how to power efficiency, power efficiency vs, vs power efficiency, power efficiency versus, versus power efficiency, power efficiency compared to, compared to power efficiency, power efficiency comparison, comparison power efficiency, power efficiency alternatives, alternatives power efficiency, power efficiency which is better, which is better power efficiency, power efficiency expensive, expensive power efficiency, power efficiency discount, discount power efficiency, power efficiency deals, deals power efficiency, power efficiency sale, sale power efficiency, power efficiency affordable, affordable power efficiency, power efficiency cost, cost power efficiency, power efficiency online, online power efficiency, power efficiency offline, offline power efficiency, power efficiency marketplace, marketplace power efficiency, power efficiency store, store power efficiency, power efficiency shop, shop power efficiency, power efficiency retailer, retailer power efficiency, power efficiency where to buy, where to buy power efficiency, power efficiency worst, worst power efficiency, power efficiency quality, quality power efficiency, power efficiency original, original power efficiency, power efficiency genuine, genuine power efficiency, power efficiency fake, fake power efficiency, power efficiency replica, replica power efficiency, power efficiency authentic, authentic power efficiency, power efficiency brand, brand power efficiency, power efficiency manufacturer, manufacturer power efficiency, power efficiency company, company power efficiency, power efficiency product, product power efficiency, power efficiency nikon product, nikon product power efficiency, power efficiency sell nikon, sell nikon power efficiency, power efficiency buy nikon, buy nikon power efficiency, power efficiency cheap nikon, cheap nikon power efficiency, power efficiency best nikon, best nikon power efficiency, power efficiency nikon review, nikon review power efficiency, power efficiency where to buy nikon, where to buy nikon power efficiency, power efficiency how to choose nikon, how to choose nikon power efficiency, power efficiency top nikon, top nikon power efficiency, power efficiency nikon guide, nikon guide power efficiency, power efficiency nikon for sale, nikon for sale power efficiency, power efficiency nikon deals, nikon deals power efficiency, smartphone features nikon, nikon smartphone features, smartphone features cheap, cheap smartphone features, smartphone features best, best smartphone features, smartphone features latest, latest smartphone features, smartphone features review, review smartphone features, smartphone features price, price smartphone features, smartphone features sell, sell smartphone features, smartphone features buy, buy smartphone features, smartphone features recommendation, recommendation smartphone features, smartphone features tips, tips smartphone features, smartphone features tutorial, tutorial smartphone features, smartphone features guide, guide smartphone features, smartphone features how to, how to smartphone features, smartphone features vs, vs smartphone features, smartphone features versus, versus smartphone features, smartphone features compared to, compared to smartphone features, smartphone features comparison, comparison smartphone features, smartphone features alternatives, alternatives smartphone features, smartphone features which is better, which is better smartphone features, smartphone features expensive, expensive smartphone features, smartphone features discount, discount smartphone features, smartphone features deals, deals smartphone features, smartphone features sale, sale smartphone features, smartphone features affordable, affordable smartphone features, smartphone features cost, cost smartphone features, smartphone features online, online smartphone features, smartphone features offline, offline smartphone features, smartphone features marketplace, marketplace smartphone features, smartphone features store, store smartphone features, smartphone features shop, shop smartphone features, smartphone features retailer, retailer smartphone features, smartphone features where to buy, where to buy smartphone features, smartphone features worst, worst smartphone features, smartphone features quality, quality smartphone features, smartphone features original, original smartphone features, smartphone features genuine, genuine smartphone features, smartphone features fake, fake smartphone features, smartphone features replica, replica smartphone features, smartphone features authentic, authentic smartphone features, smartphone features brand, brand smartphone features, smartphone features manufacturer, manufacturer smartphone features, smartphone features company, company smartphone features, smartphone features product, product smartphone features, smartphone features nikon product, nikon product smartphone features, smartphone features sell nikon, sell nikon smartphone features, smartphone features buy nikon, buy nikon smartphone features, smartphone features cheap nikon, cheap nikon smartphone features, smartphone features best nikon, best nikon smartphone features, smartphone features nikon review, nikon review smartphone features, smartphone features where to buy nikon, where to buy nikon smartphone features, smartphone features how to choose nikon, how to choose nikon smartphone features, smartphone features top nikon, top nikon smartphone features, smartphone features nikon guide, nikon guide smartphone features, smartphone features nikon for sale, nikon for sale smartphone features, smartphone features nikon deals, nikon deals smartphone features
2026-09-26 09:37:53,306 - INFO - Expanded 220 seed keywords to 385 variations
2026-09-26 09:37:53,307 - INFO - Language: en
2026-09-26 09:37:53,307 - INFO - Region: us
2026-09-26 09:42:19,902 - INFO - 🎯 After all filtering for 'nikon': 120 relevant keywords
2026-09-26 09:42:21,287 - INFO - 🎯 Found 5 new keywords for niche 'nikon': nikon affordable power efficiency, nikon affordable smartphone features, cheap alternatives power efficiency, cheap alternatives smartphone features, best authentic power efficiency
2026-09-26 09:42:36,709 - INFO - ✅ Niche 'nikon' process complete! 719 total keyword results.
2026-09-26 09:42:36,710 - INFO - ✅ Completed processing niche: 'nikon'
2026-09-26 09:42:36,710 - INFO - 🔧 Request Handler final stats - Success rate: 100.0%
2026-09-26 09:42:36,710 - INFO -    Total requests: 206641, Blocks: 1
2026-09-26 09:42:36,711 - INFO - 
========================================
2026-09-26 09:42:36,711 - INFO - Process Summary:
2026-09-26 09:42:36,711 - INFO - - Current niche: 'nikon'
2026-09-26 09:42:36,711 - INFO - - Next niche will be: 'huawei'
2026-09-26 09:42:36,711 - INFO - - Keywords saved in: languages/english/keywords/nikon/
2026-09-26 09:42:36,712 - INFO - ========================================
