2026-09-30 00:44:58,820 - INFO - Log file created at: /home/runner/work/potensitech.com/potensitech.com/languages/english/keywords/logs/kw_search_20260930_004458.log
2026-09-30 00:44:58,820 - INFO - ============================================================
2026-09-30 00:44:58,820 - INFO - AUTOMATIC KEYWORD RESEARCH TOOL
2026-09-30 00:44:58,820 - INFO - ============================================================
2026-09-30 00:44:59,149 - INFO - ========================================
2026-09-30 00:44:59,149 - INFO - Found 14 niches to process: xiaomi, iphone, samsung, apple, sony, asus, philips, sandisk, intel, nvidia, amd, canon, nikon, huawei
2026-09-30 00:44:59,149 - INFO - ========================================
2026-09-30 00:44:59,149 - INFO - Continuing from last processed niche: philips
2026-09-30 00:44:59,149 - INFO - ========================================
2026-09-30 00:44:59,149 - INFO - 🎯 PROCESSING NICHE 8/14: 'sandisk'
2026-09-30 00:44:59,149 - INFO - ========================================
2026-09-30 00:44:59,149 - INFO - 📁 Niche directory: /home/runner/work/potensitech.com/potensitech.com/languages/english/keywords/sandisk
2026-09-30 00:44:59,149 - INFO - Selected region: us
2026-09-30 00:44:59,149 - INFO - Selected language: en
2026-09-30 00:44:59,149 - INFO - 🎯 Current niche: sandisk
2026-09-30 00:45:09,838 - INFO - 🎯 Niche terms for filtering: sandisk, cheap, best, latest, review, price, sell, buy, recommendation, tips, tutorial, guide, how to, vs, versus, compared to, comparison, alternatives, which is better, expensive, discount, deals, sale, affordable, cost, online, offline, marketplace, store, shop, retailer, where to buy, worst, quality, original, genuine, fake, replica, authentic, brand, manufacturer, company, product, sandisk product, sell sandisk, buy sandisk, cheap sandisk, best sandisk, sandisk review, where to buy sandisk, how to choose sandisk, top sandisk, sandisk guide, sandisk for sale, sandisk deals
2026-09-30 00:45:09,839 - INFO - Generated 50 niche-clue pairs for 'sandisk'.
2026-09-30 00:45:09,840 - INFO - Expanded 50 seed keywords to 218 variations
2026-09-30 00:45:09,841 - INFO - 🔧 Request Handler initialized - Success rate: 100.0%
2026-09-30 00:49:31,809 - INFO - Original clue keywords: smartphone storage, gaming performance
2026-09-30 00:49:31,809 - INFO - Niche-focused seeds: smartphone storage sandisk, sandisk smartphone storage, smartphone storage cheap, cheap smartphone storage, smartphone storage best, best smartphone storage, smartphone storage latest, latest smartphone storage, smartphone storage review, review smartphone storage, smartphone storage price, price smartphone storage, smartphone storage sell, sell smartphone storage, smartphone storage buy, buy smartphone storage, smartphone storage recommendation, recommendation smartphone storage, smartphone storage tips, tips smartphone storage, smartphone storage tutorial, tutorial smartphone storage, smartphone storage guide, guide smartphone storage, smartphone storage how to, how to smartphone storage, smartphone storage vs, vs smartphone storage, smartphone storage versus, versus smartphone storage, smartphone storage compared to, compared to smartphone storage, smartphone storage comparison, comparison smartphone storage, smartphone storage alternatives, alternatives smartphone storage, smartphone storage which is better, which is better smartphone storage, smartphone storage expensive, expensive smartphone storage, smartphone storage discount, discount smartphone storage, smartphone storage deals, deals smartphone storage, smartphone storage sale, sale smartphone storage, smartphone storage affordable, affordable smartphone storage, smartphone storage cost, cost smartphone storage, smartphone storage online, online smartphone storage, smartphone storage offline, offline smartphone storage, smartphone storage marketplace, marketplace smartphone storage, smartphone storage store, store smartphone storage, smartphone storage shop, shop smartphone storage, smartphone storage retailer, retailer smartphone storage, smartphone storage where to buy, where to buy smartphone storage, smartphone storage worst, worst smartphone storage, smartphone storage quality, quality smartphone storage, smartphone storage original, original smartphone storage, smartphone storage genuine, genuine smartphone storage, smartphone storage fake, fake smartphone storage, smartphone storage replica, replica smartphone storage, smartphone storage authentic, authentic smartphone storage, smartphone storage brand, brand smartphone storage, smartphone storage manufacturer, manufacturer smartphone storage, smartphone storage company, company smartphone storage, smartphone storage product, product smartphone storage, smartphone storage sandisk product, sandisk product smartphone storage, smartphone storage sell sandisk, sell sandisk smartphone storage, smartphone storage buy sandisk, buy sandisk smartphone storage, smartphone storage cheap sandisk, cheap sandisk smartphone storage, smartphone storage best sandisk, best sandisk smartphone storage, smartphone storage sandisk review, sandisk review smartphone storage, smartphone storage where to buy sandisk, where to buy sandisk smartphone storage, smartphone storage how to choose sandisk, how to choose sandisk smartphone storage, smartphone storage top sandisk, top sandisk smartphone storage, smartphone storage sandisk guide, sandisk guide smartphone storage, smartphone storage sandisk for sale, sandisk for sale smartphone storage, smartphone storage sandisk deals, sandisk deals smartphone storage, gaming performance sandisk, sandisk gaming performance, gaming performance cheap, cheap gaming performance, gaming performance best, best gaming performance, gaming performance latest, latest gaming performance, gaming performance review, review gaming performance, gaming performance price, price gaming performance, gaming performance sell, sell gaming performance, gaming performance buy, buy gaming performance, gaming performance recommendation, recommendation gaming performance, gaming performance tips, tips gaming performance, gaming performance tutorial, tutorial gaming performance, gaming performance guide, guide gaming performance, gaming performance how to, how to gaming performance, gaming performance vs, vs gaming performance, gaming performance versus, versus gaming performance, gaming performance compared to, compared to gaming performance, gaming performance comparison, comparison gaming performance, gaming performance alternatives, alternatives gaming performance, gaming performance which is better, which is better gaming performance, gaming performance expensive, expensive gaming performance, gaming performance discount, discount gaming performance, gaming performance deals, deals gaming performance, gaming performance sale, sale gaming performance, gaming performance affordable, affordable gaming performance, gaming performance cost, cost gaming performance, gaming performance online, online gaming performance, gaming performance offline, offline gaming performance, gaming performance marketplace, marketplace gaming performance, gaming performance store, store gaming performance, gaming performance shop, shop gaming performance, gaming performance retailer, retailer gaming performance, gaming performance where to buy, where to buy gaming performance, gaming performance worst, worst gaming performance, gaming performance quality, quality gaming performance, gaming performance original, original gaming performance, gaming performance genuine, genuine gaming performance, gaming performance fake, fake gaming performance, gaming performance replica, replica gaming performance, gaming performance authentic, authentic gaming performance, gaming performance brand, brand gaming performance, gaming performance manufacturer, manufacturer gaming performance, gaming performance company, company gaming performance, gaming performance product, product gaming performance, gaming performance sandisk product, sandisk product gaming performance, gaming performance sell sandisk, sell sandisk gaming performance, gaming performance buy sandisk, buy sandisk gaming performance, gaming performance cheap sandisk, cheap sandisk gaming performance, gaming performance best sandisk, best sandisk gaming performance, gaming performance sandisk review, sandisk review gaming performance, gaming performance where to buy sandisk, where to buy sandisk gaming performance, gaming performance how to choose sandisk, how to choose sandisk gaming performance, gaming performance top sandisk, top sandisk gaming performance, gaming performance sandisk guide, sandisk guide gaming performance, gaming performance sandisk for sale, sandisk for sale gaming performance, gaming performance sandisk deals, sandisk deals gaming performance
2026-09-30 00:49:31,812 - INFO - Expanded 220 seed keywords to 385 variations
2026-09-30 00:49:31,812 - INFO - Language: en
2026-09-30 00:49:31,812 - INFO - Region: us
2026-09-30 00:54:02,069 - INFO - 🎯 After all filtering for 'sandisk': 120 relevant keywords
2026-09-30 00:54:03,041 - INFO - 🎯 Found 2 new keywords for niche 'sandisk': sandisk affordable gaming performance, sandisk affordable smartphone storage
2026-09-30 00:54:19,655 - INFO - ✅ Niche 'sandisk' process complete! 871 total keyword results.
2026-09-30 00:54:19,655 - INFO - ✅ Completed processing niche: 'sandisk'
2026-09-30 00:54:19,655 - INFO - 🔧 Request Handler final stats - Success rate: 100.0%
2026-09-30 00:54:19,655 - INFO -    Total requests: 209899, Blocks: 1
2026-09-30 00:54:19,656 - INFO - 
========================================
2026-09-30 00:54:19,656 - INFO - Process Summary:
2026-09-30 00:54:19,656 - INFO - - Current niche: 'sandisk'
2026-09-30 00:54:19,657 - INFO - - Next niche will be: 'intel'
2026-09-30 00:54:19,657 - INFO - - Keywords saved in: languages/english/keywords/sandisk/
2026-09-30 00:54:19,657 - INFO - ========================================
