2026-10-05 22:56:16,426 - INFO - Log file created at: /home/runner/work/potensitech.com/potensitech.com/languages/english/keywords/logs/kw_search_20261005_225616.log
2026-10-05 22:56:16,426 - INFO - ============================================================
2026-10-05 22:56:16,426 - INFO - AUTOMATIC KEYWORD RESEARCH TOOL
2026-10-05 22:56:16,426 - INFO - ============================================================
2026-10-05 22:56:16,859 - INFO - ========================================
2026-10-05 22:56:16,859 - INFO - Found 14 niches to process: xiaomi, iphone, samsung, apple, sony, asus, philips, sandisk, intel, nvidia, amd, canon, nikon, huawei
2026-10-05 22:56:16,859 - INFO - ========================================
2026-10-05 22:56:16,859 - INFO - Continuing from last processed niche: intel
2026-10-05 22:56:16,859 - INFO - ========================================
2026-10-05 22:56:16,859 - INFO - 🎯 PROCESSING NICHE 10/14: 'nvidia'
2026-10-05 22:56:16,859 - INFO - ========================================
2026-10-05 22:56:16,859 - INFO - 📁 Niche directory: /home/runner/work/potensitech.com/potensitech.com/languages/english/keywords/nvidia
2026-10-05 22:56:16,860 - INFO - Selected region: us
2026-10-05 22:56:16,860 - INFO - Selected language: en
2026-10-05 22:56:16,860 - INFO - 🎯 Current niche: nvidia
2026-10-05 22:56:27,765 - INFO - 🎯 Niche terms for filtering: nvidia, cheap, best, latest, review, price, sell, buy, recommendation, tips, tutorial, guide, how to, vs, versus, compared to, comparison, alternatives, which is better, expensive, discount, deals, sale, affordable, cost, online, offline, marketplace, store, shop, retailer, where to buy, worst, quality, original, genuine, fake, replica, authentic, brand, manufacturer, company, product, nvidia product, sell nvidia, buy nvidia, cheap nvidia, best nvidia, nvidia review, where to buy nvidia, how to choose nvidia, top nvidia, nvidia guide, nvidia for sale, nvidia deals
2026-10-05 22:56:27,765 - INFO - Generated 50 niche-clue pairs for 'nvidia'.
2026-10-05 22:56:27,768 - INFO - Expanded 50 seed keywords to 218 variations
2026-10-05 22:56:27,768 - INFO - 🔧 Request Handler initialized - Success rate: 100.0%
2026-10-05 23:00:55,157 - INFO - Original clue keywords: digital photography, oled display
2026-10-05 23:00:55,157 - INFO - Niche-focused seeds: digital photography nvidia, nvidia digital photography, digital photography cheap, cheap digital photography, digital photography best, best digital photography, digital photography latest, latest digital photography, digital photography review, review digital photography, digital photography price, price digital photography, digital photography sell, sell digital photography, digital photography buy, buy digital photography, digital photography recommendation, recommendation digital photography, digital photography tips, tips digital photography, digital photography tutorial, tutorial digital photography, digital photography guide, guide digital photography, digital photography how to, how to digital photography, digital photography vs, vs digital photography, digital photography versus, versus digital photography, digital photography compared to, compared to digital photography, digital photography comparison, comparison digital photography, digital photography alternatives, alternatives digital photography, digital photography which is better, which is better digital photography, digital photography expensive, expensive digital photography, digital photography discount, discount digital photography, digital photography deals, deals digital photography, digital photography sale, sale digital photography, digital photography affordable, affordable digital photography, digital photography cost, cost digital photography, digital photography online, online digital photography, digital photography offline, offline digital photography, digital photography marketplace, marketplace digital photography, digital photography store, store digital photography, digital photography shop, shop digital photography, digital photography retailer, retailer digital photography, digital photography where to buy, where to buy digital photography, digital photography worst, worst digital photography, digital photography quality, quality digital photography, digital photography original, original digital photography, digital photography genuine, genuine digital photography, digital photography fake, fake digital photography, digital photography replica, replica digital photography, digital photography authentic, authentic digital photography, digital photography brand, brand digital photography, digital photography manufacturer, manufacturer digital photography, digital photography company, company digital photography, digital photography product, product digital photography, digital photography nvidia product, nvidia product digital photography, digital photography sell nvidia, sell nvidia digital photography, digital photography buy nvidia, buy nvidia digital photography, digital photography cheap nvidia, cheap nvidia digital photography, digital photography best nvidia, best nvidia digital photography, digital photography nvidia review, nvidia review digital photography, digital photography where to buy nvidia, where to buy nvidia digital photography, digital photography how to choose nvidia, how to choose nvidia digital photography, digital photography top nvidia, top nvidia digital photography, digital photography nvidia guide, nvidia guide digital photography, digital photography nvidia for sale, nvidia for sale digital photography, digital photography nvidia deals, nvidia deals digital photography, oled display nvidia, nvidia oled display, oled display cheap, cheap oled display, oled display best, best oled display, oled display latest, latest oled display, oled display review, review oled display, oled display price, price oled display, oled display sell, sell oled display, oled display buy, buy oled display, oled display recommendation, recommendation oled display, oled display tips, tips oled display, oled display tutorial, tutorial oled display, oled display guide, guide oled display, oled display how to, how to oled display, oled display vs, vs oled display, oled display versus, versus oled display, oled display compared to, compared to oled display, oled display comparison, comparison oled display, oled display alternatives, alternatives oled display, oled display which is better, which is better oled display, oled display expensive, expensive oled display, oled display discount, discount oled display, oled display deals, deals oled display, oled display sale, sale oled display, oled display affordable, affordable oled display, oled display cost, cost oled display, oled display online, online oled display, oled display offline, offline oled display, oled display marketplace, marketplace oled display, oled display store, store oled display, oled display shop, shop oled display, oled display retailer, retailer oled display, oled display where to buy, where to buy oled display, oled display worst, worst oled display, oled display quality, quality oled display, oled display original, original oled display, oled display genuine, genuine oled display, oled display fake, fake oled display, oled display replica, replica oled display, oled display authentic, authentic oled display, oled display brand, brand oled display, oled display manufacturer, manufacturer oled display, oled display company, company oled display, oled display product, product oled display, oled display nvidia product, nvidia product oled display, oled display sell nvidia, sell nvidia oled display, oled display buy nvidia, buy nvidia oled display, oled display cheap nvidia, cheap nvidia oled display, oled display best nvidia, best nvidia oled display, oled display nvidia review, nvidia review oled display, oled display where to buy nvidia, where to buy nvidia oled display, oled display how to choose nvidia, how to choose nvidia oled display, oled display top nvidia, top nvidia oled display, oled display nvidia guide, nvidia guide oled display, oled display nvidia for sale, nvidia for sale oled display, oled display nvidia deals, nvidia deals oled display
2026-10-05 23:00:55,160 - INFO - Expanded 220 seed keywords to 385 variations
2026-10-05 23:00:55,160 - INFO - Language: en
2026-10-05 23:00:55,160 - INFO - Region: us
2026-10-05 23:03:20,699 - INFO - 🎯 After all filtering for 'nvidia': 120 relevant keywords
2026-10-05 23:03:22,031 - INFO - 🎯 Found 5 new keywords for niche 'nvidia': nvidia affordable digital photography, nvidia affordable oled display, cheap alternatives digital photography, cheap alternatives oled display, best authentic digital photography
2026-10-05 23:03:38,485 - INFO - ✅ Niche 'nvidia' process complete! 912 total keyword results.
2026-10-05 23:03:38,485 - INFO - ✅ Completed processing niche: 'nvidia'
2026-10-05 23:03:38,486 - INFO - 🔧 Request Handler final stats - Success rate: 100.0%
2026-10-05 23:03:38,486 - INFO -    Total requests: 215228, Blocks: 1
2026-10-05 23:03:38,487 - INFO - 
========================================
2026-10-05 23:03:38,487 - INFO - Process Summary:
2026-10-05 23:03:38,487 - INFO - - Current niche: 'nvidia'
2026-10-05 23:03:38,487 - INFO - - Next niche will be: 'amd'
2026-10-05 23:03:38,487 - INFO - - Keywords saved in: languages/english/keywords/nvidia/
2026-10-05 23:03:38,487 - INFO - ========================================
