2026-08-06 11:45:28,600 - INFO - Log file created at: /home/runner/work/potensitech.com/potensitech.com/languages/english/keywords/logs/kw_search_20260806_114528.log
2026-08-06 11:45:28,600 - INFO - ============================================================
2026-08-06 11:45:28,600 - INFO - AUTOMATIC KEYWORD RESEARCH TOOL
2026-08-06 11:45:28,600 - INFO - ============================================================
2026-08-06 11:45:28,914 - INFO - ========================================
2026-08-06 11:45:28,915 - INFO - Found 14 niches to process: xiaomi, iphone, samsung, apple, sony, asus, philips, sandisk, intel, nvidia, amd, canon, nikon, huawei
2026-08-06 11:45:28,915 - INFO - ========================================
2026-08-06 11:45:28,915 - INFO - Continuing from last processed niche: amd
2026-08-06 11:45:28,915 - INFO - ========================================
2026-08-06 11:45:28,915 - INFO - 🎯 PROCESSING NICHE 12/14: 'canon'
2026-08-06 11:45:28,915 - INFO - ========================================
2026-08-06 11:45:28,915 - INFO - 📁 Niche directory: /home/runner/work/potensitech.com/potensitech.com/languages/english/keywords/canon
2026-08-06 11:45:28,915 - INFO - Selected region: us
2026-08-06 11:45:28,915 - INFO - Selected language: en
2026-08-06 11:45:28,915 - INFO - 🎯 Current niche: canon
2026-08-06 11:45:29,643 - INFO - 🎯 Niche terms for filtering: canon, cheap, best, latest, review, price, sell, buy, recommendation, tips, tutorial, guide, how to, vs, versus, compared to, comparison, alternatives, which is better, expensive, discount, deals, sale, affordable, cost, online, offline, marketplace, store, shop, retailer, where to buy, worst, quality, original, genuine, fake, replica, authentic, brand, manufacturer, company, product, canon product, sell canon, buy canon, cheap canon, best canon, canon review, where to buy canon, how to choose canon, top canon, canon guide, canon for sale, canon deals
2026-08-06 11:45:29,644 - INFO - Generated 50 niche-clue pairs for 'canon'.
2026-08-06 11:45:29,647 - INFO - Expanded 50 seed keywords to 218 variations
2026-08-06 11:45:29,647 - INFO - 🔧 Request Handler initialized - Success rate: 100.0%
2026-08-06 11:49:56,208 - INFO - Original clue keywords: autofocus technology, dslr lens
2026-08-06 11:49:56,209 - INFO - Niche-focused seeds: autofocus technology canon, canon autofocus technology, autofocus technology cheap, cheap autofocus technology, autofocus technology best, best autofocus technology, autofocus technology latest, latest autofocus technology, autofocus technology review, review autofocus technology, autofocus technology price, price autofocus technology, autofocus technology sell, sell autofocus technology, autofocus technology buy, buy autofocus technology, autofocus technology recommendation, recommendation autofocus technology, autofocus technology tips, tips autofocus technology, autofocus technology tutorial, tutorial autofocus technology, autofocus technology guide, guide autofocus technology, autofocus technology how to, how to autofocus technology, autofocus technology vs, vs autofocus technology, autofocus technology versus, versus autofocus technology, autofocus technology compared to, compared to autofocus technology, autofocus technology comparison, comparison autofocus technology, autofocus technology alternatives, alternatives autofocus technology, autofocus technology which is better, which is better autofocus technology, autofocus technology expensive, expensive autofocus technology, autofocus technology discount, discount autofocus technology, autofocus technology deals, deals autofocus technology, autofocus technology sale, sale autofocus technology, autofocus technology affordable, affordable autofocus technology, autofocus technology cost, cost autofocus technology, autofocus technology online, online autofocus technology, autofocus technology offline, offline autofocus technology, autofocus technology marketplace, marketplace autofocus technology, autofocus technology store, store autofocus technology, autofocus technology shop, shop autofocus technology, autofocus technology retailer, retailer autofocus technology, autofocus technology where to buy, where to buy autofocus technology, autofocus technology worst, worst autofocus technology, autofocus technology quality, quality autofocus technology, autofocus technology original, original autofocus technology, autofocus technology genuine, genuine autofocus technology, autofocus technology fake, fake autofocus technology, autofocus technology replica, replica autofocus technology, autofocus technology authentic, authentic autofocus technology, autofocus technology brand, brand autofocus technology, autofocus technology manufacturer, manufacturer autofocus technology, autofocus technology company, company autofocus technology, autofocus technology product, product autofocus technology, autofocus technology canon product, canon product autofocus technology, autofocus technology sell canon, sell canon autofocus technology, autofocus technology buy canon, buy canon autofocus technology, autofocus technology cheap canon, cheap canon autofocus technology, autofocus technology best canon, best canon autofocus technology, autofocus technology canon review, canon review autofocus technology, autofocus technology where to buy canon, where to buy canon autofocus technology, autofocus technology how to choose canon, how to choose canon autofocus technology, autofocus technology top canon, top canon autofocus technology, autofocus technology canon guide, canon guide autofocus technology, autofocus technology canon for sale, canon for sale autofocus technology, autofocus technology canon deals, canon deals autofocus technology, dslr lens canon, canon dslr lens, dslr lens cheap, cheap dslr lens, dslr lens best, best dslr lens, dslr lens latest, latest dslr lens, dslr lens review, review dslr lens, dslr lens price, price dslr lens, dslr lens sell, sell dslr lens, dslr lens buy, buy dslr lens, dslr lens recommendation, recommendation dslr lens, dslr lens tips, tips dslr lens, dslr lens tutorial, tutorial dslr lens, dslr lens guide, guide dslr lens, dslr lens how to, how to dslr lens, dslr lens vs, vs dslr lens, dslr lens versus, versus dslr lens, dslr lens compared to, compared to dslr lens, dslr lens comparison, comparison dslr lens, dslr lens alternatives, alternatives dslr lens, dslr lens which is better, which is better dslr lens, dslr lens expensive, expensive dslr lens, dslr lens discount, discount dslr lens, dslr lens deals, deals dslr lens, dslr lens sale, sale dslr lens, dslr lens affordable, affordable dslr lens, dslr lens cost, cost dslr lens, dslr lens online, online dslr lens, dslr lens offline, offline dslr lens, dslr lens marketplace, marketplace dslr lens, dslr lens store, store dslr lens, dslr lens shop, shop dslr lens, dslr lens retailer, retailer dslr lens, dslr lens where to buy, where to buy dslr lens, dslr lens worst, worst dslr lens, dslr lens quality, quality dslr lens, dslr lens original, original dslr lens, dslr lens genuine, genuine dslr lens, dslr lens fake, fake dslr lens, dslr lens replica, replica dslr lens, dslr lens authentic, authentic dslr lens, dslr lens brand, brand dslr lens, dslr lens manufacturer, manufacturer dslr lens, dslr lens company, company dslr lens, dslr lens product, product dslr lens, dslr lens canon product, canon product dslr lens, dslr lens sell canon, sell canon dslr lens, dslr lens buy canon, buy canon dslr lens, dslr lens cheap canon, cheap canon dslr lens, dslr lens best canon, best canon dslr lens, dslr lens canon review, canon review dslr lens, dslr lens where to buy canon, where to buy canon dslr lens, dslr lens how to choose canon, how to choose canon dslr lens, dslr lens top canon, top canon dslr lens, dslr lens canon guide, canon guide dslr lens, dslr lens canon for sale, canon for sale dslr lens, dslr lens canon deals, canon deals dslr lens
2026-08-06 11:49:56,212 - INFO - Expanded 220 seed keywords to 385 variations
2026-08-06 11:49:56,212 - INFO - Language: en
2026-08-06 11:49:56,212 - INFO - Region: us
2026-08-06 11:50:26,042 - INFO - 🎯 After all filtering for 'canon': 120 relevant keywords
2026-08-06 11:50:28,263 - INFO - 🎯 Found 5 new keywords for niche 'canon': canon affordable autofocus technology, canon affordable dslr lens, cheap alternatives autofocus technology, best authentic autofocus technology, how to autofocus technology brand
2026-08-06 11:50:28,756 - INFO - ✅ Niche 'canon' process complete! 665 total keyword results.
2026-08-06 11:50:28,756 - INFO - ✅ Completed processing niche: 'canon'
2026-08-06 11:50:28,756 - INFO - 🔧 Request Handler final stats - Success rate: 100.0%
2026-08-06 11:50:28,756 - INFO -    Total requests: 165518, Blocks: 1
2026-08-06 11:50:28,757 - INFO - 
========================================
2026-08-06 11:50:28,757 - INFO - Process Summary:
2026-08-06 11:50:28,757 - INFO - - Current niche: 'canon'
2026-08-06 11:50:28,757 - INFO - - Next niche will be: 'nikon'
2026-08-06 11:50:28,757 - INFO - - Keywords saved in: languages/english/keywords/canon/
2026-08-06 11:50:28,758 - INFO - ========================================
