2026-08-04 22:40:03,736 - INFO - Log file created at: /home/runner/work/potensitech.com/potensitech.com/languages/english/keywords/logs/kw_search_20260804_224003.log
2026-08-04 22:40:03,736 - INFO - ============================================================
2026-08-04 22:40:03,736 - INFO - AUTOMATIC KEYWORD RESEARCH TOOL
2026-08-04 22:40:03,736 - INFO - ============================================================
2026-08-04 22:40:04,015 - INFO - ========================================
2026-08-04 22:40:04,015 - INFO - Found 14 niches to process: xiaomi, iphone, samsung, apple, sony, asus, philips, sandisk, intel, nvidia, amd, canon, nikon, huawei
2026-08-04 22:40:04,015 - INFO - ========================================
2026-08-04 22:40:04,015 - INFO - Continuing from last processed niche: nvidia
2026-08-04 22:40:04,015 - INFO - ========================================
2026-08-04 22:40:04,015 - INFO - 🎯 PROCESSING NICHE 11/14: 'amd'
2026-08-04 22:40:04,015 - INFO - ========================================
2026-08-04 22:40:04,016 - INFO - 📁 Niche directory: /home/runner/work/potensitech.com/potensitech.com/languages/english/keywords/amd
2026-08-04 22:40:04,016 - INFO - Selected region: us
2026-08-04 22:40:04,016 - INFO - Selected language: en
2026-08-04 22:40:04,016 - INFO - 🎯 Current niche: amd
2026-08-04 22:40:05,521 - INFO - 🎯 Niche terms for filtering: amd, cheap, best, latest, review, price, sell, buy, recommendation, tips, tutorial, guide, how to, vs, versus, compared to, comparison, alternatives, which is better, expensive, discount, deals, sale, affordable, cost, online, offline, marketplace, store, shop, retailer, where to buy, worst, quality, original, genuine, fake, replica, authentic, brand, manufacturer, company, product, amd product, sell amd, buy amd, cheap amd, best amd, amd review, where to buy amd, how to choose amd, top amd, amd guide, amd for sale, amd deals
2026-08-04 22:40:05,522 - INFO - Generated 50 niche-clue pairs for 'amd'.
2026-08-04 22:40:05,525 - INFO - Expanded 50 seed keywords to 218 variations
2026-08-04 22:40:05,525 - INFO - 🔧 Request Handler initialized - Success rate: 100.0%
2026-08-04 22:44:30,428 - INFO - Original clue keywords: thermal efficiency, camera resolution
2026-08-04 22:44:30,428 - INFO - Niche-focused seeds: thermal efficiency amd, amd thermal efficiency, thermal efficiency cheap, cheap thermal efficiency, thermal efficiency best, best thermal efficiency, thermal efficiency latest, latest thermal efficiency, thermal efficiency review, review thermal efficiency, thermal efficiency price, price thermal efficiency, thermal efficiency sell, sell thermal efficiency, thermal efficiency buy, buy thermal efficiency, thermal efficiency recommendation, recommendation thermal efficiency, thermal efficiency tips, tips thermal efficiency, thermal efficiency tutorial, tutorial thermal efficiency, thermal efficiency guide, guide thermal efficiency, thermal efficiency how to, how to thermal efficiency, thermal efficiency vs, vs thermal efficiency, thermal efficiency versus, versus thermal efficiency, thermal efficiency compared to, compared to thermal efficiency, thermal efficiency comparison, comparison thermal efficiency, thermal efficiency alternatives, alternatives thermal efficiency, thermal efficiency which is better, which is better thermal efficiency, thermal efficiency expensive, expensive thermal efficiency, thermal efficiency discount, discount thermal efficiency, thermal efficiency deals, deals thermal efficiency, thermal efficiency sale, sale thermal efficiency, thermal efficiency affordable, affordable thermal efficiency, thermal efficiency cost, cost thermal efficiency, thermal efficiency online, online thermal efficiency, thermal efficiency offline, offline thermal efficiency, thermal efficiency marketplace, marketplace thermal efficiency, thermal efficiency store, store thermal efficiency, thermal efficiency shop, shop thermal efficiency, thermal efficiency retailer, retailer thermal efficiency, thermal efficiency where to buy, where to buy thermal efficiency, thermal efficiency worst, worst thermal efficiency, thermal efficiency quality, quality thermal efficiency, thermal efficiency original, original thermal efficiency, thermal efficiency genuine, genuine thermal efficiency, thermal efficiency fake, fake thermal efficiency, thermal efficiency replica, replica thermal efficiency, thermal efficiency authentic, authentic thermal efficiency, thermal efficiency brand, brand thermal efficiency, thermal efficiency manufacturer, manufacturer thermal efficiency, thermal efficiency company, company thermal efficiency, thermal efficiency product, product thermal efficiency, thermal efficiency amd product, amd product thermal efficiency, thermal efficiency sell amd, sell amd thermal efficiency, thermal efficiency buy amd, buy amd thermal efficiency, thermal efficiency cheap amd, cheap amd thermal efficiency, thermal efficiency best amd, best amd thermal efficiency, thermal efficiency amd review, amd review thermal efficiency, thermal efficiency where to buy amd, where to buy amd thermal efficiency, thermal efficiency how to choose amd, how to choose amd thermal efficiency, thermal efficiency top amd, top amd thermal efficiency, thermal efficiency amd guide, amd guide thermal efficiency, thermal efficiency amd for sale, amd for sale thermal efficiency, thermal efficiency amd deals, amd deals thermal efficiency, camera resolution amd, amd camera resolution, camera resolution cheap, cheap camera resolution, camera resolution best, best camera resolution, camera resolution latest, latest camera resolution, camera resolution review, review camera resolution, camera resolution price, price camera resolution, camera resolution sell, sell camera resolution, camera resolution buy, buy camera resolution, camera resolution recommendation, recommendation camera resolution, camera resolution tips, tips camera resolution, camera resolution tutorial, tutorial camera resolution, camera resolution guide, guide camera resolution, camera resolution how to, how to camera resolution, camera resolution vs, vs camera resolution, camera resolution versus, versus camera resolution, camera resolution compared to, compared to camera resolution, camera resolution comparison, comparison camera resolution, camera resolution alternatives, alternatives camera resolution, camera resolution which is better, which is better camera resolution, camera resolution expensive, expensive camera resolution, camera resolution discount, discount camera resolution, camera resolution deals, deals camera resolution, camera resolution sale, sale camera resolution, camera resolution affordable, affordable camera resolution, camera resolution cost, cost camera resolution, camera resolution online, online camera resolution, camera resolution offline, offline camera resolution, camera resolution marketplace, marketplace camera resolution, camera resolution store, store camera resolution, camera resolution shop, shop camera resolution, camera resolution retailer, retailer camera resolution, camera resolution where to buy, where to buy camera resolution, camera resolution worst, worst camera resolution, camera resolution quality, quality camera resolution, camera resolution original, original camera resolution, camera resolution genuine, genuine camera resolution, camera resolution fake, fake camera resolution, camera resolution replica, replica camera resolution, camera resolution authentic, authentic camera resolution, camera resolution brand, brand camera resolution, camera resolution manufacturer, manufacturer camera resolution, camera resolution company, company camera resolution, camera resolution product, product camera resolution, camera resolution amd product, amd product camera resolution, camera resolution sell amd, sell amd camera resolution, camera resolution buy amd, buy amd camera resolution, camera resolution cheap amd, cheap amd camera resolution, camera resolution best amd, best amd camera resolution, camera resolution amd review, amd review camera resolution, camera resolution where to buy amd, where to buy amd camera resolution, camera resolution how to choose amd, how to choose amd camera resolution, camera resolution top amd, top amd camera resolution, camera resolution amd guide, amd guide camera resolution, camera resolution amd for sale, amd for sale camera resolution, camera resolution amd deals, amd deals camera resolution
2026-08-04 22:44:30,432 - INFO - Expanded 220 seed keywords to 385 variations
2026-08-04 22:44:30,432 - INFO - Language: en
2026-08-04 22:44:30,432 - INFO - Region: us
2026-08-04 22:49:03,886 - INFO - 🎯 After all filtering for 'amd': 120 relevant keywords
2026-08-04 22:49:05,397 - INFO - 🎯 Found 5 new keywords for niche 'amd': amd affordable camera resolution, amd affordable thermal efficiency, cheap alternatives camera resolution, cheap alternatives thermal efficiency, best authentic camera resolution
2026-08-04 22:49:06,730 - INFO - ✅ Niche 'amd' process complete! 744 total keyword results.
2026-08-04 22:49:06,730 - INFO - ✅ Completed processing niche: 'amd'
2026-08-04 22:49:06,730 - INFO - 🔧 Request Handler final stats - Success rate: 100.0%
2026-08-04 22:49:06,730 - INFO -    Total requests: 164649, Blocks: 1
2026-08-04 22:49:06,731 - INFO - 
========================================
2026-08-04 22:49:06,732 - INFO - Process Summary:
2026-08-04 22:49:06,732 - INFO - - Current niche: 'amd'
2026-08-04 22:49:06,732 - INFO - - Next niche will be: 'canon'
2026-08-04 22:49:06,732 - INFO - - Keywords saved in: languages/english/keywords/amd/
2026-08-04 22:49:06,732 - INFO - ========================================
