2026-08-19 05:15:10,474 - INFO - Log file created at: /home/runner/work/potensitech.com/potensitech.com/languages/english/keywords/logs/kw_search_20260819_051510.log
2026-08-19 05:15:10,474 - INFO - ============================================================
2026-08-19 05:15:10,474 - INFO - AUTOMATIC KEYWORD RESEARCH TOOL
2026-08-19 05:15:10,474 - INFO - ============================================================
2026-08-19 05:15:10,838 - INFO - ========================================
2026-08-19 05:15:10,838 - INFO - Found 14 niches to process: xiaomi, iphone, samsung, apple, sony, asus, philips, sandisk, intel, nvidia, amd, canon, nikon, huawei
2026-08-19 05:15:10,838 - INFO - ========================================
2026-08-19 05:15:10,839 - INFO - Continuing from last processed niche: amd
2026-08-19 05:15:10,839 - INFO - ========================================
2026-08-19 05:15:10,839 - INFO - 🎯 PROCESSING NICHE 12/14: 'canon'
2026-08-19 05:15:10,839 - INFO - ========================================
2026-08-19 05:15:10,839 - INFO - 📁 Niche directory: /home/runner/work/potensitech.com/potensitech.com/languages/english/keywords/canon
2026-08-19 05:15:10,839 - INFO - Selected region: us
2026-08-19 05:15:10,839 - INFO - Selected language: en
2026-08-19 05:15:10,839 - INFO - 🎯 Current niche: canon
2026-08-19 05:15:11,528 - INFO - 🎯 Niche terms for filtering: canon, cheap, best, latest, review, price, sell, buy, recommendation, tips, tutorial, guide, how to, vs, versus, compared to, comparison, alternatives, which is better, expensive, discount, deals, sale, affordable, cost, online, offline, marketplace, store, shop, retailer, where to buy, worst, quality, original, genuine, fake, replica, authentic, brand, manufacturer, company, product, canon product, sell canon, buy canon, cheap canon, best canon, canon review, where to buy canon, how to choose canon, top canon, canon guide, canon for sale, canon deals
2026-08-19 05:15:11,529 - INFO - Generated 50 niche-clue pairs for 'canon'.
2026-08-19 05:15:11,532 - INFO - Expanded 50 seed keywords to 218 variations
2026-08-19 05:15:11,532 - INFO - 🔧 Request Handler initialized - Success rate: 100.0%
2026-08-19 05:19:37,882 - INFO - Original clue keywords: amoled display, megapixels
2026-08-19 05:19:37,882 - INFO - Niche-focused seeds: amoled display canon, canon amoled display, amoled display cheap, cheap amoled display, amoled display best, best amoled display, amoled display latest, latest amoled display, amoled display review, review amoled display, amoled display price, price amoled display, amoled display sell, sell amoled display, amoled display buy, buy amoled display, amoled display recommendation, recommendation amoled display, amoled display tips, tips amoled display, amoled display tutorial, tutorial amoled display, amoled display guide, guide amoled display, amoled display how to, how to amoled display, amoled display vs, vs amoled display, amoled display versus, versus amoled display, amoled display compared to, compared to amoled display, amoled display comparison, comparison amoled display, amoled display alternatives, alternatives amoled display, amoled display which is better, which is better amoled display, amoled display expensive, expensive amoled display, amoled display discount, discount amoled display, amoled display deals, deals amoled display, amoled display sale, sale amoled display, amoled display affordable, affordable amoled display, amoled display cost, cost amoled display, amoled display online, online amoled display, amoled display offline, offline amoled display, amoled display marketplace, marketplace amoled display, amoled display store, store amoled display, amoled display shop, shop amoled display, amoled display retailer, retailer amoled display, amoled display where to buy, where to buy amoled display, amoled display worst, worst amoled display, amoled display quality, quality amoled display, amoled display original, original amoled display, amoled display genuine, genuine amoled display, amoled display fake, fake amoled display, amoled display replica, replica amoled display, amoled display authentic, authentic amoled display, amoled display brand, brand amoled display, amoled display manufacturer, manufacturer amoled display, amoled display company, company amoled display, amoled display product, product amoled display, amoled display canon product, canon product amoled display, amoled display sell canon, sell canon amoled display, amoled display buy canon, buy canon amoled display, amoled display cheap canon, cheap canon amoled display, amoled display best canon, best canon amoled display, amoled display canon review, canon review amoled display, amoled display where to buy canon, where to buy canon amoled display, amoled display how to choose canon, how to choose canon amoled display, amoled display top canon, top canon amoled display, amoled display canon guide, canon guide amoled display, amoled display canon for sale, canon for sale amoled display, amoled display canon deals, canon deals amoled display, megapixels canon, canon megapixels, megapixels cheap, cheap megapixels, megapixels best, best megapixels, megapixels latest, latest megapixels, megapixels review, review megapixels, megapixels price, price megapixels, megapixels sell, sell megapixels, megapixels buy, buy megapixels, megapixels recommendation, recommendation megapixels, megapixels tips, tips megapixels, megapixels tutorial, tutorial megapixels, megapixels guide, guide megapixels, megapixels how to, how to megapixels, megapixels vs, vs megapixels, megapixels versus, versus megapixels, megapixels compared to, compared to megapixels, megapixels comparison, comparison megapixels, megapixels alternatives, alternatives megapixels, megapixels which is better, which is better megapixels, megapixels expensive, expensive megapixels, megapixels discount, discount megapixels, megapixels deals, deals megapixels, megapixels sale, sale megapixels, megapixels affordable, affordable megapixels, megapixels cost, cost megapixels, megapixels online, online megapixels, megapixels offline, offline megapixels, megapixels marketplace, marketplace megapixels, megapixels store, store megapixels, megapixels shop, shop megapixels, megapixels retailer, retailer megapixels, megapixels where to buy, where to buy megapixels, megapixels worst, worst megapixels, megapixels quality, quality megapixels, megapixels original, original megapixels, megapixels genuine, genuine megapixels, megapixels fake, fake megapixels, megapixels replica, replica megapixels, megapixels authentic, authentic megapixels, megapixels brand, brand megapixels, megapixels manufacturer, manufacturer megapixels, megapixels company, company megapixels, megapixels product, product megapixels, megapixels canon product, canon product megapixels, megapixels sell canon, sell canon megapixels, megapixels buy canon, buy canon megapixels, megapixels cheap canon, cheap canon megapixels, megapixels best canon, best canon megapixels, megapixels canon review, canon review megapixels, megapixels where to buy canon, where to buy canon megapixels, megapixels how to choose canon, how to choose canon megapixels, megapixels top canon, top canon megapixels, megapixels canon guide, canon guide megapixels, megapixels canon for sale, canon for sale megapixels, megapixels canon deals, canon deals megapixels
2026-08-19 05:19:37,885 - INFO - Expanded 220 seed keywords to 385 variations
2026-08-19 05:19:37,885 - INFO - Language: en
2026-08-19 05:19:37,885 - INFO - Region: us
2026-08-19 05:24:08,763 - INFO - 🎯 After all filtering for 'canon': 120 relevant keywords
2026-08-19 05:24:09,006 - INFO - 🎯 Found 5 new keywords for niche 'canon': canon affordable megapixels, cheap affordable megapixels, best affordable megapixels, how to affordable megapixels, canon alternatives megapixels
2026-08-19 05:24:09,463 - INFO - ✅ Niche 'canon' process complete! 682 total keyword results.
2026-08-19 05:24:09,463 - INFO - ✅ Completed processing niche: 'canon'
2026-08-19 05:24:09,463 - INFO - 🔧 Request Handler final stats - Success rate: 100.0%
2026-08-19 05:24:09,463 - INFO -    Total requests: 175355, Blocks: 1
2026-08-19 05:24:09,465 - INFO - 
========================================
2026-08-19 05:24:09,465 - INFO - Process Summary:
2026-08-19 05:24:09,465 - INFO - - Current niche: 'canon'
2026-08-19 05:24:09,465 - INFO - - Next niche will be: 'nikon'
2026-08-19 05:24:09,465 - INFO - - Keywords saved in: languages/english/keywords/canon/
2026-08-19 05:24:09,465 - INFO - ========================================
