2026-09-22 07:49:21,895 - INFO - Log file created at: /home/runner/work/potensitech.com/potensitech.com/languages/english/keywords/logs/kw_search_20260922_074921.log
2026-09-22 07:49:21,895 - INFO - ============================================================
2026-09-22 07:49:21,895 - INFO - AUTOMATIC KEYWORD RESEARCH TOOL
2026-09-22 07:49:21,895 - INFO - ============================================================
2026-09-22 07:49:22,302 - INFO - ========================================
2026-09-22 07:49:22,302 - INFO - Found 14 niches to process: xiaomi, iphone, samsung, apple, sony, asus, philips, sandisk, intel, nvidia, amd, canon, nikon, huawei
2026-09-22 07:49:22,302 - INFO - ========================================
2026-09-22 07:49:22,303 - INFO - Continuing from last processed niche: nikon
2026-09-22 07:49:22,303 - INFO - ========================================
2026-09-22 07:49:22,303 - INFO - 🎯 PROCESSING NICHE 14/14: 'huawei'
2026-09-22 07:49:22,303 - INFO - ========================================
2026-09-22 07:49:22,303 - INFO - 📁 Niche directory: /home/runner/work/potensitech.com/potensitech.com/languages/english/keywords/huawei
2026-09-22 07:49:22,303 - INFO - Selected region: us
2026-09-22 07:49:22,303 - INFO - Selected language: en
2026-09-22 07:49:22,303 - INFO - 🎯 Current niche: huawei
2026-09-22 07:49:33,130 - INFO - 🎯 Niche terms for filtering: huawei, cheap, best, latest, review, price, sell, buy, recommendation, tips, tutorial, guide, how to, vs, versus, compared to, comparison, alternatives, which is better, expensive, discount, deals, sale, affordable, cost, online, offline, marketplace, store, shop, retailer, where to buy, worst, quality, original, genuine, fake, replica, authentic, brand, manufacturer, company, product, huawei product, sell huawei, buy huawei, cheap huawei, best huawei, huawei review, where to buy huawei, how to choose huawei, top huawei, huawei guide, huawei for sale, huawei deals
2026-09-22 07:49:33,130 - INFO - Generated 50 niche-clue pairs for 'huawei'.
2026-09-22 07:49:33,133 - INFO - Expanded 50 seed keywords to 218 variations
2026-09-22 07:49:33,134 - INFO - 🔧 Request Handler initialized - Success rate: 100.0%
2026-09-22 07:53:52,610 - INFO - Original clue keywords: processor efficiency, dslr settings
2026-09-22 07:53:52,610 - INFO - Niche-focused seeds: processor efficiency huawei, huawei processor efficiency, processor efficiency cheap, cheap processor efficiency, processor efficiency best, best processor efficiency, processor efficiency latest, latest processor efficiency, processor efficiency review, review processor efficiency, processor efficiency price, price processor efficiency, processor efficiency sell, sell processor efficiency, processor efficiency buy, buy processor efficiency, processor efficiency recommendation, recommendation processor efficiency, processor efficiency tips, tips processor efficiency, processor efficiency tutorial, tutorial processor efficiency, processor efficiency guide, guide processor efficiency, processor efficiency how to, how to processor efficiency, processor efficiency vs, vs processor efficiency, processor efficiency versus, versus processor efficiency, processor efficiency compared to, compared to processor efficiency, processor efficiency comparison, comparison processor efficiency, processor efficiency alternatives, alternatives processor efficiency, processor efficiency which is better, which is better processor efficiency, processor efficiency expensive, expensive processor efficiency, processor efficiency discount, discount processor efficiency, processor efficiency deals, deals processor efficiency, processor efficiency sale, sale processor efficiency, processor efficiency affordable, affordable processor efficiency, processor efficiency cost, cost processor efficiency, processor efficiency online, online processor efficiency, processor efficiency offline, offline processor efficiency, processor efficiency marketplace, marketplace processor efficiency, processor efficiency store, store processor efficiency, processor efficiency shop, shop processor efficiency, processor efficiency retailer, retailer processor efficiency, processor efficiency where to buy, where to buy processor efficiency, processor efficiency worst, worst processor efficiency, processor efficiency quality, quality processor efficiency, processor efficiency original, original processor efficiency, processor efficiency genuine, genuine processor efficiency, processor efficiency fake, fake processor efficiency, processor efficiency replica, replica processor efficiency, processor efficiency authentic, authentic processor efficiency, processor efficiency brand, brand processor efficiency, processor efficiency manufacturer, manufacturer processor efficiency, processor efficiency company, company processor efficiency, processor efficiency product, product processor efficiency, processor efficiency huawei product, huawei product processor efficiency, processor efficiency sell huawei, sell huawei processor efficiency, processor efficiency buy huawei, buy huawei processor efficiency, processor efficiency cheap huawei, cheap huawei processor efficiency, processor efficiency best huawei, best huawei processor efficiency, processor efficiency huawei review, huawei review processor efficiency, processor efficiency where to buy huawei, where to buy huawei processor efficiency, processor efficiency how to choose huawei, how to choose huawei processor efficiency, processor efficiency top huawei, top huawei processor efficiency, processor efficiency huawei guide, huawei guide processor efficiency, processor efficiency huawei for sale, huawei for sale processor efficiency, processor efficiency huawei deals, huawei deals processor efficiency, dslr settings huawei, huawei dslr settings, dslr settings cheap, cheap dslr settings, dslr settings best, best dslr settings, dslr settings latest, latest dslr settings, dslr settings review, review dslr settings, dslr settings price, price dslr settings, dslr settings sell, sell dslr settings, dslr settings buy, buy dslr settings, dslr settings recommendation, recommendation dslr settings, dslr settings tips, tips dslr settings, dslr settings tutorial, tutorial dslr settings, dslr settings guide, guide dslr settings, dslr settings how to, how to dslr settings, dslr settings vs, vs dslr settings, dslr settings versus, versus dslr settings, dslr settings compared to, compared to dslr settings, dslr settings comparison, comparison dslr settings, dslr settings alternatives, alternatives dslr settings, dslr settings which is better, which is better dslr settings, dslr settings expensive, expensive dslr settings, dslr settings discount, discount dslr settings, dslr settings deals, deals dslr settings, dslr settings sale, sale dslr settings, dslr settings affordable, affordable dslr settings, dslr settings cost, cost dslr settings, dslr settings online, online dslr settings, dslr settings offline, offline dslr settings, dslr settings marketplace, marketplace dslr settings, dslr settings store, store dslr settings, dslr settings shop, shop dslr settings, dslr settings retailer, retailer dslr settings, dslr settings where to buy, where to buy dslr settings, dslr settings worst, worst dslr settings, dslr settings quality, quality dslr settings, dslr settings original, original dslr settings, dslr settings genuine, genuine dslr settings, dslr settings fake, fake dslr settings, dslr settings replica, replica dslr settings, dslr settings authentic, authentic dslr settings, dslr settings brand, brand dslr settings, dslr settings manufacturer, manufacturer dslr settings, dslr settings company, company dslr settings, dslr settings product, product dslr settings, dslr settings huawei product, huawei product dslr settings, dslr settings sell huawei, sell huawei dslr settings, dslr settings buy huawei, buy huawei dslr settings, dslr settings cheap huawei, cheap huawei dslr settings, dslr settings best huawei, best huawei dslr settings, dslr settings huawei review, huawei review dslr settings, dslr settings where to buy huawei, where to buy huawei dslr settings, dslr settings how to choose huawei, how to choose huawei dslr settings, dslr settings top huawei, top huawei dslr settings, dslr settings huawei guide, huawei guide dslr settings, dslr settings huawei for sale, huawei for sale dslr settings, dslr settings huawei deals, huawei deals dslr settings
2026-09-22 07:53:52,614 - INFO - Expanded 220 seed keywords to 385 variations
2026-09-22 07:53:52,614 - INFO - Language: en
2026-09-22 07:53:52,614 - INFO - Region: us
2026-09-22 07:55:33,717 - INFO - 🎯 After all filtering for 'huawei': 120 relevant keywords
2026-09-22 07:55:37,524 - INFO - 🎯 Found 4 new keywords for niche 'huawei': huawei affordable dslr settings, huawei affordable processor efficiency, cheap alternatives dslr settings, best authentic dslr settings
2026-09-22 07:55:53,248 - INFO - ✅ Niche 'huawei' process complete! 686 total keyword results.
2026-09-22 07:55:53,248 - INFO - ✅ Completed processing niche: 'huawei'
2026-09-22 07:55:53,248 - INFO - 🔧 Request Handler final stats - Success rate: 100.0%
2026-09-22 07:55:53,248 - INFO -    Total requests: 202847, Blocks: 1
2026-09-22 07:55:53,249 - INFO - 
========================================
2026-09-22 07:55:53,250 - INFO - Process Summary:
2026-09-22 07:55:53,250 - INFO - - Current niche: 'huawei'
2026-09-22 07:55:53,250 - INFO - - Next niche will be: 'xiaomi'
2026-09-22 07:55:53,250 - INFO - - Keywords saved in: languages/english/keywords/huawei/
2026-09-22 07:55:53,250 - INFO - ========================================
