2026-08-24 15:04:35,573 - INFO - Log file created at: /home/runner/work/potensitech.com/potensitech.com/languages/english/keywords/logs/kw_search_20260824_150435.log
2026-08-24 15:04:35,573 - INFO - ============================================================
2026-08-24 15:04:35,573 - INFO - AUTOMATIC KEYWORD RESEARCH TOOL
2026-08-24 15:04:35,573 - INFO - ============================================================
2026-08-24 15:04:35,899 - INFO - ========================================
2026-08-24 15:04:35,899 - INFO - Found 14 niches to process: xiaomi, iphone, samsung, apple, sony, asus, philips, sandisk, intel, nvidia, amd, canon, nikon, huawei
2026-08-24 15:04:35,899 - INFO - ========================================
2026-08-24 15:04:35,899 - INFO - Continuing from last processed niche: intel
2026-08-24 15:04:35,899 - INFO - ========================================
2026-08-24 15:04:35,899 - INFO - 🎯 PROCESSING NICHE 10/14: 'nvidia'
2026-08-24 15:04:35,899 - INFO - ========================================
2026-08-24 15:04:35,899 - INFO - 📁 Niche directory: /home/runner/work/potensitech.com/potensitech.com/languages/english/keywords/nvidia
2026-08-24 15:04:35,900 - INFO - Selected region: us
2026-08-24 15:04:35,900 - INFO - Selected language: en
2026-08-24 15:04:35,900 - INFO - 🎯 Current niche: nvidia
2026-08-24 15:04:46,889 - INFO - 🎯 Niche terms for filtering: nvidia, cheap, best, latest, review, price, sell, buy, recommendation, tips, tutorial, guide, how to, vs, versus, compared to, comparison, alternatives, which is better, expensive, discount, deals, sale, affordable, cost, online, offline, marketplace, store, shop, retailer, where to buy, worst, quality, original, genuine, fake, replica, authentic, brand, manufacturer, company, product, nvidia product, sell nvidia, buy nvidia, cheap nvidia, best nvidia, nvidia review, where to buy nvidia, how to choose nvidia, top nvidia, nvidia guide, nvidia for sale, nvidia deals
2026-08-24 15:04:46,890 - INFO - Generated 50 niche-clue pairs for 'nvidia'.
2026-08-24 15:04:46,893 - INFO - Expanded 50 seed keywords to 218 variations
2026-08-24 15:04:46,893 - INFO - 🔧 Request Handler initialized - Success rate: 100.0%
2026-08-24 15:09:10,937 - INFO - Original clue keywords: camera lens, mirrorless technology
2026-08-24 15:09:10,937 - INFO - Niche-focused seeds: camera lens nvidia, nvidia camera lens, camera lens cheap, cheap camera lens, camera lens best, best camera lens, camera lens latest, latest camera lens, camera lens review, review camera lens, camera lens price, price camera lens, camera lens sell, sell camera lens, camera lens buy, buy camera lens, camera lens recommendation, recommendation camera lens, camera lens tips, tips camera lens, camera lens tutorial, tutorial camera lens, camera lens guide, guide camera lens, camera lens how to, how to camera lens, camera lens vs, vs camera lens, camera lens versus, versus camera lens, camera lens compared to, compared to camera lens, camera lens comparison, comparison camera lens, camera lens alternatives, alternatives camera lens, camera lens which is better, which is better camera lens, camera lens expensive, expensive camera lens, camera lens discount, discount camera lens, camera lens deals, deals camera lens, camera lens sale, sale camera lens, camera lens affordable, affordable camera lens, camera lens cost, cost camera lens, camera lens online, online camera lens, camera lens offline, offline camera lens, camera lens marketplace, marketplace camera lens, camera lens store, store camera lens, camera lens shop, shop camera lens, camera lens retailer, retailer camera lens, camera lens where to buy, where to buy camera lens, camera lens worst, worst camera lens, camera lens quality, quality camera lens, camera lens original, original camera lens, camera lens genuine, genuine camera lens, camera lens fake, fake camera lens, camera lens replica, replica camera lens, camera lens authentic, authentic camera lens, camera lens brand, brand camera lens, camera lens manufacturer, manufacturer camera lens, camera lens company, company camera lens, camera lens product, product camera lens, camera lens nvidia product, nvidia product camera lens, camera lens sell nvidia, sell nvidia camera lens, camera lens buy nvidia, buy nvidia camera lens, camera lens cheap nvidia, cheap nvidia camera lens, camera lens best nvidia, best nvidia camera lens, camera lens nvidia review, nvidia review camera lens, camera lens where to buy nvidia, where to buy nvidia camera lens, camera lens how to choose nvidia, how to choose nvidia camera lens, camera lens top nvidia, top nvidia camera lens, camera lens nvidia guide, nvidia guide camera lens, camera lens nvidia for sale, nvidia for sale camera lens, camera lens nvidia deals, nvidia deals camera lens, mirrorless technology nvidia, nvidia mirrorless technology, mirrorless technology cheap, cheap mirrorless technology, mirrorless technology best, best mirrorless technology, mirrorless technology latest, latest mirrorless technology, mirrorless technology review, review mirrorless technology, mirrorless technology price, price mirrorless technology, mirrorless technology sell, sell mirrorless technology, mirrorless technology buy, buy mirrorless technology, mirrorless technology recommendation, recommendation mirrorless technology, mirrorless technology tips, tips mirrorless technology, mirrorless technology tutorial, tutorial mirrorless technology, mirrorless technology guide, guide mirrorless technology, mirrorless technology how to, how to mirrorless technology, mirrorless technology vs, vs mirrorless technology, mirrorless technology versus, versus mirrorless technology, mirrorless technology compared to, compared to mirrorless technology, mirrorless technology comparison, comparison mirrorless technology, mirrorless technology alternatives, alternatives mirrorless technology, mirrorless technology which is better, which is better mirrorless technology, mirrorless technology expensive, expensive mirrorless technology, mirrorless technology discount, discount mirrorless technology, mirrorless technology deals, deals mirrorless technology, mirrorless technology sale, sale mirrorless technology, mirrorless technology affordable, affordable mirrorless technology, mirrorless technology cost, cost mirrorless technology, mirrorless technology online, online mirrorless technology, mirrorless technology offline, offline mirrorless technology, mirrorless technology marketplace, marketplace mirrorless technology, mirrorless technology store, store mirrorless technology, mirrorless technology shop, shop mirrorless technology, mirrorless technology retailer, retailer mirrorless technology, mirrorless technology where to buy, where to buy mirrorless technology, mirrorless technology worst, worst mirrorless technology, mirrorless technology quality, quality mirrorless technology, mirrorless technology original, original mirrorless technology, mirrorless technology genuine, genuine mirrorless technology, mirrorless technology fake, fake mirrorless technology, mirrorless technology replica, replica mirrorless technology, mirrorless technology authentic, authentic mirrorless technology, mirrorless technology brand, brand mirrorless technology, mirrorless technology manufacturer, manufacturer mirrorless technology, mirrorless technology company, company mirrorless technology, mirrorless technology product, product mirrorless technology, mirrorless technology nvidia product, nvidia product mirrorless technology, mirrorless technology sell nvidia, sell nvidia mirrorless technology, mirrorless technology buy nvidia, buy nvidia mirrorless technology, mirrorless technology cheap nvidia, cheap nvidia mirrorless technology, mirrorless technology best nvidia, best nvidia mirrorless technology, mirrorless technology nvidia review, nvidia review mirrorless technology, mirrorless technology where to buy nvidia, where to buy nvidia mirrorless technology, mirrorless technology how to choose nvidia, how to choose nvidia mirrorless technology, mirrorless technology top nvidia, top nvidia mirrorless technology, mirrorless technology nvidia guide, nvidia guide mirrorless technology, mirrorless technology nvidia for sale, nvidia for sale mirrorless technology, mirrorless technology nvidia deals, nvidia deals mirrorless technology
2026-08-24 15:09:10,941 - INFO - Expanded 220 seed keywords to 385 variations
2026-08-24 15:09:10,941 - INFO - Language: en
2026-08-24 15:09:10,941 - INFO - Region: us
2026-08-24 15:13:39,342 - INFO - 🎯 After all filtering for 'nvidia': 120 relevant keywords
2026-08-24 15:13:40,981 - INFO - 🎯 Found 5 new keywords for niche 'nvidia': nvidia affordable camera lens, nvidia affordable mirrorless technology, cheap alternatives camera lens, cheap alternatives mirrorless technology, best authentic camera lens
2026-08-24 15:13:57,644 - INFO - ✅ Niche 'nvidia' process complete! 856 total keyword results.
2026-08-24 15:13:57,644 - INFO - ✅ Completed processing niche: 'nvidia'
2026-08-24 15:13:57,644 - INFO - 🔧 Request Handler final stats - Success rate: 100.0%
2026-08-24 15:13:57,644 - INFO -    Total requests: 179413, Blocks: 1
2026-08-24 15:13:57,645 - INFO - 
========================================
2026-08-24 15:13:57,645 - INFO - Process Summary:
2026-08-24 15:13:57,645 - INFO - - Current niche: 'nvidia'
2026-08-24 15:13:57,645 - INFO - - Next niche will be: 'amd'
2026-08-24 15:13:57,645 - INFO - - Keywords saved in: languages/english/keywords/nvidia/
2026-08-24 15:13:57,646 - INFO - ========================================
