2026-08-09 10:06:50,594 - INFO - Log file created at: /home/runner/work/potensitech.com/potensitech.com/languages/english/keywords/logs/kw_search_20260809_100650.log
2026-08-09 10:06:50,595 - INFO - ============================================================
2026-08-09 10:06:50,595 - INFO - AUTOMATIC KEYWORD RESEARCH TOOL
2026-08-09 10:06:50,595 - INFO - ============================================================
2026-08-09 10:06:50,911 - INFO - ========================================
2026-08-09 10:06:50,912 - INFO - Found 14 niches to process: xiaomi, iphone, samsung, apple, sony, asus, philips, sandisk, intel, nvidia, amd, canon, nikon, huawei
2026-08-09 10:06:50,912 - INFO - ========================================
2026-08-09 10:06:50,912 - INFO - Continuing from last processed niche: amd
2026-08-09 10:06:50,912 - INFO - ========================================
2026-08-09 10:06:50,912 - INFO - 🎯 PROCESSING NICHE 12/14: 'canon'
2026-08-09 10:06:50,912 - INFO - ========================================
2026-08-09 10:06:50,912 - INFO - 📁 Niche directory: /home/runner/work/potensitech.com/potensitech.com/languages/english/keywords/canon
2026-08-09 10:06:50,912 - INFO - Selected region: us
2026-08-09 10:06:50,912 - INFO - Selected language: en
2026-08-09 10:06:50,912 - INFO - 🎯 Current niche: canon
2026-08-09 10:06:51,597 - INFO - 🎯 Niche terms for filtering: canon, cheap, best, latest, review, price, sell, buy, recommendation, tips, tutorial, guide, how to, vs, versus, compared to, comparison, alternatives, which is better, expensive, discount, deals, sale, affordable, cost, online, offline, marketplace, store, shop, retailer, where to buy, worst, quality, original, genuine, fake, replica, authentic, brand, manufacturer, company, product, canon product, sell canon, buy canon, cheap canon, best canon, canon review, where to buy canon, how to choose canon, top canon, canon guide, canon for sale, canon deals
2026-08-09 10:06:51,598 - INFO - Generated 50 niche-clue pairs for 'canon'.
2026-08-09 10:06:51,601 - INFO - Expanded 50 seed keywords to 218 variations
2026-08-09 10:06:51,601 - INFO - 🔧 Request Handler initialized - Success rate: 100.0%
2026-08-09 10:11:15,652 - INFO - Original clue keywords: smartphone camera, mirrorless camera
2026-08-09 10:11:15,652 - INFO - Niche-focused seeds: smartphone camera canon, canon smartphone camera, smartphone camera cheap, cheap smartphone camera, smartphone camera best, best smartphone camera, smartphone camera latest, latest smartphone camera, smartphone camera review, review smartphone camera, smartphone camera price, price smartphone camera, smartphone camera sell, sell smartphone camera, smartphone camera buy, buy smartphone camera, smartphone camera recommendation, recommendation smartphone camera, smartphone camera tips, tips smartphone camera, smartphone camera tutorial, tutorial smartphone camera, smartphone camera guide, guide smartphone camera, smartphone camera how to, how to smartphone camera, smartphone camera vs, vs smartphone camera, smartphone camera versus, versus smartphone camera, smartphone camera compared to, compared to smartphone camera, smartphone camera comparison, comparison smartphone camera, smartphone camera alternatives, alternatives smartphone camera, smartphone camera which is better, which is better smartphone camera, smartphone camera expensive, expensive smartphone camera, smartphone camera discount, discount smartphone camera, smartphone camera deals, deals smartphone camera, smartphone camera sale, sale smartphone camera, smartphone camera affordable, affordable smartphone camera, smartphone camera cost, cost smartphone camera, smartphone camera online, online smartphone camera, smartphone camera offline, offline smartphone camera, smartphone camera marketplace, marketplace smartphone camera, smartphone camera store, store smartphone camera, smartphone camera shop, shop smartphone camera, smartphone camera retailer, retailer smartphone camera, smartphone camera where to buy, where to buy smartphone camera, smartphone camera worst, worst smartphone camera, smartphone camera quality, quality smartphone camera, smartphone camera original, original smartphone camera, smartphone camera genuine, genuine smartphone camera, smartphone camera fake, fake smartphone camera, smartphone camera replica, replica smartphone camera, smartphone camera authentic, authentic smartphone camera, smartphone camera brand, brand smartphone camera, smartphone camera manufacturer, manufacturer smartphone camera, smartphone camera company, company smartphone camera, smartphone camera product, product smartphone camera, smartphone camera canon product, canon product smartphone camera, smartphone camera sell canon, sell canon smartphone camera, smartphone camera buy canon, buy canon smartphone camera, smartphone camera cheap canon, cheap canon smartphone camera, smartphone camera best canon, best canon smartphone camera, smartphone camera canon review, canon review smartphone camera, smartphone camera where to buy canon, where to buy canon smartphone camera, smartphone camera how to choose canon, how to choose canon smartphone camera, smartphone camera top canon, top canon smartphone camera, smartphone camera canon guide, canon guide smartphone camera, smartphone camera canon for sale, canon for sale smartphone camera, smartphone camera canon deals, canon deals smartphone camera, mirrorless camera canon, canon mirrorless camera, mirrorless camera cheap, cheap mirrorless camera, mirrorless camera best, best mirrorless camera, mirrorless camera latest, latest mirrorless camera, mirrorless camera review, review mirrorless camera, mirrorless camera price, price mirrorless camera, mirrorless camera sell, sell mirrorless camera, mirrorless camera buy, buy mirrorless camera, mirrorless camera recommendation, recommendation mirrorless camera, mirrorless camera tips, tips mirrorless camera, mirrorless camera tutorial, tutorial mirrorless camera, mirrorless camera guide, guide mirrorless camera, mirrorless camera how to, how to mirrorless camera, mirrorless camera vs, vs mirrorless camera, mirrorless camera versus, versus mirrorless camera, mirrorless camera compared to, compared to mirrorless camera, mirrorless camera comparison, comparison mirrorless camera, mirrorless camera alternatives, alternatives mirrorless camera, mirrorless camera which is better, which is better mirrorless camera, mirrorless camera expensive, expensive mirrorless camera, mirrorless camera discount, discount mirrorless camera, mirrorless camera deals, deals mirrorless camera, mirrorless camera sale, sale mirrorless camera, mirrorless camera affordable, affordable mirrorless camera, mirrorless camera cost, cost mirrorless camera, mirrorless camera online, online mirrorless camera, mirrorless camera offline, offline mirrorless camera, mirrorless camera marketplace, marketplace mirrorless camera, mirrorless camera store, store mirrorless camera, mirrorless camera shop, shop mirrorless camera, mirrorless camera retailer, retailer mirrorless camera, mirrorless camera where to buy, where to buy mirrorless camera, mirrorless camera worst, worst mirrorless camera, mirrorless camera quality, quality mirrorless camera, mirrorless camera original, original mirrorless camera, mirrorless camera genuine, genuine mirrorless camera, mirrorless camera fake, fake mirrorless camera, mirrorless camera replica, replica mirrorless camera, mirrorless camera authentic, authentic mirrorless camera, mirrorless camera brand, brand mirrorless camera, mirrorless camera manufacturer, manufacturer mirrorless camera, mirrorless camera company, company mirrorless camera, mirrorless camera product, product mirrorless camera, mirrorless camera canon product, canon product mirrorless camera, mirrorless camera sell canon, sell canon mirrorless camera, mirrorless camera buy canon, buy canon mirrorless camera, mirrorless camera cheap canon, cheap canon mirrorless camera, mirrorless camera best canon, best canon mirrorless camera, mirrorless camera canon review, canon review mirrorless camera, mirrorless camera where to buy canon, where to buy canon mirrorless camera, mirrorless camera how to choose canon, how to choose canon mirrorless camera, mirrorless camera top canon, top canon mirrorless camera, mirrorless camera canon guide, canon guide mirrorless camera, mirrorless camera canon for sale, canon for sale mirrorless camera, mirrorless camera canon deals, canon deals mirrorless camera
2026-08-09 10:11:15,656 - INFO - Expanded 220 seed keywords to 385 variations
2026-08-09 10:11:15,656 - INFO - Language: en
2026-08-09 10:11:15,656 - INFO - Region: us
2026-08-09 10:13:25,990 - INFO - 🎯 After all filtering for 'canon': 120 relevant keywords
2026-08-09 10:13:26,895 - INFO - 🎯 Found 5 new keywords for niche 'canon': canon affordable mirrorless camera, cheap affordable smartphone camera, canon alternatives smartphone camera, how to authentic smartphone camera, best best smartphone camera
2026-08-09 10:13:27,361 - INFO - ✅ Niche 'canon' process complete! 669 total keyword results.
2026-08-09 10:13:27,361 - INFO - ✅ Completed processing niche: 'canon'
2026-08-09 10:13:27,361 - INFO - 🔧 Request Handler final stats - Success rate: 100.0%
2026-08-09 10:13:27,361 - INFO -    Total requests: 167774, Blocks: 1
2026-08-09 10:13:27,362 - INFO - 
========================================
2026-08-09 10:13:27,362 - INFO - Process Summary:
2026-08-09 10:13:27,362 - INFO - - Current niche: 'canon'
2026-08-09 10:13:27,363 - INFO - - Next niche will be: 'nikon'
2026-08-09 10:13:27,363 - INFO - - Keywords saved in: languages/english/keywords/canon/
2026-08-09 10:13:27,363 - INFO - ========================================
