2026-09-17 07:51:03,000 - INFO - Log file created at: /home/runner/work/potensitech.com/potensitech.com/languages/english/keywords/logs/kw_search_20260917_075103.log
2026-09-17 07:51:03,000 - INFO - ============================================================
2026-09-17 07:51:03,000 - INFO - AUTOMATIC KEYWORD RESEARCH TOOL
2026-09-17 07:51:03,000 - INFO - ============================================================
2026-09-17 07:51:03,246 - INFO - ========================================
2026-09-17 07:51:03,246 - INFO - Found 14 niches to process: xiaomi, iphone, samsung, apple, sony, asus, philips, sandisk, intel, nvidia, amd, canon, nikon, huawei
2026-09-17 07:51:03,246 - INFO - ========================================
2026-09-17 07:51:03,246 - INFO - Continuing from last processed niche: sony
2026-09-17 07:51:03,246 - INFO - ========================================
2026-09-17 07:51:03,246 - INFO - 🎯 PROCESSING NICHE 6/14: 'asus'
2026-09-17 07:51:03,246 - INFO - ========================================
2026-09-17 07:51:03,246 - INFO - 📁 Niche directory: /home/runner/work/potensitech.com/potensitech.com/languages/english/keywords/asus
2026-09-17 07:51:03,246 - INFO - Selected region: us
2026-09-17 07:51:03,246 - INFO - Selected language: en
2026-09-17 07:51:03,246 - INFO - 🎯 Current niche: asus
2026-09-17 07:51:14,853 - INFO - 🎯 Niche terms for filtering: asus, cheap, best, latest, review, price, sell, buy, recommendation, tips, tutorial, guide, how to, vs, versus, compared to, comparison, alternatives, which is better, expensive, discount, deals, sale, affordable, cost, online, offline, marketplace, store, shop, retailer, where to buy, worst, quality, original, genuine, fake, replica, authentic, brand, manufacturer, company, product, asus product, sell asus, buy asus, cheap asus, best asus, asus review, where to buy asus, how to choose asus, top asus, asus guide, asus for sale, asus deals
2026-09-17 07:51:14,853 - INFO - Generated 50 niche-clue pairs for 'asus'.
2026-09-17 07:51:14,855 - INFO - Expanded 50 seed keywords to 218 variations
2026-09-17 07:51:14,855 - INFO - 🔧 Request Handler initialized - Success rate: 100.0%
2026-09-17 07:55:37,453 - INFO - Original clue keywords: electric toothbrushes, home appliances
2026-09-17 07:55:37,453 - INFO - Niche-focused seeds: electric toothbrushes asus, asus electric toothbrushes, electric toothbrushes cheap, cheap electric toothbrushes, electric toothbrushes best, best electric toothbrushes, electric toothbrushes latest, latest electric toothbrushes, electric toothbrushes review, review electric toothbrushes, electric toothbrushes price, price electric toothbrushes, electric toothbrushes sell, sell electric toothbrushes, electric toothbrushes buy, buy electric toothbrushes, electric toothbrushes recommendation, recommendation electric toothbrushes, electric toothbrushes tips, tips electric toothbrushes, electric toothbrushes tutorial, tutorial electric toothbrushes, electric toothbrushes guide, guide electric toothbrushes, electric toothbrushes how to, how to electric toothbrushes, electric toothbrushes vs, vs electric toothbrushes, electric toothbrushes versus, versus electric toothbrushes, electric toothbrushes compared to, compared to electric toothbrushes, electric toothbrushes comparison, comparison electric toothbrushes, electric toothbrushes alternatives, alternatives electric toothbrushes, electric toothbrushes which is better, which is better electric toothbrushes, electric toothbrushes expensive, expensive electric toothbrushes, electric toothbrushes discount, discount electric toothbrushes, electric toothbrushes deals, deals electric toothbrushes, electric toothbrushes sale, sale electric toothbrushes, electric toothbrushes affordable, affordable electric toothbrushes, electric toothbrushes cost, cost electric toothbrushes, electric toothbrushes online, online electric toothbrushes, electric toothbrushes offline, offline electric toothbrushes, electric toothbrushes marketplace, marketplace electric toothbrushes, electric toothbrushes store, store electric toothbrushes, electric toothbrushes shop, shop electric toothbrushes, electric toothbrushes retailer, retailer electric toothbrushes, electric toothbrushes where to buy, where to buy electric toothbrushes, electric toothbrushes worst, worst electric toothbrushes, electric toothbrushes quality, quality electric toothbrushes, electric toothbrushes original, original electric toothbrushes, electric toothbrushes genuine, genuine electric toothbrushes, electric toothbrushes fake, fake electric toothbrushes, electric toothbrushes replica, replica electric toothbrushes, electric toothbrushes authentic, authentic electric toothbrushes, electric toothbrushes brand, brand electric toothbrushes, electric toothbrushes manufacturer, manufacturer electric toothbrushes, electric toothbrushes company, company electric toothbrushes, electric toothbrushes product, product electric toothbrushes, electric toothbrushes asus product, asus product electric toothbrushes, electric toothbrushes sell asus, sell asus electric toothbrushes, electric toothbrushes buy asus, buy asus electric toothbrushes, electric toothbrushes cheap asus, cheap asus electric toothbrushes, electric toothbrushes best asus, best asus electric toothbrushes, electric toothbrushes asus review, asus review electric toothbrushes, electric toothbrushes where to buy asus, where to buy asus electric toothbrushes, electric toothbrushes how to choose asus, how to choose asus electric toothbrushes, electric toothbrushes top asus, top asus electric toothbrushes, electric toothbrushes asus guide, asus guide electric toothbrushes, electric toothbrushes asus for sale, asus for sale electric toothbrushes, electric toothbrushes asus deals, asus deals electric toothbrushes, home appliances asus, asus home appliances, home appliances cheap, cheap home appliances, home appliances best, best home appliances, home appliances latest, latest home appliances, home appliances review, review home appliances, home appliances price, price home appliances, home appliances sell, sell home appliances, home appliances buy, buy home appliances, home appliances recommendation, recommendation home appliances, home appliances tips, tips home appliances, home appliances tutorial, tutorial home appliances, home appliances guide, guide home appliances, home appliances how to, how to home appliances, home appliances vs, vs home appliances, home appliances versus, versus home appliances, home appliances compared to, compared to home appliances, home appliances comparison, comparison home appliances, home appliances alternatives, alternatives home appliances, home appliances which is better, which is better home appliances, home appliances expensive, expensive home appliances, home appliances discount, discount home appliances, home appliances deals, deals home appliances, home appliances sale, sale home appliances, home appliances affordable, affordable home appliances, home appliances cost, cost home appliances, home appliances online, online home appliances, home appliances offline, offline home appliances, home appliances marketplace, marketplace home appliances, home appliances store, store home appliances, home appliances shop, shop home appliances, home appliances retailer, retailer home appliances, home appliances where to buy, where to buy home appliances, home appliances worst, worst home appliances, home appliances quality, quality home appliances, home appliances original, original home appliances, home appliances genuine, genuine home appliances, home appliances fake, fake home appliances, home appliances replica, replica home appliances, home appliances authentic, authentic home appliances, home appliances brand, brand home appliances, home appliances manufacturer, manufacturer home appliances, home appliances company, company home appliances, home appliances product, product home appliances, home appliances asus product, asus product home appliances, home appliances sell asus, sell asus home appliances, home appliances buy asus, buy asus home appliances, home appliances cheap asus, cheap asus home appliances, home appliances best asus, best asus home appliances, home appliances asus review, asus review home appliances, home appliances where to buy asus, where to buy asus home appliances, home appliances how to choose asus, how to choose asus home appliances, home appliances top asus, top asus home appliances, home appliances asus guide, asus guide home appliances, home appliances asus for sale, asus for sale home appliances, home appliances asus deals, asus deals home appliances
2026-09-17 07:55:37,455 - INFO - Expanded 220 seed keywords to 385 variations
2026-09-17 07:55:37,455 - INFO - Language: en
2026-09-17 07:55:37,455 - INFO - Region: us
2026-09-17 08:00:12,615 - INFO - 🎯 After all filtering for 'asus': 120 relevant keywords
2026-09-17 08:00:13,682 - INFO - 🎯 Found 5 new keywords for niche 'asus': asus affordable electric toothbrushes, asus affordable home appliances, cheap alternatives electric toothbrushes, cheap alternatives home appliances, best authentic electric toothbrushes
2026-09-17 08:00:30,453 - INFO - ✅ Niche 'asus' process complete! 859 total keyword results.
2026-09-17 08:00:30,453 - INFO - ✅ Completed processing niche: 'asus'
2026-09-17 08:00:30,453 - INFO - 🔧 Request Handler final stats - Success rate: 100.0%
2026-09-17 08:00:30,453 - INFO -    Total requests: 199038, Blocks: 1
2026-09-17 08:00:30,454 - INFO - 
========================================
2026-09-17 08:00:30,454 - INFO - Process Summary:
2026-09-17 08:00:30,454 - INFO - - Current niche: 'asus'
2026-09-17 08:00:30,454 - INFO - - Next niche will be: 'philips'
2026-09-17 08:00:30,454 - INFO - - Keywords saved in: languages/english/keywords/asus/
2026-09-17 08:00:30,455 - INFO - ========================================
