2026-08-28 05:36:35,425 - INFO - Log file created at: /home/runner/work/potensitech.com/potensitech.com/languages/english/keywords/logs/kw_search_20260828_053635.log
2026-08-28 05:36:35,425 - INFO - ============================================================
2026-08-28 05:36:35,425 - INFO - AUTOMATIC KEYWORD RESEARCH TOOL
2026-08-28 05:36:35,425 - INFO - ============================================================
2026-08-28 05:36:35,741 - INFO - ========================================
2026-08-28 05:36:35,741 - INFO - Found 14 niches to process: xiaomi, iphone, samsung, apple, sony, asus, philips, sandisk, intel, nvidia, amd, canon, nikon, huawei
2026-08-28 05:36:35,741 - INFO - ========================================
2026-08-28 05:36:35,741 - INFO - All niches completed, starting over
2026-08-28 05:36:35,741 - INFO - ========================================
2026-08-28 05:36:35,741 - INFO - 🎯 PROCESSING NICHE 1/14: 'xiaomi'
2026-08-28 05:36:35,741 - INFO - ========================================
2026-08-28 05:36:35,741 - INFO - 📁 Niche directory: /home/runner/work/potensitech.com/potensitech.com/languages/english/keywords/xiaomi
2026-08-28 05:36:35,741 - INFO - Selected region: us
2026-08-28 05:36:35,741 - INFO - Selected language: en
2026-08-28 05:36:35,741 - INFO - 🎯 Current niche: xiaomi
2026-08-28 05:36:46,913 - INFO - 🎯 Niche terms for filtering: xiaomi, cheap, best, latest, review, price, sell, buy, recommendation, tips, tutorial, guide, how to, vs, versus, compared to, comparison, alternatives, which is better, expensive, discount, deals, sale, affordable, cost, online, offline, marketplace, store, shop, retailer, where to buy, worst, quality, original, genuine, fake, replica, authentic, brand, manufacturer, company, product, xiaomi product, sell xiaomi, buy xiaomi, cheap xiaomi, best xiaomi, xiaomi review, where to buy xiaomi, how to choose xiaomi, top xiaomi, xiaomi guide, xiaomi for sale, xiaomi deals
2026-08-28 05:36:46,913 - INFO - Generated 50 niche-clue pairs for 'xiaomi'.
2026-08-28 05:36:46,916 - INFO - Expanded 50 seed keywords to 218 variations
2026-08-28 05:36:46,917 - INFO - 🔧 Request Handler initialized - Success rate: 100.0%
2026-08-28 05:41:16,285 - INFO - Original clue keywords: wireless charging, screen resolution
2026-08-28 05:41:16,285 - INFO - Niche-focused seeds: wireless charging xiaomi, xiaomi wireless charging, wireless charging cheap, cheap wireless charging, wireless charging best, best wireless charging, wireless charging latest, latest wireless charging, wireless charging review, review wireless charging, wireless charging price, price wireless charging, wireless charging sell, sell wireless charging, wireless charging buy, buy wireless charging, wireless charging recommendation, recommendation wireless charging, wireless charging tips, tips wireless charging, wireless charging tutorial, tutorial wireless charging, wireless charging guide, guide wireless charging, wireless charging how to, how to wireless charging, wireless charging vs, vs wireless charging, wireless charging versus, versus wireless charging, wireless charging compared to, compared to wireless charging, wireless charging comparison, comparison wireless charging, wireless charging alternatives, alternatives wireless charging, wireless charging which is better, which is better wireless charging, wireless charging expensive, expensive wireless charging, wireless charging discount, discount wireless charging, wireless charging deals, deals wireless charging, wireless charging sale, sale wireless charging, wireless charging affordable, affordable wireless charging, wireless charging cost, cost wireless charging, wireless charging online, online wireless charging, wireless charging offline, offline wireless charging, wireless charging marketplace, marketplace wireless charging, wireless charging store, store wireless charging, wireless charging shop, shop wireless charging, wireless charging retailer, retailer wireless charging, wireless charging where to buy, where to buy wireless charging, wireless charging worst, worst wireless charging, wireless charging quality, quality wireless charging, wireless charging original, original wireless charging, wireless charging genuine, genuine wireless charging, wireless charging fake, fake wireless charging, wireless charging replica, replica wireless charging, wireless charging authentic, authentic wireless charging, wireless charging brand, brand wireless charging, wireless charging manufacturer, manufacturer wireless charging, wireless charging company, company wireless charging, wireless charging product, product wireless charging, wireless charging xiaomi product, xiaomi product wireless charging, wireless charging sell xiaomi, sell xiaomi wireless charging, wireless charging buy xiaomi, buy xiaomi wireless charging, wireless charging cheap xiaomi, cheap xiaomi wireless charging, wireless charging best xiaomi, best xiaomi wireless charging, wireless charging xiaomi review, xiaomi review wireless charging, wireless charging where to buy xiaomi, where to buy xiaomi wireless charging, wireless charging how to choose xiaomi, how to choose xiaomi wireless charging, wireless charging top xiaomi, top xiaomi wireless charging, wireless charging xiaomi guide, xiaomi guide wireless charging, wireless charging xiaomi for sale, xiaomi for sale wireless charging, wireless charging xiaomi deals, xiaomi deals wireless charging, screen resolution xiaomi, xiaomi screen resolution, screen resolution cheap, cheap screen resolution, screen resolution best, best screen resolution, screen resolution latest, latest screen resolution, screen resolution review, review screen resolution, screen resolution price, price screen resolution, screen resolution sell, sell screen resolution, screen resolution buy, buy screen resolution, screen resolution recommendation, recommendation screen resolution, screen resolution tips, tips screen resolution, screen resolution tutorial, tutorial screen resolution, screen resolution guide, guide screen resolution, screen resolution how to, how to screen resolution, screen resolution vs, vs screen resolution, screen resolution versus, versus screen resolution, screen resolution compared to, compared to screen resolution, screen resolution comparison, comparison screen resolution, screen resolution alternatives, alternatives screen resolution, screen resolution which is better, which is better screen resolution, screen resolution expensive, expensive screen resolution, screen resolution discount, discount screen resolution, screen resolution deals, deals screen resolution, screen resolution sale, sale screen resolution, screen resolution affordable, affordable screen resolution, screen resolution cost, cost screen resolution, screen resolution online, online screen resolution, screen resolution offline, offline screen resolution, screen resolution marketplace, marketplace screen resolution, screen resolution store, store screen resolution, screen resolution shop, shop screen resolution, screen resolution retailer, retailer screen resolution, screen resolution where to buy, where to buy screen resolution, screen resolution worst, worst screen resolution, screen resolution quality, quality screen resolution, screen resolution original, original screen resolution, screen resolution genuine, genuine screen resolution, screen resolution fake, fake screen resolution, screen resolution replica, replica screen resolution, screen resolution authentic, authentic screen resolution, screen resolution brand, brand screen resolution, screen resolution manufacturer, manufacturer screen resolution, screen resolution company, company screen resolution, screen resolution product, product screen resolution, screen resolution xiaomi product, xiaomi product screen resolution, screen resolution sell xiaomi, sell xiaomi screen resolution, screen resolution buy xiaomi, buy xiaomi screen resolution, screen resolution cheap xiaomi, cheap xiaomi screen resolution, screen resolution best xiaomi, best xiaomi screen resolution, screen resolution xiaomi review, xiaomi review screen resolution, screen resolution where to buy xiaomi, where to buy xiaomi screen resolution, screen resolution how to choose xiaomi, how to choose xiaomi screen resolution, screen resolution top xiaomi, top xiaomi screen resolution, screen resolution xiaomi guide, xiaomi guide screen resolution, screen resolution xiaomi for sale, xiaomi for sale screen resolution, screen resolution xiaomi deals, xiaomi deals screen resolution
2026-08-28 05:41:16,289 - INFO - Expanded 220 seed keywords to 385 variations
2026-08-28 05:41:16,289 - INFO - Language: en
2026-08-28 05:41:16,289 - INFO - Region: us
2026-08-28 05:45:48,893 - INFO - 🎯 After all filtering for 'xiaomi': 120 relevant keywords
2026-08-28 05:45:50,191 - INFO - 🎯 Found 5 new keywords for niche 'xiaomi': xiaomi affordable screen resolution, xiaomi affordable wireless charging, cheap alternatives screen resolution, cheap alternatives wireless charging, best authentic screen resolution
2026-08-28 05:46:06,691 - INFO - ✅ Niche 'xiaomi' process complete! 658 total keyword results.
2026-08-28 05:46:06,691 - INFO - ✅ Completed processing niche: 'xiaomi'
2026-08-28 05:46:06,691 - INFO - 🔧 Request Handler final stats - Success rate: 100.0%
2026-08-28 05:46:06,691 - INFO -    Total requests: 182163, Blocks: 1
2026-08-28 05:46:06,692 - INFO - 
========================================
2026-08-28 05:46:06,693 - INFO - Process Summary:
2026-08-28 05:46:06,693 - INFO - - Current niche: 'xiaomi'
2026-08-28 05:46:06,693 - INFO - - Next niche will be: 'iphone'
2026-08-28 05:46:06,693 - INFO - - Keywords saved in: languages/english/keywords/xiaomi/
2026-08-28 05:46:06,693 - INFO - ========================================
