2026-09-28 05:08:13,015 - INFO - Log file created at: /home/runner/work/potensitech.com/potensitech.com/languages/english/keywords/logs/kw_search_20260928_050813.log
2026-09-28 05:08:13,015 - INFO - ============================================================
2026-09-28 05:08:13,015 - INFO - AUTOMATIC KEYWORD RESEARCH TOOL
2026-09-28 05:08:13,016 - INFO - ============================================================
2026-09-28 05:08:13,367 - INFO - ========================================
2026-09-28 05:08:13,367 - INFO - Found 14 niches to process: xiaomi, iphone, samsung, apple, sony, asus, philips, sandisk, intel, nvidia, amd, canon, nikon, huawei
2026-09-28 05:08:13,368 - INFO - ========================================
2026-09-28 05:08:13,368 - INFO - Continuing from last processed niche: iphone
2026-09-28 05:08:13,368 - INFO - ========================================
2026-09-28 05:08:13,368 - INFO - 🎯 PROCESSING NICHE 3/14: 'samsung'
2026-09-28 05:08:13,368 - INFO - ========================================
2026-09-28 05:08:13,368 - INFO - 📁 Niche directory: /home/runner/work/potensitech.com/potensitech.com/languages/english/keywords/samsung
2026-09-28 05:08:13,368 - INFO - Selected region: us
2026-09-28 05:08:13,368 - INFO - Selected language: en
2026-09-28 05:08:13,368 - INFO - 🎯 Current niche: samsung
2026-09-28 05:08:24,262 - INFO - 🎯 Niche terms for filtering: samsung, cheap, best, latest, review, price, sell, buy, recommendation, tips, tutorial, guide, how to, vs, versus, compared to, comparison, alternatives, which is better, expensive, discount, deals, sale, affordable, cost, online, offline, marketplace, store, shop, retailer, where to buy, worst, quality, original, genuine, fake, replica, authentic, brand, manufacturer, company, product, samsung product, sell samsung, buy samsung, cheap samsung, best samsung, samsung review, where to buy samsung, how to choose samsung, top samsung, samsung guide, samsung for sale, samsung deals
2026-09-28 05:08:24,262 - INFO - Generated 50 niche-clue pairs for 'samsung'.
2026-09-28 05:08:24,264 - INFO - Expanded 50 seed keywords to 218 variations
2026-09-28 05:08:24,265 - INFO - 🔧 Request Handler initialized - Success rate: 100.0%
2026-09-28 05:12:49,931 - INFO - Original clue keywords: usb storage, smartphone battery
2026-09-28 05:12:49,931 - INFO - Niche-focused seeds: usb storage samsung, samsung usb storage, usb storage cheap, cheap usb storage, usb storage best, best usb storage, usb storage latest, latest usb storage, usb storage review, review usb storage, usb storage price, price usb storage, usb storage sell, sell usb storage, usb storage buy, buy usb storage, usb storage recommendation, recommendation usb storage, usb storage tips, tips usb storage, usb storage tutorial, tutorial usb storage, usb storage guide, guide usb storage, usb storage how to, how to usb storage, usb storage vs, vs usb storage, usb storage versus, versus usb storage, usb storage compared to, compared to usb storage, usb storage comparison, comparison usb storage, usb storage alternatives, alternatives usb storage, usb storage which is better, which is better usb storage, usb storage expensive, expensive usb storage, usb storage discount, discount usb storage, usb storage deals, deals usb storage, usb storage sale, sale usb storage, usb storage affordable, affordable usb storage, usb storage cost, cost usb storage, usb storage online, online usb storage, usb storage offline, offline usb storage, usb storage marketplace, marketplace usb storage, usb storage store, store usb storage, usb storage shop, shop usb storage, usb storage retailer, retailer usb storage, usb storage where to buy, where to buy usb storage, usb storage worst, worst usb storage, usb storage quality, quality usb storage, usb storage original, original usb storage, usb storage genuine, genuine usb storage, usb storage fake, fake usb storage, usb storage replica, replica usb storage, usb storage authentic, authentic usb storage, usb storage brand, brand usb storage, usb storage manufacturer, manufacturer usb storage, usb storage company, company usb storage, usb storage product, product usb storage, usb storage samsung product, samsung product usb storage, usb storage sell samsung, sell samsung usb storage, usb storage buy samsung, buy samsung usb storage, usb storage cheap samsung, cheap samsung usb storage, usb storage best samsung, best samsung usb storage, usb storage samsung review, samsung review usb storage, usb storage where to buy samsung, where to buy samsung usb storage, usb storage how to choose samsung, how to choose samsung usb storage, usb storage top samsung, top samsung usb storage, usb storage samsung guide, samsung guide usb storage, usb storage samsung for sale, samsung for sale usb storage, usb storage samsung deals, samsung deals usb storage, smartphone battery samsung, samsung smartphone battery, smartphone battery cheap, cheap smartphone battery, smartphone battery best, best smartphone battery, smartphone battery latest, latest smartphone battery, smartphone battery review, review smartphone battery, smartphone battery price, price smartphone battery, smartphone battery sell, sell smartphone battery, smartphone battery buy, buy smartphone battery, smartphone battery recommendation, recommendation smartphone battery, smartphone battery tips, tips smartphone battery, smartphone battery tutorial, tutorial smartphone battery, smartphone battery guide, guide smartphone battery, smartphone battery how to, how to smartphone battery, smartphone battery vs, vs smartphone battery, smartphone battery versus, versus smartphone battery, smartphone battery compared to, compared to smartphone battery, smartphone battery comparison, comparison smartphone battery, smartphone battery alternatives, alternatives smartphone battery, smartphone battery which is better, which is better smartphone battery, smartphone battery expensive, expensive smartphone battery, smartphone battery discount, discount smartphone battery, smartphone battery deals, deals smartphone battery, smartphone battery sale, sale smartphone battery, smartphone battery affordable, affordable smartphone battery, smartphone battery cost, cost smartphone battery, smartphone battery online, online smartphone battery, smartphone battery offline, offline smartphone battery, smartphone battery marketplace, marketplace smartphone battery, smartphone battery store, store smartphone battery, smartphone battery shop, shop smartphone battery, smartphone battery retailer, retailer smartphone battery, smartphone battery where to buy, where to buy smartphone battery, smartphone battery worst, worst smartphone battery, smartphone battery quality, quality smartphone battery, smartphone battery original, original smartphone battery, smartphone battery genuine, genuine smartphone battery, smartphone battery fake, fake smartphone battery, smartphone battery replica, replica smartphone battery, smartphone battery authentic, authentic smartphone battery, smartphone battery brand, brand smartphone battery, smartphone battery manufacturer, manufacturer smartphone battery, smartphone battery company, company smartphone battery, smartphone battery product, product smartphone battery, smartphone battery samsung product, samsung product smartphone battery, smartphone battery sell samsung, sell samsung smartphone battery, smartphone battery buy samsung, buy samsung smartphone battery, smartphone battery cheap samsung, cheap samsung smartphone battery, smartphone battery best samsung, best samsung smartphone battery, smartphone battery samsung review, samsung review smartphone battery, smartphone battery where to buy samsung, where to buy samsung smartphone battery, smartphone battery how to choose samsung, how to choose samsung smartphone battery, smartphone battery top samsung, top samsung smartphone battery, smartphone battery samsung guide, samsung guide smartphone battery, smartphone battery samsung for sale, samsung for sale smartphone battery, smartphone battery samsung deals, samsung deals smartphone battery
2026-09-28 05:12:49,934 - INFO - Expanded 220 seed keywords to 385 variations
2026-09-28 05:12:49,934 - INFO - Language: en
2026-09-28 05:12:49,934 - INFO - Region: us
2026-09-28 05:17:23,589 - INFO - 🎯 After all filtering for 'samsung': 120 relevant keywords
2026-09-28 05:17:24,656 - INFO - 🎯 Found 5 new keywords for niche 'samsung': samsung affordable smartphone battery, samsung affordable usb storage, cheap alternatives usb storage, best authentic usb storage, how to brand usb storage
2026-09-28 05:17:40,843 - INFO - ✅ Niche 'samsung' process complete! 669 total keyword results.
2026-09-28 05:17:40,845 - INFO - ✅ Completed processing niche: 'samsung'
2026-09-28 05:17:40,845 - INFO - 🔧 Request Handler final stats - Success rate: 100.0%
2026-09-28 05:17:40,845 - INFO -    Total requests: 208219, Blocks: 1
2026-09-28 05:17:40,846 - INFO - 
========================================
2026-09-28 05:17:40,846 - INFO - Process Summary:
2026-09-28 05:17:40,846 - INFO - - Current niche: 'samsung'
2026-09-28 05:17:40,846 - INFO - - Next niche will be: 'apple'
2026-09-28 05:17:40,846 - INFO - - Keywords saved in: languages/english/keywords/samsung/
2026-09-28 05:17:40,847 - INFO - ========================================
