2026-09-03 19:28:13,713 - INFO - Log file created at: /home/runner/work/potensitech.com/potensitech.com/languages/english/keywords/logs/kw_search_20260903_192813.log
2026-09-03 19:28:13,713 - INFO - ============================================================
2026-09-03 19:28:13,713 - INFO - AUTOMATIC KEYWORD RESEARCH TOOL
2026-09-03 19:28:13,713 - INFO - ============================================================
2026-09-03 19:28:14,076 - INFO - ========================================
2026-09-03 19:28:14,076 - INFO - Found 14 niches to process: xiaomi, iphone, samsung, apple, sony, asus, philips, sandisk, intel, nvidia, amd, canon, nikon, huawei
2026-09-03 19:28:14,076 - INFO - ========================================
2026-09-03 19:28:14,076 - INFO - Continuing from last processed niche: canon
2026-09-03 19:28:14,076 - INFO - ========================================
2026-09-03 19:28:14,077 - INFO - 🎯 PROCESSING NICHE 13/14: 'nikon'
2026-09-03 19:28:14,077 - INFO - ========================================
2026-09-03 19:28:14,077 - INFO - 📁 Niche directory: /home/runner/work/potensitech.com/potensitech.com/languages/english/keywords/nikon
2026-09-03 19:28:14,077 - INFO - Selected region: us
2026-09-03 19:28:14,077 - INFO - Selected language: en
2026-09-03 19:28:14,077 - INFO - 🎯 Current niche: nikon
2026-09-03 19:28:25,453 - INFO - 🎯 Niche terms for filtering: nikon, cheap, best, latest, review, price, sell, buy, recommendation, tips, tutorial, guide, how to, vs, versus, compared to, comparison, alternatives, which is better, expensive, discount, deals, sale, affordable, cost, online, offline, marketplace, store, shop, retailer, where to buy, worst, quality, original, genuine, fake, replica, authentic, brand, manufacturer, company, product, nikon product, sell nikon, buy nikon, cheap nikon, best nikon, nikon review, where to buy nikon, how to choose nikon, top nikon, nikon guide, nikon for sale, nikon deals
2026-09-03 19:28:25,454 - INFO - Generated 50 niche-clue pairs for 'nikon'.
2026-09-03 19:28:25,457 - INFO - Expanded 50 seed keywords to 218 variations
2026-09-03 19:28:25,458 - INFO - 🔧 Request Handler initialized - Success rate: 100.0%
2026-09-03 19:32:54,314 - INFO - Original clue keywords: laptop, performance
2026-09-03 19:32:54,314 - INFO - Niche-focused seeds: laptop nikon, nikon laptop, laptop cheap, cheap laptop, laptop best, best laptop, laptop latest, latest laptop, laptop review, review laptop, laptop price, price laptop, laptop sell, sell laptop, laptop buy, buy laptop, laptop recommendation, recommendation laptop, laptop tips, tips laptop, laptop tutorial, tutorial laptop, laptop guide, guide laptop, laptop how to, how to laptop, laptop vs, vs laptop, laptop versus, versus laptop, laptop compared to, compared to laptop, laptop comparison, comparison laptop, laptop alternatives, alternatives laptop, laptop which is better, which is better laptop, laptop expensive, expensive laptop, laptop discount, discount laptop, laptop deals, deals laptop, laptop sale, sale laptop, laptop affordable, affordable laptop, laptop cost, cost laptop, laptop online, online laptop, laptop offline, offline laptop, laptop marketplace, marketplace laptop, laptop store, store laptop, laptop shop, shop laptop, laptop retailer, retailer laptop, laptop where to buy, where to buy laptop, laptop worst, worst laptop, laptop quality, quality laptop, laptop original, original laptop, laptop genuine, genuine laptop, laptop fake, fake laptop, laptop replica, replica laptop, laptop authentic, authentic laptop, laptop brand, brand laptop, laptop manufacturer, manufacturer laptop, laptop company, company laptop, laptop product, product laptop, laptop nikon product, nikon product laptop, laptop sell nikon, sell nikon laptop, laptop buy nikon, buy nikon laptop, laptop cheap nikon, cheap nikon laptop, laptop best nikon, best nikon laptop, laptop nikon review, nikon review laptop, laptop where to buy nikon, where to buy nikon laptop, laptop how to choose nikon, how to choose nikon laptop, laptop top nikon, top nikon laptop, laptop nikon guide, nikon guide laptop, laptop nikon for sale, nikon for sale laptop, laptop nikon deals, nikon deals laptop, performance nikon, nikon performance, performance cheap, cheap performance, performance best, best performance, performance latest, latest performance, performance review, review performance, performance price, price performance, performance sell, sell performance, performance buy, buy performance, performance recommendation, recommendation performance, performance tips, tips performance, performance tutorial, tutorial performance, performance guide, guide performance, performance how to, how to performance, performance vs, vs performance, performance versus, versus performance, performance compared to, compared to performance, performance comparison, comparison performance, performance alternatives, alternatives performance, performance which is better, which is better performance, performance expensive, expensive performance, performance discount, discount performance, performance deals, deals performance, performance sale, sale performance, performance affordable, affordable performance, performance cost, cost performance, performance online, online performance, performance offline, offline performance, performance marketplace, marketplace performance, performance store, store performance, performance shop, shop performance, performance retailer, retailer performance, performance where to buy, where to buy performance, performance worst, worst performance, performance quality, quality performance, performance original, original performance, performance genuine, genuine performance, performance fake, fake performance, performance replica, replica performance, performance authentic, authentic performance, performance brand, brand performance, performance manufacturer, manufacturer performance, performance company, company performance, performance product, product performance, performance nikon product, nikon product performance, performance sell nikon, sell nikon performance, performance buy nikon, buy nikon performance, performance cheap nikon, cheap nikon performance, performance best nikon, best nikon performance, performance nikon review, nikon review performance, performance where to buy nikon, where to buy nikon performance, performance how to choose nikon, how to choose nikon performance, performance top nikon, top nikon performance, performance nikon guide, nikon guide performance, performance nikon for sale, nikon for sale performance, performance nikon deals, nikon deals performance
2026-09-03 19:32:54,317 - INFO - Expanded 220 seed keywords to 385 variations
2026-09-03 19:32:54,317 - INFO - Language: en
2026-09-03 19:32:54,317 - INFO - Region: us
2026-09-03 19:37:24,705 - INFO - 🎯 After all filtering for 'nikon': 120 relevant keywords
2026-09-03 19:37:24,925 - INFO - 🎯 Found 5 new keywords for niche 'nikon': nikon affordable laptop, cheap affordable laptop, best affordable laptop, how to affordable laptop, nikon affordable performance
2026-09-03 19:37:46,054 - INFO - ✅ Niche 'nikon' process complete! 691 total keyword results.
2026-09-03 19:37:46,054 - INFO - ✅ Completed processing niche: 'nikon'
2026-09-03 19:37:46,054 - INFO - 🔧 Request Handler final stats - Success rate: 100.0%
2026-09-03 19:37:46,054 - INFO -    Total requests: 187551, Blocks: 1
2026-09-03 19:37:46,055 - INFO - 
========================================
2026-09-03 19:37:46,055 - INFO - Process Summary:
2026-09-03 19:37:46,056 - INFO - - Current niche: 'nikon'
2026-09-03 19:37:46,056 - INFO - - Next niche will be: 'huawei'
2026-09-03 19:37:46,056 - INFO - - Keywords saved in: languages/english/keywords/nikon/
2026-09-03 19:37:46,057 - INFO - ========================================
