2026-08-13 12:59:43,552 - INFO - Log file created at: /home/runner/work/potensitech.com/potensitech.com/languages/english/keywords/logs/kw_search_20260813_125943.log
2026-08-13 12:59:43,552 - INFO - ============================================================
2026-08-13 12:59:43,552 - INFO - AUTOMATIC KEYWORD RESEARCH TOOL
2026-08-13 12:59:43,552 - INFO - ============================================================
2026-08-13 12:59:43,847 - INFO - ========================================
2026-08-13 12:59:43,847 - INFO - Found 14 niches to process: xiaomi, iphone, samsung, apple, sony, asus, philips, sandisk, intel, nvidia, amd, canon, nikon, huawei
2026-08-13 12:59:43,847 - INFO - ========================================
2026-08-13 12:59:43,847 - INFO - Continuing from last processed niche: nvidia
2026-08-13 12:59:43,847 - INFO - ========================================
2026-08-13 12:59:43,847 - INFO - 🎯 PROCESSING NICHE 11/14: 'amd'
2026-08-13 12:59:43,847 - INFO - ========================================
2026-08-13 12:59:43,847 - INFO - 📁 Niche directory: /home/runner/work/potensitech.com/potensitech.com/languages/english/keywords/amd
2026-08-13 12:59:43,847 - INFO - Selected region: us
2026-08-13 12:59:43,847 - INFO - Selected language: en
2026-08-13 12:59:43,847 - INFO - 🎯 Current niche: amd
2026-08-13 12:59:44,531 - INFO - 🎯 Niche terms for filtering: amd, cheap, best, latest, review, price, sell, buy, recommendation, tips, tutorial, guide, how to, vs, versus, compared to, comparison, alternatives, which is better, expensive, discount, deals, sale, affordable, cost, online, offline, marketplace, store, shop, retailer, where to buy, worst, quality, original, genuine, fake, replica, authentic, brand, manufacturer, company, product, amd product, sell amd, buy amd, cheap amd, best amd, amd review, where to buy amd, how to choose amd, top amd, amd guide, amd for sale, amd deals
2026-08-13 12:59:44,531 - INFO - Generated 50 niche-clue pairs for 'amd'.
2026-08-13 12:59:44,535 - INFO - Expanded 50 seed keywords to 218 variations
2026-08-13 12:59:44,541 - INFO - 🔧 Request Handler initialized - Success rate: 100.0%
2026-08-13 13:04:06,174 - INFO - Original clue keywords: lens compatibility, core efficiency
2026-08-13 13:04:06,174 - INFO - Niche-focused seeds: lens compatibility amd, amd lens compatibility, lens compatibility cheap, cheap lens compatibility, lens compatibility best, best lens compatibility, lens compatibility latest, latest lens compatibility, lens compatibility review, review lens compatibility, lens compatibility price, price lens compatibility, lens compatibility sell, sell lens compatibility, lens compatibility buy, buy lens compatibility, lens compatibility recommendation, recommendation lens compatibility, lens compatibility tips, tips lens compatibility, lens compatibility tutorial, tutorial lens compatibility, lens compatibility guide, guide lens compatibility, lens compatibility how to, how to lens compatibility, lens compatibility vs, vs lens compatibility, lens compatibility versus, versus lens compatibility, lens compatibility compared to, compared to lens compatibility, lens compatibility comparison, comparison lens compatibility, lens compatibility alternatives, alternatives lens compatibility, lens compatibility which is better, which is better lens compatibility, lens compatibility expensive, expensive lens compatibility, lens compatibility discount, discount lens compatibility, lens compatibility deals, deals lens compatibility, lens compatibility sale, sale lens compatibility, lens compatibility affordable, affordable lens compatibility, lens compatibility cost, cost lens compatibility, lens compatibility online, online lens compatibility, lens compatibility offline, offline lens compatibility, lens compatibility marketplace, marketplace lens compatibility, lens compatibility store, store lens compatibility, lens compatibility shop, shop lens compatibility, lens compatibility retailer, retailer lens compatibility, lens compatibility where to buy, where to buy lens compatibility, lens compatibility worst, worst lens compatibility, lens compatibility quality, quality lens compatibility, lens compatibility original, original lens compatibility, lens compatibility genuine, genuine lens compatibility, lens compatibility fake, fake lens compatibility, lens compatibility replica, replica lens compatibility, lens compatibility authentic, authentic lens compatibility, lens compatibility brand, brand lens compatibility, lens compatibility manufacturer, manufacturer lens compatibility, lens compatibility company, company lens compatibility, lens compatibility product, product lens compatibility, lens compatibility amd product, amd product lens compatibility, lens compatibility sell amd, sell amd lens compatibility, lens compatibility buy amd, buy amd lens compatibility, lens compatibility cheap amd, cheap amd lens compatibility, lens compatibility best amd, best amd lens compatibility, lens compatibility amd review, amd review lens compatibility, lens compatibility where to buy amd, where to buy amd lens compatibility, lens compatibility how to choose amd, how to choose amd lens compatibility, lens compatibility top amd, top amd lens compatibility, lens compatibility amd guide, amd guide lens compatibility, lens compatibility amd for sale, amd for sale lens compatibility, lens compatibility amd deals, amd deals lens compatibility, core efficiency amd, amd core efficiency, core efficiency cheap, cheap core efficiency, core efficiency best, best core efficiency, core efficiency latest, latest core efficiency, core efficiency review, review core efficiency, core efficiency price, price core efficiency, core efficiency sell, sell core efficiency, core efficiency buy, buy core efficiency, core efficiency recommendation, recommendation core efficiency, core efficiency tips, tips core efficiency, core efficiency tutorial, tutorial core efficiency, core efficiency guide, guide core efficiency, core efficiency how to, how to core efficiency, core efficiency vs, vs core efficiency, core efficiency versus, versus core efficiency, core efficiency compared to, compared to core efficiency, core efficiency comparison, comparison core efficiency, core efficiency alternatives, alternatives core efficiency, core efficiency which is better, which is better core efficiency, core efficiency expensive, expensive core efficiency, core efficiency discount, discount core efficiency, core efficiency deals, deals core efficiency, core efficiency sale, sale core efficiency, core efficiency affordable, affordable core efficiency, core efficiency cost, cost core efficiency, core efficiency online, online core efficiency, core efficiency offline, offline core efficiency, core efficiency marketplace, marketplace core efficiency, core efficiency store, store core efficiency, core efficiency shop, shop core efficiency, core efficiency retailer, retailer core efficiency, core efficiency where to buy, where to buy core efficiency, core efficiency worst, worst core efficiency, core efficiency quality, quality core efficiency, core efficiency original, original core efficiency, core efficiency genuine, genuine core efficiency, core efficiency fake, fake core efficiency, core efficiency replica, replica core efficiency, core efficiency authentic, authentic core efficiency, core efficiency brand, brand core efficiency, core efficiency manufacturer, manufacturer core efficiency, core efficiency company, company core efficiency, core efficiency product, product core efficiency, core efficiency amd product, amd product core efficiency, core efficiency sell amd, sell amd core efficiency, core efficiency buy amd, buy amd core efficiency, core efficiency cheap amd, cheap amd core efficiency, core efficiency best amd, best amd core efficiency, core efficiency amd review, amd review core efficiency, core efficiency where to buy amd, where to buy amd core efficiency, core efficiency how to choose amd, how to choose amd core efficiency, core efficiency top amd, top amd core efficiency, core efficiency amd guide, amd guide core efficiency, core efficiency amd for sale, amd for sale core efficiency, core efficiency amd deals, amd deals core efficiency
2026-08-13 13:04:06,178 - INFO - Expanded 220 seed keywords to 385 variations
2026-08-13 13:04:06,178 - INFO - Language: en
2026-08-13 13:04:06,178 - INFO - Region: us
2026-08-13 13:06:16,253 - INFO - 🎯 After all filtering for 'amd': 120 relevant keywords
2026-08-13 13:06:17,684 - INFO - 🎯 Found 5 new keywords for niche 'amd': amd affordable core efficiency, amd affordable lens compatibility, cheap alternatives core efficiency, cheap alternatives lens compatibility, best authentic core efficiency
2026-08-13 13:06:18,187 - INFO - ✅ Niche 'amd' process complete! 754 total keyword results.
2026-08-13 13:06:18,187 - INFO - ✅ Completed processing niche: 'amd'
2026-08-13 13:06:18,187 - INFO - 🔧 Request Handler final stats - Success rate: 100.0%
2026-08-13 13:06:18,187 - INFO -    Total requests: 170665, Blocks: 1
2026-08-13 13:06:18,188 - INFO - 
========================================
2026-08-13 13:06:18,188 - INFO - Process Summary:
2026-08-13 13:06:18,189 - INFO - - Current niche: 'amd'
2026-08-13 13:06:18,189 - INFO - - Next niche will be: 'canon'
2026-08-13 13:06:18,189 - INFO - - Keywords saved in: languages/english/keywords/amd/
2026-08-13 13:06:18,189 - INFO - ========================================
