2026-08-28 03:34:40,351 - INFO - Log file created at: /home/runner/work/potensitech.com/potensitech.com/languages/english/keywords/logs/kw_search_20260828_033440.log
2026-08-28 03:34:40,351 - INFO - ============================================================
2026-08-28 03:34:40,351 - INFO - AUTOMATIC KEYWORD RESEARCH TOOL
2026-08-28 03:34:40,351 - INFO - ============================================================
2026-08-28 03:34:40,667 - INFO - ========================================
2026-08-28 03:34:40,667 - INFO - Found 14 niches to process: xiaomi, iphone, samsung, apple, sony, asus, philips, sandisk, intel, nvidia, amd, canon, nikon, huawei
2026-08-28 03:34:40,668 - INFO - ========================================
2026-08-28 03:34:40,668 - INFO - Continuing from last processed niche: nikon
2026-08-28 03:34:40,668 - INFO - ========================================
2026-08-28 03:34:40,668 - INFO - 🎯 PROCESSING NICHE 14/14: 'huawei'
2026-08-28 03:34:40,668 - INFO - ========================================
2026-08-28 03:34:40,668 - INFO - 📁 Niche directory: /home/runner/work/potensitech.com/potensitech.com/languages/english/keywords/huawei
2026-08-28 03:34:40,668 - INFO - Selected region: us
2026-08-28 03:34:40,668 - INFO - Selected language: en
2026-08-28 03:34:40,668 - INFO - 🎯 Current niche: huawei
2026-08-28 03:34:51,900 - INFO - 🎯 Niche terms for filtering: huawei, cheap, best, latest, review, price, sell, buy, recommendation, tips, tutorial, guide, how to, vs, versus, compared to, comparison, alternatives, which is better, expensive, discount, deals, sale, affordable, cost, online, offline, marketplace, store, shop, retailer, where to buy, worst, quality, original, genuine, fake, replica, authentic, brand, manufacturer, company, product, huawei product, sell huawei, buy huawei, cheap huawei, best huawei, huawei review, where to buy huawei, how to choose huawei, top huawei, huawei guide, huawei for sale, huawei deals
2026-08-28 03:34:51,900 - INFO - Generated 50 niche-clue pairs for 'huawei'.
2026-08-28 03:34:51,903 - INFO - Expanded 50 seed keywords to 218 variations
2026-08-28 03:34:51,904 - INFO - 🔧 Request Handler initialized - Success rate: 100.0%
2026-08-28 03:39:13,046 - INFO - Original clue keywords: wireless charging, screen resolution
2026-08-28 03:39:13,047 - INFO - Niche-focused seeds: wireless charging huawei, huawei wireless charging, wireless charging cheap, cheap wireless charging, wireless charging best, best wireless charging, wireless charging latest, latest wireless charging, wireless charging review, review wireless charging, wireless charging price, price wireless charging, wireless charging sell, sell wireless charging, wireless charging buy, buy wireless charging, wireless charging recommendation, recommendation wireless charging, wireless charging tips, tips wireless charging, wireless charging tutorial, tutorial wireless charging, wireless charging guide, guide wireless charging, wireless charging how to, how to wireless charging, wireless charging vs, vs wireless charging, wireless charging versus, versus wireless charging, wireless charging compared to, compared to wireless charging, wireless charging comparison, comparison wireless charging, wireless charging alternatives, alternatives wireless charging, wireless charging which is better, which is better wireless charging, wireless charging expensive, expensive wireless charging, wireless charging discount, discount wireless charging, wireless charging deals, deals wireless charging, wireless charging sale, sale wireless charging, wireless charging affordable, affordable wireless charging, wireless charging cost, cost wireless charging, wireless charging online, online wireless charging, wireless charging offline, offline wireless charging, wireless charging marketplace, marketplace wireless charging, wireless charging store, store wireless charging, wireless charging shop, shop wireless charging, wireless charging retailer, retailer wireless charging, wireless charging where to buy, where to buy wireless charging, wireless charging worst, worst wireless charging, wireless charging quality, quality wireless charging, wireless charging original, original wireless charging, wireless charging genuine, genuine wireless charging, wireless charging fake, fake wireless charging, wireless charging replica, replica wireless charging, wireless charging authentic, authentic wireless charging, wireless charging brand, brand wireless charging, wireless charging manufacturer, manufacturer wireless charging, wireless charging company, company wireless charging, wireless charging product, product wireless charging, wireless charging huawei product, huawei product wireless charging, wireless charging sell huawei, sell huawei wireless charging, wireless charging buy huawei, buy huawei wireless charging, wireless charging cheap huawei, cheap huawei wireless charging, wireless charging best huawei, best huawei wireless charging, wireless charging huawei review, huawei review wireless charging, wireless charging where to buy huawei, where to buy huawei wireless charging, wireless charging how to choose huawei, how to choose huawei wireless charging, wireless charging top huawei, top huawei wireless charging, wireless charging huawei guide, huawei guide wireless charging, wireless charging huawei for sale, huawei for sale wireless charging, wireless charging huawei deals, huawei deals wireless charging, screen resolution huawei, huawei screen resolution, screen resolution cheap, cheap screen resolution, screen resolution best, best screen resolution, screen resolution latest, latest screen resolution, screen resolution review, review screen resolution, screen resolution price, price screen resolution, screen resolution sell, sell screen resolution, screen resolution buy, buy screen resolution, screen resolution recommendation, recommendation screen resolution, screen resolution tips, tips screen resolution, screen resolution tutorial, tutorial screen resolution, screen resolution guide, guide screen resolution, screen resolution how to, how to screen resolution, screen resolution vs, vs screen resolution, screen resolution versus, versus screen resolution, screen resolution compared to, compared to screen resolution, screen resolution comparison, comparison screen resolution, screen resolution alternatives, alternatives screen resolution, screen resolution which is better, which is better screen resolution, screen resolution expensive, expensive screen resolution, screen resolution discount, discount screen resolution, screen resolution deals, deals screen resolution, screen resolution sale, sale screen resolution, screen resolution affordable, affordable screen resolution, screen resolution cost, cost screen resolution, screen resolution online, online screen resolution, screen resolution offline, offline screen resolution, screen resolution marketplace, marketplace screen resolution, screen resolution store, store screen resolution, screen resolution shop, shop screen resolution, screen resolution retailer, retailer screen resolution, screen resolution where to buy, where to buy screen resolution, screen resolution worst, worst screen resolution, screen resolution quality, quality screen resolution, screen resolution original, original screen resolution, screen resolution genuine, genuine screen resolution, screen resolution fake, fake screen resolution, screen resolution replica, replica screen resolution, screen resolution authentic, authentic screen resolution, screen resolution brand, brand screen resolution, screen resolution manufacturer, manufacturer screen resolution, screen resolution company, company screen resolution, screen resolution product, product screen resolution, screen resolution huawei product, huawei product screen resolution, screen resolution sell huawei, sell huawei screen resolution, screen resolution buy huawei, buy huawei screen resolution, screen resolution cheap huawei, cheap huawei screen resolution, screen resolution best huawei, best huawei screen resolution, screen resolution huawei review, huawei review screen resolution, screen resolution where to buy huawei, where to buy huawei screen resolution, screen resolution how to choose huawei, how to choose huawei screen resolution, screen resolution top huawei, top huawei screen resolution, screen resolution huawei guide, huawei guide screen resolution, screen resolution huawei for sale, huawei for sale screen resolution, screen resolution huawei deals, huawei deals screen resolution
2026-08-28 03:39:13,050 - INFO - Expanded 220 seed keywords to 385 variations
2026-08-28 03:39:13,050 - INFO - Language: en
2026-08-28 03:39:13,050 - INFO - Region: us
2026-08-28 03:43:41,655 - INFO - 🎯 After all filtering for 'huawei': 120 relevant keywords
2026-08-28 03:43:42,987 - INFO - 🎯 Found 5 new keywords for niche 'huawei': huawei affordable screen resolution, huawei affordable wireless charging, cheap alternatives screen resolution, cheap alternatives wireless charging, best authentic screen resolution
2026-08-28 03:43:59,019 - INFO - ✅ Niche 'huawei' process complete! 652 total keyword results.
2026-08-28 03:43:59,019 - INFO - ✅ Completed processing niche: 'huawei'
2026-08-28 03:43:59,019 - INFO - 🔧 Request Handler final stats - Success rate: 100.0%
2026-08-28 03:43:59,019 - INFO -    Total requests: 182071, Blocks: 1
2026-08-28 03:43:59,020 - INFO - 
========================================
2026-08-28 03:43:59,020 - INFO - Process Summary:
2026-08-28 03:43:59,020 - INFO - - Current niche: 'huawei'
2026-08-28 03:43:59,021 - INFO - - Next niche will be: 'xiaomi'
2026-08-28 03:43:59,021 - INFO - - Keywords saved in: languages/english/keywords/huawei/
2026-08-28 03:43:59,021 - INFO - ========================================
