2026-08-12 10:37:28,623 - INFO - Log file created at: /home/runner/work/potensitech.com/potensitech.com/languages/english/keywords/logs/kw_search_20260812_103728.log
2026-08-12 10:37:28,624 - INFO - ============================================================
2026-08-12 10:37:28,624 - INFO - AUTOMATIC KEYWORD RESEARCH TOOL
2026-08-12 10:37:28,624 - INFO - ============================================================
2026-08-12 10:37:28,905 - INFO - ========================================
2026-08-12 10:37:28,905 - INFO - Found 14 niches to process: xiaomi, iphone, samsung, apple, sony, asus, philips, sandisk, intel, nvidia, amd, canon, nikon, huawei
2026-08-12 10:37:28,905 - INFO - ========================================
2026-08-12 10:37:28,905 - INFO - Continuing from last processed niche: nikon
2026-08-12 10:37:28,905 - INFO - ========================================
2026-08-12 10:37:28,905 - INFO - 🎯 PROCESSING NICHE 14/14: 'huawei'
2026-08-12 10:37:28,906 - INFO - ========================================
2026-08-12 10:37:28,906 - INFO - 📁 Niche directory: /home/runner/work/potensitech.com/potensitech.com/languages/english/keywords/huawei
2026-08-12 10:37:28,906 - INFO - Selected region: us
2026-08-12 10:37:28,906 - INFO - Selected language: en
2026-08-12 10:37:28,906 - INFO - 🎯 Current niche: huawei
2026-08-12 10:37:29,641 - INFO - 🎯 Niche terms for filtering: huawei, cheap, best, latest, review, price, sell, buy, recommendation, tips, tutorial, guide, how to, vs, versus, compared to, comparison, alternatives, which is better, expensive, discount, deals, sale, affordable, cost, online, offline, marketplace, store, shop, retailer, where to buy, worst, quality, original, genuine, fake, replica, authentic, brand, manufacturer, company, product, huawei product, sell huawei, buy huawei, cheap huawei, best huawei, huawei review, where to buy huawei, how to choose huawei, top huawei, huawei guide, huawei for sale, huawei deals
2026-08-12 10:37:29,641 - INFO - Generated 50 niche-clue pairs for 'huawei'.
2026-08-12 10:37:29,644 - INFO - Expanded 50 seed keywords to 218 variations
2026-08-12 10:37:29,651 - INFO - 🔧 Request Handler initialized - Success rate: 100.0%
2026-08-12 10:41:57,126 - INFO - Original clue keywords: full-frame sensor, lens compatibility
2026-08-12 10:41:57,126 - INFO - Niche-focused seeds: full-frame sensor huawei, huawei full-frame sensor, full-frame sensor cheap, cheap full-frame sensor, full-frame sensor best, best full-frame sensor, full-frame sensor latest, latest full-frame sensor, full-frame sensor review, review full-frame sensor, full-frame sensor price, price full-frame sensor, full-frame sensor sell, sell full-frame sensor, full-frame sensor buy, buy full-frame sensor, full-frame sensor recommendation, recommendation full-frame sensor, full-frame sensor tips, tips full-frame sensor, full-frame sensor tutorial, tutorial full-frame sensor, full-frame sensor guide, guide full-frame sensor, full-frame sensor how to, how to full-frame sensor, full-frame sensor vs, vs full-frame sensor, full-frame sensor versus, versus full-frame sensor, full-frame sensor compared to, compared to full-frame sensor, full-frame sensor comparison, comparison full-frame sensor, full-frame sensor alternatives, alternatives full-frame sensor, full-frame sensor which is better, which is better full-frame sensor, full-frame sensor expensive, expensive full-frame sensor, full-frame sensor discount, discount full-frame sensor, full-frame sensor deals, deals full-frame sensor, full-frame sensor sale, sale full-frame sensor, full-frame sensor affordable, affordable full-frame sensor, full-frame sensor cost, cost full-frame sensor, full-frame sensor online, online full-frame sensor, full-frame sensor offline, offline full-frame sensor, full-frame sensor marketplace, marketplace full-frame sensor, full-frame sensor store, store full-frame sensor, full-frame sensor shop, shop full-frame sensor, full-frame sensor retailer, retailer full-frame sensor, full-frame sensor where to buy, where to buy full-frame sensor, full-frame sensor worst, worst full-frame sensor, full-frame sensor quality, quality full-frame sensor, full-frame sensor original, original full-frame sensor, full-frame sensor genuine, genuine full-frame sensor, full-frame sensor fake, fake full-frame sensor, full-frame sensor replica, replica full-frame sensor, full-frame sensor authentic, authentic full-frame sensor, full-frame sensor brand, brand full-frame sensor, full-frame sensor manufacturer, manufacturer full-frame sensor, full-frame sensor company, company full-frame sensor, full-frame sensor product, product full-frame sensor, full-frame sensor huawei product, huawei product full-frame sensor, full-frame sensor sell huawei, sell huawei full-frame sensor, full-frame sensor buy huawei, buy huawei full-frame sensor, full-frame sensor cheap huawei, cheap huawei full-frame sensor, full-frame sensor best huawei, best huawei full-frame sensor, full-frame sensor huawei review, huawei review full-frame sensor, full-frame sensor where to buy huawei, where to buy huawei full-frame sensor, full-frame sensor how to choose huawei, how to choose huawei full-frame sensor, full-frame sensor top huawei, top huawei full-frame sensor, full-frame sensor huawei guide, huawei guide full-frame sensor, full-frame sensor huawei for sale, huawei for sale full-frame sensor, full-frame sensor huawei deals, huawei deals full-frame sensor, lens compatibility huawei, huawei lens compatibility, lens compatibility cheap, cheap lens compatibility, lens compatibility best, best lens compatibility, lens compatibility latest, latest lens compatibility, lens compatibility review, review lens compatibility, lens compatibility price, price lens compatibility, lens compatibility sell, sell lens compatibility, lens compatibility buy, buy lens compatibility, lens compatibility recommendation, recommendation lens compatibility, lens compatibility tips, tips lens compatibility, lens compatibility tutorial, tutorial lens compatibility, lens compatibility guide, guide lens compatibility, lens compatibility how to, how to lens compatibility, lens compatibility vs, vs lens compatibility, lens compatibility versus, versus lens compatibility, lens compatibility compared to, compared to lens compatibility, lens compatibility comparison, comparison lens compatibility, lens compatibility alternatives, alternatives lens compatibility, lens compatibility which is better, which is better lens compatibility, lens compatibility expensive, expensive lens compatibility, lens compatibility discount, discount lens compatibility, lens compatibility deals, deals lens compatibility, lens compatibility sale, sale lens compatibility, lens compatibility affordable, affordable lens compatibility, lens compatibility cost, cost lens compatibility, lens compatibility online, online lens compatibility, lens compatibility offline, offline lens compatibility, lens compatibility marketplace, marketplace lens compatibility, lens compatibility store, store lens compatibility, lens compatibility shop, shop lens compatibility, lens compatibility retailer, retailer lens compatibility, lens compatibility where to buy, where to buy lens compatibility, lens compatibility worst, worst lens compatibility, lens compatibility quality, quality lens compatibility, lens compatibility original, original lens compatibility, lens compatibility genuine, genuine lens compatibility, lens compatibility fake, fake lens compatibility, lens compatibility replica, replica lens compatibility, lens compatibility authentic, authentic lens compatibility, lens compatibility brand, brand lens compatibility, lens compatibility manufacturer, manufacturer lens compatibility, lens compatibility company, company lens compatibility, lens compatibility product, product lens compatibility, lens compatibility huawei product, huawei product lens compatibility, lens compatibility sell huawei, sell huawei lens compatibility, lens compatibility buy huawei, buy huawei lens compatibility, lens compatibility cheap huawei, cheap huawei lens compatibility, lens compatibility best huawei, best huawei lens compatibility, lens compatibility huawei review, huawei review lens compatibility, lens compatibility where to buy huawei, where to buy huawei lens compatibility, lens compatibility how to choose huawei, how to choose huawei lens compatibility, lens compatibility top huawei, top huawei lens compatibility, lens compatibility huawei guide, huawei guide lens compatibility, lens compatibility huawei for sale, huawei for sale lens compatibility, lens compatibility huawei deals, huawei deals lens compatibility
2026-08-12 10:41:57,130 - INFO - Expanded 220 seed keywords to 385 variations
2026-08-12 10:41:57,130 - INFO - Language: en
2026-08-12 10:41:57,130 - INFO - Region: us
2026-08-12 10:42:30,673 - INFO - 🎯 After all filtering for 'huawei': 120 relevant keywords
2026-08-12 10:42:32,592 - INFO - 🎯 Found 2 new keywords for niche 'huawei': huawei affordable full-frame sensor, huawei affordable lens compatibility
2026-08-12 10:42:33,031 - INFO - ✅ Niche 'huawei' process complete! 632 total keyword results.
2026-08-12 10:42:33,031 - INFO - ✅ Completed processing niche: 'huawei'
2026-08-12 10:42:33,031 - INFO - 🔧 Request Handler final stats - Success rate: 100.0%
2026-08-12 10:42:33,031 - INFO -    Total requests: 170008, Blocks: 1
2026-08-12 10:42:33,032 - INFO - 
========================================
2026-08-12 10:42:33,032 - INFO - Process Summary:
2026-08-12 10:42:33,032 - INFO - - Current niche: 'huawei'
2026-08-12 10:42:33,032 - INFO - - Next niche will be: 'xiaomi'
2026-08-12 10:42:33,032 - INFO - - Keywords saved in: languages/english/keywords/huawei/
2026-08-12 10:42:33,033 - INFO - ========================================
