2026-09-21 08:03:39,759 - INFO - Log file created at: /home/runner/work/potensitech.com/potensitech.com/languages/english/keywords/logs/kw_search_20260921_080339.log
2026-09-21 08:03:39,759 - INFO - ============================================================
2026-09-21 08:03:39,759 - INFO - AUTOMATIC KEYWORD RESEARCH TOOL
2026-09-21 08:03:39,759 - INFO - ============================================================
2026-09-21 08:03:40,151 - INFO - ========================================
2026-09-21 08:03:40,151 - INFO - Found 14 niches to process: xiaomi, iphone, samsung, apple, sony, asus, philips, sandisk, intel, nvidia, amd, canon, nikon, huawei
2026-09-21 08:03:40,151 - INFO - ========================================
2026-09-21 08:03:40,151 - INFO - Continuing from last processed niche: samsung
2026-09-21 08:03:40,151 - INFO - ========================================
2026-09-21 08:03:40,151 - INFO - 🎯 PROCESSING NICHE 4/14: 'apple'
2026-09-21 08:03:40,151 - INFO - ========================================
2026-09-21 08:03:40,152 - INFO - 📁 Niche directory: /home/runner/work/potensitech.com/potensitech.com/languages/english/keywords/apple
2026-09-21 08:03:40,152 - INFO - Selected region: us
2026-09-21 08:03:40,152 - INFO - Selected language: en
2026-09-21 08:03:40,152 - INFO - 🎯 Current niche: apple
2026-09-21 08:03:50,902 - INFO - 🎯 Niche terms for filtering: apple, cheap, best, latest, review, price, sell, buy, recommendation, tips, tutorial, guide, how to, vs, versus, compared to, comparison, alternatives, which is better, expensive, discount, deals, sale, affordable, cost, online, offline, marketplace, store, shop, retailer, where to buy, worst, quality, original, genuine, fake, replica, authentic, brand, manufacturer, company, product, apple product, sell apple, buy apple, cheap apple, best apple, apple review, where to buy apple, how to choose apple, top apple, apple guide, apple for sale, apple deals
2026-09-21 08:03:50,902 - INFO - Generated 50 niche-clue pairs for 'apple'.
2026-09-21 08:03:50,905 - INFO - Expanded 50 seed keywords to 218 variations
2026-09-21 08:03:50,906 - INFO - 🔧 Request Handler initialized - Success rate: 100.0%
2026-09-21 08:08:17,172 - INFO - Original clue keywords: processor efficiency, autofocus speed
2026-09-21 08:08:17,173 - INFO - Niche-focused seeds: processor efficiency apple, apple processor efficiency, processor efficiency cheap, cheap processor efficiency, processor efficiency best, best processor efficiency, processor efficiency latest, latest processor efficiency, processor efficiency review, review processor efficiency, processor efficiency price, price processor efficiency, processor efficiency sell, sell processor efficiency, processor efficiency buy, buy processor efficiency, processor efficiency recommendation, recommendation processor efficiency, processor efficiency tips, tips processor efficiency, processor efficiency tutorial, tutorial processor efficiency, processor efficiency guide, guide processor efficiency, processor efficiency how to, how to processor efficiency, processor efficiency vs, vs processor efficiency, processor efficiency versus, versus processor efficiency, processor efficiency compared to, compared to processor efficiency, processor efficiency comparison, comparison processor efficiency, processor efficiency alternatives, alternatives processor efficiency, processor efficiency which is better, which is better processor efficiency, processor efficiency expensive, expensive processor efficiency, processor efficiency discount, discount processor efficiency, processor efficiency deals, deals processor efficiency, processor efficiency sale, sale processor efficiency, processor efficiency affordable, affordable processor efficiency, processor efficiency cost, cost processor efficiency, processor efficiency online, online processor efficiency, processor efficiency offline, offline processor efficiency, processor efficiency marketplace, marketplace processor efficiency, processor efficiency store, store processor efficiency, processor efficiency shop, shop processor efficiency, processor efficiency retailer, retailer processor efficiency, processor efficiency where to buy, where to buy processor efficiency, processor efficiency worst, worst processor efficiency, processor efficiency quality, quality processor efficiency, processor efficiency original, original processor efficiency, processor efficiency genuine, genuine processor efficiency, processor efficiency fake, fake processor efficiency, processor efficiency replica, replica processor efficiency, processor efficiency authentic, authentic processor efficiency, processor efficiency brand, brand processor efficiency, processor efficiency manufacturer, manufacturer processor efficiency, processor efficiency company, company processor efficiency, processor efficiency product, product processor efficiency, processor efficiency apple product, apple product processor efficiency, processor efficiency sell apple, sell apple processor efficiency, processor efficiency buy apple, buy apple processor efficiency, processor efficiency cheap apple, cheap apple processor efficiency, processor efficiency best apple, best apple processor efficiency, processor efficiency apple review, apple review processor efficiency, processor efficiency where to buy apple, where to buy apple processor efficiency, processor efficiency how to choose apple, how to choose apple processor efficiency, processor efficiency top apple, top apple processor efficiency, processor efficiency apple guide, apple guide processor efficiency, processor efficiency apple for sale, apple for sale processor efficiency, processor efficiency apple deals, apple deals processor efficiency, autofocus speed apple, apple autofocus speed, autofocus speed cheap, cheap autofocus speed, autofocus speed best, best autofocus speed, autofocus speed latest, latest autofocus speed, autofocus speed review, review autofocus speed, autofocus speed price, price autofocus speed, autofocus speed sell, sell autofocus speed, autofocus speed buy, buy autofocus speed, autofocus speed recommendation, recommendation autofocus speed, autofocus speed tips, tips autofocus speed, autofocus speed tutorial, tutorial autofocus speed, autofocus speed guide, guide autofocus speed, autofocus speed how to, how to autofocus speed, autofocus speed vs, vs autofocus speed, autofocus speed versus, versus autofocus speed, autofocus speed compared to, compared to autofocus speed, autofocus speed comparison, comparison autofocus speed, autofocus speed alternatives, alternatives autofocus speed, autofocus speed which is better, which is better autofocus speed, autofocus speed expensive, expensive autofocus speed, autofocus speed discount, discount autofocus speed, autofocus speed deals, deals autofocus speed, autofocus speed sale, sale autofocus speed, autofocus speed affordable, affordable autofocus speed, autofocus speed cost, cost autofocus speed, autofocus speed online, online autofocus speed, autofocus speed offline, offline autofocus speed, autofocus speed marketplace, marketplace autofocus speed, autofocus speed store, store autofocus speed, autofocus speed shop, shop autofocus speed, autofocus speed retailer, retailer autofocus speed, autofocus speed where to buy, where to buy autofocus speed, autofocus speed worst, worst autofocus speed, autofocus speed quality, quality autofocus speed, autofocus speed original, original autofocus speed, autofocus speed genuine, genuine autofocus speed, autofocus speed fake, fake autofocus speed, autofocus speed replica, replica autofocus speed, autofocus speed authentic, authentic autofocus speed, autofocus speed brand, brand autofocus speed, autofocus speed manufacturer, manufacturer autofocus speed, autofocus speed company, company autofocus speed, autofocus speed product, product autofocus speed, autofocus speed apple product, apple product autofocus speed, autofocus speed sell apple, sell apple autofocus speed, autofocus speed buy apple, buy apple autofocus speed, autofocus speed cheap apple, cheap apple autofocus speed, autofocus speed best apple, best apple autofocus speed, autofocus speed apple review, apple review autofocus speed, autofocus speed where to buy apple, where to buy apple autofocus speed, autofocus speed how to choose apple, how to choose apple autofocus speed, autofocus speed top apple, top apple autofocus speed, autofocus speed apple guide, apple guide autofocus speed, autofocus speed apple for sale, apple for sale autofocus speed, autofocus speed apple deals, apple deals autofocus speed
2026-09-21 08:08:17,177 - INFO - Expanded 220 seed keywords to 385 variations
2026-09-21 08:08:17,177 - INFO - Language: en
2026-09-21 08:08:17,177 - INFO - Region: us
2026-09-21 08:09:47,792 - INFO - 🎯 After all filtering for 'apple': 119 relevant keywords
2026-09-21 08:09:48,932 - INFO - 🎯 Found 5 new keywords for niche 'apple': apple affordable autofocus speed, apple affordable processor efficiency, cheap alternatives autofocus speed, cheap alternatives processor efficiency, best authentic autofocus speed
2026-09-21 08:10:04,917 - INFO - ✅ Niche 'apple' process complete! 591 total keyword results.
2026-09-21 08:10:04,917 - INFO - ✅ Completed processing niche: 'apple'
2026-09-21 08:10:04,917 - INFO - 🔧 Request Handler final stats - Success rate: 100.0%
2026-09-21 08:10:04,917 - INFO -    Total requests: 202168, Blocks: 1
2026-09-21 08:10:04,918 - INFO - 
========================================
2026-09-21 08:10:04,919 - INFO - Process Summary:
2026-09-21 08:10:04,919 - INFO - - Current niche: 'apple'
2026-09-21 08:10:04,919 - INFO - - Next niche will be: 'sony'
2026-09-21 08:10:04,919 - INFO - - Keywords saved in: languages/english/keywords/apple/
2026-09-21 08:10:04,919 - INFO - ========================================
