2026-09-10 19:17:31,658 - INFO - Log file created at: /home/runner/work/potensitech.com/potensitech.com/languages/english/keywords/logs/kw_search_20260910_191731.log
2026-09-10 19:17:31,658 - INFO - ============================================================
2026-09-10 19:17:31,658 - INFO - AUTOMATIC KEYWORD RESEARCH TOOL
2026-09-10 19:17:31,658 - INFO - ============================================================
2026-09-10 19:17:32,066 - INFO - ========================================
2026-09-10 19:17:32,066 - INFO - Found 14 niches to process: xiaomi, iphone, samsung, apple, sony, asus, philips, sandisk, intel, nvidia, amd, canon, nikon, huawei
2026-09-10 19:17:32,067 - INFO - ========================================
2026-09-10 19:17:32,067 - INFO - Continuing from last processed niche: amd
2026-09-10 19:17:32,067 - INFO - ========================================
2026-09-10 19:17:32,067 - INFO - 🎯 PROCESSING NICHE 12/14: 'canon'
2026-09-10 19:17:32,067 - INFO - ========================================
2026-09-10 19:17:32,067 - INFO - 📁 Niche directory: /home/runner/work/potensitech.com/potensitech.com/languages/english/keywords/canon
2026-09-10 19:17:32,067 - INFO - Selected region: us
2026-09-10 19:17:32,067 - INFO - Selected language: en
2026-09-10 19:17:32,067 - INFO - 🎯 Current niche: canon
2026-09-10 19:17:43,291 - INFO - 🎯 Niche terms for filtering: canon, cheap, best, latest, review, price, sell, buy, recommendation, tips, tutorial, guide, how to, vs, versus, compared to, comparison, alternatives, which is better, expensive, discount, deals, sale, affordable, cost, online, offline, marketplace, store, shop, retailer, where to buy, worst, quality, original, genuine, fake, replica, authentic, brand, manufacturer, company, product, canon product, sell canon, buy canon, cheap canon, best canon, canon review, where to buy canon, how to choose canon, top canon, canon guide, canon for sale, canon deals
2026-09-10 19:17:43,291 - INFO - Generated 50 niche-clue pairs for 'canon'.
2026-09-10 19:17:43,294 - INFO - Expanded 50 seed keywords to 218 variations
2026-09-10 19:17:43,294 - INFO - 🔧 Request Handler initialized - Success rate: 100.0%
2026-09-10 19:22:03,349 - INFO - Original clue keywords: mobile processor, gaming phone
2026-09-10 19:22:03,349 - INFO - Niche-focused seeds: mobile processor canon, canon mobile processor, mobile processor cheap, cheap mobile processor, mobile processor best, best mobile processor, mobile processor latest, latest mobile processor, mobile processor review, review mobile processor, mobile processor price, price mobile processor, mobile processor sell, sell mobile processor, mobile processor buy, buy mobile processor, mobile processor recommendation, recommendation mobile processor, mobile processor tips, tips mobile processor, mobile processor tutorial, tutorial mobile processor, mobile processor guide, guide mobile processor, mobile processor how to, how to mobile processor, mobile processor vs, vs mobile processor, mobile processor versus, versus mobile processor, mobile processor compared to, compared to mobile processor, mobile processor comparison, comparison mobile processor, mobile processor alternatives, alternatives mobile processor, mobile processor which is better, which is better mobile processor, mobile processor expensive, expensive mobile processor, mobile processor discount, discount mobile processor, mobile processor deals, deals mobile processor, mobile processor sale, sale mobile processor, mobile processor affordable, affordable mobile processor, mobile processor cost, cost mobile processor, mobile processor online, online mobile processor, mobile processor offline, offline mobile processor, mobile processor marketplace, marketplace mobile processor, mobile processor store, store mobile processor, mobile processor shop, shop mobile processor, mobile processor retailer, retailer mobile processor, mobile processor where to buy, where to buy mobile processor, mobile processor worst, worst mobile processor, mobile processor quality, quality mobile processor, mobile processor original, original mobile processor, mobile processor genuine, genuine mobile processor, mobile processor fake, fake mobile processor, mobile processor replica, replica mobile processor, mobile processor authentic, authentic mobile processor, mobile processor brand, brand mobile processor, mobile processor manufacturer, manufacturer mobile processor, mobile processor company, company mobile processor, mobile processor product, product mobile processor, mobile processor canon product, canon product mobile processor, mobile processor sell canon, sell canon mobile processor, mobile processor buy canon, buy canon mobile processor, mobile processor cheap canon, cheap canon mobile processor, mobile processor best canon, best canon mobile processor, mobile processor canon review, canon review mobile processor, mobile processor where to buy canon, where to buy canon mobile processor, mobile processor how to choose canon, how to choose canon mobile processor, mobile processor top canon, top canon mobile processor, mobile processor canon guide, canon guide mobile processor, mobile processor canon for sale, canon for sale mobile processor, mobile processor canon deals, canon deals mobile processor, gaming phone canon, canon gaming phone, gaming phone cheap, cheap gaming phone, gaming phone best, best gaming phone, gaming phone latest, latest gaming phone, gaming phone review, review gaming phone, gaming phone price, price gaming phone, gaming phone sell, sell gaming phone, gaming phone buy, buy gaming phone, gaming phone recommendation, recommendation gaming phone, gaming phone tips, tips gaming phone, gaming phone tutorial, tutorial gaming phone, gaming phone guide, guide gaming phone, gaming phone how to, how to gaming phone, gaming phone vs, vs gaming phone, gaming phone versus, versus gaming phone, gaming phone compared to, compared to gaming phone, gaming phone comparison, comparison gaming phone, gaming phone alternatives, alternatives gaming phone, gaming phone which is better, which is better gaming phone, gaming phone expensive, expensive gaming phone, gaming phone discount, discount gaming phone, gaming phone deals, deals gaming phone, gaming phone sale, sale gaming phone, gaming phone affordable, affordable gaming phone, gaming phone cost, cost gaming phone, gaming phone online, online gaming phone, gaming phone offline, offline gaming phone, gaming phone marketplace, marketplace gaming phone, gaming phone store, store gaming phone, gaming phone shop, shop gaming phone, gaming phone retailer, retailer gaming phone, gaming phone where to buy, where to buy gaming phone, gaming phone worst, worst gaming phone, gaming phone quality, quality gaming phone, gaming phone original, original gaming phone, gaming phone genuine, genuine gaming phone, gaming phone fake, fake gaming phone, gaming phone replica, replica gaming phone, gaming phone authentic, authentic gaming phone, gaming phone brand, brand gaming phone, gaming phone manufacturer, manufacturer gaming phone, gaming phone company, company gaming phone, gaming phone product, product gaming phone, gaming phone canon product, canon product gaming phone, gaming phone sell canon, sell canon gaming phone, gaming phone buy canon, buy canon gaming phone, gaming phone cheap canon, cheap canon gaming phone, gaming phone best canon, best canon gaming phone, gaming phone canon review, canon review gaming phone, gaming phone where to buy canon, where to buy canon gaming phone, gaming phone how to choose canon, how to choose canon gaming phone, gaming phone top canon, top canon gaming phone, gaming phone canon guide, canon guide gaming phone, gaming phone canon for sale, canon for sale gaming phone, gaming phone canon deals, canon deals gaming phone
2026-09-10 19:22:03,351 - INFO - Expanded 220 seed keywords to 385 variations
2026-09-10 19:22:03,351 - INFO - Language: en
2026-09-10 19:22:03,352 - INFO - Region: us
2026-09-10 19:26:37,609 - INFO - 🎯 After all filtering for 'canon': 120 relevant keywords
2026-09-10 19:26:38,612 - INFO - 🎯 Found 5 new keywords for niche 'canon': canon affordable gaming phone, canon affordable mobile processor, cheap alternatives gaming phone, cheap alternatives mobile processor, best authentic gaming phone
2026-09-10 19:26:54,336 - INFO - ✅ Niche 'canon' process complete! 713 total keyword results.
2026-09-10 19:26:54,336 - INFO - ✅ Completed processing niche: 'canon'
2026-09-10 19:26:54,336 - INFO - 🔧 Request Handler final stats - Success rate: 100.0%
2026-09-10 19:26:54,336 - INFO -    Total requests: 193233, Blocks: 1
2026-09-10 19:26:54,337 - INFO - 
========================================
2026-09-10 19:26:54,337 - INFO - Process Summary:
2026-09-10 19:26:54,337 - INFO - - Current niche: 'canon'
2026-09-10 19:26:54,337 - INFO - - Next niche will be: 'nikon'
2026-09-10 19:26:54,337 - INFO - - Keywords saved in: languages/english/keywords/canon/
2026-09-10 19:26:54,338 - INFO - ========================================
