2026-09-04 07:19:01,534 - INFO - Log file created at: /home/runner/work/potensitech.com/potensitech.com/languages/english/keywords/logs/kw_search_20260904_071901.log
2026-09-04 07:19:01,534 - INFO - ============================================================
2026-09-04 07:19:01,534 - INFO - AUTOMATIC KEYWORD RESEARCH TOOL
2026-09-04 07:19:01,534 - INFO - ============================================================
2026-09-04 07:19:01,871 - INFO - ========================================
2026-09-04 07:19:01,871 - INFO - Found 14 niches to process: xiaomi, iphone, samsung, apple, sony, asus, philips, sandisk, intel, nvidia, amd, canon, nikon, huawei
2026-09-04 07:19:01,871 - INFO - ========================================
2026-09-04 07:19:01,871 - INFO - Continuing from last processed niche: xiaomi
2026-09-04 07:19:01,871 - INFO - ========================================
2026-09-04 07:19:01,871 - INFO - 🎯 PROCESSING NICHE 2/14: 'iphone'
2026-09-04 07:19:01,871 - INFO - ========================================
2026-09-04 07:19:01,871 - INFO - 📁 Niche directory: /home/runner/work/potensitech.com/potensitech.com/languages/english/keywords/iphone
2026-09-04 07:19:01,872 - INFO - Selected region: us
2026-09-04 07:19:01,872 - INFO - Selected language: en
2026-09-04 07:19:01,872 - INFO - 🎯 Current niche: iphone
2026-09-04 07:19:12,737 - INFO - 🎯 Niche terms for filtering: iphone, cheap, best, latest, review, price, sell, buy, recommendation, tips, tutorial, guide, how to, vs, versus, compared to, comparison, alternatives, which is better, expensive, discount, deals, sale, affordable, cost, online, offline, marketplace, store, shop, retailer, where to buy, worst, quality, original, genuine, fake, replica, authentic, brand, manufacturer, company, product, iphone product, sell iphone, buy iphone, cheap iphone, best iphone, iphone review, where to buy iphone, how to choose iphone, top iphone, iphone guide, iphone for sale, iphone deals
2026-09-04 07:19:12,737 - INFO - Generated 50 niche-clue pairs for 'iphone'.
2026-09-04 07:19:12,741 - INFO - Expanded 50 seed keywords to 218 variations
2026-09-04 07:19:12,742 - INFO - 🔧 Request Handler initialized - Success rate: 100.0%
2026-09-04 07:23:34,544 - INFO - Original clue keywords: laptop, performance
2026-09-04 07:23:34,544 - INFO - Niche-focused seeds: laptop iphone, iphone laptop, laptop cheap, cheap laptop, laptop best, best laptop, laptop latest, latest laptop, laptop review, review laptop, laptop price, price laptop, laptop sell, sell laptop, laptop buy, buy laptop, laptop recommendation, recommendation laptop, laptop tips, tips laptop, laptop tutorial, tutorial laptop, laptop guide, guide laptop, laptop how to, how to laptop, laptop vs, vs laptop, laptop versus, versus laptop, laptop compared to, compared to laptop, laptop comparison, comparison laptop, laptop alternatives, alternatives laptop, laptop which is better, which is better laptop, laptop expensive, expensive laptop, laptop discount, discount laptop, laptop deals, deals laptop, laptop sale, sale laptop, laptop affordable, affordable laptop, laptop cost, cost laptop, laptop online, online laptop, laptop offline, offline laptop, laptop marketplace, marketplace laptop, laptop store, store laptop, laptop shop, shop laptop, laptop retailer, retailer laptop, laptop where to buy, where to buy laptop, laptop worst, worst laptop, laptop quality, quality laptop, laptop original, original laptop, laptop genuine, genuine laptop, laptop fake, fake laptop, laptop replica, replica laptop, laptop authentic, authentic laptop, laptop brand, brand laptop, laptop manufacturer, manufacturer laptop, laptop company, company laptop, laptop product, product laptop, laptop iphone product, iphone product laptop, laptop sell iphone, sell iphone laptop, laptop buy iphone, buy iphone laptop, laptop cheap iphone, cheap iphone laptop, laptop best iphone, best iphone laptop, laptop iphone review, iphone review laptop, laptop where to buy iphone, where to buy iphone laptop, laptop how to choose iphone, how to choose iphone laptop, laptop top iphone, top iphone laptop, laptop iphone guide, iphone guide laptop, laptop iphone for sale, iphone for sale laptop, laptop iphone deals, iphone deals laptop, performance iphone, iphone performance, performance cheap, cheap performance, performance best, best performance, performance latest, latest performance, performance review, review performance, performance price, price performance, performance sell, sell performance, performance buy, buy performance, performance recommendation, recommendation performance, performance tips, tips performance, performance tutorial, tutorial performance, performance guide, guide performance, performance how to, how to performance, performance vs, vs performance, performance versus, versus performance, performance compared to, compared to performance, performance comparison, comparison performance, performance alternatives, alternatives performance, performance which is better, which is better performance, performance expensive, expensive performance, performance discount, discount performance, performance deals, deals performance, performance sale, sale performance, performance affordable, affordable performance, performance cost, cost performance, performance online, online performance, performance offline, offline performance, performance marketplace, marketplace performance, performance store, store performance, performance shop, shop performance, performance retailer, retailer performance, performance where to buy, where to buy performance, performance worst, worst performance, performance quality, quality performance, performance original, original performance, performance genuine, genuine performance, performance fake, fake performance, performance replica, replica performance, performance authentic, authentic performance, performance brand, brand performance, performance manufacturer, manufacturer performance, performance company, company performance, performance product, product performance, performance iphone product, iphone product performance, performance sell iphone, sell iphone performance, performance buy iphone, buy iphone performance, performance cheap iphone, cheap iphone performance, performance best iphone, best iphone performance, performance iphone review, iphone review performance, performance where to buy iphone, where to buy iphone performance, performance how to choose iphone, how to choose iphone performance, performance top iphone, top iphone performance, performance iphone guide, iphone guide performance, performance iphone for sale, iphone for sale performance, performance iphone deals, iphone deals performance
2026-09-04 07:23:34,548 - INFO - Expanded 220 seed keywords to 385 variations
2026-09-04 07:23:34,548 - INFO - Language: en
2026-09-04 07:23:34,548 - INFO - Region: us
2026-09-04 07:28:07,754 - INFO - 🎯 After all filtering for 'iphone': 120 relevant keywords
2026-09-04 07:28:08,081 - INFO - 🎯 Found 5 new keywords for niche 'iphone': iphone affordable laptop, cheap affordable laptop, iphone affordable performance, affordable performance cheap, iphone alternatives laptop
2026-09-04 07:28:23,830 - INFO - ✅ Niche 'iphone' process complete! 874 total keyword results.
2026-09-04 07:28:23,830 - INFO - ✅ Completed processing niche: 'iphone'
2026-09-04 07:28:23,831 - INFO - 🔧 Request Handler final stats - Success rate: 100.0%
2026-09-04 07:28:23,831 - INFO -    Total requests: 187824, Blocks: 1
2026-09-04 07:28:23,832 - INFO - 
========================================
2026-09-04 07:28:23,832 - INFO - Process Summary:
2026-09-04 07:28:23,832 - INFO - - Current niche: 'iphone'
2026-09-04 07:28:23,832 - INFO - - Next niche will be: 'samsung'
2026-09-04 07:28:23,832 - INFO - - Keywords saved in: languages/english/keywords/iphone/
2026-09-04 07:28:23,833 - INFO - ========================================
