2026-10-09 09:21:49,642 - INFO - Log file created at: /home/runner/work/potensitech.com/potensitech.com/languages/english/keywords/logs/kw_search_20261009_092149.log
2026-10-09 09:21:49,642 - INFO - ============================================================
2026-10-09 09:21:49,643 - INFO - AUTOMATIC KEYWORD RESEARCH TOOL
2026-10-09 09:21:49,643 - INFO - ============================================================
2026-10-09 09:21:50,068 - INFO - ========================================
2026-10-09 09:21:50,068 - INFO - Found 14 niches to process: xiaomi, iphone, samsung, apple, sony, asus, philips, sandisk, intel, nvidia, amd, canon, nikon, huawei
2026-10-09 09:21:50,068 - INFO - ========================================
2026-10-09 09:21:50,069 - INFO - All niches completed, starting over
2026-10-09 09:21:50,069 - INFO - ========================================
2026-10-09 09:21:50,069 - INFO - 🎯 PROCESSING NICHE 1/14: 'xiaomi'
2026-10-09 09:21:50,069 - INFO - ========================================
2026-10-09 09:21:50,069 - INFO - 📁 Niche directory: /home/runner/work/potensitech.com/potensitech.com/languages/english/keywords/xiaomi
2026-10-09 09:21:50,069 - INFO - Selected region: us
2026-10-09 09:21:50,069 - INFO - Selected language: en
2026-10-09 09:21:50,069 - INFO - 🎯 Current niche: xiaomi
2026-10-09 09:22:00,970 - INFO - 🎯 Niche terms for filtering: xiaomi, cheap, best, latest, review, price, sell, buy, recommendation, tips, tutorial, guide, how to, vs, versus, compared to, comparison, alternatives, which is better, expensive, discount, deals, sale, affordable, cost, online, offline, marketplace, store, shop, retailer, where to buy, worst, quality, original, genuine, fake, replica, authentic, brand, manufacturer, company, product, xiaomi product, sell xiaomi, buy xiaomi, cheap xiaomi, best xiaomi, xiaomi review, where to buy xiaomi, how to choose xiaomi, top xiaomi, xiaomi guide, xiaomi for sale, xiaomi deals
2026-10-09 09:22:00,971 - INFO - Generated 50 niche-clue pairs for 'xiaomi'.
2026-10-09 09:22:00,974 - INFO - Expanded 50 seed keywords to 218 variations
2026-10-09 09:22:00,975 - INFO - 🔧 Request Handler initialized - Success rate: 100.0%
2026-10-09 09:26:27,278 - INFO - Original clue keywords: core performance, camera
2026-10-09 09:26:27,279 - INFO - Niche-focused seeds: core performance xiaomi, xiaomi core performance, core performance cheap, cheap core performance, core performance best, best core performance, core performance latest, latest core performance, core performance review, review core performance, core performance price, price core performance, core performance sell, sell core performance, core performance buy, buy core performance, core performance recommendation, recommendation core performance, core performance tips, tips core performance, core performance tutorial, tutorial core performance, core performance guide, guide core performance, core performance how to, how to core performance, core performance vs, vs core performance, core performance versus, versus core performance, core performance compared to, compared to core performance, core performance comparison, comparison core performance, core performance alternatives, alternatives core performance, core performance which is better, which is better core performance, core performance expensive, expensive core performance, core performance discount, discount core performance, core performance deals, deals core performance, core performance sale, sale core performance, core performance affordable, affordable core performance, core performance cost, cost core performance, core performance online, online core performance, core performance offline, offline core performance, core performance marketplace, marketplace core performance, core performance store, store core performance, core performance shop, shop core performance, core performance retailer, retailer core performance, core performance where to buy, where to buy core performance, core performance worst, worst core performance, core performance quality, quality core performance, core performance original, original core performance, core performance genuine, genuine core performance, core performance fake, fake core performance, core performance replica, replica core performance, core performance authentic, authentic core performance, core performance brand, brand core performance, core performance manufacturer, manufacturer core performance, core performance company, company core performance, core performance product, product core performance, core performance xiaomi product, xiaomi product core performance, core performance sell xiaomi, sell xiaomi core performance, core performance buy xiaomi, buy xiaomi core performance, core performance cheap xiaomi, cheap xiaomi core performance, core performance best xiaomi, best xiaomi core performance, core performance xiaomi review, xiaomi review core performance, core performance where to buy xiaomi, where to buy xiaomi core performance, core performance how to choose xiaomi, how to choose xiaomi core performance, core performance top xiaomi, top xiaomi core performance, core performance xiaomi guide, xiaomi guide core performance, core performance xiaomi for sale, xiaomi for sale core performance, core performance xiaomi deals, xiaomi deals core performance, camera xiaomi, xiaomi camera, camera cheap, cheap camera, camera best, best camera, camera latest, latest camera, camera review, review camera, camera price, price camera, camera sell, sell camera, camera buy, buy camera, camera recommendation, recommendation camera, camera tips, tips camera, camera tutorial, tutorial camera, camera guide, guide camera, camera how to, how to camera, camera vs, vs camera, camera versus, versus camera, camera compared to, compared to camera, camera comparison, comparison camera, camera alternatives, alternatives camera, camera which is better, which is better camera, camera expensive, expensive camera, camera discount, discount camera, camera deals, deals camera, camera sale, sale camera, camera affordable, affordable camera, camera cost, cost camera, camera online, online camera, camera offline, offline camera, camera marketplace, marketplace camera, camera store, store camera, camera shop, shop camera, camera retailer, retailer camera, camera where to buy, where to buy camera, camera worst, worst camera, camera quality, quality camera, camera original, original camera, camera genuine, genuine camera, camera fake, fake camera, camera replica, replica camera, camera authentic, authentic camera, camera brand, brand camera, camera manufacturer, manufacturer camera, camera company, company camera, camera product, product camera, camera xiaomi product, xiaomi product camera, camera sell xiaomi, sell xiaomi camera, camera buy xiaomi, buy xiaomi camera, camera cheap xiaomi, cheap xiaomi camera, camera best xiaomi, best xiaomi camera, camera xiaomi review, xiaomi review camera, camera where to buy xiaomi, where to buy xiaomi camera, camera how to choose xiaomi, how to choose xiaomi camera, camera top xiaomi, top xiaomi camera, camera xiaomi guide, xiaomi guide camera, camera xiaomi for sale, xiaomi for sale camera, camera xiaomi deals, xiaomi deals camera
2026-10-09 09:26:27,282 - INFO - Expanded 220 seed keywords to 385 variations
2026-10-09 09:26:27,282 - INFO - Language: en
2026-10-09 09:26:27,282 - INFO - Region: us
2026-10-09 09:30:59,691 - INFO - 🎯 After all filtering for 'xiaomi': 119 relevant keywords
2026-10-09 09:30:59,906 - INFO - 🎯 Found 5 new keywords for niche 'xiaomi': xiaomi affordable camera, cheap affordable camera, best affordable camera, how to affordable camera, xiaomi alternatives camera
2026-10-09 09:31:16,174 - INFO - ✅ Niche 'xiaomi' process complete! 714 total keyword results.
2026-10-09 09:31:16,174 - INFO - ✅ Completed processing niche: 'xiaomi'
2026-10-09 09:31:16,174 - INFO - 🔧 Request Handler final stats - Success rate: 100.0%
2026-10-09 09:31:16,174 - INFO -    Total requests: 218174, Blocks: 1
2026-10-09 09:31:16,175 - INFO - 
========================================
2026-10-09 09:31:16,175 - INFO - Process Summary:
2026-10-09 09:31:16,175 - INFO - - Current niche: 'xiaomi'
2026-10-09 09:31:16,175 - INFO - - Next niche will be: 'iphone'
2026-10-09 09:31:16,175 - INFO - - Keywords saved in: languages/english/keywords/xiaomi/
2026-10-09 09:31:16,176 - INFO - ========================================
