2026-08-29 11:22:45,068 - INFO - Log file created at: /home/runner/work/potensitech.com/potensitech.com/languages/english/keywords/logs/kw_search_20260829_112245.log
2026-08-29 11:22:45,069 - INFO - ============================================================
2026-08-29 11:22:45,069 - INFO - AUTOMATIC KEYWORD RESEARCH TOOL
2026-08-29 11:22:45,069 - INFO - ============================================================
2026-08-29 11:22:45,373 - INFO - ========================================
2026-08-29 11:22:45,374 - INFO - Found 14 niches to process: xiaomi, iphone, samsung, apple, sony, asus, philips, sandisk, intel, nvidia, amd, canon, nikon, huawei
2026-08-29 11:22:45,374 - INFO - ========================================
2026-08-29 11:22:45,374 - INFO - Continuing from last processed niche: nikon
2026-08-29 11:22:45,374 - INFO - ========================================
2026-08-29 11:22:45,374 - INFO - 🎯 PROCESSING NICHE 14/14: 'huawei'
2026-08-29 11:22:45,374 - INFO - ========================================
2026-08-29 11:22:45,374 - INFO - 📁 Niche directory: /home/runner/work/potensitech.com/potensitech.com/languages/english/keywords/huawei
2026-08-29 11:22:45,374 - INFO - Selected region: us
2026-08-29 11:22:45,374 - INFO - Selected language: en
2026-08-29 11:22:45,374 - INFO - 🎯 Current niche: huawei
2026-08-29 11:22:56,777 - INFO - 🎯 Niche terms for filtering: huawei, cheap, best, latest, review, price, sell, buy, recommendation, tips, tutorial, guide, how to, vs, versus, compared to, comparison, alternatives, which is better, expensive, discount, deals, sale, affordable, cost, online, offline, marketplace, store, shop, retailer, where to buy, worst, quality, original, genuine, fake, replica, authentic, brand, manufacturer, company, product, huawei product, sell huawei, buy huawei, cheap huawei, best huawei, huawei review, where to buy huawei, how to choose huawei, top huawei, huawei guide, huawei for sale, huawei deals
2026-08-29 11:22:56,777 - INFO - Generated 50 niche-clue pairs for 'huawei'.
2026-08-29 11:22:56,780 - INFO - Expanded 50 seed keywords to 218 variations
2026-08-29 11:22:56,781 - INFO - 🔧 Request Handler initialized - Success rate: 100.0%
2026-08-29 11:27:17,716 - INFO - Original clue keywords: ai rendering, storage capacity
2026-08-29 11:27:17,716 - INFO - Niche-focused seeds: ai rendering huawei, huawei ai rendering, ai rendering cheap, cheap ai rendering, ai rendering best, best ai rendering, ai rendering latest, latest ai rendering, ai rendering review, review ai rendering, ai rendering price, price ai rendering, ai rendering sell, sell ai rendering, ai rendering buy, buy ai rendering, ai rendering recommendation, recommendation ai rendering, ai rendering tips, tips ai rendering, ai rendering tutorial, tutorial ai rendering, ai rendering guide, guide ai rendering, ai rendering how to, how to ai rendering, ai rendering vs, vs ai rendering, ai rendering versus, versus ai rendering, ai rendering compared to, compared to ai rendering, ai rendering comparison, comparison ai rendering, ai rendering alternatives, alternatives ai rendering, ai rendering which is better, which is better ai rendering, ai rendering expensive, expensive ai rendering, ai rendering discount, discount ai rendering, ai rendering deals, deals ai rendering, ai rendering sale, sale ai rendering, ai rendering affordable, affordable ai rendering, ai rendering cost, cost ai rendering, ai rendering online, online ai rendering, ai rendering offline, offline ai rendering, ai rendering marketplace, marketplace ai rendering, ai rendering store, store ai rendering, ai rendering shop, shop ai rendering, ai rendering retailer, retailer ai rendering, ai rendering where to buy, where to buy ai rendering, ai rendering worst, worst ai rendering, ai rendering quality, quality ai rendering, ai rendering original, original ai rendering, ai rendering genuine, genuine ai rendering, ai rendering fake, fake ai rendering, ai rendering replica, replica ai rendering, ai rendering authentic, authentic ai rendering, ai rendering brand, brand ai rendering, ai rendering manufacturer, manufacturer ai rendering, ai rendering company, company ai rendering, ai rendering product, product ai rendering, ai rendering huawei product, huawei product ai rendering, ai rendering sell huawei, sell huawei ai rendering, ai rendering buy huawei, buy huawei ai rendering, ai rendering cheap huawei, cheap huawei ai rendering, ai rendering best huawei, best huawei ai rendering, ai rendering huawei review, huawei review ai rendering, ai rendering where to buy huawei, where to buy huawei ai rendering, ai rendering how to choose huawei, how to choose huawei ai rendering, ai rendering top huawei, top huawei ai rendering, ai rendering huawei guide, huawei guide ai rendering, ai rendering huawei for sale, huawei for sale ai rendering, ai rendering huawei deals, huawei deals ai rendering, storage capacity huawei, huawei storage capacity, storage capacity cheap, cheap storage capacity, storage capacity best, best storage capacity, storage capacity latest, latest storage capacity, storage capacity review, review storage capacity, storage capacity price, price storage capacity, storage capacity sell, sell storage capacity, storage capacity buy, buy storage capacity, storage capacity recommendation, recommendation storage capacity, storage capacity tips, tips storage capacity, storage capacity tutorial, tutorial storage capacity, storage capacity guide, guide storage capacity, storage capacity how to, how to storage capacity, storage capacity vs, vs storage capacity, storage capacity versus, versus storage capacity, storage capacity compared to, compared to storage capacity, storage capacity comparison, comparison storage capacity, storage capacity alternatives, alternatives storage capacity, storage capacity which is better, which is better storage capacity, storage capacity expensive, expensive storage capacity, storage capacity discount, discount storage capacity, storage capacity deals, deals storage capacity, storage capacity sale, sale storage capacity, storage capacity affordable, affordable storage capacity, storage capacity cost, cost storage capacity, storage capacity online, online storage capacity, storage capacity offline, offline storage capacity, storage capacity marketplace, marketplace storage capacity, storage capacity store, store storage capacity, storage capacity shop, shop storage capacity, storage capacity retailer, retailer storage capacity, storage capacity where to buy, where to buy storage capacity, storage capacity worst, worst storage capacity, storage capacity quality, quality storage capacity, storage capacity original, original storage capacity, storage capacity genuine, genuine storage capacity, storage capacity fake, fake storage capacity, storage capacity replica, replica storage capacity, storage capacity authentic, authentic storage capacity, storage capacity brand, brand storage capacity, storage capacity manufacturer, manufacturer storage capacity, storage capacity company, company storage capacity, storage capacity product, product storage capacity, storage capacity huawei product, huawei product storage capacity, storage capacity sell huawei, sell huawei storage capacity, storage capacity buy huawei, buy huawei storage capacity, storage capacity cheap huawei, cheap huawei storage capacity, storage capacity best huawei, best huawei storage capacity, storage capacity huawei review, huawei review storage capacity, storage capacity where to buy huawei, where to buy huawei storage capacity, storage capacity how to choose huawei, how to choose huawei storage capacity, storage capacity top huawei, top huawei storage capacity, storage capacity huawei guide, huawei guide storage capacity, storage capacity huawei for sale, huawei for sale storage capacity, storage capacity huawei deals, huawei deals storage capacity
2026-08-29 11:27:17,719 - INFO - Expanded 220 seed keywords to 385 variations
2026-08-29 11:27:17,719 - INFO - Language: en
2026-08-29 11:27:17,719 - INFO - Region: us
2026-08-29 11:28:06,900 - INFO - 🎯 After all filtering for 'huawei': 120 relevant keywords
2026-08-29 11:28:07,327 - INFO - 🎯 Found 2 new keywords for niche 'huawei': huawei affordable ai rendering, huawei affordable storage capacity
2026-08-29 11:28:23,330 - INFO - ✅ Niche 'huawei' process complete! 654 total keyword results.
2026-08-29 11:28:23,331 - INFO - ✅ Completed processing niche: 'huawei'
2026-08-29 11:28:23,331 - INFO - 🔧 Request Handler final stats - Success rate: 100.0%
2026-08-29 11:28:23,331 - INFO -    Total requests: 183189, Blocks: 1
2026-08-29 11:28:23,332 - INFO - 
========================================
2026-08-29 11:28:23,332 - INFO - Process Summary:
2026-08-29 11:28:23,332 - INFO - - Current niche: 'huawei'
2026-08-29 11:28:23,332 - INFO - - Next niche will be: 'xiaomi'
2026-08-29 11:28:23,332 - INFO - - Keywords saved in: languages/english/keywords/huawei/
2026-08-29 11:28:23,332 - INFO - ========================================
