2026-09-18 19:12:58,539 - INFO - Log file created at: /home/runner/work/potensitech.com/potensitech.com/languages/english/keywords/logs/kw_search_20260918_191258.log
2026-09-18 19:12:58,539 - INFO - ============================================================
2026-09-18 19:12:58,539 - INFO - AUTOMATIC KEYWORD RESEARCH TOOL
2026-09-18 19:12:58,539 - INFO - ============================================================
2026-09-18 19:12:58,963 - INFO - ========================================
2026-09-18 19:12:58,964 - INFO - Found 14 niches to process: xiaomi, iphone, samsung, apple, sony, asus, philips, sandisk, intel, nvidia, amd, canon, nikon, huawei
2026-09-18 19:12:58,964 - INFO - ========================================
2026-09-18 19:12:58,964 - INFO - Continuing from last processed niche: philips
2026-09-18 19:12:58,964 - INFO - ========================================
2026-09-18 19:12:58,964 - INFO - 🎯 PROCESSING NICHE 8/14: 'sandisk'
2026-09-18 19:12:58,964 - INFO - ========================================
2026-09-18 19:12:58,964 - INFO - 📁 Niche directory: /home/runner/work/potensitech.com/potensitech.com/languages/english/keywords/sandisk
2026-09-18 19:12:58,964 - INFO - Selected region: us
2026-09-18 19:12:58,964 - INFO - Selected language: en
2026-09-18 19:12:58,964 - INFO - 🎯 Current niche: sandisk
2026-09-18 19:13:09,754 - INFO - 🎯 Niche terms for filtering: sandisk, cheap, best, latest, review, price, sell, buy, recommendation, tips, tutorial, guide, how to, vs, versus, compared to, comparison, alternatives, which is better, expensive, discount, deals, sale, affordable, cost, online, offline, marketplace, store, shop, retailer, where to buy, worst, quality, original, genuine, fake, replica, authentic, brand, manufacturer, company, product, sandisk product, sell sandisk, buy sandisk, cheap sandisk, best sandisk, sandisk review, where to buy sandisk, how to choose sandisk, top sandisk, sandisk guide, sandisk for sale, sandisk deals
2026-09-18 19:13:09,755 - INFO - Generated 50 niche-clue pairs for 'sandisk'.
2026-09-18 19:13:09,758 - INFO - Expanded 50 seed keywords to 218 variations
2026-09-18 19:13:09,759 - INFO - 🔧 Request Handler initialized - Success rate: 100.0%
2026-09-18 19:17:34,676 - INFO - Original clue keywords: graphics performance, autofocus system
2026-09-18 19:17:34,676 - INFO - Niche-focused seeds: graphics performance sandisk, sandisk graphics performance, graphics performance cheap, cheap graphics performance, graphics performance best, best graphics performance, graphics performance latest, latest graphics performance, graphics performance review, review graphics performance, graphics performance price, price graphics performance, graphics performance sell, sell graphics performance, graphics performance buy, buy graphics performance, graphics performance recommendation, recommendation graphics performance, graphics performance tips, tips graphics performance, graphics performance tutorial, tutorial graphics performance, graphics performance guide, guide graphics performance, graphics performance how to, how to graphics performance, graphics performance vs, vs graphics performance, graphics performance versus, versus graphics performance, graphics performance compared to, compared to graphics performance, graphics performance comparison, comparison graphics performance, graphics performance alternatives, alternatives graphics performance, graphics performance which is better, which is better graphics performance, graphics performance expensive, expensive graphics performance, graphics performance discount, discount graphics performance, graphics performance deals, deals graphics performance, graphics performance sale, sale graphics performance, graphics performance affordable, affordable graphics performance, graphics performance cost, cost graphics performance, graphics performance online, online graphics performance, graphics performance offline, offline graphics performance, graphics performance marketplace, marketplace graphics performance, graphics performance store, store graphics performance, graphics performance shop, shop graphics performance, graphics performance retailer, retailer graphics performance, graphics performance where to buy, where to buy graphics performance, graphics performance worst, worst graphics performance, graphics performance quality, quality graphics performance, graphics performance original, original graphics performance, graphics performance genuine, genuine graphics performance, graphics performance fake, fake graphics performance, graphics performance replica, replica graphics performance, graphics performance authentic, authentic graphics performance, graphics performance brand, brand graphics performance, graphics performance manufacturer, manufacturer graphics performance, graphics performance company, company graphics performance, graphics performance product, product graphics performance, graphics performance sandisk product, sandisk product graphics performance, graphics performance sell sandisk, sell sandisk graphics performance, graphics performance buy sandisk, buy sandisk graphics performance, graphics performance cheap sandisk, cheap sandisk graphics performance, graphics performance best sandisk, best sandisk graphics performance, graphics performance sandisk review, sandisk review graphics performance, graphics performance where to buy sandisk, where to buy sandisk graphics performance, graphics performance how to choose sandisk, how to choose sandisk graphics performance, graphics performance top sandisk, top sandisk graphics performance, graphics performance sandisk guide, sandisk guide graphics performance, graphics performance sandisk for sale, sandisk for sale graphics performance, graphics performance sandisk deals, sandisk deals graphics performance, autofocus system sandisk, sandisk autofocus system, autofocus system cheap, cheap autofocus system, autofocus system best, best autofocus system, autofocus system latest, latest autofocus system, autofocus system review, review autofocus system, autofocus system price, price autofocus system, autofocus system sell, sell autofocus system, autofocus system buy, buy autofocus system, autofocus system recommendation, recommendation autofocus system, autofocus system tips, tips autofocus system, autofocus system tutorial, tutorial autofocus system, autofocus system guide, guide autofocus system, autofocus system how to, how to autofocus system, autofocus system vs, vs autofocus system, autofocus system versus, versus autofocus system, autofocus system compared to, compared to autofocus system, autofocus system comparison, comparison autofocus system, autofocus system alternatives, alternatives autofocus system, autofocus system which is better, which is better autofocus system, autofocus system expensive, expensive autofocus system, autofocus system discount, discount autofocus system, autofocus system deals, deals autofocus system, autofocus system sale, sale autofocus system, autofocus system affordable, affordable autofocus system, autofocus system cost, cost autofocus system, autofocus system online, online autofocus system, autofocus system offline, offline autofocus system, autofocus system marketplace, marketplace autofocus system, autofocus system store, store autofocus system, autofocus system shop, shop autofocus system, autofocus system retailer, retailer autofocus system, autofocus system where to buy, where to buy autofocus system, autofocus system worst, worst autofocus system, autofocus system quality, quality autofocus system, autofocus system original, original autofocus system, autofocus system genuine, genuine autofocus system, autofocus system fake, fake autofocus system, autofocus system replica, replica autofocus system, autofocus system authentic, authentic autofocus system, autofocus system brand, brand autofocus system, autofocus system manufacturer, manufacturer autofocus system, autofocus system company, company autofocus system, autofocus system product, product autofocus system, autofocus system sandisk product, sandisk product autofocus system, autofocus system sell sandisk, sell sandisk autofocus system, autofocus system buy sandisk, buy sandisk autofocus system, autofocus system cheap sandisk, cheap sandisk autofocus system, autofocus system best sandisk, best sandisk autofocus system, autofocus system sandisk review, sandisk review autofocus system, autofocus system where to buy sandisk, where to buy sandisk autofocus system, autofocus system how to choose sandisk, how to choose sandisk autofocus system, autofocus system top sandisk, top sandisk autofocus system, autofocus system sandisk guide, sandisk guide autofocus system, autofocus system sandisk for sale, sandisk for sale autofocus system, autofocus system sandisk deals, sandisk deals autofocus system
2026-09-18 19:17:34,680 - INFO - Expanded 220 seed keywords to 385 variations
2026-09-18 19:17:34,680 - INFO - Language: en
2026-09-18 19:17:34,680 - INFO - Region: us
2026-09-18 19:22:03,102 - INFO - 🎯 After all filtering for 'sandisk': 120 relevant keywords
2026-09-18 19:22:04,692 - INFO - 🎯 Found 5 new keywords for niche 'sandisk': sandisk affordable autofocus system, sandisk affordable graphics performance, cheap alternatives autofocus system, cheap alternatives graphics performance, best authentic autofocus system
2026-09-18 19:22:20,291 - INFO - ✅ Niche 'sandisk' process complete! 856 total keyword results.
2026-09-18 19:22:20,291 - INFO - ✅ Completed processing niche: 'sandisk'
2026-09-18 19:22:20,291 - INFO - 🔧 Request Handler final stats - Success rate: 100.0%
2026-09-18 19:22:20,291 - INFO -    Total requests: 200416, Blocks: 1
2026-09-18 19:22:20,292 - INFO - 
========================================
2026-09-18 19:22:20,292 - INFO - Process Summary:
2026-09-18 19:22:20,292 - INFO - - Current niche: 'sandisk'
2026-09-18 19:22:20,293 - INFO - - Next niche will be: 'intel'
2026-09-18 19:22:20,293 - INFO - - Keywords saved in: languages/english/keywords/sandisk/
2026-09-18 19:22:20,293 - INFO - ========================================
