2026-08-24 21:57:53,508 - INFO - Log file created at: /home/runner/work/potensitech.com/potensitech.com/languages/english/keywords/logs/kw_search_20260824_215753.log
2026-08-24 21:57:53,509 - INFO - ============================================================
2026-08-24 21:57:53,509 - INFO - AUTOMATIC KEYWORD RESEARCH TOOL
2026-08-24 21:57:53,509 - INFO - ============================================================
2026-08-24 21:57:53,823 - INFO - ========================================
2026-08-24 21:57:53,823 - INFO - Found 14 niches to process: xiaomi, iphone, samsung, apple, sony, asus, philips, sandisk, intel, nvidia, amd, canon, nikon, huawei
2026-08-24 21:57:53,823 - INFO - ========================================
2026-08-24 21:57:53,823 - INFO - Continuing from last processed niche: canon
2026-08-24 21:57:53,823 - INFO - ========================================
2026-08-24 21:57:53,823 - INFO - 🎯 PROCESSING NICHE 13/14: 'nikon'
2026-08-24 21:57:53,823 - INFO - ========================================
2026-08-24 21:57:53,824 - INFO - 📁 Niche directory: /home/runner/work/potensitech.com/potensitech.com/languages/english/keywords/nikon
2026-08-24 21:57:53,824 - INFO - Selected region: us
2026-08-24 21:57:53,824 - INFO - Selected language: en
2026-08-24 21:57:53,824 - INFO - 🎯 Current niche: nikon
2026-08-24 21:58:04,951 - INFO - 🎯 Niche terms for filtering: nikon, cheap, best, latest, review, price, sell, buy, recommendation, tips, tutorial, guide, how to, vs, versus, compared to, comparison, alternatives, which is better, expensive, discount, deals, sale, affordable, cost, online, offline, marketplace, store, shop, retailer, where to buy, worst, quality, original, genuine, fake, replica, authentic, brand, manufacturer, company, product, nikon product, sell nikon, buy nikon, cheap nikon, best nikon, nikon review, where to buy nikon, how to choose nikon, top nikon, nikon guide, nikon for sale, nikon deals
2026-08-24 21:58:04,952 - INFO - Generated 50 niche-clue pairs for 'nikon'.
2026-08-24 21:58:04,955 - INFO - Expanded 50 seed keywords to 218 variations
2026-08-24 21:58:04,955 - INFO - 🔧 Request Handler initialized - Success rate: 100.0%
2026-08-24 22:02:26,360 - INFO - Original clue keywords: ray tracing, graphics card
2026-08-24 22:02:26,360 - INFO - Niche-focused seeds: ray tracing nikon, nikon ray tracing, ray tracing cheap, cheap ray tracing, ray tracing best, best ray tracing, ray tracing latest, latest ray tracing, ray tracing review, review ray tracing, ray tracing price, price ray tracing, ray tracing sell, sell ray tracing, ray tracing buy, buy ray tracing, ray tracing recommendation, recommendation ray tracing, ray tracing tips, tips ray tracing, ray tracing tutorial, tutorial ray tracing, ray tracing guide, guide ray tracing, ray tracing how to, how to ray tracing, ray tracing vs, vs ray tracing, ray tracing versus, versus ray tracing, ray tracing compared to, compared to ray tracing, ray tracing comparison, comparison ray tracing, ray tracing alternatives, alternatives ray tracing, ray tracing which is better, which is better ray tracing, ray tracing expensive, expensive ray tracing, ray tracing discount, discount ray tracing, ray tracing deals, deals ray tracing, ray tracing sale, sale ray tracing, ray tracing affordable, affordable ray tracing, ray tracing cost, cost ray tracing, ray tracing online, online ray tracing, ray tracing offline, offline ray tracing, ray tracing marketplace, marketplace ray tracing, ray tracing store, store ray tracing, ray tracing shop, shop ray tracing, ray tracing retailer, retailer ray tracing, ray tracing where to buy, where to buy ray tracing, ray tracing worst, worst ray tracing, ray tracing quality, quality ray tracing, ray tracing original, original ray tracing, ray tracing genuine, genuine ray tracing, ray tracing fake, fake ray tracing, ray tracing replica, replica ray tracing, ray tracing authentic, authentic ray tracing, ray tracing brand, brand ray tracing, ray tracing manufacturer, manufacturer ray tracing, ray tracing company, company ray tracing, ray tracing product, product ray tracing, ray tracing nikon product, nikon product ray tracing, ray tracing sell nikon, sell nikon ray tracing, ray tracing buy nikon, buy nikon ray tracing, ray tracing cheap nikon, cheap nikon ray tracing, ray tracing best nikon, best nikon ray tracing, ray tracing nikon review, nikon review ray tracing, ray tracing where to buy nikon, where to buy nikon ray tracing, ray tracing how to choose nikon, how to choose nikon ray tracing, ray tracing top nikon, top nikon ray tracing, ray tracing nikon guide, nikon guide ray tracing, ray tracing nikon for sale, nikon for sale ray tracing, ray tracing nikon deals, nikon deals ray tracing, graphics card nikon, nikon graphics card, graphics card cheap, cheap graphics card, graphics card best, best graphics card, graphics card latest, latest graphics card, graphics card review, review graphics card, graphics card price, price graphics card, graphics card sell, sell graphics card, graphics card buy, buy graphics card, graphics card recommendation, recommendation graphics card, graphics card tips, tips graphics card, graphics card tutorial, tutorial graphics card, graphics card guide, guide graphics card, graphics card how to, how to graphics card, graphics card vs, vs graphics card, graphics card versus, versus graphics card, graphics card compared to, compared to graphics card, graphics card comparison, comparison graphics card, graphics card alternatives, alternatives graphics card, graphics card which is better, which is better graphics card, graphics card expensive, expensive graphics card, graphics card discount, discount graphics card, graphics card deals, deals graphics card, graphics card sale, sale graphics card, graphics card affordable, affordable graphics card, graphics card cost, cost graphics card, graphics card online, online graphics card, graphics card offline, offline graphics card, graphics card marketplace, marketplace graphics card, graphics card store, store graphics card, graphics card shop, shop graphics card, graphics card retailer, retailer graphics card, graphics card where to buy, where to buy graphics card, graphics card worst, worst graphics card, graphics card quality, quality graphics card, graphics card original, original graphics card, graphics card genuine, genuine graphics card, graphics card fake, fake graphics card, graphics card replica, replica graphics card, graphics card authentic, authentic graphics card, graphics card brand, brand graphics card, graphics card manufacturer, manufacturer graphics card, graphics card company, company graphics card, graphics card product, product graphics card, graphics card nikon product, nikon product graphics card, graphics card sell nikon, sell nikon graphics card, graphics card buy nikon, buy nikon graphics card, graphics card cheap nikon, cheap nikon graphics card, graphics card best nikon, best nikon graphics card, graphics card nikon review, nikon review graphics card, graphics card where to buy nikon, where to buy nikon graphics card, graphics card how to choose nikon, how to choose nikon graphics card, graphics card top nikon, top nikon graphics card, graphics card nikon guide, nikon guide graphics card, graphics card nikon for sale, nikon for sale graphics card, graphics card nikon deals, nikon deals graphics card
2026-08-24 22:02:26,363 - INFO - Expanded 220 seed keywords to 385 variations
2026-08-24 22:02:26,363 - INFO - Language: en
2026-08-24 22:02:26,363 - INFO - Region: us
2026-08-24 22:02:59,766 - INFO - 🎯 After all filtering for 'nikon': 120 relevant keywords
2026-08-24 22:03:00,935 - INFO - 🎯 Found 5 new keywords for niche 'nikon': nikon affordable graphics card, nikon affordable ray tracing, cheap alternatives graphics card, cheap alternatives ray tracing, best authentic graphics card
2026-08-24 22:03:16,803 - INFO - ✅ Niche 'nikon' process complete! 677 total keyword results.
2026-08-24 22:03:16,804 - INFO - ✅ Completed processing niche: 'nikon'
2026-08-24 22:03:16,804 - INFO - 🔧 Request Handler final stats - Success rate: 100.0%
2026-08-24 22:03:16,804 - INFO -    Total requests: 179598, Blocks: 1
2026-08-24 22:03:16,805 - INFO - 
========================================
2026-08-24 22:03:16,805 - INFO - Process Summary:
2026-08-24 22:03:16,805 - INFO - - Current niche: 'nikon'
2026-08-24 22:03:16,805 - INFO - - Next niche will be: 'huawei'
2026-08-24 22:03:16,805 - INFO - - Keywords saved in: languages/english/keywords/nikon/
2026-08-24 22:03:16,806 - INFO - ========================================
