2026-09-23 12:45:40,065 - INFO - Log file created at: /home/runner/work/potensitech.com/potensitech.com/languages/english/keywords/logs/kw_search_20260923_124540.log
2026-09-23 12:45:40,065 - INFO - ============================================================
2026-09-23 12:45:40,065 - INFO - AUTOMATIC KEYWORD RESEARCH TOOL
2026-09-23 12:45:40,065 - INFO - ============================================================
2026-09-23 12:45:40,434 - INFO - ========================================
2026-09-23 12:45:40,434 - INFO - Found 14 niches to process: xiaomi, iphone, samsung, apple, sony, asus, philips, sandisk, intel, nvidia, amd, canon, nikon, huawei
2026-09-23 12:45:40,435 - INFO - ========================================
2026-09-23 12:45:40,435 - INFO - Continuing from last processed niche: amd
2026-09-23 12:45:40,435 - INFO - ========================================
2026-09-23 12:45:40,435 - INFO - 🎯 PROCESSING NICHE 12/14: 'canon'
2026-09-23 12:45:40,435 - INFO - ========================================
2026-09-23 12:45:40,435 - INFO - 📁 Niche directory: /home/runner/work/potensitech.com/potensitech.com/languages/english/keywords/canon
2026-09-23 12:45:40,435 - INFO - Selected region: us
2026-09-23 12:45:40,435 - INFO - Selected language: en
2026-09-23 12:45:40,435 - INFO - 🎯 Current niche: canon
2026-09-23 12:45:51,339 - INFO - 🎯 Niche terms for filtering: canon, cheap, best, latest, review, price, sell, buy, recommendation, tips, tutorial, guide, how to, vs, versus, compared to, comparison, alternatives, which is better, expensive, discount, deals, sale, affordable, cost, online, offline, marketplace, store, shop, retailer, where to buy, worst, quality, original, genuine, fake, replica, authentic, brand, manufacturer, company, product, canon product, sell canon, buy canon, cheap canon, best canon, canon review, where to buy canon, how to choose canon, top canon, canon guide, canon for sale, canon deals
2026-09-23 12:45:51,340 - INFO - Generated 50 niche-clue pairs for 'canon'.
2026-09-23 12:45:51,342 - INFO - Expanded 50 seed keywords to 218 variations
2026-09-23 12:45:51,343 - INFO - 🔧 Request Handler initialized - Success rate: 100.0%
2026-09-23 12:50:13,431 - INFO - Original clue keywords: dslr settings, gaming optimization
2026-09-23 12:50:13,431 - INFO - Niche-focused seeds: dslr settings canon, canon dslr settings, dslr settings cheap, cheap dslr settings, dslr settings best, best dslr settings, dslr settings latest, latest dslr settings, dslr settings review, review dslr settings, dslr settings price, price dslr settings, dslr settings sell, sell dslr settings, dslr settings buy, buy dslr settings, dslr settings recommendation, recommendation dslr settings, dslr settings tips, tips dslr settings, dslr settings tutorial, tutorial dslr settings, dslr settings guide, guide dslr settings, dslr settings how to, how to dslr settings, dslr settings vs, vs dslr settings, dslr settings versus, versus dslr settings, dslr settings compared to, compared to dslr settings, dslr settings comparison, comparison dslr settings, dslr settings alternatives, alternatives dslr settings, dslr settings which is better, which is better dslr settings, dslr settings expensive, expensive dslr settings, dslr settings discount, discount dslr settings, dslr settings deals, deals dslr settings, dslr settings sale, sale dslr settings, dslr settings affordable, affordable dslr settings, dslr settings cost, cost dslr settings, dslr settings online, online dslr settings, dslr settings offline, offline dslr settings, dslr settings marketplace, marketplace dslr settings, dslr settings store, store dslr settings, dslr settings shop, shop dslr settings, dslr settings retailer, retailer dslr settings, dslr settings where to buy, where to buy dslr settings, dslr settings worst, worst dslr settings, dslr settings quality, quality dslr settings, dslr settings original, original dslr settings, dslr settings genuine, genuine dslr settings, dslr settings fake, fake dslr settings, dslr settings replica, replica dslr settings, dslr settings authentic, authentic dslr settings, dslr settings brand, brand dslr settings, dslr settings manufacturer, manufacturer dslr settings, dslr settings company, company dslr settings, dslr settings product, product dslr settings, dslr settings canon product, canon product dslr settings, dslr settings sell canon, sell canon dslr settings, dslr settings buy canon, buy canon dslr settings, dslr settings cheap canon, cheap canon dslr settings, dslr settings best canon, best canon dslr settings, dslr settings canon review, canon review dslr settings, dslr settings where to buy canon, where to buy canon dslr settings, dslr settings how to choose canon, how to choose canon dslr settings, dslr settings top canon, top canon dslr settings, dslr settings canon guide, canon guide dslr settings, dslr settings canon for sale, canon for sale dslr settings, dslr settings canon deals, canon deals dslr settings, gaming optimization canon, canon gaming optimization, gaming optimization cheap, cheap gaming optimization, gaming optimization best, best gaming optimization, gaming optimization latest, latest gaming optimization, gaming optimization review, review gaming optimization, gaming optimization price, price gaming optimization, gaming optimization sell, sell gaming optimization, gaming optimization buy, buy gaming optimization, gaming optimization recommendation, recommendation gaming optimization, gaming optimization tips, tips gaming optimization, gaming optimization tutorial, tutorial gaming optimization, gaming optimization guide, guide gaming optimization, gaming optimization how to, how to gaming optimization, gaming optimization vs, vs gaming optimization, gaming optimization versus, versus gaming optimization, gaming optimization compared to, compared to gaming optimization, gaming optimization comparison, comparison gaming optimization, gaming optimization alternatives, alternatives gaming optimization, gaming optimization which is better, which is better gaming optimization, gaming optimization expensive, expensive gaming optimization, gaming optimization discount, discount gaming optimization, gaming optimization deals, deals gaming optimization, gaming optimization sale, sale gaming optimization, gaming optimization affordable, affordable gaming optimization, gaming optimization cost, cost gaming optimization, gaming optimization online, online gaming optimization, gaming optimization offline, offline gaming optimization, gaming optimization marketplace, marketplace gaming optimization, gaming optimization store, store gaming optimization, gaming optimization shop, shop gaming optimization, gaming optimization retailer, retailer gaming optimization, gaming optimization where to buy, where to buy gaming optimization, gaming optimization worst, worst gaming optimization, gaming optimization quality, quality gaming optimization, gaming optimization original, original gaming optimization, gaming optimization genuine, genuine gaming optimization, gaming optimization fake, fake gaming optimization, gaming optimization replica, replica gaming optimization, gaming optimization authentic, authentic gaming optimization, gaming optimization brand, brand gaming optimization, gaming optimization manufacturer, manufacturer gaming optimization, gaming optimization company, company gaming optimization, gaming optimization product, product gaming optimization, gaming optimization canon product, canon product gaming optimization, gaming optimization sell canon, sell canon gaming optimization, gaming optimization buy canon, buy canon gaming optimization, gaming optimization cheap canon, cheap canon gaming optimization, gaming optimization best canon, best canon gaming optimization, gaming optimization canon review, canon review gaming optimization, gaming optimization where to buy canon, where to buy canon gaming optimization, gaming optimization how to choose canon, how to choose canon gaming optimization, gaming optimization top canon, top canon gaming optimization, gaming optimization canon guide, canon guide gaming optimization, gaming optimization canon for sale, canon for sale gaming optimization, gaming optimization canon deals, canon deals gaming optimization
2026-09-23 12:50:13,434 - INFO - Expanded 220 seed keywords to 385 variations
2026-09-23 12:50:13,434 - INFO - Language: en
2026-09-23 12:50:13,434 - INFO - Region: us
2026-09-23 12:50:47,538 - INFO - 🎯 After all filtering for 'canon': 120 relevant keywords
2026-09-23 12:50:48,820 - INFO - 🎯 Found 2 new keywords for niche 'canon': canon affordable dslr settings, canon affordable gaming optimization
2026-09-23 12:51:04,592 - INFO - ✅ Niche 'canon' process complete! 727 total keyword results.
2026-09-23 12:51:04,592 - INFO - ✅ Completed processing niche: 'canon'
2026-09-23 12:51:04,593 - INFO - 🔧 Request Handler final stats - Success rate: 100.0%
2026-09-23 12:51:04,593 - INFO -    Total requests: 204002, Blocks: 1
2026-09-23 12:51:04,593 - INFO - 
========================================
2026-09-23 12:51:04,594 - INFO - Process Summary:
2026-09-23 12:51:04,594 - INFO - - Current niche: 'canon'
2026-09-23 12:51:04,594 - INFO - - Next niche will be: 'nikon'
2026-09-23 12:51:04,594 - INFO - - Keywords saved in: languages/english/keywords/canon/
2026-09-23 12:51:04,594 - INFO - ========================================
