2026-08-03 16:42:56,822 - INFO - Log file created at: /home/runner/work/potensitech.com/potensitech.com/languages/english/keywords/logs/kw_search_20260803_164256.log
2026-08-03 16:42:56,822 - INFO - ============================================================
2026-08-03 16:42:56,822 - INFO - AUTOMATIC KEYWORD RESEARCH TOOL
2026-08-03 16:42:56,822 - INFO - ============================================================
2026-08-03 16:42:57,131 - INFO - ========================================
2026-08-03 16:42:57,131 - INFO - Found 14 niches to process: xiaomi, iphone, samsung, apple, sony, asus, philips, sandisk, intel, nvidia, amd, canon, nikon, huawei
2026-08-03 16:42:57,131 - INFO - ========================================
2026-08-03 16:42:57,131 - INFO - Continuing from last processed niche: amd
2026-08-03 16:42:57,131 - INFO - ========================================
2026-08-03 16:42:57,131 - INFO - 🎯 PROCESSING NICHE 12/14: 'canon'
2026-08-03 16:42:57,131 - INFO - ========================================
2026-08-03 16:42:57,132 - INFO - 📁 Niche directory: /home/runner/work/potensitech.com/potensitech.com/languages/english/keywords/canon
2026-08-03 16:42:57,132 - INFO - Selected region: us
2026-08-03 16:42:57,132 - INFO - Selected language: en
2026-08-03 16:42:57,132 - INFO - 🎯 Current niche: canon
2026-08-03 16:42:58,205 - INFO - 🎯 Niche terms for filtering: canon, cheap, best, latest, review, price, sell, buy, recommendation, tips, tutorial, guide, how to, vs, versus, compared to, comparison, alternatives, which is better, expensive, discount, deals, sale, affordable, cost, online, offline, marketplace, store, shop, retailer, where to buy, worst, quality, original, genuine, fake, replica, authentic, brand, manufacturer, company, product, canon product, sell canon, buy canon, cheap canon, best canon, canon review, where to buy canon, how to choose canon, top canon, canon guide, canon for sale, canon deals
2026-08-03 16:42:58,205 - INFO - Generated 50 niche-clue pairs for 'canon'.
2026-08-03 16:42:58,208 - INFO - Expanded 50 seed keywords to 218 variations
2026-08-03 16:42:58,209 - INFO - 🔧 Request Handler initialized - Success rate: 100.0%
2026-08-03 16:47:20,476 - INFO - Original clue keywords: mirrorless options, core architecture
2026-08-03 16:47:20,477 - INFO - Niche-focused seeds: mirrorless options canon, canon mirrorless options, mirrorless options cheap, cheap mirrorless options, mirrorless options best, best mirrorless options, mirrorless options latest, latest mirrorless options, mirrorless options review, review mirrorless options, mirrorless options price, price mirrorless options, mirrorless options sell, sell mirrorless options, mirrorless options buy, buy mirrorless options, mirrorless options recommendation, recommendation mirrorless options, mirrorless options tips, tips mirrorless options, mirrorless options tutorial, tutorial mirrorless options, mirrorless options guide, guide mirrorless options, mirrorless options how to, how to mirrorless options, mirrorless options vs, vs mirrorless options, mirrorless options versus, versus mirrorless options, mirrorless options compared to, compared to mirrorless options, mirrorless options comparison, comparison mirrorless options, mirrorless options alternatives, alternatives mirrorless options, mirrorless options which is better, which is better mirrorless options, mirrorless options expensive, expensive mirrorless options, mirrorless options discount, discount mirrorless options, mirrorless options deals, deals mirrorless options, mirrorless options sale, sale mirrorless options, mirrorless options affordable, affordable mirrorless options, mirrorless options cost, cost mirrorless options, mirrorless options online, online mirrorless options, mirrorless options offline, offline mirrorless options, mirrorless options marketplace, marketplace mirrorless options, mirrorless options store, store mirrorless options, mirrorless options shop, shop mirrorless options, mirrorless options retailer, retailer mirrorless options, mirrorless options where to buy, where to buy mirrorless options, mirrorless options worst, worst mirrorless options, mirrorless options quality, quality mirrorless options, mirrorless options original, original mirrorless options, mirrorless options genuine, genuine mirrorless options, mirrorless options fake, fake mirrorless options, mirrorless options replica, replica mirrorless options, mirrorless options authentic, authentic mirrorless options, mirrorless options brand, brand mirrorless options, mirrorless options manufacturer, manufacturer mirrorless options, mirrorless options company, company mirrorless options, mirrorless options product, product mirrorless options, mirrorless options canon product, canon product mirrorless options, mirrorless options sell canon, sell canon mirrorless options, mirrorless options buy canon, buy canon mirrorless options, mirrorless options cheap canon, cheap canon mirrorless options, mirrorless options best canon, best canon mirrorless options, mirrorless options canon review, canon review mirrorless options, mirrorless options where to buy canon, where to buy canon mirrorless options, mirrorless options how to choose canon, how to choose canon mirrorless options, mirrorless options top canon, top canon mirrorless options, mirrorless options canon guide, canon guide mirrorless options, mirrorless options canon for sale, canon for sale mirrorless options, mirrorless options canon deals, canon deals mirrorless options, core architecture canon, canon core architecture, core architecture cheap, cheap core architecture, core architecture best, best core architecture, core architecture latest, latest core architecture, core architecture review, review core architecture, core architecture price, price core architecture, core architecture sell, sell core architecture, core architecture buy, buy core architecture, core architecture recommendation, recommendation core architecture, core architecture tips, tips core architecture, core architecture tutorial, tutorial core architecture, core architecture guide, guide core architecture, core architecture how to, how to core architecture, core architecture vs, vs core architecture, core architecture versus, versus core architecture, core architecture compared to, compared to core architecture, core architecture comparison, comparison core architecture, core architecture alternatives, alternatives core architecture, core architecture which is better, which is better core architecture, core architecture expensive, expensive core architecture, core architecture discount, discount core architecture, core architecture deals, deals core architecture, core architecture sale, sale core architecture, core architecture affordable, affordable core architecture, core architecture cost, cost core architecture, core architecture online, online core architecture, core architecture offline, offline core architecture, core architecture marketplace, marketplace core architecture, core architecture store, store core architecture, core architecture shop, shop core architecture, core architecture retailer, retailer core architecture, core architecture where to buy, where to buy core architecture, core architecture worst, worst core architecture, core architecture quality, quality core architecture, core architecture original, original core architecture, core architecture genuine, genuine core architecture, core architecture fake, fake core architecture, core architecture replica, replica core architecture, core architecture authentic, authentic core architecture, core architecture brand, brand core architecture, core architecture manufacturer, manufacturer core architecture, core architecture company, company core architecture, core architecture product, product core architecture, core architecture canon product, canon product core architecture, core architecture sell canon, sell canon core architecture, core architecture buy canon, buy canon core architecture, core architecture cheap canon, cheap canon core architecture, core architecture best canon, best canon core architecture, core architecture canon review, canon review core architecture, core architecture where to buy canon, where to buy canon core architecture, core architecture how to choose canon, how to choose canon core architecture, core architecture top canon, top canon core architecture, core architecture canon guide, canon guide core architecture, core architecture canon for sale, canon for sale core architecture, core architecture canon deals, canon deals core architecture
2026-08-03 16:47:20,480 - INFO - Expanded 220 seed keywords to 385 variations
2026-08-03 16:47:20,480 - INFO - Language: en
2026-08-03 16:47:20,480 - INFO - Region: us
2026-08-03 16:49:47,033 - INFO - 🎯 After all filtering for 'canon': 120 relevant keywords
2026-08-03 16:49:48,675 - INFO - 🎯 Found 5 new keywords for niche 'canon': canon affordable core architecture, canon affordable mirrorless options, cheap alternatives core architecture, best authentic core architecture, how to brand core architecture
2026-08-03 16:49:49,722 - INFO - ✅ Niche 'canon' process complete! 661 total keyword results.
2026-08-03 16:49:49,722 - INFO - ✅ Completed processing niche: 'canon'
2026-08-03 16:49:49,722 - INFO - 🔧 Request Handler final stats - Success rate: 100.0%
2026-08-03 16:49:49,722 - INFO -    Total requests: 163544, Blocks: 1
2026-08-03 16:49:49,724 - INFO - 
========================================
2026-08-03 16:49:49,724 - INFO - Process Summary:
2026-08-03 16:49:49,724 - INFO - - Current niche: 'canon'
2026-08-03 16:49:49,724 - INFO - - Next niche will be: 'nikon'
2026-08-03 16:49:49,724 - INFO - - Keywords saved in: languages/english/keywords/canon/
2026-08-03 16:49:49,724 - INFO - ========================================
