2026-10-08 01:16:20,668 - INFO - Log file created at: /home/runner/work/potensitech.com/potensitech.com/languages/english/keywords/logs/kw_search_20261008_011620.log
2026-10-08 01:16:20,668 - INFO - ============================================================
2026-10-08 01:16:20,668 - INFO - AUTOMATIC KEYWORD RESEARCH TOOL
2026-10-08 01:16:20,668 - INFO - ============================================================
2026-10-08 01:16:21,130 - INFO - ========================================
2026-10-08 01:16:21,130 - INFO - Found 14 niches to process: xiaomi, iphone, samsung, apple, sony, asus, philips, sandisk, intel, nvidia, amd, canon, nikon, huawei
2026-10-08 01:16:21,130 - INFO - ========================================
2026-10-08 01:16:21,130 - INFO - Continuing from last processed niche: iphone
2026-10-08 01:16:21,130 - INFO - ========================================
2026-10-08 01:16:21,130 - INFO - 🎯 PROCESSING NICHE 3/14: 'samsung'
2026-10-08 01:16:21,130 - INFO - ========================================
2026-10-08 01:16:21,130 - INFO - 📁 Niche directory: /home/runner/work/potensitech.com/potensitech.com/languages/english/keywords/samsung
2026-10-08 01:16:21,130 - INFO - Selected region: us
2026-10-08 01:16:21,130 - INFO - Selected language: en
2026-10-08 01:16:21,130 - INFO - 🎯 Current niche: samsung
2026-10-08 01:16:32,382 - INFO - 🎯 Niche terms for filtering: samsung, cheap, best, latest, review, price, sell, buy, recommendation, tips, tutorial, guide, how to, vs, versus, compared to, comparison, alternatives, which is better, expensive, discount, deals, sale, affordable, cost, online, offline, marketplace, store, shop, retailer, where to buy, worst, quality, original, genuine, fake, replica, authentic, brand, manufacturer, company, product, samsung product, sell samsung, buy samsung, cheap samsung, best samsung, samsung review, where to buy samsung, how to choose samsung, top samsung, samsung guide, samsung for sale, samsung deals
2026-10-08 01:16:32,382 - INFO - Generated 50 niche-clue pairs for 'samsung'.
2026-10-08 01:16:32,384 - INFO - Expanded 50 seed keywords to 218 variations
2026-10-08 01:16:32,385 - INFO - 🔧 Request Handler initialized - Success rate: 100.0%
2026-10-08 01:20:58,123 - INFO - Original clue keywords: autofocus precision, core performance
2026-10-08 01:20:58,123 - INFO - Niche-focused seeds: autofocus precision samsung, samsung autofocus precision, autofocus precision cheap, cheap autofocus precision, autofocus precision best, best autofocus precision, autofocus precision latest, latest autofocus precision, autofocus precision review, review autofocus precision, autofocus precision price, price autofocus precision, autofocus precision sell, sell autofocus precision, autofocus precision buy, buy autofocus precision, autofocus precision recommendation, recommendation autofocus precision, autofocus precision tips, tips autofocus precision, autofocus precision tutorial, tutorial autofocus precision, autofocus precision guide, guide autofocus precision, autofocus precision how to, how to autofocus precision, autofocus precision vs, vs autofocus precision, autofocus precision versus, versus autofocus precision, autofocus precision compared to, compared to autofocus precision, autofocus precision comparison, comparison autofocus precision, autofocus precision alternatives, alternatives autofocus precision, autofocus precision which is better, which is better autofocus precision, autofocus precision expensive, expensive autofocus precision, autofocus precision discount, discount autofocus precision, autofocus precision deals, deals autofocus precision, autofocus precision sale, sale autofocus precision, autofocus precision affordable, affordable autofocus precision, autofocus precision cost, cost autofocus precision, autofocus precision online, online autofocus precision, autofocus precision offline, offline autofocus precision, autofocus precision marketplace, marketplace autofocus precision, autofocus precision store, store autofocus precision, autofocus precision shop, shop autofocus precision, autofocus precision retailer, retailer autofocus precision, autofocus precision where to buy, where to buy autofocus precision, autofocus precision worst, worst autofocus precision, autofocus precision quality, quality autofocus precision, autofocus precision original, original autofocus precision, autofocus precision genuine, genuine autofocus precision, autofocus precision fake, fake autofocus precision, autofocus precision replica, replica autofocus precision, autofocus precision authentic, authentic autofocus precision, autofocus precision brand, brand autofocus precision, autofocus precision manufacturer, manufacturer autofocus precision, autofocus precision company, company autofocus precision, autofocus precision product, product autofocus precision, autofocus precision samsung product, samsung product autofocus precision, autofocus precision sell samsung, sell samsung autofocus precision, autofocus precision buy samsung, buy samsung autofocus precision, autofocus precision cheap samsung, cheap samsung autofocus precision, autofocus precision best samsung, best samsung autofocus precision, autofocus precision samsung review, samsung review autofocus precision, autofocus precision where to buy samsung, where to buy samsung autofocus precision, autofocus precision how to choose samsung, how to choose samsung autofocus precision, autofocus precision top samsung, top samsung autofocus precision, autofocus precision samsung guide, samsung guide autofocus precision, autofocus precision samsung for sale, samsung for sale autofocus precision, autofocus precision samsung deals, samsung deals autofocus precision, core performance samsung, samsung core performance, core performance cheap, cheap core performance, core performance best, best core performance, core performance latest, latest core performance, core performance review, review core performance, core performance price, price core performance, core performance sell, sell core performance, core performance buy, buy core performance, core performance recommendation, recommendation core performance, core performance tips, tips core performance, core performance tutorial, tutorial core performance, core performance guide, guide core performance, core performance how to, how to core performance, core performance vs, vs core performance, core performance versus, versus core performance, core performance compared to, compared to core performance, core performance comparison, comparison core performance, core performance alternatives, alternatives core performance, core performance which is better, which is better core performance, core performance expensive, expensive core performance, core performance discount, discount core performance, core performance deals, deals core performance, core performance sale, sale core performance, core performance affordable, affordable core performance, core performance cost, cost core performance, core performance online, online core performance, core performance offline, offline core performance, core performance marketplace, marketplace core performance, core performance store, store core performance, core performance shop, shop core performance, core performance retailer, retailer core performance, core performance where to buy, where to buy core performance, core performance worst, worst core performance, core performance quality, quality core performance, core performance original, original core performance, core performance genuine, genuine core performance, core performance fake, fake core performance, core performance replica, replica core performance, core performance authentic, authentic core performance, core performance brand, brand core performance, core performance manufacturer, manufacturer core performance, core performance company, company core performance, core performance product, product core performance, core performance samsung product, samsung product core performance, core performance sell samsung, sell samsung core performance, core performance buy samsung, buy samsung core performance, core performance cheap samsung, cheap samsung core performance, core performance best samsung, best samsung core performance, core performance samsung review, samsung review core performance, core performance where to buy samsung, where to buy samsung core performance, core performance how to choose samsung, how to choose samsung core performance, core performance top samsung, top samsung core performance, core performance samsung guide, samsung guide core performance, core performance samsung for sale, samsung for sale core performance, core performance samsung deals, samsung deals core performance
2026-10-08 01:20:58,125 - INFO - Expanded 220 seed keywords to 385 variations
2026-10-08 01:20:58,125 - INFO - Language: en
2026-10-08 01:20:58,125 - INFO - Region: us
2026-10-08 01:22:13,307 - INFO - 🎯 After all filtering for 'samsung': 120 relevant keywords
2026-10-08 01:22:14,028 - INFO - 🎯 Found 5 new keywords for niche 'samsung': samsung affordable autofocus precision, samsung affordable core performance, cheap alternatives autofocus precision, cheap alternatives core performance, best authentic autofocus precision
2026-10-08 01:22:30,448 - INFO - ✅ Niche 'samsung' process complete! 683 total keyword results.
2026-10-08 01:22:30,454 - INFO - ✅ Completed processing niche: 'samsung'
2026-10-08 01:22:30,454 - INFO - 🔧 Request Handler final stats - Success rate: 100.0%
2026-10-08 01:22:30,454 - INFO -    Total requests: 217079, Blocks: 1
2026-10-08 01:22:30,455 - INFO - 
========================================
2026-10-08 01:22:30,455 - INFO - Process Summary:
2026-10-08 01:22:30,455 - INFO - - Current niche: 'samsung'
2026-10-08 01:22:30,455 - INFO - - Next niche will be: 'apple'
2026-10-08 01:22:30,455 - INFO - - Keywords saved in: languages/english/keywords/samsung/
2026-10-08 01:22:30,455 - INFO - ========================================
