2026-09-06 21:18:33,186 - INFO - Log file created at: /home/runner/work/potensitech.com/potensitech.com/languages/english/keywords/logs/kw_search_20260906_211833.log
2026-09-06 21:18:33,186 - INFO - ============================================================
2026-09-06 21:18:33,186 - INFO - AUTOMATIC KEYWORD RESEARCH TOOL
2026-09-06 21:18:33,186 - INFO - ============================================================
2026-09-06 21:18:33,544 - INFO - ========================================
2026-09-06 21:18:33,544 - INFO - Found 14 niches to process: xiaomi, iphone, samsung, apple, sony, asus, philips, sandisk, intel, nvidia, amd, canon, nikon, huawei
2026-09-06 21:18:33,544 - INFO - ========================================
2026-09-06 21:18:33,544 - INFO - All niches completed, starting over
2026-09-06 21:18:33,544 - INFO - ========================================
2026-09-06 21:18:33,544 - INFO - 🎯 PROCESSING NICHE 1/14: 'xiaomi'
2026-09-06 21:18:33,544 - INFO - ========================================
2026-09-06 21:18:33,545 - INFO - 📁 Niche directory: /home/runner/work/potensitech.com/potensitech.com/languages/english/keywords/xiaomi
2026-09-06 21:18:33,545 - INFO - Selected region: us
2026-09-06 21:18:33,545 - INFO - Selected language: en
2026-09-06 21:18:33,545 - INFO - 🎯 Current niche: xiaomi
2026-09-06 21:18:44,590 - INFO - 🎯 Niche terms for filtering: xiaomi, cheap, best, latest, review, price, sell, buy, recommendation, tips, tutorial, guide, how to, vs, versus, compared to, comparison, alternatives, which is better, expensive, discount, deals, sale, affordable, cost, online, offline, marketplace, store, shop, retailer, where to buy, worst, quality, original, genuine, fake, replica, authentic, brand, manufacturer, company, product, xiaomi product, sell xiaomi, buy xiaomi, cheap xiaomi, best xiaomi, xiaomi review, where to buy xiaomi, how to choose xiaomi, top xiaomi, xiaomi guide, xiaomi for sale, xiaomi deals
2026-09-06 21:18:44,591 - INFO - Generated 50 niche-clue pairs for 'xiaomi'.
2026-09-06 21:18:44,594 - INFO - Expanded 50 seed keywords to 218 variations
2026-09-06 21:18:44,594 - INFO - 🔧 Request Handler initialized - Success rate: 100.0%
2026-09-06 21:23:10,462 - INFO - Original clue keywords: ai computing, usb performance
2026-09-06 21:23:10,462 - INFO - Niche-focused seeds: ai computing xiaomi, xiaomi ai computing, ai computing cheap, cheap ai computing, ai computing best, best ai computing, ai computing latest, latest ai computing, ai computing review, review ai computing, ai computing price, price ai computing, ai computing sell, sell ai computing, ai computing buy, buy ai computing, ai computing recommendation, recommendation ai computing, ai computing tips, tips ai computing, ai computing tutorial, tutorial ai computing, ai computing guide, guide ai computing, ai computing how to, how to ai computing, ai computing vs, vs ai computing, ai computing versus, versus ai computing, ai computing compared to, compared to ai computing, ai computing comparison, comparison ai computing, ai computing alternatives, alternatives ai computing, ai computing which is better, which is better ai computing, ai computing expensive, expensive ai computing, ai computing discount, discount ai computing, ai computing deals, deals ai computing, ai computing sale, sale ai computing, ai computing affordable, affordable ai computing, ai computing cost, cost ai computing, ai computing online, online ai computing, ai computing offline, offline ai computing, ai computing marketplace, marketplace ai computing, ai computing store, store ai computing, ai computing shop, shop ai computing, ai computing retailer, retailer ai computing, ai computing where to buy, where to buy ai computing, ai computing worst, worst ai computing, ai computing quality, quality ai computing, ai computing original, original ai computing, ai computing genuine, genuine ai computing, ai computing fake, fake ai computing, ai computing replica, replica ai computing, ai computing authentic, authentic ai computing, ai computing brand, brand ai computing, ai computing manufacturer, manufacturer ai computing, ai computing company, company ai computing, ai computing product, product ai computing, ai computing xiaomi product, xiaomi product ai computing, ai computing sell xiaomi, sell xiaomi ai computing, ai computing buy xiaomi, buy xiaomi ai computing, ai computing cheap xiaomi, cheap xiaomi ai computing, ai computing best xiaomi, best xiaomi ai computing, ai computing xiaomi review, xiaomi review ai computing, ai computing where to buy xiaomi, where to buy xiaomi ai computing, ai computing how to choose xiaomi, how to choose xiaomi ai computing, ai computing top xiaomi, top xiaomi ai computing, ai computing xiaomi guide, xiaomi guide ai computing, ai computing xiaomi for sale, xiaomi for sale ai computing, ai computing xiaomi deals, xiaomi deals ai computing, usb performance xiaomi, xiaomi usb performance, usb performance cheap, cheap usb performance, usb performance best, best usb performance, usb performance latest, latest usb performance, usb performance review, review usb performance, usb performance price, price usb performance, usb performance sell, sell usb performance, usb performance buy, buy usb performance, usb performance recommendation, recommendation usb performance, usb performance tips, tips usb performance, usb performance tutorial, tutorial usb performance, usb performance guide, guide usb performance, usb performance how to, how to usb performance, usb performance vs, vs usb performance, usb performance versus, versus usb performance, usb performance compared to, compared to usb performance, usb performance comparison, comparison usb performance, usb performance alternatives, alternatives usb performance, usb performance which is better, which is better usb performance, usb performance expensive, expensive usb performance, usb performance discount, discount usb performance, usb performance deals, deals usb performance, usb performance sale, sale usb performance, usb performance affordable, affordable usb performance, usb performance cost, cost usb performance, usb performance online, online usb performance, usb performance offline, offline usb performance, usb performance marketplace, marketplace usb performance, usb performance store, store usb performance, usb performance shop, shop usb performance, usb performance retailer, retailer usb performance, usb performance where to buy, where to buy usb performance, usb performance worst, worst usb performance, usb performance quality, quality usb performance, usb performance original, original usb performance, usb performance genuine, genuine usb performance, usb performance fake, fake usb performance, usb performance replica, replica usb performance, usb performance authentic, authentic usb performance, usb performance brand, brand usb performance, usb performance manufacturer, manufacturer usb performance, usb performance company, company usb performance, usb performance product, product usb performance, usb performance xiaomi product, xiaomi product usb performance, usb performance sell xiaomi, sell xiaomi usb performance, usb performance buy xiaomi, buy xiaomi usb performance, usb performance cheap xiaomi, cheap xiaomi usb performance, usb performance best xiaomi, best xiaomi usb performance, usb performance xiaomi review, xiaomi review usb performance, usb performance where to buy xiaomi, where to buy xiaomi usb performance, usb performance how to choose xiaomi, how to choose xiaomi usb performance, usb performance top xiaomi, top xiaomi usb performance, usb performance xiaomi guide, xiaomi guide usb performance, usb performance xiaomi for sale, xiaomi for sale usb performance, usb performance xiaomi deals, xiaomi deals usb performance
2026-09-06 21:23:10,465 - INFO - Expanded 220 seed keywords to 385 variations
2026-09-06 21:23:10,465 - INFO - Language: en
2026-09-06 21:23:10,465 - INFO - Region: us
2026-09-06 21:27:39,442 - INFO - 🎯 After all filtering for 'xiaomi': 120 relevant keywords
2026-09-06 21:27:41,101 - INFO - 🎯 Found 5 new keywords for niche 'xiaomi': xiaomi affordable ai computing, xiaomi affordable usb performance, cheap ai computing alternatives, best ai computing authentic, how to ai computing brand
2026-09-06 21:27:56,853 - INFO - ✅ Niche 'xiaomi' process complete! 672 total keyword results.
2026-09-06 21:27:56,853 - INFO - ✅ Completed processing niche: 'xiaomi'
2026-09-06 21:27:56,853 - INFO - 🔧 Request Handler final stats - Success rate: 100.0%
2026-09-06 21:27:56,853 - INFO -    Total requests: 190089, Blocks: 1
2026-09-06 21:27:56,854 - INFO - 
========================================
2026-09-06 21:27:56,855 - INFO - Process Summary:
2026-09-06 21:27:56,855 - INFO - - Current niche: 'xiaomi'
2026-09-06 21:27:56,855 - INFO - - Next niche will be: 'iphone'
2026-09-06 21:27:56,855 - INFO - - Keywords saved in: languages/english/keywords/xiaomi/
2026-09-06 21:27:56,855 - INFO - ========================================
