2026-09-06 17:08:22,991 - INFO - Log file created at: /home/runner/work/potensitech.com/potensitech.com/languages/english/keywords/logs/kw_search_20260906_170822.log
2026-09-06 17:08:22,991 - INFO - ============================================================
2026-09-06 17:08:22,991 - INFO - AUTOMATIC KEYWORD RESEARCH TOOL
2026-09-06 17:08:22,991 - INFO - ============================================================
2026-09-06 17:08:23,353 - INFO - ========================================
2026-09-06 17:08:23,353 - INFO - Found 14 niches to process: xiaomi, iphone, samsung, apple, sony, asus, philips, sandisk, intel, nvidia, amd, canon, nikon, huawei
2026-09-06 17:08:23,353 - INFO - ========================================
2026-09-06 17:08:23,353 - INFO - Continuing from last processed niche: canon
2026-09-06 17:08:23,353 - INFO - ========================================
2026-09-06 17:08:23,353 - INFO - 🎯 PROCESSING NICHE 13/14: 'nikon'
2026-09-06 17:08:23,353 - INFO - ========================================
2026-09-06 17:08:23,353 - INFO - 📁 Niche directory: /home/runner/work/potensitech.com/potensitech.com/languages/english/keywords/nikon
2026-09-06 17:08:23,354 - INFO - Selected region: us
2026-09-06 17:08:23,354 - INFO - Selected language: en
2026-09-06 17:08:23,354 - INFO - 🎯 Current niche: nikon
2026-09-06 17:08:34,113 - INFO - 🎯 Niche terms for filtering: nikon, cheap, best, latest, review, price, sell, buy, recommendation, tips, tutorial, guide, how to, vs, versus, compared to, comparison, alternatives, which is better, expensive, discount, deals, sale, affordable, cost, online, offline, marketplace, store, shop, retailer, where to buy, worst, quality, original, genuine, fake, replica, authentic, brand, manufacturer, company, product, nikon product, sell nikon, buy nikon, cheap nikon, best nikon, nikon review, where to buy nikon, how to choose nikon, top nikon, nikon guide, nikon for sale, nikon deals
2026-09-06 17:08:34,113 - INFO - Generated 50 niche-clue pairs for 'nikon'.
2026-09-06 17:08:34,117 - INFO - Expanded 50 seed keywords to 218 variations
2026-09-06 17:08:34,117 - INFO - 🔧 Request Handler initialized - Success rate: 100.0%
2026-09-06 17:13:00,471 - INFO - Original clue keywords: ai computing, usb performance
2026-09-06 17:13:00,472 - INFO - Niche-focused seeds: ai computing nikon, nikon ai computing, ai computing cheap, cheap ai computing, ai computing best, best ai computing, ai computing latest, latest ai computing, ai computing review, review ai computing, ai computing price, price ai computing, ai computing sell, sell ai computing, ai computing buy, buy ai computing, ai computing recommendation, recommendation ai computing, ai computing tips, tips ai computing, ai computing tutorial, tutorial ai computing, ai computing guide, guide ai computing, ai computing how to, how to ai computing, ai computing vs, vs ai computing, ai computing versus, versus ai computing, ai computing compared to, compared to ai computing, ai computing comparison, comparison ai computing, ai computing alternatives, alternatives ai computing, ai computing which is better, which is better ai computing, ai computing expensive, expensive ai computing, ai computing discount, discount ai computing, ai computing deals, deals ai computing, ai computing sale, sale ai computing, ai computing affordable, affordable ai computing, ai computing cost, cost ai computing, ai computing online, online ai computing, ai computing offline, offline ai computing, ai computing marketplace, marketplace ai computing, ai computing store, store ai computing, ai computing shop, shop ai computing, ai computing retailer, retailer ai computing, ai computing where to buy, where to buy ai computing, ai computing worst, worst ai computing, ai computing quality, quality ai computing, ai computing original, original ai computing, ai computing genuine, genuine ai computing, ai computing fake, fake ai computing, ai computing replica, replica ai computing, ai computing authentic, authentic ai computing, ai computing brand, brand ai computing, ai computing manufacturer, manufacturer ai computing, ai computing company, company ai computing, ai computing product, product ai computing, ai computing nikon product, nikon product ai computing, ai computing sell nikon, sell nikon ai computing, ai computing buy nikon, buy nikon ai computing, ai computing cheap nikon, cheap nikon ai computing, ai computing best nikon, best nikon ai computing, ai computing nikon review, nikon review ai computing, ai computing where to buy nikon, where to buy nikon ai computing, ai computing how to choose nikon, how to choose nikon ai computing, ai computing top nikon, top nikon ai computing, ai computing nikon guide, nikon guide ai computing, ai computing nikon for sale, nikon for sale ai computing, ai computing nikon deals, nikon deals ai computing, usb performance nikon, nikon usb performance, usb performance cheap, cheap usb performance, usb performance best, best usb performance, usb performance latest, latest usb performance, usb performance review, review usb performance, usb performance price, price usb performance, usb performance sell, sell usb performance, usb performance buy, buy usb performance, usb performance recommendation, recommendation usb performance, usb performance tips, tips usb performance, usb performance tutorial, tutorial usb performance, usb performance guide, guide usb performance, usb performance how to, how to usb performance, usb performance vs, vs usb performance, usb performance versus, versus usb performance, usb performance compared to, compared to usb performance, usb performance comparison, comparison usb performance, usb performance alternatives, alternatives usb performance, usb performance which is better, which is better usb performance, usb performance expensive, expensive usb performance, usb performance discount, discount usb performance, usb performance deals, deals usb performance, usb performance sale, sale usb performance, usb performance affordable, affordable usb performance, usb performance cost, cost usb performance, usb performance online, online usb performance, usb performance offline, offline usb performance, usb performance marketplace, marketplace usb performance, usb performance store, store usb performance, usb performance shop, shop usb performance, usb performance retailer, retailer usb performance, usb performance where to buy, where to buy usb performance, usb performance worst, worst usb performance, usb performance quality, quality usb performance, usb performance original, original usb performance, usb performance genuine, genuine usb performance, usb performance fake, fake usb performance, usb performance replica, replica usb performance, usb performance authentic, authentic usb performance, usb performance brand, brand usb performance, usb performance manufacturer, manufacturer usb performance, usb performance company, company usb performance, usb performance product, product usb performance, usb performance nikon product, nikon product usb performance, usb performance sell nikon, sell nikon usb performance, usb performance buy nikon, buy nikon usb performance, usb performance cheap nikon, cheap nikon usb performance, usb performance best nikon, best nikon usb performance, usb performance nikon review, nikon review usb performance, usb performance where to buy nikon, where to buy nikon usb performance, usb performance how to choose nikon, how to choose nikon usb performance, usb performance top nikon, top nikon usb performance, usb performance nikon guide, nikon guide usb performance, usb performance nikon for sale, nikon for sale usb performance, usb performance nikon deals, nikon deals usb performance
2026-09-06 17:13:00,475 - INFO - Expanded 220 seed keywords to 385 variations
2026-09-06 17:13:00,475 - INFO - Language: en
2026-09-06 17:13:00,475 - INFO - Region: us
2026-09-06 17:17:30,753 - INFO - 🎯 After all filtering for 'nikon': 120 relevant keywords
2026-09-06 17:17:32,344 - INFO - 🎯 Found 5 new keywords for niche 'nikon': nikon affordable ai computing, nikon affordable usb performance, cheap ai computing alternatives, best ai computing authentic, how to ai computing brand
2026-09-06 17:17:48,382 - INFO - ✅ Niche 'nikon' process complete! 695 total keyword results.
2026-09-06 17:17:48,383 - INFO - ✅ Completed processing niche: 'nikon'
2026-09-06 17:17:48,383 - INFO - 🔧 Request Handler final stats - Success rate: 100.0%
2026-09-06 17:17:48,383 - INFO -    Total requests: 189907, Blocks: 1
2026-09-06 17:17:48,384 - INFO - 
========================================
2026-09-06 17:17:48,384 - INFO - Process Summary:
2026-09-06 17:17:48,384 - INFO - - Current niche: 'nikon'
2026-09-06 17:17:48,384 - INFO - - Next niche will be: 'huawei'
2026-09-06 17:17:48,384 - INFO - - Keywords saved in: languages/english/keywords/nikon/
2026-09-06 17:17:48,385 - INFO - ========================================
