2026-09-14 15:59:27,139 - INFO - Log file created at: /home/runner/work/potensitech.com/potensitech.com/languages/english/keywords/logs/kw_search_20260914_155927.log
2026-09-14 15:59:27,139 - INFO - ============================================================
2026-09-14 15:59:27,139 - INFO - AUTOMATIC KEYWORD RESEARCH TOOL
2026-09-14 15:59:27,139 - INFO - ============================================================
2026-09-14 15:59:27,525 - INFO - ========================================
2026-09-14 15:59:27,525 - INFO - Found 14 niches to process: xiaomi, iphone, samsung, apple, sony, asus, philips, sandisk, intel, nvidia, amd, canon, nikon, huawei
2026-09-14 15:59:27,525 - INFO - ========================================
2026-09-14 15:59:27,525 - INFO - Continuing from last processed niche: asus
2026-09-14 15:59:27,525 - INFO - ========================================
2026-09-14 15:59:27,525 - INFO - 🎯 PROCESSING NICHE 7/14: 'philips'
2026-09-14 15:59:27,525 - INFO - ========================================
2026-09-14 15:59:27,525 - INFO - 📁 Niche directory: /home/runner/work/potensitech.com/potensitech.com/languages/english/keywords/philips
2026-09-14 15:59:27,526 - INFO - Selected region: us
2026-09-14 15:59:27,526 - INFO - Selected language: en
2026-09-14 15:59:27,526 - INFO - 🎯 Current niche: philips
2026-09-14 15:59:38,638 - INFO - 🎯 Niche terms for filtering: philips, cheap, best, latest, review, price, sell, buy, recommendation, tips, tutorial, guide, how to, vs, versus, compared to, comparison, alternatives, which is better, expensive, discount, deals, sale, affordable, cost, online, offline, marketplace, store, shop, retailer, where to buy, worst, quality, original, genuine, fake, replica, authentic, brand, manufacturer, company, product, philips product, sell philips, buy philips, cheap philips, best philips, philips review, where to buy philips, how to choose philips, top philips, philips guide, philips for sale, philips deals
2026-09-14 15:59:38,638 - INFO - Generated 50 niche-clue pairs for 'philips'.
2026-09-14 15:59:38,642 - INFO - Expanded 50 seed keywords to 218 variations
2026-09-14 15:59:38,642 - INFO - 🔧 Request Handler initialized - Success rate: 100.0%
2026-09-14 16:04:02,511 - INFO - Original clue keywords: dlss technology, cuda cores
2026-09-14 16:04:02,511 - INFO - Niche-focused seeds: dlss technology philips, philips dlss technology, dlss technology cheap, cheap dlss technology, dlss technology best, best dlss technology, dlss technology latest, latest dlss technology, dlss technology review, review dlss technology, dlss technology price, price dlss technology, dlss technology sell, sell dlss technology, dlss technology buy, buy dlss technology, dlss technology recommendation, recommendation dlss technology, dlss technology tips, tips dlss technology, dlss technology tutorial, tutorial dlss technology, dlss technology guide, guide dlss technology, dlss technology how to, how to dlss technology, dlss technology vs, vs dlss technology, dlss technology versus, versus dlss technology, dlss technology compared to, compared to dlss technology, dlss technology comparison, comparison dlss technology, dlss technology alternatives, alternatives dlss technology, dlss technology which is better, which is better dlss technology, dlss technology expensive, expensive dlss technology, dlss technology discount, discount dlss technology, dlss technology deals, deals dlss technology, dlss technology sale, sale dlss technology, dlss technology affordable, affordable dlss technology, dlss technology cost, cost dlss technology, dlss technology online, online dlss technology, dlss technology offline, offline dlss technology, dlss technology marketplace, marketplace dlss technology, dlss technology store, store dlss technology, dlss technology shop, shop dlss technology, dlss technology retailer, retailer dlss technology, dlss technology where to buy, where to buy dlss technology, dlss technology worst, worst dlss technology, dlss technology quality, quality dlss technology, dlss technology original, original dlss technology, dlss technology genuine, genuine dlss technology, dlss technology fake, fake dlss technology, dlss technology replica, replica dlss technology, dlss technology authentic, authentic dlss technology, dlss technology brand, brand dlss technology, dlss technology manufacturer, manufacturer dlss technology, dlss technology company, company dlss technology, dlss technology product, product dlss technology, dlss technology philips product, philips product dlss technology, dlss technology sell philips, sell philips dlss technology, dlss technology buy philips, buy philips dlss technology, dlss technology cheap philips, cheap philips dlss technology, dlss technology best philips, best philips dlss technology, dlss technology philips review, philips review dlss technology, dlss technology where to buy philips, where to buy philips dlss technology, dlss technology how to choose philips, how to choose philips dlss technology, dlss technology top philips, top philips dlss technology, dlss technology philips guide, philips guide dlss technology, dlss technology philips for sale, philips for sale dlss technology, dlss technology philips deals, philips deals dlss technology, cuda cores philips, philips cuda cores, cuda cores cheap, cheap cuda cores, cuda cores best, best cuda cores, cuda cores latest, latest cuda cores, cuda cores review, review cuda cores, cuda cores price, price cuda cores, cuda cores sell, sell cuda cores, cuda cores buy, buy cuda cores, cuda cores recommendation, recommendation cuda cores, cuda cores tips, tips cuda cores, cuda cores tutorial, tutorial cuda cores, cuda cores guide, guide cuda cores, cuda cores how to, how to cuda cores, cuda cores vs, vs cuda cores, cuda cores versus, versus cuda cores, cuda cores compared to, compared to cuda cores, cuda cores comparison, comparison cuda cores, cuda cores alternatives, alternatives cuda cores, cuda cores which is better, which is better cuda cores, cuda cores expensive, expensive cuda cores, cuda cores discount, discount cuda cores, cuda cores deals, deals cuda cores, cuda cores sale, sale cuda cores, cuda cores affordable, affordable cuda cores, cuda cores cost, cost cuda cores, cuda cores online, online cuda cores, cuda cores offline, offline cuda cores, cuda cores marketplace, marketplace cuda cores, cuda cores store, store cuda cores, cuda cores shop, shop cuda cores, cuda cores retailer, retailer cuda cores, cuda cores where to buy, where to buy cuda cores, cuda cores worst, worst cuda cores, cuda cores quality, quality cuda cores, cuda cores original, original cuda cores, cuda cores genuine, genuine cuda cores, cuda cores fake, fake cuda cores, cuda cores replica, replica cuda cores, cuda cores authentic, authentic cuda cores, cuda cores brand, brand cuda cores, cuda cores manufacturer, manufacturer cuda cores, cuda cores company, company cuda cores, cuda cores product, product cuda cores, cuda cores philips product, philips product cuda cores, cuda cores sell philips, sell philips cuda cores, cuda cores buy philips, buy philips cuda cores, cuda cores cheap philips, cheap philips cuda cores, cuda cores best philips, best philips cuda cores, cuda cores philips review, philips review cuda cores, cuda cores where to buy philips, where to buy philips cuda cores, cuda cores how to choose philips, how to choose philips cuda cores, cuda cores top philips, top philips cuda cores, cuda cores philips guide, philips guide cuda cores, cuda cores philips for sale, philips for sale cuda cores, cuda cores philips deals, philips deals cuda cores
2026-09-14 16:04:02,514 - INFO - Expanded 220 seed keywords to 385 variations
2026-09-14 16:04:02,514 - INFO - Language: en
2026-09-14 16:04:02,515 - INFO - Region: us
2026-09-14 16:08:35,626 - INFO - 🎯 After all filtering for 'philips': 120 relevant keywords
2026-09-14 16:08:36,884 - INFO - 🎯 Found 5 new keywords for niche 'philips': philips affordable cuda cores, philips affordable dlss technology, cheap alternatives cuda cores, cheap alternatives dlss technology, best authentic cuda cores
2026-09-14 16:08:52,829 - INFO - ✅ Niche 'philips' process complete! 731 total keyword results.
2026-09-14 16:08:52,829 - INFO - ✅ Completed processing niche: 'philips'
2026-09-14 16:08:52,829 - INFO - 🔧 Request Handler final stats - Success rate: 100.0%
2026-09-14 16:08:52,829 - INFO -    Total requests: 196473, Blocks: 1
2026-09-14 16:08:52,830 - INFO - 
========================================
2026-09-14 16:08:52,830 - INFO - Process Summary:
2026-09-14 16:08:52,830 - INFO - - Current niche: 'philips'
2026-09-14 16:08:52,830 - INFO - - Next niche will be: 'sandisk'
2026-09-14 16:08:52,830 - INFO - - Keywords saved in: languages/english/keywords/philips/
2026-09-14 16:08:52,831 - INFO - ========================================
