2026-09-14 23:59:00,173 - INFO - Log file created at: /home/runner/work/potensitech.com/potensitech.com/languages/english/keywords/logs/kw_search_20260914_235900.log
2026-09-14 23:59:00,173 - INFO - ============================================================
2026-09-14 23:59:00,173 - INFO - AUTOMATIC KEYWORD RESEARCH TOOL
2026-09-14 23:59:00,173 - INFO - ============================================================
2026-09-14 23:59:00,472 - INFO - ========================================
2026-09-14 23:59:00,472 - INFO - Found 14 niches to process: xiaomi, iphone, samsung, apple, sony, asus, philips, sandisk, intel, nvidia, amd, canon, nikon, huawei
2026-09-14 23:59:00,472 - INFO - ========================================
2026-09-14 23:59:00,472 - INFO - Continuing from last processed niche: amd
2026-09-14 23:59:00,472 - INFO - ========================================
2026-09-14 23:59:00,472 - INFO - 🎯 PROCESSING NICHE 12/14: 'canon'
2026-09-14 23:59:00,472 - INFO - ========================================
2026-09-14 23:59:00,472 - INFO - 📁 Niche directory: /home/runner/work/potensitech.com/potensitech.com/languages/english/keywords/canon
2026-09-14 23:59:00,472 - INFO - Selected region: us
2026-09-14 23:59:00,472 - INFO - Selected language: en
2026-09-14 23:59:00,472 - INFO - 🎯 Current niche: canon
2026-09-14 23:59:11,508 - INFO - 🎯 Niche terms for filtering: canon, cheap, best, latest, review, price, sell, buy, recommendation, tips, tutorial, guide, how to, vs, versus, compared to, comparison, alternatives, which is better, expensive, discount, deals, sale, affordable, cost, online, offline, marketplace, store, shop, retailer, where to buy, worst, quality, original, genuine, fake, replica, authentic, brand, manufacturer, company, product, canon product, sell canon, buy canon, cheap canon, best canon, canon review, where to buy canon, how to choose canon, top canon, canon guide, canon for sale, canon deals
2026-09-14 23:59:11,509 - INFO - Generated 50 niche-clue pairs for 'canon'.
2026-09-14 23:59:11,512 - INFO - Expanded 50 seed keywords to 218 variations
2026-09-14 23:59:11,512 - INFO - 🔧 Request Handler initialized - Success rate: 100.0%
2026-09-15 00:03:33,375 - INFO - Original clue keywords: audio systems, smart lighting
2026-09-15 00:03:33,375 - INFO - Niche-focused seeds: audio systems canon, canon audio systems, audio systems cheap, cheap audio systems, audio systems best, best audio systems, audio systems latest, latest audio systems, audio systems review, review audio systems, audio systems price, price audio systems, audio systems sell, sell audio systems, audio systems buy, buy audio systems, audio systems recommendation, recommendation audio systems, audio systems tips, tips audio systems, audio systems tutorial, tutorial audio systems, audio systems guide, guide audio systems, audio systems how to, how to audio systems, audio systems vs, vs audio systems, audio systems versus, versus audio systems, audio systems compared to, compared to audio systems, audio systems comparison, comparison audio systems, audio systems alternatives, alternatives audio systems, audio systems which is better, which is better audio systems, audio systems expensive, expensive audio systems, audio systems discount, discount audio systems, audio systems deals, deals audio systems, audio systems sale, sale audio systems, audio systems affordable, affordable audio systems, audio systems cost, cost audio systems, audio systems online, online audio systems, audio systems offline, offline audio systems, audio systems marketplace, marketplace audio systems, audio systems store, store audio systems, audio systems shop, shop audio systems, audio systems retailer, retailer audio systems, audio systems where to buy, where to buy audio systems, audio systems worst, worst audio systems, audio systems quality, quality audio systems, audio systems original, original audio systems, audio systems genuine, genuine audio systems, audio systems fake, fake audio systems, audio systems replica, replica audio systems, audio systems authentic, authentic audio systems, audio systems brand, brand audio systems, audio systems manufacturer, manufacturer audio systems, audio systems company, company audio systems, audio systems product, product audio systems, audio systems canon product, canon product audio systems, audio systems sell canon, sell canon audio systems, audio systems buy canon, buy canon audio systems, audio systems cheap canon, cheap canon audio systems, audio systems best canon, best canon audio systems, audio systems canon review, canon review audio systems, audio systems where to buy canon, where to buy canon audio systems, audio systems how to choose canon, how to choose canon audio systems, audio systems top canon, top canon audio systems, audio systems canon guide, canon guide audio systems, audio systems canon for sale, canon for sale audio systems, audio systems canon deals, canon deals audio systems, smart lighting canon, canon smart lighting, smart lighting cheap, cheap smart lighting, smart lighting best, best smart lighting, smart lighting latest, latest smart lighting, smart lighting review, review smart lighting, smart lighting price, price smart lighting, smart lighting sell, sell smart lighting, smart lighting buy, buy smart lighting, smart lighting recommendation, recommendation smart lighting, smart lighting tips, tips smart lighting, smart lighting tutorial, tutorial smart lighting, smart lighting guide, guide smart lighting, smart lighting how to, how to smart lighting, smart lighting vs, vs smart lighting, smart lighting versus, versus smart lighting, smart lighting compared to, compared to smart lighting, smart lighting comparison, comparison smart lighting, smart lighting alternatives, alternatives smart lighting, smart lighting which is better, which is better smart lighting, smart lighting expensive, expensive smart lighting, smart lighting discount, discount smart lighting, smart lighting deals, deals smart lighting, smart lighting sale, sale smart lighting, smart lighting affordable, affordable smart lighting, smart lighting cost, cost smart lighting, smart lighting online, online smart lighting, smart lighting offline, offline smart lighting, smart lighting marketplace, marketplace smart lighting, smart lighting store, store smart lighting, smart lighting shop, shop smart lighting, smart lighting retailer, retailer smart lighting, smart lighting where to buy, where to buy smart lighting, smart lighting worst, worst smart lighting, smart lighting quality, quality smart lighting, smart lighting original, original smart lighting, smart lighting genuine, genuine smart lighting, smart lighting fake, fake smart lighting, smart lighting replica, replica smart lighting, smart lighting authentic, authentic smart lighting, smart lighting brand, brand smart lighting, smart lighting manufacturer, manufacturer smart lighting, smart lighting company, company smart lighting, smart lighting product, product smart lighting, smart lighting canon product, canon product smart lighting, smart lighting sell canon, sell canon smart lighting, smart lighting buy canon, buy canon smart lighting, smart lighting cheap canon, cheap canon smart lighting, smart lighting best canon, best canon smart lighting, smart lighting canon review, canon review smart lighting, smart lighting where to buy canon, where to buy canon smart lighting, smart lighting how to choose canon, how to choose canon smart lighting, smart lighting top canon, top canon smart lighting, smart lighting canon guide, canon guide smart lighting, smart lighting canon for sale, canon for sale smart lighting, smart lighting canon deals, canon deals smart lighting
2026-09-15 00:03:33,377 - INFO - Expanded 220 seed keywords to 385 variations
2026-09-15 00:03:33,377 - INFO - Language: en
2026-09-15 00:03:33,377 - INFO - Region: us
2026-09-15 00:08:03,253 - INFO - 🎯 After all filtering for 'canon': 120 relevant keywords
2026-09-15 00:08:04,650 - INFO - 🎯 Found 5 new keywords for niche 'canon': canon affordable audio systems, canon affordable smart lighting, cheap alternatives audio systems, alternatives smart lighting cheap, best audio systems authentic
2026-09-15 00:08:20,562 - INFO - ✅ Niche 'canon' process complete! 718 total keyword results.
2026-09-15 00:08:20,562 - INFO - ✅ Completed processing niche: 'canon'
2026-09-15 00:08:20,562 - INFO - 🔧 Request Handler final stats - Success rate: 100.0%
2026-09-15 00:08:20,562 - INFO -    Total requests: 196928, Blocks: 1
2026-09-15 00:08:20,563 - INFO - 
========================================
2026-09-15 00:08:20,563 - INFO - Process Summary:
2026-09-15 00:08:20,563 - INFO - - Current niche: 'canon'
2026-09-15 00:08:20,563 - INFO - - Next niche will be: 'nikon'
2026-09-15 00:08:20,563 - INFO - - Keywords saved in: languages/english/keywords/canon/
2026-09-15 00:08:20,564 - INFO - ========================================
