2026-09-18 23:33:44,327 - INFO - Log file created at: /home/runner/work/potensitech.com/potensitech.com/languages/english/keywords/logs/kw_search_20260918_233344.log
2026-09-18 23:33:44,327 - INFO - ============================================================
2026-09-18 23:33:44,327 - INFO - AUTOMATIC KEYWORD RESEARCH TOOL
2026-09-18 23:33:44,327 - INFO - ============================================================
2026-09-18 23:33:44,733 - INFO - ========================================
2026-09-18 23:33:44,733 - INFO - Found 14 niches to process: xiaomi, iphone, samsung, apple, sony, asus, philips, sandisk, intel, nvidia, amd, canon, nikon, huawei
2026-09-18 23:33:44,733 - INFO - ========================================
2026-09-18 23:33:44,734 - INFO - Continuing from last processed niche: intel
2026-09-18 23:33:44,734 - INFO - ========================================
2026-09-18 23:33:44,734 - INFO - 🎯 PROCESSING NICHE 10/14: 'nvidia'
2026-09-18 23:33:44,734 - INFO - ========================================
2026-09-18 23:33:44,734 - INFO - 📁 Niche directory: /home/runner/work/potensitech.com/potensitech.com/languages/english/keywords/nvidia
2026-09-18 23:33:44,734 - INFO - Selected region: us
2026-09-18 23:33:44,734 - INFO - Selected language: en
2026-09-18 23:33:44,734 - INFO - 🎯 Current niche: nvidia
2026-09-18 23:33:55,275 - INFO - 🎯 Niche terms for filtering: nvidia, cheap, best, latest, review, price, sell, buy, recommendation, tips, tutorial, guide, how to, vs, versus, compared to, comparison, alternatives, which is better, expensive, discount, deals, sale, affordable, cost, online, offline, marketplace, store, shop, retailer, where to buy, worst, quality, original, genuine, fake, replica, authentic, brand, manufacturer, company, product, nvidia product, sell nvidia, buy nvidia, cheap nvidia, best nvidia, nvidia review, where to buy nvidia, how to choose nvidia, top nvidia, nvidia guide, nvidia for sale, nvidia deals
2026-09-18 23:33:55,276 - INFO - Generated 50 niche-clue pairs for 'nvidia'.
2026-09-18 23:33:55,280 - INFO - Expanded 50 seed keywords to 218 variations
2026-09-18 23:33:55,281 - INFO - 🔧 Request Handler initialized - Success rate: 100.0%
2026-09-18 23:38:18,963 - INFO - Original clue keywords: graphics performance, autofocus system
2026-09-18 23:38:18,963 - INFO - Niche-focused seeds: graphics performance nvidia, nvidia graphics performance, graphics performance cheap, cheap graphics performance, graphics performance best, best graphics performance, graphics performance latest, latest graphics performance, graphics performance review, review graphics performance, graphics performance price, price graphics performance, graphics performance sell, sell graphics performance, graphics performance buy, buy graphics performance, graphics performance recommendation, recommendation graphics performance, graphics performance tips, tips graphics performance, graphics performance tutorial, tutorial graphics performance, graphics performance guide, guide graphics performance, graphics performance how to, how to graphics performance, graphics performance vs, vs graphics performance, graphics performance versus, versus graphics performance, graphics performance compared to, compared to graphics performance, graphics performance comparison, comparison graphics performance, graphics performance alternatives, alternatives graphics performance, graphics performance which is better, which is better graphics performance, graphics performance expensive, expensive graphics performance, graphics performance discount, discount graphics performance, graphics performance deals, deals graphics performance, graphics performance sale, sale graphics performance, graphics performance affordable, affordable graphics performance, graphics performance cost, cost graphics performance, graphics performance online, online graphics performance, graphics performance offline, offline graphics performance, graphics performance marketplace, marketplace graphics performance, graphics performance store, store graphics performance, graphics performance shop, shop graphics performance, graphics performance retailer, retailer graphics performance, graphics performance where to buy, where to buy graphics performance, graphics performance worst, worst graphics performance, graphics performance quality, quality graphics performance, graphics performance original, original graphics performance, graphics performance genuine, genuine graphics performance, graphics performance fake, fake graphics performance, graphics performance replica, replica graphics performance, graphics performance authentic, authentic graphics performance, graphics performance brand, brand graphics performance, graphics performance manufacturer, manufacturer graphics performance, graphics performance company, company graphics performance, graphics performance product, product graphics performance, graphics performance nvidia product, nvidia product graphics performance, graphics performance sell nvidia, sell nvidia graphics performance, graphics performance buy nvidia, buy nvidia graphics performance, graphics performance cheap nvidia, cheap nvidia graphics performance, graphics performance best nvidia, best nvidia graphics performance, graphics performance nvidia review, nvidia review graphics performance, graphics performance where to buy nvidia, where to buy nvidia graphics performance, graphics performance how to choose nvidia, how to choose nvidia graphics performance, graphics performance top nvidia, top nvidia graphics performance, graphics performance nvidia guide, nvidia guide graphics performance, graphics performance nvidia for sale, nvidia for sale graphics performance, graphics performance nvidia deals, nvidia deals graphics performance, autofocus system nvidia, nvidia autofocus system, autofocus system cheap, cheap autofocus system, autofocus system best, best autofocus system, autofocus system latest, latest autofocus system, autofocus system review, review autofocus system, autofocus system price, price autofocus system, autofocus system sell, sell autofocus system, autofocus system buy, buy autofocus system, autofocus system recommendation, recommendation autofocus system, autofocus system tips, tips autofocus system, autofocus system tutorial, tutorial autofocus system, autofocus system guide, guide autofocus system, autofocus system how to, how to autofocus system, autofocus system vs, vs autofocus system, autofocus system versus, versus autofocus system, autofocus system compared to, compared to autofocus system, autofocus system comparison, comparison autofocus system, autofocus system alternatives, alternatives autofocus system, autofocus system which is better, which is better autofocus system, autofocus system expensive, expensive autofocus system, autofocus system discount, discount autofocus system, autofocus system deals, deals autofocus system, autofocus system sale, sale autofocus system, autofocus system affordable, affordable autofocus system, autofocus system cost, cost autofocus system, autofocus system online, online autofocus system, autofocus system offline, offline autofocus system, autofocus system marketplace, marketplace autofocus system, autofocus system store, store autofocus system, autofocus system shop, shop autofocus system, autofocus system retailer, retailer autofocus system, autofocus system where to buy, where to buy autofocus system, autofocus system worst, worst autofocus system, autofocus system quality, quality autofocus system, autofocus system original, original autofocus system, autofocus system genuine, genuine autofocus system, autofocus system fake, fake autofocus system, autofocus system replica, replica autofocus system, autofocus system authentic, authentic autofocus system, autofocus system brand, brand autofocus system, autofocus system manufacturer, manufacturer autofocus system, autofocus system company, company autofocus system, autofocus system product, product autofocus system, autofocus system nvidia product, nvidia product autofocus system, autofocus system sell nvidia, sell nvidia autofocus system, autofocus system buy nvidia, buy nvidia autofocus system, autofocus system cheap nvidia, cheap nvidia autofocus system, autofocus system best nvidia, best nvidia autofocus system, autofocus system nvidia review, nvidia review autofocus system, autofocus system where to buy nvidia, where to buy nvidia autofocus system, autofocus system how to choose nvidia, how to choose nvidia autofocus system, autofocus system top nvidia, top nvidia autofocus system, autofocus system nvidia guide, nvidia guide autofocus system, autofocus system nvidia for sale, nvidia for sale autofocus system, autofocus system nvidia deals, nvidia deals autofocus system
2026-09-18 23:38:18,967 - INFO - Expanded 220 seed keywords to 385 variations
2026-09-18 23:38:18,967 - INFO - Language: en
2026-09-18 23:38:18,967 - INFO - Region: us
2026-09-18 23:41:54,738 - INFO - 🎯 After all filtering for 'nvidia': 120 relevant keywords
2026-09-18 23:41:57,544 - INFO - 🎯 Found 5 new keywords for niche 'nvidia': nvidia affordable autofocus system, nvidia affordable graphics performance, cheap alternatives autofocus system, best authentic autofocus system, how to autofocus system brand
2026-09-18 23:42:14,024 - INFO - ✅ Niche 'nvidia' process complete! 888 total keyword results.
2026-09-18 23:42:14,024 - INFO - ✅ Completed processing niche: 'nvidia'
2026-09-18 23:42:14,024 - INFO - 🔧 Request Handler final stats - Success rate: 100.0%
2026-09-18 23:42:14,024 - INFO -    Total requests: 200607, Blocks: 1
2026-09-18 23:42:14,025 - INFO - 
========================================
2026-09-18 23:42:14,025 - INFO - Process Summary:
2026-09-18 23:42:14,025 - INFO - - Current niche: 'nvidia'
2026-09-18 23:42:14,026 - INFO - - Next niche will be: 'amd'
2026-09-18 23:42:14,026 - INFO - - Keywords saved in: languages/english/keywords/nvidia/
2026-09-18 23:42:14,026 - INFO - ========================================
