2026-10-08 11:38:45,743 - INFO - Log file created at: /home/runner/work/potensitech.com/potensitech.com/languages/english/keywords/logs/kw_search_20261008_113845.log
2026-10-08 11:38:45,743 - INFO - ============================================================
2026-10-08 11:38:45,744 - INFO - AUTOMATIC KEYWORD RESEARCH TOOL
2026-10-08 11:38:45,744 - INFO - ============================================================
2026-10-08 11:38:46,199 - INFO - ========================================
2026-10-08 11:38:46,200 - INFO - Found 14 niches to process: xiaomi, iphone, samsung, apple, sony, asus, philips, sandisk, intel, nvidia, amd, canon, nikon, huawei
2026-10-08 11:38:46,200 - INFO - ========================================
2026-10-08 11:38:46,200 - INFO - Continuing from last processed niche: sony
2026-10-08 11:38:46,200 - INFO - ========================================
2026-10-08 11:38:46,200 - INFO - 🎯 PROCESSING NICHE 6/14: 'asus'
2026-10-08 11:38:46,200 - INFO - ========================================
2026-10-08 11:38:46,200 - INFO - 📁 Niche directory: /home/runner/work/potensitech.com/potensitech.com/languages/english/keywords/asus
2026-10-08 11:38:46,200 - INFO - Selected region: us
2026-10-08 11:38:46,200 - INFO - Selected language: en
2026-10-08 11:38:46,200 - INFO - 🎯 Current niche: asus
2026-10-08 11:38:56,876 - INFO - 🎯 Niche terms for filtering: asus, cheap, best, latest, review, price, sell, buy, recommendation, tips, tutorial, guide, how to, vs, versus, compared to, comparison, alternatives, which is better, expensive, discount, deals, sale, affordable, cost, online, offline, marketplace, store, shop, retailer, where to buy, worst, quality, original, genuine, fake, replica, authentic, brand, manufacturer, company, product, asus product, sell asus, buy asus, cheap asus, best asus, asus review, where to buy asus, how to choose asus, top asus, asus guide, asus for sale, asus deals
2026-10-08 11:38:56,876 - INFO - Generated 50 niche-clue pairs for 'asus'.
2026-10-08 11:38:56,879 - INFO - Expanded 50 seed keywords to 218 variations
2026-10-08 11:38:56,880 - INFO - 🔧 Request Handler initialized - Success rate: 100.0%
2026-10-08 11:43:20,639 - INFO - Original clue keywords: autofocus precision, core performance
2026-10-08 11:43:20,639 - INFO - Niche-focused seeds: autofocus precision asus, asus autofocus precision, autofocus precision cheap, cheap autofocus precision, autofocus precision best, best autofocus precision, autofocus precision latest, latest autofocus precision, autofocus precision review, review autofocus precision, autofocus precision price, price autofocus precision, autofocus precision sell, sell autofocus precision, autofocus precision buy, buy autofocus precision, autofocus precision recommendation, recommendation autofocus precision, autofocus precision tips, tips autofocus precision, autofocus precision tutorial, tutorial autofocus precision, autofocus precision guide, guide autofocus precision, autofocus precision how to, how to autofocus precision, autofocus precision vs, vs autofocus precision, autofocus precision versus, versus autofocus precision, autofocus precision compared to, compared to autofocus precision, autofocus precision comparison, comparison autofocus precision, autofocus precision alternatives, alternatives autofocus precision, autofocus precision which is better, which is better autofocus precision, autofocus precision expensive, expensive autofocus precision, autofocus precision discount, discount autofocus precision, autofocus precision deals, deals autofocus precision, autofocus precision sale, sale autofocus precision, autofocus precision affordable, affordable autofocus precision, autofocus precision cost, cost autofocus precision, autofocus precision online, online autofocus precision, autofocus precision offline, offline autofocus precision, autofocus precision marketplace, marketplace autofocus precision, autofocus precision store, store autofocus precision, autofocus precision shop, shop autofocus precision, autofocus precision retailer, retailer autofocus precision, autofocus precision where to buy, where to buy autofocus precision, autofocus precision worst, worst autofocus precision, autofocus precision quality, quality autofocus precision, autofocus precision original, original autofocus precision, autofocus precision genuine, genuine autofocus precision, autofocus precision fake, fake autofocus precision, autofocus precision replica, replica autofocus precision, autofocus precision authentic, authentic autofocus precision, autofocus precision brand, brand autofocus precision, autofocus precision manufacturer, manufacturer autofocus precision, autofocus precision company, company autofocus precision, autofocus precision product, product autofocus precision, autofocus precision asus product, asus product autofocus precision, autofocus precision sell asus, sell asus autofocus precision, autofocus precision buy asus, buy asus autofocus precision, autofocus precision cheap asus, cheap asus autofocus precision, autofocus precision best asus, best asus autofocus precision, autofocus precision asus review, asus review autofocus precision, autofocus precision where to buy asus, where to buy asus autofocus precision, autofocus precision how to choose asus, how to choose asus autofocus precision, autofocus precision top asus, top asus autofocus precision, autofocus precision asus guide, asus guide autofocus precision, autofocus precision asus for sale, asus for sale autofocus precision, autofocus precision asus deals, asus deals autofocus precision, core performance asus, asus core performance, core performance cheap, cheap core performance, core performance best, best core performance, core performance latest, latest core performance, core performance review, review core performance, core performance price, price core performance, core performance sell, sell core performance, core performance buy, buy core performance, core performance recommendation, recommendation core performance, core performance tips, tips core performance, core performance tutorial, tutorial core performance, core performance guide, guide core performance, core performance how to, how to core performance, core performance vs, vs core performance, core performance versus, versus core performance, core performance compared to, compared to core performance, core performance comparison, comparison core performance, core performance alternatives, alternatives core performance, core performance which is better, which is better core performance, core performance expensive, expensive core performance, core performance discount, discount core performance, core performance deals, deals core performance, core performance sale, sale core performance, core performance affordable, affordable core performance, core performance cost, cost core performance, core performance online, online core performance, core performance offline, offline core performance, core performance marketplace, marketplace core performance, core performance store, store core performance, core performance shop, shop core performance, core performance retailer, retailer core performance, core performance where to buy, where to buy core performance, core performance worst, worst core performance, core performance quality, quality core performance, core performance original, original core performance, core performance genuine, genuine core performance, core performance fake, fake core performance, core performance replica, replica core performance, core performance authentic, authentic core performance, core performance brand, brand core performance, core performance manufacturer, manufacturer core performance, core performance company, company core performance, core performance product, product core performance, core performance asus product, asus product core performance, core performance sell asus, sell asus core performance, core performance buy asus, buy asus core performance, core performance cheap asus, cheap asus core performance, core performance best asus, best asus core performance, core performance asus review, asus review core performance, core performance where to buy asus, where to buy asus core performance, core performance how to choose asus, how to choose asus core performance, core performance top asus, top asus core performance, core performance asus guide, asus guide core performance, core performance asus for sale, asus for sale core performance, core performance asus deals, asus deals core performance
2026-10-08 11:43:20,642 - INFO - Expanded 220 seed keywords to 385 variations
2026-10-08 11:43:20,643 - INFO - Language: en
2026-10-08 11:43:20,643 - INFO - Region: us
2026-10-08 11:47:50,935 - INFO - 🎯 After all filtering for 'asus': 119 relevant keywords
2026-10-08 11:47:52,504 - INFO - 🎯 Found 5 new keywords for niche 'asus': asus affordable autofocus precision, asus affordable core performance, cheap alternatives autofocus precision, cheap alternatives core performance, best authentic autofocus precision
2026-10-08 11:48:08,967 - INFO - ✅ Niche 'asus' process complete! 887 total keyword results.
2026-10-08 11:48:08,967 - INFO - ✅ Completed processing niche: 'asus'
2026-10-08 11:48:08,967 - INFO - 🔧 Request Handler final stats - Success rate: 100.0%
2026-10-08 11:48:08,968 - INFO -    Total requests: 217310, Blocks: 1
2026-10-08 11:48:08,969 - INFO - 
========================================
2026-10-08 11:48:08,969 - INFO - Process Summary:
2026-10-08 11:48:08,969 - INFO - - Current niche: 'asus'
2026-10-08 11:48:08,969 - INFO - - Next niche will be: 'philips'
2026-10-08 11:48:08,969 - INFO - - Keywords saved in: languages/english/keywords/asus/
2026-10-08 11:48:08,969 - INFO - ========================================
