2026-09-27 10:14:13,631 - INFO - Log file created at: /home/runner/work/potensitech.com/potensitech.com/languages/english/keywords/logs/kw_search_20260927_101413.log
2026-09-27 10:14:13,631 - INFO - ============================================================
2026-09-27 10:14:13,631 - INFO - AUTOMATIC KEYWORD RESEARCH TOOL
2026-09-27 10:14:13,631 - INFO - ============================================================
2026-09-27 10:14:14,031 - INFO - ========================================
2026-09-27 10:14:14,032 - INFO - Found 14 niches to process: xiaomi, iphone, samsung, apple, sony, asus, philips, sandisk, intel, nvidia, amd, canon, nikon, huawei
2026-09-27 10:14:14,032 - INFO - ========================================
2026-09-27 10:14:14,032 - INFO - Continuing from last processed niche: sandisk
2026-09-27 10:14:14,032 - INFO - ========================================
2026-09-27 10:14:14,032 - INFO - 🎯 PROCESSING NICHE 9/14: 'intel'
2026-09-27 10:14:14,032 - INFO - ========================================
2026-09-27 10:14:14,032 - INFO - 📁 Niche directory: /home/runner/work/potensitech.com/potensitech.com/languages/english/keywords/intel
2026-09-27 10:14:14,032 - INFO - Selected region: us
2026-09-27 10:14:14,032 - INFO - Selected language: en
2026-09-27 10:14:14,032 - INFO - 🎯 Current niche: intel
2026-09-27 10:14:24,953 - INFO - 🎯 Niche terms for filtering: intel, cheap, best, latest, review, price, sell, buy, recommendation, tips, tutorial, guide, how to, vs, versus, compared to, comparison, alternatives, which is better, expensive, discount, deals, sale, affordable, cost, online, offline, marketplace, store, shop, retailer, where to buy, worst, quality, original, genuine, fake, replica, authentic, brand, manufacturer, company, product, intel product, sell intel, buy intel, cheap intel, best intel, intel review, where to buy intel, how to choose intel, top intel, intel guide, intel for sale, intel deals
2026-09-27 10:14:24,953 - INFO - Generated 50 niche-clue pairs for 'intel'.
2026-09-27 10:14:24,957 - INFO - Expanded 50 seed keywords to 218 variations
2026-09-27 10:14:24,957 - INFO - 🔧 Request Handler initialized - Success rate: 100.0%
2026-09-27 10:18:51,165 - INFO - Original clue keywords: solid-state, usb storage
2026-09-27 10:18:51,165 - INFO - Niche-focused seeds: solid-state intel, intel solid-state, solid-state cheap, cheap solid-state, solid-state best, best solid-state, solid-state latest, latest solid-state, solid-state review, review solid-state, solid-state price, price solid-state, solid-state sell, sell solid-state, solid-state buy, buy solid-state, solid-state recommendation, recommendation solid-state, solid-state tips, tips solid-state, solid-state tutorial, tutorial solid-state, solid-state guide, guide solid-state, solid-state how to, how to solid-state, solid-state vs, vs solid-state, solid-state versus, versus solid-state, solid-state compared to, compared to solid-state, solid-state comparison, comparison solid-state, solid-state alternatives, alternatives solid-state, solid-state which is better, which is better solid-state, solid-state expensive, expensive solid-state, solid-state discount, discount solid-state, solid-state deals, deals solid-state, solid-state sale, sale solid-state, solid-state affordable, affordable solid-state, solid-state cost, cost solid-state, solid-state online, online solid-state, solid-state offline, offline solid-state, solid-state marketplace, marketplace solid-state, solid-state store, store solid-state, solid-state shop, shop solid-state, solid-state retailer, retailer solid-state, solid-state where to buy, where to buy solid-state, solid-state worst, worst solid-state, solid-state quality, quality solid-state, solid-state original, original solid-state, solid-state genuine, genuine solid-state, solid-state fake, fake solid-state, solid-state replica, replica solid-state, solid-state authentic, authentic solid-state, solid-state brand, brand solid-state, solid-state manufacturer, manufacturer solid-state, solid-state company, company solid-state, solid-state product, product solid-state, solid-state intel product, intel product solid-state, solid-state sell intel, sell intel solid-state, solid-state buy intel, buy intel solid-state, solid-state cheap intel, cheap intel solid-state, solid-state best intel, best intel solid-state, solid-state intel review, intel review solid-state, solid-state where to buy intel, where to buy intel solid-state, solid-state how to choose intel, how to choose intel solid-state, solid-state top intel, top intel solid-state, solid-state intel guide, intel guide solid-state, solid-state intel for sale, intel for sale solid-state, solid-state intel deals, intel deals solid-state, usb storage intel, intel usb storage, usb storage cheap, cheap usb storage, usb storage best, best usb storage, usb storage latest, latest usb storage, usb storage review, review usb storage, usb storage price, price usb storage, usb storage sell, sell usb storage, usb storage buy, buy usb storage, usb storage recommendation, recommendation usb storage, usb storage tips, tips usb storage, usb storage tutorial, tutorial usb storage, usb storage guide, guide usb storage, usb storage how to, how to usb storage, usb storage vs, vs usb storage, usb storage versus, versus usb storage, usb storage compared to, compared to usb storage, usb storage comparison, comparison usb storage, usb storage alternatives, alternatives usb storage, usb storage which is better, which is better usb storage, usb storage expensive, expensive usb storage, usb storage discount, discount usb storage, usb storage deals, deals usb storage, usb storage sale, sale usb storage, usb storage affordable, affordable usb storage, usb storage cost, cost usb storage, usb storage online, online usb storage, usb storage offline, offline usb storage, usb storage marketplace, marketplace usb storage, usb storage store, store usb storage, usb storage shop, shop usb storage, usb storage retailer, retailer usb storage, usb storage where to buy, where to buy usb storage, usb storage worst, worst usb storage, usb storage quality, quality usb storage, usb storage original, original usb storage, usb storage genuine, genuine usb storage, usb storage fake, fake usb storage, usb storage replica, replica usb storage, usb storage authentic, authentic usb storage, usb storage brand, brand usb storage, usb storage manufacturer, manufacturer usb storage, usb storage company, company usb storage, usb storage product, product usb storage, usb storage intel product, intel product usb storage, usb storage sell intel, sell intel usb storage, usb storage buy intel, buy intel usb storage, usb storage cheap intel, cheap intel usb storage, usb storage best intel, best intel usb storage, usb storage intel review, intel review usb storage, usb storage where to buy intel, where to buy intel usb storage, usb storage how to choose intel, how to choose intel usb storage, usb storage top intel, top intel usb storage, usb storage intel guide, intel guide usb storage, usb storage intel for sale, intel for sale usb storage, usb storage intel deals, intel deals usb storage
2026-09-27 10:18:51,169 - INFO - Expanded 220 seed keywords to 385 variations
2026-09-27 10:18:51,169 - INFO - Language: en
2026-09-27 10:18:51,169 - INFO - Region: us
2026-09-27 10:19:24,544 - INFO - 🎯 After all filtering for 'intel': 120 relevant keywords
2026-09-27 10:19:24,947 - INFO - 🎯 Found 5 new keywords for niche 'intel': intel affordable solid-state, cheap affordable solid-state, best affordable solid-state, intel alternatives solid-state, cheap alternatives solid-state
2026-09-27 10:19:40,806 - INFO - ✅ Niche 'intel' process complete! 1049 total keyword results.
2026-09-27 10:19:40,807 - INFO - ✅ Completed processing niche: 'intel'
2026-09-27 10:19:40,807 - INFO - 🔧 Request Handler final stats - Success rate: 100.0%
2026-09-27 10:19:40,807 - INFO -    Total requests: 207530, Blocks: 1
2026-09-27 10:19:40,808 - INFO - 
========================================
2026-09-27 10:19:40,808 - INFO - Process Summary:
2026-09-27 10:19:40,808 - INFO - - Current niche: 'intel'
2026-09-27 10:19:40,808 - INFO - - Next niche will be: 'nvidia'
2026-09-27 10:19:40,808 - INFO - - Keywords saved in: languages/english/keywords/intel/
2026-09-27 10:19:40,808 - INFO - ========================================
