2026-08-23 12:31:04,905 - INFO - Log file created at: /home/runner/work/potensitech.com/potensitech.com/languages/english/keywords/logs/kw_search_20260823_123104.log
2026-08-23 12:31:04,905 - INFO - ============================================================
2026-08-23 12:31:04,906 - INFO - AUTOMATIC KEYWORD RESEARCH TOOL
2026-08-23 12:31:04,906 - INFO - ============================================================
2026-08-23 12:31:05,203 - INFO - ========================================
2026-08-23 12:31:05,203 - INFO - Found 14 niches to process: xiaomi, iphone, samsung, apple, sony, asus, philips, sandisk, intel, nvidia, amd, canon, nikon, huawei
2026-08-23 12:31:05,203 - INFO - ========================================
2026-08-23 12:31:05,203 - INFO - Continuing from last processed niche: canon
2026-08-23 12:31:05,203 - INFO - ========================================
2026-08-23 12:31:05,203 - INFO - 🎯 PROCESSING NICHE 13/14: 'nikon'
2026-08-23 12:31:05,204 - INFO - ========================================
2026-08-23 12:31:05,204 - INFO - 📁 Niche directory: /home/runner/work/potensitech.com/potensitech.com/languages/english/keywords/nikon
2026-08-23 12:31:05,204 - INFO - Selected region: us
2026-08-23 12:31:05,204 - INFO - Selected language: en
2026-08-23 12:31:05,204 - INFO - 🎯 Current niche: nikon
2026-08-23 12:31:16,427 - INFO - 🎯 Niche terms for filtering: nikon, cheap, best, latest, review, price, sell, buy, recommendation, tips, tutorial, guide, how to, vs, versus, compared to, comparison, alternatives, which is better, expensive, discount, deals, sale, affordable, cost, online, offline, marketplace, store, shop, retailer, where to buy, worst, quality, original, genuine, fake, replica, authentic, brand, manufacturer, company, product, nikon product, sell nikon, buy nikon, cheap nikon, best nikon, nikon review, where to buy nikon, how to choose nikon, top nikon, nikon guide, nikon for sale, nikon deals
2026-08-23 12:31:16,427 - INFO - Generated 50 niche-clue pairs for 'nikon'.
2026-08-23 12:31:16,430 - INFO - Expanded 50 seed keywords to 218 variations
2026-08-23 12:31:16,431 - INFO - 🔧 Request Handler initialized - Success rate: 100.0%
2026-08-23 12:35:39,313 - INFO - Original clue keywords: data storage, camera lens
2026-08-23 12:35:39,313 - INFO - Niche-focused seeds: data storage nikon, nikon data storage, data storage cheap, cheap data storage, data storage best, best data storage, data storage latest, latest data storage, data storage review, review data storage, data storage price, price data storage, data storage sell, sell data storage, data storage buy, buy data storage, data storage recommendation, recommendation data storage, data storage tips, tips data storage, data storage tutorial, tutorial data storage, data storage guide, guide data storage, data storage how to, how to data storage, data storage vs, vs data storage, data storage versus, versus data storage, data storage compared to, compared to data storage, data storage comparison, comparison data storage, data storage alternatives, alternatives data storage, data storage which is better, which is better data storage, data storage expensive, expensive data storage, data storage discount, discount data storage, data storage deals, deals data storage, data storage sale, sale data storage, data storage affordable, affordable data storage, data storage cost, cost data storage, data storage online, online data storage, data storage offline, offline data storage, data storage marketplace, marketplace data storage, data storage store, store data storage, data storage shop, shop data storage, data storage retailer, retailer data storage, data storage where to buy, where to buy data storage, data storage worst, worst data storage, data storage quality, quality data storage, data storage original, original data storage, data storage genuine, genuine data storage, data storage fake, fake data storage, data storage replica, replica data storage, data storage authentic, authentic data storage, data storage brand, brand data storage, data storage manufacturer, manufacturer data storage, data storage company, company data storage, data storage product, product data storage, data storage nikon product, nikon product data storage, data storage sell nikon, sell nikon data storage, data storage buy nikon, buy nikon data storage, data storage cheap nikon, cheap nikon data storage, data storage best nikon, best nikon data storage, data storage nikon review, nikon review data storage, data storage where to buy nikon, where to buy nikon data storage, data storage how to choose nikon, how to choose nikon data storage, data storage top nikon, top nikon data storage, data storage nikon guide, nikon guide data storage, data storage nikon for sale, nikon for sale data storage, data storage nikon deals, nikon deals data storage, camera lens nikon, nikon camera lens, camera lens cheap, cheap camera lens, camera lens best, best camera lens, camera lens latest, latest camera lens, camera lens review, review camera lens, camera lens price, price camera lens, camera lens sell, sell camera lens, camera lens buy, buy camera lens, camera lens recommendation, recommendation camera lens, camera lens tips, tips camera lens, camera lens tutorial, tutorial camera lens, camera lens guide, guide camera lens, camera lens how to, how to camera lens, camera lens vs, vs camera lens, camera lens versus, versus camera lens, camera lens compared to, compared to camera lens, camera lens comparison, comparison camera lens, camera lens alternatives, alternatives camera lens, camera lens which is better, which is better camera lens, camera lens expensive, expensive camera lens, camera lens discount, discount camera lens, camera lens deals, deals camera lens, camera lens sale, sale camera lens, camera lens affordable, affordable camera lens, camera lens cost, cost camera lens, camera lens online, online camera lens, camera lens offline, offline camera lens, camera lens marketplace, marketplace camera lens, camera lens store, store camera lens, camera lens shop, shop camera lens, camera lens retailer, retailer camera lens, camera lens where to buy, where to buy camera lens, camera lens worst, worst camera lens, camera lens quality, quality camera lens, camera lens original, original camera lens, camera lens genuine, genuine camera lens, camera lens fake, fake camera lens, camera lens replica, replica camera lens, camera lens authentic, authentic camera lens, camera lens brand, brand camera lens, camera lens manufacturer, manufacturer camera lens, camera lens company, company camera lens, camera lens product, product camera lens, camera lens nikon product, nikon product camera lens, camera lens sell nikon, sell nikon camera lens, camera lens buy nikon, buy nikon camera lens, camera lens cheap nikon, cheap nikon camera lens, camera lens best nikon, best nikon camera lens, camera lens nikon review, nikon review camera lens, camera lens where to buy nikon, where to buy nikon camera lens, camera lens how to choose nikon, how to choose nikon camera lens, camera lens top nikon, top nikon camera lens, camera lens nikon guide, nikon guide camera lens, camera lens nikon for sale, nikon for sale camera lens, camera lens nikon deals, nikon deals camera lens
2026-08-23 12:35:39,317 - INFO - Expanded 220 seed keywords to 385 variations
2026-08-23 12:35:39,317 - INFO - Language: en
2026-08-23 12:35:39,317 - INFO - Region: us
2026-08-23 12:37:35,254 - INFO - 🎯 After all filtering for 'nikon': 120 relevant keywords
2026-08-23 12:37:36,423 - INFO - 🎯 Found 5 new keywords for niche 'nikon': nikon affordable camera lens, nikon affordable data storage, cheap alternatives data storage, best authentic data storage, how to brand data storage
2026-08-23 12:37:52,941 - INFO - ✅ Niche 'nikon' process complete! 675 total keyword results.
2026-08-23 12:37:52,942 - INFO - ✅ Completed processing niche: 'nikon'
2026-08-23 12:37:52,942 - INFO - 🔧 Request Handler final stats - Success rate: 100.0%
2026-08-23 12:37:52,942 - INFO -    Total requests: 178741, Blocks: 1
2026-08-23 12:37:52,943 - INFO - 
========================================
2026-08-23 12:37:52,943 - INFO - Process Summary:
2026-08-23 12:37:52,943 - INFO - - Current niche: 'nikon'
2026-08-23 12:37:52,943 - INFO - - Next niche will be: 'huawei'
2026-08-23 12:37:52,943 - INFO - - Keywords saved in: languages/english/keywords/nikon/
2026-08-23 12:37:52,944 - INFO - ========================================
