2026-08-02 22:32:40,096 - INFO - Log file created at: /home/runner/work/potensitech.com/potensitech.com/languages/english/keywords/logs/kw_search_20260802_223240.log
2026-08-02 22:32:40,096 - INFO - ============================================================
2026-08-02 22:32:40,096 - INFO - AUTOMATIC KEYWORD RESEARCH TOOL
2026-08-02 22:32:40,096 - INFO - ============================================================
2026-08-02 22:32:40,293 - INFO - ========================================
2026-08-02 22:32:40,293 - INFO - Found 14 niches to process: xiaomi, iphone, samsung, apple, sony, asus, philips, sandisk, intel, nvidia, amd, canon, nikon, huawei
2026-08-02 22:32:40,293 - INFO - ========================================
2026-08-02 22:32:40,294 - INFO - Continuing from last processed niche: apple
2026-08-02 22:32:40,294 - INFO - ========================================
2026-08-02 22:32:40,294 - INFO - 🎯 PROCESSING NICHE 5/14: 'sony'
2026-08-02 22:32:40,294 - INFO - ========================================
2026-08-02 22:32:40,294 - INFO - 📁 Niche directory: /home/runner/work/potensitech.com/potensitech.com/languages/english/keywords/sony
2026-08-02 22:32:40,294 - INFO - Selected region: us
2026-08-02 22:32:40,294 - INFO - Selected language: en
2026-08-02 22:32:40,294 - INFO - 🎯 Current niche: sony
2026-08-02 22:32:41,574 - INFO - 🎯 Niche terms for filtering: sony, cheap, best, latest, review, price, sell, buy, recommendation, tips, tutorial, guide, how to, vs, versus, compared to, comparison, alternatives, which is better, expensive, discount, deals, sale, affordable, cost, online, offline, marketplace, store, shop, retailer, where to buy, worst, quality, original, genuine, fake, replica, authentic, brand, manufacturer, company, product, sony product, sell sony, buy sony, cheap sony, best sony, sony review, where to buy sony, how to choose sony, top sony, sony guide, sony for sale, sony deals
2026-08-02 22:32:41,574 - INFO - Generated 50 niche-clue pairs for 'sony'.
2026-08-02 22:32:41,576 - INFO - Expanded 50 seed keywords to 218 variations
2026-08-02 22:32:41,576 - INFO - 🔧 Request Handler initialized - Success rate: 100.0%
2026-08-02 22:37:07,484 - INFO - Original clue keywords: solid state, mirrorless options
2026-08-02 22:37:07,484 - INFO - Niche-focused seeds: solid state sony, sony solid state, solid state cheap, cheap solid state, solid state best, best solid state, solid state latest, latest solid state, solid state review, review solid state, solid state price, price solid state, solid state sell, sell solid state, solid state buy, buy solid state, solid state recommendation, recommendation solid state, solid state tips, tips solid state, solid state tutorial, tutorial solid state, solid state guide, guide solid state, solid state how to, how to solid state, solid state vs, vs solid state, solid state versus, versus solid state, solid state compared to, compared to solid state, solid state comparison, comparison solid state, solid state alternatives, alternatives solid state, solid state which is better, which is better solid state, solid state expensive, expensive solid state, solid state discount, discount solid state, solid state deals, deals solid state, solid state sale, sale solid state, solid state affordable, affordable solid state, solid state cost, cost solid state, solid state online, online solid state, solid state offline, offline solid state, solid state marketplace, marketplace solid state, solid state store, store solid state, solid state shop, shop solid state, solid state retailer, retailer solid state, solid state where to buy, where to buy solid state, solid state worst, worst solid state, solid state quality, quality solid state, solid state original, original solid state, solid state genuine, genuine solid state, solid state fake, fake solid state, solid state replica, replica solid state, solid state authentic, authentic solid state, solid state brand, brand solid state, solid state manufacturer, manufacturer solid state, solid state company, company solid state, solid state product, product solid state, solid state sony product, sony product solid state, solid state sell sony, sell sony solid state, solid state buy sony, buy sony solid state, solid state cheap sony, cheap sony solid state, solid state best sony, best sony solid state, solid state sony review, sony review solid state, solid state where to buy sony, where to buy sony solid state, solid state how to choose sony, how to choose sony solid state, solid state top sony, top sony solid state, solid state sony guide, sony guide solid state, solid state sony for sale, sony for sale solid state, solid state sony deals, sony deals solid state, mirrorless options sony, sony mirrorless options, mirrorless options cheap, cheap mirrorless options, mirrorless options best, best mirrorless options, mirrorless options latest, latest mirrorless options, mirrorless options review, review mirrorless options, mirrorless options price, price mirrorless options, mirrorless options sell, sell mirrorless options, mirrorless options buy, buy mirrorless options, mirrorless options recommendation, recommendation mirrorless options, mirrorless options tips, tips mirrorless options, mirrorless options tutorial, tutorial mirrorless options, mirrorless options guide, guide mirrorless options, mirrorless options how to, how to mirrorless options, mirrorless options vs, vs mirrorless options, mirrorless options versus, versus mirrorless options, mirrorless options compared to, compared to mirrorless options, mirrorless options comparison, comparison mirrorless options, mirrorless options alternatives, alternatives mirrorless options, mirrorless options which is better, which is better mirrorless options, mirrorless options expensive, expensive mirrorless options, mirrorless options discount, discount mirrorless options, mirrorless options deals, deals mirrorless options, mirrorless options sale, sale mirrorless options, mirrorless options affordable, affordable mirrorless options, mirrorless options cost, cost mirrorless options, mirrorless options online, online mirrorless options, mirrorless options offline, offline mirrorless options, mirrorless options marketplace, marketplace mirrorless options, mirrorless options store, store mirrorless options, mirrorless options shop, shop mirrorless options, mirrorless options retailer, retailer mirrorless options, mirrorless options where to buy, where to buy mirrorless options, mirrorless options worst, worst mirrorless options, mirrorless options quality, quality mirrorless options, mirrorless options original, original mirrorless options, mirrorless options genuine, genuine mirrorless options, mirrorless options fake, fake mirrorless options, mirrorless options replica, replica mirrorless options, mirrorless options authentic, authentic mirrorless options, mirrorless options brand, brand mirrorless options, mirrorless options manufacturer, manufacturer mirrorless options, mirrorless options company, company mirrorless options, mirrorless options product, product mirrorless options, mirrorless options sony product, sony product mirrorless options, mirrorless options sell sony, sell sony mirrorless options, mirrorless options buy sony, buy sony mirrorless options, mirrorless options cheap sony, cheap sony mirrorless options, mirrorless options best sony, best sony mirrorless options, mirrorless options sony review, sony review mirrorless options, mirrorless options where to buy sony, where to buy sony mirrorless options, mirrorless options how to choose sony, how to choose sony mirrorless options, mirrorless options top sony, top sony mirrorless options, mirrorless options sony guide, sony guide mirrorless options, mirrorless options sony for sale, sony for sale mirrorless options, mirrorless options sony deals, sony deals mirrorless options
2026-08-02 22:37:07,486 - INFO - Expanded 220 seed keywords to 385 variations
2026-08-02 22:37:07,486 - INFO - Language: en
2026-08-02 22:37:07,486 - INFO - Region: us
2026-08-02 22:41:39,642 - INFO - 🎯 After all filtering for 'sony': 120 relevant keywords
2026-08-02 22:41:40,288 - INFO - 🎯 Found 5 new keywords for niche 'sony': sony affordable mirrorless options, sony affordable solid state, cheap alternatives mirrorless options, cheap alternatives solid state, best authentic mirrorless options
2026-08-02 22:41:42,127 - INFO - ✅ Niche 'sony' process complete! 621 total keyword results.
2026-08-02 22:41:42,127 - INFO - ✅ Completed processing niche: 'sony'
2026-08-02 22:41:42,127 - INFO - 🔧 Request Handler final stats - Success rate: 100.0%
2026-08-02 22:41:42,128 - INFO -    Total requests: 162989, Blocks: 1
2026-08-02 22:41:42,128 - INFO - 
========================================
2026-08-02 22:41:42,128 - INFO - Process Summary:
2026-08-02 22:41:42,128 - INFO - - Current niche: 'sony'
2026-08-02 22:41:42,128 - INFO - - Next niche will be: 'asus'
2026-08-02 22:41:42,128 - INFO - - Keywords saved in: languages/english/keywords/sony/
2026-08-02 22:41:42,129 - INFO - ========================================
