2026-08-10 12:58:17,458 - INFO - Log file created at: /home/runner/work/potensitech.com/potensitech.com/languages/english/keywords/logs/kw_search_20260810_125817.log
2026-08-10 12:58:17,458 - INFO - ============================================================
2026-08-10 12:58:17,458 - INFO - AUTOMATIC KEYWORD RESEARCH TOOL
2026-08-10 12:58:17,458 - INFO - ============================================================
2026-08-10 12:58:17,755 - INFO - ========================================
2026-08-10 12:58:17,755 - INFO - Found 14 niches to process: xiaomi, iphone, samsung, apple, sony, asus, philips, sandisk, intel, nvidia, amd, canon, nikon, huawei
2026-08-10 12:58:17,755 - INFO - ========================================
2026-08-10 12:58:17,755 - INFO - Continuing from last processed niche: sandisk
2026-08-10 12:58:17,755 - INFO - ========================================
2026-08-10 12:58:17,755 - INFO - 🎯 PROCESSING NICHE 9/14: 'intel'
2026-08-10 12:58:17,755 - INFO - ========================================
2026-08-10 12:58:17,755 - INFO - 📁 Niche directory: /home/runner/work/potensitech.com/potensitech.com/languages/english/keywords/intel
2026-08-10 12:58:17,755 - INFO - Selected region: us
2026-08-10 12:58:17,755 - INFO - Selected language: en
2026-08-10 12:58:17,755 - INFO - 🎯 Current niche: intel
2026-08-10 12:58:18,484 - INFO - 🎯 Niche terms for filtering: intel, cheap, best, latest, review, price, sell, buy, recommendation, tips, tutorial, guide, how to, vs, versus, compared to, comparison, alternatives, which is better, expensive, discount, deals, sale, affordable, cost, online, offline, marketplace, store, shop, retailer, where to buy, worst, quality, original, genuine, fake, replica, authentic, brand, manufacturer, company, product, intel product, sell intel, buy intel, cheap intel, best intel, intel review, where to buy intel, how to choose intel, top intel, intel guide, intel for sale, intel deals
2026-08-10 12:58:18,484 - INFO - Generated 50 niche-clue pairs for 'intel'.
2026-08-10 12:58:18,488 - INFO - Expanded 50 seed keywords to 218 variations
2026-08-10 12:58:18,488 - INFO - 🔧 Request Handler initialized - Success rate: 100.0%
2026-08-10 13:02:41,627 - INFO - Original clue keywords: mirrorless camera, battery life
2026-08-10 13:02:41,628 - INFO - Niche-focused seeds: mirrorless camera intel, intel mirrorless camera, mirrorless camera cheap, cheap mirrorless camera, mirrorless camera best, best mirrorless camera, mirrorless camera latest, latest mirrorless camera, mirrorless camera review, review mirrorless camera, mirrorless camera price, price mirrorless camera, mirrorless camera sell, sell mirrorless camera, mirrorless camera buy, buy mirrorless camera, mirrorless camera recommendation, recommendation mirrorless camera, mirrorless camera tips, tips mirrorless camera, mirrorless camera tutorial, tutorial mirrorless camera, mirrorless camera guide, guide mirrorless camera, mirrorless camera how to, how to mirrorless camera, mirrorless camera vs, vs mirrorless camera, mirrorless camera versus, versus mirrorless camera, mirrorless camera compared to, compared to mirrorless camera, mirrorless camera comparison, comparison mirrorless camera, mirrorless camera alternatives, alternatives mirrorless camera, mirrorless camera which is better, which is better mirrorless camera, mirrorless camera expensive, expensive mirrorless camera, mirrorless camera discount, discount mirrorless camera, mirrorless camera deals, deals mirrorless camera, mirrorless camera sale, sale mirrorless camera, mirrorless camera affordable, affordable mirrorless camera, mirrorless camera cost, cost mirrorless camera, mirrorless camera online, online mirrorless camera, mirrorless camera offline, offline mirrorless camera, mirrorless camera marketplace, marketplace mirrorless camera, mirrorless camera store, store mirrorless camera, mirrorless camera shop, shop mirrorless camera, mirrorless camera retailer, retailer mirrorless camera, mirrorless camera where to buy, where to buy mirrorless camera, mirrorless camera worst, worst mirrorless camera, mirrorless camera quality, quality mirrorless camera, mirrorless camera original, original mirrorless camera, mirrorless camera genuine, genuine mirrorless camera, mirrorless camera fake, fake mirrorless camera, mirrorless camera replica, replica mirrorless camera, mirrorless camera authentic, authentic mirrorless camera, mirrorless camera brand, brand mirrorless camera, mirrorless camera manufacturer, manufacturer mirrorless camera, mirrorless camera company, company mirrorless camera, mirrorless camera product, product mirrorless camera, mirrorless camera intel product, intel product mirrorless camera, mirrorless camera sell intel, sell intel mirrorless camera, mirrorless camera buy intel, buy intel mirrorless camera, mirrorless camera cheap intel, cheap intel mirrorless camera, mirrorless camera best intel, best intel mirrorless camera, mirrorless camera intel review, intel review mirrorless camera, mirrorless camera where to buy intel, where to buy intel mirrorless camera, mirrorless camera how to choose intel, how to choose intel mirrorless camera, mirrorless camera top intel, top intel mirrorless camera, mirrorless camera intel guide, intel guide mirrorless camera, mirrorless camera intel for sale, intel for sale mirrorless camera, mirrorless camera intel deals, intel deals mirrorless camera, battery life intel, intel battery life, battery life cheap, cheap battery life, battery life best, best battery life, battery life latest, latest battery life, battery life review, review battery life, battery life price, price battery life, battery life sell, sell battery life, battery life buy, buy battery life, battery life recommendation, recommendation battery life, battery life tips, tips battery life, battery life tutorial, tutorial battery life, battery life guide, guide battery life, battery life how to, how to battery life, battery life vs, vs battery life, battery life versus, versus battery life, battery life compared to, compared to battery life, battery life comparison, comparison battery life, battery life alternatives, alternatives battery life, battery life which is better, which is better battery life, battery life expensive, expensive battery life, battery life discount, discount battery life, battery life deals, deals battery life, battery life sale, sale battery life, battery life affordable, affordable battery life, battery life cost, cost battery life, battery life online, online battery life, battery life offline, offline battery life, battery life marketplace, marketplace battery life, battery life store, store battery life, battery life shop, shop battery life, battery life retailer, retailer battery life, battery life where to buy, where to buy battery life, battery life worst, worst battery life, battery life quality, quality battery life, battery life original, original battery life, battery life genuine, genuine battery life, battery life fake, fake battery life, battery life replica, replica battery life, battery life authentic, authentic battery life, battery life brand, brand battery life, battery life manufacturer, manufacturer battery life, battery life company, company battery life, battery life product, product battery life, battery life intel product, intel product battery life, battery life sell intel, sell intel battery life, battery life buy intel, buy intel battery life, battery life cheap intel, cheap intel battery life, battery life best intel, best intel battery life, battery life intel review, intel review battery life, battery life where to buy intel, where to buy intel battery life, battery life how to choose intel, how to choose intel battery life, battery life top intel, top intel battery life, battery life intel guide, intel guide battery life, battery life intel for sale, intel for sale battery life, battery life intel deals, intel deals battery life
2026-08-10 13:02:41,631 - INFO - Expanded 220 seed keywords to 385 variations
2026-08-10 13:02:41,631 - INFO - Language: en
2026-08-10 13:02:41,631 - INFO - Region: us
2026-08-10 13:07:13,745 - INFO - 🎯 After all filtering for 'intel': 120 relevant keywords
2026-08-10 13:07:14,961 - INFO - 🎯 Found 4 new keywords for niche 'intel': intel affordable battery life, intel affordable mirrorless camera, cheap alternatives mirrorless camera, best authentic mirrorless camera
2026-08-10 13:07:15,440 - INFO - ✅ Niche 'intel' process complete! 987 total keyword results.
2026-08-10 13:07:15,440 - INFO - ✅ Completed processing niche: 'intel'
2026-08-10 13:07:15,440 - INFO - 🔧 Request Handler final stats - Success rate: 100.0%
2026-08-10 13:07:15,440 - INFO -    Total requests: 168457, Blocks: 1
2026-08-10 13:07:15,441 - INFO - 
========================================
2026-08-10 13:07:15,441 - INFO - Process Summary:
2026-08-10 13:07:15,441 - INFO - - Current niche: 'intel'
2026-08-10 13:07:15,441 - INFO - - Next niche will be: 'nvidia'
2026-08-10 13:07:15,441 - INFO - - Keywords saved in: languages/english/keywords/intel/
2026-08-10 13:07:15,442 - INFO - ========================================
