2026-09-02 15:53:34,058 - INFO - Log file created at: /home/runner/work/potensitech.com/potensitech.com/languages/english/keywords/logs/kw_search_20260902_155334.log
2026-09-02 15:53:34,058 - INFO - ============================================================
2026-09-02 15:53:34,058 - INFO - AUTOMATIC KEYWORD RESEARCH TOOL
2026-09-02 15:53:34,058 - INFO - ============================================================
2026-09-02 15:53:34,324 - INFO - ========================================
2026-09-02 15:53:34,324 - INFO - Found 14 niches to process: xiaomi, iphone, samsung, apple, sony, asus, philips, sandisk, intel, nvidia, amd, canon, nikon, huawei
2026-09-02 15:53:34,324 - INFO - ========================================
2026-09-02 15:53:34,324 - INFO - All niches completed, starting over
2026-09-02 15:53:34,324 - INFO - ========================================
2026-09-02 15:53:34,324 - INFO - 🎯 PROCESSING NICHE 1/14: 'xiaomi'
2026-09-02 15:53:34,324 - INFO - ========================================
2026-09-02 15:53:34,324 - INFO - 📁 Niche directory: /home/runner/work/potensitech.com/potensitech.com/languages/english/keywords/xiaomi
2026-09-02 15:53:34,324 - INFO - Selected region: us
2026-09-02 15:53:34,324 - INFO - Selected language: en
2026-09-02 15:53:34,324 - INFO - 🎯 Current niche: xiaomi
2026-09-02 15:53:45,774 - INFO - 🎯 Niche terms for filtering: xiaomi, cheap, best, latest, review, price, sell, buy, recommendation, tips, tutorial, guide, how to, vs, versus, compared to, comparison, alternatives, which is better, expensive, discount, deals, sale, affordable, cost, online, offline, marketplace, store, shop, retailer, where to buy, worst, quality, original, genuine, fake, replica, authentic, brand, manufacturer, company, product, xiaomi product, sell xiaomi, buy xiaomi, cheap xiaomi, best xiaomi, xiaomi review, where to buy xiaomi, how to choose xiaomi, top xiaomi, xiaomi guide, xiaomi for sale, xiaomi deals
2026-09-02 15:53:45,774 - INFO - Generated 50 niche-clue pairs for 'xiaomi'.
2026-09-02 15:53:45,776 - INFO - Expanded 50 seed keywords to 218 variations
2026-09-02 15:53:45,776 - INFO - 🔧 Request Handler initialized - Success rate: 100.0%
2026-09-02 15:58:11,923 - INFO - Original clue keywords: electric-shaver, gaming
2026-09-02 15:58:11,923 - INFO - Niche-focused seeds: electric-shaver xiaomi, xiaomi electric-shaver, electric-shaver cheap, cheap electric-shaver, electric-shaver best, best electric-shaver, electric-shaver latest, latest electric-shaver, electric-shaver review, review electric-shaver, electric-shaver price, price electric-shaver, electric-shaver sell, sell electric-shaver, electric-shaver buy, buy electric-shaver, electric-shaver recommendation, recommendation electric-shaver, electric-shaver tips, tips electric-shaver, electric-shaver tutorial, tutorial electric-shaver, electric-shaver guide, guide electric-shaver, electric-shaver how to, how to electric-shaver, electric-shaver vs, vs electric-shaver, electric-shaver versus, versus electric-shaver, electric-shaver compared to, compared to electric-shaver, electric-shaver comparison, comparison electric-shaver, electric-shaver alternatives, alternatives electric-shaver, electric-shaver which is better, which is better electric-shaver, electric-shaver expensive, expensive electric-shaver, electric-shaver discount, discount electric-shaver, electric-shaver deals, deals electric-shaver, electric-shaver sale, sale electric-shaver, electric-shaver affordable, affordable electric-shaver, electric-shaver cost, cost electric-shaver, electric-shaver online, online electric-shaver, electric-shaver offline, offline electric-shaver, electric-shaver marketplace, marketplace electric-shaver, electric-shaver store, store electric-shaver, electric-shaver shop, shop electric-shaver, electric-shaver retailer, retailer electric-shaver, electric-shaver where to buy, where to buy electric-shaver, electric-shaver worst, worst electric-shaver, electric-shaver quality, quality electric-shaver, electric-shaver original, original electric-shaver, electric-shaver genuine, genuine electric-shaver, electric-shaver fake, fake electric-shaver, electric-shaver replica, replica electric-shaver, electric-shaver authentic, authentic electric-shaver, electric-shaver brand, brand electric-shaver, electric-shaver manufacturer, manufacturer electric-shaver, electric-shaver company, company electric-shaver, electric-shaver product, product electric-shaver, electric-shaver xiaomi product, xiaomi product electric-shaver, electric-shaver sell xiaomi, sell xiaomi electric-shaver, electric-shaver buy xiaomi, buy xiaomi electric-shaver, electric-shaver cheap xiaomi, cheap xiaomi electric-shaver, electric-shaver best xiaomi, best xiaomi electric-shaver, electric-shaver xiaomi review, xiaomi review electric-shaver, electric-shaver where to buy xiaomi, where to buy xiaomi electric-shaver, electric-shaver how to choose xiaomi, how to choose xiaomi electric-shaver, electric-shaver top xiaomi, top xiaomi electric-shaver, electric-shaver xiaomi guide, xiaomi guide electric-shaver, electric-shaver xiaomi for sale, xiaomi for sale electric-shaver, electric-shaver xiaomi deals, xiaomi deals electric-shaver, gaming xiaomi, xiaomi gaming, gaming cheap, cheap gaming, gaming best, best gaming, gaming latest, latest gaming, gaming review, review gaming, gaming price, price gaming, gaming sell, sell gaming, gaming buy, buy gaming, gaming recommendation, recommendation gaming, gaming tips, tips gaming, gaming tutorial, tutorial gaming, gaming guide, guide gaming, gaming how to, how to gaming, gaming vs, vs gaming, gaming versus, versus gaming, gaming compared to, compared to gaming, gaming comparison, comparison gaming, gaming alternatives, alternatives gaming, gaming which is better, which is better gaming, gaming expensive, expensive gaming, gaming discount, discount gaming, gaming deals, deals gaming, gaming sale, sale gaming, gaming affordable, affordable gaming, gaming cost, cost gaming, gaming online, online gaming, gaming offline, offline gaming, gaming marketplace, marketplace gaming, gaming store, store gaming, gaming shop, shop gaming, gaming retailer, retailer gaming, gaming where to buy, where to buy gaming, gaming worst, worst gaming, gaming quality, quality gaming, gaming original, original gaming, gaming genuine, genuine gaming, gaming fake, fake gaming, gaming replica, replica gaming, gaming authentic, authentic gaming, gaming brand, brand gaming, gaming manufacturer, manufacturer gaming, gaming company, company gaming, gaming product, product gaming, gaming xiaomi product, xiaomi product gaming, gaming sell xiaomi, sell xiaomi gaming, gaming buy xiaomi, buy xiaomi gaming, gaming cheap xiaomi, cheap xiaomi gaming, gaming best xiaomi, best xiaomi gaming, gaming xiaomi review, xiaomi review gaming, gaming where to buy xiaomi, where to buy xiaomi gaming, gaming how to choose xiaomi, how to choose xiaomi gaming, gaming top xiaomi, top xiaomi gaming, gaming xiaomi guide, xiaomi guide gaming, gaming xiaomi for sale, xiaomi for sale gaming, gaming xiaomi deals, xiaomi deals gaming
2026-09-02 15:58:11,925 - INFO - Expanded 220 seed keywords to 385 variations
2026-09-02 15:58:11,925 - INFO - Language: en
2026-09-02 15:58:11,925 - INFO - Region: us
2026-09-02 16:02:41,534 - INFO - 🎯 After all filtering for 'xiaomi': 120 relevant keywords
2026-09-02 16:02:41,736 - INFO - 🎯 Found 5 new keywords for niche 'xiaomi': xiaomi affordable electric-shaver, cheap affordable electric-shaver, best affordable electric-shaver, how to affordable electric-shaver, xiaomi affordable gaming
2026-09-02 16:02:58,439 - INFO - ✅ Niche 'xiaomi' process complete! 666 total keyword results.
2026-09-02 16:02:58,439 - INFO - ✅ Completed processing niche: 'xiaomi'
2026-09-02 16:02:58,439 - INFO - 🔧 Request Handler final stats - Success rate: 100.0%
2026-09-02 16:02:58,440 - INFO -    Total requests: 186557, Blocks: 1
2026-09-02 16:02:58,440 - INFO - 
========================================
2026-09-02 16:02:58,441 - INFO - Process Summary:
2026-09-02 16:02:58,441 - INFO - - Current niche: 'xiaomi'
2026-09-02 16:02:58,441 - INFO - - Next niche will be: 'iphone'
2026-09-02 16:02:58,441 - INFO - - Keywords saved in: languages/english/keywords/xiaomi/
2026-09-02 16:02:58,442 - INFO - ========================================
