2026-08-31 08:45:31,079 - INFO - Log file created at: /home/runner/work/potensitech.com/potensitech.com/languages/english/keywords/logs/kw_search_20260831_084531.log
2026-08-31 08:45:31,079 - INFO - ============================================================
2026-08-31 08:45:31,079 - INFO - AUTOMATIC KEYWORD RESEARCH TOOL
2026-08-31 08:45:31,079 - INFO - ============================================================
2026-08-31 08:45:31,425 - INFO - ========================================
2026-08-31 08:45:31,425 - INFO - Found 14 niches to process: xiaomi, iphone, samsung, apple, sony, asus, philips, sandisk, intel, nvidia, amd, canon, nikon, huawei
2026-08-31 08:45:31,425 - INFO - ========================================
2026-08-31 08:45:31,425 - INFO - Continuing from last processed niche: apple
2026-08-31 08:45:31,425 - INFO - ========================================
2026-08-31 08:45:31,425 - INFO - 🎯 PROCESSING NICHE 5/14: 'sony'
2026-08-31 08:45:31,425 - INFO - ========================================
2026-08-31 08:45:31,425 - INFO - 📁 Niche directory: /home/runner/work/potensitech.com/potensitech.com/languages/english/keywords/sony
2026-08-31 08:45:31,425 - INFO - Selected region: us
2026-08-31 08:45:31,425 - INFO - Selected language: en
2026-08-31 08:45:31,425 - INFO - 🎯 Current niche: sony
2026-08-31 08:45:42,577 - INFO - 🎯 Niche terms for filtering: sony, cheap, best, latest, review, price, sell, buy, recommendation, tips, tutorial, guide, how to, vs, versus, compared to, comparison, alternatives, which is better, expensive, discount, deals, sale, affordable, cost, online, offline, marketplace, store, shop, retailer, where to buy, worst, quality, original, genuine, fake, replica, authentic, brand, manufacturer, company, product, sony product, sell sony, buy sony, cheap sony, best sony, sony review, where to buy sony, how to choose sony, top sony, sony guide, sony for sale, sony deals
2026-08-31 08:45:42,577 - INFO - Generated 50 niche-clue pairs for 'sony'.
2026-08-31 08:45:42,580 - INFO - Expanded 50 seed keywords to 218 variations
2026-08-31 08:45:42,581 - INFO - 🔧 Request Handler initialized - Success rate: 100.0%
2026-08-31 08:50:01,609 - INFO - Original clue keywords: air-purifier, coffee-machine
2026-08-31 08:50:01,609 - INFO - Niche-focused seeds: air-purifier sony, sony air-purifier, air-purifier cheap, cheap air-purifier, air-purifier best, best air-purifier, air-purifier latest, latest air-purifier, air-purifier review, review air-purifier, air-purifier price, price air-purifier, air-purifier sell, sell air-purifier, air-purifier buy, buy air-purifier, air-purifier recommendation, recommendation air-purifier, air-purifier tips, tips air-purifier, air-purifier tutorial, tutorial air-purifier, air-purifier guide, guide air-purifier, air-purifier how to, how to air-purifier, air-purifier vs, vs air-purifier, air-purifier versus, versus air-purifier, air-purifier compared to, compared to air-purifier, air-purifier comparison, comparison air-purifier, air-purifier alternatives, alternatives air-purifier, air-purifier which is better, which is better air-purifier, air-purifier expensive, expensive air-purifier, air-purifier discount, discount air-purifier, air-purifier deals, deals air-purifier, air-purifier sale, sale air-purifier, air-purifier affordable, affordable air-purifier, air-purifier cost, cost air-purifier, air-purifier online, online air-purifier, air-purifier offline, offline air-purifier, air-purifier marketplace, marketplace air-purifier, air-purifier store, store air-purifier, air-purifier shop, shop air-purifier, air-purifier retailer, retailer air-purifier, air-purifier where to buy, where to buy air-purifier, air-purifier worst, worst air-purifier, air-purifier quality, quality air-purifier, air-purifier original, original air-purifier, air-purifier genuine, genuine air-purifier, air-purifier fake, fake air-purifier, air-purifier replica, replica air-purifier, air-purifier authentic, authentic air-purifier, air-purifier brand, brand air-purifier, air-purifier manufacturer, manufacturer air-purifier, air-purifier company, company air-purifier, air-purifier product, product air-purifier, air-purifier sony product, sony product air-purifier, air-purifier sell sony, sell sony air-purifier, air-purifier buy sony, buy sony air-purifier, air-purifier cheap sony, cheap sony air-purifier, air-purifier best sony, best sony air-purifier, air-purifier sony review, sony review air-purifier, air-purifier where to buy sony, where to buy sony air-purifier, air-purifier how to choose sony, how to choose sony air-purifier, air-purifier top sony, top sony air-purifier, air-purifier sony guide, sony guide air-purifier, air-purifier sony for sale, sony for sale air-purifier, air-purifier sony deals, sony deals air-purifier, coffee-machine sony, sony coffee-machine, coffee-machine cheap, cheap coffee-machine, coffee-machine best, best coffee-machine, coffee-machine latest, latest coffee-machine, coffee-machine review, review coffee-machine, coffee-machine price, price coffee-machine, coffee-machine sell, sell coffee-machine, coffee-machine buy, buy coffee-machine, coffee-machine recommendation, recommendation coffee-machine, coffee-machine tips, tips coffee-machine, coffee-machine tutorial, tutorial coffee-machine, coffee-machine guide, guide coffee-machine, coffee-machine how to, how to coffee-machine, coffee-machine vs, vs coffee-machine, coffee-machine versus, versus coffee-machine, coffee-machine compared to, compared to coffee-machine, coffee-machine comparison, comparison coffee-machine, coffee-machine alternatives, alternatives coffee-machine, coffee-machine which is better, which is better coffee-machine, coffee-machine expensive, expensive coffee-machine, coffee-machine discount, discount coffee-machine, coffee-machine deals, deals coffee-machine, coffee-machine sale, sale coffee-machine, coffee-machine affordable, affordable coffee-machine, coffee-machine cost, cost coffee-machine, coffee-machine online, online coffee-machine, coffee-machine offline, offline coffee-machine, coffee-machine marketplace, marketplace coffee-machine, coffee-machine store, store coffee-machine, coffee-machine shop, shop coffee-machine, coffee-machine retailer, retailer coffee-machine, coffee-machine where to buy, where to buy coffee-machine, coffee-machine worst, worst coffee-machine, coffee-machine quality, quality coffee-machine, coffee-machine original, original coffee-machine, coffee-machine genuine, genuine coffee-machine, coffee-machine fake, fake coffee-machine, coffee-machine replica, replica coffee-machine, coffee-machine authentic, authentic coffee-machine, coffee-machine brand, brand coffee-machine, coffee-machine manufacturer, manufacturer coffee-machine, coffee-machine company, company coffee-machine, coffee-machine product, product coffee-machine, coffee-machine sony product, sony product coffee-machine, coffee-machine sell sony, sell sony coffee-machine, coffee-machine buy sony, buy sony coffee-machine, coffee-machine cheap sony, cheap sony coffee-machine, coffee-machine best sony, best sony coffee-machine, coffee-machine sony review, sony review coffee-machine, coffee-machine where to buy sony, where to buy sony coffee-machine, coffee-machine how to choose sony, how to choose sony coffee-machine, coffee-machine top sony, top sony coffee-machine, coffee-machine sony guide, sony guide coffee-machine, coffee-machine sony for sale, sony for sale coffee-machine, coffee-machine sony deals, sony deals coffee-machine
2026-08-31 08:50:01,612 - INFO - Expanded 220 seed keywords to 385 variations
2026-08-31 08:50:01,612 - INFO - Language: en
2026-08-31 08:50:01,612 - INFO - Region: us
2026-08-31 08:54:34,122 - INFO - 🎯 After all filtering for 'sony': 120 relevant keywords
2026-08-31 08:54:34,361 - INFO - 🎯 Found 5 new keywords for niche 'sony': sony affordable air-purifier, cheap affordable air-purifier, best affordable air-purifier, how to affordable air-purifier, sony affordable coffee-machine
2026-08-31 08:54:50,707 - INFO - ✅ Niche 'sony' process complete! 660 total keyword results.
2026-08-31 08:54:50,707 - INFO - ✅ Completed processing niche: 'sony'
2026-08-31 08:54:50,707 - INFO - 🔧 Request Handler final stats - Success rate: 100.0%
2026-08-31 08:54:50,707 - INFO -    Total requests: 184516, Blocks: 1
2026-08-31 08:54:50,708 - INFO - 
========================================
2026-08-31 08:54:50,708 - INFO - Process Summary:
2026-08-31 08:54:50,708 - INFO - - Current niche: 'sony'
2026-08-31 08:54:50,708 - INFO - - Next niche will be: 'asus'
2026-08-31 08:54:50,708 - INFO - - Keywords saved in: languages/english/keywords/sony/
2026-08-31 08:54:50,710 - INFO - ========================================
