2026-08-22 17:00:25,304 - INFO - Log file created at: /home/runner/work/potensitech.com/potensitech.com/languages/english/keywords/logs/kw_search_20260822_170025.log
2026-08-22 17:00:25,304 - INFO - ============================================================
2026-08-22 17:00:25,304 - INFO - AUTOMATIC KEYWORD RESEARCH TOOL
2026-08-22 17:00:25,304 - INFO - ============================================================
2026-08-22 17:00:25,607 - INFO - ========================================
2026-08-22 17:00:25,607 - INFO - Found 14 niches to process: xiaomi, iphone, samsung, apple, sony, asus, philips, sandisk, intel, nvidia, amd, canon, nikon, huawei
2026-08-22 17:00:25,607 - INFO - ========================================
2026-08-22 17:00:25,607 - INFO - Continuing from last processed niche: apple
2026-08-22 17:00:25,607 - INFO - ========================================
2026-08-22 17:00:25,607 - INFO - 🎯 PROCESSING NICHE 5/14: 'sony'
2026-08-22 17:00:25,607 - INFO - ========================================
2026-08-22 17:00:25,607 - INFO - 📁 Niche directory: /home/runner/work/potensitech.com/potensitech.com/languages/english/keywords/sony
2026-08-22 17:00:25,607 - INFO - Selected region: us
2026-08-22 17:00:25,607 - INFO - Selected language: en
2026-08-22 17:00:25,607 - INFO - 🎯 Current niche: sony
2026-08-22 17:00:36,732 - INFO - 🎯 Niche terms for filtering: sony, cheap, best, latest, review, price, sell, buy, recommendation, tips, tutorial, guide, how to, vs, versus, compared to, comparison, alternatives, which is better, expensive, discount, deals, sale, affordable, cost, online, offline, marketplace, store, shop, retailer, where to buy, worst, quality, original, genuine, fake, replica, authentic, brand, manufacturer, company, product, sony product, sell sony, buy sony, cheap sony, best sony, sony review, where to buy sony, how to choose sony, top sony, sony guide, sony for sale, sony deals
2026-08-22 17:00:36,732 - INFO - Generated 50 niche-clue pairs for 'sony'.
2026-08-22 17:00:36,734 - INFO - Expanded 50 seed keywords to 218 variations
2026-08-22 17:00:36,734 - INFO - 🔧 Request Handler initialized - Success rate: 100.0%
2026-08-22 17:05:01,020 - INFO - Original clue keywords: gpu performance, data storage
2026-08-22 17:05:01,020 - INFO - Niche-focused seeds: gpu performance sony, sony gpu performance, gpu performance cheap, cheap gpu performance, gpu performance best, best gpu performance, gpu performance latest, latest gpu performance, gpu performance review, review gpu performance, gpu performance price, price gpu performance, gpu performance sell, sell gpu performance, gpu performance buy, buy gpu performance, gpu performance recommendation, recommendation gpu performance, gpu performance tips, tips gpu performance, gpu performance tutorial, tutorial gpu performance, gpu performance guide, guide gpu performance, gpu performance how to, how to gpu performance, gpu performance vs, vs gpu performance, gpu performance versus, versus gpu performance, gpu performance compared to, compared to gpu performance, gpu performance comparison, comparison gpu performance, gpu performance alternatives, alternatives gpu performance, gpu performance which is better, which is better gpu performance, gpu performance expensive, expensive gpu performance, gpu performance discount, discount gpu performance, gpu performance deals, deals gpu performance, gpu performance sale, sale gpu performance, gpu performance affordable, affordable gpu performance, gpu performance cost, cost gpu performance, gpu performance online, online gpu performance, gpu performance offline, offline gpu performance, gpu performance marketplace, marketplace gpu performance, gpu performance store, store gpu performance, gpu performance shop, shop gpu performance, gpu performance retailer, retailer gpu performance, gpu performance where to buy, where to buy gpu performance, gpu performance worst, worst gpu performance, gpu performance quality, quality gpu performance, gpu performance original, original gpu performance, gpu performance genuine, genuine gpu performance, gpu performance fake, fake gpu performance, gpu performance replica, replica gpu performance, gpu performance authentic, authentic gpu performance, gpu performance brand, brand gpu performance, gpu performance manufacturer, manufacturer gpu performance, gpu performance company, company gpu performance, gpu performance product, product gpu performance, gpu performance sony product, sony product gpu performance, gpu performance sell sony, sell sony gpu performance, gpu performance buy sony, buy sony gpu performance, gpu performance cheap sony, cheap sony gpu performance, gpu performance best sony, best sony gpu performance, gpu performance sony review, sony review gpu performance, gpu performance where to buy sony, where to buy sony gpu performance, gpu performance how to choose sony, how to choose sony gpu performance, gpu performance top sony, top sony gpu performance, gpu performance sony guide, sony guide gpu performance, gpu performance sony for sale, sony for sale gpu performance, gpu performance sony deals, sony deals gpu performance, data storage sony, sony data storage, data storage cheap, cheap data storage, data storage best, best data storage, data storage latest, latest data storage, data storage review, review data storage, data storage price, price data storage, data storage sell, sell data storage, data storage buy, buy data storage, data storage recommendation, recommendation data storage, data storage tips, tips data storage, data storage tutorial, tutorial data storage, data storage guide, guide data storage, data storage how to, how to data storage, data storage vs, vs data storage, data storage versus, versus data storage, data storage compared to, compared to data storage, data storage comparison, comparison data storage, data storage alternatives, alternatives data storage, data storage which is better, which is better data storage, data storage expensive, expensive data storage, data storage discount, discount data storage, data storage deals, deals data storage, data storage sale, sale data storage, data storage affordable, affordable data storage, data storage cost, cost data storage, data storage online, online data storage, data storage offline, offline data storage, data storage marketplace, marketplace data storage, data storage store, store data storage, data storage shop, shop data storage, data storage retailer, retailer data storage, data storage where to buy, where to buy data storage, data storage worst, worst data storage, data storage quality, quality data storage, data storage original, original data storage, data storage genuine, genuine data storage, data storage fake, fake data storage, data storage replica, replica data storage, data storage authentic, authentic data storage, data storage brand, brand data storage, data storage manufacturer, manufacturer data storage, data storage company, company data storage, data storage product, product data storage, data storage sony product, sony product data storage, data storage sell sony, sell sony data storage, data storage buy sony, buy sony data storage, data storage cheap sony, cheap sony data storage, data storage best sony, best sony data storage, data storage sony review, sony review data storage, data storage where to buy sony, where to buy sony data storage, data storage how to choose sony, how to choose sony data storage, data storage top sony, top sony data storage, data storage sony guide, sony guide data storage, data storage sony for sale, sony for sale data storage, data storage sony deals, sony deals data storage
2026-08-22 17:05:01,022 - INFO - Expanded 220 seed keywords to 385 variations
2026-08-22 17:05:01,022 - INFO - Language: en
2026-08-22 17:05:01,022 - INFO - Region: us
2026-08-22 17:07:24,231 - INFO - 🎯 After all filtering for 'sony': 120 relevant keywords
2026-08-22 17:07:25,059 - INFO - 🎯 Found 5 new keywords for niche 'sony': sony affordable data storage, sony affordable gpu performance, cheap alternatives data storage, best authentic data storage, how to brand data storage
2026-08-22 17:07:41,578 - INFO - ✅ Niche 'sony' process complete! 648 total keyword results.
2026-08-22 17:07:41,578 - INFO - ✅ Completed processing niche: 'sony'
2026-08-22 17:07:41,578 - INFO - 🔧 Request Handler final stats - Success rate: 100.0%
2026-08-22 17:07:41,578 - INFO -    Total requests: 178167, Blocks: 1
2026-08-22 17:07:41,579 - INFO - 
========================================
2026-08-22 17:07:41,579 - INFO - Process Summary:
2026-08-22 17:07:41,579 - INFO - - Current niche: 'sony'
2026-08-22 17:07:41,579 - INFO - - Next niche will be: 'asus'
2026-08-22 17:07:41,579 - INFO - - Keywords saved in: languages/english/keywords/sony/
2026-08-22 17:07:41,579 - INFO - ========================================
