2026-09-24 22:21:18,069 - INFO - Log file created at: /home/runner/work/potensitech.com/potensitech.com/languages/english/keywords/logs/kw_search_20260924_222118.log
2026-09-24 22:21:18,069 - INFO - ============================================================
2026-09-24 22:21:18,069 - INFO - AUTOMATIC KEYWORD RESEARCH TOOL
2026-09-24 22:21:18,069 - INFO - ============================================================
2026-09-24 22:21:18,383 - INFO - ========================================
2026-09-24 22:21:18,383 - INFO - Found 14 niches to process: xiaomi, iphone, samsung, apple, sony, asus, philips, sandisk, intel, nvidia, amd, canon, nikon, huawei
2026-09-24 22:21:18,383 - INFO - ========================================
2026-09-24 22:21:18,383 - INFO - Continuing from last processed niche: canon
2026-09-24 22:21:18,383 - INFO - ========================================
2026-09-24 22:21:18,383 - INFO - 🎯 PROCESSING NICHE 13/14: 'nikon'
2026-09-24 22:21:18,383 - INFO - ========================================
2026-09-24 22:21:18,383 - INFO - 📁 Niche directory: /home/runner/work/potensitech.com/potensitech.com/languages/english/keywords/nikon
2026-09-24 22:21:18,383 - INFO - Selected region: us
2026-09-24 22:21:18,383 - INFO - Selected language: en
2026-09-24 22:21:18,383 - INFO - 🎯 Current niche: nikon
2026-09-24 22:21:29,262 - INFO - 🎯 Niche terms for filtering: nikon, cheap, best, latest, review, price, sell, buy, recommendation, tips, tutorial, guide, how to, vs, versus, compared to, comparison, alternatives, which is better, expensive, discount, deals, sale, affordable, cost, online, offline, marketplace, store, shop, retailer, where to buy, worst, quality, original, genuine, fake, replica, authentic, brand, manufacturer, company, product, nikon product, sell nikon, buy nikon, cheap nikon, best nikon, nikon review, where to buy nikon, how to choose nikon, top nikon, nikon guide, nikon for sale, nikon deals
2026-09-24 22:21:29,262 - INFO - Generated 50 niche-clue pairs for 'nikon'.
2026-09-24 22:21:29,265 - INFO - Expanded 50 seed keywords to 218 variations
2026-09-24 22:21:29,265 - INFO - 🔧 Request Handler initialized - Success rate: 100.0%
2026-09-24 22:25:52,576 - INFO - Original clue keywords: overclocking capability, core speed
2026-09-24 22:25:52,576 - INFO - Niche-focused seeds: overclocking capability nikon, nikon overclocking capability, overclocking capability cheap, cheap overclocking capability, overclocking capability best, best overclocking capability, overclocking capability latest, latest overclocking capability, overclocking capability review, review overclocking capability, overclocking capability price, price overclocking capability, overclocking capability sell, sell overclocking capability, overclocking capability buy, buy overclocking capability, overclocking capability recommendation, recommendation overclocking capability, overclocking capability tips, tips overclocking capability, overclocking capability tutorial, tutorial overclocking capability, overclocking capability guide, guide overclocking capability, overclocking capability how to, how to overclocking capability, overclocking capability vs, vs overclocking capability, overclocking capability versus, versus overclocking capability, overclocking capability compared to, compared to overclocking capability, overclocking capability comparison, comparison overclocking capability, overclocking capability alternatives, alternatives overclocking capability, overclocking capability which is better, which is better overclocking capability, overclocking capability expensive, expensive overclocking capability, overclocking capability discount, discount overclocking capability, overclocking capability deals, deals overclocking capability, overclocking capability sale, sale overclocking capability, overclocking capability affordable, affordable overclocking capability, overclocking capability cost, cost overclocking capability, overclocking capability online, online overclocking capability, overclocking capability offline, offline overclocking capability, overclocking capability marketplace, marketplace overclocking capability, overclocking capability store, store overclocking capability, overclocking capability shop, shop overclocking capability, overclocking capability retailer, retailer overclocking capability, overclocking capability where to buy, where to buy overclocking capability, overclocking capability worst, worst overclocking capability, overclocking capability quality, quality overclocking capability, overclocking capability original, original overclocking capability, overclocking capability genuine, genuine overclocking capability, overclocking capability fake, fake overclocking capability, overclocking capability replica, replica overclocking capability, overclocking capability authentic, authentic overclocking capability, overclocking capability brand, brand overclocking capability, overclocking capability manufacturer, manufacturer overclocking capability, overclocking capability company, company overclocking capability, overclocking capability product, product overclocking capability, overclocking capability nikon product, nikon product overclocking capability, overclocking capability sell nikon, sell nikon overclocking capability, overclocking capability buy nikon, buy nikon overclocking capability, overclocking capability cheap nikon, cheap nikon overclocking capability, overclocking capability best nikon, best nikon overclocking capability, overclocking capability nikon review, nikon review overclocking capability, overclocking capability where to buy nikon, where to buy nikon overclocking capability, overclocking capability how to choose nikon, how to choose nikon overclocking capability, overclocking capability top nikon, top nikon overclocking capability, overclocking capability nikon guide, nikon guide overclocking capability, overclocking capability nikon for sale, nikon for sale overclocking capability, overclocking capability nikon deals, nikon deals overclocking capability, core speed nikon, nikon core speed, core speed cheap, cheap core speed, core speed best, best core speed, core speed latest, latest core speed, core speed review, review core speed, core speed price, price core speed, core speed sell, sell core speed, core speed buy, buy core speed, core speed recommendation, recommendation core speed, core speed tips, tips core speed, core speed tutorial, tutorial core speed, core speed guide, guide core speed, core speed how to, how to core speed, core speed vs, vs core speed, core speed versus, versus core speed, core speed compared to, compared to core speed, core speed comparison, comparison core speed, core speed alternatives, alternatives core speed, core speed which is better, which is better core speed, core speed expensive, expensive core speed, core speed discount, discount core speed, core speed deals, deals core speed, core speed sale, sale core speed, core speed affordable, affordable core speed, core speed cost, cost core speed, core speed online, online core speed, core speed offline, offline core speed, core speed marketplace, marketplace core speed, core speed store, store core speed, core speed shop, shop core speed, core speed retailer, retailer core speed, core speed where to buy, where to buy core speed, core speed worst, worst core speed, core speed quality, quality core speed, core speed original, original core speed, core speed genuine, genuine core speed, core speed fake, fake core speed, core speed replica, replica core speed, core speed authentic, authentic core speed, core speed brand, brand core speed, core speed manufacturer, manufacturer core speed, core speed company, company core speed, core speed product, product core speed, core speed nikon product, nikon product core speed, core speed sell nikon, sell nikon core speed, core speed buy nikon, buy nikon core speed, core speed cheap nikon, cheap nikon core speed, core speed best nikon, best nikon core speed, core speed nikon review, nikon review core speed, core speed where to buy nikon, where to buy nikon core speed, core speed how to choose nikon, how to choose nikon core speed, core speed top nikon, top nikon core speed, core speed nikon guide, nikon guide core speed, core speed nikon for sale, nikon for sale core speed, core speed nikon deals, nikon deals core speed
2026-09-24 22:25:52,579 - INFO - Expanded 220 seed keywords to 385 variations
2026-09-24 22:25:52,579 - INFO - Language: en
2026-09-24 22:25:52,579 - INFO - Region: us
2026-09-24 22:28:19,948 - INFO - 🎯 After all filtering for 'nikon': 120 relevant keywords
2026-09-24 22:28:22,170 - INFO - 🎯 Found 5 new keywords for niche 'nikon': nikon affordable core speed, nikon affordable overclocking capability, cheap alternatives core speed, best authentic core speed, how to brand core speed
2026-09-24 22:28:38,131 - INFO - ✅ Niche 'nikon' process complete! 717 total keyword results.
2026-09-24 22:28:38,132 - INFO - ✅ Completed processing niche: 'nikon'
2026-09-24 22:28:38,132 - INFO - 🔧 Request Handler final stats - Success rate: 100.0%
2026-09-24 22:28:38,132 - INFO -    Total requests: 205391, Blocks: 1
2026-09-24 22:28:38,133 - INFO - 
========================================
2026-09-24 22:28:38,133 - INFO - Process Summary:
2026-09-24 22:28:38,133 - INFO - - Current niche: 'nikon'
2026-09-24 22:28:38,133 - INFO - - Next niche will be: 'huawei'
2026-09-24 22:28:38,133 - INFO - - Keywords saved in: languages/english/keywords/nikon/
2026-09-24 22:28:38,133 - INFO - ========================================
