2026-09-16 23:48:21,525 - INFO - Log file created at: /home/runner/work/potensitech.com/potensitech.com/languages/english/keywords/logs/kw_search_20260916_234821.log
2026-09-16 23:48:21,525 - INFO - ============================================================
2026-09-16 23:48:21,525 - INFO - AUTOMATIC KEYWORD RESEARCH TOOL
2026-09-16 23:48:21,525 - INFO - ============================================================
2026-09-16 23:48:21,853 - INFO - ========================================
2026-09-16 23:48:21,853 - INFO - Found 14 niches to process: xiaomi, iphone, samsung, apple, sony, asus, philips, sandisk, intel, nvidia, amd, canon, nikon, huawei
2026-09-16 23:48:21,853 - INFO - ========================================
2026-09-16 23:48:21,853 - INFO - Continuing from last processed niche: samsung
2026-09-16 23:48:21,853 - INFO - ========================================
2026-09-16 23:48:21,853 - INFO - 🎯 PROCESSING NICHE 4/14: 'apple'
2026-09-16 23:48:21,853 - INFO - ========================================
2026-09-16 23:48:21,853 - INFO - 📁 Niche directory: /home/runner/work/potensitech.com/potensitech.com/languages/english/keywords/apple
2026-09-16 23:48:21,853 - INFO - Selected region: us
2026-09-16 23:48:21,853 - INFO - Selected language: en
2026-09-16 23:48:21,853 - INFO - 🎯 Current niche: apple
2026-09-16 23:48:33,320 - INFO - 🎯 Niche terms for filtering: apple, cheap, best, latest, review, price, sell, buy, recommendation, tips, tutorial, guide, how to, vs, versus, compared to, comparison, alternatives, which is better, expensive, discount, deals, sale, affordable, cost, online, offline, marketplace, store, shop, retailer, where to buy, worst, quality, original, genuine, fake, replica, authentic, brand, manufacturer, company, product, apple product, sell apple, buy apple, cheap apple, best apple, apple review, where to buy apple, how to choose apple, top apple, apple guide, apple for sale, apple deals
2026-09-16 23:48:33,320 - INFO - Generated 50 niche-clue pairs for 'apple'.
2026-09-16 23:48:33,322 - INFO - Expanded 50 seed keywords to 218 variations
2026-09-16 23:48:33,323 - INFO - 🔧 Request Handler initialized - Success rate: 100.0%
2026-09-16 23:52:54,891 - INFO - Original clue keywords: electric toothbrushes, home appliances
2026-09-16 23:52:54,891 - INFO - Niche-focused seeds: electric toothbrushes apple, apple electric toothbrushes, electric toothbrushes cheap, cheap electric toothbrushes, electric toothbrushes best, best electric toothbrushes, electric toothbrushes latest, latest electric toothbrushes, electric toothbrushes review, review electric toothbrushes, electric toothbrushes price, price electric toothbrushes, electric toothbrushes sell, sell electric toothbrushes, electric toothbrushes buy, buy electric toothbrushes, electric toothbrushes recommendation, recommendation electric toothbrushes, electric toothbrushes tips, tips electric toothbrushes, electric toothbrushes tutorial, tutorial electric toothbrushes, electric toothbrushes guide, guide electric toothbrushes, electric toothbrushes how to, how to electric toothbrushes, electric toothbrushes vs, vs electric toothbrushes, electric toothbrushes versus, versus electric toothbrushes, electric toothbrushes compared to, compared to electric toothbrushes, electric toothbrushes comparison, comparison electric toothbrushes, electric toothbrushes alternatives, alternatives electric toothbrushes, electric toothbrushes which is better, which is better electric toothbrushes, electric toothbrushes expensive, expensive electric toothbrushes, electric toothbrushes discount, discount electric toothbrushes, electric toothbrushes deals, deals electric toothbrushes, electric toothbrushes sale, sale electric toothbrushes, electric toothbrushes affordable, affordable electric toothbrushes, electric toothbrushes cost, cost electric toothbrushes, electric toothbrushes online, online electric toothbrushes, electric toothbrushes offline, offline electric toothbrushes, electric toothbrushes marketplace, marketplace electric toothbrushes, electric toothbrushes store, store electric toothbrushes, electric toothbrushes shop, shop electric toothbrushes, electric toothbrushes retailer, retailer electric toothbrushes, electric toothbrushes where to buy, where to buy electric toothbrushes, electric toothbrushes worst, worst electric toothbrushes, electric toothbrushes quality, quality electric toothbrushes, electric toothbrushes original, original electric toothbrushes, electric toothbrushes genuine, genuine electric toothbrushes, electric toothbrushes fake, fake electric toothbrushes, electric toothbrushes replica, replica electric toothbrushes, electric toothbrushes authentic, authentic electric toothbrushes, electric toothbrushes brand, brand electric toothbrushes, electric toothbrushes manufacturer, manufacturer electric toothbrushes, electric toothbrushes company, company electric toothbrushes, electric toothbrushes product, product electric toothbrushes, electric toothbrushes apple product, apple product electric toothbrushes, electric toothbrushes sell apple, sell apple electric toothbrushes, electric toothbrushes buy apple, buy apple electric toothbrushes, electric toothbrushes cheap apple, cheap apple electric toothbrushes, electric toothbrushes best apple, best apple electric toothbrushes, electric toothbrushes apple review, apple review electric toothbrushes, electric toothbrushes where to buy apple, where to buy apple electric toothbrushes, electric toothbrushes how to choose apple, how to choose apple electric toothbrushes, electric toothbrushes top apple, top apple electric toothbrushes, electric toothbrushes apple guide, apple guide electric toothbrushes, electric toothbrushes apple for sale, apple for sale electric toothbrushes, electric toothbrushes apple deals, apple deals electric toothbrushes, home appliances apple, apple home appliances, home appliances cheap, cheap home appliances, home appliances best, best home appliances, home appliances latest, latest home appliances, home appliances review, review home appliances, home appliances price, price home appliances, home appliances sell, sell home appliances, home appliances buy, buy home appliances, home appliances recommendation, recommendation home appliances, home appliances tips, tips home appliances, home appliances tutorial, tutorial home appliances, home appliances guide, guide home appliances, home appliances how to, how to home appliances, home appliances vs, vs home appliances, home appliances versus, versus home appliances, home appliances compared to, compared to home appliances, home appliances comparison, comparison home appliances, home appliances alternatives, alternatives home appliances, home appliances which is better, which is better home appliances, home appliances expensive, expensive home appliances, home appliances discount, discount home appliances, home appliances deals, deals home appliances, home appliances sale, sale home appliances, home appliances affordable, affordable home appliances, home appliances cost, cost home appliances, home appliances online, online home appliances, home appliances offline, offline home appliances, home appliances marketplace, marketplace home appliances, home appliances store, store home appliances, home appliances shop, shop home appliances, home appliances retailer, retailer home appliances, home appliances where to buy, where to buy home appliances, home appliances worst, worst home appliances, home appliances quality, quality home appliances, home appliances original, original home appliances, home appliances genuine, genuine home appliances, home appliances fake, fake home appliances, home appliances replica, replica home appliances, home appliances authentic, authentic home appliances, home appliances brand, brand home appliances, home appliances manufacturer, manufacturer home appliances, home appliances company, company home appliances, home appliances product, product home appliances, home appliances apple product, apple product home appliances, home appliances sell apple, sell apple home appliances, home appliances buy apple, buy apple home appliances, home appliances cheap apple, cheap apple home appliances, home appliances best apple, best apple home appliances, home appliances apple review, apple review home appliances, home appliances where to buy apple, where to buy apple home appliances, home appliances how to choose apple, how to choose apple home appliances, home appliances top apple, top apple home appliances, home appliances apple guide, apple guide home appliances, home appliances apple for sale, apple for sale home appliances, home appliances apple deals, apple deals home appliances
2026-09-16 23:52:54,893 - INFO - Expanded 220 seed keywords to 385 variations
2026-09-16 23:52:54,893 - INFO - Language: en
2026-09-16 23:52:54,893 - INFO - Region: us
2026-09-16 23:57:26,525 - INFO - 🎯 After all filtering for 'apple': 120 relevant keywords
2026-09-16 23:57:27,408 - INFO - 🎯 Found 5 new keywords for niche 'apple': apple affordable electric toothbrushes, apple affordable home appliances, cheap alternatives electric toothbrushes, cheap alternatives home appliances, best authentic electric toothbrushes
2026-09-16 23:57:43,603 - INFO - ✅ Niche 'apple' process complete! 585 total keyword results.
2026-09-16 23:57:43,604 - INFO - ✅ Completed processing niche: 'apple'
2026-09-16 23:57:43,604 - INFO - 🔧 Request Handler final stats - Success rate: 100.0%
2026-09-16 23:57:43,604 - INFO -    Total requests: 198838, Blocks: 1
2026-09-16 23:57:43,605 - INFO - 
========================================
2026-09-16 23:57:43,605 - INFO - Process Summary:
2026-09-16 23:57:43,605 - INFO - - Current niche: 'apple'
2026-09-16 23:57:43,605 - INFO - - Next niche will be: 'sony'
2026-09-16 23:57:43,605 - INFO - - Keywords saved in: languages/english/keywords/apple/
2026-09-16 23:57:43,606 - INFO - ========================================
