2026-10-06 14:12:27,880 - INFO - Log file created at: /home/runner/work/potensitech.com/potensitech.com/languages/english/keywords/logs/kw_search_20261006_141227.log
2026-10-06 14:12:27,880 - INFO - ============================================================
2026-10-06 14:12:27,880 - INFO - AUTOMATIC KEYWORD RESEARCH TOOL
2026-10-06 14:12:27,880 - INFO - ============================================================
2026-10-06 14:12:28,287 - INFO - ========================================
2026-10-06 14:12:28,287 - INFO - Found 14 niches to process: xiaomi, iphone, samsung, apple, sony, asus, philips, sandisk, intel, nvidia, amd, canon, nikon, huawei
2026-10-06 14:12:28,287 - INFO - ========================================
2026-10-06 14:12:28,287 - INFO - Continuing from last processed niche: xiaomi
2026-10-06 14:12:28,287 - INFO - ========================================
2026-10-06 14:12:28,287 - INFO - 🎯 PROCESSING NICHE 2/14: 'iphone'
2026-10-06 14:12:28,287 - INFO - ========================================
2026-10-06 14:12:28,287 - INFO - 📁 Niche directory: /home/runner/work/potensitech.com/potensitech.com/languages/english/keywords/iphone
2026-10-06 14:12:28,287 - INFO - Selected region: us
2026-10-06 14:12:28,287 - INFO - Selected language: en
2026-10-06 14:12:28,287 - INFO - 🎯 Current niche: iphone
2026-10-06 14:12:39,421 - INFO - 🎯 Niche terms for filtering: iphone, cheap, best, latest, review, price, sell, buy, recommendation, tips, tutorial, guide, how to, vs, versus, compared to, comparison, alternatives, which is better, expensive, discount, deals, sale, affordable, cost, online, offline, marketplace, store, shop, retailer, where to buy, worst, quality, original, genuine, fake, replica, authentic, brand, manufacturer, company, product, iphone product, sell iphone, buy iphone, cheap iphone, best iphone, iphone review, where to buy iphone, how to choose iphone, top iphone, iphone guide, iphone for sale, iphone deals
2026-10-06 14:12:39,421 - INFO - Generated 50 niche-clue pairs for 'iphone'.
2026-10-06 14:12:39,423 - INFO - Expanded 50 seed keywords to 218 variations
2026-10-06 14:12:39,424 - INFO - 🔧 Request Handler initialized - Success rate: 100.0%
2026-10-06 14:17:02,499 - INFO - Original clue keywords: oled display, fast charging
2026-10-06 14:17:02,499 - INFO - Niche-focused seeds: oled display iphone, iphone oled display, oled display cheap, cheap oled display, oled display best, best oled display, oled display latest, latest oled display, oled display review, review oled display, oled display price, price oled display, oled display sell, sell oled display, oled display buy, buy oled display, oled display recommendation, recommendation oled display, oled display tips, tips oled display, oled display tutorial, tutorial oled display, oled display guide, guide oled display, oled display how to, how to oled display, oled display vs, vs oled display, oled display versus, versus oled display, oled display compared to, compared to oled display, oled display comparison, comparison oled display, oled display alternatives, alternatives oled display, oled display which is better, which is better oled display, oled display expensive, expensive oled display, oled display discount, discount oled display, oled display deals, deals oled display, oled display sale, sale oled display, oled display affordable, affordable oled display, oled display cost, cost oled display, oled display online, online oled display, oled display offline, offline oled display, oled display marketplace, marketplace oled display, oled display store, store oled display, oled display shop, shop oled display, oled display retailer, retailer oled display, oled display where to buy, where to buy oled display, oled display worst, worst oled display, oled display quality, quality oled display, oled display original, original oled display, oled display genuine, genuine oled display, oled display fake, fake oled display, oled display replica, replica oled display, oled display authentic, authentic oled display, oled display brand, brand oled display, oled display manufacturer, manufacturer oled display, oled display company, company oled display, oled display product, product oled display, oled display iphone product, iphone product oled display, oled display sell iphone, sell iphone oled display, oled display buy iphone, buy iphone oled display, oled display cheap iphone, cheap iphone oled display, oled display best iphone, best iphone oled display, oled display iphone review, iphone review oled display, oled display where to buy iphone, where to buy iphone oled display, oled display how to choose iphone, how to choose iphone oled display, oled display top iphone, top iphone oled display, oled display iphone guide, iphone guide oled display, oled display iphone for sale, iphone for sale oled display, oled display iphone deals, iphone deals oled display, fast charging iphone, iphone fast charging, fast charging cheap, cheap fast charging, fast charging best, best fast charging, fast charging latest, latest fast charging, fast charging review, review fast charging, fast charging price, price fast charging, fast charging sell, sell fast charging, fast charging buy, buy fast charging, fast charging recommendation, recommendation fast charging, fast charging tips, tips fast charging, fast charging tutorial, tutorial fast charging, fast charging guide, guide fast charging, fast charging how to, how to fast charging, fast charging vs, vs fast charging, fast charging versus, versus fast charging, fast charging compared to, compared to fast charging, fast charging comparison, comparison fast charging, fast charging alternatives, alternatives fast charging, fast charging which is better, which is better fast charging, fast charging expensive, expensive fast charging, fast charging discount, discount fast charging, fast charging deals, deals fast charging, fast charging sale, sale fast charging, fast charging affordable, affordable fast charging, fast charging cost, cost fast charging, fast charging online, online fast charging, fast charging offline, offline fast charging, fast charging marketplace, marketplace fast charging, fast charging store, store fast charging, fast charging shop, shop fast charging, fast charging retailer, retailer fast charging, fast charging where to buy, where to buy fast charging, fast charging worst, worst fast charging, fast charging quality, quality fast charging, fast charging original, original fast charging, fast charging genuine, genuine fast charging, fast charging fake, fake fast charging, fast charging replica, replica fast charging, fast charging authentic, authentic fast charging, fast charging brand, brand fast charging, fast charging manufacturer, manufacturer fast charging, fast charging company, company fast charging, fast charging product, product fast charging, fast charging iphone product, iphone product fast charging, fast charging sell iphone, sell iphone fast charging, fast charging buy iphone, buy iphone fast charging, fast charging cheap iphone, cheap iphone fast charging, fast charging best iphone, best iphone fast charging, fast charging iphone review, iphone review fast charging, fast charging where to buy iphone, where to buy iphone fast charging, fast charging how to choose iphone, how to choose iphone fast charging, fast charging top iphone, top iphone fast charging, fast charging iphone guide, iphone guide fast charging, fast charging iphone for sale, iphone for sale fast charging, fast charging iphone deals, iphone deals fast charging
2026-10-06 14:17:02,501 - INFO - Expanded 220 seed keywords to 385 variations
2026-10-06 14:17:02,501 - INFO - Language: en
2026-10-06 14:17:02,501 - INFO - Region: us
2026-10-06 14:21:33,512 - INFO - 🎯 After all filtering for 'iphone': 120 relevant keywords
2026-10-06 14:21:34,265 - INFO - 🎯 Found 5 new keywords for niche 'iphone': iphone affordable fast charging, iphone affordable oled display, cheap alternatives fast charging, cheap alternatives oled display, best authentic fast charging
2026-10-06 14:21:50,759 - INFO - ✅ Niche 'iphone' process complete! 917 total keyword results.
2026-10-06 14:21:50,760 - INFO - ✅ Completed processing niche: 'iphone'
2026-10-06 14:21:50,760 - INFO - 🔧 Request Handler final stats - Success rate: 100.0%
2026-10-06 14:21:50,760 - INFO -    Total requests: 215759, Blocks: 1
2026-10-06 14:21:50,761 - INFO - 
========================================
2026-10-06 14:21:50,761 - INFO - Process Summary:
2026-10-06 14:21:50,761 - INFO - - Current niche: 'iphone'
2026-10-06 14:21:50,761 - INFO - - Next niche will be: 'samsung'
2026-10-06 14:21:50,761 - INFO - - Keywords saved in: languages/english/keywords/iphone/
2026-10-06 14:21:50,761 - INFO - ========================================
