2026-08-19 01:44:53,847 - INFO - Log file created at: /home/runner/work/potensitech.com/potensitech.com/languages/english/keywords/logs/kw_search_20260819_014453.log
2026-08-19 01:44:53,847 - INFO - ============================================================
2026-08-19 01:44:53,847 - INFO - AUTOMATIC KEYWORD RESEARCH TOOL
2026-08-19 01:44:53,847 - INFO - ============================================================
2026-08-19 01:44:54,135 - INFO - ========================================
2026-08-19 01:44:54,135 - INFO - Found 14 niches to process: xiaomi, iphone, samsung, apple, sony, asus, philips, sandisk, intel, nvidia, amd, canon, nikon, huawei
2026-08-19 01:44:54,135 - INFO - ========================================
2026-08-19 01:44:54,135 - INFO - Continuing from last processed niche: intel
2026-08-19 01:44:54,135 - INFO - ========================================
2026-08-19 01:44:54,135 - INFO - 🎯 PROCESSING NICHE 10/14: 'nvidia'
2026-08-19 01:44:54,135 - INFO - ========================================
2026-08-19 01:44:54,135 - INFO - 📁 Niche directory: /home/runner/work/potensitech.com/potensitech.com/languages/english/keywords/nvidia
2026-08-19 01:44:54,135 - INFO - Selected region: us
2026-08-19 01:44:54,135 - INFO - Selected language: en
2026-08-19 01:44:54,135 - INFO - 🎯 Current niche: nvidia
2026-08-19 01:44:54,856 - INFO - 🎯 Niche terms for filtering: nvidia, cheap, best, latest, review, price, sell, buy, recommendation, tips, tutorial, guide, how to, vs, versus, compared to, comparison, alternatives, which is better, expensive, discount, deals, sale, affordable, cost, online, offline, marketplace, store, shop, retailer, where to buy, worst, quality, original, genuine, fake, replica, authentic, brand, manufacturer, company, product, nvidia product, sell nvidia, buy nvidia, cheap nvidia, best nvidia, nvidia review, where to buy nvidia, how to choose nvidia, top nvidia, nvidia guide, nvidia for sale, nvidia deals
2026-08-19 01:44:54,856 - INFO - Generated 50 niche-clue pairs for 'nvidia'.
2026-08-19 01:44:54,859 - INFO - Expanded 50 seed keywords to 218 variations
2026-08-19 01:44:54,866 - INFO - 🔧 Request Handler initialized - Success rate: 100.0%
2026-08-19 01:49:22,957 - INFO - Original clue keywords: flagship phone, amoled display
2026-08-19 01:49:22,957 - INFO - Niche-focused seeds: flagship phone nvidia, nvidia flagship phone, flagship phone cheap, cheap flagship phone, flagship phone best, best flagship phone, flagship phone latest, latest flagship phone, flagship phone review, review flagship phone, flagship phone price, price flagship phone, flagship phone sell, sell flagship phone, flagship phone buy, buy flagship phone, flagship phone recommendation, recommendation flagship phone, flagship phone tips, tips flagship phone, flagship phone tutorial, tutorial flagship phone, flagship phone guide, guide flagship phone, flagship phone how to, how to flagship phone, flagship phone vs, vs flagship phone, flagship phone versus, versus flagship phone, flagship phone compared to, compared to flagship phone, flagship phone comparison, comparison flagship phone, flagship phone alternatives, alternatives flagship phone, flagship phone which is better, which is better flagship phone, flagship phone expensive, expensive flagship phone, flagship phone discount, discount flagship phone, flagship phone deals, deals flagship phone, flagship phone sale, sale flagship phone, flagship phone affordable, affordable flagship phone, flagship phone cost, cost flagship phone, flagship phone online, online flagship phone, flagship phone offline, offline flagship phone, flagship phone marketplace, marketplace flagship phone, flagship phone store, store flagship phone, flagship phone shop, shop flagship phone, flagship phone retailer, retailer flagship phone, flagship phone where to buy, where to buy flagship phone, flagship phone worst, worst flagship phone, flagship phone quality, quality flagship phone, flagship phone original, original flagship phone, flagship phone genuine, genuine flagship phone, flagship phone fake, fake flagship phone, flagship phone replica, replica flagship phone, flagship phone authentic, authentic flagship phone, flagship phone brand, brand flagship phone, flagship phone manufacturer, manufacturer flagship phone, flagship phone company, company flagship phone, flagship phone product, product flagship phone, flagship phone nvidia product, nvidia product flagship phone, flagship phone sell nvidia, sell nvidia flagship phone, flagship phone buy nvidia, buy nvidia flagship phone, flagship phone cheap nvidia, cheap nvidia flagship phone, flagship phone best nvidia, best nvidia flagship phone, flagship phone nvidia review, nvidia review flagship phone, flagship phone where to buy nvidia, where to buy nvidia flagship phone, flagship phone how to choose nvidia, how to choose nvidia flagship phone, flagship phone top nvidia, top nvidia flagship phone, flagship phone nvidia guide, nvidia guide flagship phone, flagship phone nvidia for sale, nvidia for sale flagship phone, flagship phone nvidia deals, nvidia deals flagship phone, amoled display nvidia, nvidia amoled display, amoled display cheap, cheap amoled display, amoled display best, best amoled display, amoled display latest, latest amoled display, amoled display review, review amoled display, amoled display price, price amoled display, amoled display sell, sell amoled display, amoled display buy, buy amoled display, amoled display recommendation, recommendation amoled display, amoled display tips, tips amoled display, amoled display tutorial, tutorial amoled display, amoled display guide, guide amoled display, amoled display how to, how to amoled display, amoled display vs, vs amoled display, amoled display versus, versus amoled display, amoled display compared to, compared to amoled display, amoled display comparison, comparison amoled display, amoled display alternatives, alternatives amoled display, amoled display which is better, which is better amoled display, amoled display expensive, expensive amoled display, amoled display discount, discount amoled display, amoled display deals, deals amoled display, amoled display sale, sale amoled display, amoled display affordable, affordable amoled display, amoled display cost, cost amoled display, amoled display online, online amoled display, amoled display offline, offline amoled display, amoled display marketplace, marketplace amoled display, amoled display store, store amoled display, amoled display shop, shop amoled display, amoled display retailer, retailer amoled display, amoled display where to buy, where to buy amoled display, amoled display worst, worst amoled display, amoled display quality, quality amoled display, amoled display original, original amoled display, amoled display genuine, genuine amoled display, amoled display fake, fake amoled display, amoled display replica, replica amoled display, amoled display authentic, authentic amoled display, amoled display brand, brand amoled display, amoled display manufacturer, manufacturer amoled display, amoled display company, company amoled display, amoled display product, product amoled display, amoled display nvidia product, nvidia product amoled display, amoled display sell nvidia, sell nvidia amoled display, amoled display buy nvidia, buy nvidia amoled display, amoled display cheap nvidia, cheap nvidia amoled display, amoled display best nvidia, best nvidia amoled display, amoled display nvidia review, nvidia review amoled display, amoled display where to buy nvidia, where to buy nvidia amoled display, amoled display how to choose nvidia, how to choose nvidia amoled display, amoled display top nvidia, top nvidia amoled display, amoled display nvidia guide, nvidia guide amoled display, amoled display nvidia for sale, nvidia for sale amoled display, amoled display nvidia deals, nvidia deals amoled display
2026-08-19 01:49:22,960 - INFO - Expanded 220 seed keywords to 385 variations
2026-08-19 01:49:22,960 - INFO - Language: en
2026-08-19 01:49:22,961 - INFO - Region: us
2026-08-19 01:53:54,113 - INFO - 🎯 After all filtering for 'nvidia': 120 relevant keywords
2026-08-19 01:53:56,295 - INFO - 🎯 Found 5 new keywords for niche 'nvidia': nvidia affordable amoled display, nvidia affordable flagship phone, cheap alternatives amoled display, cheap alternatives flagship phone, best amoled display authentic
2026-08-19 01:53:56,757 - INFO - ✅ Niche 'nvidia' process complete! 848 total keyword results.
2026-08-19 01:53:56,758 - INFO - ✅ Completed processing niche: 'nvidia'
2026-08-19 01:53:56,758 - INFO - 🔧 Request Handler final stats - Success rate: 100.0%
2026-08-19 01:53:56,758 - INFO -    Total requests: 175181, Blocks: 1
2026-08-19 01:53:56,759 - INFO - 
========================================
2026-08-19 01:53:56,759 - INFO - Process Summary:
2026-08-19 01:53:56,759 - INFO - - Current niche: 'nvidia'
2026-08-19 01:53:56,759 - INFO - - Next niche will be: 'amd'
2026-08-19 01:53:56,759 - INFO - - Keywords saved in: languages/english/keywords/nvidia/
2026-08-19 01:53:56,760 - INFO - ========================================
