2026-08-01 03:40:11,734 - INFO - Log file created at: /home/runner/work/potensitech.com/potensitech.com/languages/english/keywords/logs/kw_search_20260801_034011.log
2026-08-01 03:40:11,735 - INFO - ============================================================
2026-08-01 03:40:11,735 - INFO - AUTOMATIC KEYWORD RESEARCH TOOL
2026-08-01 03:40:11,735 - INFO - ============================================================
2026-08-01 03:40:12,047 - INFO - ========================================
2026-08-01 03:40:12,047 - INFO - Found 14 niches to process: xiaomi, iphone, samsung, apple, sony, asus, philips, sandisk, intel, nvidia, amd, canon, nikon, huawei
2026-08-01 03:40:12,047 - INFO - ========================================
2026-08-01 03:40:12,047 - INFO - Continuing from last processed niche: nikon
2026-08-01 03:40:12,047 - INFO - ========================================
2026-08-01 03:40:12,047 - INFO - 🎯 PROCESSING NICHE 14/14: 'huawei'
2026-08-01 03:40:12,047 - INFO - ========================================
2026-08-01 03:40:12,047 - INFO - 📁 Niche directory: /home/runner/work/potensitech.com/potensitech.com/languages/english/keywords/huawei
2026-08-01 03:40:12,047 - INFO - Selected region: us
2026-08-01 03:40:12,047 - INFO - Selected language: en
2026-08-01 03:40:12,047 - INFO - 🎯 Current niche: huawei
2026-08-01 03:40:14,141 - INFO - 🎯 Niche terms for filtering: huawei, cheap, best, latest, review, price, sell, buy, recommendation, tips, tutorial, guide, how to, vs, versus, compared to, comparison, alternatives, which is better, expensive, discount, deals, sale, affordable, cost, online, offline, marketplace, store, shop, retailer, where to buy, worst, quality, original, genuine, fake, replica, authentic, brand, manufacturer, company, product, huawei product, sell huawei, buy huawei, cheap huawei, best huawei, huawei review, where to buy huawei, how to choose huawei, top huawei, huawei guide, huawei for sale, huawei deals
2026-08-01 03:40:14,141 - INFO - Generated 50 niche-clue pairs for 'huawei'.
2026-08-01 03:40:14,145 - INFO - Expanded 50 seed keywords to 218 variations
2026-08-01 03:40:14,145 - INFO - 🔧 Request Handler initialized - Success rate: 100.0%
2026-08-01 03:44:38,591 - INFO - Original clue keywords: chipset compatibility, processor speed
2026-08-01 03:44:38,591 - INFO - Niche-focused seeds: chipset compatibility huawei, huawei chipset compatibility, chipset compatibility cheap, cheap chipset compatibility, chipset compatibility best, best chipset compatibility, chipset compatibility latest, latest chipset compatibility, chipset compatibility review, review chipset compatibility, chipset compatibility price, price chipset compatibility, chipset compatibility sell, sell chipset compatibility, chipset compatibility buy, buy chipset compatibility, chipset compatibility recommendation, recommendation chipset compatibility, chipset compatibility tips, tips chipset compatibility, chipset compatibility tutorial, tutorial chipset compatibility, chipset compatibility guide, guide chipset compatibility, chipset compatibility how to, how to chipset compatibility, chipset compatibility vs, vs chipset compatibility, chipset compatibility versus, versus chipset compatibility, chipset compatibility compared to, compared to chipset compatibility, chipset compatibility comparison, comparison chipset compatibility, chipset compatibility alternatives, alternatives chipset compatibility, chipset compatibility which is better, which is better chipset compatibility, chipset compatibility expensive, expensive chipset compatibility, chipset compatibility discount, discount chipset compatibility, chipset compatibility deals, deals chipset compatibility, chipset compatibility sale, sale chipset compatibility, chipset compatibility affordable, affordable chipset compatibility, chipset compatibility cost, cost chipset compatibility, chipset compatibility online, online chipset compatibility, chipset compatibility offline, offline chipset compatibility, chipset compatibility marketplace, marketplace chipset compatibility, chipset compatibility store, store chipset compatibility, chipset compatibility shop, shop chipset compatibility, chipset compatibility retailer, retailer chipset compatibility, chipset compatibility where to buy, where to buy chipset compatibility, chipset compatibility worst, worst chipset compatibility, chipset compatibility quality, quality chipset compatibility, chipset compatibility original, original chipset compatibility, chipset compatibility genuine, genuine chipset compatibility, chipset compatibility fake, fake chipset compatibility, chipset compatibility replica, replica chipset compatibility, chipset compatibility authentic, authentic chipset compatibility, chipset compatibility brand, brand chipset compatibility, chipset compatibility manufacturer, manufacturer chipset compatibility, chipset compatibility company, company chipset compatibility, chipset compatibility product, product chipset compatibility, chipset compatibility huawei product, huawei product chipset compatibility, chipset compatibility sell huawei, sell huawei chipset compatibility, chipset compatibility buy huawei, buy huawei chipset compatibility, chipset compatibility cheap huawei, cheap huawei chipset compatibility, chipset compatibility best huawei, best huawei chipset compatibility, chipset compatibility huawei review, huawei review chipset compatibility, chipset compatibility where to buy huawei, where to buy huawei chipset compatibility, chipset compatibility how to choose huawei, how to choose huawei chipset compatibility, chipset compatibility top huawei, top huawei chipset compatibility, chipset compatibility huawei guide, huawei guide chipset compatibility, chipset compatibility huawei for sale, huawei for sale chipset compatibility, chipset compatibility huawei deals, huawei deals chipset compatibility, processor speed huawei, huawei processor speed, processor speed cheap, cheap processor speed, processor speed best, best processor speed, processor speed latest, latest processor speed, processor speed review, review processor speed, processor speed price, price processor speed, processor speed sell, sell processor speed, processor speed buy, buy processor speed, processor speed recommendation, recommendation processor speed, processor speed tips, tips processor speed, processor speed tutorial, tutorial processor speed, processor speed guide, guide processor speed, processor speed how to, how to processor speed, processor speed vs, vs processor speed, processor speed versus, versus processor speed, processor speed compared to, compared to processor speed, processor speed comparison, comparison processor speed, processor speed alternatives, alternatives processor speed, processor speed which is better, which is better processor speed, processor speed expensive, expensive processor speed, processor speed discount, discount processor speed, processor speed deals, deals processor speed, processor speed sale, sale processor speed, processor speed affordable, affordable processor speed, processor speed cost, cost processor speed, processor speed online, online processor speed, processor speed offline, offline processor speed, processor speed marketplace, marketplace processor speed, processor speed store, store processor speed, processor speed shop, shop processor speed, processor speed retailer, retailer processor speed, processor speed where to buy, where to buy processor speed, processor speed worst, worst processor speed, processor speed quality, quality processor speed, processor speed original, original processor speed, processor speed genuine, genuine processor speed, processor speed fake, fake processor speed, processor speed replica, replica processor speed, processor speed authentic, authentic processor speed, processor speed brand, brand processor speed, processor speed manufacturer, manufacturer processor speed, processor speed company, company processor speed, processor speed product, product processor speed, processor speed huawei product, huawei product processor speed, processor speed sell huawei, sell huawei processor speed, processor speed buy huawei, buy huawei processor speed, processor speed cheap huawei, cheap huawei processor speed, processor speed best huawei, best huawei processor speed, processor speed huawei review, huawei review processor speed, processor speed where to buy huawei, where to buy huawei processor speed, processor speed how to choose huawei, how to choose huawei processor speed, processor speed top huawei, top huawei processor speed, processor speed huawei guide, huawei guide processor speed, processor speed huawei for sale, huawei for sale processor speed, processor speed huawei deals, huawei deals processor speed
2026-08-01 03:44:38,595 - INFO - Expanded 220 seed keywords to 385 variations
2026-08-01 03:44:38,595 - INFO - Language: en
2026-08-01 03:44:38,595 - INFO - Region: us
2026-08-01 03:45:37,695 - INFO - 🎯 After all filtering for 'huawei': 120 relevant keywords
2026-08-01 03:45:39,419 - INFO - 🎯 Found 2 new keywords for niche 'huawei': huawei affordable chipset compatibility, huawei affordable processor speed
2026-08-01 03:45:41,170 - INFO - ✅ Niche 'huawei' process complete! 618 total keyword results.
2026-08-01 03:45:41,170 - INFO - ✅ Completed processing niche: 'huawei'
2026-08-01 03:45:41,170 - INFO - 🔧 Request Handler final stats - Success rate: 100.0%
2026-08-01 03:45:41,170 - INFO -    Total requests: 161773, Blocks: 1
2026-08-01 03:45:41,171 - INFO - 
========================================
2026-08-01 03:45:41,171 - INFO - Process Summary:
2026-08-01 03:45:41,171 - INFO - - Current niche: 'huawei'
2026-08-01 03:45:41,171 - INFO - - Next niche will be: 'xiaomi'
2026-08-01 03:45:41,172 - INFO - - Keywords saved in: languages/english/keywords/huawei/
2026-08-01 03:45:41,172 - INFO - ========================================
