2026-08-27 23:49:29,208 - INFO - Log file created at: /home/runner/work/potensitech.com/potensitech.com/languages/english/keywords/logs/kw_search_20260827_234929.log
2026-08-27 23:49:29,208 - INFO - ============================================================
2026-08-27 23:49:29,208 - INFO - AUTOMATIC KEYWORD RESEARCH TOOL
2026-08-27 23:49:29,208 - INFO - ============================================================
2026-08-27 23:49:29,604 - INFO - ========================================
2026-08-27 23:49:29,604 - INFO - Found 14 niches to process: xiaomi, iphone, samsung, apple, sony, asus, philips, sandisk, intel, nvidia, amd, canon, nikon, huawei
2026-08-27 23:49:29,604 - INFO - ========================================
2026-08-27 23:49:29,604 - INFO - Continuing from last processed niche: amd
2026-08-27 23:49:29,604 - INFO - ========================================
2026-08-27 23:49:29,604 - INFO - 🎯 PROCESSING NICHE 12/14: 'canon'
2026-08-27 23:49:29,604 - INFO - ========================================
2026-08-27 23:49:29,604 - INFO - 📁 Niche directory: /home/runner/work/potensitech.com/potensitech.com/languages/english/keywords/canon
2026-08-27 23:49:29,604 - INFO - Selected region: us
2026-08-27 23:49:29,604 - INFO - Selected language: en
2026-08-27 23:49:29,605 - INFO - 🎯 Current niche: canon
2026-08-27 23:49:40,427 - INFO - 🎯 Niche terms for filtering: canon, cheap, best, latest, review, price, sell, buy, recommendation, tips, tutorial, guide, how to, vs, versus, compared to, comparison, alternatives, which is better, expensive, discount, deals, sale, affordable, cost, online, offline, marketplace, store, shop, retailer, where to buy, worst, quality, original, genuine, fake, replica, authentic, brand, manufacturer, company, product, canon product, sell canon, buy canon, cheap canon, best canon, canon review, where to buy canon, how to choose canon, top canon, canon guide, canon for sale, canon deals
2026-08-27 23:49:40,427 - INFO - Generated 50 niche-clue pairs for 'canon'.
2026-08-27 23:49:40,430 - INFO - Expanded 50 seed keywords to 218 variations
2026-08-27 23:49:40,430 - INFO - 🔧 Request Handler initialized - Success rate: 100.0%
2026-08-27 23:54:05,203 - INFO - Original clue keywords: wireless charging, screen resolution
2026-08-27 23:54:05,203 - INFO - Niche-focused seeds: wireless charging canon, canon wireless charging, wireless charging cheap, cheap wireless charging, wireless charging best, best wireless charging, wireless charging latest, latest wireless charging, wireless charging review, review wireless charging, wireless charging price, price wireless charging, wireless charging sell, sell wireless charging, wireless charging buy, buy wireless charging, wireless charging recommendation, recommendation wireless charging, wireless charging tips, tips wireless charging, wireless charging tutorial, tutorial wireless charging, wireless charging guide, guide wireless charging, wireless charging how to, how to wireless charging, wireless charging vs, vs wireless charging, wireless charging versus, versus wireless charging, wireless charging compared to, compared to wireless charging, wireless charging comparison, comparison wireless charging, wireless charging alternatives, alternatives wireless charging, wireless charging which is better, which is better wireless charging, wireless charging expensive, expensive wireless charging, wireless charging discount, discount wireless charging, wireless charging deals, deals wireless charging, wireless charging sale, sale wireless charging, wireless charging affordable, affordable wireless charging, wireless charging cost, cost wireless charging, wireless charging online, online wireless charging, wireless charging offline, offline wireless charging, wireless charging marketplace, marketplace wireless charging, wireless charging store, store wireless charging, wireless charging shop, shop wireless charging, wireless charging retailer, retailer wireless charging, wireless charging where to buy, where to buy wireless charging, wireless charging worst, worst wireless charging, wireless charging quality, quality wireless charging, wireless charging original, original wireless charging, wireless charging genuine, genuine wireless charging, wireless charging fake, fake wireless charging, wireless charging replica, replica wireless charging, wireless charging authentic, authentic wireless charging, wireless charging brand, brand wireless charging, wireless charging manufacturer, manufacturer wireless charging, wireless charging company, company wireless charging, wireless charging product, product wireless charging, wireless charging canon product, canon product wireless charging, wireless charging sell canon, sell canon wireless charging, wireless charging buy canon, buy canon wireless charging, wireless charging cheap canon, cheap canon wireless charging, wireless charging best canon, best canon wireless charging, wireless charging canon review, canon review wireless charging, wireless charging where to buy canon, where to buy canon wireless charging, wireless charging how to choose canon, how to choose canon wireless charging, wireless charging top canon, top canon wireless charging, wireless charging canon guide, canon guide wireless charging, wireless charging canon for sale, canon for sale wireless charging, wireless charging canon deals, canon deals wireless charging, screen resolution canon, canon screen resolution, screen resolution cheap, cheap screen resolution, screen resolution best, best screen resolution, screen resolution latest, latest screen resolution, screen resolution review, review screen resolution, screen resolution price, price screen resolution, screen resolution sell, sell screen resolution, screen resolution buy, buy screen resolution, screen resolution recommendation, recommendation screen resolution, screen resolution tips, tips screen resolution, screen resolution tutorial, tutorial screen resolution, screen resolution guide, guide screen resolution, screen resolution how to, how to screen resolution, screen resolution vs, vs screen resolution, screen resolution versus, versus screen resolution, screen resolution compared to, compared to screen resolution, screen resolution comparison, comparison screen resolution, screen resolution alternatives, alternatives screen resolution, screen resolution which is better, which is better screen resolution, screen resolution expensive, expensive screen resolution, screen resolution discount, discount screen resolution, screen resolution deals, deals screen resolution, screen resolution sale, sale screen resolution, screen resolution affordable, affordable screen resolution, screen resolution cost, cost screen resolution, screen resolution online, online screen resolution, screen resolution offline, offline screen resolution, screen resolution marketplace, marketplace screen resolution, screen resolution store, store screen resolution, screen resolution shop, shop screen resolution, screen resolution retailer, retailer screen resolution, screen resolution where to buy, where to buy screen resolution, screen resolution worst, worst screen resolution, screen resolution quality, quality screen resolution, screen resolution original, original screen resolution, screen resolution genuine, genuine screen resolution, screen resolution fake, fake screen resolution, screen resolution replica, replica screen resolution, screen resolution authentic, authentic screen resolution, screen resolution brand, brand screen resolution, screen resolution manufacturer, manufacturer screen resolution, screen resolution company, company screen resolution, screen resolution product, product screen resolution, screen resolution canon product, canon product screen resolution, screen resolution sell canon, sell canon screen resolution, screen resolution buy canon, buy canon screen resolution, screen resolution cheap canon, cheap canon screen resolution, screen resolution best canon, best canon screen resolution, screen resolution canon review, canon review screen resolution, screen resolution where to buy canon, where to buy canon screen resolution, screen resolution how to choose canon, how to choose canon screen resolution, screen resolution top canon, top canon screen resolution, screen resolution canon guide, canon guide screen resolution, screen resolution canon for sale, canon for sale screen resolution, screen resolution canon deals, canon deals screen resolution
2026-08-27 23:54:05,206 - INFO - Expanded 220 seed keywords to 385 variations
2026-08-27 23:54:05,206 - INFO - Language: en
2026-08-27 23:54:05,206 - INFO - Region: us
2026-08-27 23:58:33,640 - INFO - 🎯 After all filtering for 'canon': 120 relevant keywords
2026-08-27 23:58:34,690 - INFO - 🎯 Found 5 new keywords for niche 'canon': canon affordable screen resolution, canon affordable wireless charging, cheap alternatives screen resolution, cheap alternatives wireless charging, best authentic screen resolution
2026-08-27 23:58:51,061 - INFO - ✅ Niche 'canon' process complete! 693 total keyword results.
2026-08-27 23:58:51,061 - INFO - ✅ Completed processing niche: 'canon'
2026-08-27 23:58:51,061 - INFO - 🔧 Request Handler final stats - Success rate: 100.0%
2026-08-27 23:58:51,061 - INFO -    Total requests: 181887, Blocks: 1
2026-08-27 23:58:51,062 - INFO - 
========================================
2026-08-27 23:58:51,062 - INFO - Process Summary:
2026-08-27 23:58:51,062 - INFO - - Current niche: 'canon'
2026-08-27 23:58:51,062 - INFO - - Next niche will be: 'nikon'
2026-08-27 23:58:51,062 - INFO - - Keywords saved in: languages/english/keywords/canon/
2026-08-27 23:58:51,063 - INFO - ========================================
