2026-08-15 14:42:50,950 - INFO - Log file created at: /home/runner/work/potensitech.com/potensitech.com/languages/english/keywords/logs/kw_search_20260815_144250.log
2026-08-15 14:42:50,951 - INFO - ============================================================
2026-08-15 14:42:50,951 - INFO - AUTOMATIC KEYWORD RESEARCH TOOL
2026-08-15 14:42:50,951 - INFO - ============================================================
2026-08-15 14:42:51,267 - INFO - ========================================
2026-08-15 14:42:51,267 - INFO - Found 14 niches to process: xiaomi, iphone, samsung, apple, sony, asus, philips, sandisk, intel, nvidia, amd, canon, nikon, huawei
2026-08-15 14:42:51,267 - INFO - ========================================
2026-08-15 14:42:51,268 - INFO - Continuing from last processed niche: samsung
2026-08-15 14:42:51,268 - INFO - ========================================
2026-08-15 14:42:51,268 - INFO - 🎯 PROCESSING NICHE 4/14: 'apple'
2026-08-15 14:42:51,268 - INFO - ========================================
2026-08-15 14:42:51,268 - INFO - 📁 Niche directory: /home/runner/work/potensitech.com/potensitech.com/languages/english/keywords/apple
2026-08-15 14:42:51,268 - INFO - Selected region: us
2026-08-15 14:42:51,268 - INFO - Selected language: en
2026-08-15 14:42:51,268 - INFO - 🎯 Current niche: apple
2026-08-15 14:42:51,941 - INFO - 🎯 Niche terms for filtering: apple, cheap, best, latest, review, price, sell, buy, recommendation, tips, tutorial, guide, how to, vs, versus, compared to, comparison, alternatives, which is better, expensive, discount, deals, sale, affordable, cost, online, offline, marketplace, store, shop, retailer, where to buy, worst, quality, original, genuine, fake, replica, authentic, brand, manufacturer, company, product, apple product, sell apple, buy apple, cheap apple, best apple, apple review, where to buy apple, how to choose apple, top apple, apple guide, apple for sale, apple deals
2026-08-15 14:42:51,942 - INFO - Generated 50 niche-clue pairs for 'apple'.
2026-08-15 14:42:51,945 - INFO - Expanded 50 seed keywords to 218 variations
2026-08-15 14:42:51,951 - INFO - 🔧 Request Handler initialized - Success rate: 100.0%
2026-08-15 14:47:12,989 - INFO - Original clue keywords: clock speed, external storage
2026-08-15 14:47:12,989 - INFO - Niche-focused seeds: clock speed apple, apple clock speed, clock speed cheap, cheap clock speed, clock speed best, best clock speed, clock speed latest, latest clock speed, clock speed review, review clock speed, clock speed price, price clock speed, clock speed sell, sell clock speed, clock speed buy, buy clock speed, clock speed recommendation, recommendation clock speed, clock speed tips, tips clock speed, clock speed tutorial, tutorial clock speed, clock speed guide, guide clock speed, clock speed how to, how to clock speed, clock speed vs, vs clock speed, clock speed versus, versus clock speed, clock speed compared to, compared to clock speed, clock speed comparison, comparison clock speed, clock speed alternatives, alternatives clock speed, clock speed which is better, which is better clock speed, clock speed expensive, expensive clock speed, clock speed discount, discount clock speed, clock speed deals, deals clock speed, clock speed sale, sale clock speed, clock speed affordable, affordable clock speed, clock speed cost, cost clock speed, clock speed online, online clock speed, clock speed offline, offline clock speed, clock speed marketplace, marketplace clock speed, clock speed store, store clock speed, clock speed shop, shop clock speed, clock speed retailer, retailer clock speed, clock speed where to buy, where to buy clock speed, clock speed worst, worst clock speed, clock speed quality, quality clock speed, clock speed original, original clock speed, clock speed genuine, genuine clock speed, clock speed fake, fake clock speed, clock speed replica, replica clock speed, clock speed authentic, authentic clock speed, clock speed brand, brand clock speed, clock speed manufacturer, manufacturer clock speed, clock speed company, company clock speed, clock speed product, product clock speed, clock speed apple product, apple product clock speed, clock speed sell apple, sell apple clock speed, clock speed buy apple, buy apple clock speed, clock speed cheap apple, cheap apple clock speed, clock speed best apple, best apple clock speed, clock speed apple review, apple review clock speed, clock speed where to buy apple, where to buy apple clock speed, clock speed how to choose apple, how to choose apple clock speed, clock speed top apple, top apple clock speed, clock speed apple guide, apple guide clock speed, clock speed apple for sale, apple for sale clock speed, clock speed apple deals, apple deals clock speed, external storage apple, apple external storage, external storage cheap, cheap external storage, external storage best, best external storage, external storage latest, latest external storage, external storage review, review external storage, external storage price, price external storage, external storage sell, sell external storage, external storage buy, buy external storage, external storage recommendation, recommendation external storage, external storage tips, tips external storage, external storage tutorial, tutorial external storage, external storage guide, guide external storage, external storage how to, how to external storage, external storage vs, vs external storage, external storage versus, versus external storage, external storage compared to, compared to external storage, external storage comparison, comparison external storage, external storage alternatives, alternatives external storage, external storage which is better, which is better external storage, external storage expensive, expensive external storage, external storage discount, discount external storage, external storage deals, deals external storage, external storage sale, sale external storage, external storage affordable, affordable external storage, external storage cost, cost external storage, external storage online, online external storage, external storage offline, offline external storage, external storage marketplace, marketplace external storage, external storage store, store external storage, external storage shop, shop external storage, external storage retailer, retailer external storage, external storage where to buy, where to buy external storage, external storage worst, worst external storage, external storage quality, quality external storage, external storage original, original external storage, external storage genuine, genuine external storage, external storage fake, fake external storage, external storage replica, replica external storage, external storage authentic, authentic external storage, external storage brand, brand external storage, external storage manufacturer, manufacturer external storage, external storage company, company external storage, external storage product, product external storage, external storage apple product, apple product external storage, external storage sell apple, sell apple external storage, external storage buy apple, buy apple external storage, external storage cheap apple, cheap apple external storage, external storage best apple, best apple external storage, external storage apple review, apple review external storage, external storage where to buy apple, where to buy apple external storage, external storage how to choose apple, how to choose apple external storage, external storage top apple, top apple external storage, external storage apple guide, apple guide external storage, external storage apple for sale, apple for sale external storage, external storage apple deals, apple deals external storage
2026-08-15 14:47:12,992 - INFO - Expanded 220 seed keywords to 385 variations
2026-08-15 14:47:12,992 - INFO - Language: en
2026-08-15 14:47:12,992 - INFO - Region: us
2026-08-15 14:51:43,310 - INFO - 🎯 After all filtering for 'apple': 120 relevant keywords
2026-08-15 14:51:44,351 - INFO - 🎯 Found 5 new keywords for niche 'apple': apple affordable clock speed, apple affordable external storage, cheap alternatives clock speed, cheap alternatives external storage, best authentic clock speed
2026-08-15 14:51:44,791 - INFO - ✅ Niche 'apple' process complete! 542 total keyword results.
2026-08-15 14:51:44,791 - INFO - ✅ Completed processing niche: 'apple'
2026-08-15 14:51:44,791 - INFO - 🔧 Request Handler final stats - Success rate: 100.0%
2026-08-15 14:51:44,791 - INFO -    Total requests: 172266, Blocks: 1
2026-08-15 14:51:44,792 - INFO - 
========================================
2026-08-15 14:51:44,793 - INFO - Process Summary:
2026-08-15 14:51:44,793 - INFO - - Current niche: 'apple'
2026-08-15 14:51:44,793 - INFO - - Next niche will be: 'sony'
2026-08-15 14:51:44,793 - INFO - - Keywords saved in: languages/english/keywords/apple/
2026-08-15 14:51:44,793 - INFO - ========================================
