2026-09-26 17:47:26,463 - INFO - Log file created at: /home/runner/work/potensitech.com/potensitech.com/languages/english/keywords/logs/kw_search_20260926_174726.log
2026-09-26 17:47:26,463 - INFO - ============================================================
2026-09-26 17:47:26,463 - INFO - AUTOMATIC KEYWORD RESEARCH TOOL
2026-09-26 17:47:26,463 - INFO - ============================================================
2026-09-26 17:47:26,843 - INFO - ========================================
2026-09-26 17:47:26,843 - INFO - Found 14 niches to process: xiaomi, iphone, samsung, apple, sony, asus, philips, sandisk, intel, nvidia, amd, canon, nikon, huawei
2026-09-26 17:47:26,843 - INFO - ========================================
2026-09-26 17:47:26,843 - INFO - Continuing from last processed niche: iphone
2026-09-26 17:47:26,843 - INFO - ========================================
2026-09-26 17:47:26,843 - INFO - 🎯 PROCESSING NICHE 3/14: 'samsung'
2026-09-26 17:47:26,843 - INFO - ========================================
2026-09-26 17:47:26,843 - INFO - 📁 Niche directory: /home/runner/work/potensitech.com/potensitech.com/languages/english/keywords/samsung
2026-09-26 17:47:26,843 - INFO - Selected region: us
2026-09-26 17:47:26,843 - INFO - Selected language: en
2026-09-26 17:47:26,843 - INFO - 🎯 Current niche: samsung
2026-09-26 17:47:37,580 - INFO - 🎯 Niche terms for filtering: samsung, cheap, best, latest, review, price, sell, buy, recommendation, tips, tutorial, guide, how to, vs, versus, compared to, comparison, alternatives, which is better, expensive, discount, deals, sale, affordable, cost, online, offline, marketplace, store, shop, retailer, where to buy, worst, quality, original, genuine, fake, replica, authentic, brand, manufacturer, company, product, samsung product, sell samsung, buy samsung, cheap samsung, best samsung, samsung review, where to buy samsung, how to choose samsung, top samsung, samsung guide, samsung for sale, samsung deals
2026-09-26 17:47:37,581 - INFO - Generated 50 niche-clue pairs for 'samsung'.
2026-09-26 17:47:37,583 - INFO - Expanded 50 seed keywords to 218 variations
2026-09-26 17:47:37,584 - INFO - 🔧 Request Handler initialized - Success rate: 100.0%
2026-09-26 17:52:01,124 - INFO - Original clue keywords: solid-state, usb storage
2026-09-26 17:52:01,124 - INFO - Niche-focused seeds: solid-state samsung, samsung solid-state, solid-state cheap, cheap solid-state, solid-state best, best solid-state, solid-state latest, latest solid-state, solid-state review, review solid-state, solid-state price, price solid-state, solid-state sell, sell solid-state, solid-state buy, buy solid-state, solid-state recommendation, recommendation solid-state, solid-state tips, tips solid-state, solid-state tutorial, tutorial solid-state, solid-state guide, guide solid-state, solid-state how to, how to solid-state, solid-state vs, vs solid-state, solid-state versus, versus solid-state, solid-state compared to, compared to solid-state, solid-state comparison, comparison solid-state, solid-state alternatives, alternatives solid-state, solid-state which is better, which is better solid-state, solid-state expensive, expensive solid-state, solid-state discount, discount solid-state, solid-state deals, deals solid-state, solid-state sale, sale solid-state, solid-state affordable, affordable solid-state, solid-state cost, cost solid-state, solid-state online, online solid-state, solid-state offline, offline solid-state, solid-state marketplace, marketplace solid-state, solid-state store, store solid-state, solid-state shop, shop solid-state, solid-state retailer, retailer solid-state, solid-state where to buy, where to buy solid-state, solid-state worst, worst solid-state, solid-state quality, quality solid-state, solid-state original, original solid-state, solid-state genuine, genuine solid-state, solid-state fake, fake solid-state, solid-state replica, replica solid-state, solid-state authentic, authentic solid-state, solid-state brand, brand solid-state, solid-state manufacturer, manufacturer solid-state, solid-state company, company solid-state, solid-state product, product solid-state, solid-state samsung product, samsung product solid-state, solid-state sell samsung, sell samsung solid-state, solid-state buy samsung, buy samsung solid-state, solid-state cheap samsung, cheap samsung solid-state, solid-state best samsung, best samsung solid-state, solid-state samsung review, samsung review solid-state, solid-state where to buy samsung, where to buy samsung solid-state, solid-state how to choose samsung, how to choose samsung solid-state, solid-state top samsung, top samsung solid-state, solid-state samsung guide, samsung guide solid-state, solid-state samsung for sale, samsung for sale solid-state, solid-state samsung deals, samsung deals solid-state, usb storage samsung, samsung usb storage, usb storage cheap, cheap usb storage, usb storage best, best usb storage, usb storage latest, latest usb storage, usb storage review, review usb storage, usb storage price, price usb storage, usb storage sell, sell usb storage, usb storage buy, buy usb storage, usb storage recommendation, recommendation usb storage, usb storage tips, tips usb storage, usb storage tutorial, tutorial usb storage, usb storage guide, guide usb storage, usb storage how to, how to usb storage, usb storage vs, vs usb storage, usb storage versus, versus usb storage, usb storage compared to, compared to usb storage, usb storage comparison, comparison usb storage, usb storage alternatives, alternatives usb storage, usb storage which is better, which is better usb storage, usb storage expensive, expensive usb storage, usb storage discount, discount usb storage, usb storage deals, deals usb storage, usb storage sale, sale usb storage, usb storage affordable, affordable usb storage, usb storage cost, cost usb storage, usb storage online, online usb storage, usb storage offline, offline usb storage, usb storage marketplace, marketplace usb storage, usb storage store, store usb storage, usb storage shop, shop usb storage, usb storage retailer, retailer usb storage, usb storage where to buy, where to buy usb storage, usb storage worst, worst usb storage, usb storage quality, quality usb storage, usb storage original, original usb storage, usb storage genuine, genuine usb storage, usb storage fake, fake usb storage, usb storage replica, replica usb storage, usb storage authentic, authentic usb storage, usb storage brand, brand usb storage, usb storage manufacturer, manufacturer usb storage, usb storage company, company usb storage, usb storage product, product usb storage, usb storage samsung product, samsung product usb storage, usb storage sell samsung, sell samsung usb storage, usb storage buy samsung, buy samsung usb storage, usb storage cheap samsung, cheap samsung usb storage, usb storage best samsung, best samsung usb storage, usb storage samsung review, samsung review usb storage, usb storage where to buy samsung, where to buy samsung usb storage, usb storage how to choose samsung, how to choose samsung usb storage, usb storage top samsung, top samsung usb storage, usb storage samsung guide, samsung guide usb storage, usb storage samsung for sale, samsung for sale usb storage, usb storage samsung deals, samsung deals usb storage
2026-09-26 17:52:01,127 - INFO - Expanded 220 seed keywords to 385 variations
2026-09-26 17:52:01,127 - INFO - Language: en
2026-09-26 17:52:01,127 - INFO - Region: us
2026-09-26 17:56:34,252 - INFO - 🎯 After all filtering for 'samsung': 120 relevant keywords
2026-09-26 17:56:34,460 - INFO - 🎯 Found 5 new keywords for niche 'samsung': samsung affordable solid-state, cheap affordable solid-state, how to affordable solid-state, samsung alternatives solid-state, cheap alternatives solid-state
2026-09-26 17:56:50,559 - INFO - ✅ Niche 'samsung' process complete! 667 total keyword results.
2026-09-26 17:56:50,559 - INFO - ✅ Completed processing niche: 'samsung'
2026-09-26 17:56:50,559 - INFO - 🔧 Request Handler final stats - Success rate: 100.0%
2026-09-26 17:56:50,559 - INFO -    Total requests: 207020, Blocks: 1
2026-09-26 17:56:50,560 - INFO - 
========================================
2026-09-26 17:56:50,560 - INFO - Process Summary:
2026-09-26 17:56:50,560 - INFO - - Current niche: 'samsung'
2026-09-26 17:56:50,561 - INFO - - Next niche will be: 'apple'
2026-09-26 17:56:50,561 - INFO - - Keywords saved in: languages/english/keywords/samsung/
2026-09-26 17:56:50,561 - INFO - ========================================
