2026-09-06 23:06:22,415 - INFO - Log file created at: /home/runner/work/potensitech.com/potensitech.com/languages/english/keywords/logs/kw_search_20260906_230622.log
2026-09-06 23:06:22,415 - INFO - ============================================================
2026-09-06 23:06:22,415 - INFO - AUTOMATIC KEYWORD RESEARCH TOOL
2026-09-06 23:06:22,415 - INFO - ============================================================
2026-09-06 23:06:22,682 - INFO - ========================================
2026-09-06 23:06:22,682 - INFO - Found 14 niches to process: xiaomi, iphone, samsung, apple, sony, asus, philips, sandisk, intel, nvidia, amd, canon, nikon, huawei
2026-09-06 23:06:22,682 - INFO - ========================================
2026-09-06 23:06:22,682 - INFO - Continuing from last processed niche: xiaomi
2026-09-06 23:06:22,682 - INFO - ========================================
2026-09-06 23:06:22,682 - INFO - 🎯 PROCESSING NICHE 2/14: 'iphone'
2026-09-06 23:06:22,682 - INFO - ========================================
2026-09-06 23:06:22,682 - INFO - 📁 Niche directory: /home/runner/work/potensitech.com/potensitech.com/languages/english/keywords/iphone
2026-09-06 23:06:22,682 - INFO - Selected region: us
2026-09-06 23:06:22,682 - INFO - Selected language: en
2026-09-06 23:06:22,683 - INFO - 🎯 Current niche: iphone
2026-09-06 23:06:34,013 - INFO - 🎯 Niche terms for filtering: iphone, cheap, best, latest, review, price, sell, buy, recommendation, tips, tutorial, guide, how to, vs, versus, compared to, comparison, alternatives, which is better, expensive, discount, deals, sale, affordable, cost, online, offline, marketplace, store, shop, retailer, where to buy, worst, quality, original, genuine, fake, replica, authentic, brand, manufacturer, company, product, iphone product, sell iphone, buy iphone, cheap iphone, best iphone, iphone review, where to buy iphone, how to choose iphone, top iphone, iphone guide, iphone for sale, iphone deals
2026-09-06 23:06:34,013 - INFO - Generated 50 niche-clue pairs for 'iphone'.
2026-09-06 23:06:34,015 - INFO - Expanded 50 seed keywords to 218 variations
2026-09-06 23:06:34,015 - INFO - 🔧 Request Handler initialized - Success rate: 100.0%
2026-09-06 23:10:57,391 - INFO - Original clue keywords: ai computing, usb performance
2026-09-06 23:10:57,392 - INFO - Niche-focused seeds: ai computing iphone, iphone ai computing, ai computing cheap, cheap ai computing, ai computing best, best ai computing, ai computing latest, latest ai computing, ai computing review, review ai computing, ai computing price, price ai computing, ai computing sell, sell ai computing, ai computing buy, buy ai computing, ai computing recommendation, recommendation ai computing, ai computing tips, tips ai computing, ai computing tutorial, tutorial ai computing, ai computing guide, guide ai computing, ai computing how to, how to ai computing, ai computing vs, vs ai computing, ai computing versus, versus ai computing, ai computing compared to, compared to ai computing, ai computing comparison, comparison ai computing, ai computing alternatives, alternatives ai computing, ai computing which is better, which is better ai computing, ai computing expensive, expensive ai computing, ai computing discount, discount ai computing, ai computing deals, deals ai computing, ai computing sale, sale ai computing, ai computing affordable, affordable ai computing, ai computing cost, cost ai computing, ai computing online, online ai computing, ai computing offline, offline ai computing, ai computing marketplace, marketplace ai computing, ai computing store, store ai computing, ai computing shop, shop ai computing, ai computing retailer, retailer ai computing, ai computing where to buy, where to buy ai computing, ai computing worst, worst ai computing, ai computing quality, quality ai computing, ai computing original, original ai computing, ai computing genuine, genuine ai computing, ai computing fake, fake ai computing, ai computing replica, replica ai computing, ai computing authentic, authentic ai computing, ai computing brand, brand ai computing, ai computing manufacturer, manufacturer ai computing, ai computing company, company ai computing, ai computing product, product ai computing, ai computing iphone product, iphone product ai computing, ai computing sell iphone, sell iphone ai computing, ai computing buy iphone, buy iphone ai computing, ai computing cheap iphone, cheap iphone ai computing, ai computing best iphone, best iphone ai computing, ai computing iphone review, iphone review ai computing, ai computing where to buy iphone, where to buy iphone ai computing, ai computing how to choose iphone, how to choose iphone ai computing, ai computing top iphone, top iphone ai computing, ai computing iphone guide, iphone guide ai computing, ai computing iphone for sale, iphone for sale ai computing, ai computing iphone deals, iphone deals ai computing, usb performance iphone, iphone usb performance, usb performance cheap, cheap usb performance, usb performance best, best usb performance, usb performance latest, latest usb performance, usb performance review, review usb performance, usb performance price, price usb performance, usb performance sell, sell usb performance, usb performance buy, buy usb performance, usb performance recommendation, recommendation usb performance, usb performance tips, tips usb performance, usb performance tutorial, tutorial usb performance, usb performance guide, guide usb performance, usb performance how to, how to usb performance, usb performance vs, vs usb performance, usb performance versus, versus usb performance, usb performance compared to, compared to usb performance, usb performance comparison, comparison usb performance, usb performance alternatives, alternatives usb performance, usb performance which is better, which is better usb performance, usb performance expensive, expensive usb performance, usb performance discount, discount usb performance, usb performance deals, deals usb performance, usb performance sale, sale usb performance, usb performance affordable, affordable usb performance, usb performance cost, cost usb performance, usb performance online, online usb performance, usb performance offline, offline usb performance, usb performance marketplace, marketplace usb performance, usb performance store, store usb performance, usb performance shop, shop usb performance, usb performance retailer, retailer usb performance, usb performance where to buy, where to buy usb performance, usb performance worst, worst usb performance, usb performance quality, quality usb performance, usb performance original, original usb performance, usb performance genuine, genuine usb performance, usb performance fake, fake usb performance, usb performance replica, replica usb performance, usb performance authentic, authentic usb performance, usb performance brand, brand usb performance, usb performance manufacturer, manufacturer usb performance, usb performance company, company usb performance, usb performance product, product usb performance, usb performance iphone product, iphone product usb performance, usb performance sell iphone, sell iphone usb performance, usb performance buy iphone, buy iphone usb performance, usb performance cheap iphone, cheap iphone usb performance, usb performance best iphone, best iphone usb performance, usb performance iphone review, iphone review usb performance, usb performance where to buy iphone, where to buy iphone usb performance, usb performance how to choose iphone, how to choose iphone usb performance, usb performance top iphone, top iphone usb performance, usb performance iphone guide, iphone guide usb performance, usb performance iphone for sale, iphone for sale usb performance, usb performance iphone deals, iphone deals usb performance
2026-09-06 23:10:57,393 - INFO - Expanded 220 seed keywords to 385 variations
2026-09-06 23:10:57,393 - INFO - Language: en
2026-09-06 23:10:57,393 - INFO - Region: us
2026-09-06 23:15:24,822 - INFO - 🎯 After all filtering for 'iphone': 120 relevant keywords
2026-09-06 23:15:27,107 - INFO - 🎯 Found 4 new keywords for niche 'iphone': iphone affordable ai computing, iphone affordable usb performance, cheap ai computing alternatives, best ai computing authentic
2026-09-06 23:15:43,729 - INFO - ✅ Niche 'iphone' process complete! 878 total keyword results.
2026-09-06 23:15:43,730 - INFO - ✅ Completed processing niche: 'iphone'
2026-09-06 23:15:43,730 - INFO - 🔧 Request Handler final stats - Success rate: 100.0%
2026-09-06 23:15:43,730 - INFO -    Total requests: 190181, Blocks: 1
2026-09-06 23:15:43,731 - INFO - 
========================================
2026-09-06 23:15:43,731 - INFO - Process Summary:
2026-09-06 23:15:43,731 - INFO - - Current niche: 'iphone'
2026-09-06 23:15:43,731 - INFO - - Next niche will be: 'samsung'
2026-09-06 23:15:43,731 - INFO - - Keywords saved in: languages/english/keywords/iphone/
2026-09-06 23:15:43,731 - INFO - ========================================
