2026-10-09 17:54:51,074 - INFO - Log file created at: /home/runner/work/potensitech.com/potensitech.com/languages/english/keywords/logs/kw_search_20261009_175451.log
2026-10-09 17:54:51,074 - INFO - ============================================================
2026-10-09 17:54:51,074 - INFO - AUTOMATIC KEYWORD RESEARCH TOOL
2026-10-09 17:54:51,074 - INFO - ============================================================
2026-10-09 17:54:51,519 - INFO - ========================================
2026-10-09 17:54:51,519 - INFO - Found 14 niches to process: xiaomi, iphone, samsung, apple, sony, asus, philips, sandisk, intel, nvidia, amd, canon, nikon, huawei
2026-10-09 17:54:51,519 - INFO - ========================================
2026-10-09 17:54:51,519 - INFO - Continuing from last processed niche: apple
2026-10-09 17:54:51,519 - INFO - ========================================
2026-10-09 17:54:51,519 - INFO - 🎯 PROCESSING NICHE 5/14: 'sony'
2026-10-09 17:54:51,519 - INFO - ========================================
2026-10-09 17:54:51,519 - INFO - 📁 Niche directory: /home/runner/work/potensitech.com/potensitech.com/languages/english/keywords/sony
2026-10-09 17:54:51,520 - INFO - Selected region: us
2026-10-09 17:54:51,520 - INFO - Selected language: en
2026-10-09 17:54:51,520 - INFO - 🎯 Current niche: sony
2026-10-09 17:55:02,320 - INFO - 🎯 Niche terms for filtering: sony, cheap, best, latest, review, price, sell, buy, recommendation, tips, tutorial, guide, how to, vs, versus, compared to, comparison, alternatives, which is better, expensive, discount, deals, sale, affordable, cost, online, offline, marketplace, store, shop, retailer, where to buy, worst, quality, original, genuine, fake, replica, authentic, brand, manufacturer, company, product, sony product, sell sony, buy sony, cheap sony, best sony, sony review, where to buy sony, how to choose sony, top sony, sony guide, sony for sale, sony deals
2026-10-09 17:55:02,320 - INFO - Generated 50 niche-clue pairs for 'sony'.
2026-10-09 17:55:02,323 - INFO - Expanded 50 seed keywords to 218 variations
2026-10-09 17:55:02,324 - INFO - 🔧 Request Handler initialized - Success rate: 100.0%
2026-10-09 17:59:27,637 - INFO - Original clue keywords: camera, android
2026-10-09 17:59:27,638 - INFO - Niche-focused seeds: camera sony, sony camera, camera cheap, cheap camera, camera best, best camera, camera latest, latest camera, camera review, review camera, camera price, price camera, camera sell, sell camera, camera buy, buy camera, camera recommendation, recommendation camera, camera tips, tips camera, camera tutorial, tutorial camera, camera guide, guide camera, camera how to, how to camera, camera vs, vs camera, camera versus, versus camera, camera compared to, compared to camera, camera comparison, comparison camera, camera alternatives, alternatives camera, camera which is better, which is better camera, camera expensive, expensive camera, camera discount, discount camera, camera deals, deals camera, camera sale, sale camera, camera affordable, affordable camera, camera cost, cost camera, camera online, online camera, camera offline, offline camera, camera marketplace, marketplace camera, camera store, store camera, camera shop, shop camera, camera retailer, retailer camera, camera where to buy, where to buy camera, camera worst, worst camera, camera quality, quality camera, camera original, original camera, camera genuine, genuine camera, camera fake, fake camera, camera replica, replica camera, camera authentic, authentic camera, camera brand, brand camera, camera manufacturer, manufacturer camera, camera company, company camera, camera product, product camera, camera sony product, sony product camera, camera sell sony, sell sony camera, camera buy sony, buy sony camera, camera cheap sony, cheap sony camera, camera best sony, best sony camera, camera sony review, sony review camera, camera where to buy sony, where to buy sony camera, camera how to choose sony, how to choose sony camera, camera top sony, top sony camera, camera sony guide, sony guide camera, camera sony for sale, sony for sale camera, camera sony deals, sony deals camera, android sony, sony android, android cheap, cheap android, android best, best android, android latest, latest android, android review, review android, android price, price android, android sell, sell android, android buy, buy android, android recommendation, recommendation android, android tips, tips android, android tutorial, tutorial android, android guide, guide android, android how to, how to android, android vs, vs android, android versus, versus android, android compared to, compared to android, android comparison, comparison android, android alternatives, alternatives android, android which is better, which is better android, android expensive, expensive android, android discount, discount android, android deals, deals android, android sale, sale android, android affordable, affordable android, android cost, cost android, android online, online android, android offline, offline android, android marketplace, marketplace android, android store, store android, android shop, shop android, android retailer, retailer android, android where to buy, where to buy android, android worst, worst android, android quality, quality android, android original, original android, android genuine, genuine android, android fake, fake android, android replica, replica android, android authentic, authentic android, android brand, brand android, android manufacturer, manufacturer android, android company, company android, android product, product android, android sony product, sony product android, android sell sony, sell sony android, android buy sony, buy sony android, android cheap sony, cheap sony android, android best sony, best sony android, android sony review, sony review android, android where to buy sony, where to buy sony android, android how to choose sony, how to choose sony android, android top sony, top sony android, android sony guide, sony guide android, android sony for sale, sony for sale android, android sony deals, sony deals android
2026-10-09 17:59:27,641 - INFO - Expanded 220 seed keywords to 385 variations
2026-10-09 17:59:27,641 - INFO - Language: en
2026-10-09 17:59:27,641 - INFO - Region: us
2026-10-09 18:03:23,157 - INFO - 🎯 After all filtering for 'sony': 120 relevant keywords
2026-10-09 18:03:23,376 - INFO - 🎯 Found 5 new keywords for niche 'sony': sony affordable android, cheap affordable android, best affordable android, how to affordable android, sony affordable camera
2026-10-09 18:03:39,480 - INFO - ✅ Niche 'sony' process complete! 712 total keyword results.
2026-10-09 18:03:39,480 - INFO - ✅ Completed processing niche: 'sony'
2026-10-09 18:03:39,480 - INFO - 🔧 Request Handler final stats - Success rate: 100.0%
2026-10-09 18:03:39,480 - INFO -    Total requests: 218562, Blocks: 1
2026-10-09 18:03:39,482 - INFO - 
========================================
2026-10-09 18:03:39,482 - INFO - Process Summary:
2026-10-09 18:03:39,482 - INFO - - Current niche: 'sony'
2026-10-09 18:03:39,482 - INFO - - Next niche will be: 'asus'
2026-10-09 18:03:39,482 - INFO - - Keywords saved in: languages/english/keywords/sony/
2026-10-09 18:03:39,482 - INFO - ========================================
