2026-08-10 15:19:15,187 - INFO - Log file created at: /home/runner/work/potensitech.com/potensitech.com/languages/english/keywords/logs/kw_search_20260810_151915.log
2026-08-10 15:19:15,187 - INFO - ============================================================
2026-08-10 15:19:15,187 - INFO - AUTOMATIC KEYWORD RESEARCH TOOL
2026-08-10 15:19:15,187 - INFO - ============================================================
2026-08-10 15:19:15,434 - INFO - ========================================
2026-08-10 15:19:15,434 - INFO - Found 14 niches to process: xiaomi, iphone, samsung, apple, sony, asus, philips, sandisk, intel, nvidia, amd, canon, nikon, huawei
2026-08-10 15:19:15,434 - INFO - ========================================
2026-08-10 15:19:15,434 - INFO - Continuing from last processed niche: intel
2026-08-10 15:19:15,434 - INFO - ========================================
2026-08-10 15:19:15,434 - INFO - 🎯 PROCESSING NICHE 10/14: 'nvidia'
2026-08-10 15:19:15,434 - INFO - ========================================
2026-08-10 15:19:15,434 - INFO - 📁 Niche directory: /home/runner/work/potensitech.com/potensitech.com/languages/english/keywords/nvidia
2026-08-10 15:19:15,434 - INFO - Selected region: us
2026-08-10 15:19:15,434 - INFO - Selected language: en
2026-08-10 15:19:15,434 - INFO - 🎯 Current niche: nvidia
2026-08-10 15:19:16,003 - INFO - 🎯 Niche terms for filtering: nvidia, cheap, best, latest, review, price, sell, buy, recommendation, tips, tutorial, guide, how to, vs, versus, compared to, comparison, alternatives, which is better, expensive, discount, deals, sale, affordable, cost, online, offline, marketplace, store, shop, retailer, where to buy, worst, quality, original, genuine, fake, replica, authentic, brand, manufacturer, company, product, nvidia product, sell nvidia, buy nvidia, cheap nvidia, best nvidia, nvidia review, where to buy nvidia, how to choose nvidia, top nvidia, nvidia guide, nvidia for sale, nvidia deals
2026-08-10 15:19:16,003 - INFO - Generated 50 niche-clue pairs for 'nvidia'.
2026-08-10 15:19:16,005 - INFO - Expanded 50 seed keywords to 218 variations
2026-08-10 15:19:16,006 - INFO - 🔧 Request Handler initialized - Success rate: 100.0%
2026-08-10 15:23:41,691 - INFO - Original clue keywords: mirrorless camera, battery life
2026-08-10 15:23:41,692 - INFO - Niche-focused seeds: mirrorless camera nvidia, nvidia mirrorless camera, mirrorless camera cheap, cheap mirrorless camera, mirrorless camera best, best mirrorless camera, mirrorless camera latest, latest mirrorless camera, mirrorless camera review, review mirrorless camera, mirrorless camera price, price mirrorless camera, mirrorless camera sell, sell mirrorless camera, mirrorless camera buy, buy mirrorless camera, mirrorless camera recommendation, recommendation mirrorless camera, mirrorless camera tips, tips mirrorless camera, mirrorless camera tutorial, tutorial mirrorless camera, mirrorless camera guide, guide mirrorless camera, mirrorless camera how to, how to mirrorless camera, mirrorless camera vs, vs mirrorless camera, mirrorless camera versus, versus mirrorless camera, mirrorless camera compared to, compared to mirrorless camera, mirrorless camera comparison, comparison mirrorless camera, mirrorless camera alternatives, alternatives mirrorless camera, mirrorless camera which is better, which is better mirrorless camera, mirrorless camera expensive, expensive mirrorless camera, mirrorless camera discount, discount mirrorless camera, mirrorless camera deals, deals mirrorless camera, mirrorless camera sale, sale mirrorless camera, mirrorless camera affordable, affordable mirrorless camera, mirrorless camera cost, cost mirrorless camera, mirrorless camera online, online mirrorless camera, mirrorless camera offline, offline mirrorless camera, mirrorless camera marketplace, marketplace mirrorless camera, mirrorless camera store, store mirrorless camera, mirrorless camera shop, shop mirrorless camera, mirrorless camera retailer, retailer mirrorless camera, mirrorless camera where to buy, where to buy mirrorless camera, mirrorless camera worst, worst mirrorless camera, mirrorless camera quality, quality mirrorless camera, mirrorless camera original, original mirrorless camera, mirrorless camera genuine, genuine mirrorless camera, mirrorless camera fake, fake mirrorless camera, mirrorless camera replica, replica mirrorless camera, mirrorless camera authentic, authentic mirrorless camera, mirrorless camera brand, brand mirrorless camera, mirrorless camera manufacturer, manufacturer mirrorless camera, mirrorless camera company, company mirrorless camera, mirrorless camera product, product mirrorless camera, mirrorless camera nvidia product, nvidia product mirrorless camera, mirrorless camera sell nvidia, sell nvidia mirrorless camera, mirrorless camera buy nvidia, buy nvidia mirrorless camera, mirrorless camera cheap nvidia, cheap nvidia mirrorless camera, mirrorless camera best nvidia, best nvidia mirrorless camera, mirrorless camera nvidia review, nvidia review mirrorless camera, mirrorless camera where to buy nvidia, where to buy nvidia mirrorless camera, mirrorless camera how to choose nvidia, how to choose nvidia mirrorless camera, mirrorless camera top nvidia, top nvidia mirrorless camera, mirrorless camera nvidia guide, nvidia guide mirrorless camera, mirrorless camera nvidia for sale, nvidia for sale mirrorless camera, mirrorless camera nvidia deals, nvidia deals mirrorless camera, battery life nvidia, nvidia battery life, battery life cheap, cheap battery life, battery life best, best battery life, battery life latest, latest battery life, battery life review, review battery life, battery life price, price battery life, battery life sell, sell battery life, battery life buy, buy battery life, battery life recommendation, recommendation battery life, battery life tips, tips battery life, battery life tutorial, tutorial battery life, battery life guide, guide battery life, battery life how to, how to battery life, battery life vs, vs battery life, battery life versus, versus battery life, battery life compared to, compared to battery life, battery life comparison, comparison battery life, battery life alternatives, alternatives battery life, battery life which is better, which is better battery life, battery life expensive, expensive battery life, battery life discount, discount battery life, battery life deals, deals battery life, battery life sale, sale battery life, battery life affordable, affordable battery life, battery life cost, cost battery life, battery life online, online battery life, battery life offline, offline battery life, battery life marketplace, marketplace battery life, battery life store, store battery life, battery life shop, shop battery life, battery life retailer, retailer battery life, battery life where to buy, where to buy battery life, battery life worst, worst battery life, battery life quality, quality battery life, battery life original, original battery life, battery life genuine, genuine battery life, battery life fake, fake battery life, battery life replica, replica battery life, battery life authentic, authentic battery life, battery life brand, brand battery life, battery life manufacturer, manufacturer battery life, battery life company, company battery life, battery life product, product battery life, battery life nvidia product, nvidia product battery life, battery life sell nvidia, sell nvidia battery life, battery life buy nvidia, buy nvidia battery life, battery life cheap nvidia, cheap nvidia battery life, battery life best nvidia, best nvidia battery life, battery life nvidia review, nvidia review battery life, battery life where to buy nvidia, where to buy nvidia battery life, battery life how to choose nvidia, how to choose nvidia battery life, battery life top nvidia, top nvidia battery life, battery life nvidia guide, nvidia guide battery life, battery life nvidia for sale, nvidia for sale battery life, battery life nvidia deals, nvidia deals battery life
2026-08-10 15:23:41,694 - INFO - Expanded 220 seed keywords to 385 variations
2026-08-10 15:23:41,694 - INFO - Language: en
2026-08-10 15:23:41,694 - INFO - Region: us
2026-08-10 15:27:17,654 - INFO - 🎯 After all filtering for 'nvidia': 120 relevant keywords
2026-08-10 15:27:20,250 - INFO - 🎯 Found 5 new keywords for niche 'nvidia': nvidia affordable battery life, nvidia affordable mirrorless camera, cheap alternatives battery life, best authentic battery life, how to battery life brand
2026-08-10 15:27:20,621 - INFO - ✅ Niche 'nvidia' process complete! 837 total keyword results.
2026-08-10 15:27:20,621 - INFO - ✅ Completed processing niche: 'nvidia'
2026-08-10 15:27:20,621 - INFO - 🔧 Request Handler final stats - Success rate: 100.0%
2026-08-10 15:27:20,622 - INFO -    Total requests: 168541, Blocks: 1
2026-08-10 15:27:20,622 - INFO - 
========================================
2026-08-10 15:27:20,623 - INFO - Process Summary:
2026-08-10 15:27:20,623 - INFO - - Current niche: 'nvidia'
2026-08-10 15:27:20,623 - INFO - - Next niche will be: 'amd'
2026-08-10 15:27:20,623 - INFO - - Keywords saved in: languages/english/keywords/nvidia/
2026-08-10 15:27:20,623 - INFO - ========================================
