2026-08-15 09:51:30,074 - INFO - Log file created at: /home/runner/work/potensitech.com/potensitech.com/languages/english/keywords/logs/kw_search_20260815_095130.log
2026-08-15 09:51:30,074 - INFO - ============================================================
2026-08-15 09:51:30,074 - INFO - AUTOMATIC KEYWORD RESEARCH TOOL
2026-08-15 09:51:30,074 - INFO - ============================================================
2026-08-15 09:51:30,357 - INFO - ========================================
2026-08-15 09:51:30,357 - INFO - Found 14 niches to process: xiaomi, iphone, samsung, apple, sony, asus, philips, sandisk, intel, nvidia, amd, canon, nikon, huawei
2026-08-15 09:51:30,357 - INFO - ========================================
2026-08-15 09:51:30,357 - INFO - Continuing from last processed niche: xiaomi
2026-08-15 09:51:30,357 - INFO - ========================================
2026-08-15 09:51:30,357 - INFO - 🎯 PROCESSING NICHE 2/14: 'iphone'
2026-08-15 09:51:30,357 - INFO - ========================================
2026-08-15 09:51:30,358 - INFO - 📁 Niche directory: /home/runner/work/potensitech.com/potensitech.com/languages/english/keywords/iphone
2026-08-15 09:51:30,358 - INFO - Selected region: us
2026-08-15 09:51:30,358 - INFO - Selected language: en
2026-08-15 09:51:30,358 - INFO - 🎯 Current niche: iphone
2026-08-15 09:51:31,148 - INFO - 🎯 Niche terms for filtering: iphone, cheap, best, latest, review, price, sell, buy, recommendation, tips, tutorial, guide, how to, vs, versus, compared to, comparison, alternatives, which is better, expensive, discount, deals, sale, affordable, cost, online, offline, marketplace, store, shop, retailer, where to buy, worst, quality, original, genuine, fake, replica, authentic, brand, manufacturer, company, product, iphone product, sell iphone, buy iphone, cheap iphone, best iphone, iphone review, where to buy iphone, how to choose iphone, top iphone, iphone guide, iphone for sale, iphone deals
2026-08-15 09:51:31,148 - INFO - Generated 50 niche-clue pairs for 'iphone'.
2026-08-15 09:51:31,151 - INFO - Expanded 50 seed keywords to 218 variations
2026-08-15 09:51:31,158 - INFO - 🔧 Request Handler initialized - Success rate: 100.0%
2026-08-15 09:55:57,400 - INFO - Original clue keywords: clock speed, external storage
2026-08-15 09:55:57,400 - INFO - Niche-focused seeds: clock speed iphone, iphone clock speed, clock speed cheap, cheap clock speed, clock speed best, best clock speed, clock speed latest, latest clock speed, clock speed review, review clock speed, clock speed price, price clock speed, clock speed sell, sell clock speed, clock speed buy, buy clock speed, clock speed recommendation, recommendation clock speed, clock speed tips, tips clock speed, clock speed tutorial, tutorial clock speed, clock speed guide, guide clock speed, clock speed how to, how to clock speed, clock speed vs, vs clock speed, clock speed versus, versus clock speed, clock speed compared to, compared to clock speed, clock speed comparison, comparison clock speed, clock speed alternatives, alternatives clock speed, clock speed which is better, which is better clock speed, clock speed expensive, expensive clock speed, clock speed discount, discount clock speed, clock speed deals, deals clock speed, clock speed sale, sale clock speed, clock speed affordable, affordable clock speed, clock speed cost, cost clock speed, clock speed online, online clock speed, clock speed offline, offline clock speed, clock speed marketplace, marketplace clock speed, clock speed store, store clock speed, clock speed shop, shop clock speed, clock speed retailer, retailer clock speed, clock speed where to buy, where to buy clock speed, clock speed worst, worst clock speed, clock speed quality, quality clock speed, clock speed original, original clock speed, clock speed genuine, genuine clock speed, clock speed fake, fake clock speed, clock speed replica, replica clock speed, clock speed authentic, authentic clock speed, clock speed brand, brand clock speed, clock speed manufacturer, manufacturer clock speed, clock speed company, company clock speed, clock speed product, product clock speed, clock speed iphone product, iphone product clock speed, clock speed sell iphone, sell iphone clock speed, clock speed buy iphone, buy iphone clock speed, clock speed cheap iphone, cheap iphone clock speed, clock speed best iphone, best iphone clock speed, clock speed iphone review, iphone review clock speed, clock speed where to buy iphone, where to buy iphone clock speed, clock speed how to choose iphone, how to choose iphone clock speed, clock speed top iphone, top iphone clock speed, clock speed iphone guide, iphone guide clock speed, clock speed iphone for sale, iphone for sale clock speed, clock speed iphone deals, iphone deals clock speed, external storage iphone, iphone external storage, external storage cheap, cheap external storage, external storage best, best external storage, external storage latest, latest external storage, external storage review, review external storage, external storage price, price external storage, external storage sell, sell external storage, external storage buy, buy external storage, external storage recommendation, recommendation external storage, external storage tips, tips external storage, external storage tutorial, tutorial external storage, external storage guide, guide external storage, external storage how to, how to external storage, external storage vs, vs external storage, external storage versus, versus external storage, external storage compared to, compared to external storage, external storage comparison, comparison external storage, external storage alternatives, alternatives external storage, external storage which is better, which is better external storage, external storage expensive, expensive external storage, external storage discount, discount external storage, external storage deals, deals external storage, external storage sale, sale external storage, external storage affordable, affordable external storage, external storage cost, cost external storage, external storage online, online external storage, external storage offline, offline external storage, external storage marketplace, marketplace external storage, external storage store, store external storage, external storage shop, shop external storage, external storage retailer, retailer external storage, external storage where to buy, where to buy external storage, external storage worst, worst external storage, external storage quality, quality external storage, external storage original, original external storage, external storage genuine, genuine external storage, external storage fake, fake external storage, external storage replica, replica external storage, external storage authentic, authentic external storage, external storage brand, brand external storage, external storage manufacturer, manufacturer external storage, external storage company, company external storage, external storage product, product external storage, external storage iphone product, iphone product external storage, external storage sell iphone, sell iphone external storage, external storage buy iphone, buy iphone external storage, external storage cheap iphone, cheap iphone external storage, external storage best iphone, best iphone external storage, external storage iphone review, iphone review external storage, external storage where to buy iphone, where to buy iphone external storage, external storage how to choose iphone, how to choose iphone external storage, external storage top iphone, top iphone external storage, external storage iphone guide, iphone guide external storage, external storage iphone for sale, iphone for sale external storage, external storage iphone deals, iphone deals external storage
2026-08-15 09:55:57,404 - INFO - Expanded 220 seed keywords to 385 variations
2026-08-15 09:55:57,404 - INFO - Language: en
2026-08-15 09:55:57,404 - INFO - Region: us
2026-08-15 10:00:28,204 - INFO - 🎯 After all filtering for 'iphone': 120 relevant keywords
2026-08-15 10:00:29,511 - INFO - 🎯 Found 5 new keywords for niche 'iphone': iphone affordable clock speed, iphone affordable external storage, cheap alternatives clock speed, cheap alternatives external storage, best authentic clock speed
2026-08-15 10:00:30,021 - INFO - ✅ Niche 'iphone' process complete! 846 total keyword results.
2026-08-15 10:00:30,021 - INFO - ✅ Completed processing niche: 'iphone'
2026-08-15 10:00:30,022 - INFO - 🔧 Request Handler final stats - Success rate: 100.0%
2026-08-15 10:00:30,022 - INFO -    Total requests: 172084, Blocks: 1
2026-08-15 10:00:30,023 - INFO - 
========================================
2026-08-15 10:00:30,023 - INFO - Process Summary:
2026-08-15 10:00:30,023 - INFO - - Current niche: 'iphone'
2026-08-15 10:00:30,023 - INFO - - Next niche will be: 'samsung'
2026-08-15 10:00:30,023 - INFO - - Keywords saved in: languages/english/keywords/iphone/
2026-08-15 10:00:30,023 - INFO - ========================================
