2026-10-09 19:34:37,828 - INFO - Log file created at: /home/runner/work/potensitech.com/potensitech.com/languages/english/keywords/logs/kw_search_20261009_193437.log
2026-10-09 19:34:37,828 - INFO - ============================================================
2026-10-09 19:34:37,828 - INFO - AUTOMATIC KEYWORD RESEARCH TOOL
2026-10-09 19:34:37,829 - INFO - ============================================================
2026-10-09 19:34:38,330 - INFO - ========================================
2026-10-09 19:34:38,330 - INFO - Found 14 niches to process: xiaomi, iphone, samsung, apple, sony, asus, philips, sandisk, intel, nvidia, amd, canon, nikon, huawei
2026-10-09 19:34:38,330 - INFO - ========================================
2026-10-09 19:34:38,330 - INFO - Continuing from last processed niche: sony
2026-10-09 19:34:38,330 - INFO - ========================================
2026-10-09 19:34:38,330 - INFO - 🎯 PROCESSING NICHE 6/14: 'asus'
2026-10-09 19:34:38,330 - INFO - ========================================
2026-10-09 19:34:38,330 - INFO - 📁 Niche directory: /home/runner/work/potensitech.com/potensitech.com/languages/english/keywords/asus
2026-10-09 19:34:38,330 - INFO - Selected region: us
2026-10-09 19:34:38,330 - INFO - Selected language: en
2026-10-09 19:34:38,330 - INFO - 🎯 Current niche: asus
2026-10-09 19:34:49,289 - INFO - 🎯 Niche terms for filtering: asus, cheap, best, latest, review, price, sell, buy, recommendation, tips, tutorial, guide, how to, vs, versus, compared to, comparison, alternatives, which is better, expensive, discount, deals, sale, affordable, cost, online, offline, marketplace, store, shop, retailer, where to buy, worst, quality, original, genuine, fake, replica, authentic, brand, manufacturer, company, product, asus product, sell asus, buy asus, cheap asus, best asus, asus review, where to buy asus, how to choose asus, top asus, asus guide, asus for sale, asus deals
2026-10-09 19:34:49,289 - INFO - Generated 50 niche-clue pairs for 'asus'.
2026-10-09 19:34:49,292 - INFO - Expanded 50 seed keywords to 218 variations
2026-10-09 19:34:49,293 - INFO - 🔧 Request Handler initialized - Success rate: 100.0%
2026-10-09 19:39:15,074 - INFO - Original clue keywords: android, battery
2026-10-09 19:39:15,074 - INFO - Niche-focused seeds: android asus, asus android, android cheap, cheap android, android best, best android, android latest, latest android, android review, review android, android price, price android, android sell, sell android, android buy, buy android, android recommendation, recommendation android, android tips, tips android, android tutorial, tutorial android, android guide, guide android, android how to, how to android, android vs, vs android, android versus, versus android, android compared to, compared to android, android comparison, comparison android, android alternatives, alternatives android, android which is better, which is better android, android expensive, expensive android, android discount, discount android, android deals, deals android, android sale, sale android, android affordable, affordable android, android cost, cost android, android online, online android, android offline, offline android, android marketplace, marketplace android, android store, store android, android shop, shop android, android retailer, retailer android, android where to buy, where to buy android, android worst, worst android, android quality, quality android, android original, original android, android genuine, genuine android, android fake, fake android, android replica, replica android, android authentic, authentic android, android brand, brand android, android manufacturer, manufacturer android, android company, company android, android product, product android, android asus product, asus product android, android sell asus, sell asus android, android buy asus, buy asus android, android cheap asus, cheap asus android, android best asus, best asus android, android asus review, asus review android, android where to buy asus, where to buy asus android, android how to choose asus, how to choose asus android, android top asus, top asus android, android asus guide, asus guide android, android asus for sale, asus for sale android, android asus deals, asus deals android, battery asus, asus battery, battery cheap, cheap battery, battery best, best battery, battery latest, latest battery, battery review, review battery, battery price, price battery, battery sell, sell battery, battery buy, buy battery, battery recommendation, recommendation battery, battery tips, tips battery, battery tutorial, tutorial battery, battery guide, guide battery, battery how to, how to battery, battery vs, vs battery, battery versus, versus battery, battery compared to, compared to battery, battery comparison, comparison battery, battery alternatives, alternatives battery, battery which is better, which is better battery, battery expensive, expensive battery, battery discount, discount battery, battery deals, deals battery, battery sale, sale battery, battery affordable, affordable battery, battery cost, cost battery, battery online, online battery, battery offline, offline battery, battery marketplace, marketplace battery, battery store, store battery, battery shop, shop battery, battery retailer, retailer battery, battery where to buy, where to buy battery, battery worst, worst battery, battery quality, quality battery, battery original, original battery, battery genuine, genuine battery, battery fake, fake battery, battery replica, replica battery, battery authentic, authentic battery, battery brand, brand battery, battery manufacturer, manufacturer battery, battery company, company battery, battery product, product battery, battery asus product, asus product battery, battery sell asus, sell asus battery, battery buy asus, buy asus battery, battery cheap asus, cheap asus battery, battery best asus, best asus battery, battery asus review, asus review battery, battery where to buy asus, where to buy asus battery, battery how to choose asus, how to choose asus battery, battery top asus, top asus battery, battery asus guide, asus guide battery, battery asus for sale, asus for sale battery, battery asus deals, asus deals battery
2026-10-09 19:39:15,078 - INFO - Expanded 220 seed keywords to 385 variations
2026-10-09 19:39:15,078 - INFO - Language: en
2026-10-09 19:39:15,078 - INFO - Region: us
2026-10-09 19:43:10,312 - INFO - 🎯 After all filtering for 'asus': 120 relevant keywords
2026-10-09 19:43:10,583 - INFO - 🎯 Found 5 new keywords for niche 'asus': asus affordable android, cheap affordable android, best affordable android, how to affordable android, asus affordable battery
2026-10-09 19:43:26,539 - INFO - ✅ Niche 'asus' process complete! 889 total keyword results.
2026-10-09 19:43:26,539 - INFO - ✅ Completed processing niche: 'asus'
2026-10-09 19:43:26,539 - INFO - 🔧 Request Handler final stats - Success rate: 100.0%
2026-10-09 19:43:26,539 - INFO -    Total requests: 218656, Blocks: 1
2026-10-09 19:43:26,540 - INFO - 
========================================
2026-10-09 19:43:26,540 - INFO - Process Summary:
2026-10-09 19:43:26,541 - INFO - - Current niche: 'asus'
2026-10-09 19:43:26,541 - INFO - - Next niche will be: 'philips'
2026-10-09 19:43:26,541 - INFO - - Keywords saved in: languages/english/keywords/asus/
2026-10-09 19:43:26,541 - INFO - ========================================
