2026-09-05 11:16:22,212 - INFO - Log file created at: /home/runner/work/potensitech.com/potensitech.com/languages/english/keywords/logs/kw_search_20260905_111622.log
2026-09-05 11:16:22,213 - INFO - ============================================================
2026-09-05 11:16:22,213 - INFO - AUTOMATIC KEYWORD RESEARCH TOOL
2026-09-05 11:16:22,213 - INFO - ============================================================
2026-09-05 11:16:22,500 - INFO - ========================================
2026-09-05 11:16:22,500 - INFO - Found 14 niches to process: xiaomi, iphone, samsung, apple, sony, asus, philips, sandisk, intel, nvidia, amd, canon, nikon, huawei
2026-09-05 11:16:22,500 - INFO - ========================================
2026-09-05 11:16:22,500 - INFO - Continuing from last processed niche: nikon
2026-09-05 11:16:22,500 - INFO - ========================================
2026-09-05 11:16:22,500 - INFO - 🎯 PROCESSING NICHE 14/14: 'huawei'
2026-09-05 11:16:22,500 - INFO - ========================================
2026-09-05 11:16:22,500 - INFO - 📁 Niche directory: /home/runner/work/potensitech.com/potensitech.com/languages/english/keywords/huawei
2026-09-05 11:16:22,500 - INFO - Selected region: us
2026-09-05 11:16:22,501 - INFO - Selected language: en
2026-09-05 11:16:22,501 - INFO - 🎯 Current niche: huawei
2026-09-05 11:16:33,867 - INFO - 🎯 Niche terms for filtering: huawei, cheap, best, latest, review, price, sell, buy, recommendation, tips, tutorial, guide, how to, vs, versus, compared to, comparison, alternatives, which is better, expensive, discount, deals, sale, affordable, cost, online, offline, marketplace, store, shop, retailer, where to buy, worst, quality, original, genuine, fake, replica, authentic, brand, manufacturer, company, product, huawei product, sell huawei, buy huawei, cheap huawei, best huawei, huawei review, where to buy huawei, how to choose huawei, top huawei, huawei guide, huawei for sale, huawei deals
2026-09-05 11:16:33,867 - INFO - Generated 50 niche-clue pairs for 'huawei'.
2026-09-05 11:16:33,870 - INFO - Expanded 50 seed keywords to 218 variations
2026-09-05 11:16:33,870 - INFO - 🔧 Request Handler initialized - Success rate: 100.0%
2026-09-05 11:20:53,014 - INFO - Original clue keywords: durability, mirrorless innovation
2026-09-05 11:20:53,014 - INFO - Niche-focused seeds: durability huawei, huawei durability, durability cheap, cheap durability, durability best, best durability, durability latest, latest durability, durability review, review durability, durability price, price durability, durability sell, sell durability, durability buy, buy durability, durability recommendation, recommendation durability, durability tips, tips durability, durability tutorial, tutorial durability, durability guide, guide durability, durability how to, how to durability, durability vs, vs durability, durability versus, versus durability, durability compared to, compared to durability, durability comparison, comparison durability, durability alternatives, alternatives durability, durability which is better, which is better durability, durability expensive, expensive durability, durability discount, discount durability, durability deals, deals durability, durability sale, sale durability, durability affordable, affordable durability, durability cost, cost durability, durability online, online durability, durability offline, offline durability, durability marketplace, marketplace durability, durability store, store durability, durability shop, shop durability, durability retailer, retailer durability, durability where to buy, where to buy durability, durability worst, worst durability, durability quality, quality durability, durability original, original durability, durability genuine, genuine durability, durability fake, fake durability, durability replica, replica durability, durability authentic, authentic durability, durability brand, brand durability, durability manufacturer, manufacturer durability, durability company, company durability, durability product, product durability, durability huawei product, huawei product durability, durability sell huawei, sell huawei durability, durability buy huawei, buy huawei durability, durability cheap huawei, cheap huawei durability, durability best huawei, best huawei durability, durability huawei review, huawei review durability, durability where to buy huawei, where to buy huawei durability, durability how to choose huawei, how to choose huawei durability, durability top huawei, top huawei durability, durability huawei guide, huawei guide durability, durability huawei for sale, huawei for sale durability, durability huawei deals, huawei deals durability, mirrorless innovation huawei, huawei mirrorless innovation, mirrorless innovation cheap, cheap mirrorless innovation, mirrorless innovation best, best mirrorless innovation, mirrorless innovation latest, latest mirrorless innovation, mirrorless innovation review, review mirrorless innovation, mirrorless innovation price, price mirrorless innovation, mirrorless innovation sell, sell mirrorless innovation, mirrorless innovation buy, buy mirrorless innovation, mirrorless innovation recommendation, recommendation mirrorless innovation, mirrorless innovation tips, tips mirrorless innovation, mirrorless innovation tutorial, tutorial mirrorless innovation, mirrorless innovation guide, guide mirrorless innovation, mirrorless innovation how to, how to mirrorless innovation, mirrorless innovation vs, vs mirrorless innovation, mirrorless innovation versus, versus mirrorless innovation, mirrorless innovation compared to, compared to mirrorless innovation, mirrorless innovation comparison, comparison mirrorless innovation, mirrorless innovation alternatives, alternatives mirrorless innovation, mirrorless innovation which is better, which is better mirrorless innovation, mirrorless innovation expensive, expensive mirrorless innovation, mirrorless innovation discount, discount mirrorless innovation, mirrorless innovation deals, deals mirrorless innovation, mirrorless innovation sale, sale mirrorless innovation, mirrorless innovation affordable, affordable mirrorless innovation, mirrorless innovation cost, cost mirrorless innovation, mirrorless innovation online, online mirrorless innovation, mirrorless innovation offline, offline mirrorless innovation, mirrorless innovation marketplace, marketplace mirrorless innovation, mirrorless innovation store, store mirrorless innovation, mirrorless innovation shop, shop mirrorless innovation, mirrorless innovation retailer, retailer mirrorless innovation, mirrorless innovation where to buy, where to buy mirrorless innovation, mirrorless innovation worst, worst mirrorless innovation, mirrorless innovation quality, quality mirrorless innovation, mirrorless innovation original, original mirrorless innovation, mirrorless innovation genuine, genuine mirrorless innovation, mirrorless innovation fake, fake mirrorless innovation, mirrorless innovation replica, replica mirrorless innovation, mirrorless innovation authentic, authentic mirrorless innovation, mirrorless innovation brand, brand mirrorless innovation, mirrorless innovation manufacturer, manufacturer mirrorless innovation, mirrorless innovation company, company mirrorless innovation, mirrorless innovation product, product mirrorless innovation, mirrorless innovation huawei product, huawei product mirrorless innovation, mirrorless innovation sell huawei, sell huawei mirrorless innovation, mirrorless innovation buy huawei, buy huawei mirrorless innovation, mirrorless innovation cheap huawei, cheap huawei mirrorless innovation, mirrorless innovation best huawei, best huawei mirrorless innovation, mirrorless innovation huawei review, huawei review mirrorless innovation, mirrorless innovation where to buy huawei, where to buy huawei mirrorless innovation, mirrorless innovation how to choose huawei, how to choose huawei mirrorless innovation, mirrorless innovation top huawei, top huawei mirrorless innovation, mirrorless innovation huawei guide, huawei guide mirrorless innovation, mirrorless innovation huawei for sale, huawei for sale mirrorless innovation, mirrorless innovation huawei deals, huawei deals mirrorless innovation
2026-09-05 11:20:53,017 - INFO - Expanded 220 seed keywords to 385 variations
2026-09-05 11:20:53,017 - INFO - Language: en
2026-09-05 11:20:53,017 - INFO - Region: us
2026-09-05 11:25:22,450 - INFO - 🎯 After all filtering for 'huawei': 120 relevant keywords
2026-09-05 11:25:22,658 - INFO - 🎯 Found 5 new keywords for niche 'huawei': huawei affordable durability, cheap affordable durability, best affordable durability, huawei alternatives durability, cheap alternatives durability
2026-09-05 11:25:38,521 - INFO - ✅ Niche 'huawei' process complete! 664 total keyword results.
2026-09-05 11:25:38,521 - INFO - ✅ Completed processing niche: 'huawei'
2026-09-05 11:25:38,521 - INFO - 🔧 Request Handler final stats - Success rate: 100.0%
2026-09-05 11:25:38,521 - INFO -    Total requests: 188838, Blocks: 1
2026-09-05 11:25:38,522 - INFO - 
========================================
2026-09-05 11:25:38,522 - INFO - Process Summary:
2026-09-05 11:25:38,522 - INFO - - Current niche: 'huawei'
2026-09-05 11:25:38,522 - INFO - - Next niche will be: 'xiaomi'
2026-09-05 11:25:38,522 - INFO - - Keywords saved in: languages/english/keywords/huawei/
2026-09-05 11:25:38,523 - INFO - ========================================
