2026-08-19 17:03:44,210 - INFO - Log file created at: /home/runner/work/potensitech.com/potensitech.com/languages/english/keywords/logs/kw_search_20260819_170344.log
2026-08-19 17:03:44,210 - INFO - ============================================================
2026-08-19 17:03:44,210 - INFO - AUTOMATIC KEYWORD RESEARCH TOOL
2026-08-19 17:03:44,210 - INFO - ============================================================
2026-08-19 17:03:44,534 - INFO - ========================================
2026-08-19 17:03:44,534 - INFO - Found 14 niches to process: xiaomi, iphone, samsung, apple, sony, asus, philips, sandisk, intel, nvidia, amd, canon, nikon, huawei
2026-08-19 17:03:44,534 - INFO - ========================================
2026-08-19 17:03:44,534 - INFO - Continuing from last processed niche: iphone
2026-08-19 17:03:44,534 - INFO - ========================================
2026-08-19 17:03:44,534 - INFO - 🎯 PROCESSING NICHE 3/14: 'samsung'
2026-08-19 17:03:44,534 - INFO - ========================================
2026-08-19 17:03:44,535 - INFO - 📁 Niche directory: /home/runner/work/potensitech.com/potensitech.com/languages/english/keywords/samsung
2026-08-19 17:03:44,535 - INFO - Selected region: us
2026-08-19 17:03:44,535 - INFO - Selected language: en
2026-08-19 17:03:44,535 - INFO - 🎯 Current niche: samsung
2026-08-19 17:03:45,348 - INFO - 🎯 Niche terms for filtering: samsung, cheap, best, latest, review, price, sell, buy, recommendation, tips, tutorial, guide, how to, vs, versus, compared to, comparison, alternatives, which is better, expensive, discount, deals, sale, affordable, cost, online, offline, marketplace, store, shop, retailer, where to buy, worst, quality, original, genuine, fake, replica, authentic, brand, manufacturer, company, product, samsung product, sell samsung, buy samsung, cheap samsung, best samsung, samsung review, where to buy samsung, how to choose samsung, top samsung, samsung guide, samsung for sale, samsung deals
2026-08-19 17:03:45,349 - INFO - Generated 50 niche-clue pairs for 'samsung'.
2026-08-19 17:03:45,352 - INFO - Expanded 50 seed keywords to 218 variations
2026-08-19 17:03:45,366 - INFO - 🔧 Request Handler initialized - Success rate: 100.0%
2026-08-19 17:08:12,785 - INFO - Original clue keywords: megapixels, autofocus
2026-08-19 17:08:12,785 - INFO - Niche-focused seeds: megapixels samsung, samsung megapixels, megapixels cheap, cheap megapixels, megapixels best, best megapixels, megapixels latest, latest megapixels, megapixels review, review megapixels, megapixels price, price megapixels, megapixels sell, sell megapixels, megapixels buy, buy megapixels, megapixels recommendation, recommendation megapixels, megapixels tips, tips megapixels, megapixels tutorial, tutorial megapixels, megapixels guide, guide megapixels, megapixels how to, how to megapixels, megapixels vs, vs megapixels, megapixels versus, versus megapixels, megapixels compared to, compared to megapixels, megapixels comparison, comparison megapixels, megapixels alternatives, alternatives megapixels, megapixels which is better, which is better megapixels, megapixels expensive, expensive megapixels, megapixels discount, discount megapixels, megapixels deals, deals megapixels, megapixels sale, sale megapixels, megapixels affordable, affordable megapixels, megapixels cost, cost megapixels, megapixels online, online megapixels, megapixels offline, offline megapixels, megapixels marketplace, marketplace megapixels, megapixels store, store megapixels, megapixels shop, shop megapixels, megapixels retailer, retailer megapixels, megapixels where to buy, where to buy megapixels, megapixels worst, worst megapixels, megapixels quality, quality megapixels, megapixels original, original megapixels, megapixels genuine, genuine megapixels, megapixels fake, fake megapixels, megapixels replica, replica megapixels, megapixels authentic, authentic megapixels, megapixels brand, brand megapixels, megapixels manufacturer, manufacturer megapixels, megapixels company, company megapixels, megapixels product, product megapixels, megapixels samsung product, samsung product megapixels, megapixels sell samsung, sell samsung megapixels, megapixels buy samsung, buy samsung megapixels, megapixels cheap samsung, cheap samsung megapixels, megapixels best samsung, best samsung megapixels, megapixels samsung review, samsung review megapixels, megapixels where to buy samsung, where to buy samsung megapixels, megapixels how to choose samsung, how to choose samsung megapixels, megapixels top samsung, top samsung megapixels, megapixels samsung guide, samsung guide megapixels, megapixels samsung for sale, samsung for sale megapixels, megapixels samsung deals, samsung deals megapixels, autofocus samsung, samsung autofocus, autofocus cheap, cheap autofocus, autofocus best, best autofocus, autofocus latest, latest autofocus, autofocus review, review autofocus, autofocus price, price autofocus, autofocus sell, sell autofocus, autofocus buy, buy autofocus, autofocus recommendation, recommendation autofocus, autofocus tips, tips autofocus, autofocus tutorial, tutorial autofocus, autofocus guide, guide autofocus, autofocus how to, how to autofocus, autofocus vs, vs autofocus, autofocus versus, versus autofocus, autofocus compared to, compared to autofocus, autofocus comparison, comparison autofocus, autofocus alternatives, alternatives autofocus, autofocus which is better, which is better autofocus, autofocus expensive, expensive autofocus, autofocus discount, discount autofocus, autofocus deals, deals autofocus, autofocus sale, sale autofocus, autofocus affordable, affordable autofocus, autofocus cost, cost autofocus, autofocus online, online autofocus, autofocus offline, offline autofocus, autofocus marketplace, marketplace autofocus, autofocus store, store autofocus, autofocus shop, shop autofocus, autofocus retailer, retailer autofocus, autofocus where to buy, where to buy autofocus, autofocus worst, worst autofocus, autofocus quality, quality autofocus, autofocus original, original autofocus, autofocus genuine, genuine autofocus, autofocus fake, fake autofocus, autofocus replica, replica autofocus, autofocus authentic, authentic autofocus, autofocus brand, brand autofocus, autofocus manufacturer, manufacturer autofocus, autofocus company, company autofocus, autofocus product, product autofocus, autofocus samsung product, samsung product autofocus, autofocus sell samsung, sell samsung autofocus, autofocus buy samsung, buy samsung autofocus, autofocus cheap samsung, cheap samsung autofocus, autofocus best samsung, best samsung autofocus, autofocus samsung review, samsung review autofocus, autofocus where to buy samsung, where to buy samsung autofocus, autofocus how to choose samsung, how to choose samsung autofocus, autofocus top samsung, top samsung autofocus, autofocus samsung guide, samsung guide autofocus, autofocus samsung for sale, samsung for sale autofocus, autofocus samsung deals, samsung deals autofocus
2026-08-19 17:08:12,788 - INFO - Expanded 220 seed keywords to 385 variations
2026-08-19 17:08:12,788 - INFO - Language: en
2026-08-19 17:08:12,788 - INFO - Region: us
2026-08-19 17:08:45,221 - INFO - 🎯 After all filtering for 'samsung': 120 relevant keywords
2026-08-19 17:08:45,432 - INFO - 🎯 Found 5 new keywords for niche 'samsung': samsung affordable autofocus, cheap affordable autofocus, best affordable autofocus, how to affordable autofocus, samsung affordable megapixels
2026-08-19 17:08:45,882 - INFO - ✅ Niche 'samsung' process complete! 616 total keyword results.
2026-08-19 17:08:45,882 - INFO - ✅ Completed processing niche: 'samsung'
2026-08-19 17:08:45,882 - INFO - 🔧 Request Handler final stats - Success rate: 100.0%
2026-08-19 17:08:45,882 - INFO -    Total requests: 175733, Blocks: 1
2026-08-19 17:08:45,883 - INFO - 
========================================
2026-08-19 17:08:45,884 - INFO - Process Summary:
2026-08-19 17:08:45,884 - INFO - - Current niche: 'samsung'
2026-08-19 17:08:45,884 - INFO - - Next niche will be: 'apple'
2026-08-19 17:08:45,884 - INFO - - Keywords saved in: languages/english/keywords/samsung/
2026-08-19 17:08:45,884 - INFO - ========================================
