2026-08-22 05:11:14,687 - INFO - Log file created at: /home/runner/work/potensitech.com/potensitech.com/languages/english/keywords/logs/kw_search_20260822_051114.log
2026-08-22 05:11:14,687 - INFO - ============================================================
2026-08-22 05:11:14,687 - INFO - AUTOMATIC KEYWORD RESEARCH TOOL
2026-08-22 05:11:14,687 - INFO - ============================================================
2026-08-22 05:11:14,988 - INFO - ========================================
2026-08-22 05:11:14,988 - INFO - Found 14 niches to process: xiaomi, iphone, samsung, apple, sony, asus, philips, sandisk, intel, nvidia, amd, canon, nikon, huawei
2026-08-22 05:11:14,988 - INFO - ========================================
2026-08-22 05:11:14,988 - INFO - Continuing from last processed niche: nikon
2026-08-22 05:11:14,988 - INFO - ========================================
2026-08-22 05:11:14,988 - INFO - 🎯 PROCESSING NICHE 14/14: 'huawei'
2026-08-22 05:11:14,988 - INFO - ========================================
2026-08-22 05:11:14,988 - INFO - 📁 Niche directory: /home/runner/work/potensitech.com/potensitech.com/languages/english/keywords/huawei
2026-08-22 05:11:14,988 - INFO - Selected region: us
2026-08-22 05:11:14,988 - INFO - Selected language: en
2026-08-22 05:11:14,988 - INFO - 🎯 Current niche: huawei
2026-08-22 05:11:26,086 - INFO - 🎯 Niche terms for filtering: huawei, cheap, best, latest, review, price, sell, buy, recommendation, tips, tutorial, guide, how to, vs, versus, compared to, comparison, alternatives, which is better, expensive, discount, deals, sale, affordable, cost, online, offline, marketplace, store, shop, retailer, where to buy, worst, quality, original, genuine, fake, replica, authentic, brand, manufacturer, company, product, huawei product, sell huawei, buy huawei, cheap huawei, best huawei, huawei review, where to buy huawei, how to choose huawei, top huawei, huawei guide, huawei for sale, huawei deals
2026-08-22 05:11:26,087 - INFO - Generated 50 niche-clue pairs for 'huawei'.
2026-08-22 05:11:26,091 - INFO - Expanded 50 seed keywords to 218 variations
2026-08-22 05:11:26,091 - INFO - 🔧 Request Handler initialized - Success rate: 100.0%
2026-08-22 05:15:50,005 - INFO - Original clue keywords: mirrorless, gpu performance
2026-08-22 05:15:50,005 - INFO - Niche-focused seeds: mirrorless huawei, huawei mirrorless, mirrorless cheap, cheap mirrorless, mirrorless best, best mirrorless, mirrorless latest, latest mirrorless, mirrorless review, review mirrorless, mirrorless price, price mirrorless, mirrorless sell, sell mirrorless, mirrorless buy, buy mirrorless, mirrorless recommendation, recommendation mirrorless, mirrorless tips, tips mirrorless, mirrorless tutorial, tutorial mirrorless, mirrorless guide, guide mirrorless, mirrorless how to, how to mirrorless, mirrorless vs, vs mirrorless, mirrorless versus, versus mirrorless, mirrorless compared to, compared to mirrorless, mirrorless comparison, comparison mirrorless, mirrorless alternatives, alternatives mirrorless, mirrorless which is better, which is better mirrorless, mirrorless expensive, expensive mirrorless, mirrorless discount, discount mirrorless, mirrorless deals, deals mirrorless, mirrorless sale, sale mirrorless, mirrorless affordable, affordable mirrorless, mirrorless cost, cost mirrorless, mirrorless online, online mirrorless, mirrorless offline, offline mirrorless, mirrorless marketplace, marketplace mirrorless, mirrorless store, store mirrorless, mirrorless shop, shop mirrorless, mirrorless retailer, retailer mirrorless, mirrorless where to buy, where to buy mirrorless, mirrorless worst, worst mirrorless, mirrorless quality, quality mirrorless, mirrorless original, original mirrorless, mirrorless genuine, genuine mirrorless, mirrorless fake, fake mirrorless, mirrorless replica, replica mirrorless, mirrorless authentic, authentic mirrorless, mirrorless brand, brand mirrorless, mirrorless manufacturer, manufacturer mirrorless, mirrorless company, company mirrorless, mirrorless product, product mirrorless, mirrorless huawei product, huawei product mirrorless, mirrorless sell huawei, sell huawei mirrorless, mirrorless buy huawei, buy huawei mirrorless, mirrorless cheap huawei, cheap huawei mirrorless, mirrorless best huawei, best huawei mirrorless, mirrorless huawei review, huawei review mirrorless, mirrorless where to buy huawei, where to buy huawei mirrorless, mirrorless how to choose huawei, how to choose huawei mirrorless, mirrorless top huawei, top huawei mirrorless, mirrorless huawei guide, huawei guide mirrorless, mirrorless huawei for sale, huawei for sale mirrorless, mirrorless huawei deals, huawei deals mirrorless, gpu performance huawei, huawei gpu performance, gpu performance cheap, cheap gpu performance, gpu performance best, best gpu performance, gpu performance latest, latest gpu performance, gpu performance review, review gpu performance, gpu performance price, price gpu performance, gpu performance sell, sell gpu performance, gpu performance buy, buy gpu performance, gpu performance recommendation, recommendation gpu performance, gpu performance tips, tips gpu performance, gpu performance tutorial, tutorial gpu performance, gpu performance guide, guide gpu performance, gpu performance how to, how to gpu performance, gpu performance vs, vs gpu performance, gpu performance versus, versus gpu performance, gpu performance compared to, compared to gpu performance, gpu performance comparison, comparison gpu performance, gpu performance alternatives, alternatives gpu performance, gpu performance which is better, which is better gpu performance, gpu performance expensive, expensive gpu performance, gpu performance discount, discount gpu performance, gpu performance deals, deals gpu performance, gpu performance sale, sale gpu performance, gpu performance affordable, affordable gpu performance, gpu performance cost, cost gpu performance, gpu performance online, online gpu performance, gpu performance offline, offline gpu performance, gpu performance marketplace, marketplace gpu performance, gpu performance store, store gpu performance, gpu performance shop, shop gpu performance, gpu performance retailer, retailer gpu performance, gpu performance where to buy, where to buy gpu performance, gpu performance worst, worst gpu performance, gpu performance quality, quality gpu performance, gpu performance original, original gpu performance, gpu performance genuine, genuine gpu performance, gpu performance fake, fake gpu performance, gpu performance replica, replica gpu performance, gpu performance authentic, authentic gpu performance, gpu performance brand, brand gpu performance, gpu performance manufacturer, manufacturer gpu performance, gpu performance company, company gpu performance, gpu performance product, product gpu performance, gpu performance huawei product, huawei product gpu performance, gpu performance sell huawei, sell huawei gpu performance, gpu performance buy huawei, buy huawei gpu performance, gpu performance cheap huawei, cheap huawei gpu performance, gpu performance best huawei, best huawei gpu performance, gpu performance huawei review, huawei review gpu performance, gpu performance where to buy huawei, where to buy huawei gpu performance, gpu performance how to choose huawei, how to choose huawei gpu performance, gpu performance top huawei, top huawei gpu performance, gpu performance huawei guide, huawei guide gpu performance, gpu performance huawei for sale, huawei for sale gpu performance, gpu performance huawei deals, huawei deals gpu performance
2026-08-22 05:15:50,009 - INFO - Expanded 220 seed keywords to 385 variations
2026-08-22 05:15:50,009 - INFO - Language: en
2026-08-22 05:15:50,009 - INFO - Region: us
2026-08-22 05:18:25,284 - INFO - 🎯 After all filtering for 'huawei': 120 relevant keywords
2026-08-22 05:18:25,716 - INFO - 🎯 Found 5 new keywords for niche 'huawei': huawei affordable mirrorless, best cheap affordable mirrorless, huawei alternatives mirrorless, cheap alternatives mirrorless, best alternatives mirrorless
2026-08-22 05:18:41,428 - INFO - ✅ Niche 'huawei' process complete! 644 total keyword results.
2026-08-22 05:18:41,428 - INFO - ✅ Completed processing niche: 'huawei'
2026-08-22 05:18:41,428 - INFO - 🔧 Request Handler final stats - Success rate: 100.0%
2026-08-22 05:18:41,428 - INFO -    Total requests: 177816, Blocks: 1
2026-08-22 05:18:41,429 - INFO - 
========================================
2026-08-22 05:18:41,430 - INFO - Process Summary:
2026-08-22 05:18:41,430 - INFO - - Current niche: 'huawei'
2026-08-22 05:18:41,430 - INFO - - Next niche will be: 'xiaomi'
2026-08-22 05:18:41,430 - INFO - - Keywords saved in: languages/english/keywords/huawei/
2026-08-22 05:18:41,431 - INFO - ========================================
