2026-08-14 15:09:52,969 - INFO - Log file created at: /home/runner/work/potensitech.com/potensitech.com/languages/english/keywords/logs/kw_search_20260814_150952.log
2026-08-14 15:09:52,969 - INFO - ============================================================
2026-08-14 15:09:52,969 - INFO - AUTOMATIC KEYWORD RESEARCH TOOL
2026-08-14 15:09:52,969 - INFO - ============================================================
2026-08-14 15:09:53,282 - INFO - ========================================
2026-08-14 15:09:53,282 - INFO - Found 14 niches to process: xiaomi, iphone, samsung, apple, sony, asus, philips, sandisk, intel, nvidia, amd, canon, nikon, huawei
2026-08-14 15:09:53,282 - INFO - ========================================
2026-08-14 15:09:53,282 - INFO - Continuing from last processed niche: philips
2026-08-14 15:09:53,283 - INFO - ========================================
2026-08-14 15:09:53,283 - INFO - 🎯 PROCESSING NICHE 8/14: 'sandisk'
2026-08-14 15:09:53,283 - INFO - ========================================
2026-08-14 15:09:53,283 - INFO - 📁 Niche directory: /home/runner/work/potensitech.com/potensitech.com/languages/english/keywords/sandisk
2026-08-14 15:09:53,283 - INFO - Selected region: us
2026-08-14 15:09:53,283 - INFO - Selected language: en
2026-08-14 15:09:53,283 - INFO - 🎯 Current niche: sandisk
2026-08-14 15:09:54,023 - INFO - 🎯 Niche terms for filtering: sandisk, cheap, best, latest, review, price, sell, buy, recommendation, tips, tutorial, guide, how to, vs, versus, compared to, comparison, alternatives, which is better, expensive, discount, deals, sale, affordable, cost, online, offline, marketplace, store, shop, retailer, where to buy, worst, quality, original, genuine, fake, replica, authentic, brand, manufacturer, company, product, sandisk product, sell sandisk, buy sandisk, cheap sandisk, best sandisk, sandisk review, where to buy sandisk, how to choose sandisk, top sandisk, sandisk guide, sandisk for sale, sandisk deals
2026-08-14 15:09:54,024 - INFO - Generated 50 niche-clue pairs for 'sandisk'.
2026-08-14 15:09:54,027 - INFO - Expanded 50 seed keywords to 218 variations
2026-08-14 15:09:54,027 - INFO - 🔧 Request Handler initialized - Success rate: 100.0%
2026-08-14 15:14:17,400 - INFO - Original clue keywords: core efficiency, chip architecture
2026-08-14 15:14:17,400 - INFO - Niche-focused seeds: core efficiency sandisk, sandisk core efficiency, core efficiency cheap, cheap core efficiency, core efficiency best, best core efficiency, core efficiency latest, latest core efficiency, core efficiency review, review core efficiency, core efficiency price, price core efficiency, core efficiency sell, sell core efficiency, core efficiency buy, buy core efficiency, core efficiency recommendation, recommendation core efficiency, core efficiency tips, tips core efficiency, core efficiency tutorial, tutorial core efficiency, core efficiency guide, guide core efficiency, core efficiency how to, how to core efficiency, core efficiency vs, vs core efficiency, core efficiency versus, versus core efficiency, core efficiency compared to, compared to core efficiency, core efficiency comparison, comparison core efficiency, core efficiency alternatives, alternatives core efficiency, core efficiency which is better, which is better core efficiency, core efficiency expensive, expensive core efficiency, core efficiency discount, discount core efficiency, core efficiency deals, deals core efficiency, core efficiency sale, sale core efficiency, core efficiency affordable, affordable core efficiency, core efficiency cost, cost core efficiency, core efficiency online, online core efficiency, core efficiency offline, offline core efficiency, core efficiency marketplace, marketplace core efficiency, core efficiency store, store core efficiency, core efficiency shop, shop core efficiency, core efficiency retailer, retailer core efficiency, core efficiency where to buy, where to buy core efficiency, core efficiency worst, worst core efficiency, core efficiency quality, quality core efficiency, core efficiency original, original core efficiency, core efficiency genuine, genuine core efficiency, core efficiency fake, fake core efficiency, core efficiency replica, replica core efficiency, core efficiency authentic, authentic core efficiency, core efficiency brand, brand core efficiency, core efficiency manufacturer, manufacturer core efficiency, core efficiency company, company core efficiency, core efficiency product, product core efficiency, core efficiency sandisk product, sandisk product core efficiency, core efficiency sell sandisk, sell sandisk core efficiency, core efficiency buy sandisk, buy sandisk core efficiency, core efficiency cheap sandisk, cheap sandisk core efficiency, core efficiency best sandisk, best sandisk core efficiency, core efficiency sandisk review, sandisk review core efficiency, core efficiency where to buy sandisk, where to buy sandisk core efficiency, core efficiency how to choose sandisk, how to choose sandisk core efficiency, core efficiency top sandisk, top sandisk core efficiency, core efficiency sandisk guide, sandisk guide core efficiency, core efficiency sandisk for sale, sandisk for sale core efficiency, core efficiency sandisk deals, sandisk deals core efficiency, chip architecture sandisk, sandisk chip architecture, chip architecture cheap, cheap chip architecture, chip architecture best, best chip architecture, chip architecture latest, latest chip architecture, chip architecture review, review chip architecture, chip architecture price, price chip architecture, chip architecture sell, sell chip architecture, chip architecture buy, buy chip architecture, chip architecture recommendation, recommendation chip architecture, chip architecture tips, tips chip architecture, chip architecture tutorial, tutorial chip architecture, chip architecture guide, guide chip architecture, chip architecture how to, how to chip architecture, chip architecture vs, vs chip architecture, chip architecture versus, versus chip architecture, chip architecture compared to, compared to chip architecture, chip architecture comparison, comparison chip architecture, chip architecture alternatives, alternatives chip architecture, chip architecture which is better, which is better chip architecture, chip architecture expensive, expensive chip architecture, chip architecture discount, discount chip architecture, chip architecture deals, deals chip architecture, chip architecture sale, sale chip architecture, chip architecture affordable, affordable chip architecture, chip architecture cost, cost chip architecture, chip architecture online, online chip architecture, chip architecture offline, offline chip architecture, chip architecture marketplace, marketplace chip architecture, chip architecture store, store chip architecture, chip architecture shop, shop chip architecture, chip architecture retailer, retailer chip architecture, chip architecture where to buy, where to buy chip architecture, chip architecture worst, worst chip architecture, chip architecture quality, quality chip architecture, chip architecture original, original chip architecture, chip architecture genuine, genuine chip architecture, chip architecture fake, fake chip architecture, chip architecture replica, replica chip architecture, chip architecture authentic, authentic chip architecture, chip architecture brand, brand chip architecture, chip architecture manufacturer, manufacturer chip architecture, chip architecture company, company chip architecture, chip architecture product, product chip architecture, chip architecture sandisk product, sandisk product chip architecture, chip architecture sell sandisk, sell sandisk chip architecture, chip architecture buy sandisk, buy sandisk chip architecture, chip architecture cheap sandisk, cheap sandisk chip architecture, chip architecture best sandisk, best sandisk chip architecture, chip architecture sandisk review, sandisk review chip architecture, chip architecture where to buy sandisk, where to buy sandisk chip architecture, chip architecture how to choose sandisk, how to choose sandisk chip architecture, chip architecture top sandisk, top sandisk chip architecture, chip architecture sandisk guide, sandisk guide chip architecture, chip architecture sandisk for sale, sandisk for sale chip architecture, chip architecture sandisk deals, sandisk deals chip architecture
2026-08-14 15:14:17,403 - INFO - Expanded 220 seed keywords to 385 variations
2026-08-14 15:14:17,403 - INFO - Language: en
2026-08-14 15:14:17,403 - INFO - Region: us
2026-08-14 15:18:49,686 - INFO - 🎯 After all filtering for 'sandisk': 120 relevant keywords
2026-08-14 15:18:51,170 - INFO - 🎯 Found 5 new keywords for niche 'sandisk': sandisk affordable chip architecture, sandisk affordable core efficiency, cheap alternatives chip architecture, cheap alternatives core efficiency, best authentic chip architecture
2026-08-14 15:18:51,646 - INFO - ✅ Niche 'sandisk' process complete! 811 total keyword results.
2026-08-14 15:18:51,647 - INFO - ✅ Completed processing niche: 'sandisk'
2026-08-14 15:18:51,647 - INFO - 🔧 Request Handler final stats - Success rate: 100.0%
2026-08-14 15:18:51,647 - INFO -    Total requests: 171418, Blocks: 1
2026-08-14 15:18:51,648 - INFO - 
========================================
2026-08-14 15:18:51,648 - INFO - Process Summary:
2026-08-14 15:18:51,648 - INFO - - Current niche: 'sandisk'
2026-08-14 15:18:51,648 - INFO - - Next niche will be: 'intel'
2026-08-14 15:18:51,648 - INFO - - Keywords saved in: languages/english/keywords/sandisk/
2026-08-14 15:18:51,649 - INFO - ========================================
