2026-08-26 07:58:56,531 - INFO - Log file created at: /home/runner/work/potensitech.com/potensitech.com/languages/english/keywords/logs/kw_search_20260826_075856.log
2026-08-26 07:58:56,532 - INFO - ============================================================
2026-08-26 07:58:56,532 - INFO - AUTOMATIC KEYWORD RESEARCH TOOL
2026-08-26 07:58:56,532 - INFO - ============================================================
2026-08-26 07:58:56,819 - INFO - ========================================
2026-08-26 07:58:56,819 - INFO - Found 14 niches to process: xiaomi, iphone, samsung, apple, sony, asus, philips, sandisk, intel, nvidia, amd, canon, nikon, huawei
2026-08-26 07:58:56,819 - INFO - ========================================
2026-08-26 07:58:56,819 - INFO - Continuing from last processed niche: canon
2026-08-26 07:58:56,819 - INFO - ========================================
2026-08-26 07:58:56,819 - INFO - 🎯 PROCESSING NICHE 13/14: 'nikon'
2026-08-26 07:58:56,819 - INFO - ========================================
2026-08-26 07:58:56,819 - INFO - 📁 Niche directory: /home/runner/work/potensitech.com/potensitech.com/languages/english/keywords/nikon
2026-08-26 07:58:56,820 - INFO - Selected region: us
2026-08-26 07:58:56,820 - INFO - Selected language: en
2026-08-26 07:58:56,820 - INFO - 🎯 Current niche: nikon
2026-08-26 07:59:08,233 - INFO - 🎯 Niche terms for filtering: nikon, cheap, best, latest, review, price, sell, buy, recommendation, tips, tutorial, guide, how to, vs, versus, compared to, comparison, alternatives, which is better, expensive, discount, deals, sale, affordable, cost, online, offline, marketplace, store, shop, retailer, where to buy, worst, quality, original, genuine, fake, replica, authentic, brand, manufacturer, company, product, nikon product, sell nikon, buy nikon, cheap nikon, best nikon, nikon review, where to buy nikon, how to choose nikon, top nikon, nikon guide, nikon for sale, nikon deals
2026-08-26 07:59:08,234 - INFO - Generated 50 niche-clue pairs for 'nikon'.
2026-08-26 07:59:08,237 - INFO - Expanded 50 seed keywords to 218 variations
2026-08-26 07:59:08,238 - INFO - 🔧 Request Handler initialized - Success rate: 100.0%
2026-08-26 08:03:36,202 - INFO - Original clue keywords: portable storage, usb stick
2026-08-26 08:03:36,202 - INFO - Niche-focused seeds: portable storage nikon, nikon portable storage, portable storage cheap, cheap portable storage, portable storage best, best portable storage, portable storage latest, latest portable storage, portable storage review, review portable storage, portable storage price, price portable storage, portable storage sell, sell portable storage, portable storage buy, buy portable storage, portable storage recommendation, recommendation portable storage, portable storage tips, tips portable storage, portable storage tutorial, tutorial portable storage, portable storage guide, guide portable storage, portable storage how to, how to portable storage, portable storage vs, vs portable storage, portable storage versus, versus portable storage, portable storage compared to, compared to portable storage, portable storage comparison, comparison portable storage, portable storage alternatives, alternatives portable storage, portable storage which is better, which is better portable storage, portable storage expensive, expensive portable storage, portable storage discount, discount portable storage, portable storage deals, deals portable storage, portable storage sale, sale portable storage, portable storage affordable, affordable portable storage, portable storage cost, cost portable storage, portable storage online, online portable storage, portable storage offline, offline portable storage, portable storage marketplace, marketplace portable storage, portable storage store, store portable storage, portable storage shop, shop portable storage, portable storage retailer, retailer portable storage, portable storage where to buy, where to buy portable storage, portable storage worst, worst portable storage, portable storage quality, quality portable storage, portable storage original, original portable storage, portable storage genuine, genuine portable storage, portable storage fake, fake portable storage, portable storage replica, replica portable storage, portable storage authentic, authentic portable storage, portable storage brand, brand portable storage, portable storage manufacturer, manufacturer portable storage, portable storage company, company portable storage, portable storage product, product portable storage, portable storage nikon product, nikon product portable storage, portable storage sell nikon, sell nikon portable storage, portable storage buy nikon, buy nikon portable storage, portable storage cheap nikon, cheap nikon portable storage, portable storage best nikon, best nikon portable storage, portable storage nikon review, nikon review portable storage, portable storage where to buy nikon, where to buy nikon portable storage, portable storage how to choose nikon, how to choose nikon portable storage, portable storage top nikon, top nikon portable storage, portable storage nikon guide, nikon guide portable storage, portable storage nikon for sale, nikon for sale portable storage, portable storage nikon deals, nikon deals portable storage, usb stick nikon, nikon usb stick, usb stick cheap, cheap usb stick, usb stick best, best usb stick, usb stick latest, latest usb stick, usb stick review, review usb stick, usb stick price, price usb stick, usb stick sell, sell usb stick, usb stick buy, buy usb stick, usb stick recommendation, recommendation usb stick, usb stick tips, tips usb stick, usb stick tutorial, tutorial usb stick, usb stick guide, guide usb stick, usb stick how to, how to usb stick, usb stick vs, vs usb stick, usb stick versus, versus usb stick, usb stick compared to, compared to usb stick, usb stick comparison, comparison usb stick, usb stick alternatives, alternatives usb stick, usb stick which is better, which is better usb stick, usb stick expensive, expensive usb stick, usb stick discount, discount usb stick, usb stick deals, deals usb stick, usb stick sale, sale usb stick, usb stick affordable, affordable usb stick, usb stick cost, cost usb stick, usb stick online, online usb stick, usb stick offline, offline usb stick, usb stick marketplace, marketplace usb stick, usb stick store, store usb stick, usb stick shop, shop usb stick, usb stick retailer, retailer usb stick, usb stick where to buy, where to buy usb stick, usb stick worst, worst usb stick, usb stick quality, quality usb stick, usb stick original, original usb stick, usb stick genuine, genuine usb stick, usb stick fake, fake usb stick, usb stick replica, replica usb stick, usb stick authentic, authentic usb stick, usb stick brand, brand usb stick, usb stick manufacturer, manufacturer usb stick, usb stick company, company usb stick, usb stick product, product usb stick, usb stick nikon product, nikon product usb stick, usb stick sell nikon, sell nikon usb stick, usb stick buy nikon, buy nikon usb stick, usb stick cheap nikon, cheap nikon usb stick, usb stick best nikon, best nikon usb stick, usb stick nikon review, nikon review usb stick, usb stick where to buy nikon, where to buy nikon usb stick, usb stick how to choose nikon, how to choose nikon usb stick, usb stick top nikon, top nikon usb stick, usb stick nikon guide, nikon guide usb stick, usb stick nikon for sale, nikon for sale usb stick, usb stick nikon deals, nikon deals usb stick
2026-08-26 08:03:36,206 - INFO - Expanded 220 seed keywords to 385 variations
2026-08-26 08:03:36,206 - INFO - Language: en
2026-08-26 08:03:36,206 - INFO - Region: us
2026-08-26 08:08:08,637 - INFO - 🎯 After all filtering for 'nikon': 120 relevant keywords
2026-08-26 08:08:09,869 - INFO - 🎯 Found 5 new keywords for niche 'nikon': nikon affordable portable storage, nikon affordable usb stick, cheap alternatives portable storage, cheap alternatives usb stick, best authentic portable storage
2026-08-26 08:08:25,981 - INFO - ✅ Niche 'nikon' process complete! 679 total keyword results.
2026-08-26 08:08:25,982 - INFO - ✅ Completed processing niche: 'nikon'
2026-08-26 08:08:25,982 - INFO - 🔧 Request Handler final stats - Success rate: 100.0%
2026-08-26 08:08:25,982 - INFO -    Total requests: 180734, Blocks: 1
2026-08-26 08:08:25,983 - INFO - 
========================================
2026-08-26 08:08:25,983 - INFO - Process Summary:
2026-08-26 08:08:25,983 - INFO - - Current niche: 'nikon'
2026-08-26 08:08:25,983 - INFO - - Next niche will be: 'huawei'
2026-08-26 08:08:25,983 - INFO - - Keywords saved in: languages/english/keywords/nikon/
2026-08-26 08:08:25,984 - INFO - ========================================
