2026-08-22 14:42:11,696 - INFO - Log file created at: /home/runner/work/potensitech.com/potensitech.com/languages/english/keywords/logs/kw_search_20260822_144211.log
2026-08-22 14:42:11,696 - INFO - ============================================================
2026-08-22 14:42:11,696 - INFO - AUTOMATIC KEYWORD RESEARCH TOOL
2026-08-22 14:42:11,696 - INFO - ============================================================
2026-08-22 14:42:12,015 - INFO - ========================================
2026-08-22 14:42:12,015 - INFO - Found 14 niches to process: xiaomi, iphone, samsung, apple, sony, asus, philips, sandisk, intel, nvidia, amd, canon, nikon, huawei
2026-08-22 14:42:12,015 - INFO - ========================================
2026-08-22 14:42:12,015 - INFO - Continuing from last processed niche: samsung
2026-08-22 14:42:12,015 - INFO - ========================================
2026-08-22 14:42:12,015 - INFO - 🎯 PROCESSING NICHE 4/14: 'apple'
2026-08-22 14:42:12,016 - INFO - ========================================
2026-08-22 14:42:12,016 - INFO - 📁 Niche directory: /home/runner/work/potensitech.com/potensitech.com/languages/english/keywords/apple
2026-08-22 14:42:12,016 - INFO - Selected region: us
2026-08-22 14:42:12,016 - INFO - Selected language: en
2026-08-22 14:42:12,016 - INFO - 🎯 Current niche: apple
2026-08-22 14:42:22,822 - INFO - 🎯 Niche terms for filtering: apple, cheap, best, latest, review, price, sell, buy, recommendation, tips, tutorial, guide, how to, vs, versus, compared to, comparison, alternatives, which is better, expensive, discount, deals, sale, affordable, cost, online, offline, marketplace, store, shop, retailer, where to buy, worst, quality, original, genuine, fake, replica, authentic, brand, manufacturer, company, product, apple product, sell apple, buy apple, cheap apple, best apple, apple review, where to buy apple, how to choose apple, top apple, apple guide, apple for sale, apple deals
2026-08-22 14:42:22,822 - INFO - Generated 50 niche-clue pairs for 'apple'.
2026-08-22 14:42:22,825 - INFO - Expanded 50 seed keywords to 218 variations
2026-08-22 14:42:22,826 - INFO - 🔧 Request Handler initialized - Success rate: 100.0%
2026-08-22 14:46:44,767 - INFO - Original clue keywords: gpu performance, data storage
2026-08-22 14:46:44,767 - INFO - Niche-focused seeds: gpu performance apple, apple gpu performance, gpu performance cheap, cheap gpu performance, gpu performance best, best gpu performance, gpu performance latest, latest gpu performance, gpu performance review, review gpu performance, gpu performance price, price gpu performance, gpu performance sell, sell gpu performance, gpu performance buy, buy gpu performance, gpu performance recommendation, recommendation gpu performance, gpu performance tips, tips gpu performance, gpu performance tutorial, tutorial gpu performance, gpu performance guide, guide gpu performance, gpu performance how to, how to gpu performance, gpu performance vs, vs gpu performance, gpu performance versus, versus gpu performance, gpu performance compared to, compared to gpu performance, gpu performance comparison, comparison gpu performance, gpu performance alternatives, alternatives gpu performance, gpu performance which is better, which is better gpu performance, gpu performance expensive, expensive gpu performance, gpu performance discount, discount gpu performance, gpu performance deals, deals gpu performance, gpu performance sale, sale gpu performance, gpu performance affordable, affordable gpu performance, gpu performance cost, cost gpu performance, gpu performance online, online gpu performance, gpu performance offline, offline gpu performance, gpu performance marketplace, marketplace gpu performance, gpu performance store, store gpu performance, gpu performance shop, shop gpu performance, gpu performance retailer, retailer gpu performance, gpu performance where to buy, where to buy gpu performance, gpu performance worst, worst gpu performance, gpu performance quality, quality gpu performance, gpu performance original, original gpu performance, gpu performance genuine, genuine gpu performance, gpu performance fake, fake gpu performance, gpu performance replica, replica gpu performance, gpu performance authentic, authentic gpu performance, gpu performance brand, brand gpu performance, gpu performance manufacturer, manufacturer gpu performance, gpu performance company, company gpu performance, gpu performance product, product gpu performance, gpu performance apple product, apple product gpu performance, gpu performance sell apple, sell apple gpu performance, gpu performance buy apple, buy apple gpu performance, gpu performance cheap apple, cheap apple gpu performance, gpu performance best apple, best apple gpu performance, gpu performance apple review, apple review gpu performance, gpu performance where to buy apple, where to buy apple gpu performance, gpu performance how to choose apple, how to choose apple gpu performance, gpu performance top apple, top apple gpu performance, gpu performance apple guide, apple guide gpu performance, gpu performance apple for sale, apple for sale gpu performance, gpu performance apple deals, apple deals gpu performance, data storage apple, apple data storage, data storage cheap, cheap data storage, data storage best, best data storage, data storage latest, latest data storage, data storage review, review data storage, data storage price, price data storage, data storage sell, sell data storage, data storage buy, buy data storage, data storage recommendation, recommendation data storage, data storage tips, tips data storage, data storage tutorial, tutorial data storage, data storage guide, guide data storage, data storage how to, how to data storage, data storage vs, vs data storage, data storage versus, versus data storage, data storage compared to, compared to data storage, data storage comparison, comparison data storage, data storage alternatives, alternatives data storage, data storage which is better, which is better data storage, data storage expensive, expensive data storage, data storage discount, discount data storage, data storage deals, deals data storage, data storage sale, sale data storage, data storage affordable, affordable data storage, data storage cost, cost data storage, data storage online, online data storage, data storage offline, offline data storage, data storage marketplace, marketplace data storage, data storage store, store data storage, data storage shop, shop data storage, data storage retailer, retailer data storage, data storage where to buy, where to buy data storage, data storage worst, worst data storage, data storage quality, quality data storage, data storage original, original data storage, data storage genuine, genuine data storage, data storage fake, fake data storage, data storage replica, replica data storage, data storage authentic, authentic data storage, data storage brand, brand data storage, data storage manufacturer, manufacturer data storage, data storage company, company data storage, data storage product, product data storage, data storage apple product, apple product data storage, data storage sell apple, sell apple data storage, data storage buy apple, buy apple data storage, data storage cheap apple, cheap apple data storage, data storage best apple, best apple data storage, data storage apple review, apple review data storage, data storage where to buy apple, where to buy apple data storage, data storage how to choose apple, how to choose apple data storage, data storage top apple, top apple data storage, data storage apple guide, apple guide data storage, data storage apple for sale, apple for sale data storage, data storage apple deals, apple deals data storage
2026-08-22 14:46:44,771 - INFO - Expanded 220 seed keywords to 385 variations
2026-08-22 14:46:44,771 - INFO - Language: en
2026-08-22 14:46:44,771 - INFO - Region: us
2026-08-22 14:49:11,673 - INFO - 🎯 After all filtering for 'apple': 120 relevant keywords
2026-08-22 14:49:12,797 - INFO - 🎯 Found 5 new keywords for niche 'apple': apple affordable data storage, apple affordable gpu performance, cheap alternatives data storage, best authentic data storage, how to brand data storage
2026-08-22 14:49:29,082 - INFO - ✅ Niche 'apple' process complete! 552 total keyword results.
2026-08-22 14:49:29,082 - INFO - ✅ Completed processing niche: 'apple'
2026-08-22 14:49:29,082 - INFO - 🔧 Request Handler final stats - Success rate: 100.0%
2026-08-22 14:49:29,082 - INFO -    Total requests: 178097, Blocks: 1
2026-08-22 14:49:29,083 - INFO - 
========================================
2026-08-22 14:49:29,083 - INFO - Process Summary:
2026-08-22 14:49:29,083 - INFO - - Current niche: 'apple'
2026-08-22 14:49:29,083 - INFO - - Next niche will be: 'sony'
2026-08-22 14:49:29,083 - INFO - - Keywords saved in: languages/english/keywords/apple/
2026-08-22 14:49:29,084 - INFO - ========================================
