2026-09-20 21:31:00,176 - INFO - Log file created at: /home/runner/work/potensitech.com/potensitech.com/languages/english/keywords/logs/kw_search_20260920_213100.log
2026-09-20 21:31:00,177 - INFO - ============================================================
2026-09-20 21:31:00,177 - INFO - AUTOMATIC KEYWORD RESEARCH TOOL
2026-09-20 21:31:00,177 - INFO - ============================================================
2026-09-20 21:31:00,492 - INFO - ========================================
2026-09-20 21:31:00,492 - INFO - Found 14 niches to process: xiaomi, iphone, samsung, apple, sony, asus, philips, sandisk, intel, nvidia, amd, canon, nikon, huawei
2026-09-20 21:31:00,492 - INFO - ========================================
2026-09-20 21:31:00,492 - INFO - All niches completed, starting over
2026-09-20 21:31:00,492 - INFO - ========================================
2026-09-20 21:31:00,492 - INFO - 🎯 PROCESSING NICHE 1/14: 'xiaomi'
2026-09-20 21:31:00,493 - INFO - ========================================
2026-09-20 21:31:00,493 - INFO - 📁 Niche directory: /home/runner/work/potensitech.com/potensitech.com/languages/english/keywords/xiaomi
2026-09-20 21:31:00,493 - INFO - Selected region: us
2026-09-20 21:31:00,493 - INFO - Selected language: en
2026-09-20 21:31:00,493 - INFO - 🎯 Current niche: xiaomi
2026-09-20 21:31:11,534 - INFO - 🎯 Niche terms for filtering: xiaomi, cheap, best, latest, review, price, sell, buy, recommendation, tips, tutorial, guide, how to, vs, versus, compared to, comparison, alternatives, which is better, expensive, discount, deals, sale, affordable, cost, online, offline, marketplace, store, shop, retailer, where to buy, worst, quality, original, genuine, fake, replica, authentic, brand, manufacturer, company, product, xiaomi product, sell xiaomi, buy xiaomi, cheap xiaomi, best xiaomi, xiaomi review, where to buy xiaomi, how to choose xiaomi, top xiaomi, xiaomi guide, xiaomi for sale, xiaomi deals
2026-09-20 21:31:11,535 - INFO - Generated 50 niche-clue pairs for 'xiaomi'.
2026-09-20 21:31:11,537 - INFO - Expanded 50 seed keywords to 218 variations
2026-09-20 21:31:11,537 - INFO - 🔧 Request Handler initialized - Success rate: 100.0%
2026-09-20 21:35:34,214 - INFO - Original clue keywords: processor efficiency, autofocus speed
2026-09-20 21:35:34,214 - INFO - Niche-focused seeds: processor efficiency xiaomi, xiaomi processor efficiency, processor efficiency cheap, cheap processor efficiency, processor efficiency best, best processor efficiency, processor efficiency latest, latest processor efficiency, processor efficiency review, review processor efficiency, processor efficiency price, price processor efficiency, processor efficiency sell, sell processor efficiency, processor efficiency buy, buy processor efficiency, processor efficiency recommendation, recommendation processor efficiency, processor efficiency tips, tips processor efficiency, processor efficiency tutorial, tutorial processor efficiency, processor efficiency guide, guide processor efficiency, processor efficiency how to, how to processor efficiency, processor efficiency vs, vs processor efficiency, processor efficiency versus, versus processor efficiency, processor efficiency compared to, compared to processor efficiency, processor efficiency comparison, comparison processor efficiency, processor efficiency alternatives, alternatives processor efficiency, processor efficiency which is better, which is better processor efficiency, processor efficiency expensive, expensive processor efficiency, processor efficiency discount, discount processor efficiency, processor efficiency deals, deals processor efficiency, processor efficiency sale, sale processor efficiency, processor efficiency affordable, affordable processor efficiency, processor efficiency cost, cost processor efficiency, processor efficiency online, online processor efficiency, processor efficiency offline, offline processor efficiency, processor efficiency marketplace, marketplace processor efficiency, processor efficiency store, store processor efficiency, processor efficiency shop, shop processor efficiency, processor efficiency retailer, retailer processor efficiency, processor efficiency where to buy, where to buy processor efficiency, processor efficiency worst, worst processor efficiency, processor efficiency quality, quality processor efficiency, processor efficiency original, original processor efficiency, processor efficiency genuine, genuine processor efficiency, processor efficiency fake, fake processor efficiency, processor efficiency replica, replica processor efficiency, processor efficiency authentic, authentic processor efficiency, processor efficiency brand, brand processor efficiency, processor efficiency manufacturer, manufacturer processor efficiency, processor efficiency company, company processor efficiency, processor efficiency product, product processor efficiency, processor efficiency xiaomi product, xiaomi product processor efficiency, processor efficiency sell xiaomi, sell xiaomi processor efficiency, processor efficiency buy xiaomi, buy xiaomi processor efficiency, processor efficiency cheap xiaomi, cheap xiaomi processor efficiency, processor efficiency best xiaomi, best xiaomi processor efficiency, processor efficiency xiaomi review, xiaomi review processor efficiency, processor efficiency where to buy xiaomi, where to buy xiaomi processor efficiency, processor efficiency how to choose xiaomi, how to choose xiaomi processor efficiency, processor efficiency top xiaomi, top xiaomi processor efficiency, processor efficiency xiaomi guide, xiaomi guide processor efficiency, processor efficiency xiaomi for sale, xiaomi for sale processor efficiency, processor efficiency xiaomi deals, xiaomi deals processor efficiency, autofocus speed xiaomi, xiaomi autofocus speed, autofocus speed cheap, cheap autofocus speed, autofocus speed best, best autofocus speed, autofocus speed latest, latest autofocus speed, autofocus speed review, review autofocus speed, autofocus speed price, price autofocus speed, autofocus speed sell, sell autofocus speed, autofocus speed buy, buy autofocus speed, autofocus speed recommendation, recommendation autofocus speed, autofocus speed tips, tips autofocus speed, autofocus speed tutorial, tutorial autofocus speed, autofocus speed guide, guide autofocus speed, autofocus speed how to, how to autofocus speed, autofocus speed vs, vs autofocus speed, autofocus speed versus, versus autofocus speed, autofocus speed compared to, compared to autofocus speed, autofocus speed comparison, comparison autofocus speed, autofocus speed alternatives, alternatives autofocus speed, autofocus speed which is better, which is better autofocus speed, autofocus speed expensive, expensive autofocus speed, autofocus speed discount, discount autofocus speed, autofocus speed deals, deals autofocus speed, autofocus speed sale, sale autofocus speed, autofocus speed affordable, affordable autofocus speed, autofocus speed cost, cost autofocus speed, autofocus speed online, online autofocus speed, autofocus speed offline, offline autofocus speed, autofocus speed marketplace, marketplace autofocus speed, autofocus speed store, store autofocus speed, autofocus speed shop, shop autofocus speed, autofocus speed retailer, retailer autofocus speed, autofocus speed where to buy, where to buy autofocus speed, autofocus speed worst, worst autofocus speed, autofocus speed quality, quality autofocus speed, autofocus speed original, original autofocus speed, autofocus speed genuine, genuine autofocus speed, autofocus speed fake, fake autofocus speed, autofocus speed replica, replica autofocus speed, autofocus speed authentic, authentic autofocus speed, autofocus speed brand, brand autofocus speed, autofocus speed manufacturer, manufacturer autofocus speed, autofocus speed company, company autofocus speed, autofocus speed product, product autofocus speed, autofocus speed xiaomi product, xiaomi product autofocus speed, autofocus speed sell xiaomi, sell xiaomi autofocus speed, autofocus speed buy xiaomi, buy xiaomi autofocus speed, autofocus speed cheap xiaomi, cheap xiaomi autofocus speed, autofocus speed best xiaomi, best xiaomi autofocus speed, autofocus speed xiaomi review, xiaomi review autofocus speed, autofocus speed where to buy xiaomi, where to buy xiaomi autofocus speed, autofocus speed how to choose xiaomi, how to choose xiaomi autofocus speed, autofocus speed top xiaomi, top xiaomi autofocus speed, autofocus speed xiaomi guide, xiaomi guide autofocus speed, autofocus speed xiaomi for sale, xiaomi for sale autofocus speed, autofocus speed xiaomi deals, xiaomi deals autofocus speed
2026-09-20 21:35:34,217 - INFO - Expanded 220 seed keywords to 385 variations
2026-09-20 21:35:34,217 - INFO - Language: en
2026-09-20 21:35:34,217 - INFO - Region: us
2026-09-20 21:36:51,606 - INFO - 🎯 After all filtering for 'xiaomi': 120 relevant keywords
2026-09-20 21:36:53,973 - INFO - 🎯 Found 5 new keywords for niche 'xiaomi': xiaomi affordable autofocus speed, xiaomi affordable processor efficiency, cheap alternatives autofocus speed, best authentic autofocus speed, how to autofocus speed brand
2026-09-20 21:37:10,472 - INFO - ✅ Niche 'xiaomi' process complete! 691 total keyword results.
2026-09-20 21:37:10,472 - INFO - ✅ Completed processing niche: 'xiaomi'
2026-09-20 21:37:10,472 - INFO - 🔧 Request Handler final stats - Success rate: 100.0%
2026-09-20 21:37:10,473 - INFO -    Total requests: 201973, Blocks: 1
2026-09-20 21:37:10,473 - INFO - 
========================================
2026-09-20 21:37:10,474 - INFO - Process Summary:
2026-09-20 21:37:10,474 - INFO - - Current niche: 'xiaomi'
2026-09-20 21:37:10,474 - INFO - - Next niche will be: 'iphone'
2026-09-20 21:37:10,474 - INFO - - Keywords saved in: languages/english/keywords/xiaomi/
2026-09-20 21:37:10,474 - INFO - ========================================
