2026-08-05 03:22:19,945 - INFO - Log file created at: /home/runner/work/potensitech.com/potensitech.com/languages/english/keywords/logs/kw_search_20260805_032219.log
2026-08-05 03:22:19,945 - INFO - ============================================================
2026-08-05 03:22:19,946 - INFO - AUTOMATIC KEYWORD RESEARCH TOOL
2026-08-05 03:22:19,946 - INFO - ============================================================
2026-08-05 03:22:20,254 - INFO - ========================================
2026-08-05 03:22:20,254 - INFO - Found 14 niches to process: xiaomi, iphone, samsung, apple, sony, asus, philips, sandisk, intel, nvidia, amd, canon, nikon, huawei
2026-08-05 03:22:20,254 - INFO - ========================================
2026-08-05 03:22:20,254 - INFO - Continuing from last processed niche: amd
2026-08-05 03:22:20,254 - INFO - ========================================
2026-08-05 03:22:20,254 - INFO - 🎯 PROCESSING NICHE 12/14: 'canon'
2026-08-05 03:22:20,254 - INFO - ========================================
2026-08-05 03:22:20,254 - INFO - 📁 Niche directory: /home/runner/work/potensitech.com/potensitech.com/languages/english/keywords/canon
2026-08-05 03:22:20,254 - INFO - Selected region: us
2026-08-05 03:22:20,255 - INFO - Selected language: en
2026-08-05 03:22:20,255 - INFO - 🎯 Current niche: canon
2026-08-05 03:22:22,165 - INFO - 🎯 Niche terms for filtering: canon, cheap, best, latest, review, price, sell, buy, recommendation, tips, tutorial, guide, how to, vs, versus, compared to, comparison, alternatives, which is better, expensive, discount, deals, sale, affordable, cost, online, offline, marketplace, store, shop, retailer, where to buy, worst, quality, original, genuine, fake, replica, authentic, brand, manufacturer, company, product, canon product, sell canon, buy canon, cheap canon, best canon, canon review, where to buy canon, how to choose canon, top canon, canon guide, canon for sale, canon deals
2026-08-05 03:22:22,165 - INFO - Generated 50 niche-clue pairs for 'canon'.
2026-08-05 03:22:22,168 - INFO - Expanded 50 seed keywords to 218 variations
2026-08-05 03:22:22,169 - INFO - 🔧 Request Handler initialized - Success rate: 100.0%
2026-08-05 03:26:47,153 - INFO - Original clue keywords: thermal efficiency, camera resolution
2026-08-05 03:26:47,153 - INFO - Niche-focused seeds: thermal efficiency canon, canon thermal efficiency, thermal efficiency cheap, cheap thermal efficiency, thermal efficiency best, best thermal efficiency, thermal efficiency latest, latest thermal efficiency, thermal efficiency review, review thermal efficiency, thermal efficiency price, price thermal efficiency, thermal efficiency sell, sell thermal efficiency, thermal efficiency buy, buy thermal efficiency, thermal efficiency recommendation, recommendation thermal efficiency, thermal efficiency tips, tips thermal efficiency, thermal efficiency tutorial, tutorial thermal efficiency, thermal efficiency guide, guide thermal efficiency, thermal efficiency how to, how to thermal efficiency, thermal efficiency vs, vs thermal efficiency, thermal efficiency versus, versus thermal efficiency, thermal efficiency compared to, compared to thermal efficiency, thermal efficiency comparison, comparison thermal efficiency, thermal efficiency alternatives, alternatives thermal efficiency, thermal efficiency which is better, which is better thermal efficiency, thermal efficiency expensive, expensive thermal efficiency, thermal efficiency discount, discount thermal efficiency, thermal efficiency deals, deals thermal efficiency, thermal efficiency sale, sale thermal efficiency, thermal efficiency affordable, affordable thermal efficiency, thermal efficiency cost, cost thermal efficiency, thermal efficiency online, online thermal efficiency, thermal efficiency offline, offline thermal efficiency, thermal efficiency marketplace, marketplace thermal efficiency, thermal efficiency store, store thermal efficiency, thermal efficiency shop, shop thermal efficiency, thermal efficiency retailer, retailer thermal efficiency, thermal efficiency where to buy, where to buy thermal efficiency, thermal efficiency worst, worst thermal efficiency, thermal efficiency quality, quality thermal efficiency, thermal efficiency original, original thermal efficiency, thermal efficiency genuine, genuine thermal efficiency, thermal efficiency fake, fake thermal efficiency, thermal efficiency replica, replica thermal efficiency, thermal efficiency authentic, authentic thermal efficiency, thermal efficiency brand, brand thermal efficiency, thermal efficiency manufacturer, manufacturer thermal efficiency, thermal efficiency company, company thermal efficiency, thermal efficiency product, product thermal efficiency, thermal efficiency canon product, canon product thermal efficiency, thermal efficiency sell canon, sell canon thermal efficiency, thermal efficiency buy canon, buy canon thermal efficiency, thermal efficiency cheap canon, cheap canon thermal efficiency, thermal efficiency best canon, best canon thermal efficiency, thermal efficiency canon review, canon review thermal efficiency, thermal efficiency where to buy canon, where to buy canon thermal efficiency, thermal efficiency how to choose canon, how to choose canon thermal efficiency, thermal efficiency top canon, top canon thermal efficiency, thermal efficiency canon guide, canon guide thermal efficiency, thermal efficiency canon for sale, canon for sale thermal efficiency, thermal efficiency canon deals, canon deals thermal efficiency, camera resolution canon, canon camera resolution, camera resolution cheap, cheap camera resolution, camera resolution best, best camera resolution, camera resolution latest, latest camera resolution, camera resolution review, review camera resolution, camera resolution price, price camera resolution, camera resolution sell, sell camera resolution, camera resolution buy, buy camera resolution, camera resolution recommendation, recommendation camera resolution, camera resolution tips, tips camera resolution, camera resolution tutorial, tutorial camera resolution, camera resolution guide, guide camera resolution, camera resolution how to, how to camera resolution, camera resolution vs, vs camera resolution, camera resolution versus, versus camera resolution, camera resolution compared to, compared to camera resolution, camera resolution comparison, comparison camera resolution, camera resolution alternatives, alternatives camera resolution, camera resolution which is better, which is better camera resolution, camera resolution expensive, expensive camera resolution, camera resolution discount, discount camera resolution, camera resolution deals, deals camera resolution, camera resolution sale, sale camera resolution, camera resolution affordable, affordable camera resolution, camera resolution cost, cost camera resolution, camera resolution online, online camera resolution, camera resolution offline, offline camera resolution, camera resolution marketplace, marketplace camera resolution, camera resolution store, store camera resolution, camera resolution shop, shop camera resolution, camera resolution retailer, retailer camera resolution, camera resolution where to buy, where to buy camera resolution, camera resolution worst, worst camera resolution, camera resolution quality, quality camera resolution, camera resolution original, original camera resolution, camera resolution genuine, genuine camera resolution, camera resolution fake, fake camera resolution, camera resolution replica, replica camera resolution, camera resolution authentic, authentic camera resolution, camera resolution brand, brand camera resolution, camera resolution manufacturer, manufacturer camera resolution, camera resolution company, company camera resolution, camera resolution product, product camera resolution, camera resolution canon product, canon product camera resolution, camera resolution sell canon, sell canon camera resolution, camera resolution buy canon, buy canon camera resolution, camera resolution cheap canon, cheap canon camera resolution, camera resolution best canon, best canon camera resolution, camera resolution canon review, canon review camera resolution, camera resolution where to buy canon, where to buy canon camera resolution, camera resolution how to choose canon, how to choose canon camera resolution, camera resolution top canon, top canon camera resolution, camera resolution canon guide, canon guide camera resolution, camera resolution canon for sale, canon for sale camera resolution, camera resolution canon deals, canon deals camera resolution
2026-08-05 03:26:47,156 - INFO - Expanded 220 seed keywords to 385 variations
2026-08-05 03:26:47,156 - INFO - Language: en
2026-08-05 03:26:47,156 - INFO - Region: us
2026-08-05 03:31:16,788 - INFO - 🎯 After all filtering for 'canon': 120 relevant keywords
2026-08-05 03:31:18,058 - INFO - 🎯 Found 5 new keywords for niche 'canon': canon affordable camera resolution, canon affordable thermal efficiency, cheap alternatives camera resolution, cheap alternatives thermal efficiency, best authentic camera resolution
2026-08-05 03:31:19,104 - INFO - ✅ Niche 'canon' process complete! 663 total keyword results.
2026-08-05 03:31:19,104 - INFO - ✅ Completed processing niche: 'canon'
2026-08-05 03:31:19,104 - INFO - 🔧 Request Handler final stats - Success rate: 100.0%
2026-08-05 03:31:19,104 - INFO -    Total requests: 164741, Blocks: 1
2026-08-05 03:31:19,105 - INFO - 
========================================
2026-08-05 03:31:19,106 - INFO - Process Summary:
2026-08-05 03:31:19,106 - INFO - - Current niche: 'canon'
2026-08-05 03:31:19,106 - INFO - - Next niche will be: 'nikon'
2026-08-05 03:31:19,106 - INFO - - Keywords saved in: languages/english/keywords/canon/
2026-08-05 03:31:19,106 - INFO - ========================================
