2026-08-27 19:57:03,279 - INFO - Log file created at: /home/runner/work/potensitech.com/potensitech.com/languages/english/keywords/logs/kw_search_20260827_195703.log
2026-08-27 19:57:03,279 - INFO - ============================================================
2026-08-27 19:57:03,279 - INFO - AUTOMATIC KEYWORD RESEARCH TOOL
2026-08-27 19:57:03,279 - INFO - ============================================================
2026-08-27 19:57:03,644 - INFO - ========================================
2026-08-27 19:57:03,644 - INFO - Found 14 niches to process: xiaomi, iphone, samsung, apple, sony, asus, philips, sandisk, intel, nvidia, amd, canon, nikon, huawei
2026-08-27 19:57:03,644 - INFO - ========================================
2026-08-27 19:57:03,644 - INFO - Continuing from last processed niche: intel
2026-08-27 19:57:03,644 - INFO - ========================================
2026-08-27 19:57:03,644 - INFO - 🎯 PROCESSING NICHE 10/14: 'nvidia'
2026-08-27 19:57:03,644 - INFO - ========================================
2026-08-27 19:57:03,644 - INFO - 📁 Niche directory: /home/runner/work/potensitech.com/potensitech.com/languages/english/keywords/nvidia
2026-08-27 19:57:03,645 - INFO - Selected region: us
2026-08-27 19:57:03,645 - INFO - Selected language: en
2026-08-27 19:57:03,645 - INFO - 🎯 Current niche: nvidia
2026-08-27 19:57:14,818 - INFO - 🎯 Niche terms for filtering: nvidia, cheap, best, latest, review, price, sell, buy, recommendation, tips, tutorial, guide, how to, vs, versus, compared to, comparison, alternatives, which is better, expensive, discount, deals, sale, affordable, cost, online, offline, marketplace, store, shop, retailer, where to buy, worst, quality, original, genuine, fake, replica, authentic, brand, manufacturer, company, product, nvidia product, sell nvidia, buy nvidia, cheap nvidia, best nvidia, nvidia review, where to buy nvidia, how to choose nvidia, top nvidia, nvidia guide, nvidia for sale, nvidia deals
2026-08-27 19:57:14,819 - INFO - Generated 50 niche-clue pairs for 'nvidia'.
2026-08-27 19:57:14,822 - INFO - Expanded 50 seed keywords to 218 variations
2026-08-27 19:57:14,823 - INFO - 🔧 Request Handler initialized - Success rate: 100.0%
2026-08-27 20:01:43,656 - INFO - Original clue keywords: wireless charging, screen resolution
2026-08-27 20:01:43,656 - INFO - Niche-focused seeds: wireless charging nvidia, nvidia wireless charging, wireless charging cheap, cheap wireless charging, wireless charging best, best wireless charging, wireless charging latest, latest wireless charging, wireless charging review, review wireless charging, wireless charging price, price wireless charging, wireless charging sell, sell wireless charging, wireless charging buy, buy wireless charging, wireless charging recommendation, recommendation wireless charging, wireless charging tips, tips wireless charging, wireless charging tutorial, tutorial wireless charging, wireless charging guide, guide wireless charging, wireless charging how to, how to wireless charging, wireless charging vs, vs wireless charging, wireless charging versus, versus wireless charging, wireless charging compared to, compared to wireless charging, wireless charging comparison, comparison wireless charging, wireless charging alternatives, alternatives wireless charging, wireless charging which is better, which is better wireless charging, wireless charging expensive, expensive wireless charging, wireless charging discount, discount wireless charging, wireless charging deals, deals wireless charging, wireless charging sale, sale wireless charging, wireless charging affordable, affordable wireless charging, wireless charging cost, cost wireless charging, wireless charging online, online wireless charging, wireless charging offline, offline wireless charging, wireless charging marketplace, marketplace wireless charging, wireless charging store, store wireless charging, wireless charging shop, shop wireless charging, wireless charging retailer, retailer wireless charging, wireless charging where to buy, where to buy wireless charging, wireless charging worst, worst wireless charging, wireless charging quality, quality wireless charging, wireless charging original, original wireless charging, wireless charging genuine, genuine wireless charging, wireless charging fake, fake wireless charging, wireless charging replica, replica wireless charging, wireless charging authentic, authentic wireless charging, wireless charging brand, brand wireless charging, wireless charging manufacturer, manufacturer wireless charging, wireless charging company, company wireless charging, wireless charging product, product wireless charging, wireless charging nvidia product, nvidia product wireless charging, wireless charging sell nvidia, sell nvidia wireless charging, wireless charging buy nvidia, buy nvidia wireless charging, wireless charging cheap nvidia, cheap nvidia wireless charging, wireless charging best nvidia, best nvidia wireless charging, wireless charging nvidia review, nvidia review wireless charging, wireless charging where to buy nvidia, where to buy nvidia wireless charging, wireless charging how to choose nvidia, how to choose nvidia wireless charging, wireless charging top nvidia, top nvidia wireless charging, wireless charging nvidia guide, nvidia guide wireless charging, wireless charging nvidia for sale, nvidia for sale wireless charging, wireless charging nvidia deals, nvidia deals wireless charging, screen resolution nvidia, nvidia screen resolution, screen resolution cheap, cheap screen resolution, screen resolution best, best screen resolution, screen resolution latest, latest screen resolution, screen resolution review, review screen resolution, screen resolution price, price screen resolution, screen resolution sell, sell screen resolution, screen resolution buy, buy screen resolution, screen resolution recommendation, recommendation screen resolution, screen resolution tips, tips screen resolution, screen resolution tutorial, tutorial screen resolution, screen resolution guide, guide screen resolution, screen resolution how to, how to screen resolution, screen resolution vs, vs screen resolution, screen resolution versus, versus screen resolution, screen resolution compared to, compared to screen resolution, screen resolution comparison, comparison screen resolution, screen resolution alternatives, alternatives screen resolution, screen resolution which is better, which is better screen resolution, screen resolution expensive, expensive screen resolution, screen resolution discount, discount screen resolution, screen resolution deals, deals screen resolution, screen resolution sale, sale screen resolution, screen resolution affordable, affordable screen resolution, screen resolution cost, cost screen resolution, screen resolution online, online screen resolution, screen resolution offline, offline screen resolution, screen resolution marketplace, marketplace screen resolution, screen resolution store, store screen resolution, screen resolution shop, shop screen resolution, screen resolution retailer, retailer screen resolution, screen resolution where to buy, where to buy screen resolution, screen resolution worst, worst screen resolution, screen resolution quality, quality screen resolution, screen resolution original, original screen resolution, screen resolution genuine, genuine screen resolution, screen resolution fake, fake screen resolution, screen resolution replica, replica screen resolution, screen resolution authentic, authentic screen resolution, screen resolution brand, brand screen resolution, screen resolution manufacturer, manufacturer screen resolution, screen resolution company, company screen resolution, screen resolution product, product screen resolution, screen resolution nvidia product, nvidia product screen resolution, screen resolution sell nvidia, sell nvidia screen resolution, screen resolution buy nvidia, buy nvidia screen resolution, screen resolution cheap nvidia, cheap nvidia screen resolution, screen resolution best nvidia, best nvidia screen resolution, screen resolution nvidia review, nvidia review screen resolution, screen resolution where to buy nvidia, where to buy nvidia screen resolution, screen resolution how to choose nvidia, how to choose nvidia screen resolution, screen resolution top nvidia, top nvidia screen resolution, screen resolution nvidia guide, nvidia guide screen resolution, screen resolution nvidia for sale, nvidia for sale screen resolution, screen resolution nvidia deals, nvidia deals screen resolution
2026-08-27 20:01:43,659 - INFO - Expanded 220 seed keywords to 385 variations
2026-08-27 20:01:43,659 - INFO - Language: en
2026-08-27 20:01:43,659 - INFO - Region: us
2026-08-27 20:06:12,655 - INFO - 🎯 After all filtering for 'nvidia': 120 relevant keywords
2026-08-27 20:06:14,373 - INFO - 🎯 Found 5 new keywords for niche 'nvidia': nvidia affordable screen resolution, nvidia affordable wireless charging, cheap alternatives screen resolution, cheap alternatives wireless charging, best authentic screen resolution
2026-08-27 20:06:30,783 - INFO - ✅ Niche 'nvidia' process complete! 860 total keyword results.
2026-08-27 20:06:30,783 - INFO - ✅ Completed processing niche: 'nvidia'
2026-08-27 20:06:30,783 - INFO - 🔧 Request Handler final stats - Success rate: 100.0%
2026-08-27 20:06:30,783 - INFO -    Total requests: 181705, Blocks: 1
2026-08-27 20:06:30,785 - INFO - 
========================================
2026-08-27 20:06:30,785 - INFO - Process Summary:
2026-08-27 20:06:30,785 - INFO - - Current niche: 'nvidia'
2026-08-27 20:06:30,785 - INFO - - Next niche will be: 'amd'
2026-08-27 20:06:30,785 - INFO - - Keywords saved in: languages/english/keywords/nvidia/
2026-08-27 20:06:30,785 - INFO - ========================================
