2026-10-02 01:04:14,384 - INFO - Log file created at: /home/runner/work/potensitech.com/potensitech.com/languages/english/keywords/logs/kw_search_20261002_010414.log
2026-10-02 01:04:14,384 - INFO - ============================================================
2026-10-02 01:04:14,384 - INFO - AUTOMATIC KEYWORD RESEARCH TOOL
2026-10-02 01:04:14,384 - INFO - ============================================================
2026-10-02 01:04:14,804 - INFO - ========================================
2026-10-02 01:04:14,804 - INFO - Found 14 niches to process: xiaomi, iphone, samsung, apple, sony, asus, philips, sandisk, intel, nvidia, amd, canon, nikon, huawei
2026-10-02 01:04:14,805 - INFO - ========================================
2026-10-02 01:04:14,805 - INFO - Continuing from last processed niche: nikon
2026-10-02 01:04:14,805 - INFO - ========================================
2026-10-02 01:04:14,805 - INFO - 🎯 PROCESSING NICHE 14/14: 'huawei'
2026-10-02 01:04:14,805 - INFO - ========================================
2026-10-02 01:04:14,805 - INFO - 📁 Niche directory: /home/runner/work/potensitech.com/potensitech.com/languages/english/keywords/huawei
2026-10-02 01:04:14,805 - INFO - Selected region: us
2026-10-02 01:04:14,805 - INFO - Selected language: en
2026-10-02 01:04:14,805 - INFO - 🎯 Current niche: huawei
2026-10-02 01:04:25,477 - INFO - 🎯 Niche terms for filtering: huawei, cheap, best, latest, review, price, sell, buy, recommendation, tips, tutorial, guide, how to, vs, versus, compared to, comparison, alternatives, which is better, expensive, discount, deals, sale, affordable, cost, online, offline, marketplace, store, shop, retailer, where to buy, worst, quality, original, genuine, fake, replica, authentic, brand, manufacturer, company, product, huawei product, sell huawei, buy huawei, cheap huawei, best huawei, huawei review, where to buy huawei, how to choose huawei, top huawei, huawei guide, huawei for sale, huawei deals
2026-10-02 01:04:25,477 - INFO - Generated 50 niche-clue pairs for 'huawei'.
2026-10-02 01:04:25,479 - INFO - Expanded 50 seed keywords to 218 variations
2026-10-02 01:04:25,480 - INFO - 🔧 Request Handler initialized - Success rate: 100.0%
2026-10-02 01:08:52,445 - INFO - Original clue keywords: mobile performance, sleek design
2026-10-02 01:08:52,445 - INFO - Niche-focused seeds: mobile performance huawei, huawei mobile performance, mobile performance cheap, cheap mobile performance, mobile performance best, best mobile performance, mobile performance latest, latest mobile performance, mobile performance review, review mobile performance, mobile performance price, price mobile performance, mobile performance sell, sell mobile performance, mobile performance buy, buy mobile performance, mobile performance recommendation, recommendation mobile performance, mobile performance tips, tips mobile performance, mobile performance tutorial, tutorial mobile performance, mobile performance guide, guide mobile performance, mobile performance how to, how to mobile performance, mobile performance vs, vs mobile performance, mobile performance versus, versus mobile performance, mobile performance compared to, compared to mobile performance, mobile performance comparison, comparison mobile performance, mobile performance alternatives, alternatives mobile performance, mobile performance which is better, which is better mobile performance, mobile performance expensive, expensive mobile performance, mobile performance discount, discount mobile performance, mobile performance deals, deals mobile performance, mobile performance sale, sale mobile performance, mobile performance affordable, affordable mobile performance, mobile performance cost, cost mobile performance, mobile performance online, online mobile performance, mobile performance offline, offline mobile performance, mobile performance marketplace, marketplace mobile performance, mobile performance store, store mobile performance, mobile performance shop, shop mobile performance, mobile performance retailer, retailer mobile performance, mobile performance where to buy, where to buy mobile performance, mobile performance worst, worst mobile performance, mobile performance quality, quality mobile performance, mobile performance original, original mobile performance, mobile performance genuine, genuine mobile performance, mobile performance fake, fake mobile performance, mobile performance replica, replica mobile performance, mobile performance authentic, authentic mobile performance, mobile performance brand, brand mobile performance, mobile performance manufacturer, manufacturer mobile performance, mobile performance company, company mobile performance, mobile performance product, product mobile performance, mobile performance huawei product, huawei product mobile performance, mobile performance sell huawei, sell huawei mobile performance, mobile performance buy huawei, buy huawei mobile performance, mobile performance cheap huawei, cheap huawei mobile performance, mobile performance best huawei, best huawei mobile performance, mobile performance huawei review, huawei review mobile performance, mobile performance where to buy huawei, where to buy huawei mobile performance, mobile performance how to choose huawei, how to choose huawei mobile performance, mobile performance top huawei, top huawei mobile performance, mobile performance huawei guide, huawei guide mobile performance, mobile performance huawei for sale, huawei for sale mobile performance, mobile performance huawei deals, huawei deals mobile performance, sleek design huawei, huawei sleek design, sleek design cheap, cheap sleek design, sleek design best, best sleek design, sleek design latest, latest sleek design, sleek design review, review sleek design, sleek design price, price sleek design, sleek design sell, sell sleek design, sleek design buy, buy sleek design, sleek design recommendation, recommendation sleek design, sleek design tips, tips sleek design, sleek design tutorial, tutorial sleek design, sleek design guide, guide sleek design, sleek design how to, how to sleek design, sleek design vs, vs sleek design, sleek design versus, versus sleek design, sleek design compared to, compared to sleek design, sleek design comparison, comparison sleek design, sleek design alternatives, alternatives sleek design, sleek design which is better, which is better sleek design, sleek design expensive, expensive sleek design, sleek design discount, discount sleek design, sleek design deals, deals sleek design, sleek design sale, sale sleek design, sleek design affordable, affordable sleek design, sleek design cost, cost sleek design, sleek design online, online sleek design, sleek design offline, offline sleek design, sleek design marketplace, marketplace sleek design, sleek design store, store sleek design, sleek design shop, shop sleek design, sleek design retailer, retailer sleek design, sleek design where to buy, where to buy sleek design, sleek design worst, worst sleek design, sleek design quality, quality sleek design, sleek design original, original sleek design, sleek design genuine, genuine sleek design, sleek design fake, fake sleek design, sleek design replica, replica sleek design, sleek design authentic, authentic sleek design, sleek design brand, brand sleek design, sleek design manufacturer, manufacturer sleek design, sleek design company, company sleek design, sleek design product, product sleek design, sleek design huawei product, huawei product sleek design, sleek design sell huawei, sell huawei sleek design, sleek design buy huawei, buy huawei sleek design, sleek design cheap huawei, cheap huawei sleek design, sleek design best huawei, best huawei sleek design, sleek design huawei review, huawei review sleek design, sleek design where to buy huawei, where to buy huawei sleek design, sleek design how to choose huawei, how to choose huawei sleek design, sleek design top huawei, top huawei sleek design, sleek design huawei guide, huawei guide sleek design, sleek design huawei for sale, huawei for sale sleek design, sleek design huawei deals, huawei deals sleek design
2026-10-02 01:08:52,447 - INFO - Expanded 220 seed keywords to 385 variations
2026-10-02 01:08:52,447 - INFO - Language: en
2026-10-02 01:08:52,447 - INFO - Region: us
2026-10-02 01:13:22,856 - INFO - 🎯 After all filtering for 'huawei': 120 relevant keywords
2026-10-02 01:13:23,591 - INFO - 🎯 Found 5 new keywords for niche 'huawei': huawei affordable mobile performance, huawei affordable sleek design, cheap alternatives mobile performance, cheap alternatives sleek design, best authentic mobile performance
2026-10-02 01:13:40,328 - INFO - ✅ Niche 'huawei' process complete! 698 total keyword results.
2026-10-02 01:13:40,328 - INFO - ✅ Completed processing niche: 'huawei'
2026-10-02 01:13:40,328 - INFO - 🔧 Request Handler final stats - Success rate: 100.0%
2026-10-02 01:13:40,328 - INFO -    Total requests: 211704, Blocks: 1
2026-10-02 01:13:40,329 - INFO - 
========================================
2026-10-02 01:13:40,329 - INFO - Process Summary:
2026-10-02 01:13:40,329 - INFO - - Current niche: 'huawei'
2026-10-02 01:13:40,329 - INFO - - Next niche will be: 'xiaomi'
2026-10-02 01:13:40,329 - INFO - - Keywords saved in: languages/english/keywords/huawei/
2026-10-02 01:13:40,329 - INFO - ========================================
