2026-08-14 12:56:33,598 - INFO - Log file created at: /home/runner/work/potensitech.com/potensitech.com/languages/english/keywords/logs/kw_search_20260814_125633.log
2026-08-14 12:56:33,598 - INFO - ============================================================
2026-08-14 12:56:33,598 - INFO - AUTOMATIC KEYWORD RESEARCH TOOL
2026-08-14 12:56:33,598 - INFO - ============================================================
2026-08-14 12:56:33,925 - INFO - ========================================
2026-08-14 12:56:33,925 - INFO - Found 14 niches to process: xiaomi, iphone, samsung, apple, sony, asus, philips, sandisk, intel, nvidia, amd, canon, nikon, huawei
2026-08-14 12:56:33,925 - INFO - ========================================
2026-08-14 12:56:33,925 - INFO - Continuing from last processed niche: asus
2026-08-14 12:56:33,925 - INFO - ========================================
2026-08-14 12:56:33,925 - INFO - 🎯 PROCESSING NICHE 7/14: 'philips'
2026-08-14 12:56:33,925 - INFO - ========================================
2026-08-14 12:56:33,926 - INFO - 📁 Niche directory: /home/runner/work/potensitech.com/potensitech.com/languages/english/keywords/philips
2026-08-14 12:56:33,926 - INFO - Selected region: us
2026-08-14 12:56:33,926 - INFO - Selected language: en
2026-08-14 12:56:33,926 - INFO - 🎯 Current niche: philips
2026-08-14 12:56:34,605 - INFO - 🎯 Niche terms for filtering: philips, cheap, best, latest, review, price, sell, buy, recommendation, tips, tutorial, guide, how to, vs, versus, compared to, comparison, alternatives, which is better, expensive, discount, deals, sale, affordable, cost, online, offline, marketplace, store, shop, retailer, where to buy, worst, quality, original, genuine, fake, replica, authentic, brand, manufacturer, company, product, philips product, sell philips, buy philips, cheap philips, best philips, philips review, where to buy philips, how to choose philips, top philips, philips guide, philips for sale, philips deals
2026-08-14 12:56:34,606 - INFO - Generated 50 niche-clue pairs for 'philips'.
2026-08-14 12:56:34,609 - INFO - Expanded 50 seed keywords to 218 variations
2026-08-14 12:56:34,609 - INFO - 🔧 Request Handler initialized - Success rate: 100.0%
2026-08-14 13:00:57,305 - INFO - Original clue keywords: core efficiency, chip architecture
2026-08-14 13:00:57,305 - INFO - Niche-focused seeds: core efficiency philips, philips core efficiency, core efficiency cheap, cheap core efficiency, core efficiency best, best core efficiency, core efficiency latest, latest core efficiency, core efficiency review, review core efficiency, core efficiency price, price core efficiency, core efficiency sell, sell core efficiency, core efficiency buy, buy core efficiency, core efficiency recommendation, recommendation core efficiency, core efficiency tips, tips core efficiency, core efficiency tutorial, tutorial core efficiency, core efficiency guide, guide core efficiency, core efficiency how to, how to core efficiency, core efficiency vs, vs core efficiency, core efficiency versus, versus core efficiency, core efficiency compared to, compared to core efficiency, core efficiency comparison, comparison core efficiency, core efficiency alternatives, alternatives core efficiency, core efficiency which is better, which is better core efficiency, core efficiency expensive, expensive core efficiency, core efficiency discount, discount core efficiency, core efficiency deals, deals core efficiency, core efficiency sale, sale core efficiency, core efficiency affordable, affordable core efficiency, core efficiency cost, cost core efficiency, core efficiency online, online core efficiency, core efficiency offline, offline core efficiency, core efficiency marketplace, marketplace core efficiency, core efficiency store, store core efficiency, core efficiency shop, shop core efficiency, core efficiency retailer, retailer core efficiency, core efficiency where to buy, where to buy core efficiency, core efficiency worst, worst core efficiency, core efficiency quality, quality core efficiency, core efficiency original, original core efficiency, core efficiency genuine, genuine core efficiency, core efficiency fake, fake core efficiency, core efficiency replica, replica core efficiency, core efficiency authentic, authentic core efficiency, core efficiency brand, brand core efficiency, core efficiency manufacturer, manufacturer core efficiency, core efficiency company, company core efficiency, core efficiency product, product core efficiency, core efficiency philips product, philips product core efficiency, core efficiency sell philips, sell philips core efficiency, core efficiency buy philips, buy philips core efficiency, core efficiency cheap philips, cheap philips core efficiency, core efficiency best philips, best philips core efficiency, core efficiency philips review, philips review core efficiency, core efficiency where to buy philips, where to buy philips core efficiency, core efficiency how to choose philips, how to choose philips core efficiency, core efficiency top philips, top philips core efficiency, core efficiency philips guide, philips guide core efficiency, core efficiency philips for sale, philips for sale core efficiency, core efficiency philips deals, philips deals core efficiency, chip architecture philips, philips chip architecture, chip architecture cheap, cheap chip architecture, chip architecture best, best chip architecture, chip architecture latest, latest chip architecture, chip architecture review, review chip architecture, chip architecture price, price chip architecture, chip architecture sell, sell chip architecture, chip architecture buy, buy chip architecture, chip architecture recommendation, recommendation chip architecture, chip architecture tips, tips chip architecture, chip architecture tutorial, tutorial chip architecture, chip architecture guide, guide chip architecture, chip architecture how to, how to chip architecture, chip architecture vs, vs chip architecture, chip architecture versus, versus chip architecture, chip architecture compared to, compared to chip architecture, chip architecture comparison, comparison chip architecture, chip architecture alternatives, alternatives chip architecture, chip architecture which is better, which is better chip architecture, chip architecture expensive, expensive chip architecture, chip architecture discount, discount chip architecture, chip architecture deals, deals chip architecture, chip architecture sale, sale chip architecture, chip architecture affordable, affordable chip architecture, chip architecture cost, cost chip architecture, chip architecture online, online chip architecture, chip architecture offline, offline chip architecture, chip architecture marketplace, marketplace chip architecture, chip architecture store, store chip architecture, chip architecture shop, shop chip architecture, chip architecture retailer, retailer chip architecture, chip architecture where to buy, where to buy chip architecture, chip architecture worst, worst chip architecture, chip architecture quality, quality chip architecture, chip architecture original, original chip architecture, chip architecture genuine, genuine chip architecture, chip architecture fake, fake chip architecture, chip architecture replica, replica chip architecture, chip architecture authentic, authentic chip architecture, chip architecture brand, brand chip architecture, chip architecture manufacturer, manufacturer chip architecture, chip architecture company, company chip architecture, chip architecture product, product chip architecture, chip architecture philips product, philips product chip architecture, chip architecture sell philips, sell philips chip architecture, chip architecture buy philips, buy philips chip architecture, chip architecture cheap philips, cheap philips chip architecture, chip architecture best philips, best philips chip architecture, chip architecture philips review, philips review chip architecture, chip architecture where to buy philips, where to buy philips chip architecture, chip architecture how to choose philips, how to choose philips chip architecture, chip architecture top philips, top philips chip architecture, chip architecture philips guide, philips guide chip architecture, chip architecture philips for sale, philips for sale chip architecture, chip architecture philips deals, philips deals chip architecture
2026-08-14 13:00:57,308 - INFO - Expanded 220 seed keywords to 385 variations
2026-08-14 13:00:57,308 - INFO - Language: en
2026-08-14 13:00:57,308 - INFO - Region: us
2026-08-14 13:03:20,205 - INFO - 🎯 After all filtering for 'philips': 120 relevant keywords
2026-08-14 13:03:21,558 - INFO - 🎯 Found 5 new keywords for niche 'philips': philips affordable chip architecture, philips affordable core efficiency, cheap alternatives chip architecture, cheap alternatives core efficiency, best authentic chip architecture
2026-08-14 13:03:22,013 - INFO - ✅ Niche 'philips' process complete! 689 total keyword results.
2026-08-14 13:03:22,014 - INFO - ✅ Completed processing niche: 'philips'
2026-08-14 13:03:22,014 - INFO - 🔧 Request Handler final stats - Success rate: 100.0%
2026-08-14 13:03:22,014 - INFO -    Total requests: 171327, Blocks: 1
2026-08-14 13:03:22,015 - INFO - 
========================================
2026-08-14 13:03:22,015 - INFO - Process Summary:
2026-08-14 13:03:22,015 - INFO - - Current niche: 'philips'
2026-08-14 13:03:22,015 - INFO - - Next niche will be: 'sandisk'
2026-08-14 13:03:22,015 - INFO - - Keywords saved in: languages/english/keywords/philips/
2026-08-14 13:03:22,016 - INFO - ========================================
