2026-09-18 04:26:23,800 - INFO - Log file created at: /home/runner/work/potensitech.com/potensitech.com/languages/english/keywords/logs/kw_search_20260918_042623.log
2026-09-18 04:26:23,800 - INFO - ============================================================
2026-09-18 04:26:23,800 - INFO - AUTOMATIC KEYWORD RESEARCH TOOL
2026-09-18 04:26:23,800 - INFO - ============================================================
2026-09-18 04:26:24,192 - INFO - ========================================
2026-09-18 04:26:24,192 - INFO - Found 14 niches to process: xiaomi, iphone, samsung, apple, sony, asus, philips, sandisk, intel, nvidia, amd, canon, nikon, huawei
2026-09-18 04:26:24,192 - INFO - ========================================
2026-09-18 04:26:24,193 - INFO - All niches completed, starting over
2026-09-18 04:26:24,193 - INFO - ========================================
2026-09-18 04:26:24,193 - INFO - 🎯 PROCESSING NICHE 1/14: 'xiaomi'
2026-09-18 04:26:24,193 - INFO - ========================================
2026-09-18 04:26:24,193 - INFO - 📁 Niche directory: /home/runner/work/potensitech.com/potensitech.com/languages/english/keywords/xiaomi
2026-09-18 04:26:24,193 - INFO - Selected region: us
2026-09-18 04:26:24,193 - INFO - Selected language: en
2026-09-18 04:26:24,193 - INFO - 🎯 Current niche: xiaomi
2026-09-18 04:26:35,130 - INFO - 🎯 Niche terms for filtering: xiaomi, cheap, best, latest, review, price, sell, buy, recommendation, tips, tutorial, guide, how to, vs, versus, compared to, comparison, alternatives, which is better, expensive, discount, deals, sale, affordable, cost, online, offline, marketplace, store, shop, retailer, where to buy, worst, quality, original, genuine, fake, replica, authentic, brand, manufacturer, company, product, xiaomi product, sell xiaomi, buy xiaomi, cheap xiaomi, best xiaomi, xiaomi review, where to buy xiaomi, how to choose xiaomi, top xiaomi, xiaomi guide, xiaomi for sale, xiaomi deals
2026-09-18 04:26:35,131 - INFO - Generated 50 niche-clue pairs for 'xiaomi'.
2026-09-18 04:26:35,135 - INFO - Expanded 50 seed keywords to 218 variations
2026-09-18 04:26:35,136 - INFO - 🔧 Request Handler initialized - Success rate: 100.0%
2026-09-18 04:31:02,036 - INFO - Original clue keywords: graphics performance, autofocus system
2026-09-18 04:31:02,037 - INFO - Niche-focused seeds: graphics performance xiaomi, xiaomi graphics performance, graphics performance cheap, cheap graphics performance, graphics performance best, best graphics performance, graphics performance latest, latest graphics performance, graphics performance review, review graphics performance, graphics performance price, price graphics performance, graphics performance sell, sell graphics performance, graphics performance buy, buy graphics performance, graphics performance recommendation, recommendation graphics performance, graphics performance tips, tips graphics performance, graphics performance tutorial, tutorial graphics performance, graphics performance guide, guide graphics performance, graphics performance how to, how to graphics performance, graphics performance vs, vs graphics performance, graphics performance versus, versus graphics performance, graphics performance compared to, compared to graphics performance, graphics performance comparison, comparison graphics performance, graphics performance alternatives, alternatives graphics performance, graphics performance which is better, which is better graphics performance, graphics performance expensive, expensive graphics performance, graphics performance discount, discount graphics performance, graphics performance deals, deals graphics performance, graphics performance sale, sale graphics performance, graphics performance affordable, affordable graphics performance, graphics performance cost, cost graphics performance, graphics performance online, online graphics performance, graphics performance offline, offline graphics performance, graphics performance marketplace, marketplace graphics performance, graphics performance store, store graphics performance, graphics performance shop, shop graphics performance, graphics performance retailer, retailer graphics performance, graphics performance where to buy, where to buy graphics performance, graphics performance worst, worst graphics performance, graphics performance quality, quality graphics performance, graphics performance original, original graphics performance, graphics performance genuine, genuine graphics performance, graphics performance fake, fake graphics performance, graphics performance replica, replica graphics performance, graphics performance authentic, authentic graphics performance, graphics performance brand, brand graphics performance, graphics performance manufacturer, manufacturer graphics performance, graphics performance company, company graphics performance, graphics performance product, product graphics performance, graphics performance xiaomi product, xiaomi product graphics performance, graphics performance sell xiaomi, sell xiaomi graphics performance, graphics performance buy xiaomi, buy xiaomi graphics performance, graphics performance cheap xiaomi, cheap xiaomi graphics performance, graphics performance best xiaomi, best xiaomi graphics performance, graphics performance xiaomi review, xiaomi review graphics performance, graphics performance where to buy xiaomi, where to buy xiaomi graphics performance, graphics performance how to choose xiaomi, how to choose xiaomi graphics performance, graphics performance top xiaomi, top xiaomi graphics performance, graphics performance xiaomi guide, xiaomi guide graphics performance, graphics performance xiaomi for sale, xiaomi for sale graphics performance, graphics performance xiaomi deals, xiaomi deals graphics performance, autofocus system xiaomi, xiaomi autofocus system, autofocus system cheap, cheap autofocus system, autofocus system best, best autofocus system, autofocus system latest, latest autofocus system, autofocus system review, review autofocus system, autofocus system price, price autofocus system, autofocus system sell, sell autofocus system, autofocus system buy, buy autofocus system, autofocus system recommendation, recommendation autofocus system, autofocus system tips, tips autofocus system, autofocus system tutorial, tutorial autofocus system, autofocus system guide, guide autofocus system, autofocus system how to, how to autofocus system, autofocus system vs, vs autofocus system, autofocus system versus, versus autofocus system, autofocus system compared to, compared to autofocus system, autofocus system comparison, comparison autofocus system, autofocus system alternatives, alternatives autofocus system, autofocus system which is better, which is better autofocus system, autofocus system expensive, expensive autofocus system, autofocus system discount, discount autofocus system, autofocus system deals, deals autofocus system, autofocus system sale, sale autofocus system, autofocus system affordable, affordable autofocus system, autofocus system cost, cost autofocus system, autofocus system online, online autofocus system, autofocus system offline, offline autofocus system, autofocus system marketplace, marketplace autofocus system, autofocus system store, store autofocus system, autofocus system shop, shop autofocus system, autofocus system retailer, retailer autofocus system, autofocus system where to buy, where to buy autofocus system, autofocus system worst, worst autofocus system, autofocus system quality, quality autofocus system, autofocus system original, original autofocus system, autofocus system genuine, genuine autofocus system, autofocus system fake, fake autofocus system, autofocus system replica, replica autofocus system, autofocus system authentic, authentic autofocus system, autofocus system brand, brand autofocus system, autofocus system manufacturer, manufacturer autofocus system, autofocus system company, company autofocus system, autofocus system product, product autofocus system, autofocus system xiaomi product, xiaomi product autofocus system, autofocus system sell xiaomi, sell xiaomi autofocus system, autofocus system buy xiaomi, buy xiaomi autofocus system, autofocus system cheap xiaomi, cheap xiaomi autofocus system, autofocus system best xiaomi, best xiaomi autofocus system, autofocus system xiaomi review, xiaomi review autofocus system, autofocus system where to buy xiaomi, where to buy xiaomi autofocus system, autofocus system how to choose xiaomi, how to choose xiaomi autofocus system, autofocus system top xiaomi, top xiaomi autofocus system, autofocus system xiaomi guide, xiaomi guide autofocus system, autofocus system xiaomi for sale, xiaomi for sale autofocus system, autofocus system xiaomi deals, xiaomi deals autofocus system
2026-09-18 04:31:02,040 - INFO - Expanded 220 seed keywords to 385 variations
2026-09-18 04:31:02,040 - INFO - Language: en
2026-09-18 04:31:02,040 - INFO - Region: us
2026-09-18 04:34:38,768 - INFO - 🎯 After all filtering for 'xiaomi': 120 relevant keywords
2026-09-18 04:34:40,118 - INFO - 🎯 Found 5 new keywords for niche 'xiaomi': xiaomi affordable autofocus system, xiaomi affordable graphics performance, cheap alternatives autofocus system, cheap alternatives graphics performance, best authentic autofocus system
2026-09-18 04:34:56,710 - INFO - ✅ Niche 'xiaomi' process complete! 687 total keyword results.
2026-09-18 04:34:56,710 - INFO - ✅ Completed processing niche: 'xiaomi'
2026-09-18 04:34:56,711 - INFO - 🔧 Request Handler final stats - Success rate: 100.0%
2026-09-18 04:34:56,711 - INFO -    Total requests: 199776, Blocks: 1
2026-09-18 04:34:56,712 - INFO - 
========================================
2026-09-18 04:34:56,712 - INFO - Process Summary:
2026-09-18 04:34:56,712 - INFO - - Current niche: 'xiaomi'
2026-09-18 04:34:56,712 - INFO - - Next niche will be: 'iphone'
2026-09-18 04:34:56,712 - INFO - - Keywords saved in: languages/english/keywords/xiaomi/
2026-09-18 04:34:56,712 - INFO - ========================================
