2026-09-17 16:08:20,112 - INFO - Log file created at: /home/runner/work/potensitech.com/potensitech.com/languages/english/keywords/logs/kw_search_20260917_160820.log
2026-09-17 16:08:20,112 - INFO - ============================================================
2026-09-17 16:08:20,112 - INFO - AUTOMATIC KEYWORD RESEARCH TOOL
2026-09-17 16:08:20,112 - INFO - ============================================================
2026-09-17 16:08:20,492 - INFO - ========================================
2026-09-17 16:08:20,492 - INFO - Found 14 niches to process: xiaomi, iphone, samsung, apple, sony, asus, philips, sandisk, intel, nvidia, amd, canon, nikon, huawei
2026-09-17 16:08:20,492 - INFO - ========================================
2026-09-17 16:08:20,492 - INFO - Continuing from last processed niche: intel
2026-09-17 16:08:20,493 - INFO - ========================================
2026-09-17 16:08:20,493 - INFO - 🎯 PROCESSING NICHE 10/14: 'nvidia'
2026-09-17 16:08:20,493 - INFO - ========================================
2026-09-17 16:08:20,493 - INFO - 📁 Niche directory: /home/runner/work/potensitech.com/potensitech.com/languages/english/keywords/nvidia
2026-09-17 16:08:20,493 - INFO - Selected region: us
2026-09-17 16:08:20,493 - INFO - Selected language: en
2026-09-17 16:08:20,493 - INFO - 🎯 Current niche: nvidia
2026-09-17 16:08:31,648 - INFO - 🎯 Niche terms for filtering: nvidia, cheap, best, latest, review, price, sell, buy, recommendation, tips, tutorial, guide, how to, vs, versus, compared to, comparison, alternatives, which is better, expensive, discount, deals, sale, affordable, cost, online, offline, marketplace, store, shop, retailer, where to buy, worst, quality, original, genuine, fake, replica, authentic, brand, manufacturer, company, product, nvidia product, sell nvidia, buy nvidia, cheap nvidia, best nvidia, nvidia review, where to buy nvidia, how to choose nvidia, top nvidia, nvidia guide, nvidia for sale, nvidia deals
2026-09-17 16:08:31,649 - INFO - Generated 50 niche-clue pairs for 'nvidia'.
2026-09-17 16:08:31,652 - INFO - Expanded 50 seed keywords to 218 variations
2026-09-17 16:08:31,653 - INFO - 🔧 Request Handler initialized - Success rate: 100.0%
2026-09-17 16:12:56,334 - INFO - Original clue keywords: electric toothbrushes, home appliances
2026-09-17 16:12:56,334 - INFO - Niche-focused seeds: electric toothbrushes nvidia, nvidia electric toothbrushes, electric toothbrushes cheap, cheap electric toothbrushes, electric toothbrushes best, best electric toothbrushes, electric toothbrushes latest, latest electric toothbrushes, electric toothbrushes review, review electric toothbrushes, electric toothbrushes price, price electric toothbrushes, electric toothbrushes sell, sell electric toothbrushes, electric toothbrushes buy, buy electric toothbrushes, electric toothbrushes recommendation, recommendation electric toothbrushes, electric toothbrushes tips, tips electric toothbrushes, electric toothbrushes tutorial, tutorial electric toothbrushes, electric toothbrushes guide, guide electric toothbrushes, electric toothbrushes how to, how to electric toothbrushes, electric toothbrushes vs, vs electric toothbrushes, electric toothbrushes versus, versus electric toothbrushes, electric toothbrushes compared to, compared to electric toothbrushes, electric toothbrushes comparison, comparison electric toothbrushes, electric toothbrushes alternatives, alternatives electric toothbrushes, electric toothbrushes which is better, which is better electric toothbrushes, electric toothbrushes expensive, expensive electric toothbrushes, electric toothbrushes discount, discount electric toothbrushes, electric toothbrushes deals, deals electric toothbrushes, electric toothbrushes sale, sale electric toothbrushes, electric toothbrushes affordable, affordable electric toothbrushes, electric toothbrushes cost, cost electric toothbrushes, electric toothbrushes online, online electric toothbrushes, electric toothbrushes offline, offline electric toothbrushes, electric toothbrushes marketplace, marketplace electric toothbrushes, electric toothbrushes store, store electric toothbrushes, electric toothbrushes shop, shop electric toothbrushes, electric toothbrushes retailer, retailer electric toothbrushes, electric toothbrushes where to buy, where to buy electric toothbrushes, electric toothbrushes worst, worst electric toothbrushes, electric toothbrushes quality, quality electric toothbrushes, electric toothbrushes original, original electric toothbrushes, electric toothbrushes genuine, genuine electric toothbrushes, electric toothbrushes fake, fake electric toothbrushes, electric toothbrushes replica, replica electric toothbrushes, electric toothbrushes authentic, authentic electric toothbrushes, electric toothbrushes brand, brand electric toothbrushes, electric toothbrushes manufacturer, manufacturer electric toothbrushes, electric toothbrushes company, company electric toothbrushes, electric toothbrushes product, product electric toothbrushes, electric toothbrushes nvidia product, nvidia product electric toothbrushes, electric toothbrushes sell nvidia, sell nvidia electric toothbrushes, electric toothbrushes buy nvidia, buy nvidia electric toothbrushes, electric toothbrushes cheap nvidia, cheap nvidia electric toothbrushes, electric toothbrushes best nvidia, best nvidia electric toothbrushes, electric toothbrushes nvidia review, nvidia review electric toothbrushes, electric toothbrushes where to buy nvidia, where to buy nvidia electric toothbrushes, electric toothbrushes how to choose nvidia, how to choose nvidia electric toothbrushes, electric toothbrushes top nvidia, top nvidia electric toothbrushes, electric toothbrushes nvidia guide, nvidia guide electric toothbrushes, electric toothbrushes nvidia for sale, nvidia for sale electric toothbrushes, electric toothbrushes nvidia deals, nvidia deals electric toothbrushes, home appliances nvidia, nvidia home appliances, home appliances cheap, cheap home appliances, home appliances best, best home appliances, home appliances latest, latest home appliances, home appliances review, review home appliances, home appliances price, price home appliances, home appliances sell, sell home appliances, home appliances buy, buy home appliances, home appliances recommendation, recommendation home appliances, home appliances tips, tips home appliances, home appliances tutorial, tutorial home appliances, home appliances guide, guide home appliances, home appliances how to, how to home appliances, home appliances vs, vs home appliances, home appliances versus, versus home appliances, home appliances compared to, compared to home appliances, home appliances comparison, comparison home appliances, home appliances alternatives, alternatives home appliances, home appliances which is better, which is better home appliances, home appliances expensive, expensive home appliances, home appliances discount, discount home appliances, home appliances deals, deals home appliances, home appliances sale, sale home appliances, home appliances affordable, affordable home appliances, home appliances cost, cost home appliances, home appliances online, online home appliances, home appliances offline, offline home appliances, home appliances marketplace, marketplace home appliances, home appliances store, store home appliances, home appliances shop, shop home appliances, home appliances retailer, retailer home appliances, home appliances where to buy, where to buy home appliances, home appliances worst, worst home appliances, home appliances quality, quality home appliances, home appliances original, original home appliances, home appliances genuine, genuine home appliances, home appliances fake, fake home appliances, home appliances replica, replica home appliances, home appliances authentic, authentic home appliances, home appliances brand, brand home appliances, home appliances manufacturer, manufacturer home appliances, home appliances company, company home appliances, home appliances product, product home appliances, home appliances nvidia product, nvidia product home appliances, home appliances sell nvidia, sell nvidia home appliances, home appliances buy nvidia, buy nvidia home appliances, home appliances cheap nvidia, cheap nvidia home appliances, home appliances best nvidia, best nvidia home appliances, home appliances nvidia review, nvidia review home appliances, home appliances where to buy nvidia, where to buy nvidia home appliances, home appliances how to choose nvidia, how to choose nvidia home appliances, home appliances top nvidia, top nvidia home appliances, home appliances nvidia guide, nvidia guide home appliances, home appliances nvidia for sale, nvidia for sale home appliances, home appliances nvidia deals, nvidia deals home appliances
2026-09-17 16:12:56,337 - INFO - Expanded 220 seed keywords to 385 variations
2026-09-17 16:12:56,337 - INFO - Language: en
2026-09-17 16:12:56,337 - INFO - Region: us
2026-09-17 16:17:28,225 - INFO - 🎯 After all filtering for 'nvidia': 120 relevant keywords
2026-09-17 16:17:29,978 - INFO - 🎯 Found 5 new keywords for niche 'nvidia': nvidia affordable electric toothbrushes, nvidia affordable home appliances, cheap alternatives electric toothbrushes, cheap alternatives home appliances, best authentic electric toothbrushes
2026-09-17 16:17:45,933 - INFO - ✅ Niche 'nvidia' process complete! 886 total keyword results.
2026-09-17 16:17:45,933 - INFO - ✅ Completed processing niche: 'nvidia'
2026-09-17 16:17:45,934 - INFO - 🔧 Request Handler final stats - Success rate: 100.0%
2026-09-17 16:17:45,934 - INFO -    Total requests: 199393, Blocks: 1
2026-09-17 16:17:45,935 - INFO - 
========================================
2026-09-17 16:17:45,935 - INFO - Process Summary:
2026-09-17 16:17:45,935 - INFO - - Current niche: 'nvidia'
2026-09-17 16:17:45,935 - INFO - - Next niche will be: 'amd'
2026-09-17 16:17:45,935 - INFO - - Keywords saved in: languages/english/keywords/nvidia/
2026-09-17 16:17:45,936 - INFO - ========================================
