2026-08-28 01:09:40,508 - INFO - Log file created at: /home/runner/work/potensitech.com/potensitech.com/languages/english/keywords/logs/kw_search_20260828_010940.log
2026-08-28 01:09:40,508 - INFO - ============================================================
2026-08-28 01:09:40,508 - INFO - AUTOMATIC KEYWORD RESEARCH TOOL
2026-08-28 01:09:40,508 - INFO - ============================================================
2026-08-28 01:09:40,855 - INFO - ========================================
2026-08-28 01:09:40,856 - INFO - Found 14 niches to process: xiaomi, iphone, samsung, apple, sony, asus, philips, sandisk, intel, nvidia, amd, canon, nikon, huawei
2026-08-28 01:09:40,856 - INFO - ========================================
2026-08-28 01:09:40,856 - INFO - Continuing from last processed niche: canon
2026-08-28 01:09:40,856 - INFO - ========================================
2026-08-28 01:09:40,856 - INFO - 🎯 PROCESSING NICHE 13/14: 'nikon'
2026-08-28 01:09:40,856 - INFO - ========================================
2026-08-28 01:09:40,856 - INFO - 📁 Niche directory: /home/runner/work/potensitech.com/potensitech.com/languages/english/keywords/nikon
2026-08-28 01:09:40,856 - INFO - Selected region: us
2026-08-28 01:09:40,856 - INFO - Selected language: en
2026-08-28 01:09:40,856 - INFO - 🎯 Current niche: nikon
2026-08-28 01:09:51,839 - INFO - 🎯 Niche terms for filtering: nikon, cheap, best, latest, review, price, sell, buy, recommendation, tips, tutorial, guide, how to, vs, versus, compared to, comparison, alternatives, which is better, expensive, discount, deals, sale, affordable, cost, online, offline, marketplace, store, shop, retailer, where to buy, worst, quality, original, genuine, fake, replica, authentic, brand, manufacturer, company, product, nikon product, sell nikon, buy nikon, cheap nikon, best nikon, nikon review, where to buy nikon, how to choose nikon, top nikon, nikon guide, nikon for sale, nikon deals
2026-08-28 01:09:51,839 - INFO - Generated 50 niche-clue pairs for 'nikon'.
2026-08-28 01:09:51,842 - INFO - Expanded 50 seed keywords to 218 variations
2026-08-28 01:09:51,843 - INFO - 🔧 Request Handler initialized - Success rate: 100.0%
2026-08-28 01:14:15,005 - INFO - Original clue keywords: wireless charging, screen resolution
2026-08-28 01:14:15,006 - INFO - Niche-focused seeds: wireless charging nikon, nikon wireless charging, wireless charging cheap, cheap wireless charging, wireless charging best, best wireless charging, wireless charging latest, latest wireless charging, wireless charging review, review wireless charging, wireless charging price, price wireless charging, wireless charging sell, sell wireless charging, wireless charging buy, buy wireless charging, wireless charging recommendation, recommendation wireless charging, wireless charging tips, tips wireless charging, wireless charging tutorial, tutorial wireless charging, wireless charging guide, guide wireless charging, wireless charging how to, how to wireless charging, wireless charging vs, vs wireless charging, wireless charging versus, versus wireless charging, wireless charging compared to, compared to wireless charging, wireless charging comparison, comparison wireless charging, wireless charging alternatives, alternatives wireless charging, wireless charging which is better, which is better wireless charging, wireless charging expensive, expensive wireless charging, wireless charging discount, discount wireless charging, wireless charging deals, deals wireless charging, wireless charging sale, sale wireless charging, wireless charging affordable, affordable wireless charging, wireless charging cost, cost wireless charging, wireless charging online, online wireless charging, wireless charging offline, offline wireless charging, wireless charging marketplace, marketplace wireless charging, wireless charging store, store wireless charging, wireless charging shop, shop wireless charging, wireless charging retailer, retailer wireless charging, wireless charging where to buy, where to buy wireless charging, wireless charging worst, worst wireless charging, wireless charging quality, quality wireless charging, wireless charging original, original wireless charging, wireless charging genuine, genuine wireless charging, wireless charging fake, fake wireless charging, wireless charging replica, replica wireless charging, wireless charging authentic, authentic wireless charging, wireless charging brand, brand wireless charging, wireless charging manufacturer, manufacturer wireless charging, wireless charging company, company wireless charging, wireless charging product, product wireless charging, wireless charging nikon product, nikon product wireless charging, wireless charging sell nikon, sell nikon wireless charging, wireless charging buy nikon, buy nikon wireless charging, wireless charging cheap nikon, cheap nikon wireless charging, wireless charging best nikon, best nikon wireless charging, wireless charging nikon review, nikon review wireless charging, wireless charging where to buy nikon, where to buy nikon wireless charging, wireless charging how to choose nikon, how to choose nikon wireless charging, wireless charging top nikon, top nikon wireless charging, wireless charging nikon guide, nikon guide wireless charging, wireless charging nikon for sale, nikon for sale wireless charging, wireless charging nikon deals, nikon deals wireless charging, screen resolution nikon, nikon screen resolution, screen resolution cheap, cheap screen resolution, screen resolution best, best screen resolution, screen resolution latest, latest screen resolution, screen resolution review, review screen resolution, screen resolution price, price screen resolution, screen resolution sell, sell screen resolution, screen resolution buy, buy screen resolution, screen resolution recommendation, recommendation screen resolution, screen resolution tips, tips screen resolution, screen resolution tutorial, tutorial screen resolution, screen resolution guide, guide screen resolution, screen resolution how to, how to screen resolution, screen resolution vs, vs screen resolution, screen resolution versus, versus screen resolution, screen resolution compared to, compared to screen resolution, screen resolution comparison, comparison screen resolution, screen resolution alternatives, alternatives screen resolution, screen resolution which is better, which is better screen resolution, screen resolution expensive, expensive screen resolution, screen resolution discount, discount screen resolution, screen resolution deals, deals screen resolution, screen resolution sale, sale screen resolution, screen resolution affordable, affordable screen resolution, screen resolution cost, cost screen resolution, screen resolution online, online screen resolution, screen resolution offline, offline screen resolution, screen resolution marketplace, marketplace screen resolution, screen resolution store, store screen resolution, screen resolution shop, shop screen resolution, screen resolution retailer, retailer screen resolution, screen resolution where to buy, where to buy screen resolution, screen resolution worst, worst screen resolution, screen resolution quality, quality screen resolution, screen resolution original, original screen resolution, screen resolution genuine, genuine screen resolution, screen resolution fake, fake screen resolution, screen resolution replica, replica screen resolution, screen resolution authentic, authentic screen resolution, screen resolution brand, brand screen resolution, screen resolution manufacturer, manufacturer screen resolution, screen resolution company, company screen resolution, screen resolution product, product screen resolution, screen resolution nikon product, nikon product screen resolution, screen resolution sell nikon, sell nikon screen resolution, screen resolution buy nikon, buy nikon screen resolution, screen resolution cheap nikon, cheap nikon screen resolution, screen resolution best nikon, best nikon screen resolution, screen resolution nikon review, nikon review screen resolution, screen resolution where to buy nikon, where to buy nikon screen resolution, screen resolution how to choose nikon, how to choose nikon screen resolution, screen resolution top nikon, top nikon screen resolution, screen resolution nikon guide, nikon guide screen resolution, screen resolution nikon for sale, nikon for sale screen resolution, screen resolution nikon deals, nikon deals screen resolution
2026-08-28 01:14:15,009 - INFO - Expanded 220 seed keywords to 385 variations
2026-08-28 01:14:15,009 - INFO - Language: en
2026-08-28 01:14:15,009 - INFO - Region: us
2026-08-28 01:18:45,109 - INFO - 🎯 After all filtering for 'nikon': 120 relevant keywords
2026-08-28 01:18:46,414 - INFO - 🎯 Found 5 new keywords for niche 'nikon': nikon affordable screen resolution, nikon affordable wireless charging, cheap alternatives screen resolution, cheap alternatives wireless charging, best authentic screen resolution
2026-08-28 01:19:02,484 - INFO - ✅ Niche 'nikon' process complete! 681 total keyword results.
2026-08-28 01:19:02,484 - INFO - ✅ Completed processing niche: 'nikon'
2026-08-28 01:19:02,484 - INFO - 🔧 Request Handler final stats - Success rate: 100.0%
2026-08-28 01:19:02,484 - INFO -    Total requests: 181979, Blocks: 1
2026-08-28 01:19:02,485 - INFO - 
========================================
2026-08-28 01:19:02,486 - INFO - Process Summary:
2026-08-28 01:19:02,486 - INFO - - Current niche: 'nikon'
2026-08-28 01:19:02,486 - INFO - - Next niche will be: 'huawei'
2026-08-28 01:19:02,486 - INFO - - Keywords saved in: languages/english/keywords/nikon/
2026-08-28 01:19:02,486 - INFO - ========================================
