2026-08-23 07:47:11,544 - INFO - Log file created at: /home/runner/work/potensitech.com/potensitech.com/languages/english/keywords/logs/kw_search_20260823_074711.log
2026-08-23 07:47:11,545 - INFO - ============================================================
2026-08-23 07:47:11,545 - INFO - AUTOMATIC KEYWORD RESEARCH TOOL
2026-08-23 07:47:11,545 - INFO - ============================================================
2026-08-23 07:47:11,852 - INFO - ========================================
2026-08-23 07:47:11,852 - INFO - Found 14 niches to process: xiaomi, iphone, samsung, apple, sony, asus, philips, sandisk, intel, nvidia, amd, canon, nikon, huawei
2026-08-23 07:47:11,852 - INFO - ========================================
2026-08-23 07:47:11,852 - INFO - Continuing from last processed niche: nvidia
2026-08-23 07:47:11,852 - INFO - ========================================
2026-08-23 07:47:11,852 - INFO - 🎯 PROCESSING NICHE 11/14: 'amd'
2026-08-23 07:47:11,852 - INFO - ========================================
2026-08-23 07:47:11,852 - INFO - 📁 Niche directory: /home/runner/work/potensitech.com/potensitech.com/languages/english/keywords/amd
2026-08-23 07:47:11,852 - INFO - Selected region: us
2026-08-23 07:47:11,853 - INFO - Selected language: en
2026-08-23 07:47:11,853 - INFO - 🎯 Current niche: amd
2026-08-23 07:47:23,180 - INFO - 🎯 Niche terms for filtering: amd, cheap, best, latest, review, price, sell, buy, recommendation, tips, tutorial, guide, how to, vs, versus, compared to, comparison, alternatives, which is better, expensive, discount, deals, sale, affordable, cost, online, offline, marketplace, store, shop, retailer, where to buy, worst, quality, original, genuine, fake, replica, authentic, brand, manufacturer, company, product, amd product, sell amd, buy amd, cheap amd, best amd, amd review, where to buy amd, how to choose amd, top amd, amd guide, amd for sale, amd deals
2026-08-23 07:47:23,180 - INFO - Generated 50 niche-clue pairs for 'amd'.
2026-08-23 07:47:23,184 - INFO - Expanded 50 seed keywords to 218 variations
2026-08-23 07:47:23,184 - INFO - 🔧 Request Handler initialized - Success rate: 100.0%
2026-08-23 07:51:45,981 - INFO - Original clue keywords: data storage, usb drive
2026-08-23 07:51:45,981 - INFO - Niche-focused seeds: data storage amd, amd data storage, data storage cheap, cheap data storage, data storage best, best data storage, data storage latest, latest data storage, data storage review, review data storage, data storage price, price data storage, data storage sell, sell data storage, data storage buy, buy data storage, data storage recommendation, recommendation data storage, data storage tips, tips data storage, data storage tutorial, tutorial data storage, data storage guide, guide data storage, data storage how to, how to data storage, data storage vs, vs data storage, data storage versus, versus data storage, data storage compared to, compared to data storage, data storage comparison, comparison data storage, data storage alternatives, alternatives data storage, data storage which is better, which is better data storage, data storage expensive, expensive data storage, data storage discount, discount data storage, data storage deals, deals data storage, data storage sale, sale data storage, data storage affordable, affordable data storage, data storage cost, cost data storage, data storage online, online data storage, data storage offline, offline data storage, data storage marketplace, marketplace data storage, data storage store, store data storage, data storage shop, shop data storage, data storage retailer, retailer data storage, data storage where to buy, where to buy data storage, data storage worst, worst data storage, data storage quality, quality data storage, data storage original, original data storage, data storage genuine, genuine data storage, data storage fake, fake data storage, data storage replica, replica data storage, data storage authentic, authentic data storage, data storage brand, brand data storage, data storage manufacturer, manufacturer data storage, data storage company, company data storage, data storage product, product data storage, data storage amd product, amd product data storage, data storage sell amd, sell amd data storage, data storage buy amd, buy amd data storage, data storage cheap amd, cheap amd data storage, data storage best amd, best amd data storage, data storage amd review, amd review data storage, data storage where to buy amd, where to buy amd data storage, data storage how to choose amd, how to choose amd data storage, data storage top amd, top amd data storage, data storage amd guide, amd guide data storage, data storage amd for sale, amd for sale data storage, data storage amd deals, amd deals data storage, usb drive amd, amd usb drive, usb drive cheap, cheap usb drive, usb drive best, best usb drive, usb drive latest, latest usb drive, usb drive review, review usb drive, usb drive price, price usb drive, usb drive sell, sell usb drive, usb drive buy, buy usb drive, usb drive recommendation, recommendation usb drive, usb drive tips, tips usb drive, usb drive tutorial, tutorial usb drive, usb drive guide, guide usb drive, usb drive how to, how to usb drive, usb drive vs, vs usb drive, usb drive versus, versus usb drive, usb drive compared to, compared to usb drive, usb drive comparison, comparison usb drive, usb drive alternatives, alternatives usb drive, usb drive which is better, which is better usb drive, usb drive expensive, expensive usb drive, usb drive discount, discount usb drive, usb drive deals, deals usb drive, usb drive sale, sale usb drive, usb drive affordable, affordable usb drive, usb drive cost, cost usb drive, usb drive online, online usb drive, usb drive offline, offline usb drive, usb drive marketplace, marketplace usb drive, usb drive store, store usb drive, usb drive shop, shop usb drive, usb drive retailer, retailer usb drive, usb drive where to buy, where to buy usb drive, usb drive worst, worst usb drive, usb drive quality, quality usb drive, usb drive original, original usb drive, usb drive genuine, genuine usb drive, usb drive fake, fake usb drive, usb drive replica, replica usb drive, usb drive authentic, authentic usb drive, usb drive brand, brand usb drive, usb drive manufacturer, manufacturer usb drive, usb drive company, company usb drive, usb drive product, product usb drive, usb drive amd product, amd product usb drive, usb drive sell amd, sell amd usb drive, usb drive buy amd, buy amd usb drive, usb drive cheap amd, cheap amd usb drive, usb drive best amd, best amd usb drive, usb drive amd review, amd review usb drive, usb drive where to buy amd, where to buy amd usb drive, usb drive how to choose amd, how to choose amd usb drive, usb drive top amd, top amd usb drive, usb drive amd guide, amd guide usb drive, usb drive amd for sale, amd for sale usb drive, usb drive amd deals, amd deals usb drive
2026-08-23 07:51:45,984 - INFO - Expanded 220 seed keywords to 385 variations
2026-08-23 07:51:45,984 - INFO - Language: en
2026-08-23 07:51:45,984 - INFO - Region: us
2026-08-23 07:56:12,882 - INFO - 🎯 After all filtering for 'amd': 120 relevant keywords
2026-08-23 07:56:14,227 - INFO - 🎯 Found 5 new keywords for niche 'amd': amd affordable data storage, amd affordable usb drive, cheap alternatives data storage, cheap alternatives usb drive, best authentic data storage
2026-08-23 07:56:30,112 - INFO - ✅ Niche 'amd' process complete! 767 total keyword results.
2026-08-23 07:56:30,112 - INFO - ✅ Completed processing niche: 'amd'
2026-08-23 07:56:30,112 - INFO - 🔧 Request Handler final stats - Success rate: 100.0%
2026-08-23 07:56:30,112 - INFO -    Total requests: 178605, Blocks: 1
2026-08-23 07:56:30,113 - INFO - 
========================================
2026-08-23 07:56:30,113 - INFO - Process Summary:
2026-08-23 07:56:30,113 - INFO - - Current niche: 'amd'
2026-08-23 07:56:30,113 - INFO - - Next niche will be: 'canon'
2026-08-23 07:56:30,113 - INFO - - Keywords saved in: languages/english/keywords/amd/
2026-08-23 07:56:30,114 - INFO - ========================================
