2026-09-16 18:14:05,000 - INFO - Log file created at: /home/runner/work/potensitech.com/potensitech.com/languages/english/keywords/logs/kw_search_20260916_181405.log
2026-09-16 18:14:05,000 - INFO - ============================================================
2026-09-16 18:14:05,000 - INFO - AUTOMATIC KEYWORD RESEARCH TOOL
2026-09-16 18:14:05,000 - INFO - ============================================================
2026-09-16 18:14:05,398 - INFO - ========================================
2026-09-16 18:14:05,398 - INFO - Found 14 niches to process: xiaomi, iphone, samsung, apple, sony, asus, philips, sandisk, intel, nvidia, amd, canon, nikon, huawei
2026-09-16 18:14:05,398 - INFO - ========================================
2026-09-16 18:14:05,398 - INFO - All niches completed, starting over
2026-09-16 18:14:05,398 - INFO - ========================================
2026-09-16 18:14:05,398 - INFO - 🎯 PROCESSING NICHE 1/14: 'xiaomi'
2026-09-16 18:14:05,398 - INFO - ========================================
2026-09-16 18:14:05,398 - INFO - 📁 Niche directory: /home/runner/work/potensitech.com/potensitech.com/languages/english/keywords/xiaomi
2026-09-16 18:14:05,398 - INFO - Selected region: us
2026-09-16 18:14:05,398 - INFO - Selected language: en
2026-09-16 18:14:05,398 - INFO - 🎯 Current niche: xiaomi
2026-09-16 18:14:16,892 - INFO - 🎯 Niche terms for filtering: xiaomi, cheap, best, latest, review, price, sell, buy, recommendation, tips, tutorial, guide, how to, vs, versus, compared to, comparison, alternatives, which is better, expensive, discount, deals, sale, affordable, cost, online, offline, marketplace, store, shop, retailer, where to buy, worst, quality, original, genuine, fake, replica, authentic, brand, manufacturer, company, product, xiaomi product, sell xiaomi, buy xiaomi, cheap xiaomi, best xiaomi, xiaomi review, where to buy xiaomi, how to choose xiaomi, top xiaomi, xiaomi guide, xiaomi for sale, xiaomi deals
2026-09-16 18:14:16,892 - INFO - Generated 50 niche-clue pairs for 'xiaomi'.
2026-09-16 18:14:16,896 - INFO - Expanded 50 seed keywords to 218 variations
2026-09-16 18:14:16,896 - INFO - 🔧 Request Handler initialized - Success rate: 100.0%
2026-09-16 18:18:41,716 - INFO - Original clue keywords: electric toothbrushes, home appliances
2026-09-16 18:18:41,716 - INFO - Niche-focused seeds: electric toothbrushes xiaomi, xiaomi electric toothbrushes, electric toothbrushes cheap, cheap electric toothbrushes, electric toothbrushes best, best electric toothbrushes, electric toothbrushes latest, latest electric toothbrushes, electric toothbrushes review, review electric toothbrushes, electric toothbrushes price, price electric toothbrushes, electric toothbrushes sell, sell electric toothbrushes, electric toothbrushes buy, buy electric toothbrushes, electric toothbrushes recommendation, recommendation electric toothbrushes, electric toothbrushes tips, tips electric toothbrushes, electric toothbrushes tutorial, tutorial electric toothbrushes, electric toothbrushes guide, guide electric toothbrushes, electric toothbrushes how to, how to electric toothbrushes, electric toothbrushes vs, vs electric toothbrushes, electric toothbrushes versus, versus electric toothbrushes, electric toothbrushes compared to, compared to electric toothbrushes, electric toothbrushes comparison, comparison electric toothbrushes, electric toothbrushes alternatives, alternatives electric toothbrushes, electric toothbrushes which is better, which is better electric toothbrushes, electric toothbrushes expensive, expensive electric toothbrushes, electric toothbrushes discount, discount electric toothbrushes, electric toothbrushes deals, deals electric toothbrushes, electric toothbrushes sale, sale electric toothbrushes, electric toothbrushes affordable, affordable electric toothbrushes, electric toothbrushes cost, cost electric toothbrushes, electric toothbrushes online, online electric toothbrushes, electric toothbrushes offline, offline electric toothbrushes, electric toothbrushes marketplace, marketplace electric toothbrushes, electric toothbrushes store, store electric toothbrushes, electric toothbrushes shop, shop electric toothbrushes, electric toothbrushes retailer, retailer electric toothbrushes, electric toothbrushes where to buy, where to buy electric toothbrushes, electric toothbrushes worst, worst electric toothbrushes, electric toothbrushes quality, quality electric toothbrushes, electric toothbrushes original, original electric toothbrushes, electric toothbrushes genuine, genuine electric toothbrushes, electric toothbrushes fake, fake electric toothbrushes, electric toothbrushes replica, replica electric toothbrushes, electric toothbrushes authentic, authentic electric toothbrushes, electric toothbrushes brand, brand electric toothbrushes, electric toothbrushes manufacturer, manufacturer electric toothbrushes, electric toothbrushes company, company electric toothbrushes, electric toothbrushes product, product electric toothbrushes, electric toothbrushes xiaomi product, xiaomi product electric toothbrushes, electric toothbrushes sell xiaomi, sell xiaomi electric toothbrushes, electric toothbrushes buy xiaomi, buy xiaomi electric toothbrushes, electric toothbrushes cheap xiaomi, cheap xiaomi electric toothbrushes, electric toothbrushes best xiaomi, best xiaomi electric toothbrushes, electric toothbrushes xiaomi review, xiaomi review electric toothbrushes, electric toothbrushes where to buy xiaomi, where to buy xiaomi electric toothbrushes, electric toothbrushes how to choose xiaomi, how to choose xiaomi electric toothbrushes, electric toothbrushes top xiaomi, top xiaomi electric toothbrushes, electric toothbrushes xiaomi guide, xiaomi guide electric toothbrushes, electric toothbrushes xiaomi for sale, xiaomi for sale electric toothbrushes, electric toothbrushes xiaomi deals, xiaomi deals electric toothbrushes, home appliances xiaomi, xiaomi home appliances, home appliances cheap, cheap home appliances, home appliances best, best home appliances, home appliances latest, latest home appliances, home appliances review, review home appliances, home appliances price, price home appliances, home appliances sell, sell home appliances, home appliances buy, buy home appliances, home appliances recommendation, recommendation home appliances, home appliances tips, tips home appliances, home appliances tutorial, tutorial home appliances, home appliances guide, guide home appliances, home appliances how to, how to home appliances, home appliances vs, vs home appliances, home appliances versus, versus home appliances, home appliances compared to, compared to home appliances, home appliances comparison, comparison home appliances, home appliances alternatives, alternatives home appliances, home appliances which is better, which is better home appliances, home appliances expensive, expensive home appliances, home appliances discount, discount home appliances, home appliances deals, deals home appliances, home appliances sale, sale home appliances, home appliances affordable, affordable home appliances, home appliances cost, cost home appliances, home appliances online, online home appliances, home appliances offline, offline home appliances, home appliances marketplace, marketplace home appliances, home appliances store, store home appliances, home appliances shop, shop home appliances, home appliances retailer, retailer home appliances, home appliances where to buy, where to buy home appliances, home appliances worst, worst home appliances, home appliances quality, quality home appliances, home appliances original, original home appliances, home appliances genuine, genuine home appliances, home appliances fake, fake home appliances, home appliances replica, replica home appliances, home appliances authentic, authentic home appliances, home appliances brand, brand home appliances, home appliances manufacturer, manufacturer home appliances, home appliances company, company home appliances, home appliances product, product home appliances, home appliances xiaomi product, xiaomi product home appliances, home appliances sell xiaomi, sell xiaomi home appliances, home appliances buy xiaomi, buy xiaomi home appliances, home appliances cheap xiaomi, cheap xiaomi home appliances, home appliances best xiaomi, best xiaomi home appliances, home appliances xiaomi review, xiaomi review home appliances, home appliances where to buy xiaomi, where to buy xiaomi home appliances, home appliances how to choose xiaomi, how to choose xiaomi home appliances, home appliances top xiaomi, top xiaomi home appliances, home appliances xiaomi guide, xiaomi guide home appliances, home appliances xiaomi for sale, xiaomi for sale home appliances, home appliances xiaomi deals, xiaomi deals home appliances
2026-09-16 18:18:41,720 - INFO - Expanded 220 seed keywords to 385 variations
2026-09-16 18:18:41,720 - INFO - Language: en
2026-09-16 18:18:41,720 - INFO - Region: us
2026-09-16 18:23:12,854 - INFO - 🎯 After all filtering for 'xiaomi': 120 relevant keywords
2026-09-16 18:23:14,248 - INFO - 🎯 Found 5 new keywords for niche 'xiaomi': xiaomi affordable electric toothbrushes, xiaomi affordable home appliances, cheap alternatives electric toothbrushes, cheap alternatives home appliances, best authentic electric toothbrushes
2026-09-16 18:23:30,702 - INFO - ✅ Niche 'xiaomi' process complete! 685 total keyword results.
2026-09-16 18:23:30,702 - INFO - ✅ Completed processing niche: 'xiaomi'
2026-09-16 18:23:30,702 - INFO - 🔧 Request Handler final stats - Success rate: 100.0%
2026-09-16 18:23:30,702 - INFO -    Total requests: 198538, Blocks: 1
2026-09-16 18:23:30,703 - INFO - 
========================================
2026-09-16 18:23:30,704 - INFO - Process Summary:
2026-09-16 18:23:30,704 - INFO - - Current niche: 'xiaomi'
2026-09-16 18:23:30,704 - INFO - - Next niche will be: 'iphone'
2026-09-16 18:23:30,704 - INFO - - Keywords saved in: languages/english/keywords/xiaomi/
2026-09-16 18:23:30,705 - INFO - ========================================
