2026-08-16 19:31:25,702 - INFO - Log file created at: /home/runner/work/potensitech.com/potensitech.com/languages/english/keywords/logs/kw_search_20260816_193125.log
2026-08-16 19:31:25,702 - INFO - ============================================================
2026-08-16 19:31:25,702 - INFO - AUTOMATIC KEYWORD RESEARCH TOOL
2026-08-16 19:31:25,702 - INFO - ============================================================
2026-08-16 19:31:25,989 - INFO - ========================================
2026-08-16 19:31:25,989 - INFO - Found 14 niches to process: xiaomi, iphone, samsung, apple, sony, asus, philips, sandisk, intel, nvidia, amd, canon, nikon, huawei
2026-08-16 19:31:25,989 - INFO - ========================================
2026-08-16 19:31:25,989 - INFO - Continuing from last processed niche: xiaomi
2026-08-16 19:31:25,989 - INFO - ========================================
2026-08-16 19:31:25,989 - INFO - 🎯 PROCESSING NICHE 2/14: 'iphone'
2026-08-16 19:31:25,989 - INFO - ========================================
2026-08-16 19:31:25,989 - INFO - 📁 Niche directory: /home/runner/work/potensitech.com/potensitech.com/languages/english/keywords/iphone
2026-08-16 19:31:25,989 - INFO - Selected region: us
2026-08-16 19:31:25,989 - INFO - Selected language: en
2026-08-16 19:31:25,990 - INFO - 🎯 Current niche: iphone
2026-08-16 19:31:26,705 - INFO - 🎯 Niche terms for filtering: iphone, cheap, best, latest, review, price, sell, buy, recommendation, tips, tutorial, guide, how to, vs, versus, compared to, comparison, alternatives, which is better, expensive, discount, deals, sale, affordable, cost, online, offline, marketplace, store, shop, retailer, where to buy, worst, quality, original, genuine, fake, replica, authentic, brand, manufacturer, company, product, iphone product, sell iphone, buy iphone, cheap iphone, best iphone, iphone review, where to buy iphone, how to choose iphone, top iphone, iphone guide, iphone for sale, iphone deals
2026-08-16 19:31:26,706 - INFO - Generated 50 niche-clue pairs for 'iphone'.
2026-08-16 19:31:26,709 - INFO - Expanded 50 seed keywords to 218 variations
2026-08-16 19:31:26,714 - INFO - 🔧 Request Handler initialized - Success rate: 100.0%
2026-08-16 19:35:53,388 - INFO - Original clue keywords: high-performance, gaming smartphone
2026-08-16 19:35:53,388 - INFO - Niche-focused seeds: high-performance iphone, iphone high-performance, high-performance cheap, cheap high-performance, high-performance best, best high-performance, high-performance latest, latest high-performance, high-performance review, review high-performance, high-performance price, price high-performance, high-performance sell, sell high-performance, high-performance buy, buy high-performance, high-performance recommendation, recommendation high-performance, high-performance tips, tips high-performance, high-performance tutorial, tutorial high-performance, high-performance guide, guide high-performance, high-performance how to, how to high-performance, high-performance vs, vs high-performance, high-performance versus, versus high-performance, high-performance compared to, compared to high-performance, high-performance comparison, comparison high-performance, high-performance alternatives, alternatives high-performance, high-performance which is better, which is better high-performance, high-performance expensive, expensive high-performance, high-performance discount, discount high-performance, high-performance deals, deals high-performance, high-performance sale, sale high-performance, high-performance affordable, affordable high-performance, high-performance cost, cost high-performance, high-performance online, online high-performance, high-performance offline, offline high-performance, high-performance marketplace, marketplace high-performance, high-performance store, store high-performance, high-performance shop, shop high-performance, high-performance retailer, retailer high-performance, high-performance where to buy, where to buy high-performance, high-performance worst, worst high-performance, high-performance quality, quality high-performance, high-performance original, original high-performance, high-performance genuine, genuine high-performance, high-performance fake, fake high-performance, high-performance replica, replica high-performance, high-performance authentic, authentic high-performance, high-performance brand, brand high-performance, high-performance manufacturer, manufacturer high-performance, high-performance company, company high-performance, high-performance product, product high-performance, high-performance iphone product, iphone product high-performance, high-performance sell iphone, sell iphone high-performance, high-performance buy iphone, buy iphone high-performance, high-performance cheap iphone, cheap iphone high-performance, high-performance best iphone, best iphone high-performance, high-performance iphone review, iphone review high-performance, high-performance where to buy iphone, where to buy iphone high-performance, high-performance how to choose iphone, how to choose iphone high-performance, high-performance top iphone, top iphone high-performance, high-performance iphone guide, iphone guide high-performance, high-performance iphone for sale, iphone for sale high-performance, high-performance iphone deals, iphone deals high-performance, gaming smartphone iphone, iphone gaming smartphone, gaming smartphone cheap, cheap gaming smartphone, gaming smartphone best, best gaming smartphone, gaming smartphone latest, latest gaming smartphone, gaming smartphone review, review gaming smartphone, gaming smartphone price, price gaming smartphone, gaming smartphone sell, sell gaming smartphone, gaming smartphone buy, buy gaming smartphone, gaming smartphone recommendation, recommendation gaming smartphone, gaming smartphone tips, tips gaming smartphone, gaming smartphone tutorial, tutorial gaming smartphone, gaming smartphone guide, guide gaming smartphone, gaming smartphone how to, how to gaming smartphone, gaming smartphone vs, vs gaming smartphone, gaming smartphone versus, versus gaming smartphone, gaming smartphone compared to, compared to gaming smartphone, gaming smartphone comparison, comparison gaming smartphone, gaming smartphone alternatives, alternatives gaming smartphone, gaming smartphone which is better, which is better gaming smartphone, gaming smartphone expensive, expensive gaming smartphone, gaming smartphone discount, discount gaming smartphone, gaming smartphone deals, deals gaming smartphone, gaming smartphone sale, sale gaming smartphone, gaming smartphone affordable, affordable gaming smartphone, gaming smartphone cost, cost gaming smartphone, gaming smartphone online, online gaming smartphone, gaming smartphone offline, offline gaming smartphone, gaming smartphone marketplace, marketplace gaming smartphone, gaming smartphone store, store gaming smartphone, gaming smartphone shop, shop gaming smartphone, gaming smartphone retailer, retailer gaming smartphone, gaming smartphone where to buy, where to buy gaming smartphone, gaming smartphone worst, worst gaming smartphone, gaming smartphone quality, quality gaming smartphone, gaming smartphone original, original gaming smartphone, gaming smartphone genuine, genuine gaming smartphone, gaming smartphone fake, fake gaming smartphone, gaming smartphone replica, replica gaming smartphone, gaming smartphone authentic, authentic gaming smartphone, gaming smartphone brand, brand gaming smartphone, gaming smartphone manufacturer, manufacturer gaming smartphone, gaming smartphone company, company gaming smartphone, gaming smartphone product, product gaming smartphone, gaming smartphone iphone product, iphone product gaming smartphone, gaming smartphone sell iphone, sell iphone gaming smartphone, gaming smartphone buy iphone, buy iphone gaming smartphone, gaming smartphone cheap iphone, cheap iphone gaming smartphone, gaming smartphone best iphone, best iphone gaming smartphone, gaming smartphone iphone review, iphone review gaming smartphone, gaming smartphone where to buy iphone, where to buy iphone gaming smartphone, gaming smartphone how to choose iphone, how to choose iphone gaming smartphone, gaming smartphone top iphone, top iphone gaming smartphone, gaming smartphone iphone guide, iphone guide gaming smartphone, gaming smartphone iphone for sale, iphone for sale gaming smartphone, gaming smartphone iphone deals, iphone deals gaming smartphone
2026-08-16 19:35:53,392 - INFO - Expanded 220 seed keywords to 385 variations
2026-08-16 19:35:53,392 - INFO - Language: en
2026-08-16 19:35:53,392 - INFO - Region: us
2026-08-16 19:40:25,794 - INFO - 🎯 After all filtering for 'iphone': 120 relevant keywords
2026-08-16 19:40:26,142 - INFO - 🎯 Found 5 new keywords for niche 'iphone': iphone affordable high-performance, affordable high-performance cheap, best affordable high-performance, iphone alternatives high-performance, cheap alternatives high-performance
2026-08-16 19:40:26,569 - INFO - ✅ Niche 'iphone' process complete! 848 total keyword results.
2026-08-16 19:40:26,569 - INFO - ✅ Completed processing niche: 'iphone'
2026-08-16 19:40:26,569 - INFO - 🔧 Request Handler final stats - Success rate: 100.0%
2026-08-16 19:40:26,569 - INFO -    Total requests: 173316, Blocks: 1
2026-08-16 19:40:26,570 - INFO - 
========================================
2026-08-16 19:40:26,570 - INFO - Process Summary:
2026-08-16 19:40:26,571 - INFO - - Current niche: 'iphone'
2026-08-16 19:40:26,571 - INFO - - Next niche will be: 'samsung'
2026-08-16 19:40:26,571 - INFO - - Keywords saved in: languages/english/keywords/iphone/
2026-08-16 19:40:26,571 - INFO - ========================================
