2026-10-07 21:36:35,889 - INFO - Log file created at: /home/runner/work/potensitech.com/potensitech.com/languages/english/keywords/logs/kw_search_20261007_213635.log
2026-10-07 21:36:35,889 - INFO - ============================================================
2026-10-07 21:36:35,889 - INFO - AUTOMATIC KEYWORD RESEARCH TOOL
2026-10-07 21:36:35,889 - INFO - ============================================================
2026-10-07 21:36:36,275 - INFO - ========================================
2026-10-07 21:36:36,275 - INFO - Found 14 niches to process: xiaomi, iphone, samsung, apple, sony, asus, philips, sandisk, intel, nvidia, amd, canon, nikon, huawei
2026-10-07 21:36:36,275 - INFO - ========================================
2026-10-07 21:36:36,275 - INFO - All niches completed, starting over
2026-10-07 21:36:36,275 - INFO - ========================================
2026-10-07 21:36:36,275 - INFO - 🎯 PROCESSING NICHE 1/14: 'xiaomi'
2026-10-07 21:36:36,275 - INFO - ========================================
2026-10-07 21:36:36,275 - INFO - 📁 Niche directory: /home/runner/work/potensitech.com/potensitech.com/languages/english/keywords/xiaomi
2026-10-07 21:36:36,275 - INFO - Selected region: us
2026-10-07 21:36:36,275 - INFO - Selected language: en
2026-10-07 21:36:36,275 - INFO - 🎯 Current niche: xiaomi
2026-10-07 21:36:47,004 - INFO - 🎯 Niche terms for filtering: xiaomi, cheap, best, latest, review, price, sell, buy, recommendation, tips, tutorial, guide, how to, vs, versus, compared to, comparison, alternatives, which is better, expensive, discount, deals, sale, affordable, cost, online, offline, marketplace, store, shop, retailer, where to buy, worst, quality, original, genuine, fake, replica, authentic, brand, manufacturer, company, product, xiaomi product, sell xiaomi, buy xiaomi, cheap xiaomi, best xiaomi, xiaomi review, where to buy xiaomi, how to choose xiaomi, top xiaomi, xiaomi guide, xiaomi for sale, xiaomi deals
2026-10-07 21:36:47,004 - INFO - Generated 50 niche-clue pairs for 'xiaomi'.
2026-10-07 21:36:47,006 - INFO - Expanded 50 seed keywords to 218 variations
2026-10-07 21:36:47,007 - INFO - 🔧 Request Handler initialized - Success rate: 100.0%
2026-10-07 21:41:11,889 - INFO - Original clue keywords: fast charging, autofocus precision
2026-10-07 21:41:11,889 - INFO - Niche-focused seeds: fast charging xiaomi, xiaomi fast charging, fast charging cheap, cheap fast charging, fast charging best, best fast charging, fast charging latest, latest fast charging, fast charging review, review fast charging, fast charging price, price fast charging, fast charging sell, sell fast charging, fast charging buy, buy fast charging, fast charging recommendation, recommendation fast charging, fast charging tips, tips fast charging, fast charging tutorial, tutorial fast charging, fast charging guide, guide fast charging, fast charging how to, how to fast charging, fast charging vs, vs fast charging, fast charging versus, versus fast charging, fast charging compared to, compared to fast charging, fast charging comparison, comparison fast charging, fast charging alternatives, alternatives fast charging, fast charging which is better, which is better fast charging, fast charging expensive, expensive fast charging, fast charging discount, discount fast charging, fast charging deals, deals fast charging, fast charging sale, sale fast charging, fast charging affordable, affordable fast charging, fast charging cost, cost fast charging, fast charging online, online fast charging, fast charging offline, offline fast charging, fast charging marketplace, marketplace fast charging, fast charging store, store fast charging, fast charging shop, shop fast charging, fast charging retailer, retailer fast charging, fast charging where to buy, where to buy fast charging, fast charging worst, worst fast charging, fast charging quality, quality fast charging, fast charging original, original fast charging, fast charging genuine, genuine fast charging, fast charging fake, fake fast charging, fast charging replica, replica fast charging, fast charging authentic, authentic fast charging, fast charging brand, brand fast charging, fast charging manufacturer, manufacturer fast charging, fast charging company, company fast charging, fast charging product, product fast charging, fast charging xiaomi product, xiaomi product fast charging, fast charging sell xiaomi, sell xiaomi fast charging, fast charging buy xiaomi, buy xiaomi fast charging, fast charging cheap xiaomi, cheap xiaomi fast charging, fast charging best xiaomi, best xiaomi fast charging, fast charging xiaomi review, xiaomi review fast charging, fast charging where to buy xiaomi, where to buy xiaomi fast charging, fast charging how to choose xiaomi, how to choose xiaomi fast charging, fast charging top xiaomi, top xiaomi fast charging, fast charging xiaomi guide, xiaomi guide fast charging, fast charging xiaomi for sale, xiaomi for sale fast charging, fast charging xiaomi deals, xiaomi deals fast charging, autofocus precision xiaomi, xiaomi autofocus precision, autofocus precision cheap, cheap autofocus precision, autofocus precision best, best autofocus precision, autofocus precision latest, latest autofocus precision, autofocus precision review, review autofocus precision, autofocus precision price, price autofocus precision, autofocus precision sell, sell autofocus precision, autofocus precision buy, buy autofocus precision, autofocus precision recommendation, recommendation autofocus precision, autofocus precision tips, tips autofocus precision, autofocus precision tutorial, tutorial autofocus precision, autofocus precision guide, guide autofocus precision, autofocus precision how to, how to autofocus precision, autofocus precision vs, vs autofocus precision, autofocus precision versus, versus autofocus precision, autofocus precision compared to, compared to autofocus precision, autofocus precision comparison, comparison autofocus precision, autofocus precision alternatives, alternatives autofocus precision, autofocus precision which is better, which is better autofocus precision, autofocus precision expensive, expensive autofocus precision, autofocus precision discount, discount autofocus precision, autofocus precision deals, deals autofocus precision, autofocus precision sale, sale autofocus precision, autofocus precision affordable, affordable autofocus precision, autofocus precision cost, cost autofocus precision, autofocus precision online, online autofocus precision, autofocus precision offline, offline autofocus precision, autofocus precision marketplace, marketplace autofocus precision, autofocus precision store, store autofocus precision, autofocus precision shop, shop autofocus precision, autofocus precision retailer, retailer autofocus precision, autofocus precision where to buy, where to buy autofocus precision, autofocus precision worst, worst autofocus precision, autofocus precision quality, quality autofocus precision, autofocus precision original, original autofocus precision, autofocus precision genuine, genuine autofocus precision, autofocus precision fake, fake autofocus precision, autofocus precision replica, replica autofocus precision, autofocus precision authentic, authentic autofocus precision, autofocus precision brand, brand autofocus precision, autofocus precision manufacturer, manufacturer autofocus precision, autofocus precision company, company autofocus precision, autofocus precision product, product autofocus precision, autofocus precision xiaomi product, xiaomi product autofocus precision, autofocus precision sell xiaomi, sell xiaomi autofocus precision, autofocus precision buy xiaomi, buy xiaomi autofocus precision, autofocus precision cheap xiaomi, cheap xiaomi autofocus precision, autofocus precision best xiaomi, best xiaomi autofocus precision, autofocus precision xiaomi review, xiaomi review autofocus precision, autofocus precision where to buy xiaomi, where to buy xiaomi autofocus precision, autofocus precision how to choose xiaomi, how to choose xiaomi autofocus precision, autofocus precision top xiaomi, top xiaomi autofocus precision, autofocus precision xiaomi guide, xiaomi guide autofocus precision, autofocus precision xiaomi for sale, xiaomi for sale autofocus precision, autofocus precision xiaomi deals, xiaomi deals autofocus precision
2026-10-07 21:41:11,891 - INFO - Expanded 220 seed keywords to 385 variations
2026-10-07 21:41:11,891 - INFO - Language: en
2026-10-07 21:41:11,891 - INFO - Region: us
2026-10-07 21:44:47,717 - INFO - 🎯 After all filtering for 'xiaomi': 120 relevant keywords
2026-10-07 21:44:49,450 - INFO - 🎯 Found 5 new keywords for niche 'xiaomi': xiaomi affordable autofocus precision, xiaomi affordable fast charging, cheap alternatives autofocus precision, best authentic autofocus precision, how to autofocus precision brand
2026-10-07 21:45:06,130 - INFO - ✅ Niche 'xiaomi' process complete! 712 total keyword results.
2026-10-07 21:45:06,130 - INFO - ✅ Completed processing niche: 'xiaomi'
2026-10-07 21:45:06,130 - INFO - 🔧 Request Handler final stats - Success rate: 100.0%
2026-10-07 21:45:06,130 - INFO -    Total requests: 216951, Blocks: 1
2026-10-07 21:45:06,131 - INFO - 
========================================
2026-10-07 21:45:06,131 - INFO - Process Summary:
2026-10-07 21:45:06,131 - INFO - - Current niche: 'xiaomi'
2026-10-07 21:45:06,131 - INFO - - Next niche will be: 'iphone'
2026-10-07 21:45:06,131 - INFO - - Keywords saved in: languages/english/keywords/xiaomi/
2026-10-07 21:45:06,132 - INFO - ========================================
