2026-09-09 19:30:41,797 - INFO - Log file created at: /home/runner/work/potensitech.com/potensitech.com/languages/english/keywords/logs/kw_search_20260909_193041.log
2026-09-09 19:30:41,797 - INFO - ============================================================
2026-09-09 19:30:41,797 - INFO - AUTOMATIC KEYWORD RESEARCH TOOL
2026-09-09 19:30:41,797 - INFO - ============================================================
2026-09-09 19:30:42,090 - INFO - ========================================
2026-09-09 19:30:42,091 - INFO - Found 14 niches to process: xiaomi, iphone, samsung, apple, sony, asus, philips, sandisk, intel, nvidia, amd, canon, nikon, huawei
2026-09-09 19:30:42,091 - INFO - ========================================
2026-09-09 19:30:42,091 - INFO - Continuing from last processed niche: xiaomi
2026-09-09 19:30:42,091 - INFO - ========================================
2026-09-09 19:30:42,091 - INFO - 🎯 PROCESSING NICHE 2/14: 'iphone'
2026-09-09 19:30:42,091 - INFO - ========================================
2026-09-09 19:30:42,091 - INFO - 📁 Niche directory: /home/runner/work/potensitech.com/potensitech.com/languages/english/keywords/iphone
2026-09-09 19:30:42,091 - INFO - Selected region: us
2026-09-09 19:30:42,091 - INFO - Selected language: en
2026-09-09 19:30:42,091 - INFO - 🎯 Current niche: iphone
2026-09-09 19:30:53,681 - INFO - 🎯 Niche terms for filtering: iphone, cheap, best, latest, review, price, sell, buy, recommendation, tips, tutorial, guide, how to, vs, versus, compared to, comparison, alternatives, which is better, expensive, discount, deals, sale, affordable, cost, online, offline, marketplace, store, shop, retailer, where to buy, worst, quality, original, genuine, fake, replica, authentic, brand, manufacturer, company, product, iphone product, sell iphone, buy iphone, cheap iphone, best iphone, iphone review, where to buy iphone, how to choose iphone, top iphone, iphone guide, iphone for sale, iphone deals
2026-09-09 19:30:53,681 - INFO - Generated 50 niche-clue pairs for 'iphone'.
2026-09-09 19:30:53,683 - INFO - Expanded 50 seed keywords to 218 variations
2026-09-09 19:30:53,684 - INFO - 🔧 Request Handler initialized - Success rate: 100.0%
2026-09-09 19:35:14,799 - INFO - Original clue keywords: cpu benchmark, smartphone performance
2026-09-09 19:35:14,799 - INFO - Niche-focused seeds: cpu benchmark iphone, iphone cpu benchmark, cpu benchmark cheap, cheap cpu benchmark, cpu benchmark best, best cpu benchmark, cpu benchmark latest, latest cpu benchmark, cpu benchmark review, review cpu benchmark, cpu benchmark price, price cpu benchmark, cpu benchmark sell, sell cpu benchmark, cpu benchmark buy, buy cpu benchmark, cpu benchmark recommendation, recommendation cpu benchmark, cpu benchmark tips, tips cpu benchmark, cpu benchmark tutorial, tutorial cpu benchmark, cpu benchmark guide, guide cpu benchmark, cpu benchmark how to, how to cpu benchmark, cpu benchmark vs, vs cpu benchmark, cpu benchmark versus, versus cpu benchmark, cpu benchmark compared to, compared to cpu benchmark, cpu benchmark comparison, comparison cpu benchmark, cpu benchmark alternatives, alternatives cpu benchmark, cpu benchmark which is better, which is better cpu benchmark, cpu benchmark expensive, expensive cpu benchmark, cpu benchmark discount, discount cpu benchmark, cpu benchmark deals, deals cpu benchmark, cpu benchmark sale, sale cpu benchmark, cpu benchmark affordable, affordable cpu benchmark, cpu benchmark cost, cost cpu benchmark, cpu benchmark online, online cpu benchmark, cpu benchmark offline, offline cpu benchmark, cpu benchmark marketplace, marketplace cpu benchmark, cpu benchmark store, store cpu benchmark, cpu benchmark shop, shop cpu benchmark, cpu benchmark retailer, retailer cpu benchmark, cpu benchmark where to buy, where to buy cpu benchmark, cpu benchmark worst, worst cpu benchmark, cpu benchmark quality, quality cpu benchmark, cpu benchmark original, original cpu benchmark, cpu benchmark genuine, genuine cpu benchmark, cpu benchmark fake, fake cpu benchmark, cpu benchmark replica, replica cpu benchmark, cpu benchmark authentic, authentic cpu benchmark, cpu benchmark brand, brand cpu benchmark, cpu benchmark manufacturer, manufacturer cpu benchmark, cpu benchmark company, company cpu benchmark, cpu benchmark product, product cpu benchmark, cpu benchmark iphone product, iphone product cpu benchmark, cpu benchmark sell iphone, sell iphone cpu benchmark, cpu benchmark buy iphone, buy iphone cpu benchmark, cpu benchmark cheap iphone, cheap iphone cpu benchmark, cpu benchmark best iphone, best iphone cpu benchmark, cpu benchmark iphone review, iphone review cpu benchmark, cpu benchmark where to buy iphone, where to buy iphone cpu benchmark, cpu benchmark how to choose iphone, how to choose iphone cpu benchmark, cpu benchmark top iphone, top iphone cpu benchmark, cpu benchmark iphone guide, iphone guide cpu benchmark, cpu benchmark iphone for sale, iphone for sale cpu benchmark, cpu benchmark iphone deals, iphone deals cpu benchmark, smartphone performance iphone, iphone smartphone performance, smartphone performance cheap, cheap smartphone performance, smartphone performance best, best smartphone performance, smartphone performance latest, latest smartphone performance, smartphone performance review, review smartphone performance, smartphone performance price, price smartphone performance, smartphone performance sell, sell smartphone performance, smartphone performance buy, buy smartphone performance, smartphone performance recommendation, recommendation smartphone performance, smartphone performance tips, tips smartphone performance, smartphone performance tutorial, tutorial smartphone performance, smartphone performance guide, guide smartphone performance, smartphone performance how to, how to smartphone performance, smartphone performance vs, vs smartphone performance, smartphone performance versus, versus smartphone performance, smartphone performance compared to, compared to smartphone performance, smartphone performance comparison, comparison smartphone performance, smartphone performance alternatives, alternatives smartphone performance, smartphone performance which is better, which is better smartphone performance, smartphone performance expensive, expensive smartphone performance, smartphone performance discount, discount smartphone performance, smartphone performance deals, deals smartphone performance, smartphone performance sale, sale smartphone performance, smartphone performance affordable, affordable smartphone performance, smartphone performance cost, cost smartphone performance, smartphone performance online, online smartphone performance, smartphone performance offline, offline smartphone performance, smartphone performance marketplace, marketplace smartphone performance, smartphone performance store, store smartphone performance, smartphone performance shop, shop smartphone performance, smartphone performance retailer, retailer smartphone performance, smartphone performance where to buy, where to buy smartphone performance, smartphone performance worst, worst smartphone performance, smartphone performance quality, quality smartphone performance, smartphone performance original, original smartphone performance, smartphone performance genuine, genuine smartphone performance, smartphone performance fake, fake smartphone performance, smartphone performance replica, replica smartphone performance, smartphone performance authentic, authentic smartphone performance, smartphone performance brand, brand smartphone performance, smartphone performance manufacturer, manufacturer smartphone performance, smartphone performance company, company smartphone performance, smartphone performance product, product smartphone performance, smartphone performance iphone product, iphone product smartphone performance, smartphone performance sell iphone, sell iphone smartphone performance, smartphone performance buy iphone, buy iphone smartphone performance, smartphone performance cheap iphone, cheap iphone smartphone performance, smartphone performance best iphone, best iphone smartphone performance, smartphone performance iphone review, iphone review smartphone performance, smartphone performance where to buy iphone, where to buy iphone smartphone performance, smartphone performance how to choose iphone, how to choose iphone smartphone performance, smartphone performance top iphone, top iphone smartphone performance, smartphone performance iphone guide, iphone guide smartphone performance, smartphone performance iphone for sale, iphone for sale smartphone performance, smartphone performance iphone deals, iphone deals smartphone performance
2026-09-09 19:35:14,801 - INFO - Expanded 220 seed keywords to 385 variations
2026-09-09 19:35:14,801 - INFO - Language: en
2026-09-09 19:35:14,801 - INFO - Region: us
2026-09-09 19:39:45,451 - INFO - 🎯 After all filtering for 'iphone': 120 relevant keywords
2026-09-09 19:39:46,871 - INFO - 🎯 Found 4 new keywords for niche 'iphone': iphone affordable cpu benchmark, iphone affordable smartphone performance, cheap alternatives cpu benchmark, best authentic cpu benchmark
2026-09-09 19:40:04,267 - INFO - ✅ Niche 'iphone' process complete! 882 total keyword results.
2026-09-09 19:40:04,267 - INFO - ✅ Completed processing niche: 'iphone'
2026-09-09 19:40:04,267 - INFO - 🔧 Request Handler final stats - Success rate: 100.0%
2026-09-09 19:40:04,267 - INFO -    Total requests: 192406, Blocks: 1
2026-09-09 19:40:04,268 - INFO - 
========================================
2026-09-09 19:40:04,268 - INFO - Process Summary:
2026-09-09 19:40:04,268 - INFO - - Current niche: 'iphone'
2026-09-09 19:40:04,268 - INFO - - Next niche will be: 'samsung'
2026-09-09 19:40:04,268 - INFO - - Keywords saved in: languages/english/keywords/iphone/
2026-09-09 19:40:04,269 - INFO - ========================================
