2026-08-24 08:04:03,993 - INFO - Log file created at: /home/runner/work/potensitech.com/potensitech.com/languages/english/keywords/logs/kw_search_20260824_080403.log
2026-08-24 08:04:03,993 - INFO - ============================================================
2026-08-24 08:04:03,993 - INFO - AUTOMATIC KEYWORD RESEARCH TOOL
2026-08-24 08:04:03,993 - INFO - ============================================================
2026-08-24 08:04:04,208 - INFO - ========================================
2026-08-24 08:04:04,208 - INFO - Found 14 niches to process: xiaomi, iphone, samsung, apple, sony, asus, philips, sandisk, intel, nvidia, amd, canon, nikon, huawei
2026-08-24 08:04:04,208 - INFO - ========================================
2026-08-24 08:04:04,208 - INFO - Continuing from last processed niche: asus
2026-08-24 08:04:04,208 - INFO - ========================================
2026-08-24 08:04:04,208 - INFO - 🎯 PROCESSING NICHE 7/14: 'philips'
2026-08-24 08:04:04,208 - INFO - ========================================
2026-08-24 08:04:04,208 - INFO - 📁 Niche directory: /home/runner/work/potensitech.com/potensitech.com/languages/english/keywords/philips
2026-08-24 08:04:04,208 - INFO - Selected region: us
2026-08-24 08:04:04,208 - INFO - Selected language: en
2026-08-24 08:04:04,208 - INFO - 🎯 Current niche: philips
2026-08-24 08:04:15,438 - INFO - 🎯 Niche terms for filtering: philips, cheap, best, latest, review, price, sell, buy, recommendation, tips, tutorial, guide, how to, vs, versus, compared to, comparison, alternatives, which is better, expensive, discount, deals, sale, affordable, cost, online, offline, marketplace, store, shop, retailer, where to buy, worst, quality, original, genuine, fake, replica, authentic, brand, manufacturer, company, product, philips product, sell philips, buy philips, cheap philips, best philips, philips review, where to buy philips, how to choose philips, top philips, philips guide, philips for sale, philips deals
2026-08-24 08:04:15,438 - INFO - Generated 50 niche-clue pairs for 'philips'.
2026-08-24 08:04:15,440 - INFO - Expanded 50 seed keywords to 218 variations
2026-08-24 08:04:15,441 - INFO - 🔧 Request Handler initialized - Success rate: 100.0%
2026-08-24 08:08:40,667 - INFO - Original clue keywords: camera lens, mirrorless technology
2026-08-24 08:08:40,667 - INFO - Niche-focused seeds: camera lens philips, philips camera lens, camera lens cheap, cheap camera lens, camera lens best, best camera lens, camera lens latest, latest camera lens, camera lens review, review camera lens, camera lens price, price camera lens, camera lens sell, sell camera lens, camera lens buy, buy camera lens, camera lens recommendation, recommendation camera lens, camera lens tips, tips camera lens, camera lens tutorial, tutorial camera lens, camera lens guide, guide camera lens, camera lens how to, how to camera lens, camera lens vs, vs camera lens, camera lens versus, versus camera lens, camera lens compared to, compared to camera lens, camera lens comparison, comparison camera lens, camera lens alternatives, alternatives camera lens, camera lens which is better, which is better camera lens, camera lens expensive, expensive camera lens, camera lens discount, discount camera lens, camera lens deals, deals camera lens, camera lens sale, sale camera lens, camera lens affordable, affordable camera lens, camera lens cost, cost camera lens, camera lens online, online camera lens, camera lens offline, offline camera lens, camera lens marketplace, marketplace camera lens, camera lens store, store camera lens, camera lens shop, shop camera lens, camera lens retailer, retailer camera lens, camera lens where to buy, where to buy camera lens, camera lens worst, worst camera lens, camera lens quality, quality camera lens, camera lens original, original camera lens, camera lens genuine, genuine camera lens, camera lens fake, fake camera lens, camera lens replica, replica camera lens, camera lens authentic, authentic camera lens, camera lens brand, brand camera lens, camera lens manufacturer, manufacturer camera lens, camera lens company, company camera lens, camera lens product, product camera lens, camera lens philips product, philips product camera lens, camera lens sell philips, sell philips camera lens, camera lens buy philips, buy philips camera lens, camera lens cheap philips, cheap philips camera lens, camera lens best philips, best philips camera lens, camera lens philips review, philips review camera lens, camera lens where to buy philips, where to buy philips camera lens, camera lens how to choose philips, how to choose philips camera lens, camera lens top philips, top philips camera lens, camera lens philips guide, philips guide camera lens, camera lens philips for sale, philips for sale camera lens, camera lens philips deals, philips deals camera lens, mirrorless technology philips, philips mirrorless technology, mirrorless technology cheap, cheap mirrorless technology, mirrorless technology best, best mirrorless technology, mirrorless technology latest, latest mirrorless technology, mirrorless technology review, review mirrorless technology, mirrorless technology price, price mirrorless technology, mirrorless technology sell, sell mirrorless technology, mirrorless technology buy, buy mirrorless technology, mirrorless technology recommendation, recommendation mirrorless technology, mirrorless technology tips, tips mirrorless technology, mirrorless technology tutorial, tutorial mirrorless technology, mirrorless technology guide, guide mirrorless technology, mirrorless technology how to, how to mirrorless technology, mirrorless technology vs, vs mirrorless technology, mirrorless technology versus, versus mirrorless technology, mirrorless technology compared to, compared to mirrorless technology, mirrorless technology comparison, comparison mirrorless technology, mirrorless technology alternatives, alternatives mirrorless technology, mirrorless technology which is better, which is better mirrorless technology, mirrorless technology expensive, expensive mirrorless technology, mirrorless technology discount, discount mirrorless technology, mirrorless technology deals, deals mirrorless technology, mirrorless technology sale, sale mirrorless technology, mirrorless technology affordable, affordable mirrorless technology, mirrorless technology cost, cost mirrorless technology, mirrorless technology online, online mirrorless technology, mirrorless technology offline, offline mirrorless technology, mirrorless technology marketplace, marketplace mirrorless technology, mirrorless technology store, store mirrorless technology, mirrorless technology shop, shop mirrorless technology, mirrorless technology retailer, retailer mirrorless technology, mirrorless technology where to buy, where to buy mirrorless technology, mirrorless technology worst, worst mirrorless technology, mirrorless technology quality, quality mirrorless technology, mirrorless technology original, original mirrorless technology, mirrorless technology genuine, genuine mirrorless technology, mirrorless technology fake, fake mirrorless technology, mirrorless technology replica, replica mirrorless technology, mirrorless technology authentic, authentic mirrorless technology, mirrorless technology brand, brand mirrorless technology, mirrorless technology manufacturer, manufacturer mirrorless technology, mirrorless technology company, company mirrorless technology, mirrorless technology product, product mirrorless technology, mirrorless technology philips product, philips product mirrorless technology, mirrorless technology sell philips, sell philips mirrorless technology, mirrorless technology buy philips, buy philips mirrorless technology, mirrorless technology cheap philips, cheap philips mirrorless technology, mirrorless technology best philips, best philips mirrorless technology, mirrorless technology philips review, philips review mirrorless technology, mirrorless technology where to buy philips, where to buy philips mirrorless technology, mirrorless technology how to choose philips, how to choose philips mirrorless technology, mirrorless technology top philips, top philips mirrorless technology, mirrorless technology philips guide, philips guide mirrorless technology, mirrorless technology philips for sale, philips for sale mirrorless technology, mirrorless technology philips deals, philips deals mirrorless technology
2026-08-24 08:08:40,669 - INFO - Expanded 220 seed keywords to 385 variations
2026-08-24 08:08:40,669 - INFO - Language: en
2026-08-24 08:08:40,669 - INFO - Region: us
2026-08-24 08:09:15,536 - INFO - 🎯 After all filtering for 'philips': 120 relevant keywords
2026-08-24 08:09:16,658 - INFO - 🎯 Found 5 new keywords for niche 'philips': philips affordable camera lens, philips affordable mirrorless technology, cheap alternatives camera lens, cheap alternatives mirrorless technology, best authentic camera lens
2026-08-24 08:09:33,168 - INFO - ✅ Niche 'philips' process complete! 703 total keyword results.
2026-08-24 08:09:33,169 - INFO - ✅ Completed processing niche: 'philips'
2026-08-24 08:09:33,169 - INFO - 🔧 Request Handler final stats - Success rate: 100.0%
2026-08-24 08:09:33,169 - INFO -    Total requests: 179181, Blocks: 1
2026-08-24 08:09:33,169 - INFO - 
========================================
2026-08-24 08:09:33,170 - INFO - Process Summary:
2026-08-24 08:09:33,170 - INFO - - Current niche: 'philips'
2026-08-24 08:09:33,170 - INFO - - Next niche will be: 'sandisk'
2026-08-24 08:09:33,170 - INFO - - Keywords saved in: languages/english/keywords/philips/
2026-08-24 08:09:33,171 - INFO - ========================================
