2026-08-25 10:03:06,271 - INFO - Log file created at: /home/runner/work/potensitech.com/potensitech.com/languages/english/keywords/logs/kw_search_20260825_100306.log
2026-08-25 10:03:06,271 - INFO - ============================================================
2026-08-25 10:03:06,271 - INFO - AUTOMATIC KEYWORD RESEARCH TOOL
2026-08-25 10:03:06,271 - INFO - ============================================================
2026-08-25 10:03:06,607 - INFO - ========================================
2026-08-25 10:03:06,607 - INFO - Found 14 niches to process: xiaomi, iphone, samsung, apple, sony, asus, philips, sandisk, intel, nvidia, amd, canon, nikon, huawei
2026-08-25 10:03:06,607 - INFO - ========================================
2026-08-25 10:03:06,607 - INFO - Continuing from last processed niche: samsung
2026-08-25 10:03:06,607 - INFO - ========================================
2026-08-25 10:03:06,607 - INFO - 🎯 PROCESSING NICHE 4/14: 'apple'
2026-08-25 10:03:06,607 - INFO - ========================================
2026-08-25 10:03:06,607 - INFO - 📁 Niche directory: /home/runner/work/potensitech.com/potensitech.com/languages/english/keywords/apple
2026-08-25 10:03:06,607 - INFO - Selected region: us
2026-08-25 10:03:06,608 - INFO - Selected language: en
2026-08-25 10:03:06,608 - INFO - 🎯 Current niche: apple
2026-08-25 10:03:22,953 - INFO - 🎯 Niche terms for filtering: apple, cheap, best, latest, review, price, sell, buy, recommendation, tips, tutorial, guide, how to, vs, versus, compared to, comparison, alternatives, which is better, expensive, discount, deals, sale, affordable, cost, online, offline, marketplace, store, shop, retailer, where to buy, worst, quality, original, genuine, fake, replica, authentic, brand, manufacturer, company, product, apple product, sell apple, buy apple, cheap apple, best apple, apple review, where to buy apple, how to choose apple, top apple, apple guide, apple for sale, apple deals
2026-08-25 10:03:22,953 - INFO - Generated 50 niche-clue pairs for 'apple'.
2026-08-25 10:03:22,956 - INFO - Expanded 50 seed keywords to 218 variations
2026-08-25 10:03:22,957 - INFO - 🔧 Request Handler initialized - Success rate: 100.0%
2026-08-25 10:07:47,045 - INFO - Original clue keywords: ray tracing, graphics card
2026-08-25 10:07:47,045 - INFO - Niche-focused seeds: ray tracing apple, apple ray tracing, ray tracing cheap, cheap ray tracing, ray tracing best, best ray tracing, ray tracing latest, latest ray tracing, ray tracing review, review ray tracing, ray tracing price, price ray tracing, ray tracing sell, sell ray tracing, ray tracing buy, buy ray tracing, ray tracing recommendation, recommendation ray tracing, ray tracing tips, tips ray tracing, ray tracing tutorial, tutorial ray tracing, ray tracing guide, guide ray tracing, ray tracing how to, how to ray tracing, ray tracing vs, vs ray tracing, ray tracing versus, versus ray tracing, ray tracing compared to, compared to ray tracing, ray tracing comparison, comparison ray tracing, ray tracing alternatives, alternatives ray tracing, ray tracing which is better, which is better ray tracing, ray tracing expensive, expensive ray tracing, ray tracing discount, discount ray tracing, ray tracing deals, deals ray tracing, ray tracing sale, sale ray tracing, ray tracing affordable, affordable ray tracing, ray tracing cost, cost ray tracing, ray tracing online, online ray tracing, ray tracing offline, offline ray tracing, ray tracing marketplace, marketplace ray tracing, ray tracing store, store ray tracing, ray tracing shop, shop ray tracing, ray tracing retailer, retailer ray tracing, ray tracing where to buy, where to buy ray tracing, ray tracing worst, worst ray tracing, ray tracing quality, quality ray tracing, ray tracing original, original ray tracing, ray tracing genuine, genuine ray tracing, ray tracing fake, fake ray tracing, ray tracing replica, replica ray tracing, ray tracing authentic, authentic ray tracing, ray tracing brand, brand ray tracing, ray tracing manufacturer, manufacturer ray tracing, ray tracing company, company ray tracing, ray tracing product, product ray tracing, ray tracing apple product, apple product ray tracing, ray tracing sell apple, sell apple ray tracing, ray tracing buy apple, buy apple ray tracing, ray tracing cheap apple, cheap apple ray tracing, ray tracing best apple, best apple ray tracing, ray tracing apple review, apple review ray tracing, ray tracing where to buy apple, where to buy apple ray tracing, ray tracing how to choose apple, how to choose apple ray tracing, ray tracing top apple, top apple ray tracing, ray tracing apple guide, apple guide ray tracing, ray tracing apple for sale, apple for sale ray tracing, ray tracing apple deals, apple deals ray tracing, graphics card apple, apple graphics card, graphics card cheap, cheap graphics card, graphics card best, best graphics card, graphics card latest, latest graphics card, graphics card review, review graphics card, graphics card price, price graphics card, graphics card sell, sell graphics card, graphics card buy, buy graphics card, graphics card recommendation, recommendation graphics card, graphics card tips, tips graphics card, graphics card tutorial, tutorial graphics card, graphics card guide, guide graphics card, graphics card how to, how to graphics card, graphics card vs, vs graphics card, graphics card versus, versus graphics card, graphics card compared to, compared to graphics card, graphics card comparison, comparison graphics card, graphics card alternatives, alternatives graphics card, graphics card which is better, which is better graphics card, graphics card expensive, expensive graphics card, graphics card discount, discount graphics card, graphics card deals, deals graphics card, graphics card sale, sale graphics card, graphics card affordable, affordable graphics card, graphics card cost, cost graphics card, graphics card online, online graphics card, graphics card offline, offline graphics card, graphics card marketplace, marketplace graphics card, graphics card store, store graphics card, graphics card shop, shop graphics card, graphics card retailer, retailer graphics card, graphics card where to buy, where to buy graphics card, graphics card worst, worst graphics card, graphics card quality, quality graphics card, graphics card original, original graphics card, graphics card genuine, genuine graphics card, graphics card fake, fake graphics card, graphics card replica, replica graphics card, graphics card authentic, authentic graphics card, graphics card brand, brand graphics card, graphics card manufacturer, manufacturer graphics card, graphics card company, company graphics card, graphics card product, product graphics card, graphics card apple product, apple product graphics card, graphics card sell apple, sell apple graphics card, graphics card buy apple, buy apple graphics card, graphics card cheap apple, cheap apple graphics card, graphics card best apple, best apple graphics card, graphics card apple review, apple review graphics card, graphics card where to buy apple, where to buy apple graphics card, graphics card how to choose apple, how to choose apple graphics card, graphics card top apple, top apple graphics card, graphics card apple guide, apple guide graphics card, graphics card apple for sale, apple for sale graphics card, graphics card apple deals, apple deals graphics card
2026-08-25 10:07:47,048 - INFO - Expanded 220 seed keywords to 385 variations
2026-08-25 10:07:47,048 - INFO - Language: en
2026-08-25 10:07:47,048 - INFO - Region: us
2026-08-25 10:12:17,965 - INFO - 🎯 After all filtering for 'apple': 120 relevant keywords
2026-08-25 10:12:18,945 - INFO - 🎯 Found 5 new keywords for niche 'apple': apple affordable graphics card, apple affordable ray tracing, cheap alternatives graphics card, cheap alternatives ray tracing, best authentic graphics card
2026-08-25 10:12:36,037 - INFO - ✅ Niche 'apple' process complete! 556 total keyword results.
2026-08-25 10:12:36,037 - INFO - ✅ Completed processing niche: 'apple'
2026-08-25 10:12:36,038 - INFO - 🔧 Request Handler final stats - Success rate: 100.0%
2026-08-25 10:12:36,038 - INFO -    Total requests: 180054, Blocks: 1
2026-08-25 10:12:36,039 - INFO - 
========================================
2026-08-25 10:12:36,039 - INFO - Process Summary:
2026-08-25 10:12:36,039 - INFO - - Current niche: 'apple'
2026-08-25 10:12:36,039 - INFO - - Next niche will be: 'sony'
2026-08-25 10:12:36,039 - INFO - - Keywords saved in: languages/english/keywords/apple/
2026-08-25 10:12:36,039 - INFO - ========================================
