2026-09-16 14:18:59,998 - INFO - Log file created at: /home/runner/work/potensitech.com/potensitech.com/languages/english/keywords/logs/kw_search_20260916_141859.log
2026-09-16 14:18:59,998 - INFO - ============================================================
2026-09-16 14:18:59,998 - INFO - AUTOMATIC KEYWORD RESEARCH TOOL
2026-09-16 14:18:59,998 - INFO - ============================================================
2026-09-16 14:19:00,378 - INFO - ========================================
2026-09-16 14:19:00,378 - INFO - Found 14 niches to process: xiaomi, iphone, samsung, apple, sony, asus, philips, sandisk, intel, nvidia, amd, canon, nikon, huawei
2026-09-16 14:19:00,378 - INFO - ========================================
2026-09-16 14:19:00,378 - INFO - Continuing from last processed niche: canon
2026-09-16 14:19:00,378 - INFO - ========================================
2026-09-16 14:19:00,378 - INFO - 🎯 PROCESSING NICHE 13/14: 'nikon'
2026-09-16 14:19:00,378 - INFO - ========================================
2026-09-16 14:19:00,378 - INFO - 📁 Niche directory: /home/runner/work/potensitech.com/potensitech.com/languages/english/keywords/nikon
2026-09-16 14:19:00,379 - INFO - Selected region: us
2026-09-16 14:19:00,379 - INFO - Selected language: en
2026-09-16 14:19:00,379 - INFO - 🎯 Current niche: nikon
2026-09-16 14:19:11,529 - INFO - 🎯 Niche terms for filtering: nikon, cheap, best, latest, review, price, sell, buy, recommendation, tips, tutorial, guide, how to, vs, versus, compared to, comparison, alternatives, which is better, expensive, discount, deals, sale, affordable, cost, online, offline, marketplace, store, shop, retailer, where to buy, worst, quality, original, genuine, fake, replica, authentic, brand, manufacturer, company, product, nikon product, sell nikon, buy nikon, cheap nikon, best nikon, nikon review, where to buy nikon, how to choose nikon, top nikon, nikon guide, nikon for sale, nikon deals
2026-09-16 14:19:11,529 - INFO - Generated 50 niche-clue pairs for 'nikon'.
2026-09-16 14:19:11,533 - INFO - Expanded 50 seed keywords to 218 variations
2026-09-16 14:19:11,533 - INFO - 🔧 Request Handler initialized - Success rate: 100.0%
2026-09-16 14:23:37,910 - INFO - Original clue keywords: electric toothbrushes, home appliances
2026-09-16 14:23:37,910 - INFO - Niche-focused seeds: electric toothbrushes nikon, nikon electric toothbrushes, electric toothbrushes cheap, cheap electric toothbrushes, electric toothbrushes best, best electric toothbrushes, electric toothbrushes latest, latest electric toothbrushes, electric toothbrushes review, review electric toothbrushes, electric toothbrushes price, price electric toothbrushes, electric toothbrushes sell, sell electric toothbrushes, electric toothbrushes buy, buy electric toothbrushes, electric toothbrushes recommendation, recommendation electric toothbrushes, electric toothbrushes tips, tips electric toothbrushes, electric toothbrushes tutorial, tutorial electric toothbrushes, electric toothbrushes guide, guide electric toothbrushes, electric toothbrushes how to, how to electric toothbrushes, electric toothbrushes vs, vs electric toothbrushes, electric toothbrushes versus, versus electric toothbrushes, electric toothbrushes compared to, compared to electric toothbrushes, electric toothbrushes comparison, comparison electric toothbrushes, electric toothbrushes alternatives, alternatives electric toothbrushes, electric toothbrushes which is better, which is better electric toothbrushes, electric toothbrushes expensive, expensive electric toothbrushes, electric toothbrushes discount, discount electric toothbrushes, electric toothbrushes deals, deals electric toothbrushes, electric toothbrushes sale, sale electric toothbrushes, electric toothbrushes affordable, affordable electric toothbrushes, electric toothbrushes cost, cost electric toothbrushes, electric toothbrushes online, online electric toothbrushes, electric toothbrushes offline, offline electric toothbrushes, electric toothbrushes marketplace, marketplace electric toothbrushes, electric toothbrushes store, store electric toothbrushes, electric toothbrushes shop, shop electric toothbrushes, electric toothbrushes retailer, retailer electric toothbrushes, electric toothbrushes where to buy, where to buy electric toothbrushes, electric toothbrushes worst, worst electric toothbrushes, electric toothbrushes quality, quality electric toothbrushes, electric toothbrushes original, original electric toothbrushes, electric toothbrushes genuine, genuine electric toothbrushes, electric toothbrushes fake, fake electric toothbrushes, electric toothbrushes replica, replica electric toothbrushes, electric toothbrushes authentic, authentic electric toothbrushes, electric toothbrushes brand, brand electric toothbrushes, electric toothbrushes manufacturer, manufacturer electric toothbrushes, electric toothbrushes company, company electric toothbrushes, electric toothbrushes product, product electric toothbrushes, electric toothbrushes nikon product, nikon product electric toothbrushes, electric toothbrushes sell nikon, sell nikon electric toothbrushes, electric toothbrushes buy nikon, buy nikon electric toothbrushes, electric toothbrushes cheap nikon, cheap nikon electric toothbrushes, electric toothbrushes best nikon, best nikon electric toothbrushes, electric toothbrushes nikon review, nikon review electric toothbrushes, electric toothbrushes where to buy nikon, where to buy nikon electric toothbrushes, electric toothbrushes how to choose nikon, how to choose nikon electric toothbrushes, electric toothbrushes top nikon, top nikon electric toothbrushes, electric toothbrushes nikon guide, nikon guide electric toothbrushes, electric toothbrushes nikon for sale, nikon for sale electric toothbrushes, electric toothbrushes nikon deals, nikon deals electric toothbrushes, home appliances nikon, nikon home appliances, home appliances cheap, cheap home appliances, home appliances best, best home appliances, home appliances latest, latest home appliances, home appliances review, review home appliances, home appliances price, price home appliances, home appliances sell, sell home appliances, home appliances buy, buy home appliances, home appliances recommendation, recommendation home appliances, home appliances tips, tips home appliances, home appliances tutorial, tutorial home appliances, home appliances guide, guide home appliances, home appliances how to, how to home appliances, home appliances vs, vs home appliances, home appliances versus, versus home appliances, home appliances compared to, compared to home appliances, home appliances comparison, comparison home appliances, home appliances alternatives, alternatives home appliances, home appliances which is better, which is better home appliances, home appliances expensive, expensive home appliances, home appliances discount, discount home appliances, home appliances deals, deals home appliances, home appliances sale, sale home appliances, home appliances affordable, affordable home appliances, home appliances cost, cost home appliances, home appliances online, online home appliances, home appliances offline, offline home appliances, home appliances marketplace, marketplace home appliances, home appliances store, store home appliances, home appliances shop, shop home appliances, home appliances retailer, retailer home appliances, home appliances where to buy, where to buy home appliances, home appliances worst, worst home appliances, home appliances quality, quality home appliances, home appliances original, original home appliances, home appliances genuine, genuine home appliances, home appliances fake, fake home appliances, home appliances replica, replica home appliances, home appliances authentic, authentic home appliances, home appliances brand, brand home appliances, home appliances manufacturer, manufacturer home appliances, home appliances company, company home appliances, home appliances product, product home appliances, home appliances nikon product, nikon product home appliances, home appliances sell nikon, sell nikon home appliances, home appliances buy nikon, buy nikon home appliances, home appliances cheap nikon, cheap nikon home appliances, home appliances best nikon, best nikon home appliances, home appliances nikon review, nikon review home appliances, home appliances where to buy nikon, where to buy nikon home appliances, home appliances how to choose nikon, how to choose nikon home appliances, home appliances top nikon, top nikon home appliances, home appliances nikon guide, nikon guide home appliances, home appliances nikon for sale, nikon for sale home appliances, home appliances nikon deals, nikon deals home appliances
2026-09-16 14:23:37,913 - INFO - Expanded 220 seed keywords to 385 variations
2026-09-16 14:23:37,913 - INFO - Language: en
2026-09-16 14:23:37,913 - INFO - Region: us
2026-09-16 14:28:08,207 - INFO - 🎯 After all filtering for 'nikon': 120 relevant keywords
2026-09-16 14:28:09,595 - INFO - 🎯 Found 5 new keywords for niche 'nikon': nikon affordable electric toothbrushes, nikon affordable home appliances, cheap alternatives electric toothbrushes, cheap alternatives home appliances, best authentic electric toothbrushes
2026-09-16 14:28:25,871 - INFO - ✅ Niche 'nikon' process complete! 708 total keyword results.
2026-09-16 14:28:25,872 - INFO - ✅ Completed processing niche: 'nikon'
2026-09-16 14:28:25,872 - INFO - 🔧 Request Handler final stats - Success rate: 100.0%
2026-09-16 14:28:25,872 - INFO -    Total requests: 198338, Blocks: 1
2026-09-16 14:28:25,873 - INFO - 
========================================
2026-09-16 14:28:25,873 - INFO - Process Summary:
2026-09-16 14:28:25,873 - INFO - - Current niche: 'nikon'
2026-09-16 14:28:25,873 - INFO - - Next niche will be: 'huawei'
2026-09-16 14:28:25,873 - INFO - - Keywords saved in: languages/english/keywords/nikon/
2026-09-16 14:28:25,874 - INFO - ========================================
