2026-09-07 13:30:53,954 - INFO - Log file created at: /home/runner/work/potensitech.com/potensitech.com/languages/english/keywords/logs/kw_search_20260907_133053.log
2026-09-07 13:30:53,954 - INFO - ============================================================
2026-09-07 13:30:53,954 - INFO - AUTOMATIC KEYWORD RESEARCH TOOL
2026-09-07 13:30:53,954 - INFO - ============================================================
2026-09-07 13:30:54,294 - INFO - ========================================
2026-09-07 13:30:54,294 - INFO - Found 14 niches to process: xiaomi, iphone, samsung, apple, sony, asus, philips, sandisk, intel, nvidia, amd, canon, nikon, huawei
2026-09-07 13:30:54,294 - INFO - ========================================
2026-09-07 13:30:54,294 - INFO - Continuing from last processed niche: sony
2026-09-07 13:30:54,294 - INFO - ========================================
2026-09-07 13:30:54,294 - INFO - 🎯 PROCESSING NICHE 6/14: 'asus'
2026-09-07 13:30:54,294 - INFO - ========================================
2026-09-07 13:30:54,294 - INFO - 📁 Niche directory: /home/runner/work/potensitech.com/potensitech.com/languages/english/keywords/asus
2026-09-07 13:30:54,294 - INFO - Selected region: us
2026-09-07 13:30:54,295 - INFO - Selected language: en
2026-09-07 13:30:54,295 - INFO - 🎯 Current niche: asus
2026-09-07 13:31:05,248 - INFO - 🎯 Niche terms for filtering: asus, cheap, best, latest, review, price, sell, buy, recommendation, tips, tutorial, guide, how to, vs, versus, compared to, comparison, alternatives, which is better, expensive, discount, deals, sale, affordable, cost, online, offline, marketplace, store, shop, retailer, where to buy, worst, quality, original, genuine, fake, replica, authentic, brand, manufacturer, company, product, asus product, sell asus, buy asus, cheap asus, best asus, asus review, where to buy asus, how to choose asus, top asus, asus guide, asus for sale, asus deals
2026-09-07 13:31:05,249 - INFO - Generated 50 niche-clue pairs for 'asus'.
2026-09-07 13:31:05,252 - INFO - Expanded 50 seed keywords to 218 variations
2026-09-07 13:31:05,253 - INFO - 🔧 Request Handler initialized - Success rate: 100.0%
2026-09-07 13:35:31,024 - INFO - Original clue keywords: ai computing, usb performance
2026-09-07 13:35:31,025 - INFO - Niche-focused seeds: ai computing asus, asus ai computing, ai computing cheap, cheap ai computing, ai computing best, best ai computing, ai computing latest, latest ai computing, ai computing review, review ai computing, ai computing price, price ai computing, ai computing sell, sell ai computing, ai computing buy, buy ai computing, ai computing recommendation, recommendation ai computing, ai computing tips, tips ai computing, ai computing tutorial, tutorial ai computing, ai computing guide, guide ai computing, ai computing how to, how to ai computing, ai computing vs, vs ai computing, ai computing versus, versus ai computing, ai computing compared to, compared to ai computing, ai computing comparison, comparison ai computing, ai computing alternatives, alternatives ai computing, ai computing which is better, which is better ai computing, ai computing expensive, expensive ai computing, ai computing discount, discount ai computing, ai computing deals, deals ai computing, ai computing sale, sale ai computing, ai computing affordable, affordable ai computing, ai computing cost, cost ai computing, ai computing online, online ai computing, ai computing offline, offline ai computing, ai computing marketplace, marketplace ai computing, ai computing store, store ai computing, ai computing shop, shop ai computing, ai computing retailer, retailer ai computing, ai computing where to buy, where to buy ai computing, ai computing worst, worst ai computing, ai computing quality, quality ai computing, ai computing original, original ai computing, ai computing genuine, genuine ai computing, ai computing fake, fake ai computing, ai computing replica, replica ai computing, ai computing authentic, authentic ai computing, ai computing brand, brand ai computing, ai computing manufacturer, manufacturer ai computing, ai computing company, company ai computing, ai computing product, product ai computing, ai computing asus product, asus product ai computing, ai computing sell asus, sell asus ai computing, ai computing buy asus, buy asus ai computing, ai computing cheap asus, cheap asus ai computing, ai computing best asus, best asus ai computing, ai computing asus review, asus review ai computing, ai computing where to buy asus, where to buy asus ai computing, ai computing how to choose asus, how to choose asus ai computing, ai computing top asus, top asus ai computing, ai computing asus guide, asus guide ai computing, ai computing asus for sale, asus for sale ai computing, ai computing asus deals, asus deals ai computing, usb performance asus, asus usb performance, usb performance cheap, cheap usb performance, usb performance best, best usb performance, usb performance latest, latest usb performance, usb performance review, review usb performance, usb performance price, price usb performance, usb performance sell, sell usb performance, usb performance buy, buy usb performance, usb performance recommendation, recommendation usb performance, usb performance tips, tips usb performance, usb performance tutorial, tutorial usb performance, usb performance guide, guide usb performance, usb performance how to, how to usb performance, usb performance vs, vs usb performance, usb performance versus, versus usb performance, usb performance compared to, compared to usb performance, usb performance comparison, comparison usb performance, usb performance alternatives, alternatives usb performance, usb performance which is better, which is better usb performance, usb performance expensive, expensive usb performance, usb performance discount, discount usb performance, usb performance deals, deals usb performance, usb performance sale, sale usb performance, usb performance affordable, affordable usb performance, usb performance cost, cost usb performance, usb performance online, online usb performance, usb performance offline, offline usb performance, usb performance marketplace, marketplace usb performance, usb performance store, store usb performance, usb performance shop, shop usb performance, usb performance retailer, retailer usb performance, usb performance where to buy, where to buy usb performance, usb performance worst, worst usb performance, usb performance quality, quality usb performance, usb performance original, original usb performance, usb performance genuine, genuine usb performance, usb performance fake, fake usb performance, usb performance replica, replica usb performance, usb performance authentic, authentic usb performance, usb performance brand, brand usb performance, usb performance manufacturer, manufacturer usb performance, usb performance company, company usb performance, usb performance product, product usb performance, usb performance asus product, asus product usb performance, usb performance sell asus, sell asus usb performance, usb performance buy asus, buy asus usb performance, usb performance cheap asus, cheap asus usb performance, usb performance best asus, best asus usb performance, usb performance asus review, asus review usb performance, usb performance where to buy asus, where to buy asus usb performance, usb performance how to choose asus, how to choose asus usb performance, usb performance top asus, top asus usb performance, usb performance asus guide, asus guide usb performance, usb performance asus for sale, asus for sale usb performance, usb performance asus deals, asus deals usb performance
2026-09-07 13:35:31,028 - INFO - Expanded 220 seed keywords to 385 variations
2026-09-07 13:35:31,028 - INFO - Language: en
2026-09-07 13:35:31,028 - INFO - Region: us
2026-09-07 13:40:04,727 - INFO - 🎯 After all filtering for 'asus': 120 relevant keywords
2026-09-07 13:40:06,818 - INFO - 🎯 Found 5 new keywords for niche 'asus': asus affordable ai computing, asus affordable usb performance, cheap ai computing alternatives, best ai computing authentic, how to ai computing brand
2026-09-07 13:40:22,652 - INFO - ✅ Niche 'asus' process complete! 846 total keyword results.
2026-09-07 13:40:22,652 - INFO - ✅ Completed processing niche: 'asus'
2026-09-07 13:40:22,652 - INFO - 🔧 Request Handler final stats - Success rate: 100.0%
2026-09-07 13:40:22,652 - INFO -    Total requests: 190548, Blocks: 1
2026-09-07 13:40:22,653 - INFO - 
========================================
2026-09-07 13:40:22,653 - INFO - Process Summary:
2026-09-07 13:40:22,653 - INFO - - Current niche: 'asus'
2026-09-07 13:40:22,654 - INFO - - Next niche will be: 'philips'
2026-09-07 13:40:22,654 - INFO - - Keywords saved in: languages/english/keywords/asus/
2026-09-07 13:40:22,654 - INFO - ========================================
