2026-08-21 17:09:57,977 - INFO - Log file created at: /home/runner/work/potensitech.com/potensitech.com/languages/english/keywords/logs/kw_search_20260821_170957.log
2026-08-21 17:09:57,977 - INFO - ============================================================
2026-08-21 17:09:57,977 - INFO - AUTOMATIC KEYWORD RESEARCH TOOL
2026-08-21 17:09:57,977 - INFO - ============================================================
2026-08-21 17:09:58,259 - INFO - ========================================
2026-08-21 17:09:58,259 - INFO - Found 14 niches to process: xiaomi, iphone, samsung, apple, sony, asus, philips, sandisk, intel, nvidia, amd, canon, nikon, huawei
2026-08-21 17:09:58,259 - INFO - ========================================
2026-08-21 17:09:58,259 - INFO - Continuing from last processed niche: sandisk
2026-08-21 17:09:58,259 - INFO - ========================================
2026-08-21 17:09:58,260 - INFO - 🎯 PROCESSING NICHE 9/14: 'intel'
2026-08-21 17:09:58,260 - INFO - ========================================
2026-08-21 17:09:58,260 - INFO - 📁 Niche directory: /home/runner/work/potensitech.com/potensitech.com/languages/english/keywords/intel
2026-08-21 17:09:58,260 - INFO - Selected region: us
2026-08-21 17:09:58,260 - INFO - Selected language: en
2026-08-21 17:09:58,260 - INFO - 🎯 Current niche: intel
2026-08-21 17:09:58,993 - INFO - 🎯 Niche terms for filtering: intel, cheap, best, latest, review, price, sell, buy, recommendation, tips, tutorial, guide, how to, vs, versus, compared to, comparison, alternatives, which is better, expensive, discount, deals, sale, affordable, cost, online, offline, marketplace, store, shop, retailer, where to buy, worst, quality, original, genuine, fake, replica, authentic, brand, manufacturer, company, product, intel product, sell intel, buy intel, cheap intel, best intel, intel review, where to buy intel, how to choose intel, top intel, intel guide, intel for sale, intel deals
2026-08-21 17:09:58,993 - INFO - Generated 50 niche-clue pairs for 'intel'.
2026-08-21 17:09:58,997 - INFO - Expanded 50 seed keywords to 218 variations
2026-08-21 17:09:59,003 - INFO - 🔧 Request Handler initialized - Success rate: 100.0%
2026-08-21 17:14:23,413 - INFO - Original clue keywords: dslr, mirrorless
2026-08-21 17:14:23,413 - INFO - Niche-focused seeds: dslr intel, intel dslr, dslr cheap, cheap dslr, dslr best, best dslr, dslr latest, latest dslr, dslr review, review dslr, dslr price, price dslr, dslr sell, sell dslr, dslr buy, buy dslr, dslr recommendation, recommendation dslr, dslr tips, tips dslr, dslr tutorial, tutorial dslr, dslr guide, guide dslr, dslr how to, how to dslr, dslr vs, vs dslr, dslr versus, versus dslr, dslr compared to, compared to dslr, dslr comparison, comparison dslr, dslr alternatives, alternatives dslr, dslr which is better, which is better dslr, dslr expensive, expensive dslr, dslr discount, discount dslr, dslr deals, deals dslr, dslr sale, sale dslr, dslr affordable, affordable dslr, dslr cost, cost dslr, dslr online, online dslr, dslr offline, offline dslr, dslr marketplace, marketplace dslr, dslr store, store dslr, dslr shop, shop dslr, dslr retailer, retailer dslr, dslr where to buy, where to buy dslr, dslr worst, worst dslr, dslr quality, quality dslr, dslr original, original dslr, dslr genuine, genuine dslr, dslr fake, fake dslr, dslr replica, replica dslr, dslr authentic, authentic dslr, dslr brand, brand dslr, dslr manufacturer, manufacturer dslr, dslr company, company dslr, dslr product, product dslr, dslr intel product, intel product dslr, dslr sell intel, sell intel dslr, dslr buy intel, buy intel dslr, dslr cheap intel, cheap intel dslr, dslr best intel, best intel dslr, dslr intel review, intel review dslr, dslr where to buy intel, where to buy intel dslr, dslr how to choose intel, how to choose intel dslr, dslr top intel, top intel dslr, dslr intel guide, intel guide dslr, dslr intel for sale, intel for sale dslr, dslr intel deals, intel deals dslr, mirrorless intel, intel mirrorless, mirrorless cheap, cheap mirrorless, mirrorless best, best mirrorless, mirrorless latest, latest mirrorless, mirrorless review, review mirrorless, mirrorless price, price mirrorless, mirrorless sell, sell mirrorless, mirrorless buy, buy mirrorless, mirrorless recommendation, recommendation mirrorless, mirrorless tips, tips mirrorless, mirrorless tutorial, tutorial mirrorless, mirrorless guide, guide mirrorless, mirrorless how to, how to mirrorless, mirrorless vs, vs mirrorless, mirrorless versus, versus mirrorless, mirrorless compared to, compared to mirrorless, mirrorless comparison, comparison mirrorless, mirrorless alternatives, alternatives mirrorless, mirrorless which is better, which is better mirrorless, mirrorless expensive, expensive mirrorless, mirrorless discount, discount mirrorless, mirrorless deals, deals mirrorless, mirrorless sale, sale mirrorless, mirrorless affordable, affordable mirrorless, mirrorless cost, cost mirrorless, mirrorless online, online mirrorless, mirrorless offline, offline mirrorless, mirrorless marketplace, marketplace mirrorless, mirrorless store, store mirrorless, mirrorless shop, shop mirrorless, mirrorless retailer, retailer mirrorless, mirrorless where to buy, where to buy mirrorless, mirrorless worst, worst mirrorless, mirrorless quality, quality mirrorless, mirrorless original, original mirrorless, mirrorless genuine, genuine mirrorless, mirrorless fake, fake mirrorless, mirrorless replica, replica mirrorless, mirrorless authentic, authentic mirrorless, mirrorless brand, brand mirrorless, mirrorless manufacturer, manufacturer mirrorless, mirrorless company, company mirrorless, mirrorless product, product mirrorless, mirrorless intel product, intel product mirrorless, mirrorless sell intel, sell intel mirrorless, mirrorless buy intel, buy intel mirrorless, mirrorless cheap intel, cheap intel mirrorless, mirrorless best intel, best intel mirrorless, mirrorless intel review, intel review mirrorless, mirrorless where to buy intel, where to buy intel mirrorless, mirrorless how to choose intel, how to choose intel mirrorless, mirrorless top intel, top intel mirrorless, mirrorless intel guide, intel guide mirrorless, mirrorless intel for sale, intel for sale mirrorless, mirrorless intel deals, intel deals mirrorless
2026-08-21 17:14:23,417 - INFO - Expanded 220 seed keywords to 385 variations
2026-08-21 17:14:23,417 - INFO - Language: en
2026-08-21 17:14:23,417 - INFO - Region: us
2026-08-21 17:18:57,360 - INFO - 🎯 After all filtering for 'intel': 120 relevant keywords
2026-08-21 17:18:57,696 - INFO - 🎯 Found 5 new keywords for niche 'intel': intel affordable dslr, cheap affordable dslr, best affordable dslr, intel affordable mirrorless, cheap affordable mirrorless
2026-08-21 17:18:58,224 - INFO - ✅ Niche 'intel' process complete! 1002 total keyword results.
2026-08-21 17:18:58,224 - INFO - ✅ Completed processing niche: 'intel'
2026-08-21 17:18:58,224 - INFO - 🔧 Request Handler final stats - Success rate: 100.0%
2026-08-21 17:18:58,224 - INFO -    Total requests: 177427, Blocks: 1
2026-08-21 17:18:58,225 - INFO - 
========================================
2026-08-21 17:18:58,225 - INFO - Process Summary:
2026-08-21 17:18:58,225 - INFO - - Current niche: 'intel'
2026-08-21 17:18:58,226 - INFO - - Next niche will be: 'nvidia'
2026-08-21 17:18:58,226 - INFO - - Keywords saved in: languages/english/keywords/intel/
2026-08-21 17:18:58,226 - INFO - ========================================
