2026-08-17 12:35:17,941 - INFO - Log file created at: /home/runner/work/potensitech.com/potensitech.com/languages/english/keywords/logs/kw_search_20260817_123517.log
2026-08-17 12:35:17,942 - INFO - ============================================================
2026-08-17 12:35:17,942 - INFO - AUTOMATIC KEYWORD RESEARCH TOOL
2026-08-17 12:35:17,942 - INFO - ============================================================
2026-08-17 12:35:18,238 - INFO - ========================================
2026-08-17 12:35:18,238 - INFO - Found 14 niches to process: xiaomi, iphone, samsung, apple, sony, asus, philips, sandisk, intel, nvidia, amd, canon, nikon, huawei
2026-08-17 12:35:18,238 - INFO - ========================================
2026-08-17 12:35:18,238 - INFO - Continuing from last processed niche: sandisk
2026-08-17 12:35:18,238 - INFO - ========================================
2026-08-17 12:35:18,238 - INFO - 🎯 PROCESSING NICHE 9/14: 'intel'
2026-08-17 12:35:18,238 - INFO - ========================================
2026-08-17 12:35:18,238 - INFO - 📁 Niche directory: /home/runner/work/potensitech.com/potensitech.com/languages/english/keywords/intel
2026-08-17 12:35:18,239 - INFO - Selected region: us
2026-08-17 12:35:18,239 - INFO - Selected language: en
2026-08-17 12:35:18,239 - INFO - 🎯 Current niche: intel
2026-08-17 12:35:18,959 - INFO - 🎯 Niche terms for filtering: intel, cheap, best, latest, review, price, sell, buy, recommendation, tips, tutorial, guide, how to, vs, versus, compared to, comparison, alternatives, which is better, expensive, discount, deals, sale, affordable, cost, online, offline, marketplace, store, shop, retailer, where to buy, worst, quality, original, genuine, fake, replica, authentic, brand, manufacturer, company, product, intel product, sell intel, buy intel, cheap intel, best intel, intel review, where to buy intel, how to choose intel, top intel, intel guide, intel for sale, intel deals
2026-08-17 12:35:18,960 - INFO - Generated 50 niche-clue pairs for 'intel'.
2026-08-17 12:35:18,963 - INFO - Expanded 50 seed keywords to 218 variations
2026-08-17 12:35:18,970 - INFO - 🔧 Request Handler initialized - Success rate: 100.0%
2026-08-17 12:39:41,565 - INFO - Original clue keywords: high-performance, gaming smartphone
2026-08-17 12:39:41,565 - INFO - Niche-focused seeds: high-performance intel, intel high-performance, high-performance cheap, cheap high-performance, high-performance best, best high-performance, high-performance latest, latest high-performance, high-performance review, review high-performance, high-performance price, price high-performance, high-performance sell, sell high-performance, high-performance buy, buy high-performance, high-performance recommendation, recommendation high-performance, high-performance tips, tips high-performance, high-performance tutorial, tutorial high-performance, high-performance guide, guide high-performance, high-performance how to, how to high-performance, high-performance vs, vs high-performance, high-performance versus, versus high-performance, high-performance compared to, compared to high-performance, high-performance comparison, comparison high-performance, high-performance alternatives, alternatives high-performance, high-performance which is better, which is better high-performance, high-performance expensive, expensive high-performance, high-performance discount, discount high-performance, high-performance deals, deals high-performance, high-performance sale, sale high-performance, high-performance affordable, affordable high-performance, high-performance cost, cost high-performance, high-performance online, online high-performance, high-performance offline, offline high-performance, high-performance marketplace, marketplace high-performance, high-performance store, store high-performance, high-performance shop, shop high-performance, high-performance retailer, retailer high-performance, high-performance where to buy, where to buy high-performance, high-performance worst, worst high-performance, high-performance quality, quality high-performance, high-performance original, original high-performance, high-performance genuine, genuine high-performance, high-performance fake, fake high-performance, high-performance replica, replica high-performance, high-performance authentic, authentic high-performance, high-performance brand, brand high-performance, high-performance manufacturer, manufacturer high-performance, high-performance company, company high-performance, high-performance product, product high-performance, high-performance intel product, intel product high-performance, high-performance sell intel, sell intel high-performance, high-performance buy intel, buy intel high-performance, high-performance cheap intel, cheap intel high-performance, high-performance best intel, best intel high-performance, high-performance intel review, intel review high-performance, high-performance where to buy intel, where to buy intel high-performance, high-performance how to choose intel, how to choose intel high-performance, high-performance top intel, top intel high-performance, high-performance intel guide, intel guide high-performance, high-performance intel for sale, intel for sale high-performance, high-performance intel deals, intel deals high-performance, gaming smartphone intel, intel gaming smartphone, gaming smartphone cheap, cheap gaming smartphone, gaming smartphone best, best gaming smartphone, gaming smartphone latest, latest gaming smartphone, gaming smartphone review, review gaming smartphone, gaming smartphone price, price gaming smartphone, gaming smartphone sell, sell gaming smartphone, gaming smartphone buy, buy gaming smartphone, gaming smartphone recommendation, recommendation gaming smartphone, gaming smartphone tips, tips gaming smartphone, gaming smartphone tutorial, tutorial gaming smartphone, gaming smartphone guide, guide gaming smartphone, gaming smartphone how to, how to gaming smartphone, gaming smartphone vs, vs gaming smartphone, gaming smartphone versus, versus gaming smartphone, gaming smartphone compared to, compared to gaming smartphone, gaming smartphone comparison, comparison gaming smartphone, gaming smartphone alternatives, alternatives gaming smartphone, gaming smartphone which is better, which is better gaming smartphone, gaming smartphone expensive, expensive gaming smartphone, gaming smartphone discount, discount gaming smartphone, gaming smartphone deals, deals gaming smartphone, gaming smartphone sale, sale gaming smartphone, gaming smartphone affordable, affordable gaming smartphone, gaming smartphone cost, cost gaming smartphone, gaming smartphone online, online gaming smartphone, gaming smartphone offline, offline gaming smartphone, gaming smartphone marketplace, marketplace gaming smartphone, gaming smartphone store, store gaming smartphone, gaming smartphone shop, shop gaming smartphone, gaming smartphone retailer, retailer gaming smartphone, gaming smartphone where to buy, where to buy gaming smartphone, gaming smartphone worst, worst gaming smartphone, gaming smartphone quality, quality gaming smartphone, gaming smartphone original, original gaming smartphone, gaming smartphone genuine, genuine gaming smartphone, gaming smartphone fake, fake gaming smartphone, gaming smartphone replica, replica gaming smartphone, gaming smartphone authentic, authentic gaming smartphone, gaming smartphone brand, brand gaming smartphone, gaming smartphone manufacturer, manufacturer gaming smartphone, gaming smartphone company, company gaming smartphone, gaming smartphone product, product gaming smartphone, gaming smartphone intel product, intel product gaming smartphone, gaming smartphone sell intel, sell intel gaming smartphone, gaming smartphone buy intel, buy intel gaming smartphone, gaming smartphone cheap intel, cheap intel gaming smartphone, gaming smartphone best intel, best intel gaming smartphone, gaming smartphone intel review, intel review gaming smartphone, gaming smartphone where to buy intel, where to buy intel gaming smartphone, gaming smartphone how to choose intel, how to choose intel gaming smartphone, gaming smartphone top intel, top intel gaming smartphone, gaming smartphone intel guide, intel guide gaming smartphone, gaming smartphone intel for sale, intel for sale gaming smartphone, gaming smartphone intel deals, intel deals gaming smartphone
2026-08-17 12:39:41,569 - INFO - Expanded 220 seed keywords to 385 variations
2026-08-17 12:39:41,569 - INFO - Language: en
2026-08-17 12:39:41,569 - INFO - Region: us
2026-08-17 12:44:12,193 - INFO - 🎯 After all filtering for 'intel': 120 relevant keywords
2026-08-17 12:44:12,843 - INFO - 🎯 Found 5 new keywords for niche 'intel': intel affordable high-performance, cheap affordable high-performance, intel alternatives high-performance, cheap alternatives high-performance, best alternatives high-performance
2026-08-17 12:44:13,268 - INFO - ✅ Niche 'intel' process complete! 996 total keyword results.
2026-08-17 12:44:13,269 - INFO - ✅ Completed processing niche: 'intel'
2026-08-17 12:44:13,269 - INFO - 🔧 Request Handler final stats - Success rate: 100.0%
2026-08-17 12:44:13,269 - INFO -    Total requests: 173866, Blocks: 1
2026-08-17 12:44:13,270 - INFO - 
========================================
2026-08-17 12:44:13,270 - INFO - Process Summary:
2026-08-17 12:44:13,270 - INFO - - Current niche: 'intel'
2026-08-17 12:44:13,270 - INFO - - Next niche will be: 'nvidia'
2026-08-17 12:44:13,270 - INFO - - Keywords saved in: languages/english/keywords/intel/
2026-08-17 12:44:13,271 - INFO - ========================================
