2026-08-13 04:23:33,375 - INFO - Log file created at: /home/runner/work/potensitech.com/potensitech.com/languages/english/keywords/logs/kw_search_20260813_042333.log
2026-08-13 04:23:33,375 - INFO - ============================================================
2026-08-13 04:23:33,375 - INFO - AUTOMATIC KEYWORD RESEARCH TOOL
2026-08-13 04:23:33,375 - INFO - ============================================================
2026-08-13 04:23:33,660 - INFO - ========================================
2026-08-13 04:23:33,660 - INFO - Found 14 niches to process: xiaomi, iphone, samsung, apple, sony, asus, philips, sandisk, intel, nvidia, amd, canon, nikon, huawei
2026-08-13 04:23:33,660 - INFO - ========================================
2026-08-13 04:23:33,660 - INFO - Continuing from last processed niche: asus
2026-08-13 04:23:33,660 - INFO - ========================================
2026-08-13 04:23:33,661 - INFO - 🎯 PROCESSING NICHE 7/14: 'philips'
2026-08-13 04:23:33,661 - INFO - ========================================
2026-08-13 04:23:33,661 - INFO - 📁 Niche directory: /home/runner/work/potensitech.com/potensitech.com/languages/english/keywords/philips
2026-08-13 04:23:33,661 - INFO - Selected region: us
2026-08-13 04:23:33,661 - INFO - Selected language: en
2026-08-13 04:23:33,661 - INFO - 🎯 Current niche: philips
2026-08-13 04:23:34,369 - INFO - 🎯 Niche terms for filtering: philips, cheap, best, latest, review, price, sell, buy, recommendation, tips, tutorial, guide, how to, vs, versus, compared to, comparison, alternatives, which is better, expensive, discount, deals, sale, affordable, cost, online, offline, marketplace, store, shop, retailer, where to buy, worst, quality, original, genuine, fake, replica, authentic, brand, manufacturer, company, product, philips product, sell philips, buy philips, cheap philips, best philips, philips review, where to buy philips, how to choose philips, top philips, philips guide, philips for sale, philips deals
2026-08-13 04:23:34,369 - INFO - Generated 50 niche-clue pairs for 'philips'.
2026-08-13 04:23:34,372 - INFO - Expanded 50 seed keywords to 218 variations
2026-08-13 04:23:34,380 - INFO - 🔧 Request Handler initialized - Success rate: 100.0%
2026-08-13 04:27:57,572 - INFO - Original clue keywords: lens compatibility, processor performance
2026-08-13 04:27:57,573 - INFO - Niche-focused seeds: lens compatibility philips, philips lens compatibility, lens compatibility cheap, cheap lens compatibility, lens compatibility best, best lens compatibility, lens compatibility latest, latest lens compatibility, lens compatibility review, review lens compatibility, lens compatibility price, price lens compatibility, lens compatibility sell, sell lens compatibility, lens compatibility buy, buy lens compatibility, lens compatibility recommendation, recommendation lens compatibility, lens compatibility tips, tips lens compatibility, lens compatibility tutorial, tutorial lens compatibility, lens compatibility guide, guide lens compatibility, lens compatibility how to, how to lens compatibility, lens compatibility vs, vs lens compatibility, lens compatibility versus, versus lens compatibility, lens compatibility compared to, compared to lens compatibility, lens compatibility comparison, comparison lens compatibility, lens compatibility alternatives, alternatives lens compatibility, lens compatibility which is better, which is better lens compatibility, lens compatibility expensive, expensive lens compatibility, lens compatibility discount, discount lens compatibility, lens compatibility deals, deals lens compatibility, lens compatibility sale, sale lens compatibility, lens compatibility affordable, affordable lens compatibility, lens compatibility cost, cost lens compatibility, lens compatibility online, online lens compatibility, lens compatibility offline, offline lens compatibility, lens compatibility marketplace, marketplace lens compatibility, lens compatibility store, store lens compatibility, lens compatibility shop, shop lens compatibility, lens compatibility retailer, retailer lens compatibility, lens compatibility where to buy, where to buy lens compatibility, lens compatibility worst, worst lens compatibility, lens compatibility quality, quality lens compatibility, lens compatibility original, original lens compatibility, lens compatibility genuine, genuine lens compatibility, lens compatibility fake, fake lens compatibility, lens compatibility replica, replica lens compatibility, lens compatibility authentic, authentic lens compatibility, lens compatibility brand, brand lens compatibility, lens compatibility manufacturer, manufacturer lens compatibility, lens compatibility company, company lens compatibility, lens compatibility product, product lens compatibility, lens compatibility philips product, philips product lens compatibility, lens compatibility sell philips, sell philips lens compatibility, lens compatibility buy philips, buy philips lens compatibility, lens compatibility cheap philips, cheap philips lens compatibility, lens compatibility best philips, best philips lens compatibility, lens compatibility philips review, philips review lens compatibility, lens compatibility where to buy philips, where to buy philips lens compatibility, lens compatibility how to choose philips, how to choose philips lens compatibility, lens compatibility top philips, top philips lens compatibility, lens compatibility philips guide, philips guide lens compatibility, lens compatibility philips for sale, philips for sale lens compatibility, lens compatibility philips deals, philips deals lens compatibility, processor performance philips, philips processor performance, processor performance cheap, cheap processor performance, processor performance best, best processor performance, processor performance latest, latest processor performance, processor performance review, review processor performance, processor performance price, price processor performance, processor performance sell, sell processor performance, processor performance buy, buy processor performance, processor performance recommendation, recommendation processor performance, processor performance tips, tips processor performance, processor performance tutorial, tutorial processor performance, processor performance guide, guide processor performance, processor performance how to, how to processor performance, processor performance vs, vs processor performance, processor performance versus, versus processor performance, processor performance compared to, compared to processor performance, processor performance comparison, comparison processor performance, processor performance alternatives, alternatives processor performance, processor performance which is better, which is better processor performance, processor performance expensive, expensive processor performance, processor performance discount, discount processor performance, processor performance deals, deals processor performance, processor performance sale, sale processor performance, processor performance affordable, affordable processor performance, processor performance cost, cost processor performance, processor performance online, online processor performance, processor performance offline, offline processor performance, processor performance marketplace, marketplace processor performance, processor performance store, store processor performance, processor performance shop, shop processor performance, processor performance retailer, retailer processor performance, processor performance where to buy, where to buy processor performance, processor performance worst, worst processor performance, processor performance quality, quality processor performance, processor performance original, original processor performance, processor performance genuine, genuine processor performance, processor performance fake, fake processor performance, processor performance replica, replica processor performance, processor performance authentic, authentic processor performance, processor performance brand, brand processor performance, processor performance manufacturer, manufacturer processor performance, processor performance company, company processor performance, processor performance product, product processor performance, processor performance philips product, philips product processor performance, processor performance sell philips, sell philips processor performance, processor performance buy philips, buy philips processor performance, processor performance cheap philips, cheap philips processor performance, processor performance best philips, best philips processor performance, processor performance philips review, philips review processor performance, processor performance where to buy philips, where to buy philips processor performance, processor performance how to choose philips, how to choose philips processor performance, processor performance top philips, top philips processor performance, processor performance philips guide, philips guide processor performance, processor performance philips for sale, philips for sale processor performance, processor performance philips deals, philips deals processor performance
2026-08-13 04:27:57,576 - INFO - Expanded 220 seed keywords to 385 variations
2026-08-13 04:27:57,576 - INFO - Language: en
2026-08-13 04:27:57,576 - INFO - Region: us
2026-08-13 04:28:44,061 - INFO - 🎯 After all filtering for 'philips': 120 relevant keywords
2026-08-13 04:28:44,822 - INFO - 🎯 Found 2 new keywords for niche 'philips': philips affordable lens compatibility, philips affordable processor performance
2026-08-13 04:28:45,297 - INFO - ✅ Niche 'philips' process complete! 687 total keyword results.
2026-08-13 04:28:45,297 - INFO - ✅ Completed processing niche: 'philips'
2026-08-13 04:28:45,297 - INFO - 🔧 Request Handler final stats - Success rate: 100.0%
2026-08-13 04:28:45,297 - INFO -    Total requests: 170373, Blocks: 1
2026-08-13 04:28:45,298 - INFO - 
========================================
2026-08-13 04:28:45,298 - INFO - Process Summary:
2026-08-13 04:28:45,298 - INFO - - Current niche: 'philips'
2026-08-13 04:28:45,299 - INFO - - Next niche will be: 'sandisk'
2026-08-13 04:28:45,299 - INFO - - Keywords saved in: languages/english/keywords/philips/
2026-08-13 04:28:45,299 - INFO - ========================================
