2026-10-01 00:48:52,409 - INFO - Log file created at: /home/runner/work/potensitech.com/potensitech.com/languages/english/keywords/logs/kw_search_20261001_004852.log
2026-10-01 00:48:52,409 - INFO - ============================================================
2026-10-01 00:48:52,409 - INFO - AUTOMATIC KEYWORD RESEARCH TOOL
2026-10-01 00:48:52,409 - INFO - ============================================================
2026-10-01 00:48:52,845 - INFO - ========================================
2026-10-01 00:48:52,845 - INFO - Found 14 niches to process: xiaomi, iphone, samsung, apple, sony, asus, philips, sandisk, intel, nvidia, amd, canon, nikon, huawei
2026-10-01 00:48:52,845 - INFO - ========================================
2026-10-01 00:48:52,845 - INFO - Continuing from last processed niche: samsung
2026-10-01 00:48:52,845 - INFO - ========================================
2026-10-01 00:48:52,845 - INFO - 🎯 PROCESSING NICHE 4/14: 'apple'
2026-10-01 00:48:52,845 - INFO - ========================================
2026-10-01 00:48:52,845 - INFO - 📁 Niche directory: /home/runner/work/potensitech.com/potensitech.com/languages/english/keywords/apple
2026-10-01 00:48:52,845 - INFO - Selected region: us
2026-10-01 00:48:52,845 - INFO - Selected language: en
2026-10-01 00:48:52,846 - INFO - 🎯 Current niche: apple
2026-10-01 00:49:03,128 - INFO - 🎯 Niche terms for filtering: apple, cheap, best, latest, review, price, sell, buy, recommendation, tips, tutorial, guide, how to, vs, versus, compared to, comparison, alternatives, which is better, expensive, discount, deals, sale, affordable, cost, online, offline, marketplace, store, shop, retailer, where to buy, worst, quality, original, genuine, fake, replica, authentic, brand, manufacturer, company, product, apple product, sell apple, buy apple, cheap apple, best apple, apple review, where to buy apple, how to choose apple, top apple, apple guide, apple for sale, apple deals
2026-10-01 00:49:03,129 - INFO - Generated 50 niche-clue pairs for 'apple'.
2026-10-01 00:49:03,132 - INFO - Expanded 50 seed keywords to 218 variations
2026-10-01 00:49:03,133 - INFO - 🔧 Request Handler initialized - Success rate: 100.0%
2026-10-01 00:53:30,206 - INFO - Original clue keywords: gaming performance, mobile performance
2026-10-01 00:53:30,206 - INFO - Niche-focused seeds: gaming performance apple, apple gaming performance, gaming performance cheap, cheap gaming performance, gaming performance best, best gaming performance, gaming performance latest, latest gaming performance, gaming performance review, review gaming performance, gaming performance price, price gaming performance, gaming performance sell, sell gaming performance, gaming performance buy, buy gaming performance, gaming performance recommendation, recommendation gaming performance, gaming performance tips, tips gaming performance, gaming performance tutorial, tutorial gaming performance, gaming performance guide, guide gaming performance, gaming performance how to, how to gaming performance, gaming performance vs, vs gaming performance, gaming performance versus, versus gaming performance, gaming performance compared to, compared to gaming performance, gaming performance comparison, comparison gaming performance, gaming performance alternatives, alternatives gaming performance, gaming performance which is better, which is better gaming performance, gaming performance expensive, expensive gaming performance, gaming performance discount, discount gaming performance, gaming performance deals, deals gaming performance, gaming performance sale, sale gaming performance, gaming performance affordable, affordable gaming performance, gaming performance cost, cost gaming performance, gaming performance online, online gaming performance, gaming performance offline, offline gaming performance, gaming performance marketplace, marketplace gaming performance, gaming performance store, store gaming performance, gaming performance shop, shop gaming performance, gaming performance retailer, retailer gaming performance, gaming performance where to buy, where to buy gaming performance, gaming performance worst, worst gaming performance, gaming performance quality, quality gaming performance, gaming performance original, original gaming performance, gaming performance genuine, genuine gaming performance, gaming performance fake, fake gaming performance, gaming performance replica, replica gaming performance, gaming performance authentic, authentic gaming performance, gaming performance brand, brand gaming performance, gaming performance manufacturer, manufacturer gaming performance, gaming performance company, company gaming performance, gaming performance product, product gaming performance, gaming performance apple product, apple product gaming performance, gaming performance sell apple, sell apple gaming performance, gaming performance buy apple, buy apple gaming performance, gaming performance cheap apple, cheap apple gaming performance, gaming performance best apple, best apple gaming performance, gaming performance apple review, apple review gaming performance, gaming performance where to buy apple, where to buy apple gaming performance, gaming performance how to choose apple, how to choose apple gaming performance, gaming performance top apple, top apple gaming performance, gaming performance apple guide, apple guide gaming performance, gaming performance apple for sale, apple for sale gaming performance, gaming performance apple deals, apple deals gaming performance, mobile performance apple, apple mobile performance, mobile performance cheap, cheap mobile performance, mobile performance best, best mobile performance, mobile performance latest, latest mobile performance, mobile performance review, review mobile performance, mobile performance price, price mobile performance, mobile performance sell, sell mobile performance, mobile performance buy, buy mobile performance, mobile performance recommendation, recommendation mobile performance, mobile performance tips, tips mobile performance, mobile performance tutorial, tutorial mobile performance, mobile performance guide, guide mobile performance, mobile performance how to, how to mobile performance, mobile performance vs, vs mobile performance, mobile performance versus, versus mobile performance, mobile performance compared to, compared to mobile performance, mobile performance comparison, comparison mobile performance, mobile performance alternatives, alternatives mobile performance, mobile performance which is better, which is better mobile performance, mobile performance expensive, expensive mobile performance, mobile performance discount, discount mobile performance, mobile performance deals, deals mobile performance, mobile performance sale, sale mobile performance, mobile performance affordable, affordable mobile performance, mobile performance cost, cost mobile performance, mobile performance online, online mobile performance, mobile performance offline, offline mobile performance, mobile performance marketplace, marketplace mobile performance, mobile performance store, store mobile performance, mobile performance shop, shop mobile performance, mobile performance retailer, retailer mobile performance, mobile performance where to buy, where to buy mobile performance, mobile performance worst, worst mobile performance, mobile performance quality, quality mobile performance, mobile performance original, original mobile performance, mobile performance genuine, genuine mobile performance, mobile performance fake, fake mobile performance, mobile performance replica, replica mobile performance, mobile performance authentic, authentic mobile performance, mobile performance brand, brand mobile performance, mobile performance manufacturer, manufacturer mobile performance, mobile performance company, company mobile performance, mobile performance product, product mobile performance, mobile performance apple product, apple product mobile performance, mobile performance sell apple, sell apple mobile performance, mobile performance buy apple, buy apple mobile performance, mobile performance cheap apple, cheap apple mobile performance, mobile performance best apple, best apple mobile performance, mobile performance apple review, apple review mobile performance, mobile performance where to buy apple, where to buy apple mobile performance, mobile performance how to choose apple, how to choose apple mobile performance, mobile performance top apple, top apple mobile performance, mobile performance apple guide, apple guide mobile performance, mobile performance apple for sale, apple for sale mobile performance, mobile performance apple deals, apple deals mobile performance
2026-10-01 00:53:30,210 - INFO - Expanded 220 seed keywords to 385 variations
2026-10-01 00:53:30,210 - INFO - Language: en
2026-10-01 00:53:30,210 - INFO - Region: us
2026-10-01 00:55:38,314 - INFO - 🎯 After all filtering for 'apple': 120 relevant keywords
2026-10-01 00:55:40,569 - INFO - 🎯 Found 5 new keywords for niche 'apple': apple affordable gaming performance, affordable mobile performance cheap, apple alternatives mobile performance, best authentic mobile performance, how to brand mobile performance
2026-10-01 00:55:56,464 - INFO - ✅ Niche 'apple' process complete! 604 total keyword results.
2026-10-01 00:55:56,464 - INFO - ✅ Completed processing niche: 'apple'
2026-10-01 00:55:56,464 - INFO - 🔧 Request Handler final stats - Success rate: 100.0%
2026-10-01 00:55:56,464 - INFO -    Total requests: 210812, Blocks: 1
2026-10-01 00:55:56,465 - INFO - 
========================================
2026-10-01 00:55:56,465 - INFO - Process Summary:
2026-10-01 00:55:56,465 - INFO - - Current niche: 'apple'
2026-10-01 00:55:56,465 - INFO - - Next niche will be: 'sony'
2026-10-01 00:55:56,465 - INFO - - Keywords saved in: languages/english/keywords/apple/
2026-10-01 00:55:56,466 - INFO - ========================================
