2026-09-21 10:14:07,416 - INFO - Log file created at: /home/runner/work/potensitech.com/potensitech.com/languages/english/keywords/logs/kw_search_20260921_101407.log
2026-09-21 10:14:07,416 - INFO - ============================================================
2026-09-21 10:14:07,416 - INFO - AUTOMATIC KEYWORD RESEARCH TOOL
2026-09-21 10:14:07,417 - INFO - ============================================================
2026-09-21 10:14:07,831 - INFO - ========================================
2026-09-21 10:14:07,831 - INFO - Found 14 niches to process: xiaomi, iphone, samsung, apple, sony, asus, philips, sandisk, intel, nvidia, amd, canon, nikon, huawei
2026-09-21 10:14:07,831 - INFO - ========================================
2026-09-21 10:14:07,831 - INFO - Continuing from last processed niche: apple
2026-09-21 10:14:07,831 - INFO - ========================================
2026-09-21 10:14:07,831 - INFO - 🎯 PROCESSING NICHE 5/14: 'sony'
2026-09-21 10:14:07,831 - INFO - ========================================
2026-09-21 10:14:07,831 - INFO - 📁 Niche directory: /home/runner/work/potensitech.com/potensitech.com/languages/english/keywords/sony
2026-09-21 10:14:07,831 - INFO - Selected region: us
2026-09-21 10:14:07,831 - INFO - Selected language: en
2026-09-21 10:14:07,831 - INFO - 🎯 Current niche: sony
2026-09-21 10:14:18,381 - INFO - 🎯 Niche terms for filtering: sony, cheap, best, latest, review, price, sell, buy, recommendation, tips, tutorial, guide, how to, vs, versus, compared to, comparison, alternatives, which is better, expensive, discount, deals, sale, affordable, cost, online, offline, marketplace, store, shop, retailer, where to buy, worst, quality, original, genuine, fake, replica, authentic, brand, manufacturer, company, product, sony product, sell sony, buy sony, cheap sony, best sony, sony review, where to buy sony, how to choose sony, top sony, sony guide, sony for sale, sony deals
2026-09-21 10:14:18,381 - INFO - Generated 50 niche-clue pairs for 'sony'.
2026-09-21 10:14:18,383 - INFO - Expanded 50 seed keywords to 218 variations
2026-09-21 10:14:18,384 - INFO - 🔧 Request Handler initialized - Success rate: 100.0%
2026-09-21 10:18:44,564 - INFO - Original clue keywords: processor efficiency, autofocus speed
2026-09-21 10:18:44,564 - INFO - Niche-focused seeds: processor efficiency sony, sony processor efficiency, processor efficiency cheap, cheap processor efficiency, processor efficiency best, best processor efficiency, processor efficiency latest, latest processor efficiency, processor efficiency review, review processor efficiency, processor efficiency price, price processor efficiency, processor efficiency sell, sell processor efficiency, processor efficiency buy, buy processor efficiency, processor efficiency recommendation, recommendation processor efficiency, processor efficiency tips, tips processor efficiency, processor efficiency tutorial, tutorial processor efficiency, processor efficiency guide, guide processor efficiency, processor efficiency how to, how to processor efficiency, processor efficiency vs, vs processor efficiency, processor efficiency versus, versus processor efficiency, processor efficiency compared to, compared to processor efficiency, processor efficiency comparison, comparison processor efficiency, processor efficiency alternatives, alternatives processor efficiency, processor efficiency which is better, which is better processor efficiency, processor efficiency expensive, expensive processor efficiency, processor efficiency discount, discount processor efficiency, processor efficiency deals, deals processor efficiency, processor efficiency sale, sale processor efficiency, processor efficiency affordable, affordable processor efficiency, processor efficiency cost, cost processor efficiency, processor efficiency online, online processor efficiency, processor efficiency offline, offline processor efficiency, processor efficiency marketplace, marketplace processor efficiency, processor efficiency store, store processor efficiency, processor efficiency shop, shop processor efficiency, processor efficiency retailer, retailer processor efficiency, processor efficiency where to buy, where to buy processor efficiency, processor efficiency worst, worst processor efficiency, processor efficiency quality, quality processor efficiency, processor efficiency original, original processor efficiency, processor efficiency genuine, genuine processor efficiency, processor efficiency fake, fake processor efficiency, processor efficiency replica, replica processor efficiency, processor efficiency authentic, authentic processor efficiency, processor efficiency brand, brand processor efficiency, processor efficiency manufacturer, manufacturer processor efficiency, processor efficiency company, company processor efficiency, processor efficiency product, product processor efficiency, processor efficiency sony product, sony product processor efficiency, processor efficiency sell sony, sell sony processor efficiency, processor efficiency buy sony, buy sony processor efficiency, processor efficiency cheap sony, cheap sony processor efficiency, processor efficiency best sony, best sony processor efficiency, processor efficiency sony review, sony review processor efficiency, processor efficiency where to buy sony, where to buy sony processor efficiency, processor efficiency how to choose sony, how to choose sony processor efficiency, processor efficiency top sony, top sony processor efficiency, processor efficiency sony guide, sony guide processor efficiency, processor efficiency sony for sale, sony for sale processor efficiency, processor efficiency sony deals, sony deals processor efficiency, autofocus speed sony, sony autofocus speed, autofocus speed cheap, cheap autofocus speed, autofocus speed best, best autofocus speed, autofocus speed latest, latest autofocus speed, autofocus speed review, review autofocus speed, autofocus speed price, price autofocus speed, autofocus speed sell, sell autofocus speed, autofocus speed buy, buy autofocus speed, autofocus speed recommendation, recommendation autofocus speed, autofocus speed tips, tips autofocus speed, autofocus speed tutorial, tutorial autofocus speed, autofocus speed guide, guide autofocus speed, autofocus speed how to, how to autofocus speed, autofocus speed vs, vs autofocus speed, autofocus speed versus, versus autofocus speed, autofocus speed compared to, compared to autofocus speed, autofocus speed comparison, comparison autofocus speed, autofocus speed alternatives, alternatives autofocus speed, autofocus speed which is better, which is better autofocus speed, autofocus speed expensive, expensive autofocus speed, autofocus speed discount, discount autofocus speed, autofocus speed deals, deals autofocus speed, autofocus speed sale, sale autofocus speed, autofocus speed affordable, affordable autofocus speed, autofocus speed cost, cost autofocus speed, autofocus speed online, online autofocus speed, autofocus speed offline, offline autofocus speed, autofocus speed marketplace, marketplace autofocus speed, autofocus speed store, store autofocus speed, autofocus speed shop, shop autofocus speed, autofocus speed retailer, retailer autofocus speed, autofocus speed where to buy, where to buy autofocus speed, autofocus speed worst, worst autofocus speed, autofocus speed quality, quality autofocus speed, autofocus speed original, original autofocus speed, autofocus speed genuine, genuine autofocus speed, autofocus speed fake, fake autofocus speed, autofocus speed replica, replica autofocus speed, autofocus speed authentic, authentic autofocus speed, autofocus speed brand, brand autofocus speed, autofocus speed manufacturer, manufacturer autofocus speed, autofocus speed company, company autofocus speed, autofocus speed product, product autofocus speed, autofocus speed sony product, sony product autofocus speed, autofocus speed sell sony, sell sony autofocus speed, autofocus speed buy sony, buy sony autofocus speed, autofocus speed cheap sony, cheap sony autofocus speed, autofocus speed best sony, best sony autofocus speed, autofocus speed sony review, sony review autofocus speed, autofocus speed where to buy sony, where to buy sony autofocus speed, autofocus speed how to choose sony, how to choose sony autofocus speed, autofocus speed top sony, top sony autofocus speed, autofocus speed sony guide, sony guide autofocus speed, autofocus speed sony for sale, sony for sale autofocus speed, autofocus speed sony deals, sony deals autofocus speed
2026-09-21 10:18:44,566 - INFO - Expanded 220 seed keywords to 385 variations
2026-09-21 10:18:44,566 - INFO - Language: en
2026-09-21 10:18:44,566 - INFO - Region: us
2026-09-21 10:20:01,787 - INFO - 🎯 After all filtering for 'sony': 120 relevant keywords
2026-09-21 10:20:03,215 - INFO - 🎯 Found 5 new keywords for niche 'sony': sony affordable autofocus speed, sony affordable processor efficiency, cheap alternatives autofocus speed, best authentic autofocus speed, how to autofocus speed brand
2026-09-21 10:20:19,718 - INFO - ✅ Niche 'sony' process complete! 688 total keyword results.
2026-09-21 10:20:19,718 - INFO - ✅ Completed processing niche: 'sony'
2026-09-21 10:20:19,718 - INFO - 🔧 Request Handler final stats - Success rate: 100.0%
2026-09-21 10:20:19,718 - INFO -    Total requests: 202232, Blocks: 1
2026-09-21 10:20:19,719 - INFO - 
========================================
2026-09-21 10:20:19,719 - INFO - Process Summary:
2026-09-21 10:20:19,719 - INFO - - Current niche: 'sony'
2026-09-21 10:20:19,719 - INFO - - Next niche will be: 'asus'
2026-09-21 10:20:19,719 - INFO - - Keywords saved in: languages/english/keywords/sony/
2026-09-21 10:20:19,719 - INFO - ========================================
