2026-09-27 13:01:58,509 - INFO - Log file created at: /home/runner/work/potensitech.com/potensitech.com/languages/english/keywords/logs/kw_search_20260927_130158.log
2026-09-27 13:01:58,510 - INFO - ============================================================
2026-09-27 13:01:58,510 - INFO - AUTOMATIC KEYWORD RESEARCH TOOL
2026-09-27 13:01:58,510 - INFO - ============================================================
2026-09-27 13:01:58,820 - INFO - ========================================
2026-09-27 13:01:58,821 - INFO - Found 14 niches to process: xiaomi, iphone, samsung, apple, sony, asus, philips, sandisk, intel, nvidia, amd, canon, nikon, huawei
2026-09-27 13:01:58,821 - INFO - ========================================
2026-09-27 13:01:58,821 - INFO - Continuing from last processed niche: intel
2026-09-27 13:01:58,821 - INFO - ========================================
2026-09-27 13:01:58,821 - INFO - 🎯 PROCESSING NICHE 10/14: 'nvidia'
2026-09-27 13:01:58,821 - INFO - ========================================
2026-09-27 13:01:58,821 - INFO - 📁 Niche directory: /home/runner/work/potensitech.com/potensitech.com/languages/english/keywords/nvidia
2026-09-27 13:01:58,821 - INFO - Selected region: us
2026-09-27 13:01:58,821 - INFO - Selected language: en
2026-09-27 13:01:58,821 - INFO - 🎯 Current niche: nvidia
2026-09-27 13:02:10,098 - INFO - 🎯 Niche terms for filtering: nvidia, cheap, best, latest, review, price, sell, buy, recommendation, tips, tutorial, guide, how to, vs, versus, compared to, comparison, alternatives, which is better, expensive, discount, deals, sale, affordable, cost, online, offline, marketplace, store, shop, retailer, where to buy, worst, quality, original, genuine, fake, replica, authentic, brand, manufacturer, company, product, nvidia product, sell nvidia, buy nvidia, cheap nvidia, best nvidia, nvidia review, where to buy nvidia, how to choose nvidia, top nvidia, nvidia guide, nvidia for sale, nvidia deals
2026-09-27 13:02:10,098 - INFO - Generated 50 niche-clue pairs for 'nvidia'.
2026-09-27 13:02:10,100 - INFO - Expanded 50 seed keywords to 218 variations
2026-09-27 13:02:10,101 - INFO - 🔧 Request Handler initialized - Success rate: 100.0%
2026-09-27 13:06:34,236 - INFO - Original clue keywords: solid-state, usb storage
2026-09-27 13:06:34,236 - INFO - Niche-focused seeds: solid-state nvidia, nvidia solid-state, solid-state cheap, cheap solid-state, solid-state best, best solid-state, solid-state latest, latest solid-state, solid-state review, review solid-state, solid-state price, price solid-state, solid-state sell, sell solid-state, solid-state buy, buy solid-state, solid-state recommendation, recommendation solid-state, solid-state tips, tips solid-state, solid-state tutorial, tutorial solid-state, solid-state guide, guide solid-state, solid-state how to, how to solid-state, solid-state vs, vs solid-state, solid-state versus, versus solid-state, solid-state compared to, compared to solid-state, solid-state comparison, comparison solid-state, solid-state alternatives, alternatives solid-state, solid-state which is better, which is better solid-state, solid-state expensive, expensive solid-state, solid-state discount, discount solid-state, solid-state deals, deals solid-state, solid-state sale, sale solid-state, solid-state affordable, affordable solid-state, solid-state cost, cost solid-state, solid-state online, online solid-state, solid-state offline, offline solid-state, solid-state marketplace, marketplace solid-state, solid-state store, store solid-state, solid-state shop, shop solid-state, solid-state retailer, retailer solid-state, solid-state where to buy, where to buy solid-state, solid-state worst, worst solid-state, solid-state quality, quality solid-state, solid-state original, original solid-state, solid-state genuine, genuine solid-state, solid-state fake, fake solid-state, solid-state replica, replica solid-state, solid-state authentic, authentic solid-state, solid-state brand, brand solid-state, solid-state manufacturer, manufacturer solid-state, solid-state company, company solid-state, solid-state product, product solid-state, solid-state nvidia product, nvidia product solid-state, solid-state sell nvidia, sell nvidia solid-state, solid-state buy nvidia, buy nvidia solid-state, solid-state cheap nvidia, cheap nvidia solid-state, solid-state best nvidia, best nvidia solid-state, solid-state nvidia review, nvidia review solid-state, solid-state where to buy nvidia, where to buy nvidia solid-state, solid-state how to choose nvidia, how to choose nvidia solid-state, solid-state top nvidia, top nvidia solid-state, solid-state nvidia guide, nvidia guide solid-state, solid-state nvidia for sale, nvidia for sale solid-state, solid-state nvidia deals, nvidia deals solid-state, usb storage nvidia, nvidia usb storage, usb storage cheap, cheap usb storage, usb storage best, best usb storage, usb storage latest, latest usb storage, usb storage review, review usb storage, usb storage price, price usb storage, usb storage sell, sell usb storage, usb storage buy, buy usb storage, usb storage recommendation, recommendation usb storage, usb storage tips, tips usb storage, usb storage tutorial, tutorial usb storage, usb storage guide, guide usb storage, usb storage how to, how to usb storage, usb storage vs, vs usb storage, usb storage versus, versus usb storage, usb storage compared to, compared to usb storage, usb storage comparison, comparison usb storage, usb storage alternatives, alternatives usb storage, usb storage which is better, which is better usb storage, usb storage expensive, expensive usb storage, usb storage discount, discount usb storage, usb storage deals, deals usb storage, usb storage sale, sale usb storage, usb storage affordable, affordable usb storage, usb storage cost, cost usb storage, usb storage online, online usb storage, usb storage offline, offline usb storage, usb storage marketplace, marketplace usb storage, usb storage store, store usb storage, usb storage shop, shop usb storage, usb storage retailer, retailer usb storage, usb storage where to buy, where to buy usb storage, usb storage worst, worst usb storage, usb storage quality, quality usb storage, usb storage original, original usb storage, usb storage genuine, genuine usb storage, usb storage fake, fake usb storage, usb storage replica, replica usb storage, usb storage authentic, authentic usb storage, usb storage brand, brand usb storage, usb storage manufacturer, manufacturer usb storage, usb storage company, company usb storage, usb storage product, product usb storage, usb storage nvidia product, nvidia product usb storage, usb storage sell nvidia, sell nvidia usb storage, usb storage buy nvidia, buy nvidia usb storage, usb storage cheap nvidia, cheap nvidia usb storage, usb storage best nvidia, best nvidia usb storage, usb storage nvidia review, nvidia review usb storage, usb storage where to buy nvidia, where to buy nvidia usb storage, usb storage how to choose nvidia, how to choose nvidia usb storage, usb storage top nvidia, top nvidia usb storage, usb storage nvidia guide, nvidia guide usb storage, usb storage nvidia for sale, nvidia for sale usb storage, usb storage nvidia deals, nvidia deals usb storage
2026-09-27 13:06:34,238 - INFO - Expanded 220 seed keywords to 385 variations
2026-09-27 13:06:34,238 - INFO - Language: en
2026-09-27 13:06:34,238 - INFO - Region: us
2026-09-27 13:11:06,315 - INFO - 🎯 After all filtering for 'nvidia': 120 relevant keywords
2026-09-27 13:11:06,546 - INFO - 🎯 Found 5 new keywords for niche 'nvidia': nvidia affordable solid-state, affordable solid-state cheap, best affordable solid-state, how to affordable solid-state, nvidia alternatives solid-state
2026-09-27 13:11:23,058 - INFO - ✅ Niche 'nvidia' process complete! 900 total keyword results.
2026-09-27 13:11:23,058 - INFO - ✅ Completed processing niche: 'nvidia'
2026-09-27 13:11:23,058 - INFO - 🔧 Request Handler final stats - Success rate: 100.0%
2026-09-27 13:11:23,058 - INFO -    Total requests: 207588, Blocks: 1
2026-09-27 13:11:23,059 - INFO - 
========================================
2026-09-27 13:11:23,059 - INFO - Process Summary:
2026-09-27 13:11:23,059 - INFO - - Current niche: 'nvidia'
2026-09-27 13:11:23,059 - INFO - - Next niche will be: 'amd'
2026-09-27 13:11:23,059 - INFO - - Keywords saved in: languages/english/keywords/nvidia/
2026-09-27 13:11:23,060 - INFO - ========================================
