2026-09-27 16:18:18,668 - INFO - Log file created at: /home/runner/work/potensitech.com/potensitech.com/languages/english/keywords/logs/kw_search_20260927_161818.log
2026-09-27 16:18:18,668 - INFO - ============================================================
2026-09-27 16:18:18,668 - INFO - AUTOMATIC KEYWORD RESEARCH TOOL
2026-09-27 16:18:18,668 - INFO - ============================================================
2026-09-27 16:18:19,072 - INFO - ========================================
2026-09-27 16:18:19,072 - INFO - Found 14 niches to process: xiaomi, iphone, samsung, apple, sony, asus, philips, sandisk, intel, nvidia, amd, canon, nikon, huawei
2026-09-27 16:18:19,072 - INFO - ========================================
2026-09-27 16:18:19,073 - INFO - Continuing from last processed niche: amd
2026-09-27 16:18:19,073 - INFO - ========================================
2026-09-27 16:18:19,073 - INFO - 🎯 PROCESSING NICHE 12/14: 'canon'
2026-09-27 16:18:19,073 - INFO - ========================================
2026-09-27 16:18:19,073 - INFO - 📁 Niche directory: /home/runner/work/potensitech.com/potensitech.com/languages/english/keywords/canon
2026-09-27 16:18:19,073 - INFO - Selected region: us
2026-09-27 16:18:19,073 - INFO - Selected language: en
2026-09-27 16:18:19,073 - INFO - 🎯 Current niche: canon
2026-09-27 16:18:29,762 - INFO - 🎯 Niche terms for filtering: canon, cheap, best, latest, review, price, sell, buy, recommendation, tips, tutorial, guide, how to, vs, versus, compared to, comparison, alternatives, which is better, expensive, discount, deals, sale, affordable, cost, online, offline, marketplace, store, shop, retailer, where to buy, worst, quality, original, genuine, fake, replica, authentic, brand, manufacturer, company, product, canon product, sell canon, buy canon, cheap canon, best canon, canon review, where to buy canon, how to choose canon, top canon, canon guide, canon for sale, canon deals
2026-09-27 16:18:29,762 - INFO - Generated 50 niche-clue pairs for 'canon'.
2026-09-27 16:18:29,766 - INFO - Expanded 50 seed keywords to 218 variations
2026-09-27 16:18:29,766 - INFO - 🔧 Request Handler initialized - Success rate: 100.0%
2026-09-27 16:22:53,592 - INFO - Original clue keywords: solid-state, usb storage
2026-09-27 16:22:53,592 - INFO - Niche-focused seeds: solid-state canon, canon solid-state, solid-state cheap, cheap solid-state, solid-state best, best solid-state, solid-state latest, latest solid-state, solid-state review, review solid-state, solid-state price, price solid-state, solid-state sell, sell solid-state, solid-state buy, buy solid-state, solid-state recommendation, recommendation solid-state, solid-state tips, tips solid-state, solid-state tutorial, tutorial solid-state, solid-state guide, guide solid-state, solid-state how to, how to solid-state, solid-state vs, vs solid-state, solid-state versus, versus solid-state, solid-state compared to, compared to solid-state, solid-state comparison, comparison solid-state, solid-state alternatives, alternatives solid-state, solid-state which is better, which is better solid-state, solid-state expensive, expensive solid-state, solid-state discount, discount solid-state, solid-state deals, deals solid-state, solid-state sale, sale solid-state, solid-state affordable, affordable solid-state, solid-state cost, cost solid-state, solid-state online, online solid-state, solid-state offline, offline solid-state, solid-state marketplace, marketplace solid-state, solid-state store, store solid-state, solid-state shop, shop solid-state, solid-state retailer, retailer solid-state, solid-state where to buy, where to buy solid-state, solid-state worst, worst solid-state, solid-state quality, quality solid-state, solid-state original, original solid-state, solid-state genuine, genuine solid-state, solid-state fake, fake solid-state, solid-state replica, replica solid-state, solid-state authentic, authentic solid-state, solid-state brand, brand solid-state, solid-state manufacturer, manufacturer solid-state, solid-state company, company solid-state, solid-state product, product solid-state, solid-state canon product, canon product solid-state, solid-state sell canon, sell canon solid-state, solid-state buy canon, buy canon solid-state, solid-state cheap canon, cheap canon solid-state, solid-state best canon, best canon solid-state, solid-state canon review, canon review solid-state, solid-state where to buy canon, where to buy canon solid-state, solid-state how to choose canon, how to choose canon solid-state, solid-state top canon, top canon solid-state, solid-state canon guide, canon guide solid-state, solid-state canon for sale, canon for sale solid-state, solid-state canon deals, canon deals solid-state, usb storage canon, canon usb storage, usb storage cheap, cheap usb storage, usb storage best, best usb storage, usb storage latest, latest usb storage, usb storage review, review usb storage, usb storage price, price usb storage, usb storage sell, sell usb storage, usb storage buy, buy usb storage, usb storage recommendation, recommendation usb storage, usb storage tips, tips usb storage, usb storage tutorial, tutorial usb storage, usb storage guide, guide usb storage, usb storage how to, how to usb storage, usb storage vs, vs usb storage, usb storage versus, versus usb storage, usb storage compared to, compared to usb storage, usb storage comparison, comparison usb storage, usb storage alternatives, alternatives usb storage, usb storage which is better, which is better usb storage, usb storage expensive, expensive usb storage, usb storage discount, discount usb storage, usb storage deals, deals usb storage, usb storage sale, sale usb storage, usb storage affordable, affordable usb storage, usb storage cost, cost usb storage, usb storage online, online usb storage, usb storage offline, offline usb storage, usb storage marketplace, marketplace usb storage, usb storage store, store usb storage, usb storage shop, shop usb storage, usb storage retailer, retailer usb storage, usb storage where to buy, where to buy usb storage, usb storage worst, worst usb storage, usb storage quality, quality usb storage, usb storage original, original usb storage, usb storage genuine, genuine usb storage, usb storage fake, fake usb storage, usb storage replica, replica usb storage, usb storage authentic, authentic usb storage, usb storage brand, brand usb storage, usb storage manufacturer, manufacturer usb storage, usb storage company, company usb storage, usb storage product, product usb storage, usb storage canon product, canon product usb storage, usb storage sell canon, sell canon usb storage, usb storage buy canon, buy canon usb storage, usb storage cheap canon, cheap canon usb storage, usb storage best canon, best canon usb storage, usb storage canon review, canon review usb storage, usb storage where to buy canon, where to buy canon usb storage, usb storage how to choose canon, how to choose canon usb storage, usb storage top canon, top canon usb storage, usb storage canon guide, canon guide usb storage, usb storage canon for sale, canon for sale usb storage, usb storage canon deals, canon deals usb storage
2026-09-27 16:22:53,595 - INFO - Expanded 220 seed keywords to 385 variations
2026-09-27 16:22:53,595 - INFO - Language: en
2026-09-27 16:22:53,595 - INFO - Region: us
2026-09-27 16:27:23,485 - INFO - 🎯 After all filtering for 'canon': 120 relevant keywords
2026-09-27 16:27:23,941 - INFO - 🎯 Found 5 new keywords for niche 'canon': canon affordable solid-state, affordable solid-state cheap, canon alternatives solid-state, cheap alternatives solid-state, best alternatives solid-state
2026-09-27 16:27:39,979 - INFO - ✅ Niche 'canon' process complete! 733 total keyword results.
2026-09-27 16:27:39,980 - INFO - ✅ Completed processing niche: 'canon'
2026-09-27 16:27:39,980 - INFO - 🔧 Request Handler final stats - Success rate: 100.0%
2026-09-27 16:27:39,980 - INFO -    Total requests: 207788, Blocks: 1
2026-09-27 16:27:39,981 - INFO - 
========================================
2026-09-27 16:27:39,981 - INFO - Process Summary:
2026-09-27 16:27:39,981 - INFO - - Current niche: 'canon'
2026-09-27 16:27:39,981 - INFO - - Next niche will be: 'nikon'
2026-09-27 16:27:39,981 - INFO - - Keywords saved in: languages/english/keywords/canon/
2026-09-27 16:27:39,982 - INFO - ========================================
