2026-09-22 22:05:03,361 - INFO - Log file created at: /home/runner/work/potensitech.com/potensitech.com/languages/english/keywords/logs/kw_search_20260922_220503.log
2026-09-22 22:05:03,361 - INFO - ============================================================
2026-09-22 22:05:03,361 - INFO - AUTOMATIC KEYWORD RESEARCH TOOL
2026-09-22 22:05:03,361 - INFO - ============================================================
2026-09-22 22:05:03,680 - INFO - ========================================
2026-09-22 22:05:03,680 - INFO - Found 14 niches to process: xiaomi, iphone, samsung, apple, sony, asus, philips, sandisk, intel, nvidia, amd, canon, nikon, huawei
2026-09-22 22:05:03,680 - INFO - ========================================
2026-09-22 22:05:03,680 - INFO - Continuing from last processed niche: asus
2026-09-22 22:05:03,680 - INFO - ========================================
2026-09-22 22:05:03,680 - INFO - 🎯 PROCESSING NICHE 7/14: 'philips'
2026-09-22 22:05:03,680 - INFO - ========================================
2026-09-22 22:05:03,680 - INFO - 📁 Niche directory: /home/runner/work/potensitech.com/potensitech.com/languages/english/keywords/philips
2026-09-22 22:05:03,680 - INFO - Selected region: us
2026-09-22 22:05:03,680 - INFO - Selected language: en
2026-09-22 22:05:03,680 - INFO - 🎯 Current niche: philips
2026-09-22 22:05:14,797 - INFO - 🎯 Niche terms for filtering: philips, cheap, best, latest, review, price, sell, buy, recommendation, tips, tutorial, guide, how to, vs, versus, compared to, comparison, alternatives, which is better, expensive, discount, deals, sale, affordable, cost, online, offline, marketplace, store, shop, retailer, where to buy, worst, quality, original, genuine, fake, replica, authentic, brand, manufacturer, company, product, philips product, sell philips, buy philips, cheap philips, best philips, philips review, where to buy philips, how to choose philips, top philips, philips guide, philips for sale, philips deals
2026-09-22 22:05:14,798 - INFO - Generated 50 niche-clue pairs for 'philips'.
2026-09-22 22:05:14,800 - INFO - Expanded 50 seed keywords to 218 variations
2026-09-22 22:05:14,801 - INFO - 🔧 Request Handler initialized - Success rate: 100.0%
2026-09-22 22:09:39,867 - INFO - Original clue keywords: dslr settings, gaming optimization
2026-09-22 22:09:39,868 - INFO - Niche-focused seeds: dslr settings philips, philips dslr settings, dslr settings cheap, cheap dslr settings, dslr settings best, best dslr settings, dslr settings latest, latest dslr settings, dslr settings review, review dslr settings, dslr settings price, price dslr settings, dslr settings sell, sell dslr settings, dslr settings buy, buy dslr settings, dslr settings recommendation, recommendation dslr settings, dslr settings tips, tips dslr settings, dslr settings tutorial, tutorial dslr settings, dslr settings guide, guide dslr settings, dslr settings how to, how to dslr settings, dslr settings vs, vs dslr settings, dslr settings versus, versus dslr settings, dslr settings compared to, compared to dslr settings, dslr settings comparison, comparison dslr settings, dslr settings alternatives, alternatives dslr settings, dslr settings which is better, which is better dslr settings, dslr settings expensive, expensive dslr settings, dslr settings discount, discount dslr settings, dslr settings deals, deals dslr settings, dslr settings sale, sale dslr settings, dslr settings affordable, affordable dslr settings, dslr settings cost, cost dslr settings, dslr settings online, online dslr settings, dslr settings offline, offline dslr settings, dslr settings marketplace, marketplace dslr settings, dslr settings store, store dslr settings, dslr settings shop, shop dslr settings, dslr settings retailer, retailer dslr settings, dslr settings where to buy, where to buy dslr settings, dslr settings worst, worst dslr settings, dslr settings quality, quality dslr settings, dslr settings original, original dslr settings, dslr settings genuine, genuine dslr settings, dslr settings fake, fake dslr settings, dslr settings replica, replica dslr settings, dslr settings authentic, authentic dslr settings, dslr settings brand, brand dslr settings, dslr settings manufacturer, manufacturer dslr settings, dslr settings company, company dslr settings, dslr settings product, product dslr settings, dslr settings philips product, philips product dslr settings, dslr settings sell philips, sell philips dslr settings, dslr settings buy philips, buy philips dslr settings, dslr settings cheap philips, cheap philips dslr settings, dslr settings best philips, best philips dslr settings, dslr settings philips review, philips review dslr settings, dslr settings where to buy philips, where to buy philips dslr settings, dslr settings how to choose philips, how to choose philips dslr settings, dslr settings top philips, top philips dslr settings, dslr settings philips guide, philips guide dslr settings, dslr settings philips for sale, philips for sale dslr settings, dslr settings philips deals, philips deals dslr settings, gaming optimization philips, philips gaming optimization, gaming optimization cheap, cheap gaming optimization, gaming optimization best, best gaming optimization, gaming optimization latest, latest gaming optimization, gaming optimization review, review gaming optimization, gaming optimization price, price gaming optimization, gaming optimization sell, sell gaming optimization, gaming optimization buy, buy gaming optimization, gaming optimization recommendation, recommendation gaming optimization, gaming optimization tips, tips gaming optimization, gaming optimization tutorial, tutorial gaming optimization, gaming optimization guide, guide gaming optimization, gaming optimization how to, how to gaming optimization, gaming optimization vs, vs gaming optimization, gaming optimization versus, versus gaming optimization, gaming optimization compared to, compared to gaming optimization, gaming optimization comparison, comparison gaming optimization, gaming optimization alternatives, alternatives gaming optimization, gaming optimization which is better, which is better gaming optimization, gaming optimization expensive, expensive gaming optimization, gaming optimization discount, discount gaming optimization, gaming optimization deals, deals gaming optimization, gaming optimization sale, sale gaming optimization, gaming optimization affordable, affordable gaming optimization, gaming optimization cost, cost gaming optimization, gaming optimization online, online gaming optimization, gaming optimization offline, offline gaming optimization, gaming optimization marketplace, marketplace gaming optimization, gaming optimization store, store gaming optimization, gaming optimization shop, shop gaming optimization, gaming optimization retailer, retailer gaming optimization, gaming optimization where to buy, where to buy gaming optimization, gaming optimization worst, worst gaming optimization, gaming optimization quality, quality gaming optimization, gaming optimization original, original gaming optimization, gaming optimization genuine, genuine gaming optimization, gaming optimization fake, fake gaming optimization, gaming optimization replica, replica gaming optimization, gaming optimization authentic, authentic gaming optimization, gaming optimization brand, brand gaming optimization, gaming optimization manufacturer, manufacturer gaming optimization, gaming optimization company, company gaming optimization, gaming optimization product, product gaming optimization, gaming optimization philips product, philips product gaming optimization, gaming optimization sell philips, sell philips gaming optimization, gaming optimization buy philips, buy philips gaming optimization, gaming optimization cheap philips, cheap philips gaming optimization, gaming optimization best philips, best philips gaming optimization, gaming optimization philips review, philips review gaming optimization, gaming optimization where to buy philips, where to buy philips gaming optimization, gaming optimization how to choose philips, how to choose philips gaming optimization, gaming optimization top philips, top philips gaming optimization, gaming optimization philips guide, philips guide gaming optimization, gaming optimization philips for sale, philips for sale gaming optimization, gaming optimization philips deals, philips deals gaming optimization
2026-09-22 22:09:39,870 - INFO - Expanded 220 seed keywords to 385 variations
2026-09-22 22:09:39,870 - INFO - Language: en
2026-09-22 22:09:39,870 - INFO - Region: us
2026-09-22 22:14:11,820 - INFO - 🎯 After all filtering for 'philips': 120 relevant keywords
2026-09-22 22:14:13,028 - INFO - 🎯 Found 5 new keywords for niche 'philips': philips affordable dslr settings, philips affordable gaming optimization, cheap alternatives dslr settings, cheap alternatives gaming optimization, best authentic dslr settings
2026-09-22 22:14:29,499 - INFO - ✅ Niche 'philips' process complete! 742 total keyword results.
2026-09-22 22:14:29,499 - INFO - ✅ Completed processing niche: 'philips'
2026-09-22 22:14:29,499 - INFO - 🔧 Request Handler final stats - Success rate: 100.0%
2026-09-22 22:14:29,499 - INFO -    Total requests: 203547, Blocks: 1
2026-09-22 22:14:29,500 - INFO - 
========================================
2026-09-22 22:14:29,500 - INFO - Process Summary:
2026-09-22 22:14:29,500 - INFO - - Current niche: 'philips'
2026-09-22 22:14:29,500 - INFO - - Next niche will be: 'sandisk'
2026-09-22 22:14:29,500 - INFO - - Keywords saved in: languages/english/keywords/philips/
2026-09-22 22:14:29,501 - INFO - ========================================
