2026-08-01 20:15:10,783 - INFO - Log file created at: /home/runner/work/potensitech.com/potensitech.com/languages/english/keywords/logs/kw_search_20260801_201510.log
2026-08-01 20:15:10,783 - INFO - ============================================================
2026-08-01 20:15:10,783 - INFO - AUTOMATIC KEYWORD RESEARCH TOOL
2026-08-01 20:15:10,783 - INFO - ============================================================
2026-08-01 20:15:10,959 - INFO - ========================================
2026-08-01 20:15:10,960 - INFO - Found 14 niches to process: xiaomi, iphone, samsung, apple, sony, asus, philips, sandisk, intel, nvidia, amd, canon, nikon, huawei
2026-08-01 20:15:10,960 - INFO - ========================================
2026-08-01 20:15:10,960 - INFO - Continuing from last processed niche: philips
2026-08-01 20:15:10,960 - INFO - ========================================
2026-08-01 20:15:10,960 - INFO - 🎯 PROCESSING NICHE 8/14: 'sandisk'
2026-08-01 20:15:10,960 - INFO - ========================================
2026-08-01 20:15:10,960 - INFO - 📁 Niche directory: /home/runner/work/potensitech.com/potensitech.com/languages/english/keywords/sandisk
2026-08-01 20:15:10,960 - INFO - Selected region: us
2026-08-01 20:15:10,960 - INFO - Selected language: en
2026-08-01 20:15:10,960 - INFO - 🎯 Current niche: sandisk
2026-08-01 20:15:12,481 - INFO - 🎯 Niche terms for filtering: sandisk, cheap, best, latest, review, price, sell, buy, recommendation, tips, tutorial, guide, how to, vs, versus, compared to, comparison, alternatives, which is better, expensive, discount, deals, sale, affordable, cost, online, offline, marketplace, store, shop, retailer, where to buy, worst, quality, original, genuine, fake, replica, authentic, brand, manufacturer, company, product, sandisk product, sell sandisk, buy sandisk, cheap sandisk, best sandisk, sandisk review, where to buy sandisk, how to choose sandisk, top sandisk, sandisk guide, sandisk for sale, sandisk deals
2026-08-01 20:15:12,481 - INFO - Generated 50 niche-clue pairs for 'sandisk'.
2026-08-01 20:15:12,483 - INFO - Expanded 50 seed keywords to 218 variations
2026-08-01 20:15:12,483 - INFO - 🔧 Request Handler initialized - Success rate: 100.0%
2026-08-01 20:19:36,421 - INFO - Original clue keywords: chipset compatibility, processor speed
2026-08-01 20:19:36,421 - INFO - Niche-focused seeds: chipset compatibility sandisk, sandisk chipset compatibility, chipset compatibility cheap, cheap chipset compatibility, chipset compatibility best, best chipset compatibility, chipset compatibility latest, latest chipset compatibility, chipset compatibility review, review chipset compatibility, chipset compatibility price, price chipset compatibility, chipset compatibility sell, sell chipset compatibility, chipset compatibility buy, buy chipset compatibility, chipset compatibility recommendation, recommendation chipset compatibility, chipset compatibility tips, tips chipset compatibility, chipset compatibility tutorial, tutorial chipset compatibility, chipset compatibility guide, guide chipset compatibility, chipset compatibility how to, how to chipset compatibility, chipset compatibility vs, vs chipset compatibility, chipset compatibility versus, versus chipset compatibility, chipset compatibility compared to, compared to chipset compatibility, chipset compatibility comparison, comparison chipset compatibility, chipset compatibility alternatives, alternatives chipset compatibility, chipset compatibility which is better, which is better chipset compatibility, chipset compatibility expensive, expensive chipset compatibility, chipset compatibility discount, discount chipset compatibility, chipset compatibility deals, deals chipset compatibility, chipset compatibility sale, sale chipset compatibility, chipset compatibility affordable, affordable chipset compatibility, chipset compatibility cost, cost chipset compatibility, chipset compatibility online, online chipset compatibility, chipset compatibility offline, offline chipset compatibility, chipset compatibility marketplace, marketplace chipset compatibility, chipset compatibility store, store chipset compatibility, chipset compatibility shop, shop chipset compatibility, chipset compatibility retailer, retailer chipset compatibility, chipset compatibility where to buy, where to buy chipset compatibility, chipset compatibility worst, worst chipset compatibility, chipset compatibility quality, quality chipset compatibility, chipset compatibility original, original chipset compatibility, chipset compatibility genuine, genuine chipset compatibility, chipset compatibility fake, fake chipset compatibility, chipset compatibility replica, replica chipset compatibility, chipset compatibility authentic, authentic chipset compatibility, chipset compatibility brand, brand chipset compatibility, chipset compatibility manufacturer, manufacturer chipset compatibility, chipset compatibility company, company chipset compatibility, chipset compatibility product, product chipset compatibility, chipset compatibility sandisk product, sandisk product chipset compatibility, chipset compatibility sell sandisk, sell sandisk chipset compatibility, chipset compatibility buy sandisk, buy sandisk chipset compatibility, chipset compatibility cheap sandisk, cheap sandisk chipset compatibility, chipset compatibility best sandisk, best sandisk chipset compatibility, chipset compatibility sandisk review, sandisk review chipset compatibility, chipset compatibility where to buy sandisk, where to buy sandisk chipset compatibility, chipset compatibility how to choose sandisk, how to choose sandisk chipset compatibility, chipset compatibility top sandisk, top sandisk chipset compatibility, chipset compatibility sandisk guide, sandisk guide chipset compatibility, chipset compatibility sandisk for sale, sandisk for sale chipset compatibility, chipset compatibility sandisk deals, sandisk deals chipset compatibility, processor speed sandisk, sandisk processor speed, processor speed cheap, cheap processor speed, processor speed best, best processor speed, processor speed latest, latest processor speed, processor speed review, review processor speed, processor speed price, price processor speed, processor speed sell, sell processor speed, processor speed buy, buy processor speed, processor speed recommendation, recommendation processor speed, processor speed tips, tips processor speed, processor speed tutorial, tutorial processor speed, processor speed guide, guide processor speed, processor speed how to, how to processor speed, processor speed vs, vs processor speed, processor speed versus, versus processor speed, processor speed compared to, compared to processor speed, processor speed comparison, comparison processor speed, processor speed alternatives, alternatives processor speed, processor speed which is better, which is better processor speed, processor speed expensive, expensive processor speed, processor speed discount, discount processor speed, processor speed deals, deals processor speed, processor speed sale, sale processor speed, processor speed affordable, affordable processor speed, processor speed cost, cost processor speed, processor speed online, online processor speed, processor speed offline, offline processor speed, processor speed marketplace, marketplace processor speed, processor speed store, store processor speed, processor speed shop, shop processor speed, processor speed retailer, retailer processor speed, processor speed where to buy, where to buy processor speed, processor speed worst, worst processor speed, processor speed quality, quality processor speed, processor speed original, original processor speed, processor speed genuine, genuine processor speed, processor speed fake, fake processor speed, processor speed replica, replica processor speed, processor speed authentic, authentic processor speed, processor speed brand, brand processor speed, processor speed manufacturer, manufacturer processor speed, processor speed company, company processor speed, processor speed product, product processor speed, processor speed sandisk product, sandisk product processor speed, processor speed sell sandisk, sell sandisk processor speed, processor speed buy sandisk, buy sandisk processor speed, processor speed cheap sandisk, cheap sandisk processor speed, processor speed best sandisk, best sandisk processor speed, processor speed sandisk review, sandisk review processor speed, processor speed where to buy sandisk, where to buy sandisk processor speed, processor speed how to choose sandisk, how to choose sandisk processor speed, processor speed top sandisk, top sandisk processor speed, processor speed sandisk guide, sandisk guide processor speed, processor speed sandisk for sale, sandisk for sale processor speed, processor speed sandisk deals, sandisk deals processor speed
2026-08-01 20:19:36,423 - INFO - Expanded 220 seed keywords to 385 variations
2026-08-01 20:19:36,423 - INFO - Language: en
2026-08-01 20:19:36,423 - INFO - Region: us
2026-08-01 20:21:45,470 - INFO - 🎯 After all filtering for 'sandisk': 120 relevant keywords
2026-08-01 20:21:47,147 - INFO - 🎯 Found 5 new keywords for niche 'sandisk': sandisk affordable chipset compatibility, sandisk affordable processor speed, cheap alternatives processor speed, best authentic processor speed, how to brand processor speed
2026-08-01 20:21:49,013 - INFO - ✅ Niche 'sandisk' process complete! 793 total keyword results.
2026-08-01 20:21:49,014 - INFO - ✅ Completed processing niche: 'sandisk'
2026-08-01 20:21:49,014 - INFO - 🔧 Request Handler final stats - Success rate: 100.0%
2026-08-01 20:21:49,014 - INFO -    Total requests: 162163, Blocks: 1
2026-08-01 20:21:49,014 - INFO - 
========================================
2026-08-01 20:21:49,015 - INFO - Process Summary:
2026-08-01 20:21:49,015 - INFO - - Current niche: 'sandisk'
2026-08-01 20:21:49,015 - INFO - - Next niche will be: 'intel'
2026-08-01 20:21:49,015 - INFO - - Keywords saved in: languages/english/keywords/sandisk/
2026-08-01 20:21:49,015 - INFO - ========================================
