2026-08-29 14:39:56,330 - INFO - Log file created at: /home/runner/work/potensitech.com/potensitech.com/languages/english/keywords/logs/kw_search_20260829_143956.log
2026-08-29 14:39:56,330 - INFO - ============================================================
2026-08-29 14:39:56,330 - INFO - AUTOMATIC KEYWORD RESEARCH TOOL
2026-08-29 14:39:56,330 - INFO - ============================================================
2026-08-29 14:39:56,540 - INFO - ========================================
2026-08-29 14:39:56,540 - INFO - Found 14 niches to process: xiaomi, iphone, samsung, apple, sony, asus, philips, sandisk, intel, nvidia, amd, canon, nikon, huawei
2026-08-29 14:39:56,540 - INFO - ========================================
2026-08-29 14:39:56,540 - INFO - Continuing from last processed niche: xiaomi
2026-08-29 14:39:56,540 - INFO - ========================================
2026-08-29 14:39:56,540 - INFO - 🎯 PROCESSING NICHE 2/14: 'iphone'
2026-08-29 14:39:56,540 - INFO - ========================================
2026-08-29 14:39:56,540 - INFO - 📁 Niche directory: /home/runner/work/potensitech.com/potensitech.com/languages/english/keywords/iphone
2026-08-29 14:39:56,540 - INFO - Selected region: us
2026-08-29 14:39:56,540 - INFO - Selected language: en
2026-08-29 14:39:56,540 - INFO - 🎯 Current niche: iphone
2026-08-29 14:40:07,608 - INFO - 🎯 Niche terms for filtering: iphone, cheap, best, latest, review, price, sell, buy, recommendation, tips, tutorial, guide, how to, vs, versus, compared to, comparison, alternatives, which is better, expensive, discount, deals, sale, affordable, cost, online, offline, marketplace, store, shop, retailer, where to buy, worst, quality, original, genuine, fake, replica, authentic, brand, manufacturer, company, product, iphone product, sell iphone, buy iphone, cheap iphone, best iphone, iphone review, where to buy iphone, how to choose iphone, top iphone, iphone guide, iphone for sale, iphone deals
2026-08-29 14:40:07,609 - INFO - Generated 50 niche-clue pairs for 'iphone'.
2026-08-29 14:40:07,610 - INFO - Expanded 50 seed keywords to 218 variations
2026-08-29 14:40:07,611 - INFO - 🔧 Request Handler initialized - Success rate: 100.0%
2026-08-29 14:44:31,582 - INFO - Original clue keywords: electric-shaver
2026-08-29 14:44:31,582 - INFO - Niche-focused seeds: electric-shaver iphone, iphone electric-shaver, electric-shaver cheap, cheap electric-shaver, electric-shaver best, best electric-shaver, electric-shaver latest, latest electric-shaver, electric-shaver review, review electric-shaver, electric-shaver price, price electric-shaver, electric-shaver sell, sell electric-shaver, electric-shaver buy, buy electric-shaver, electric-shaver recommendation, recommendation electric-shaver, electric-shaver tips, tips electric-shaver, electric-shaver tutorial, tutorial electric-shaver, electric-shaver guide, guide electric-shaver, electric-shaver how to, how to electric-shaver, electric-shaver vs, vs electric-shaver, electric-shaver versus, versus electric-shaver, electric-shaver compared to, compared to electric-shaver, electric-shaver comparison, comparison electric-shaver, electric-shaver alternatives, alternatives electric-shaver, electric-shaver which is better, which is better electric-shaver, electric-shaver expensive, expensive electric-shaver, electric-shaver discount, discount electric-shaver, electric-shaver deals, deals electric-shaver, electric-shaver sale, sale electric-shaver, electric-shaver affordable, affordable electric-shaver, electric-shaver cost, cost electric-shaver, electric-shaver online, online electric-shaver, electric-shaver offline, offline electric-shaver, electric-shaver marketplace, marketplace electric-shaver, electric-shaver store, store electric-shaver, electric-shaver shop, shop electric-shaver, electric-shaver retailer, retailer electric-shaver, electric-shaver where to buy, where to buy electric-shaver, electric-shaver worst, worst electric-shaver, electric-shaver quality, quality electric-shaver, electric-shaver original, original electric-shaver, electric-shaver genuine, genuine electric-shaver, electric-shaver fake, fake electric-shaver, electric-shaver replica, replica electric-shaver, electric-shaver authentic, authentic electric-shaver, electric-shaver brand, brand electric-shaver, electric-shaver manufacturer, manufacturer electric-shaver, electric-shaver company, company electric-shaver, electric-shaver product, product electric-shaver, electric-shaver iphone product, iphone product electric-shaver, electric-shaver sell iphone, sell iphone electric-shaver, electric-shaver buy iphone, buy iphone electric-shaver, electric-shaver cheap iphone, cheap iphone electric-shaver, electric-shaver best iphone, best iphone electric-shaver, electric-shaver iphone review, iphone review electric-shaver, electric-shaver where to buy iphone, where to buy iphone electric-shaver, electric-shaver how to choose iphone, how to choose iphone electric-shaver, electric-shaver top iphone, top iphone electric-shaver, electric-shaver iphone guide, iphone guide electric-shaver, electric-shaver iphone for sale, iphone for sale electric-shaver, electric-shaver iphone deals, iphone deals electric-shaver
2026-08-29 14:44:31,584 - INFO - Expanded 110 seed keywords to 275 variations
2026-08-29 14:44:31,584 - INFO - Language: en
2026-08-29 14:44:31,584 - INFO - Region: us
2026-08-29 14:49:00,854 - INFO - 🎯 After all filtering for 'iphone': 120 relevant keywords
2026-08-29 14:49:01,115 - INFO - 🎯 Found 5 new keywords for niche 'iphone': iphone affordable electric-shaver, cheap affordable electric-shaver, best affordable electric-shaver, iphone alternatives electric-shaver, cheap alternatives electric-shaver
2026-08-29 14:49:17,901 - INFO - ✅ Niche 'iphone' process complete! 865 total keyword results.
2026-08-29 14:49:17,901 - INFO - ✅ Completed processing niche: 'iphone'
2026-08-29 14:49:17,901 - INFO - 🔧 Request Handler final stats - Success rate: 100.0%
2026-08-29 14:49:17,901 - INFO -    Total requests: 183326, Blocks: 1
2026-08-29 14:49:17,902 - INFO - 
========================================
2026-08-29 14:49:17,902 - INFO - Process Summary:
2026-08-29 14:49:17,902 - INFO - - Current niche: 'iphone'
2026-08-29 14:49:17,902 - INFO - - Next niche will be: 'samsung'
2026-08-29 14:49:17,902 - INFO - - Keywords saved in: languages/english/keywords/iphone/
2026-08-29 14:49:17,903 - INFO - ========================================
