2026-08-16 01:50:25,484 - INFO - Log file created at: /home/runner/work/potensitech.com/potensitech.com/languages/english/keywords/logs/kw_search_20260816_015025.log
2026-08-16 01:50:25,484 - INFO - ============================================================
2026-08-16 01:50:25,484 - INFO - AUTOMATIC KEYWORD RESEARCH TOOL
2026-08-16 01:50:25,484 - INFO - ============================================================
2026-08-16 01:50:25,666 - INFO - ========================================
2026-08-16 01:50:25,666 - INFO - Found 14 niches to process: xiaomi, iphone, samsung, apple, sony, asus, philips, sandisk, intel, nvidia, amd, canon, nikon, huawei
2026-08-16 01:50:25,666 - INFO - ========================================
2026-08-16 01:50:25,666 - INFO - Continuing from last processed niche: philips
2026-08-16 01:50:25,666 - INFO - ========================================
2026-08-16 01:50:25,666 - INFO - 🎯 PROCESSING NICHE 8/14: 'sandisk'
2026-08-16 01:50:25,666 - INFO - ========================================
2026-08-16 01:50:25,666 - INFO - 📁 Niche directory: /home/runner/work/potensitech.com/potensitech.com/languages/english/keywords/sandisk
2026-08-16 01:50:25,666 - INFO - Selected region: us
2026-08-16 01:50:25,666 - INFO - Selected language: en
2026-08-16 01:50:25,666 - INFO - 🎯 Current niche: sandisk
2026-08-16 01:50:26,248 - INFO - 🎯 Niche terms for filtering: sandisk, cheap, best, latest, review, price, sell, buy, recommendation, tips, tutorial, guide, how to, vs, versus, compared to, comparison, alternatives, which is better, expensive, discount, deals, sale, affordable, cost, online, offline, marketplace, store, shop, retailer, where to buy, worst, quality, original, genuine, fake, replica, authentic, brand, manufacturer, company, product, sandisk product, sell sandisk, buy sandisk, cheap sandisk, best sandisk, sandisk review, where to buy sandisk, how to choose sandisk, top sandisk, sandisk guide, sandisk for sale, sandisk deals
2026-08-16 01:50:26,249 - INFO - Generated 50 niche-clue pairs for 'sandisk'.
2026-08-16 01:50:26,250 - INFO - Expanded 50 seed keywords to 218 variations
2026-08-16 01:50:26,255 - INFO - 🔧 Request Handler initialized - Success rate: 100.0%
2026-08-16 01:54:51,639 - INFO - Original clue keywords: clock speed, external storage
2026-08-16 01:54:51,639 - INFO - Niche-focused seeds: clock speed sandisk, sandisk clock speed, clock speed cheap, cheap clock speed, clock speed best, best clock speed, clock speed latest, latest clock speed, clock speed review, review clock speed, clock speed price, price clock speed, clock speed sell, sell clock speed, clock speed buy, buy clock speed, clock speed recommendation, recommendation clock speed, clock speed tips, tips clock speed, clock speed tutorial, tutorial clock speed, clock speed guide, guide clock speed, clock speed how to, how to clock speed, clock speed vs, vs clock speed, clock speed versus, versus clock speed, clock speed compared to, compared to clock speed, clock speed comparison, comparison clock speed, clock speed alternatives, alternatives clock speed, clock speed which is better, which is better clock speed, clock speed expensive, expensive clock speed, clock speed discount, discount clock speed, clock speed deals, deals clock speed, clock speed sale, sale clock speed, clock speed affordable, affordable clock speed, clock speed cost, cost clock speed, clock speed online, online clock speed, clock speed offline, offline clock speed, clock speed marketplace, marketplace clock speed, clock speed store, store clock speed, clock speed shop, shop clock speed, clock speed retailer, retailer clock speed, clock speed where to buy, where to buy clock speed, clock speed worst, worst clock speed, clock speed quality, quality clock speed, clock speed original, original clock speed, clock speed genuine, genuine clock speed, clock speed fake, fake clock speed, clock speed replica, replica clock speed, clock speed authentic, authentic clock speed, clock speed brand, brand clock speed, clock speed manufacturer, manufacturer clock speed, clock speed company, company clock speed, clock speed product, product clock speed, clock speed sandisk product, sandisk product clock speed, clock speed sell sandisk, sell sandisk clock speed, clock speed buy sandisk, buy sandisk clock speed, clock speed cheap sandisk, cheap sandisk clock speed, clock speed best sandisk, best sandisk clock speed, clock speed sandisk review, sandisk review clock speed, clock speed where to buy sandisk, where to buy sandisk clock speed, clock speed how to choose sandisk, how to choose sandisk clock speed, clock speed top sandisk, top sandisk clock speed, clock speed sandisk guide, sandisk guide clock speed, clock speed sandisk for sale, sandisk for sale clock speed, clock speed sandisk deals, sandisk deals clock speed, external storage sandisk, sandisk external storage, external storage cheap, cheap external storage, external storage best, best external storage, external storage latest, latest external storage, external storage review, review external storage, external storage price, price external storage, external storage sell, sell external storage, external storage buy, buy external storage, external storage recommendation, recommendation external storage, external storage tips, tips external storage, external storage tutorial, tutorial external storage, external storage guide, guide external storage, external storage how to, how to external storage, external storage vs, vs external storage, external storage versus, versus external storage, external storage compared to, compared to external storage, external storage comparison, comparison external storage, external storage alternatives, alternatives external storage, external storage which is better, which is better external storage, external storage expensive, expensive external storage, external storage discount, discount external storage, external storage deals, deals external storage, external storage sale, sale external storage, external storage affordable, affordable external storage, external storage cost, cost external storage, external storage online, online external storage, external storage offline, offline external storage, external storage marketplace, marketplace external storage, external storage store, store external storage, external storage shop, shop external storage, external storage retailer, retailer external storage, external storage where to buy, where to buy external storage, external storage worst, worst external storage, external storage quality, quality external storage, external storage original, original external storage, external storage genuine, genuine external storage, external storage fake, fake external storage, external storage replica, replica external storage, external storage authentic, authentic external storage, external storage brand, brand external storage, external storage manufacturer, manufacturer external storage, external storage company, company external storage, external storage product, product external storage, external storage sandisk product, sandisk product external storage, external storage sell sandisk, sell sandisk external storage, external storage buy sandisk, buy sandisk external storage, external storage cheap sandisk, cheap sandisk external storage, external storage best sandisk, best sandisk external storage, external storage sandisk review, sandisk review external storage, external storage where to buy sandisk, where to buy sandisk external storage, external storage how to choose sandisk, how to choose sandisk external storage, external storage top sandisk, top sandisk external storage, external storage sandisk guide, sandisk guide external storage, external storage sandisk for sale, sandisk for sale external storage, external storage sandisk deals, sandisk deals external storage
2026-08-16 01:54:51,641 - INFO - Expanded 220 seed keywords to 385 variations
2026-08-16 01:54:51,641 - INFO - Language: en
2026-08-16 01:54:51,641 - INFO - Region: us
2026-08-16 01:57:11,606 - INFO - 🎯 After all filtering for 'sandisk': 120 relevant keywords
2026-08-16 01:57:12,581 - INFO - 🎯 Found 5 new keywords for niche 'sandisk': sandisk affordable clock speed, sandisk affordable external storage, cheap alternatives clock speed, best authentic clock speed, how to brand clock speed
2026-08-16 01:57:13,028 - INFO - ✅ Niche 'sandisk' process complete! 813 total keyword results.
2026-08-16 01:57:13,028 - INFO - ✅ Completed processing niche: 'sandisk'
2026-08-16 01:57:13,028 - INFO - 🔧 Request Handler final stats - Success rate: 100.0%
2026-08-16 01:57:13,028 - INFO -    Total requests: 172608, Blocks: 1
2026-08-16 01:57:13,029 - INFO - 
========================================
2026-08-16 01:57:13,029 - INFO - Process Summary:
2026-08-16 01:57:13,029 - INFO - - Current niche: 'sandisk'
2026-08-16 01:57:13,029 - INFO - - Next niche will be: 'intel'
2026-08-16 01:57:13,029 - INFO - - Keywords saved in: languages/english/keywords/sandisk/
2026-08-16 01:57:13,030 - INFO - ========================================
