2026-09-29 17:32:37,489 - INFO - Log file created at: /home/runner/work/potensitech.com/potensitech.com/languages/english/keywords/logs/kw_search_20260929_173237.log
2026-09-29 17:32:37,489 - INFO - ============================================================
2026-09-29 17:32:37,489 - INFO - AUTOMATIC KEYWORD RESEARCH TOOL
2026-09-29 17:32:37,489 - INFO - ============================================================
2026-09-29 17:32:37,979 - INFO - ========================================
2026-09-29 17:32:37,979 - INFO - Found 14 niches to process: xiaomi, iphone, samsung, apple, sony, asus, philips, sandisk, intel, nvidia, amd, canon, nikon, huawei
2026-09-29 17:32:37,979 - INFO - ========================================
2026-09-29 17:32:37,979 - INFO - Continuing from last processed niche: samsung
2026-09-29 17:32:37,979 - INFO - ========================================
2026-09-29 17:32:37,979 - INFO - 🎯 PROCESSING NICHE 4/14: 'apple'
2026-09-29 17:32:37,979 - INFO - ========================================
2026-09-29 17:32:37,979 - INFO - 📁 Niche directory: /home/runner/work/potensitech.com/potensitech.com/languages/english/keywords/apple
2026-09-29 17:32:37,979 - INFO - Selected region: us
2026-09-29 17:32:37,979 - INFO - Selected language: en
2026-09-29 17:32:37,979 - INFO - 🎯 Current niche: apple
2026-09-29 17:32:48,674 - INFO - 🎯 Niche terms for filtering: apple, cheap, best, latest, review, price, sell, buy, recommendation, tips, tutorial, guide, how to, vs, versus, compared to, comparison, alternatives, which is better, expensive, discount, deals, sale, affordable, cost, online, offline, marketplace, store, shop, retailer, where to buy, worst, quality, original, genuine, fake, replica, authentic, brand, manufacturer, company, product, apple product, sell apple, buy apple, cheap apple, best apple, apple review, where to buy apple, how to choose apple, top apple, apple guide, apple for sale, apple deals
2026-09-29 17:32:48,675 - INFO - Generated 50 niche-clue pairs for 'apple'.
2026-09-29 17:32:48,678 - INFO - Expanded 50 seed keywords to 218 variations
2026-09-29 17:32:48,679 - INFO - 🔧 Request Handler initialized - Success rate: 100.0%
2026-09-29 17:37:10,520 - INFO - Original clue keywords: smartphone storage, gaming performance
2026-09-29 17:37:10,520 - INFO - Niche-focused seeds: smartphone storage apple, apple smartphone storage, smartphone storage cheap, cheap smartphone storage, smartphone storage best, best smartphone storage, smartphone storage latest, latest smartphone storage, smartphone storage review, review smartphone storage, smartphone storage price, price smartphone storage, smartphone storage sell, sell smartphone storage, smartphone storage buy, buy smartphone storage, smartphone storage recommendation, recommendation smartphone storage, smartphone storage tips, tips smartphone storage, smartphone storage tutorial, tutorial smartphone storage, smartphone storage guide, guide smartphone storage, smartphone storage how to, how to smartphone storage, smartphone storage vs, vs smartphone storage, smartphone storage versus, versus smartphone storage, smartphone storage compared to, compared to smartphone storage, smartphone storage comparison, comparison smartphone storage, smartphone storage alternatives, alternatives smartphone storage, smartphone storage which is better, which is better smartphone storage, smartphone storage expensive, expensive smartphone storage, smartphone storage discount, discount smartphone storage, smartphone storage deals, deals smartphone storage, smartphone storage sale, sale smartphone storage, smartphone storage affordable, affordable smartphone storage, smartphone storage cost, cost smartphone storage, smartphone storage online, online smartphone storage, smartphone storage offline, offline smartphone storage, smartphone storage marketplace, marketplace smartphone storage, smartphone storage store, store smartphone storage, smartphone storage shop, shop smartphone storage, smartphone storage retailer, retailer smartphone storage, smartphone storage where to buy, where to buy smartphone storage, smartphone storage worst, worst smartphone storage, smartphone storage quality, quality smartphone storage, smartphone storage original, original smartphone storage, smartphone storage genuine, genuine smartphone storage, smartphone storage fake, fake smartphone storage, smartphone storage replica, replica smartphone storage, smartphone storage authentic, authentic smartphone storage, smartphone storage brand, brand smartphone storage, smartphone storage manufacturer, manufacturer smartphone storage, smartphone storage company, company smartphone storage, smartphone storage product, product smartphone storage, smartphone storage apple product, apple product smartphone storage, smartphone storage sell apple, sell apple smartphone storage, smartphone storage buy apple, buy apple smartphone storage, smartphone storage cheap apple, cheap apple smartphone storage, smartphone storage best apple, best apple smartphone storage, smartphone storage apple review, apple review smartphone storage, smartphone storage where to buy apple, where to buy apple smartphone storage, smartphone storage how to choose apple, how to choose apple smartphone storage, smartphone storage top apple, top apple smartphone storage, smartphone storage apple guide, apple guide smartphone storage, smartphone storage apple for sale, apple for sale smartphone storage, smartphone storage apple deals, apple deals smartphone storage, gaming performance apple, apple gaming performance, gaming performance cheap, cheap gaming performance, gaming performance best, best gaming performance, gaming performance latest, latest gaming performance, gaming performance review, review gaming performance, gaming performance price, price gaming performance, gaming performance sell, sell gaming performance, gaming performance buy, buy gaming performance, gaming performance recommendation, recommendation gaming performance, gaming performance tips, tips gaming performance, gaming performance tutorial, tutorial gaming performance, gaming performance guide, guide gaming performance, gaming performance how to, how to gaming performance, gaming performance vs, vs gaming performance, gaming performance versus, versus gaming performance, gaming performance compared to, compared to gaming performance, gaming performance comparison, comparison gaming performance, gaming performance alternatives, alternatives gaming performance, gaming performance which is better, which is better gaming performance, gaming performance expensive, expensive gaming performance, gaming performance discount, discount gaming performance, gaming performance deals, deals gaming performance, gaming performance sale, sale gaming performance, gaming performance affordable, affordable gaming performance, gaming performance cost, cost gaming performance, gaming performance online, online gaming performance, gaming performance offline, offline gaming performance, gaming performance marketplace, marketplace gaming performance, gaming performance store, store gaming performance, gaming performance shop, shop gaming performance, gaming performance retailer, retailer gaming performance, gaming performance where to buy, where to buy gaming performance, gaming performance worst, worst gaming performance, gaming performance quality, quality gaming performance, gaming performance original, original gaming performance, gaming performance genuine, genuine gaming performance, gaming performance fake, fake gaming performance, gaming performance replica, replica gaming performance, gaming performance authentic, authentic gaming performance, gaming performance brand, brand gaming performance, gaming performance manufacturer, manufacturer gaming performance, gaming performance company, company gaming performance, gaming performance product, product gaming performance, gaming performance apple product, apple product gaming performance, gaming performance sell apple, sell apple gaming performance, gaming performance buy apple, buy apple gaming performance, gaming performance cheap apple, cheap apple gaming performance, gaming performance best apple, best apple gaming performance, gaming performance apple review, apple review gaming performance, gaming performance where to buy apple, where to buy apple gaming performance, gaming performance how to choose apple, how to choose apple gaming performance, gaming performance top apple, top apple gaming performance, gaming performance apple guide, apple guide gaming performance, gaming performance apple for sale, apple for sale gaming performance, gaming performance apple deals, apple deals gaming performance
2026-09-29 17:37:10,524 - INFO - Expanded 220 seed keywords to 385 variations
2026-09-29 17:37:10,524 - INFO - Language: en
2026-09-29 17:37:10,524 - INFO - Region: us
2026-09-29 17:41:41,291 - INFO - 🎯 After all filtering for 'apple': 120 relevant keywords
2026-09-29 17:41:42,444 - INFO - 🎯 Found 5 new keywords for niche 'apple': apple affordable gaming performance, apple affordable smartphone storage, cheap alternatives gaming performance, cheap alternatives smartphone storage, best authentic gaming performance
2026-09-29 17:41:58,645 - INFO - ✅ Niche 'apple' process complete! 603 total keyword results.
2026-09-29 17:41:58,645 - INFO - ✅ Completed processing niche: 'apple'
2026-09-29 17:41:58,645 - INFO - 🔧 Request Handler final stats - Success rate: 100.0%
2026-09-29 17:41:58,645 - INFO -    Total requests: 209499, Blocks: 1
2026-09-29 17:41:58,647 - INFO - 
========================================
2026-09-29 17:41:58,647 - INFO - Process Summary:
2026-09-29 17:41:58,647 - INFO - - Current niche: 'apple'
2026-09-29 17:41:58,647 - INFO - - Next niche will be: 'sony'
2026-09-29 17:41:58,647 - INFO - - Keywords saved in: languages/english/keywords/apple/
2026-09-29 17:41:58,647 - INFO - ========================================
