2026-09-15 12:40:47,856 - INFO - Log file created at: /home/runner/work/potensitech.com/potensitech.com/languages/english/keywords/logs/kw_search_20260915_124047.log
2026-09-15 12:40:47,857 - INFO - ============================================================
2026-09-15 12:40:47,857 - INFO - AUTOMATIC KEYWORD RESEARCH TOOL
2026-09-15 12:40:47,857 - INFO - ============================================================
2026-09-15 12:40:48,202 - INFO - ========================================
2026-09-15 12:40:48,202 - INFO - Found 14 niches to process: xiaomi, iphone, samsung, apple, sony, asus, philips, sandisk, intel, nvidia, amd, canon, nikon, huawei
2026-09-15 12:40:48,202 - INFO - ========================================
2026-09-15 12:40:48,202 - INFO - Continuing from last processed niche: xiaomi
2026-09-15 12:40:48,202 - INFO - ========================================
2026-09-15 12:40:48,202 - INFO - 🎯 PROCESSING NICHE 2/14: 'iphone'
2026-09-15 12:40:48,202 - INFO - ========================================
2026-09-15 12:40:48,202 - INFO - 📁 Niche directory: /home/runner/work/potensitech.com/potensitech.com/languages/english/keywords/iphone
2026-09-15 12:40:48,202 - INFO - Selected region: us
2026-09-15 12:40:48,202 - INFO - Selected language: en
2026-09-15 12:40:48,202 - INFO - 🎯 Current niche: iphone
2026-09-15 12:40:59,414 - INFO - 🎯 Niche terms for filtering: iphone, cheap, best, latest, review, price, sell, buy, recommendation, tips, tutorial, guide, how to, vs, versus, compared to, comparison, alternatives, which is better, expensive, discount, deals, sale, affordable, cost, online, offline, marketplace, store, shop, retailer, where to buy, worst, quality, original, genuine, fake, replica, authentic, brand, manufacturer, company, product, iphone product, sell iphone, buy iphone, cheap iphone, best iphone, iphone review, where to buy iphone, how to choose iphone, top iphone, iphone guide, iphone for sale, iphone deals
2026-09-15 12:40:59,414 - INFO - Generated 50 niche-clue pairs for 'iphone'.
2026-09-15 12:40:59,418 - INFO - Expanded 50 seed keywords to 218 variations
2026-09-15 12:40:59,418 - INFO - 🔧 Request Handler initialized - Success rate: 100.0%
2026-09-15 12:45:22,350 - INFO - Original clue keywords: audio systems, smart lighting
2026-09-15 12:45:22,350 - INFO - Niche-focused seeds: audio systems iphone, iphone audio systems, audio systems cheap, cheap audio systems, audio systems best, best audio systems, audio systems latest, latest audio systems, audio systems review, review audio systems, audio systems price, price audio systems, audio systems sell, sell audio systems, audio systems buy, buy audio systems, audio systems recommendation, recommendation audio systems, audio systems tips, tips audio systems, audio systems tutorial, tutorial audio systems, audio systems guide, guide audio systems, audio systems how to, how to audio systems, audio systems vs, vs audio systems, audio systems versus, versus audio systems, audio systems compared to, compared to audio systems, audio systems comparison, comparison audio systems, audio systems alternatives, alternatives audio systems, audio systems which is better, which is better audio systems, audio systems expensive, expensive audio systems, audio systems discount, discount audio systems, audio systems deals, deals audio systems, audio systems sale, sale audio systems, audio systems affordable, affordable audio systems, audio systems cost, cost audio systems, audio systems online, online audio systems, audio systems offline, offline audio systems, audio systems marketplace, marketplace audio systems, audio systems store, store audio systems, audio systems shop, shop audio systems, audio systems retailer, retailer audio systems, audio systems where to buy, where to buy audio systems, audio systems worst, worst audio systems, audio systems quality, quality audio systems, audio systems original, original audio systems, audio systems genuine, genuine audio systems, audio systems fake, fake audio systems, audio systems replica, replica audio systems, audio systems authentic, authentic audio systems, audio systems brand, brand audio systems, audio systems manufacturer, manufacturer audio systems, audio systems company, company audio systems, audio systems product, product audio systems, audio systems iphone product, iphone product audio systems, audio systems sell iphone, sell iphone audio systems, audio systems buy iphone, buy iphone audio systems, audio systems cheap iphone, cheap iphone audio systems, audio systems best iphone, best iphone audio systems, audio systems iphone review, iphone review audio systems, audio systems where to buy iphone, where to buy iphone audio systems, audio systems how to choose iphone, how to choose iphone audio systems, audio systems top iphone, top iphone audio systems, audio systems iphone guide, iphone guide audio systems, audio systems iphone for sale, iphone for sale audio systems, audio systems iphone deals, iphone deals audio systems, smart lighting iphone, iphone smart lighting, smart lighting cheap, cheap smart lighting, smart lighting best, best smart lighting, smart lighting latest, latest smart lighting, smart lighting review, review smart lighting, smart lighting price, price smart lighting, smart lighting sell, sell smart lighting, smart lighting buy, buy smart lighting, smart lighting recommendation, recommendation smart lighting, smart lighting tips, tips smart lighting, smart lighting tutorial, tutorial smart lighting, smart lighting guide, guide smart lighting, smart lighting how to, how to smart lighting, smart lighting vs, vs smart lighting, smart lighting versus, versus smart lighting, smart lighting compared to, compared to smart lighting, smart lighting comparison, comparison smart lighting, smart lighting alternatives, alternatives smart lighting, smart lighting which is better, which is better smart lighting, smart lighting expensive, expensive smart lighting, smart lighting discount, discount smart lighting, smart lighting deals, deals smart lighting, smart lighting sale, sale smart lighting, smart lighting affordable, affordable smart lighting, smart lighting cost, cost smart lighting, smart lighting online, online smart lighting, smart lighting offline, offline smart lighting, smart lighting marketplace, marketplace smart lighting, smart lighting store, store smart lighting, smart lighting shop, shop smart lighting, smart lighting retailer, retailer smart lighting, smart lighting where to buy, where to buy smart lighting, smart lighting worst, worst smart lighting, smart lighting quality, quality smart lighting, smart lighting original, original smart lighting, smart lighting genuine, genuine smart lighting, smart lighting fake, fake smart lighting, smart lighting replica, replica smart lighting, smart lighting authentic, authentic smart lighting, smart lighting brand, brand smart lighting, smart lighting manufacturer, manufacturer smart lighting, smart lighting company, company smart lighting, smart lighting product, product smart lighting, smart lighting iphone product, iphone product smart lighting, smart lighting sell iphone, sell iphone smart lighting, smart lighting buy iphone, buy iphone smart lighting, smart lighting cheap iphone, cheap iphone smart lighting, smart lighting best iphone, best iphone smart lighting, smart lighting iphone review, iphone review smart lighting, smart lighting where to buy iphone, where to buy iphone smart lighting, smart lighting how to choose iphone, how to choose iphone smart lighting, smart lighting top iphone, top iphone smart lighting, smart lighting iphone guide, iphone guide smart lighting, smart lighting iphone for sale, iphone for sale smart lighting, smart lighting iphone deals, iphone deals smart lighting
2026-09-15 12:45:22,353 - INFO - Expanded 220 seed keywords to 385 variations
2026-09-15 12:45:22,353 - INFO - Language: en
2026-09-15 12:45:22,353 - INFO - Region: us
2026-09-15 12:49:55,624 - INFO - 🎯 After all filtering for 'iphone': 120 relevant keywords
2026-09-15 12:49:59,029 - INFO - 🎯 Found 4 new keywords for niche 'iphone': iphone affordable audio systems, iphone affordable smart lighting, cheap alternatives audio systems, best audio systems authentic
2026-09-15 12:50:14,789 - INFO - ✅ Niche 'iphone' process complete! 889 total keyword results.
2026-09-15 12:50:14,790 - INFO - ✅ Completed processing niche: 'iphone'
2026-09-15 12:50:14,790 - INFO - 🔧 Request Handler final stats - Success rate: 100.0%
2026-09-15 12:50:14,790 - INFO -    Total requests: 197328, Blocks: 1
2026-09-15 12:50:14,791 - INFO - 
========================================
2026-09-15 12:50:14,791 - INFO - Process Summary:
2026-09-15 12:50:14,791 - INFO - - Current niche: 'iphone'
2026-09-15 12:50:14,791 - INFO - - Next niche will be: 'samsung'
2026-09-15 12:50:14,791 - INFO - - Keywords saved in: languages/english/keywords/iphone/
2026-09-15 12:50:14,792 - INFO - ========================================
