2026-08-15 03:09:44,942 - INFO - Log file created at: /home/runner/work/potensitech.com/potensitech.com/languages/english/keywords/logs/kw_search_20260815_030944.log
2026-08-15 03:09:44,943 - INFO - ============================================================
2026-08-15 03:09:44,943 - INFO - AUTOMATIC KEYWORD RESEARCH TOOL
2026-08-15 03:09:44,943 - INFO - ============================================================
2026-08-15 03:09:45,226 - INFO - ========================================
2026-08-15 03:09:45,227 - INFO - Found 14 niches to process: xiaomi, iphone, samsung, apple, sony, asus, philips, sandisk, intel, nvidia, amd, canon, nikon, huawei
2026-08-15 03:09:45,227 - INFO - ========================================
2026-08-15 03:09:45,227 - INFO - Continuing from last processed niche: canon
2026-08-15 03:09:45,227 - INFO - ========================================
2026-08-15 03:09:45,227 - INFO - 🎯 PROCESSING NICHE 13/14: 'nikon'
2026-08-15 03:09:45,227 - INFO - ========================================
2026-08-15 03:09:45,227 - INFO - 📁 Niche directory: /home/runner/work/potensitech.com/potensitech.com/languages/english/keywords/nikon
2026-08-15 03:09:45,227 - INFO - Selected region: us
2026-08-15 03:09:45,227 - INFO - Selected language: en
2026-08-15 03:09:45,227 - INFO - 🎯 Current niche: nikon
2026-08-15 03:09:45,951 - INFO - 🎯 Niche terms for filtering: nikon, cheap, best, latest, review, price, sell, buy, recommendation, tips, tutorial, guide, how to, vs, versus, compared to, comparison, alternatives, which is better, expensive, discount, deals, sale, affordable, cost, online, offline, marketplace, store, shop, retailer, where to buy, worst, quality, original, genuine, fake, replica, authentic, brand, manufacturer, company, product, nikon product, sell nikon, buy nikon, cheap nikon, best nikon, nikon review, where to buy nikon, how to choose nikon, top nikon, nikon guide, nikon for sale, nikon deals
2026-08-15 03:09:45,951 - INFO - Generated 50 niche-clue pairs for 'nikon'.
2026-08-15 03:09:45,954 - INFO - Expanded 50 seed keywords to 218 variations
2026-08-15 03:09:45,962 - INFO - 🔧 Request Handler initialized - Success rate: 100.0%
2026-08-15 03:14:08,127 - INFO - Original clue keywords: chip architecture, clock speed
2026-08-15 03:14:08,128 - INFO - Niche-focused seeds: chip architecture nikon, nikon chip architecture, chip architecture cheap, cheap chip architecture, chip architecture best, best chip architecture, chip architecture latest, latest chip architecture, chip architecture review, review chip architecture, chip architecture price, price chip architecture, chip architecture sell, sell chip architecture, chip architecture buy, buy chip architecture, chip architecture recommendation, recommendation chip architecture, chip architecture tips, tips chip architecture, chip architecture tutorial, tutorial chip architecture, chip architecture guide, guide chip architecture, chip architecture how to, how to chip architecture, chip architecture vs, vs chip architecture, chip architecture versus, versus chip architecture, chip architecture compared to, compared to chip architecture, chip architecture comparison, comparison chip architecture, chip architecture alternatives, alternatives chip architecture, chip architecture which is better, which is better chip architecture, chip architecture expensive, expensive chip architecture, chip architecture discount, discount chip architecture, chip architecture deals, deals chip architecture, chip architecture sale, sale chip architecture, chip architecture affordable, affordable chip architecture, chip architecture cost, cost chip architecture, chip architecture online, online chip architecture, chip architecture offline, offline chip architecture, chip architecture marketplace, marketplace chip architecture, chip architecture store, store chip architecture, chip architecture shop, shop chip architecture, chip architecture retailer, retailer chip architecture, chip architecture where to buy, where to buy chip architecture, chip architecture worst, worst chip architecture, chip architecture quality, quality chip architecture, chip architecture original, original chip architecture, chip architecture genuine, genuine chip architecture, chip architecture fake, fake chip architecture, chip architecture replica, replica chip architecture, chip architecture authentic, authentic chip architecture, chip architecture brand, brand chip architecture, chip architecture manufacturer, manufacturer chip architecture, chip architecture company, company chip architecture, chip architecture product, product chip architecture, chip architecture nikon product, nikon product chip architecture, chip architecture sell nikon, sell nikon chip architecture, chip architecture buy nikon, buy nikon chip architecture, chip architecture cheap nikon, cheap nikon chip architecture, chip architecture best nikon, best nikon chip architecture, chip architecture nikon review, nikon review chip architecture, chip architecture where to buy nikon, where to buy nikon chip architecture, chip architecture how to choose nikon, how to choose nikon chip architecture, chip architecture top nikon, top nikon chip architecture, chip architecture nikon guide, nikon guide chip architecture, chip architecture nikon for sale, nikon for sale chip architecture, chip architecture nikon deals, nikon deals chip architecture, clock speed nikon, nikon clock speed, clock speed cheap, cheap clock speed, clock speed best, best clock speed, clock speed latest, latest clock speed, clock speed review, review clock speed, clock speed price, price clock speed, clock speed sell, sell clock speed, clock speed buy, buy clock speed, clock speed recommendation, recommendation clock speed, clock speed tips, tips clock speed, clock speed tutorial, tutorial clock speed, clock speed guide, guide clock speed, clock speed how to, how to clock speed, clock speed vs, vs clock speed, clock speed versus, versus clock speed, clock speed compared to, compared to clock speed, clock speed comparison, comparison clock speed, clock speed alternatives, alternatives clock speed, clock speed which is better, which is better clock speed, clock speed expensive, expensive clock speed, clock speed discount, discount clock speed, clock speed deals, deals clock speed, clock speed sale, sale clock speed, clock speed affordable, affordable clock speed, clock speed cost, cost clock speed, clock speed online, online clock speed, clock speed offline, offline clock speed, clock speed marketplace, marketplace clock speed, clock speed store, store clock speed, clock speed shop, shop clock speed, clock speed retailer, retailer clock speed, clock speed where to buy, where to buy clock speed, clock speed worst, worst clock speed, clock speed quality, quality clock speed, clock speed original, original clock speed, clock speed genuine, genuine clock speed, clock speed fake, fake clock speed, clock speed replica, replica clock speed, clock speed authentic, authentic clock speed, clock speed brand, brand clock speed, clock speed manufacturer, manufacturer clock speed, clock speed company, company clock speed, clock speed product, product clock speed, clock speed nikon product, nikon product clock speed, clock speed sell nikon, sell nikon clock speed, clock speed buy nikon, buy nikon clock speed, clock speed cheap nikon, cheap nikon clock speed, clock speed best nikon, best nikon clock speed, clock speed nikon review, nikon review clock speed, clock speed where to buy nikon, where to buy nikon clock speed, clock speed how to choose nikon, how to choose nikon clock speed, clock speed top nikon, top nikon clock speed, clock speed nikon guide, nikon guide clock speed, clock speed nikon for sale, nikon for sale clock speed, clock speed nikon deals, nikon deals clock speed
2026-08-15 03:14:08,131 - INFO - Expanded 220 seed keywords to 385 variations
2026-08-15 03:14:08,131 - INFO - Language: en
2026-08-15 03:14:08,131 - INFO - Region: us
2026-08-15 03:16:17,914 - INFO - 🎯 After all filtering for 'nikon': 120 relevant keywords
2026-08-15 03:16:20,207 - INFO - 🎯 Found 5 new keywords for niche 'nikon': nikon affordable chip architecture, nikon affordable clock speed, cheap alternatives clock speed, best authentic clock speed, how to brand clock speed
2026-08-15 03:16:20,639 - INFO - ✅ Niche 'nikon' process complete! 663 total keyword results.
2026-08-15 03:16:20,639 - INFO - ✅ Completed processing niche: 'nikon'
2026-08-15 03:16:20,639 - INFO - 🔧 Request Handler final stats - Success rate: 100.0%
2026-08-15 03:16:20,639 - INFO -    Total requests: 171809, Blocks: 1
2026-08-15 03:16:20,641 - INFO - 
========================================
2026-08-15 03:16:20,641 - INFO - Process Summary:
2026-08-15 03:16:20,641 - INFO - - Current niche: 'nikon'
2026-08-15 03:16:20,641 - INFO - - Next niche will be: 'huawei'
2026-08-15 03:16:20,641 - INFO - - Keywords saved in: languages/english/keywords/nikon/
2026-08-15 03:16:20,641 - INFO - ========================================
