2026-09-25 14:43:04,554 - INFO - Log file created at: /home/runner/work/potensitech.com/potensitech.com/languages/english/keywords/logs/kw_search_20260925_144304.log
2026-09-25 14:43:04,554 - INFO - ============================================================
2026-09-25 14:43:04,554 - INFO - AUTOMATIC KEYWORD RESEARCH TOOL
2026-09-25 14:43:04,554 - INFO - ============================================================
2026-09-25 14:43:04,865 - INFO - ========================================
2026-09-25 14:43:04,865 - INFO - Found 14 niches to process: xiaomi, iphone, samsung, apple, sony, asus, philips, sandisk, intel, nvidia, amd, canon, nikon, huawei
2026-09-25 14:43:04,865 - INFO - ========================================
2026-09-25 14:43:04,865 - INFO - Continuing from last processed niche: apple
2026-09-25 14:43:04,865 - INFO - ========================================
2026-09-25 14:43:04,865 - INFO - 🎯 PROCESSING NICHE 5/14: 'sony'
2026-09-25 14:43:04,865 - INFO - ========================================
2026-09-25 14:43:04,865 - INFO - 📁 Niche directory: /home/runner/work/potensitech.com/potensitech.com/languages/english/keywords/sony
2026-09-25 14:43:04,865 - INFO - Selected region: us
2026-09-25 14:43:04,865 - INFO - Selected language: en
2026-09-25 14:43:04,865 - INFO - 🎯 Current niche: sony
2026-09-25 14:43:16,001 - INFO - 🎯 Niche terms for filtering: sony, cheap, best, latest, review, price, sell, buy, recommendation, tips, tutorial, guide, how to, vs, versus, compared to, comparison, alternatives, which is better, expensive, discount, deals, sale, affordable, cost, online, offline, marketplace, store, shop, retailer, where to buy, worst, quality, original, genuine, fake, replica, authentic, brand, manufacturer, company, product, sony product, sell sony, buy sony, cheap sony, best sony, sony review, where to buy sony, how to choose sony, top sony, sony guide, sony for sale, sony deals
2026-09-25 14:43:16,001 - INFO - Generated 50 niche-clue pairs for 'sony'.
2026-09-25 14:43:16,003 - INFO - Expanded 50 seed keywords to 218 variations
2026-09-25 14:43:16,003 - INFO - 🔧 Request Handler initialized - Success rate: 100.0%
2026-09-25 14:47:37,769 - INFO - Original clue keywords: power efficiency, smartphone features
2026-09-25 14:47:37,769 - INFO - Niche-focused seeds: power efficiency sony, sony power efficiency, power efficiency cheap, cheap power efficiency, power efficiency best, best power efficiency, power efficiency latest, latest power efficiency, power efficiency review, review power efficiency, power efficiency price, price power efficiency, power efficiency sell, sell power efficiency, power efficiency buy, buy power efficiency, power efficiency recommendation, recommendation power efficiency, power efficiency tips, tips power efficiency, power efficiency tutorial, tutorial power efficiency, power efficiency guide, guide power efficiency, power efficiency how to, how to power efficiency, power efficiency vs, vs power efficiency, power efficiency versus, versus power efficiency, power efficiency compared to, compared to power efficiency, power efficiency comparison, comparison power efficiency, power efficiency alternatives, alternatives power efficiency, power efficiency which is better, which is better power efficiency, power efficiency expensive, expensive power efficiency, power efficiency discount, discount power efficiency, power efficiency deals, deals power efficiency, power efficiency sale, sale power efficiency, power efficiency affordable, affordable power efficiency, power efficiency cost, cost power efficiency, power efficiency online, online power efficiency, power efficiency offline, offline power efficiency, power efficiency marketplace, marketplace power efficiency, power efficiency store, store power efficiency, power efficiency shop, shop power efficiency, power efficiency retailer, retailer power efficiency, power efficiency where to buy, where to buy power efficiency, power efficiency worst, worst power efficiency, power efficiency quality, quality power efficiency, power efficiency original, original power efficiency, power efficiency genuine, genuine power efficiency, power efficiency fake, fake power efficiency, power efficiency replica, replica power efficiency, power efficiency authentic, authentic power efficiency, power efficiency brand, brand power efficiency, power efficiency manufacturer, manufacturer power efficiency, power efficiency company, company power efficiency, power efficiency product, product power efficiency, power efficiency sony product, sony product power efficiency, power efficiency sell sony, sell sony power efficiency, power efficiency buy sony, buy sony power efficiency, power efficiency cheap sony, cheap sony power efficiency, power efficiency best sony, best sony power efficiency, power efficiency sony review, sony review power efficiency, power efficiency where to buy sony, where to buy sony power efficiency, power efficiency how to choose sony, how to choose sony power efficiency, power efficiency top sony, top sony power efficiency, power efficiency sony guide, sony guide power efficiency, power efficiency sony for sale, sony for sale power efficiency, power efficiency sony deals, sony deals power efficiency, smartphone features sony, sony smartphone features, smartphone features cheap, cheap smartphone features, smartphone features best, best smartphone features, smartphone features latest, latest smartphone features, smartphone features review, review smartphone features, smartphone features price, price smartphone features, smartphone features sell, sell smartphone features, smartphone features buy, buy smartphone features, smartphone features recommendation, recommendation smartphone features, smartphone features tips, tips smartphone features, smartphone features tutorial, tutorial smartphone features, smartphone features guide, guide smartphone features, smartphone features how to, how to smartphone features, smartphone features vs, vs smartphone features, smartphone features versus, versus smartphone features, smartphone features compared to, compared to smartphone features, smartphone features comparison, comparison smartphone features, smartphone features alternatives, alternatives smartphone features, smartphone features which is better, which is better smartphone features, smartphone features expensive, expensive smartphone features, smartphone features discount, discount smartphone features, smartphone features deals, deals smartphone features, smartphone features sale, sale smartphone features, smartphone features affordable, affordable smartphone features, smartphone features cost, cost smartphone features, smartphone features online, online smartphone features, smartphone features offline, offline smartphone features, smartphone features marketplace, marketplace smartphone features, smartphone features store, store smartphone features, smartphone features shop, shop smartphone features, smartphone features retailer, retailer smartphone features, smartphone features where to buy, where to buy smartphone features, smartphone features worst, worst smartphone features, smartphone features quality, quality smartphone features, smartphone features original, original smartphone features, smartphone features genuine, genuine smartphone features, smartphone features fake, fake smartphone features, smartphone features replica, replica smartphone features, smartphone features authentic, authentic smartphone features, smartphone features brand, brand smartphone features, smartphone features manufacturer, manufacturer smartphone features, smartphone features company, company smartphone features, smartphone features product, product smartphone features, smartphone features sony product, sony product smartphone features, smartphone features sell sony, sell sony smartphone features, smartphone features buy sony, buy sony smartphone features, smartphone features cheap sony, cheap sony smartphone features, smartphone features best sony, best sony smartphone features, smartphone features sony review, sony review smartphone features, smartphone features where to buy sony, where to buy sony smartphone features, smartphone features how to choose sony, how to choose sony smartphone features, smartphone features top sony, top sony smartphone features, smartphone features sony guide, sony guide smartphone features, smartphone features sony for sale, sony for sale smartphone features, smartphone features sony deals, sony deals smartphone features
2026-09-25 14:47:37,771 - INFO - Expanded 220 seed keywords to 385 variations
2026-09-25 14:47:37,771 - INFO - Language: en
2026-09-25 14:47:37,771 - INFO - Region: us
2026-09-25 14:50:02,473 - INFO - 🎯 After all filtering for 'sony': 120 relevant keywords
2026-09-25 14:50:03,185 - INFO - 🎯 Found 5 new keywords for niche 'sony': sony affordable power efficiency, sony affordable smartphone features, cheap alternatives power efficiency, best authentic power efficiency, how to brand power efficiency
2026-09-25 14:50:19,315 - INFO - ✅ Niche 'sony' process complete! 694 total keyword results.
2026-09-25 14:50:19,316 - INFO - ✅ Completed processing niche: 'sony'
2026-09-25 14:50:19,316 - INFO - 🔧 Request Handler final stats - Success rate: 100.0%
2026-09-25 14:50:19,316 - INFO -    Total requests: 205925, Blocks: 1
2026-09-25 14:50:19,317 - INFO - 
========================================
2026-09-25 14:50:19,317 - INFO - Process Summary:
2026-09-25 14:50:19,317 - INFO - - Current niche: 'sony'
2026-09-25 14:50:19,317 - INFO - - Next niche will be: 'asus'
2026-09-25 14:50:19,317 - INFO - - Keywords saved in: languages/english/keywords/sony/
2026-09-25 14:50:19,317 - INFO - ========================================
