2026-09-09 04:25:02,686 - INFO - Log file created at: /home/runner/work/potensitech.com/potensitech.com/languages/english/keywords/logs/kw_search_20260909_042502.log
2026-09-09 04:25:02,686 - INFO - ============================================================
2026-09-09 04:25:02,686 - INFO - AUTOMATIC KEYWORD RESEARCH TOOL
2026-09-09 04:25:02,686 - INFO - ============================================================
2026-09-09 04:25:02,943 - INFO - ========================================
2026-09-09 04:25:02,943 - INFO - Found 14 niches to process: xiaomi, iphone, samsung, apple, sony, asus, philips, sandisk, intel, nvidia, amd, canon, nikon, huawei
2026-09-09 04:25:02,943 - INFO - ========================================
2026-09-09 04:25:02,943 - INFO - Continuing from last processed niche: sandisk
2026-09-09 04:25:02,943 - INFO - ========================================
2026-09-09 04:25:02,943 - INFO - 🎯 PROCESSING NICHE 9/14: 'intel'
2026-09-09 04:25:02,943 - INFO - ========================================
2026-09-09 04:25:02,944 - INFO - 📁 Niche directory: /home/runner/work/potensitech.com/potensitech.com/languages/english/keywords/intel
2026-09-09 04:25:02,944 - INFO - Selected region: us
2026-09-09 04:25:02,944 - INFO - Selected language: en
2026-09-09 04:25:02,944 - INFO - 🎯 Current niche: intel
2026-09-09 04:25:14,144 - INFO - 🎯 Niche terms for filtering: intel, cheap, best, latest, review, price, sell, buy, recommendation, tips, tutorial, guide, how to, vs, versus, compared to, comparison, alternatives, which is better, expensive, discount, deals, sale, affordable, cost, online, offline, marketplace, store, shop, retailer, where to buy, worst, quality, original, genuine, fake, replica, authentic, brand, manufacturer, company, product, intel product, sell intel, buy intel, cheap intel, best intel, intel review, where to buy intel, how to choose intel, top intel, intel guide, intel for sale, intel deals
2026-09-09 04:25:14,144 - INFO - Generated 50 niche-clue pairs for 'intel'.
2026-09-09 04:25:14,147 - INFO - Expanded 50 seed keywords to 218 variations
2026-09-09 04:25:14,147 - INFO - 🔧 Request Handler initialized - Success rate: 100.0%
2026-09-09 04:29:39,144 - INFO - Original clue keywords: chipset upgrade, cpu benchmark
2026-09-09 04:29:39,144 - INFO - Niche-focused seeds: chipset upgrade intel, intel chipset upgrade, chipset upgrade cheap, cheap chipset upgrade, chipset upgrade best, best chipset upgrade, chipset upgrade latest, latest chipset upgrade, chipset upgrade review, review chipset upgrade, chipset upgrade price, price chipset upgrade, chipset upgrade sell, sell chipset upgrade, chipset upgrade buy, buy chipset upgrade, chipset upgrade recommendation, recommendation chipset upgrade, chipset upgrade tips, tips chipset upgrade, chipset upgrade tutorial, tutorial chipset upgrade, chipset upgrade guide, guide chipset upgrade, chipset upgrade how to, how to chipset upgrade, chipset upgrade vs, vs chipset upgrade, chipset upgrade versus, versus chipset upgrade, chipset upgrade compared to, compared to chipset upgrade, chipset upgrade comparison, comparison chipset upgrade, chipset upgrade alternatives, alternatives chipset upgrade, chipset upgrade which is better, which is better chipset upgrade, chipset upgrade expensive, expensive chipset upgrade, chipset upgrade discount, discount chipset upgrade, chipset upgrade deals, deals chipset upgrade, chipset upgrade sale, sale chipset upgrade, chipset upgrade affordable, affordable chipset upgrade, chipset upgrade cost, cost chipset upgrade, chipset upgrade online, online chipset upgrade, chipset upgrade offline, offline chipset upgrade, chipset upgrade marketplace, marketplace chipset upgrade, chipset upgrade store, store chipset upgrade, chipset upgrade shop, shop chipset upgrade, chipset upgrade retailer, retailer chipset upgrade, chipset upgrade where to buy, where to buy chipset upgrade, chipset upgrade worst, worst chipset upgrade, chipset upgrade quality, quality chipset upgrade, chipset upgrade original, original chipset upgrade, chipset upgrade genuine, genuine chipset upgrade, chipset upgrade fake, fake chipset upgrade, chipset upgrade replica, replica chipset upgrade, chipset upgrade authentic, authentic chipset upgrade, chipset upgrade brand, brand chipset upgrade, chipset upgrade manufacturer, manufacturer chipset upgrade, chipset upgrade company, company chipset upgrade, chipset upgrade product, product chipset upgrade, chipset upgrade intel product, intel product chipset upgrade, chipset upgrade sell intel, sell intel chipset upgrade, chipset upgrade buy intel, buy intel chipset upgrade, chipset upgrade cheap intel, cheap intel chipset upgrade, chipset upgrade best intel, best intel chipset upgrade, chipset upgrade intel review, intel review chipset upgrade, chipset upgrade where to buy intel, where to buy intel chipset upgrade, chipset upgrade how to choose intel, how to choose intel chipset upgrade, chipset upgrade top intel, top intel chipset upgrade, chipset upgrade intel guide, intel guide chipset upgrade, chipset upgrade intel for sale, intel for sale chipset upgrade, chipset upgrade intel deals, intel deals chipset upgrade, cpu benchmark intel, intel cpu benchmark, cpu benchmark cheap, cheap cpu benchmark, cpu benchmark best, best cpu benchmark, cpu benchmark latest, latest cpu benchmark, cpu benchmark review, review cpu benchmark, cpu benchmark price, price cpu benchmark, cpu benchmark sell, sell cpu benchmark, cpu benchmark buy, buy cpu benchmark, cpu benchmark recommendation, recommendation cpu benchmark, cpu benchmark tips, tips cpu benchmark, cpu benchmark tutorial, tutorial cpu benchmark, cpu benchmark guide, guide cpu benchmark, cpu benchmark how to, how to cpu benchmark, cpu benchmark vs, vs cpu benchmark, cpu benchmark versus, versus cpu benchmark, cpu benchmark compared to, compared to cpu benchmark, cpu benchmark comparison, comparison cpu benchmark, cpu benchmark alternatives, alternatives cpu benchmark, cpu benchmark which is better, which is better cpu benchmark, cpu benchmark expensive, expensive cpu benchmark, cpu benchmark discount, discount cpu benchmark, cpu benchmark deals, deals cpu benchmark, cpu benchmark sale, sale cpu benchmark, cpu benchmark affordable, affordable cpu benchmark, cpu benchmark cost, cost cpu benchmark, cpu benchmark online, online cpu benchmark, cpu benchmark offline, offline cpu benchmark, cpu benchmark marketplace, marketplace cpu benchmark, cpu benchmark store, store cpu benchmark, cpu benchmark shop, shop cpu benchmark, cpu benchmark retailer, retailer cpu benchmark, cpu benchmark where to buy, where to buy cpu benchmark, cpu benchmark worst, worst cpu benchmark, cpu benchmark quality, quality cpu benchmark, cpu benchmark original, original cpu benchmark, cpu benchmark genuine, genuine cpu benchmark, cpu benchmark fake, fake cpu benchmark, cpu benchmark replica, replica cpu benchmark, cpu benchmark authentic, authentic cpu benchmark, cpu benchmark brand, brand cpu benchmark, cpu benchmark manufacturer, manufacturer cpu benchmark, cpu benchmark company, company cpu benchmark, cpu benchmark product, product cpu benchmark, cpu benchmark intel product, intel product cpu benchmark, cpu benchmark sell intel, sell intel cpu benchmark, cpu benchmark buy intel, buy intel cpu benchmark, cpu benchmark cheap intel, cheap intel cpu benchmark, cpu benchmark best intel, best intel cpu benchmark, cpu benchmark intel review, intel review cpu benchmark, cpu benchmark where to buy intel, where to buy intel cpu benchmark, cpu benchmark how to choose intel, how to choose intel cpu benchmark, cpu benchmark top intel, top intel cpu benchmark, cpu benchmark intel guide, intel guide cpu benchmark, cpu benchmark intel for sale, intel for sale cpu benchmark, cpu benchmark intel deals, intel deals cpu benchmark
2026-09-09 04:29:39,147 - INFO - Expanded 220 seed keywords to 385 variations
2026-09-09 04:29:39,147 - INFO - Language: en
2026-09-09 04:29:39,147 - INFO - Region: us
2026-09-09 04:31:52,845 - INFO - 🎯 After all filtering for 'intel': 120 relevant keywords
2026-09-09 04:31:55,102 - INFO - 🎯 Found 4 new keywords for niche 'intel': intel affordable chipset upgrade, intel affordable cpu benchmark, cheap alternatives cpu benchmark, best authentic cpu benchmark
2026-09-09 04:32:11,127 - INFO - ✅ Niche 'intel' process complete! 1026 total keyword results.
2026-09-09 04:32:11,127 - INFO - ✅ Completed processing niche: 'intel'
2026-09-09 04:32:11,127 - INFO - 🔧 Request Handler final stats - Success rate: 100.0%
2026-09-09 04:32:11,127 - INFO -    Total requests: 191806, Blocks: 1
2026-09-09 04:32:11,128 - INFO - 
========================================
2026-09-09 04:32:11,128 - INFO - Process Summary:
2026-09-09 04:32:11,128 - INFO - - Current niche: 'intel'
2026-09-09 04:32:11,128 - INFO - - Next niche will be: 'nvidia'
2026-09-09 04:32:11,128 - INFO - - Keywords saved in: languages/english/keywords/intel/
2026-09-09 04:32:11,129 - INFO - ========================================
