2026-08-30 19:28:41,284 - INFO - Log file created at: /home/runner/work/potensitech.com/potensitech.com/languages/english/keywords/logs/kw_search_20260830_192841.log
2026-08-30 19:28:41,284 - INFO - ============================================================
2026-08-30 19:28:41,284 - INFO - AUTOMATIC KEYWORD RESEARCH TOOL
2026-08-30 19:28:41,284 - INFO - ============================================================
2026-08-30 19:28:41,598 - INFO - ========================================
2026-08-30 19:28:41,598 - INFO - Found 14 niches to process: xiaomi, iphone, samsung, apple, sony, asus, philips, sandisk, intel, nvidia, amd, canon, nikon, huawei
2026-08-30 19:28:41,598 - INFO - ========================================
2026-08-30 19:28:41,598 - INFO - All niches completed, starting over
2026-08-30 19:28:41,598 - INFO - ========================================
2026-08-30 19:28:41,598 - INFO - 🎯 PROCESSING NICHE 1/14: 'xiaomi'
2026-08-30 19:28:41,599 - INFO - ========================================
2026-08-30 19:28:41,599 - INFO - 📁 Niche directory: /home/runner/work/potensitech.com/potensitech.com/languages/english/keywords/xiaomi
2026-08-30 19:28:41,599 - INFO - Selected region: us
2026-08-30 19:28:41,599 - INFO - Selected language: en
2026-08-30 19:28:41,599 - INFO - 🎯 Current niche: xiaomi
2026-08-30 19:28:52,484 - INFO - 🎯 Niche terms for filtering: xiaomi, cheap, best, latest, review, price, sell, buy, recommendation, tips, tutorial, guide, how to, vs, versus, compared to, comparison, alternatives, which is better, expensive, discount, deals, sale, affordable, cost, online, offline, marketplace, store, shop, retailer, where to buy, worst, quality, original, genuine, fake, replica, authentic, brand, manufacturer, company, product, xiaomi product, sell xiaomi, buy xiaomi, cheap xiaomi, best xiaomi, xiaomi review, where to buy xiaomi, how to choose xiaomi, top xiaomi, xiaomi guide, xiaomi for sale, xiaomi deals
2026-08-30 19:28:52,485 - INFO - Generated 50 niche-clue pairs for 'xiaomi'.
2026-08-30 19:28:52,488 - INFO - Expanded 50 seed keywords to 218 variations
2026-08-30 19:28:52,489 - INFO - 🔧 Request Handler initialized - Success rate: 100.0%
2026-08-30 19:33:17,415 - INFO - Original clue keywords: ai rendering, smart-lighting
2026-08-30 19:33:17,415 - INFO - Niche-focused seeds: ai rendering xiaomi, xiaomi ai rendering, ai rendering cheap, cheap ai rendering, ai rendering best, best ai rendering, ai rendering latest, latest ai rendering, ai rendering review, review ai rendering, ai rendering price, price ai rendering, ai rendering sell, sell ai rendering, ai rendering buy, buy ai rendering, ai rendering recommendation, recommendation ai rendering, ai rendering tips, tips ai rendering, ai rendering tutorial, tutorial ai rendering, ai rendering guide, guide ai rendering, ai rendering how to, how to ai rendering, ai rendering vs, vs ai rendering, ai rendering versus, versus ai rendering, ai rendering compared to, compared to ai rendering, ai rendering comparison, comparison ai rendering, ai rendering alternatives, alternatives ai rendering, ai rendering which is better, which is better ai rendering, ai rendering expensive, expensive ai rendering, ai rendering discount, discount ai rendering, ai rendering deals, deals ai rendering, ai rendering sale, sale ai rendering, ai rendering affordable, affordable ai rendering, ai rendering cost, cost ai rendering, ai rendering online, online ai rendering, ai rendering offline, offline ai rendering, ai rendering marketplace, marketplace ai rendering, ai rendering store, store ai rendering, ai rendering shop, shop ai rendering, ai rendering retailer, retailer ai rendering, ai rendering where to buy, where to buy ai rendering, ai rendering worst, worst ai rendering, ai rendering quality, quality ai rendering, ai rendering original, original ai rendering, ai rendering genuine, genuine ai rendering, ai rendering fake, fake ai rendering, ai rendering replica, replica ai rendering, ai rendering authentic, authentic ai rendering, ai rendering brand, brand ai rendering, ai rendering manufacturer, manufacturer ai rendering, ai rendering company, company ai rendering, ai rendering product, product ai rendering, ai rendering xiaomi product, xiaomi product ai rendering, ai rendering sell xiaomi, sell xiaomi ai rendering, ai rendering buy xiaomi, buy xiaomi ai rendering, ai rendering cheap xiaomi, cheap xiaomi ai rendering, ai rendering best xiaomi, best xiaomi ai rendering, ai rendering xiaomi review, xiaomi review ai rendering, ai rendering where to buy xiaomi, where to buy xiaomi ai rendering, ai rendering how to choose xiaomi, how to choose xiaomi ai rendering, ai rendering top xiaomi, top xiaomi ai rendering, ai rendering xiaomi guide, xiaomi guide ai rendering, ai rendering xiaomi for sale, xiaomi for sale ai rendering, ai rendering xiaomi deals, xiaomi deals ai rendering, smart-lighting xiaomi, xiaomi smart-lighting, smart-lighting cheap, cheap smart-lighting, smart-lighting best, best smart-lighting, smart-lighting latest, latest smart-lighting, smart-lighting review, review smart-lighting, smart-lighting price, price smart-lighting, smart-lighting sell, sell smart-lighting, smart-lighting buy, buy smart-lighting, smart-lighting recommendation, recommendation smart-lighting, smart-lighting tips, tips smart-lighting, smart-lighting tutorial, tutorial smart-lighting, smart-lighting guide, guide smart-lighting, smart-lighting how to, how to smart-lighting, smart-lighting vs, vs smart-lighting, smart-lighting versus, versus smart-lighting, smart-lighting compared to, compared to smart-lighting, smart-lighting comparison, comparison smart-lighting, smart-lighting alternatives, alternatives smart-lighting, smart-lighting which is better, which is better smart-lighting, smart-lighting expensive, expensive smart-lighting, smart-lighting discount, discount smart-lighting, smart-lighting deals, deals smart-lighting, smart-lighting sale, sale smart-lighting, smart-lighting affordable, affordable smart-lighting, smart-lighting cost, cost smart-lighting, smart-lighting online, online smart-lighting, smart-lighting offline, offline smart-lighting, smart-lighting marketplace, marketplace smart-lighting, smart-lighting store, store smart-lighting, smart-lighting shop, shop smart-lighting, smart-lighting retailer, retailer smart-lighting, smart-lighting where to buy, where to buy smart-lighting, smart-lighting worst, worst smart-lighting, smart-lighting quality, quality smart-lighting, smart-lighting original, original smart-lighting, smart-lighting genuine, genuine smart-lighting, smart-lighting fake, fake smart-lighting, smart-lighting replica, replica smart-lighting, smart-lighting authentic, authentic smart-lighting, smart-lighting brand, brand smart-lighting, smart-lighting manufacturer, manufacturer smart-lighting, smart-lighting company, company smart-lighting, smart-lighting product, product smart-lighting, smart-lighting xiaomi product, xiaomi product smart-lighting, smart-lighting sell xiaomi, sell xiaomi smart-lighting, smart-lighting buy xiaomi, buy xiaomi smart-lighting, smart-lighting cheap xiaomi, cheap xiaomi smart-lighting, smart-lighting best xiaomi, best xiaomi smart-lighting, smart-lighting xiaomi review, xiaomi review smart-lighting, smart-lighting where to buy xiaomi, where to buy xiaomi smart-lighting, smart-lighting how to choose xiaomi, how to choose xiaomi smart-lighting, smart-lighting top xiaomi, top xiaomi smart-lighting, smart-lighting xiaomi guide, xiaomi guide smart-lighting, smart-lighting xiaomi for sale, xiaomi for sale smart-lighting, smart-lighting xiaomi deals, xiaomi deals smart-lighting
2026-08-30 19:33:17,419 - INFO - Expanded 220 seed keywords to 385 variations
2026-08-30 19:33:17,419 - INFO - Language: en
2026-08-30 19:33:17,419 - INFO - Region: us
2026-08-30 19:37:48,366 - INFO - 🎯 After all filtering for 'xiaomi': 120 relevant keywords
2026-08-30 19:37:48,604 - INFO - 🎯 Found 5 new keywords for niche 'xiaomi': xiaomi affordable smart-lighting, cheap affordable smart-lighting, best affordable smart-lighting, how to affordable smart-lighting, xiaomi alternatives smart-lighting
2026-08-30 19:38:04,481 - INFO - ✅ Niche 'xiaomi' process complete! 662 total keyword results.
2026-08-30 19:38:04,481 - INFO - ✅ Completed processing niche: 'xiaomi'
2026-08-30 19:38:04,481 - INFO - 🔧 Request Handler final stats - Success rate: 100.0%
2026-08-30 19:38:04,481 - INFO -    Total requests: 184194, Blocks: 1
2026-08-30 19:38:04,482 - INFO - 
========================================
2026-08-30 19:38:04,482 - INFO - Process Summary:
2026-08-30 19:38:04,482 - INFO - - Current niche: 'xiaomi'
2026-08-30 19:38:04,482 - INFO - - Next niche will be: 'iphone'
2026-08-30 19:38:04,482 - INFO - - Keywords saved in: languages/english/keywords/xiaomi/
2026-08-30 19:38:04,484 - INFO - ========================================
