2026-08-10 04:10:53,666 - INFO - Log file created at: /home/runner/work/potensitech.com/potensitech.com/languages/english/keywords/logs/kw_search_20260810_041053.log
2026-08-10 04:10:53,666 - INFO - ============================================================
2026-08-10 04:10:53,666 - INFO - AUTOMATIC KEYWORD RESEARCH TOOL
2026-08-10 04:10:53,666 - INFO - ============================================================
2026-08-10 04:10:53,940 - INFO - ========================================
2026-08-10 04:10:53,940 - INFO - Found 14 niches to process: xiaomi, iphone, samsung, apple, sony, asus, philips, sandisk, intel, nvidia, amd, canon, nikon, huawei
2026-08-10 04:10:53,941 - INFO - ========================================
2026-08-10 04:10:53,941 - INFO - Continuing from last processed niche: apple
2026-08-10 04:10:53,941 - INFO - ========================================
2026-08-10 04:10:53,941 - INFO - 🎯 PROCESSING NICHE 5/14: 'sony'
2026-08-10 04:10:53,941 - INFO - ========================================
2026-08-10 04:10:53,941 - INFO - 📁 Niche directory: /home/runner/work/potensitech.com/potensitech.com/languages/english/keywords/sony
2026-08-10 04:10:53,941 - INFO - Selected region: us
2026-08-10 04:10:53,941 - INFO - Selected language: en
2026-08-10 04:10:53,941 - INFO - 🎯 Current niche: sony
2026-08-10 04:10:54,668 - INFO - 🎯 Niche terms for filtering: sony, cheap, best, latest, review, price, sell, buy, recommendation, tips, tutorial, guide, how to, vs, versus, compared to, comparison, alternatives, which is better, expensive, discount, deals, sale, affordable, cost, online, offline, marketplace, store, shop, retailer, where to buy, worst, quality, original, genuine, fake, replica, authentic, brand, manufacturer, company, product, sony product, sell sony, buy sony, cheap sony, best sony, sony review, where to buy sony, how to choose sony, top sony, sony guide, sony for sale, sony deals
2026-08-10 04:10:54,669 - INFO - Generated 50 niche-clue pairs for 'sony'.
2026-08-10 04:10:54,672 - INFO - Expanded 50 seed keywords to 218 variations
2026-08-10 04:10:54,672 - INFO - 🔧 Request Handler initialized - Success rate: 100.0%
2026-08-10 04:15:17,542 - INFO - Original clue keywords: mirrorless camera, battery life
2026-08-10 04:15:17,542 - INFO - Niche-focused seeds: mirrorless camera sony, sony mirrorless camera, mirrorless camera cheap, cheap mirrorless camera, mirrorless camera best, best mirrorless camera, mirrorless camera latest, latest mirrorless camera, mirrorless camera review, review mirrorless camera, mirrorless camera price, price mirrorless camera, mirrorless camera sell, sell mirrorless camera, mirrorless camera buy, buy mirrorless camera, mirrorless camera recommendation, recommendation mirrorless camera, mirrorless camera tips, tips mirrorless camera, mirrorless camera tutorial, tutorial mirrorless camera, mirrorless camera guide, guide mirrorless camera, mirrorless camera how to, how to mirrorless camera, mirrorless camera vs, vs mirrorless camera, mirrorless camera versus, versus mirrorless camera, mirrorless camera compared to, compared to mirrorless camera, mirrorless camera comparison, comparison mirrorless camera, mirrorless camera alternatives, alternatives mirrorless camera, mirrorless camera which is better, which is better mirrorless camera, mirrorless camera expensive, expensive mirrorless camera, mirrorless camera discount, discount mirrorless camera, mirrorless camera deals, deals mirrorless camera, mirrorless camera sale, sale mirrorless camera, mirrorless camera affordable, affordable mirrorless camera, mirrorless camera cost, cost mirrorless camera, mirrorless camera online, online mirrorless camera, mirrorless camera offline, offline mirrorless camera, mirrorless camera marketplace, marketplace mirrorless camera, mirrorless camera store, store mirrorless camera, mirrorless camera shop, shop mirrorless camera, mirrorless camera retailer, retailer mirrorless camera, mirrorless camera where to buy, where to buy mirrorless camera, mirrorless camera worst, worst mirrorless camera, mirrorless camera quality, quality mirrorless camera, mirrorless camera original, original mirrorless camera, mirrorless camera genuine, genuine mirrorless camera, mirrorless camera fake, fake mirrorless camera, mirrorless camera replica, replica mirrorless camera, mirrorless camera authentic, authentic mirrorless camera, mirrorless camera brand, brand mirrorless camera, mirrorless camera manufacturer, manufacturer mirrorless camera, mirrorless camera company, company mirrorless camera, mirrorless camera product, product mirrorless camera, mirrorless camera sony product, sony product mirrorless camera, mirrorless camera sell sony, sell sony mirrorless camera, mirrorless camera buy sony, buy sony mirrorless camera, mirrorless camera cheap sony, cheap sony mirrorless camera, mirrorless camera best sony, best sony mirrorless camera, mirrorless camera sony review, sony review mirrorless camera, mirrorless camera where to buy sony, where to buy sony mirrorless camera, mirrorless camera how to choose sony, how to choose sony mirrorless camera, mirrorless camera top sony, top sony mirrorless camera, mirrorless camera sony guide, sony guide mirrorless camera, mirrorless camera sony for sale, sony for sale mirrorless camera, mirrorless camera sony deals, sony deals mirrorless camera, battery life sony, sony battery life, battery life cheap, cheap battery life, battery life best, best battery life, battery life latest, latest battery life, battery life review, review battery life, battery life price, price battery life, battery life sell, sell battery life, battery life buy, buy battery life, battery life recommendation, recommendation battery life, battery life tips, tips battery life, battery life tutorial, tutorial battery life, battery life guide, guide battery life, battery life how to, how to battery life, battery life vs, vs battery life, battery life versus, versus battery life, battery life compared to, compared to battery life, battery life comparison, comparison battery life, battery life alternatives, alternatives battery life, battery life which is better, which is better battery life, battery life expensive, expensive battery life, battery life discount, discount battery life, battery life deals, deals battery life, battery life sale, sale battery life, battery life affordable, affordable battery life, battery life cost, cost battery life, battery life online, online battery life, battery life offline, offline battery life, battery life marketplace, marketplace battery life, battery life store, store battery life, battery life shop, shop battery life, battery life retailer, retailer battery life, battery life where to buy, where to buy battery life, battery life worst, worst battery life, battery life quality, quality battery life, battery life original, original battery life, battery life genuine, genuine battery life, battery life fake, fake battery life, battery life replica, replica battery life, battery life authentic, authentic battery life, battery life brand, brand battery life, battery life manufacturer, manufacturer battery life, battery life company, company battery life, battery life product, product battery life, battery life sony product, sony product battery life, battery life sell sony, sell sony battery life, battery life buy sony, buy sony battery life, battery life cheap sony, cheap sony battery life, battery life best sony, best sony battery life, battery life sony review, sony review battery life, battery life where to buy sony, where to buy sony battery life, battery life how to choose sony, how to choose sony battery life, battery life top sony, top sony battery life, battery life sony guide, sony guide battery life, battery life sony for sale, sony for sale battery life, battery life sony deals, sony deals battery life
2026-08-10 04:15:17,545 - INFO - Expanded 220 seed keywords to 385 variations
2026-08-10 04:15:17,545 - INFO - Language: en
2026-08-10 04:15:17,545 - INFO - Region: us
2026-08-10 04:16:33,891 - INFO - 🎯 After all filtering for 'sony': 120 relevant keywords
2026-08-10 04:16:35,145 - INFO - 🎯 Found 4 new keywords for niche 'sony': sony affordable battery life, sony affordable mirrorless camera, cheap alternatives mirrorless camera, best authentic mirrorless camera
2026-08-10 04:16:35,598 - INFO - ✅ Niche 'sony' process complete! 631 total keyword results.
2026-08-10 04:16:35,599 - INFO - ✅ Completed processing niche: 'sony'
2026-08-10 04:16:35,599 - INFO - 🔧 Request Handler final stats - Success rate: 100.0%
2026-08-10 04:16:35,599 - INFO -    Total requests: 168169, Blocks: 1
2026-08-10 04:16:35,600 - INFO - 
========================================
2026-08-10 04:16:35,600 - INFO - Process Summary:
2026-08-10 04:16:35,600 - INFO - - Current niche: 'sony'
2026-08-10 04:16:35,600 - INFO - - Next niche will be: 'asus'
2026-08-10 04:16:35,600 - INFO - - Keywords saved in: languages/english/keywords/sony/
2026-08-10 04:16:35,601 - INFO - ========================================
