2026-08-21 03:27:04,345 - INFO - Log file created at: /home/runner/work/potensitech.com/potensitech.com/languages/english/keywords/logs/kw_search_20260821_032704.log
2026-08-21 03:27:04,345 - INFO - ============================================================
2026-08-21 03:27:04,346 - INFO - AUTOMATIC KEYWORD RESEARCH TOOL
2026-08-21 03:27:04,346 - INFO - ============================================================
2026-08-21 03:27:04,574 - INFO - ========================================
2026-08-21 03:27:04,574 - INFO - Found 14 niches to process: xiaomi, iphone, samsung, apple, sony, asus, philips, sandisk, intel, nvidia, amd, canon, nikon, huawei
2026-08-21 03:27:04,574 - INFO - ========================================
2026-08-21 03:27:04,574 - INFO - Continuing from last processed niche: iphone
2026-08-21 03:27:04,574 - INFO - ========================================
2026-08-21 03:27:04,574 - INFO - 🎯 PROCESSING NICHE 3/14: 'samsung'
2026-08-21 03:27:04,574 - INFO - ========================================
2026-08-21 03:27:04,574 - INFO - 📁 Niche directory: /home/runner/work/potensitech.com/potensitech.com/languages/english/keywords/samsung
2026-08-21 03:27:04,574 - INFO - Selected region: us
2026-08-21 03:27:04,574 - INFO - Selected language: en
2026-08-21 03:27:04,574 - INFO - 🎯 Current niche: samsung
2026-08-21 03:27:05,211 - INFO - 🎯 Niche terms for filtering: samsung, cheap, best, latest, review, price, sell, buy, recommendation, tips, tutorial, guide, how to, vs, versus, compared to, comparison, alternatives, which is better, expensive, discount, deals, sale, affordable, cost, online, offline, marketplace, store, shop, retailer, where to buy, worst, quality, original, genuine, fake, replica, authentic, brand, manufacturer, company, product, samsung product, sell samsung, buy samsung, cheap samsung, best samsung, samsung review, where to buy samsung, how to choose samsung, top samsung, samsung guide, samsung for sale, samsung deals
2026-08-21 03:27:05,211 - INFO - Generated 50 niche-clue pairs for 'samsung'.
2026-08-21 03:27:05,213 - INFO - Expanded 50 seed keywords to 218 variations
2026-08-21 03:27:05,219 - INFO - 🔧 Request Handler initialized - Success rate: 100.0%
2026-08-21 03:31:26,091 - INFO - Original clue keywords: dslr, mirrorless
2026-08-21 03:31:26,092 - INFO - Niche-focused seeds: dslr samsung, samsung dslr, dslr cheap, cheap dslr, dslr best, best dslr, dslr latest, latest dslr, dslr review, review dslr, dslr price, price dslr, dslr sell, sell dslr, dslr buy, buy dslr, dslr recommendation, recommendation dslr, dslr tips, tips dslr, dslr tutorial, tutorial dslr, dslr guide, guide dslr, dslr how to, how to dslr, dslr vs, vs dslr, dslr versus, versus dslr, dslr compared to, compared to dslr, dslr comparison, comparison dslr, dslr alternatives, alternatives dslr, dslr which is better, which is better dslr, dslr expensive, expensive dslr, dslr discount, discount dslr, dslr deals, deals dslr, dslr sale, sale dslr, dslr affordable, affordable dslr, dslr cost, cost dslr, dslr online, online dslr, dslr offline, offline dslr, dslr marketplace, marketplace dslr, dslr store, store dslr, dslr shop, shop dslr, dslr retailer, retailer dslr, dslr where to buy, where to buy dslr, dslr worst, worst dslr, dslr quality, quality dslr, dslr original, original dslr, dslr genuine, genuine dslr, dslr fake, fake dslr, dslr replica, replica dslr, dslr authentic, authentic dslr, dslr brand, brand dslr, dslr manufacturer, manufacturer dslr, dslr company, company dslr, dslr product, product dslr, dslr samsung product, samsung product dslr, dslr sell samsung, sell samsung dslr, dslr buy samsung, buy samsung dslr, dslr cheap samsung, cheap samsung dslr, dslr best samsung, best samsung dslr, dslr samsung review, samsung review dslr, dslr where to buy samsung, where to buy samsung dslr, dslr how to choose samsung, how to choose samsung dslr, dslr top samsung, top samsung dslr, dslr samsung guide, samsung guide dslr, dslr samsung for sale, samsung for sale dslr, dslr samsung deals, samsung deals dslr, mirrorless samsung, samsung mirrorless, mirrorless cheap, cheap mirrorless, mirrorless best, best mirrorless, mirrorless latest, latest mirrorless, mirrorless review, review mirrorless, mirrorless price, price mirrorless, mirrorless sell, sell mirrorless, mirrorless buy, buy mirrorless, mirrorless recommendation, recommendation mirrorless, mirrorless tips, tips mirrorless, mirrorless tutorial, tutorial mirrorless, mirrorless guide, guide mirrorless, mirrorless how to, how to mirrorless, mirrorless vs, vs mirrorless, mirrorless versus, versus mirrorless, mirrorless compared to, compared to mirrorless, mirrorless comparison, comparison mirrorless, mirrorless alternatives, alternatives mirrorless, mirrorless which is better, which is better mirrorless, mirrorless expensive, expensive mirrorless, mirrorless discount, discount mirrorless, mirrorless deals, deals mirrorless, mirrorless sale, sale mirrorless, mirrorless affordable, affordable mirrorless, mirrorless cost, cost mirrorless, mirrorless online, online mirrorless, mirrorless offline, offline mirrorless, mirrorless marketplace, marketplace mirrorless, mirrorless store, store mirrorless, mirrorless shop, shop mirrorless, mirrorless retailer, retailer mirrorless, mirrorless where to buy, where to buy mirrorless, mirrorless worst, worst mirrorless, mirrorless quality, quality mirrorless, mirrorless original, original mirrorless, mirrorless genuine, genuine mirrorless, mirrorless fake, fake mirrorless, mirrorless replica, replica mirrorless, mirrorless authentic, authentic mirrorless, mirrorless brand, brand mirrorless, mirrorless manufacturer, manufacturer mirrorless, mirrorless company, company mirrorless, mirrorless product, product mirrorless, mirrorless samsung product, samsung product mirrorless, mirrorless sell samsung, sell samsung mirrorless, mirrorless buy samsung, buy samsung mirrorless, mirrorless cheap samsung, cheap samsung mirrorless, mirrorless best samsung, best samsung mirrorless, mirrorless samsung review, samsung review mirrorless, mirrorless where to buy samsung, where to buy samsung mirrorless, mirrorless how to choose samsung, how to choose samsung mirrorless, mirrorless top samsung, top samsung mirrorless, mirrorless samsung guide, samsung guide mirrorless, mirrorless samsung for sale, samsung for sale mirrorless, mirrorless samsung deals, samsung deals mirrorless
2026-08-21 03:31:26,094 - INFO - Expanded 220 seed keywords to 385 variations
2026-08-21 03:31:26,094 - INFO - Language: en
2026-08-21 03:31:26,095 - INFO - Region: us
2026-08-21 03:35:56,096 - INFO - 🎯 After all filtering for 'samsung': 120 relevant keywords
2026-08-21 03:35:56,255 - INFO - 🎯 Found 5 new keywords for niche 'samsung': samsung affordable dslr, cheap affordable dslr, best affordable dslr, how to affordable dslr, samsung affordable mirrorless
2026-08-21 03:35:56,704 - INFO - ✅ Niche 'samsung' process complete! 618 total keyword results.
2026-08-21 03:35:56,704 - INFO - ✅ Completed processing niche: 'samsung'
2026-08-21 03:35:56,704 - INFO - 🔧 Request Handler final stats - Success rate: 100.0%
2026-08-21 03:35:56,704 - INFO -    Total requests: 176880, Blocks: 1
2026-08-21 03:35:56,705 - INFO - 
========================================
2026-08-21 03:35:56,705 - INFO - Process Summary:
2026-08-21 03:35:56,705 - INFO - - Current niche: 'samsung'
2026-08-21 03:35:56,705 - INFO - - Next niche will be: 'apple'
2026-08-21 03:35:56,705 - INFO - - Keywords saved in: languages/english/keywords/samsung/
2026-08-21 03:35:56,705 - INFO - ========================================
