2026-08-17 01:47:58,638 - INFO - Log file created at: /home/runner/work/potensitech.com/potensitech.com/languages/english/keywords/logs/kw_search_20260817_014758.log
2026-08-17 01:47:58,638 - INFO - ============================================================
2026-08-17 01:47:58,638 - INFO - AUTOMATIC KEYWORD RESEARCH TOOL
2026-08-17 01:47:58,638 - INFO - ============================================================
2026-08-17 01:47:58,931 - INFO - ========================================
2026-08-17 01:47:58,931 - INFO - Found 14 niches to process: xiaomi, iphone, samsung, apple, sony, asus, philips, sandisk, intel, nvidia, amd, canon, nikon, huawei
2026-08-17 01:47:58,931 - INFO - ========================================
2026-08-17 01:47:58,931 - INFO - Continuing from last processed niche: samsung
2026-08-17 01:47:58,931 - INFO - ========================================
2026-08-17 01:47:58,931 - INFO - 🎯 PROCESSING NICHE 4/14: 'apple'
2026-08-17 01:47:58,931 - INFO - ========================================
2026-08-17 01:47:58,931 - INFO - 📁 Niche directory: /home/runner/work/potensitech.com/potensitech.com/languages/english/keywords/apple
2026-08-17 01:47:58,932 - INFO - Selected region: us
2026-08-17 01:47:58,932 - INFO - Selected language: en
2026-08-17 01:47:58,932 - INFO - 🎯 Current niche: apple
2026-08-17 01:47:59,656 - INFO - 🎯 Niche terms for filtering: apple, cheap, best, latest, review, price, sell, buy, recommendation, tips, tutorial, guide, how to, vs, versus, compared to, comparison, alternatives, which is better, expensive, discount, deals, sale, affordable, cost, online, offline, marketplace, store, shop, retailer, where to buy, worst, quality, original, genuine, fake, replica, authentic, brand, manufacturer, company, product, apple product, sell apple, buy apple, cheap apple, best apple, apple review, where to buy apple, how to choose apple, top apple, apple guide, apple for sale, apple deals
2026-08-17 01:47:59,657 - INFO - Generated 50 niche-clue pairs for 'apple'.
2026-08-17 01:47:59,660 - INFO - Expanded 50 seed keywords to 218 variations
2026-08-17 01:47:59,667 - INFO - 🔧 Request Handler initialized - Success rate: 100.0%
2026-08-17 01:52:23,110 - INFO - Original clue keywords: high-performance, gaming smartphone
2026-08-17 01:52:23,111 - INFO - Niche-focused seeds: high-performance apple, apple high-performance, high-performance cheap, cheap high-performance, high-performance best, best high-performance, high-performance latest, latest high-performance, high-performance review, review high-performance, high-performance price, price high-performance, high-performance sell, sell high-performance, high-performance buy, buy high-performance, high-performance recommendation, recommendation high-performance, high-performance tips, tips high-performance, high-performance tutorial, tutorial high-performance, high-performance guide, guide high-performance, high-performance how to, how to high-performance, high-performance vs, vs high-performance, high-performance versus, versus high-performance, high-performance compared to, compared to high-performance, high-performance comparison, comparison high-performance, high-performance alternatives, alternatives high-performance, high-performance which is better, which is better high-performance, high-performance expensive, expensive high-performance, high-performance discount, discount high-performance, high-performance deals, deals high-performance, high-performance sale, sale high-performance, high-performance affordable, affordable high-performance, high-performance cost, cost high-performance, high-performance online, online high-performance, high-performance offline, offline high-performance, high-performance marketplace, marketplace high-performance, high-performance store, store high-performance, high-performance shop, shop high-performance, high-performance retailer, retailer high-performance, high-performance where to buy, where to buy high-performance, high-performance worst, worst high-performance, high-performance quality, quality high-performance, high-performance original, original high-performance, high-performance genuine, genuine high-performance, high-performance fake, fake high-performance, high-performance replica, replica high-performance, high-performance authentic, authentic high-performance, high-performance brand, brand high-performance, high-performance manufacturer, manufacturer high-performance, high-performance company, company high-performance, high-performance product, product high-performance, high-performance apple product, apple product high-performance, high-performance sell apple, sell apple high-performance, high-performance buy apple, buy apple high-performance, high-performance cheap apple, cheap apple high-performance, high-performance best apple, best apple high-performance, high-performance apple review, apple review high-performance, high-performance where to buy apple, where to buy apple high-performance, high-performance how to choose apple, how to choose apple high-performance, high-performance top apple, top apple high-performance, high-performance apple guide, apple guide high-performance, high-performance apple for sale, apple for sale high-performance, high-performance apple deals, apple deals high-performance, gaming smartphone apple, apple gaming smartphone, gaming smartphone cheap, cheap gaming smartphone, gaming smartphone best, best gaming smartphone, gaming smartphone latest, latest gaming smartphone, gaming smartphone review, review gaming smartphone, gaming smartphone price, price gaming smartphone, gaming smartphone sell, sell gaming smartphone, gaming smartphone buy, buy gaming smartphone, gaming smartphone recommendation, recommendation gaming smartphone, gaming smartphone tips, tips gaming smartphone, gaming smartphone tutorial, tutorial gaming smartphone, gaming smartphone guide, guide gaming smartphone, gaming smartphone how to, how to gaming smartphone, gaming smartphone vs, vs gaming smartphone, gaming smartphone versus, versus gaming smartphone, gaming smartphone compared to, compared to gaming smartphone, gaming smartphone comparison, comparison gaming smartphone, gaming smartphone alternatives, alternatives gaming smartphone, gaming smartphone which is better, which is better gaming smartphone, gaming smartphone expensive, expensive gaming smartphone, gaming smartphone discount, discount gaming smartphone, gaming smartphone deals, deals gaming smartphone, gaming smartphone sale, sale gaming smartphone, gaming smartphone affordable, affordable gaming smartphone, gaming smartphone cost, cost gaming smartphone, gaming smartphone online, online gaming smartphone, gaming smartphone offline, offline gaming smartphone, gaming smartphone marketplace, marketplace gaming smartphone, gaming smartphone store, store gaming smartphone, gaming smartphone shop, shop gaming smartphone, gaming smartphone retailer, retailer gaming smartphone, gaming smartphone where to buy, where to buy gaming smartphone, gaming smartphone worst, worst gaming smartphone, gaming smartphone quality, quality gaming smartphone, gaming smartphone original, original gaming smartphone, gaming smartphone genuine, genuine gaming smartphone, gaming smartphone fake, fake gaming smartphone, gaming smartphone replica, replica gaming smartphone, gaming smartphone authentic, authentic gaming smartphone, gaming smartphone brand, brand gaming smartphone, gaming smartphone manufacturer, manufacturer gaming smartphone, gaming smartphone company, company gaming smartphone, gaming smartphone product, product gaming smartphone, gaming smartphone apple product, apple product gaming smartphone, gaming smartphone sell apple, sell apple gaming smartphone, gaming smartphone buy apple, buy apple gaming smartphone, gaming smartphone cheap apple, cheap apple gaming smartphone, gaming smartphone best apple, best apple gaming smartphone, gaming smartphone apple review, apple review gaming smartphone, gaming smartphone where to buy apple, where to buy apple gaming smartphone, gaming smartphone how to choose apple, how to choose apple gaming smartphone, gaming smartphone top apple, top apple gaming smartphone, gaming smartphone apple guide, apple guide gaming smartphone, gaming smartphone apple for sale, apple for sale gaming smartphone, gaming smartphone apple deals, apple deals gaming smartphone
2026-08-17 01:52:23,114 - INFO - Expanded 220 seed keywords to 385 variations
2026-08-17 01:52:23,114 - INFO - Language: en
2026-08-17 01:52:23,114 - INFO - Region: us
2026-08-17 01:56:52,028 - INFO - 🎯 After all filtering for 'apple': 120 relevant keywords
2026-08-17 01:56:52,279 - INFO - 🎯 Found 5 new keywords for niche 'apple': apple affordable high-performance, affordable high-performance cheap, how to affordable high-performance, apple alternatives high-performance, cheap alternatives high-performance
2026-08-17 01:56:52,730 - INFO - ✅ Niche 'apple' process complete! 544 total keyword results.
2026-08-17 01:56:52,730 - INFO - ✅ Completed processing niche: 'apple'
2026-08-17 01:56:52,730 - INFO - 🔧 Request Handler final stats - Success rate: 100.0%
2026-08-17 01:56:52,730 - INFO -    Total requests: 173500, Blocks: 1
2026-08-17 01:56:52,731 - INFO - 
========================================
2026-08-17 01:56:52,732 - INFO - Process Summary:
2026-08-17 01:56:52,732 - INFO - - Current niche: 'apple'
2026-08-17 01:56:52,732 - INFO - - Next niche will be: 'sony'
2026-08-17 01:56:52,732 - INFO - - Keywords saved in: languages/english/keywords/apple/
2026-08-17 01:56:52,732 - INFO - ========================================
