2026-08-04 05:28:07,293 - INFO - Log file created at: /home/runner/work/potensitech.com/potensitech.com/languages/english/keywords/logs/kw_search_20260804_052807.log
2026-08-04 05:28:07,293 - INFO - ============================================================
2026-08-04 05:28:07,293 - INFO - AUTOMATIC KEYWORD RESEARCH TOOL
2026-08-04 05:28:07,293 - INFO - ============================================================
2026-08-04 05:28:07,589 - INFO - ========================================
2026-08-04 05:28:07,589 - INFO - Found 14 niches to process: xiaomi, iphone, samsung, apple, sony, asus, philips, sandisk, intel, nvidia, amd, canon, nikon, huawei
2026-08-04 05:28:07,589 - INFO - ========================================
2026-08-04 05:28:07,589 - INFO - Continuing from last processed niche: iphone
2026-08-04 05:28:07,589 - INFO - ========================================
2026-08-04 05:28:07,589 - INFO - 🎯 PROCESSING NICHE 3/14: 'samsung'
2026-08-04 05:28:07,589 - INFO - ========================================
2026-08-04 05:28:07,589 - INFO - 📁 Niche directory: /home/runner/work/potensitech.com/potensitech.com/languages/english/keywords/samsung
2026-08-04 05:28:07,589 - INFO - Selected region: us
2026-08-04 05:28:07,590 - INFO - Selected language: en
2026-08-04 05:28:07,590 - INFO - 🎯 Current niche: samsung
2026-08-04 05:28:08,833 - INFO - 🎯 Niche terms for filtering: samsung, cheap, best, latest, review, price, sell, buy, recommendation, tips, tutorial, guide, how to, vs, versus, compared to, comparison, alternatives, which is better, expensive, discount, deals, sale, affordable, cost, online, offline, marketplace, store, shop, retailer, where to buy, worst, quality, original, genuine, fake, replica, authentic, brand, manufacturer, company, product, samsung product, sell samsung, buy samsung, cheap samsung, best samsung, samsung review, where to buy samsung, how to choose samsung, top samsung, samsung guide, samsung for sale, samsung deals
2026-08-04 05:28:08,833 - INFO - Generated 50 niche-clue pairs for 'samsung'.
2026-08-04 05:28:08,836 - INFO - Expanded 50 seed keywords to 218 variations
2026-08-04 05:28:08,837 - INFO - 🔧 Request Handler initialized - Success rate: 100.0%
2026-08-04 05:32:33,143 - INFO - Original clue keywords: core architecture, thermal efficiency
2026-08-04 05:32:33,143 - INFO - Niche-focused seeds: core architecture samsung, samsung core architecture, core architecture cheap, cheap core architecture, core architecture best, best core architecture, core architecture latest, latest core architecture, core architecture review, review core architecture, core architecture price, price core architecture, core architecture sell, sell core architecture, core architecture buy, buy core architecture, core architecture recommendation, recommendation core architecture, core architecture tips, tips core architecture, core architecture tutorial, tutorial core architecture, core architecture guide, guide core architecture, core architecture how to, how to core architecture, core architecture vs, vs core architecture, core architecture versus, versus core architecture, core architecture compared to, compared to core architecture, core architecture comparison, comparison core architecture, core architecture alternatives, alternatives core architecture, core architecture which is better, which is better core architecture, core architecture expensive, expensive core architecture, core architecture discount, discount core architecture, core architecture deals, deals core architecture, core architecture sale, sale core architecture, core architecture affordable, affordable core architecture, core architecture cost, cost core architecture, core architecture online, online core architecture, core architecture offline, offline core architecture, core architecture marketplace, marketplace core architecture, core architecture store, store core architecture, core architecture shop, shop core architecture, core architecture retailer, retailer core architecture, core architecture where to buy, where to buy core architecture, core architecture worst, worst core architecture, core architecture quality, quality core architecture, core architecture original, original core architecture, core architecture genuine, genuine core architecture, core architecture fake, fake core architecture, core architecture replica, replica core architecture, core architecture authentic, authentic core architecture, core architecture brand, brand core architecture, core architecture manufacturer, manufacturer core architecture, core architecture company, company core architecture, core architecture product, product core architecture, core architecture samsung product, samsung product core architecture, core architecture sell samsung, sell samsung core architecture, core architecture buy samsung, buy samsung core architecture, core architecture cheap samsung, cheap samsung core architecture, core architecture best samsung, best samsung core architecture, core architecture samsung review, samsung review core architecture, core architecture where to buy samsung, where to buy samsung core architecture, core architecture how to choose samsung, how to choose samsung core architecture, core architecture top samsung, top samsung core architecture, core architecture samsung guide, samsung guide core architecture, core architecture samsung for sale, samsung for sale core architecture, core architecture samsung deals, samsung deals core architecture, thermal efficiency samsung, samsung thermal efficiency, thermal efficiency cheap, cheap thermal efficiency, thermal efficiency best, best thermal efficiency, thermal efficiency latest, latest thermal efficiency, thermal efficiency review, review thermal efficiency, thermal efficiency price, price thermal efficiency, thermal efficiency sell, sell thermal efficiency, thermal efficiency buy, buy thermal efficiency, thermal efficiency recommendation, recommendation thermal efficiency, thermal efficiency tips, tips thermal efficiency, thermal efficiency tutorial, tutorial thermal efficiency, thermal efficiency guide, guide thermal efficiency, thermal efficiency how to, how to thermal efficiency, thermal efficiency vs, vs thermal efficiency, thermal efficiency versus, versus thermal efficiency, thermal efficiency compared to, compared to thermal efficiency, thermal efficiency comparison, comparison thermal efficiency, thermal efficiency alternatives, alternatives thermal efficiency, thermal efficiency which is better, which is better thermal efficiency, thermal efficiency expensive, expensive thermal efficiency, thermal efficiency discount, discount thermal efficiency, thermal efficiency deals, deals thermal efficiency, thermal efficiency sale, sale thermal efficiency, thermal efficiency affordable, affordable thermal efficiency, thermal efficiency cost, cost thermal efficiency, thermal efficiency online, online thermal efficiency, thermal efficiency offline, offline thermal efficiency, thermal efficiency marketplace, marketplace thermal efficiency, thermal efficiency store, store thermal efficiency, thermal efficiency shop, shop thermal efficiency, thermal efficiency retailer, retailer thermal efficiency, thermal efficiency where to buy, where to buy thermal efficiency, thermal efficiency worst, worst thermal efficiency, thermal efficiency quality, quality thermal efficiency, thermal efficiency original, original thermal efficiency, thermal efficiency genuine, genuine thermal efficiency, thermal efficiency fake, fake thermal efficiency, thermal efficiency replica, replica thermal efficiency, thermal efficiency authentic, authentic thermal efficiency, thermal efficiency brand, brand thermal efficiency, thermal efficiency manufacturer, manufacturer thermal efficiency, thermal efficiency company, company thermal efficiency, thermal efficiency product, product thermal efficiency, thermal efficiency samsung product, samsung product thermal efficiency, thermal efficiency sell samsung, sell samsung thermal efficiency, thermal efficiency buy samsung, buy samsung thermal efficiency, thermal efficiency cheap samsung, cheap samsung thermal efficiency, thermal efficiency best samsung, best samsung thermal efficiency, thermal efficiency samsung review, samsung review thermal efficiency, thermal efficiency where to buy samsung, where to buy samsung thermal efficiency, thermal efficiency how to choose samsung, how to choose samsung thermal efficiency, thermal efficiency top samsung, top samsung thermal efficiency, thermal efficiency samsung guide, samsung guide thermal efficiency, thermal efficiency samsung for sale, samsung for sale thermal efficiency, thermal efficiency samsung deals, samsung deals thermal efficiency
2026-08-04 05:32:33,146 - INFO - Expanded 220 seed keywords to 385 variations
2026-08-04 05:32:33,146 - INFO - Language: en
2026-08-04 05:32:33,146 - INFO - Region: us
2026-08-04 05:37:06,747 - INFO - 🎯 After all filtering for 'samsung': 120 relevant keywords
2026-08-04 05:37:07,905 - INFO - 🎯 Found 5 new keywords for niche 'samsung': samsung affordable core architecture, samsung affordable thermal efficiency, cheap alternatives core architecture, cheap alternatives thermal efficiency, best authentic core architecture
2026-08-04 05:37:09,352 - INFO - ✅ Niche 'samsung' process complete! 594 total keyword results.
2026-08-04 05:37:09,353 - INFO - ✅ Completed processing niche: 'samsung'
2026-08-04 05:37:09,353 - INFO - 🔧 Request Handler final stats - Success rate: 100.0%
2026-08-04 05:37:09,353 - INFO -    Total requests: 164002, Blocks: 1
2026-08-04 05:37:09,354 - INFO - 
========================================
2026-08-04 05:37:09,354 - INFO - Process Summary:
2026-08-04 05:37:09,354 - INFO - - Current niche: 'samsung'
2026-08-04 05:37:09,354 - INFO - - Next niche will be: 'apple'
2026-08-04 05:37:09,354 - INFO - - Keywords saved in: languages/english/keywords/samsung/
2026-08-04 05:37:09,354 - INFO - ========================================
