2026-08-07 22:09:29,973 - INFO - Log file created at: /home/runner/work/potensitech.com/potensitech.com/languages/english/keywords/logs/kw_search_20260807_220929.log
2026-08-07 22:09:29,973 - INFO - ============================================================
2026-08-07 22:09:29,973 - INFO - AUTOMATIC KEYWORD RESEARCH TOOL
2026-08-07 22:09:29,973 - INFO - ============================================================
2026-08-07 22:09:30,215 - INFO - ========================================
2026-08-07 22:09:30,215 - INFO - Found 14 niches to process: xiaomi, iphone, samsung, apple, sony, asus, philips, sandisk, intel, nvidia, amd, canon, nikon, huawei
2026-08-07 22:09:30,215 - INFO - ========================================
2026-08-07 22:09:30,215 - INFO - Continuing from last processed niche: nvidia
2026-08-07 22:09:30,215 - INFO - ========================================
2026-08-07 22:09:30,215 - INFO - 🎯 PROCESSING NICHE 11/14: 'amd'
2026-08-07 22:09:30,215 - INFO - ========================================
2026-08-07 22:09:30,215 - INFO - 📁 Niche directory: /home/runner/work/potensitech.com/potensitech.com/languages/english/keywords/amd
2026-08-07 22:09:30,216 - INFO - Selected region: us
2026-08-07 22:09:30,216 - INFO - Selected language: en
2026-08-07 22:09:30,216 - INFO - 🎯 Current niche: amd
2026-08-07 22:09:30,882 - INFO - 🎯 Niche terms for filtering: amd, cheap, best, latest, review, price, sell, buy, recommendation, tips, tutorial, guide, how to, vs, versus, compared to, comparison, alternatives, which is better, expensive, discount, deals, sale, affordable, cost, online, offline, marketplace, store, shop, retailer, where to buy, worst, quality, original, genuine, fake, replica, authentic, brand, manufacturer, company, product, amd product, sell amd, buy amd, cheap amd, best amd, amd review, where to buy amd, how to choose amd, top amd, amd guide, amd for sale, amd deals
2026-08-07 22:09:30,882 - INFO - Generated 50 niche-clue pairs for 'amd'.
2026-08-07 22:09:30,884 - INFO - Expanded 50 seed keywords to 218 variations
2026-08-07 22:09:30,885 - INFO - 🔧 Request Handler initialized - Success rate: 100.0%
2026-08-07 22:13:52,716 - INFO - Original clue keywords: dslr lens, mirrorless photography
2026-08-07 22:13:52,716 - INFO - Niche-focused seeds: dslr lens amd, amd dslr lens, dslr lens cheap, cheap dslr lens, dslr lens best, best dslr lens, dslr lens latest, latest dslr lens, dslr lens review, review dslr lens, dslr lens price, price dslr lens, dslr lens sell, sell dslr lens, dslr lens buy, buy dslr lens, dslr lens recommendation, recommendation dslr lens, dslr lens tips, tips dslr lens, dslr lens tutorial, tutorial dslr lens, dslr lens guide, guide dslr lens, dslr lens how to, how to dslr lens, dslr lens vs, vs dslr lens, dslr lens versus, versus dslr lens, dslr lens compared to, compared to dslr lens, dslr lens comparison, comparison dslr lens, dslr lens alternatives, alternatives dslr lens, dslr lens which is better, which is better dslr lens, dslr lens expensive, expensive dslr lens, dslr lens discount, discount dslr lens, dslr lens deals, deals dslr lens, dslr lens sale, sale dslr lens, dslr lens affordable, affordable dslr lens, dslr lens cost, cost dslr lens, dslr lens online, online dslr lens, dslr lens offline, offline dslr lens, dslr lens marketplace, marketplace dslr lens, dslr lens store, store dslr lens, dslr lens shop, shop dslr lens, dslr lens retailer, retailer dslr lens, dslr lens where to buy, where to buy dslr lens, dslr lens worst, worst dslr lens, dslr lens quality, quality dslr lens, dslr lens original, original dslr lens, dslr lens genuine, genuine dslr lens, dslr lens fake, fake dslr lens, dslr lens replica, replica dslr lens, dslr lens authentic, authentic dslr lens, dslr lens brand, brand dslr lens, dslr lens manufacturer, manufacturer dslr lens, dslr lens company, company dslr lens, dslr lens product, product dslr lens, dslr lens amd product, amd product dslr lens, dslr lens sell amd, sell amd dslr lens, dslr lens buy amd, buy amd dslr lens, dslr lens cheap amd, cheap amd dslr lens, dslr lens best amd, best amd dslr lens, dslr lens amd review, amd review dslr lens, dslr lens where to buy amd, where to buy amd dslr lens, dslr lens how to choose amd, how to choose amd dslr lens, dslr lens top amd, top amd dslr lens, dslr lens amd guide, amd guide dslr lens, dslr lens amd for sale, amd for sale dslr lens, dslr lens amd deals, amd deals dslr lens, mirrorless photography amd, amd mirrorless photography, mirrorless photography cheap, cheap mirrorless photography, mirrorless photography best, best mirrorless photography, mirrorless photography latest, latest mirrorless photography, mirrorless photography review, review mirrorless photography, mirrorless photography price, price mirrorless photography, mirrorless photography sell, sell mirrorless photography, mirrorless photography buy, buy mirrorless photography, mirrorless photography recommendation, recommendation mirrorless photography, mirrorless photography tips, tips mirrorless photography, mirrorless photography tutorial, tutorial mirrorless photography, mirrorless photography guide, guide mirrorless photography, mirrorless photography how to, how to mirrorless photography, mirrorless photography vs, vs mirrorless photography, mirrorless photography versus, versus mirrorless photography, mirrorless photography compared to, compared to mirrorless photography, mirrorless photography comparison, comparison mirrorless photography, mirrorless photography alternatives, alternatives mirrorless photography, mirrorless photography which is better, which is better mirrorless photography, mirrorless photography expensive, expensive mirrorless photography, mirrorless photography discount, discount mirrorless photography, mirrorless photography deals, deals mirrorless photography, mirrorless photography sale, sale mirrorless photography, mirrorless photography affordable, affordable mirrorless photography, mirrorless photography cost, cost mirrorless photography, mirrorless photography online, online mirrorless photography, mirrorless photography offline, offline mirrorless photography, mirrorless photography marketplace, marketplace mirrorless photography, mirrorless photography store, store mirrorless photography, mirrorless photography shop, shop mirrorless photography, mirrorless photography retailer, retailer mirrorless photography, mirrorless photography where to buy, where to buy mirrorless photography, mirrorless photography worst, worst mirrorless photography, mirrorless photography quality, quality mirrorless photography, mirrorless photography original, original mirrorless photography, mirrorless photography genuine, genuine mirrorless photography, mirrorless photography fake, fake mirrorless photography, mirrorless photography replica, replica mirrorless photography, mirrorless photography authentic, authentic mirrorless photography, mirrorless photography brand, brand mirrorless photography, mirrorless photography manufacturer, manufacturer mirrorless photography, mirrorless photography company, company mirrorless photography, mirrorless photography product, product mirrorless photography, mirrorless photography amd product, amd product mirrorless photography, mirrorless photography sell amd, sell amd mirrorless photography, mirrorless photography buy amd, buy amd mirrorless photography, mirrorless photography cheap amd, cheap amd mirrorless photography, mirrorless photography best amd, best amd mirrorless photography, mirrorless photography amd review, amd review mirrorless photography, mirrorless photography where to buy amd, where to buy amd mirrorless photography, mirrorless photography how to choose amd, how to choose amd mirrorless photography, mirrorless photography top amd, top amd mirrorless photography, mirrorless photography amd guide, amd guide mirrorless photography, mirrorless photography amd for sale, amd for sale mirrorless photography, mirrorless photography amd deals, amd deals mirrorless photography
2026-08-07 22:13:52,718 - INFO - Expanded 220 seed keywords to 385 variations
2026-08-07 22:13:52,718 - INFO - Language: en
2026-08-07 22:13:52,718 - INFO - Region: us
2026-08-07 22:17:11,066 - INFO - 🎯 After all filtering for 'amd': 120 relevant keywords
2026-08-07 22:17:13,404 - INFO - 🎯 Found 5 new keywords for niche 'amd': amd affordable dslr lens, amd affordable mirrorless photography, cheap alternatives mirrorless photography, best authentic mirrorless photography, how to brand mirrorless photography
2026-08-07 22:17:13,869 - INFO - ✅ Niche 'amd' process complete! 747 total keyword results.
2026-08-07 22:17:13,869 - INFO - ✅ Completed processing niche: 'amd'
2026-08-07 22:17:13,869 - INFO - 🔧 Request Handler final stats - Success rate: 100.0%
2026-08-07 22:17:13,869 - INFO -    Total requests: 166647, Blocks: 1
2026-08-07 22:17:13,870 - INFO - 
========================================
2026-08-07 22:17:13,870 - INFO - Process Summary:
2026-08-07 22:17:13,870 - INFO - - Current niche: 'amd'
2026-08-07 22:17:13,870 - INFO - - Next niche will be: 'canon'
2026-08-07 22:17:13,870 - INFO - - Keywords saved in: languages/english/keywords/amd/
2026-08-07 22:17:13,871 - INFO - ========================================
