2026-10-08 19:59:41,775 - INFO - Log file created at: /home/runner/work/potensitech.com/potensitech.com/languages/english/keywords/logs/kw_search_20261008_195941.log
2026-10-08 19:59:41,775 - INFO - ============================================================
2026-10-08 19:59:41,775 - INFO - AUTOMATIC KEYWORD RESEARCH TOOL
2026-10-08 19:59:41,775 - INFO - ============================================================
2026-10-08 19:59:42,158 - INFO - ========================================
2026-10-08 19:59:42,159 - INFO - Found 14 niches to process: xiaomi, iphone, samsung, apple, sony, asus, philips, sandisk, intel, nvidia, amd, canon, nikon, huawei
2026-10-08 19:59:42,159 - INFO - ========================================
2026-10-08 19:59:42,159 - INFO - Continuing from last processed niche: intel
2026-10-08 19:59:42,159 - INFO - ========================================
2026-10-08 19:59:42,159 - INFO - 🎯 PROCESSING NICHE 10/14: 'nvidia'
2026-10-08 19:59:42,159 - INFO - ========================================
2026-10-08 19:59:42,159 - INFO - 📁 Niche directory: /home/runner/work/potensitech.com/potensitech.com/languages/english/keywords/nvidia
2026-10-08 19:59:42,159 - INFO - Selected region: us
2026-10-08 19:59:42,159 - INFO - Selected language: en
2026-10-08 19:59:42,159 - INFO - 🎯 Current niche: nvidia
2026-10-08 19:59:53,357 - INFO - 🎯 Niche terms for filtering: nvidia, cheap, best, latest, review, price, sell, buy, recommendation, tips, tutorial, guide, how to, vs, versus, compared to, comparison, alternatives, which is better, expensive, discount, deals, sale, affordable, cost, online, offline, marketplace, store, shop, retailer, where to buy, worst, quality, original, genuine, fake, replica, authentic, brand, manufacturer, company, product, nvidia product, sell nvidia, buy nvidia, cheap nvidia, best nvidia, nvidia review, where to buy nvidia, how to choose nvidia, top nvidia, nvidia guide, nvidia for sale, nvidia deals
2026-10-08 19:59:53,357 - INFO - Generated 50 niche-clue pairs for 'nvidia'.
2026-10-08 19:59:53,359 - INFO - Expanded 50 seed keywords to 218 variations
2026-10-08 19:59:53,359 - INFO - 🔧 Request Handler initialized - Success rate: 100.0%
2026-10-08 20:04:19,378 - INFO - Original clue keywords: core performance, camera
2026-10-08 20:04:19,378 - INFO - Niche-focused seeds: core performance nvidia, nvidia core performance, core performance cheap, cheap core performance, core performance best, best core performance, core performance latest, latest core performance, core performance review, review core performance, core performance price, price core performance, core performance sell, sell core performance, core performance buy, buy core performance, core performance recommendation, recommendation core performance, core performance tips, tips core performance, core performance tutorial, tutorial core performance, core performance guide, guide core performance, core performance how to, how to core performance, core performance vs, vs core performance, core performance versus, versus core performance, core performance compared to, compared to core performance, core performance comparison, comparison core performance, core performance alternatives, alternatives core performance, core performance which is better, which is better core performance, core performance expensive, expensive core performance, core performance discount, discount core performance, core performance deals, deals core performance, core performance sale, sale core performance, core performance affordable, affordable core performance, core performance cost, cost core performance, core performance online, online core performance, core performance offline, offline core performance, core performance marketplace, marketplace core performance, core performance store, store core performance, core performance shop, shop core performance, core performance retailer, retailer core performance, core performance where to buy, where to buy core performance, core performance worst, worst core performance, core performance quality, quality core performance, core performance original, original core performance, core performance genuine, genuine core performance, core performance fake, fake core performance, core performance replica, replica core performance, core performance authentic, authentic core performance, core performance brand, brand core performance, core performance manufacturer, manufacturer core performance, core performance company, company core performance, core performance product, product core performance, core performance nvidia product, nvidia product core performance, core performance sell nvidia, sell nvidia core performance, core performance buy nvidia, buy nvidia core performance, core performance cheap nvidia, cheap nvidia core performance, core performance best nvidia, best nvidia core performance, core performance nvidia review, nvidia review core performance, core performance where to buy nvidia, where to buy nvidia core performance, core performance how to choose nvidia, how to choose nvidia core performance, core performance top nvidia, top nvidia core performance, core performance nvidia guide, nvidia guide core performance, core performance nvidia for sale, nvidia for sale core performance, core performance nvidia deals, nvidia deals core performance, camera nvidia, nvidia camera, camera cheap, cheap camera, camera best, best camera, camera latest, latest camera, camera review, review camera, camera price, price camera, camera sell, sell camera, camera buy, buy camera, camera recommendation, recommendation camera, camera tips, tips camera, camera tutorial, tutorial camera, camera guide, guide camera, camera how to, how to camera, camera vs, vs camera, camera versus, versus camera, camera compared to, compared to camera, camera comparison, comparison camera, camera alternatives, alternatives camera, camera which is better, which is better camera, camera expensive, expensive camera, camera discount, discount camera, camera deals, deals camera, camera sale, sale camera, camera affordable, affordable camera, camera cost, cost camera, camera online, online camera, camera offline, offline camera, camera marketplace, marketplace camera, camera store, store camera, camera shop, shop camera, camera retailer, retailer camera, camera where to buy, where to buy camera, camera worst, worst camera, camera quality, quality camera, camera original, original camera, camera genuine, genuine camera, camera fake, fake camera, camera replica, replica camera, camera authentic, authentic camera, camera brand, brand camera, camera manufacturer, manufacturer camera, camera company, company camera, camera product, product camera, camera nvidia product, nvidia product camera, camera sell nvidia, sell nvidia camera, camera buy nvidia, buy nvidia camera, camera cheap nvidia, cheap nvidia camera, camera best nvidia, best nvidia camera, camera nvidia review, nvidia review camera, camera where to buy nvidia, where to buy nvidia camera, camera how to choose nvidia, how to choose nvidia camera, camera top nvidia, top nvidia camera, camera nvidia guide, nvidia guide camera, camera nvidia for sale, nvidia for sale camera, camera nvidia deals, nvidia deals camera
2026-10-08 20:04:19,380 - INFO - Expanded 220 seed keywords to 385 variations
2026-10-08 20:04:19,380 - INFO - Language: en
2026-10-08 20:04:19,381 - INFO - Region: us
2026-10-08 20:08:47,795 - INFO - 🎯 After all filtering for 'nvidia': 119 relevant keywords
2026-10-08 20:08:47,942 - INFO - 🎯 Found 5 new keywords for niche 'nvidia': nvidia affordable camera, cheap affordable camera, best affordable camera, how to affordable camera, nvidia alternatives camera
2026-10-08 20:09:04,551 - INFO - ✅ Niche 'nvidia' process complete! 916 total keyword results.
2026-10-08 20:09:04,552 - INFO - ✅ Completed processing niche: 'nvidia'
2026-10-08 20:09:04,552 - INFO - 🔧 Request Handler final stats - Success rate: 100.0%
2026-10-08 20:09:04,552 - INFO -    Total requests: 217674, Blocks: 1
2026-10-08 20:09:04,552 - INFO - 
========================================
2026-10-08 20:09:04,553 - INFO - Process Summary:
2026-10-08 20:09:04,553 - INFO - - Current niche: 'nvidia'
2026-10-08 20:09:04,553 - INFO - - Next niche will be: 'amd'
2026-10-08 20:09:04,553 - INFO - - Keywords saved in: languages/english/keywords/nvidia/
2026-10-08 20:09:04,553 - INFO - ========================================
