2026-09-07 22:00:22,243 - INFO - Log file created at: /home/runner/work/potensitech.com/potensitech.com/languages/english/keywords/logs/kw_search_20260907_220022.log
2026-09-07 22:00:22,243 - INFO - ============================================================
2026-09-07 22:00:22,244 - INFO - AUTOMATIC KEYWORD RESEARCH TOOL
2026-09-07 22:00:22,244 - INFO - ============================================================
2026-09-07 22:00:22,589 - INFO - ========================================
2026-09-07 22:00:22,589 - INFO - Found 14 niches to process: xiaomi, iphone, samsung, apple, sony, asus, philips, sandisk, intel, nvidia, amd, canon, nikon, huawei
2026-09-07 22:00:22,590 - INFO - ========================================
2026-09-07 22:00:22,590 - INFO - Continuing from last processed niche: nvidia
2026-09-07 22:00:22,590 - INFO - ========================================
2026-09-07 22:00:22,590 - INFO - 🎯 PROCESSING NICHE 11/14: 'amd'
2026-09-07 22:00:22,590 - INFO - ========================================
2026-09-07 22:00:22,590 - INFO - 📁 Niche directory: /home/runner/work/potensitech.com/potensitech.com/languages/english/keywords/amd
2026-09-07 22:00:22,590 - INFO - Selected region: us
2026-09-07 22:00:22,590 - INFO - Selected language: en
2026-09-07 22:00:22,590 - INFO - 🎯 Current niche: amd
2026-09-07 22:00:33,688 - INFO - 🎯 Niche terms for filtering: amd, cheap, best, latest, review, price, sell, buy, recommendation, tips, tutorial, guide, how to, vs, versus, compared to, comparison, alternatives, which is better, expensive, discount, deals, sale, affordable, cost, online, offline, marketplace, store, shop, retailer, where to buy, worst, quality, original, genuine, fake, replica, authentic, brand, manufacturer, company, product, amd product, sell amd, buy amd, cheap amd, best amd, amd review, where to buy amd, how to choose amd, top amd, amd guide, amd for sale, amd deals
2026-09-07 22:00:33,689 - INFO - Generated 50 niche-clue pairs for 'amd'.
2026-09-07 22:00:33,692 - INFO - Expanded 50 seed keywords to 218 variations
2026-09-07 22:00:33,693 - INFO - 🔧 Request Handler initialized - Success rate: 100.0%
2026-09-07 22:04:55,587 - INFO - Original clue keywords: core technology, chipset upgrade
2026-09-07 22:04:55,587 - INFO - Niche-focused seeds: core technology amd, amd core technology, core technology cheap, cheap core technology, core technology best, best core technology, core technology latest, latest core technology, core technology review, review core technology, core technology price, price core technology, core technology sell, sell core technology, core technology buy, buy core technology, core technology recommendation, recommendation core technology, core technology tips, tips core technology, core technology tutorial, tutorial core technology, core technology guide, guide core technology, core technology how to, how to core technology, core technology vs, vs core technology, core technology versus, versus core technology, core technology compared to, compared to core technology, core technology comparison, comparison core technology, core technology alternatives, alternatives core technology, core technology which is better, which is better core technology, core technology expensive, expensive core technology, core technology discount, discount core technology, core technology deals, deals core technology, core technology sale, sale core technology, core technology affordable, affordable core technology, core technology cost, cost core technology, core technology online, online core technology, core technology offline, offline core technology, core technology marketplace, marketplace core technology, core technology store, store core technology, core technology shop, shop core technology, core technology retailer, retailer core technology, core technology where to buy, where to buy core technology, core technology worst, worst core technology, core technology quality, quality core technology, core technology original, original core technology, core technology genuine, genuine core technology, core technology fake, fake core technology, core technology replica, replica core technology, core technology authentic, authentic core technology, core technology brand, brand core technology, core technology manufacturer, manufacturer core technology, core technology company, company core technology, core technology product, product core technology, core technology amd product, amd product core technology, core technology sell amd, sell amd core technology, core technology buy amd, buy amd core technology, core technology cheap amd, cheap amd core technology, core technology best amd, best amd core technology, core technology amd review, amd review core technology, core technology where to buy amd, where to buy amd core technology, core technology how to choose amd, how to choose amd core technology, core technology top amd, top amd core technology, core technology amd guide, amd guide core technology, core technology amd for sale, amd for sale core technology, core technology amd deals, amd deals core technology, chipset upgrade amd, amd chipset upgrade, chipset upgrade cheap, cheap chipset upgrade, chipset upgrade best, best chipset upgrade, chipset upgrade latest, latest chipset upgrade, chipset upgrade review, review chipset upgrade, chipset upgrade price, price chipset upgrade, chipset upgrade sell, sell chipset upgrade, chipset upgrade buy, buy chipset upgrade, chipset upgrade recommendation, recommendation chipset upgrade, chipset upgrade tips, tips chipset upgrade, chipset upgrade tutorial, tutorial chipset upgrade, chipset upgrade guide, guide chipset upgrade, chipset upgrade how to, how to chipset upgrade, chipset upgrade vs, vs chipset upgrade, chipset upgrade versus, versus chipset upgrade, chipset upgrade compared to, compared to chipset upgrade, chipset upgrade comparison, comparison chipset upgrade, chipset upgrade alternatives, alternatives chipset upgrade, chipset upgrade which is better, which is better chipset upgrade, chipset upgrade expensive, expensive chipset upgrade, chipset upgrade discount, discount chipset upgrade, chipset upgrade deals, deals chipset upgrade, chipset upgrade sale, sale chipset upgrade, chipset upgrade affordable, affordable chipset upgrade, chipset upgrade cost, cost chipset upgrade, chipset upgrade online, online chipset upgrade, chipset upgrade offline, offline chipset upgrade, chipset upgrade marketplace, marketplace chipset upgrade, chipset upgrade store, store chipset upgrade, chipset upgrade shop, shop chipset upgrade, chipset upgrade retailer, retailer chipset upgrade, chipset upgrade where to buy, where to buy chipset upgrade, chipset upgrade worst, worst chipset upgrade, chipset upgrade quality, quality chipset upgrade, chipset upgrade original, original chipset upgrade, chipset upgrade genuine, genuine chipset upgrade, chipset upgrade fake, fake chipset upgrade, chipset upgrade replica, replica chipset upgrade, chipset upgrade authentic, authentic chipset upgrade, chipset upgrade brand, brand chipset upgrade, chipset upgrade manufacturer, manufacturer chipset upgrade, chipset upgrade company, company chipset upgrade, chipset upgrade product, product chipset upgrade, chipset upgrade amd product, amd product chipset upgrade, chipset upgrade sell amd, sell amd chipset upgrade, chipset upgrade buy amd, buy amd chipset upgrade, chipset upgrade cheap amd, cheap amd chipset upgrade, chipset upgrade best amd, best amd chipset upgrade, chipset upgrade amd review, amd review chipset upgrade, chipset upgrade where to buy amd, where to buy amd chipset upgrade, chipset upgrade how to choose amd, how to choose amd chipset upgrade, chipset upgrade top amd, top amd chipset upgrade, chipset upgrade amd guide, amd guide chipset upgrade, chipset upgrade amd for sale, amd for sale chipset upgrade, chipset upgrade amd deals, amd deals chipset upgrade
2026-09-07 22:04:55,590 - INFO - Expanded 220 seed keywords to 385 variations
2026-09-07 22:04:55,590 - INFO - Language: en
2026-09-07 22:04:55,590 - INFO - Region: us
2026-09-07 22:07:05,837 - INFO - 🎯 After all filtering for 'amd': 120 relevant keywords
2026-09-07 22:07:08,106 - INFO - 🎯 Found 5 new keywords for niche 'amd': amd affordable chipset upgrade, amd affordable core technology, cheap alternatives core technology, best authentic core technology, how to brand core technology
2026-09-07 22:07:24,255 - INFO - ✅ Niche 'amd' process complete! 788 total keyword results.
2026-09-07 22:07:24,255 - INFO - ✅ Completed processing niche: 'amd'
2026-09-07 22:07:24,255 - INFO - 🔧 Request Handler final stats - Success rate: 100.0%
2026-09-07 22:07:24,255 - INFO -    Total requests: 190871, Blocks: 1
2026-09-07 22:07:24,256 - INFO - 
========================================
2026-09-07 22:07:24,257 - INFO - Process Summary:
2026-09-07 22:07:24,257 - INFO - - Current niche: 'amd'
2026-09-07 22:07:24,257 - INFO - - Next niche will be: 'canon'
2026-09-07 22:07:24,257 - INFO - - Keywords saved in: languages/english/keywords/amd/
2026-09-07 22:07:24,257 - INFO - ========================================
