2026-09-24 23:59:26,027 - INFO - Log file created at: /home/runner/work/potensitech.com/potensitech.com/languages/english/keywords/logs/kw_search_20260924_235926.log
2026-09-24 23:59:26,027 - INFO - ============================================================
2026-09-24 23:59:26,027 - INFO - AUTOMATIC KEYWORD RESEARCH TOOL
2026-09-24 23:59:26,027 - INFO - ============================================================
2026-09-24 23:59:26,463 - INFO - ========================================
2026-09-24 23:59:26,463 - INFO - Found 14 niches to process: xiaomi, iphone, samsung, apple, sony, asus, philips, sandisk, intel, nvidia, amd, canon, nikon, huawei
2026-09-24 23:59:26,463 - INFO - ========================================
2026-09-24 23:59:26,463 - INFO - Continuing from last processed niche: nikon
2026-09-24 23:59:26,463 - INFO - ========================================
2026-09-24 23:59:26,463 - INFO - 🎯 PROCESSING NICHE 14/14: 'huawei'
2026-09-24 23:59:26,463 - INFO - ========================================
2026-09-24 23:59:26,463 - INFO - 📁 Niche directory: /home/runner/work/potensitech.com/potensitech.com/languages/english/keywords/huawei
2026-09-24 23:59:26,463 - INFO - Selected region: us
2026-09-24 23:59:26,463 - INFO - Selected language: en
2026-09-24 23:59:26,463 - INFO - 🎯 Current niche: huawei
2026-09-24 23:59:36,870 - INFO - 🎯 Niche terms for filtering: huawei, cheap, best, latest, review, price, sell, buy, recommendation, tips, tutorial, guide, how to, vs, versus, compared to, comparison, alternatives, which is better, expensive, discount, deals, sale, affordable, cost, online, offline, marketplace, store, shop, retailer, where to buy, worst, quality, original, genuine, fake, replica, authentic, brand, manufacturer, company, product, huawei product, sell huawei, buy huawei, cheap huawei, best huawei, huawei review, where to buy huawei, how to choose huawei, top huawei, huawei guide, huawei for sale, huawei deals
2026-09-24 23:59:36,870 - INFO - Generated 50 niche-clue pairs for 'huawei'.
2026-09-24 23:59:36,873 - INFO - Expanded 50 seed keywords to 218 variations
2026-09-24 23:59:36,874 - INFO - 🔧 Request Handler initialized - Success rate: 100.0%
2026-09-25 00:04:04,226 - INFO - Original clue keywords: core speed, power efficiency
2026-09-25 00:04:04,226 - INFO - Niche-focused seeds: core speed huawei, huawei core speed, core speed cheap, cheap core speed, core speed best, best core speed, core speed latest, latest core speed, core speed review, review core speed, core speed price, price core speed, core speed sell, sell core speed, core speed buy, buy core speed, core speed recommendation, recommendation core speed, core speed tips, tips core speed, core speed tutorial, tutorial core speed, core speed guide, guide core speed, core speed how to, how to core speed, core speed vs, vs core speed, core speed versus, versus core speed, core speed compared to, compared to core speed, core speed comparison, comparison core speed, core speed alternatives, alternatives core speed, core speed which is better, which is better core speed, core speed expensive, expensive core speed, core speed discount, discount core speed, core speed deals, deals core speed, core speed sale, sale core speed, core speed affordable, affordable core speed, core speed cost, cost core speed, core speed online, online core speed, core speed offline, offline core speed, core speed marketplace, marketplace core speed, core speed store, store core speed, core speed shop, shop core speed, core speed retailer, retailer core speed, core speed where to buy, where to buy core speed, core speed worst, worst core speed, core speed quality, quality core speed, core speed original, original core speed, core speed genuine, genuine core speed, core speed fake, fake core speed, core speed replica, replica core speed, core speed authentic, authentic core speed, core speed brand, brand core speed, core speed manufacturer, manufacturer core speed, core speed company, company core speed, core speed product, product core speed, core speed huawei product, huawei product core speed, core speed sell huawei, sell huawei core speed, core speed buy huawei, buy huawei core speed, core speed cheap huawei, cheap huawei core speed, core speed best huawei, best huawei core speed, core speed huawei review, huawei review core speed, core speed where to buy huawei, where to buy huawei core speed, core speed how to choose huawei, how to choose huawei core speed, core speed top huawei, top huawei core speed, core speed huawei guide, huawei guide core speed, core speed huawei for sale, huawei for sale core speed, core speed huawei deals, huawei deals core speed, power efficiency huawei, huawei power efficiency, power efficiency cheap, cheap power efficiency, power efficiency best, best power efficiency, power efficiency latest, latest power efficiency, power efficiency review, review power efficiency, power efficiency price, price power efficiency, power efficiency sell, sell power efficiency, power efficiency buy, buy power efficiency, power efficiency recommendation, recommendation power efficiency, power efficiency tips, tips power efficiency, power efficiency tutorial, tutorial power efficiency, power efficiency guide, guide power efficiency, power efficiency how to, how to power efficiency, power efficiency vs, vs power efficiency, power efficiency versus, versus power efficiency, power efficiency compared to, compared to power efficiency, power efficiency comparison, comparison power efficiency, power efficiency alternatives, alternatives power efficiency, power efficiency which is better, which is better power efficiency, power efficiency expensive, expensive power efficiency, power efficiency discount, discount power efficiency, power efficiency deals, deals power efficiency, power efficiency sale, sale power efficiency, power efficiency affordable, affordable power efficiency, power efficiency cost, cost power efficiency, power efficiency online, online power efficiency, power efficiency offline, offline power efficiency, power efficiency marketplace, marketplace power efficiency, power efficiency store, store power efficiency, power efficiency shop, shop power efficiency, power efficiency retailer, retailer power efficiency, power efficiency where to buy, where to buy power efficiency, power efficiency worst, worst power efficiency, power efficiency quality, quality power efficiency, power efficiency original, original power efficiency, power efficiency genuine, genuine power efficiency, power efficiency fake, fake power efficiency, power efficiency replica, replica power efficiency, power efficiency authentic, authentic power efficiency, power efficiency brand, brand power efficiency, power efficiency manufacturer, manufacturer power efficiency, power efficiency company, company power efficiency, power efficiency product, product power efficiency, power efficiency huawei product, huawei product power efficiency, power efficiency sell huawei, sell huawei power efficiency, power efficiency buy huawei, buy huawei power efficiency, power efficiency cheap huawei, cheap huawei power efficiency, power efficiency best huawei, best huawei power efficiency, power efficiency huawei review, huawei review power efficiency, power efficiency where to buy huawei, where to buy huawei power efficiency, power efficiency how to choose huawei, how to choose huawei power efficiency, power efficiency top huawei, top huawei power efficiency, power efficiency huawei guide, huawei guide power efficiency, power efficiency huawei for sale, huawei for sale power efficiency, power efficiency huawei deals, huawei deals power efficiency
2026-09-25 00:04:04,229 - INFO - Expanded 220 seed keywords to 385 variations
2026-09-25 00:04:04,229 - INFO - Language: en
2026-09-25 00:04:04,229 - INFO - Region: us
2026-09-25 00:08:37,043 - INFO - 🎯 After all filtering for 'huawei': 120 relevant keywords
2026-09-25 00:08:38,279 - INFO - 🎯 Found 5 new keywords for niche 'huawei': huawei affordable core speed, huawei affordable power efficiency, cheap alternatives core speed, cheap alternatives power efficiency, best authentic core speed
2026-09-25 00:08:54,537 - INFO - ✅ Niche 'huawei' process complete! 690 total keyword results.
2026-09-25 00:08:54,538 - INFO - ✅ Completed processing niche: 'huawei'
2026-09-25 00:08:54,538 - INFO - 🔧 Request Handler final stats - Success rate: 100.0%
2026-09-25 00:08:54,538 - INFO -    Total requests: 205491, Blocks: 1
2026-09-25 00:08:54,539 - INFO - 
========================================
2026-09-25 00:08:54,539 - INFO - Process Summary:
2026-09-25 00:08:54,539 - INFO - - Current niche: 'huawei'
2026-09-25 00:08:54,539 - INFO - - Next niche will be: 'xiaomi'
2026-09-25 00:08:54,539 - INFO - - Keywords saved in: languages/english/keywords/huawei/
2026-09-25 00:08:54,540 - INFO - ========================================
