2026-08-09 12:40:54,836 - INFO - Log file created at: /home/runner/work/potensitech.com/potensitech.com/languages/english/keywords/logs/kw_search_20260809_124054.log
2026-08-09 12:40:54,836 - INFO - ============================================================
2026-08-09 12:40:54,836 - INFO - AUTOMATIC KEYWORD RESEARCH TOOL
2026-08-09 12:40:54,836 - INFO - ============================================================
2026-08-09 12:40:55,105 - INFO - ========================================
2026-08-09 12:40:55,105 - INFO - Found 14 niches to process: xiaomi, iphone, samsung, apple, sony, asus, philips, sandisk, intel, nvidia, amd, canon, nikon, huawei
2026-08-09 12:40:55,105 - INFO - ========================================
2026-08-09 12:40:55,105 - INFO - Continuing from last processed niche: canon
2026-08-09 12:40:55,105 - INFO - ========================================
2026-08-09 12:40:55,105 - INFO - 🎯 PROCESSING NICHE 13/14: 'nikon'
2026-08-09 12:40:55,105 - INFO - ========================================
2026-08-09 12:40:55,105 - INFO - 📁 Niche directory: /home/runner/work/potensitech.com/potensitech.com/languages/english/keywords/nikon
2026-08-09 12:40:55,105 - INFO - Selected region: us
2026-08-09 12:40:55,105 - INFO - Selected language: en
2026-08-09 12:40:55,105 - INFO - 🎯 Current niche: nikon
2026-08-09 12:40:55,825 - INFO - 🎯 Niche terms for filtering: nikon, cheap, best, latest, review, price, sell, buy, recommendation, tips, tutorial, guide, how to, vs, versus, compared to, comparison, alternatives, which is better, expensive, discount, deals, sale, affordable, cost, online, offline, marketplace, store, shop, retailer, where to buy, worst, quality, original, genuine, fake, replica, authentic, brand, manufacturer, company, product, nikon product, sell nikon, buy nikon, cheap nikon, best nikon, nikon review, where to buy nikon, how to choose nikon, top nikon, nikon guide, nikon for sale, nikon deals
2026-08-09 12:40:55,825 - INFO - Generated 50 niche-clue pairs for 'nikon'.
2026-08-09 12:40:55,828 - INFO - Expanded 50 seed keywords to 218 variations
2026-08-09 12:40:55,829 - INFO - 🔧 Request Handler initialized - Success rate: 100.0%
2026-08-09 12:45:17,948 - INFO - Original clue keywords: smartphone camera, mirrorless camera
2026-08-09 12:45:17,948 - INFO - Niche-focused seeds: smartphone camera nikon, nikon smartphone camera, smartphone camera cheap, cheap smartphone camera, smartphone camera best, best smartphone camera, smartphone camera latest, latest smartphone camera, smartphone camera review, review smartphone camera, smartphone camera price, price smartphone camera, smartphone camera sell, sell smartphone camera, smartphone camera buy, buy smartphone camera, smartphone camera recommendation, recommendation smartphone camera, smartphone camera tips, tips smartphone camera, smartphone camera tutorial, tutorial smartphone camera, smartphone camera guide, guide smartphone camera, smartphone camera how to, how to smartphone camera, smartphone camera vs, vs smartphone camera, smartphone camera versus, versus smartphone camera, smartphone camera compared to, compared to smartphone camera, smartphone camera comparison, comparison smartphone camera, smartphone camera alternatives, alternatives smartphone camera, smartphone camera which is better, which is better smartphone camera, smartphone camera expensive, expensive smartphone camera, smartphone camera discount, discount smartphone camera, smartphone camera deals, deals smartphone camera, smartphone camera sale, sale smartphone camera, smartphone camera affordable, affordable smartphone camera, smartphone camera cost, cost smartphone camera, smartphone camera online, online smartphone camera, smartphone camera offline, offline smartphone camera, smartphone camera marketplace, marketplace smartphone camera, smartphone camera store, store smartphone camera, smartphone camera shop, shop smartphone camera, smartphone camera retailer, retailer smartphone camera, smartphone camera where to buy, where to buy smartphone camera, smartphone camera worst, worst smartphone camera, smartphone camera quality, quality smartphone camera, smartphone camera original, original smartphone camera, smartphone camera genuine, genuine smartphone camera, smartphone camera fake, fake smartphone camera, smartphone camera replica, replica smartphone camera, smartphone camera authentic, authentic smartphone camera, smartphone camera brand, brand smartphone camera, smartphone camera manufacturer, manufacturer smartphone camera, smartphone camera company, company smartphone camera, smartphone camera product, product smartphone camera, smartphone camera nikon product, nikon product smartphone camera, smartphone camera sell nikon, sell nikon smartphone camera, smartphone camera buy nikon, buy nikon smartphone camera, smartphone camera cheap nikon, cheap nikon smartphone camera, smartphone camera best nikon, best nikon smartphone camera, smartphone camera nikon review, nikon review smartphone camera, smartphone camera where to buy nikon, where to buy nikon smartphone camera, smartphone camera how to choose nikon, how to choose nikon smartphone camera, smartphone camera top nikon, top nikon smartphone camera, smartphone camera nikon guide, nikon guide smartphone camera, smartphone camera nikon for sale, nikon for sale smartphone camera, smartphone camera nikon deals, nikon deals smartphone camera, mirrorless camera nikon, nikon mirrorless camera, mirrorless camera cheap, cheap mirrorless camera, mirrorless camera best, best mirrorless camera, mirrorless camera latest, latest mirrorless camera, mirrorless camera review, review mirrorless camera, mirrorless camera price, price mirrorless camera, mirrorless camera sell, sell mirrorless camera, mirrorless camera buy, buy mirrorless camera, mirrorless camera recommendation, recommendation mirrorless camera, mirrorless camera tips, tips mirrorless camera, mirrorless camera tutorial, tutorial mirrorless camera, mirrorless camera guide, guide mirrorless camera, mirrorless camera how to, how to mirrorless camera, mirrorless camera vs, vs mirrorless camera, mirrorless camera versus, versus mirrorless camera, mirrorless camera compared to, compared to mirrorless camera, mirrorless camera comparison, comparison mirrorless camera, mirrorless camera alternatives, alternatives mirrorless camera, mirrorless camera which is better, which is better mirrorless camera, mirrorless camera expensive, expensive mirrorless camera, mirrorless camera discount, discount mirrorless camera, mirrorless camera deals, deals mirrorless camera, mirrorless camera sale, sale mirrorless camera, mirrorless camera affordable, affordable mirrorless camera, mirrorless camera cost, cost mirrorless camera, mirrorless camera online, online mirrorless camera, mirrorless camera offline, offline mirrorless camera, mirrorless camera marketplace, marketplace mirrorless camera, mirrorless camera store, store mirrorless camera, mirrorless camera shop, shop mirrorless camera, mirrorless camera retailer, retailer mirrorless camera, mirrorless camera where to buy, where to buy mirrorless camera, mirrorless camera worst, worst mirrorless camera, mirrorless camera quality, quality mirrorless camera, mirrorless camera original, original mirrorless camera, mirrorless camera genuine, genuine mirrorless camera, mirrorless camera fake, fake mirrorless camera, mirrorless camera replica, replica mirrorless camera, mirrorless camera authentic, authentic mirrorless camera, mirrorless camera brand, brand mirrorless camera, mirrorless camera manufacturer, manufacturer mirrorless camera, mirrorless camera company, company mirrorless camera, mirrorless camera product, product mirrorless camera, mirrorless camera nikon product, nikon product mirrorless camera, mirrorless camera sell nikon, sell nikon mirrorless camera, mirrorless camera buy nikon, buy nikon mirrorless camera, mirrorless camera cheap nikon, cheap nikon mirrorless camera, mirrorless camera best nikon, best nikon mirrorless camera, mirrorless camera nikon review, nikon review mirrorless camera, mirrorless camera where to buy nikon, where to buy nikon mirrorless camera, mirrorless camera how to choose nikon, how to choose nikon mirrorless camera, mirrorless camera top nikon, top nikon mirrorless camera, mirrorless camera nikon guide, nikon guide mirrorless camera, mirrorless camera nikon for sale, nikon for sale mirrorless camera, mirrorless camera nikon deals, nikon deals mirrorless camera
2026-08-09 12:45:17,952 - INFO - Expanded 220 seed keywords to 385 variations
2026-08-09 12:45:17,952 - INFO - Language: en
2026-08-09 12:45:17,952 - INFO - Region: us
2026-08-09 12:47:01,377 - INFO - 🎯 After all filtering for 'nikon': 120 relevant keywords
2026-08-09 12:47:02,609 - INFO - 🎯 Found 5 new keywords for niche 'nikon': nikon affordable mirrorless camera, cheap affordable smartphone camera, nikon alternatives smartphone camera, best authentic smartphone camera, how to brand smartphone camera
2026-08-09 12:47:03,046 - INFO - ✅ Niche 'nikon' process complete! 656 total keyword results.
2026-08-09 12:47:03,046 - INFO - ✅ Completed processing niche: 'nikon'
2026-08-09 12:47:03,046 - INFO - 🔧 Request Handler final stats - Success rate: 100.0%
2026-08-09 12:47:03,046 - INFO -    Total requests: 167835, Blocks: 1
2026-08-09 12:47:03,047 - INFO - 
========================================
2026-08-09 12:47:03,047 - INFO - Process Summary:
2026-08-09 12:47:03,047 - INFO - - Current niche: 'nikon'
2026-08-09 12:47:03,047 - INFO - - Next niche will be: 'huawei'
2026-08-09 12:47:03,047 - INFO - - Keywords saved in: languages/english/keywords/nikon/
2026-08-09 12:47:03,048 - INFO - ========================================
