2026-09-06 04:20:01,676 - INFO - Log file created at: /home/runner/work/potensitech.com/potensitech.com/languages/english/keywords/logs/kw_search_20260906_042001.log
2026-09-06 04:20:01,676 - INFO - ============================================================
2026-09-06 04:20:01,676 - INFO - AUTOMATIC KEYWORD RESEARCH TOOL
2026-09-06 04:20:01,676 - INFO - ============================================================
2026-09-06 04:20:02,052 - INFO - ========================================
2026-09-06 04:20:02,052 - INFO - Found 14 niches to process: xiaomi, iphone, samsung, apple, sony, asus, philips, sandisk, intel, nvidia, amd, canon, nikon, huawei
2026-09-06 04:20:02,052 - INFO - ========================================
2026-09-06 04:20:02,052 - INFO - Continuing from last processed niche: asus
2026-09-06 04:20:02,052 - INFO - ========================================
2026-09-06 04:20:02,052 - INFO - 🎯 PROCESSING NICHE 7/14: 'philips'
2026-09-06 04:20:02,052 - INFO - ========================================
2026-09-06 04:20:02,052 - INFO - 📁 Niche directory: /home/runner/work/potensitech.com/potensitech.com/languages/english/keywords/philips
2026-09-06 04:20:02,052 - INFO - Selected region: us
2026-09-06 04:20:02,052 - INFO - Selected language: en
2026-09-06 04:20:02,052 - INFO - 🎯 Current niche: philips
2026-09-06 04:20:13,447 - INFO - 🎯 Niche terms for filtering: philips, cheap, best, latest, review, price, sell, buy, recommendation, tips, tutorial, guide, how to, vs, versus, compared to, comparison, alternatives, which is better, expensive, discount, deals, sale, affordable, cost, online, offline, marketplace, store, shop, retailer, where to buy, worst, quality, original, genuine, fake, replica, authentic, brand, manufacturer, company, product, philips product, sell philips, buy philips, cheap philips, best philips, philips review, where to buy philips, how to choose philips, top philips, philips guide, philips for sale, philips deals
2026-09-06 04:20:13,447 - INFO - Generated 50 niche-clue pairs for 'philips'.
2026-09-06 04:20:13,451 - INFO - Expanded 50 seed keywords to 218 variations
2026-09-06 04:20:13,451 - INFO - 🔧 Request Handler initialized - Success rate: 100.0%
2026-09-06 04:24:35,445 - INFO - Original clue keywords: mirrorless innovation, ai computing
2026-09-06 04:24:35,445 - INFO - Niche-focused seeds: mirrorless innovation philips, philips mirrorless innovation, mirrorless innovation cheap, cheap mirrorless innovation, mirrorless innovation best, best mirrorless innovation, mirrorless innovation latest, latest mirrorless innovation, mirrorless innovation review, review mirrorless innovation, mirrorless innovation price, price mirrorless innovation, mirrorless innovation sell, sell mirrorless innovation, mirrorless innovation buy, buy mirrorless innovation, mirrorless innovation recommendation, recommendation mirrorless innovation, mirrorless innovation tips, tips mirrorless innovation, mirrorless innovation tutorial, tutorial mirrorless innovation, mirrorless innovation guide, guide mirrorless innovation, mirrorless innovation how to, how to mirrorless innovation, mirrorless innovation vs, vs mirrorless innovation, mirrorless innovation versus, versus mirrorless innovation, mirrorless innovation compared to, compared to mirrorless innovation, mirrorless innovation comparison, comparison mirrorless innovation, mirrorless innovation alternatives, alternatives mirrorless innovation, mirrorless innovation which is better, which is better mirrorless innovation, mirrorless innovation expensive, expensive mirrorless innovation, mirrorless innovation discount, discount mirrorless innovation, mirrorless innovation deals, deals mirrorless innovation, mirrorless innovation sale, sale mirrorless innovation, mirrorless innovation affordable, affordable mirrorless innovation, mirrorless innovation cost, cost mirrorless innovation, mirrorless innovation online, online mirrorless innovation, mirrorless innovation offline, offline mirrorless innovation, mirrorless innovation marketplace, marketplace mirrorless innovation, mirrorless innovation store, store mirrorless innovation, mirrorless innovation shop, shop mirrorless innovation, mirrorless innovation retailer, retailer mirrorless innovation, mirrorless innovation where to buy, where to buy mirrorless innovation, mirrorless innovation worst, worst mirrorless innovation, mirrorless innovation quality, quality mirrorless innovation, mirrorless innovation original, original mirrorless innovation, mirrorless innovation genuine, genuine mirrorless innovation, mirrorless innovation fake, fake mirrorless innovation, mirrorless innovation replica, replica mirrorless innovation, mirrorless innovation authentic, authentic mirrorless innovation, mirrorless innovation brand, brand mirrorless innovation, mirrorless innovation manufacturer, manufacturer mirrorless innovation, mirrorless innovation company, company mirrorless innovation, mirrorless innovation product, product mirrorless innovation, mirrorless innovation philips product, philips product mirrorless innovation, mirrorless innovation sell philips, sell philips mirrorless innovation, mirrorless innovation buy philips, buy philips mirrorless innovation, mirrorless innovation cheap philips, cheap philips mirrorless innovation, mirrorless innovation best philips, best philips mirrorless innovation, mirrorless innovation philips review, philips review mirrorless innovation, mirrorless innovation where to buy philips, where to buy philips mirrorless innovation, mirrorless innovation how to choose philips, how to choose philips mirrorless innovation, mirrorless innovation top philips, top philips mirrorless innovation, mirrorless innovation philips guide, philips guide mirrorless innovation, mirrorless innovation philips for sale, philips for sale mirrorless innovation, mirrorless innovation philips deals, philips deals mirrorless innovation, ai computing philips, philips ai computing, ai computing cheap, cheap ai computing, ai computing best, best ai computing, ai computing latest, latest ai computing, ai computing review, review ai computing, ai computing price, price ai computing, ai computing sell, sell ai computing, ai computing buy, buy ai computing, ai computing recommendation, recommendation ai computing, ai computing tips, tips ai computing, ai computing tutorial, tutorial ai computing, ai computing guide, guide ai computing, ai computing how to, how to ai computing, ai computing vs, vs ai computing, ai computing versus, versus ai computing, ai computing compared to, compared to ai computing, ai computing comparison, comparison ai computing, ai computing alternatives, alternatives ai computing, ai computing which is better, which is better ai computing, ai computing expensive, expensive ai computing, ai computing discount, discount ai computing, ai computing deals, deals ai computing, ai computing sale, sale ai computing, ai computing affordable, affordable ai computing, ai computing cost, cost ai computing, ai computing online, online ai computing, ai computing offline, offline ai computing, ai computing marketplace, marketplace ai computing, ai computing store, store ai computing, ai computing shop, shop ai computing, ai computing retailer, retailer ai computing, ai computing where to buy, where to buy ai computing, ai computing worst, worst ai computing, ai computing quality, quality ai computing, ai computing original, original ai computing, ai computing genuine, genuine ai computing, ai computing fake, fake ai computing, ai computing replica, replica ai computing, ai computing authentic, authentic ai computing, ai computing brand, brand ai computing, ai computing manufacturer, manufacturer ai computing, ai computing company, company ai computing, ai computing product, product ai computing, ai computing philips product, philips product ai computing, ai computing sell philips, sell philips ai computing, ai computing buy philips, buy philips ai computing, ai computing cheap philips, cheap philips ai computing, ai computing best philips, best philips ai computing, ai computing philips review, philips review ai computing, ai computing where to buy philips, where to buy philips ai computing, ai computing how to choose philips, how to choose philips ai computing, ai computing top philips, top philips ai computing, ai computing philips guide, philips guide ai computing, ai computing philips for sale, philips for sale ai computing, ai computing philips deals, philips deals ai computing
2026-09-06 04:24:35,449 - INFO - Expanded 220 seed keywords to 385 variations
2026-09-06 04:24:35,449 - INFO - Language: en
2026-09-06 04:24:35,449 - INFO - Region: us
2026-09-06 04:29:06,491 - INFO - 🎯 After all filtering for 'philips': 120 relevant keywords
2026-09-06 04:29:08,303 - INFO - 🎯 Found 5 new keywords for niche 'philips': philips affordable ai computing, philips affordable mirrorless innovation, cheap ai computing alternatives, best ai computing authentic, how to ai computing brand
2026-09-06 04:29:24,108 - INFO - ✅ Niche 'philips' process complete! 721 total keyword results.
2026-09-06 04:29:24,109 - INFO - ✅ Completed processing niche: 'philips'
2026-09-06 04:29:24,109 - INFO - 🔧 Request Handler final stats - Success rate: 100.0%
2026-09-06 04:29:24,109 - INFO -    Total requests: 189410, Blocks: 1
2026-09-06 04:29:24,110 - INFO - 
========================================
2026-09-06 04:29:24,110 - INFO - Process Summary:
2026-09-06 04:29:24,110 - INFO - - Current niche: 'philips'
2026-09-06 04:29:24,110 - INFO - - Next niche will be: 'sandisk'
2026-09-06 04:29:24,110 - INFO - - Keywords saved in: languages/english/keywords/philips/
2026-09-06 04:29:24,111 - INFO - ========================================
