2026-08-10 02:25:12,190 - INFO - Log file created at: /home/runner/work/potensitech.com/potensitech.com/languages/english/keywords/logs/kw_search_20260810_022512.log
2026-08-10 02:25:12,190 - INFO - ============================================================
2026-08-10 02:25:12,190 - INFO - AUTOMATIC KEYWORD RESEARCH TOOL
2026-08-10 02:25:12,190 - INFO - ============================================================
2026-08-10 02:25:12,469 - INFO - ========================================
2026-08-10 02:25:12,469 - INFO - Found 14 niches to process: xiaomi, iphone, samsung, apple, sony, asus, philips, sandisk, intel, nvidia, amd, canon, nikon, huawei
2026-08-10 02:25:12,469 - INFO - ========================================
2026-08-10 02:25:12,469 - INFO - Continuing from last processed niche: samsung
2026-08-10 02:25:12,469 - INFO - ========================================
2026-08-10 02:25:12,469 - INFO - 🎯 PROCESSING NICHE 4/14: 'apple'
2026-08-10 02:25:12,469 - INFO - ========================================
2026-08-10 02:25:12,469 - INFO - 📁 Niche directory: /home/runner/work/potensitech.com/potensitech.com/languages/english/keywords/apple
2026-08-10 02:25:12,470 - INFO - Selected region: us
2026-08-10 02:25:12,470 - INFO - Selected language: en
2026-08-10 02:25:12,470 - INFO - 🎯 Current niche: apple
2026-08-10 02:25:13,216 - INFO - 🎯 Niche terms for filtering: apple, cheap, best, latest, review, price, sell, buy, recommendation, tips, tutorial, guide, how to, vs, versus, compared to, comparison, alternatives, which is better, expensive, discount, deals, sale, affordable, cost, online, offline, marketplace, store, shop, retailer, where to buy, worst, quality, original, genuine, fake, replica, authentic, brand, manufacturer, company, product, apple product, sell apple, buy apple, cheap apple, best apple, apple review, where to buy apple, how to choose apple, top apple, apple guide, apple for sale, apple deals
2026-08-10 02:25:13,217 - INFO - Generated 50 niche-clue pairs for 'apple'.
2026-08-10 02:25:13,220 - INFO - Expanded 50 seed keywords to 218 variations
2026-08-10 02:25:13,220 - INFO - 🔧 Request Handler initialized - Success rate: 100.0%
2026-08-10 02:29:38,448 - INFO - Original clue keywords: mirrorless camera, battery life
2026-08-10 02:29:38,449 - INFO - Niche-focused seeds: mirrorless camera apple, apple mirrorless camera, mirrorless camera cheap, cheap mirrorless camera, mirrorless camera best, best mirrorless camera, mirrorless camera latest, latest mirrorless camera, mirrorless camera review, review mirrorless camera, mirrorless camera price, price mirrorless camera, mirrorless camera sell, sell mirrorless camera, mirrorless camera buy, buy mirrorless camera, mirrorless camera recommendation, recommendation mirrorless camera, mirrorless camera tips, tips mirrorless camera, mirrorless camera tutorial, tutorial mirrorless camera, mirrorless camera guide, guide mirrorless camera, mirrorless camera how to, how to mirrorless camera, mirrorless camera vs, vs mirrorless camera, mirrorless camera versus, versus mirrorless camera, mirrorless camera compared to, compared to mirrorless camera, mirrorless camera comparison, comparison mirrorless camera, mirrorless camera alternatives, alternatives mirrorless camera, mirrorless camera which is better, which is better mirrorless camera, mirrorless camera expensive, expensive mirrorless camera, mirrorless camera discount, discount mirrorless camera, mirrorless camera deals, deals mirrorless camera, mirrorless camera sale, sale mirrorless camera, mirrorless camera affordable, affordable mirrorless camera, mirrorless camera cost, cost mirrorless camera, mirrorless camera online, online mirrorless camera, mirrorless camera offline, offline mirrorless camera, mirrorless camera marketplace, marketplace mirrorless camera, mirrorless camera store, store mirrorless camera, mirrorless camera shop, shop mirrorless camera, mirrorless camera retailer, retailer mirrorless camera, mirrorless camera where to buy, where to buy mirrorless camera, mirrorless camera worst, worst mirrorless camera, mirrorless camera quality, quality mirrorless camera, mirrorless camera original, original mirrorless camera, mirrorless camera genuine, genuine mirrorless camera, mirrorless camera fake, fake mirrorless camera, mirrorless camera replica, replica mirrorless camera, mirrorless camera authentic, authentic mirrorless camera, mirrorless camera brand, brand mirrorless camera, mirrorless camera manufacturer, manufacturer mirrorless camera, mirrorless camera company, company mirrorless camera, mirrorless camera product, product mirrorless camera, mirrorless camera apple product, apple product mirrorless camera, mirrorless camera sell apple, sell apple mirrorless camera, mirrorless camera buy apple, buy apple mirrorless camera, mirrorless camera cheap apple, cheap apple mirrorless camera, mirrorless camera best apple, best apple mirrorless camera, mirrorless camera apple review, apple review mirrorless camera, mirrorless camera where to buy apple, where to buy apple mirrorless camera, mirrorless camera how to choose apple, how to choose apple mirrorless camera, mirrorless camera top apple, top apple mirrorless camera, mirrorless camera apple guide, apple guide mirrorless camera, mirrorless camera apple for sale, apple for sale mirrorless camera, mirrorless camera apple deals, apple deals mirrorless camera, battery life apple, apple battery life, battery life cheap, cheap battery life, battery life best, best battery life, battery life latest, latest battery life, battery life review, review battery life, battery life price, price battery life, battery life sell, sell battery life, battery life buy, buy battery life, battery life recommendation, recommendation battery life, battery life tips, tips battery life, battery life tutorial, tutorial battery life, battery life guide, guide battery life, battery life how to, how to battery life, battery life vs, vs battery life, battery life versus, versus battery life, battery life compared to, compared to battery life, battery life comparison, comparison battery life, battery life alternatives, alternatives battery life, battery life which is better, which is better battery life, battery life expensive, expensive battery life, battery life discount, discount battery life, battery life deals, deals battery life, battery life sale, sale battery life, battery life affordable, affordable battery life, battery life cost, cost battery life, battery life online, online battery life, battery life offline, offline battery life, battery life marketplace, marketplace battery life, battery life store, store battery life, battery life shop, shop battery life, battery life retailer, retailer battery life, battery life where to buy, where to buy battery life, battery life worst, worst battery life, battery life quality, quality battery life, battery life original, original battery life, battery life genuine, genuine battery life, battery life fake, fake battery life, battery life replica, replica battery life, battery life authentic, authentic battery life, battery life brand, brand battery life, battery life manufacturer, manufacturer battery life, battery life company, company battery life, battery life product, product battery life, battery life apple product, apple product battery life, battery life sell apple, sell apple battery life, battery life buy apple, buy apple battery life, battery life cheap apple, cheap apple battery life, battery life best apple, best apple battery life, battery life apple review, apple review battery life, battery life where to buy apple, where to buy apple battery life, battery life how to choose apple, how to choose apple battery life, battery life top apple, top apple battery life, battery life apple guide, apple guide battery life, battery life apple for sale, apple for sale battery life, battery life apple deals, apple deals battery life
2026-08-10 02:29:38,452 - INFO - Expanded 220 seed keywords to 385 variations
2026-08-10 02:29:38,452 - INFO - Language: en
2026-08-10 02:29:38,452 - INFO - Region: us
2026-08-10 02:31:07,638 - INFO - 🎯 After all filtering for 'apple': 119 relevant keywords
2026-08-10 02:31:08,650 - INFO - 🎯 Found 5 new keywords for niche 'apple': apple affordable battery life, apple affordable mirrorless camera, cheap alternatives battery life, cheap alternatives mirrorless camera, best authentic battery life
2026-08-10 02:31:09,111 - INFO - ✅ Niche 'apple' process complete! 534 total keyword results.
2026-08-10 02:31:09,112 - INFO - ✅ Completed processing niche: 'apple'
2026-08-10 02:31:09,112 - INFO - 🔧 Request Handler final stats - Success rate: 100.0%
2026-08-10 02:31:09,112 - INFO -    Total requests: 168114, Blocks: 1
2026-08-10 02:31:09,113 - INFO - 
========================================
2026-08-10 02:31:09,113 - INFO - Process Summary:
2026-08-10 02:31:09,113 - INFO - - Current niche: 'apple'
2026-08-10 02:31:09,113 - INFO - - Next niche will be: 'sony'
2026-08-10 02:31:09,113 - INFO - - Keywords saved in: languages/english/keywords/apple/
2026-08-10 02:31:09,114 - INFO - ========================================
