2026-10-09 11:32:20,211 - INFO - Log file created at: /home/runner/work/potensitech.com/potensitech.com/languages/english/keywords/logs/kw_search_20261009_113220.log
2026-10-09 11:32:20,211 - INFO - ============================================================
2026-10-09 11:32:20,211 - INFO - AUTOMATIC KEYWORD RESEARCH TOOL
2026-10-09 11:32:20,211 - INFO - ============================================================
2026-10-09 11:32:20,576 - INFO - ========================================
2026-10-09 11:32:20,576 - INFO - Found 14 niches to process: xiaomi, iphone, samsung, apple, sony, asus, philips, sandisk, intel, nvidia, amd, canon, nikon, huawei
2026-10-09 11:32:20,576 - INFO - ========================================
2026-10-09 11:32:20,577 - INFO - Continuing from last processed niche: xiaomi
2026-10-09 11:32:20,577 - INFO - ========================================
2026-10-09 11:32:20,577 - INFO - 🎯 PROCESSING NICHE 2/14: 'iphone'
2026-10-09 11:32:20,577 - INFO - ========================================
2026-10-09 11:32:20,577 - INFO - 📁 Niche directory: /home/runner/work/potensitech.com/potensitech.com/languages/english/keywords/iphone
2026-10-09 11:32:20,577 - INFO - Selected region: us
2026-10-09 11:32:20,577 - INFO - Selected language: en
2026-10-09 11:32:20,577 - INFO - 🎯 Current niche: iphone
2026-10-09 11:32:31,114 - INFO - 🎯 Niche terms for filtering: iphone, cheap, best, latest, review, price, sell, buy, recommendation, tips, tutorial, guide, how to, vs, versus, compared to, comparison, alternatives, which is better, expensive, discount, deals, sale, affordable, cost, online, offline, marketplace, store, shop, retailer, where to buy, worst, quality, original, genuine, fake, replica, authentic, brand, manufacturer, company, product, iphone product, sell iphone, buy iphone, cheap iphone, best iphone, iphone review, where to buy iphone, how to choose iphone, top iphone, iphone guide, iphone for sale, iphone deals
2026-10-09 11:32:31,114 - INFO - Generated 50 niche-clue pairs for 'iphone'.
2026-10-09 11:32:31,116 - INFO - Expanded 50 seed keywords to 218 variations
2026-10-09 11:32:31,117 - INFO - 🔧 Request Handler initialized - Success rate: 100.0%
2026-10-09 11:36:52,788 - INFO - Original clue keywords: core performance, camera
2026-10-09 11:36:52,788 - INFO - Niche-focused seeds: core performance iphone, iphone core performance, core performance cheap, cheap core performance, core performance best, best core performance, core performance latest, latest core performance, core performance review, review core performance, core performance price, price core performance, core performance sell, sell core performance, core performance buy, buy core performance, core performance recommendation, recommendation core performance, core performance tips, tips core performance, core performance tutorial, tutorial core performance, core performance guide, guide core performance, core performance how to, how to core performance, core performance vs, vs core performance, core performance versus, versus core performance, core performance compared to, compared to core performance, core performance comparison, comparison core performance, core performance alternatives, alternatives core performance, core performance which is better, which is better core performance, core performance expensive, expensive core performance, core performance discount, discount core performance, core performance deals, deals core performance, core performance sale, sale core performance, core performance affordable, affordable core performance, core performance cost, cost core performance, core performance online, online core performance, core performance offline, offline core performance, core performance marketplace, marketplace core performance, core performance store, store core performance, core performance shop, shop core performance, core performance retailer, retailer core performance, core performance where to buy, where to buy core performance, core performance worst, worst core performance, core performance quality, quality core performance, core performance original, original core performance, core performance genuine, genuine core performance, core performance fake, fake core performance, core performance replica, replica core performance, core performance authentic, authentic core performance, core performance brand, brand core performance, core performance manufacturer, manufacturer core performance, core performance company, company core performance, core performance product, product core performance, core performance iphone product, iphone product core performance, core performance sell iphone, sell iphone core performance, core performance buy iphone, buy iphone core performance, core performance cheap iphone, cheap iphone core performance, core performance best iphone, best iphone core performance, core performance iphone review, iphone review core performance, core performance where to buy iphone, where to buy iphone core performance, core performance how to choose iphone, how to choose iphone core performance, core performance top iphone, top iphone core performance, core performance iphone guide, iphone guide core performance, core performance iphone for sale, iphone for sale core performance, core performance iphone deals, iphone deals core performance, camera iphone, iphone camera, camera cheap, cheap camera, camera best, best camera, camera latest, latest camera, camera review, review camera, camera price, price camera, camera sell, sell camera, camera buy, buy camera, camera recommendation, recommendation camera, camera tips, tips camera, camera tutorial, tutorial camera, camera guide, guide camera, camera how to, how to camera, camera vs, vs camera, camera versus, versus camera, camera compared to, compared to camera, camera comparison, comparison camera, camera alternatives, alternatives camera, camera which is better, which is better camera, camera expensive, expensive camera, camera discount, discount camera, camera deals, deals camera, camera sale, sale camera, camera affordable, affordable camera, camera cost, cost camera, camera online, online camera, camera offline, offline camera, camera marketplace, marketplace camera, camera store, store camera, camera shop, shop camera, camera retailer, retailer camera, camera where to buy, where to buy camera, camera worst, worst camera, camera quality, quality camera, camera original, original camera, camera genuine, genuine camera, camera fake, fake camera, camera replica, replica camera, camera authentic, authentic camera, camera brand, brand camera, camera manufacturer, manufacturer camera, camera company, company camera, camera product, product camera, camera iphone product, iphone product camera, camera sell iphone, sell iphone camera, camera buy iphone, buy iphone camera, camera cheap iphone, cheap iphone camera, camera best iphone, best iphone camera, camera iphone review, iphone review camera, camera where to buy iphone, where to buy iphone camera, camera how to choose iphone, how to choose iphone camera, camera top iphone, top iphone camera, camera iphone guide, iphone guide camera, camera iphone for sale, iphone for sale camera, camera iphone deals, iphone deals camera
2026-10-09 11:36:52,790 - INFO - Expanded 220 seed keywords to 385 variations
2026-10-09 11:36:52,790 - INFO - Language: en
2026-10-09 11:36:52,790 - INFO - Region: us
2026-10-09 11:41:21,737 - INFO - 🎯 After all filtering for 'iphone': 119 relevant keywords
2026-10-09 11:41:21,948 - INFO - 🎯 Found 5 new keywords for niche 'iphone': iphone affordable camera, cheap affordable camera, best affordable camera, iphone alternatives camera, cheap alternatives camera
2026-10-09 11:41:38,273 - INFO - ✅ Niche 'iphone' process complete! 921 total keyword results.
2026-10-09 11:41:38,273 - INFO - ✅ Completed processing niche: 'iphone'
2026-10-09 11:41:38,274 - INFO - 🔧 Request Handler final stats - Success rate: 100.0%
2026-10-09 11:41:38,274 - INFO -    Total requests: 218274, Blocks: 1
2026-10-09 11:41:38,275 - INFO - 
========================================
2026-10-09 11:41:38,275 - INFO - Process Summary:
2026-10-09 11:41:38,275 - INFO - - Current niche: 'iphone'
2026-10-09 11:41:38,275 - INFO - - Next niche will be: 'samsung'
2026-10-09 11:41:38,275 - INFO - - Keywords saved in: languages/english/keywords/iphone/
2026-10-09 11:41:38,275 - INFO - ========================================
