2026-08-20 01:43:37,521 - INFO - Log file created at: /home/runner/work/potensitech.com/potensitech.com/languages/english/keywords/logs/kw_search_20260820_014337.log
2026-08-20 01:43:37,521 - INFO - ============================================================
2026-08-20 01:43:37,521 - INFO - AUTOMATIC KEYWORD RESEARCH TOOL
2026-08-20 01:43:37,521 - INFO - ============================================================
2026-08-20 01:43:37,827 - INFO - ========================================
2026-08-20 01:43:37,827 - INFO - Found 14 niches to process: xiaomi, iphone, samsung, apple, sony, asus, philips, sandisk, intel, nvidia, amd, canon, nikon, huawei
2026-08-20 01:43:37,827 - INFO - ========================================
2026-08-20 01:43:37,827 - INFO - Continuing from last processed niche: sony
2026-08-20 01:43:37,828 - INFO - ========================================
2026-08-20 01:43:37,828 - INFO - 🎯 PROCESSING NICHE 6/14: 'asus'
2026-08-20 01:43:37,828 - INFO - ========================================
2026-08-20 01:43:37,828 - INFO - 📁 Niche directory: /home/runner/work/potensitech.com/potensitech.com/languages/english/keywords/asus
2026-08-20 01:43:37,828 - INFO - Selected region: us
2026-08-20 01:43:37,828 - INFO - Selected language: en
2026-08-20 01:43:37,828 - INFO - 🎯 Current niche: asus
2026-08-20 01:43:38,534 - INFO - 🎯 Niche terms for filtering: asus, cheap, best, latest, review, price, sell, buy, recommendation, tips, tutorial, guide, how to, vs, versus, compared to, comparison, alternatives, which is better, expensive, discount, deals, sale, affordable, cost, online, offline, marketplace, store, shop, retailer, where to buy, worst, quality, original, genuine, fake, replica, authentic, brand, manufacturer, company, product, asus product, sell asus, buy asus, cheap asus, best asus, asus review, where to buy asus, how to choose asus, top asus, asus guide, asus for sale, asus deals
2026-08-20 01:43:38,534 - INFO - Generated 50 niche-clue pairs for 'asus'.
2026-08-20 01:43:38,537 - INFO - Expanded 50 seed keywords to 218 variations
2026-08-20 01:43:38,542 - INFO - 🔧 Request Handler initialized - Success rate: 100.0%
2026-08-20 01:48:18,088 - INFO - Original clue keywords: megapixels, autofocus
2026-08-20 01:48:18,088 - INFO - Niche-focused seeds: megapixels asus, asus megapixels, megapixels cheap, cheap megapixels, megapixels best, best megapixels, megapixels latest, latest megapixels, megapixels review, review megapixels, megapixels price, price megapixels, megapixels sell, sell megapixels, megapixels buy, buy megapixels, megapixels recommendation, recommendation megapixels, megapixels tips, tips megapixels, megapixels tutorial, tutorial megapixels, megapixels guide, guide megapixels, megapixels how to, how to megapixels, megapixels vs, vs megapixels, megapixels versus, versus megapixels, megapixels compared to, compared to megapixels, megapixels comparison, comparison megapixels, megapixels alternatives, alternatives megapixels, megapixels which is better, which is better megapixels, megapixels expensive, expensive megapixels, megapixels discount, discount megapixels, megapixels deals, deals megapixels, megapixels sale, sale megapixels, megapixels affordable, affordable megapixels, megapixels cost, cost megapixels, megapixels online, online megapixels, megapixels offline, offline megapixels, megapixels marketplace, marketplace megapixels, megapixels store, store megapixels, megapixels shop, shop megapixels, megapixels retailer, retailer megapixels, megapixels where to buy, where to buy megapixels, megapixels worst, worst megapixels, megapixels quality, quality megapixels, megapixels original, original megapixels, megapixels genuine, genuine megapixels, megapixels fake, fake megapixels, megapixels replica, replica megapixels, megapixels authentic, authentic megapixels, megapixels brand, brand megapixels, megapixels manufacturer, manufacturer megapixels, megapixels company, company megapixels, megapixels product, product megapixels, megapixels asus product, asus product megapixels, megapixels sell asus, sell asus megapixels, megapixels buy asus, buy asus megapixels, megapixels cheap asus, cheap asus megapixels, megapixels best asus, best asus megapixels, megapixels asus review, asus review megapixels, megapixels where to buy asus, where to buy asus megapixels, megapixels how to choose asus, how to choose asus megapixels, megapixels top asus, top asus megapixels, megapixels asus guide, asus guide megapixels, megapixels asus for sale, asus for sale megapixels, megapixels asus deals, asus deals megapixels, autofocus asus, asus autofocus, autofocus cheap, cheap autofocus, autofocus best, best autofocus, autofocus latest, latest autofocus, autofocus review, review autofocus, autofocus price, price autofocus, autofocus sell, sell autofocus, autofocus buy, buy autofocus, autofocus recommendation, recommendation autofocus, autofocus tips, tips autofocus, autofocus tutorial, tutorial autofocus, autofocus guide, guide autofocus, autofocus how to, how to autofocus, autofocus vs, vs autofocus, autofocus versus, versus autofocus, autofocus compared to, compared to autofocus, autofocus comparison, comparison autofocus, autofocus alternatives, alternatives autofocus, autofocus which is better, which is better autofocus, autofocus expensive, expensive autofocus, autofocus discount, discount autofocus, autofocus deals, deals autofocus, autofocus sale, sale autofocus, autofocus affordable, affordable autofocus, autofocus cost, cost autofocus, autofocus online, online autofocus, autofocus offline, offline autofocus, autofocus marketplace, marketplace autofocus, autofocus store, store autofocus, autofocus shop, shop autofocus, autofocus retailer, retailer autofocus, autofocus where to buy, where to buy autofocus, autofocus worst, worst autofocus, autofocus quality, quality autofocus, autofocus original, original autofocus, autofocus genuine, genuine autofocus, autofocus fake, fake autofocus, autofocus replica, replica autofocus, autofocus authentic, authentic autofocus, autofocus brand, brand autofocus, autofocus manufacturer, manufacturer autofocus, autofocus company, company autofocus, autofocus product, product autofocus, autofocus asus product, asus product autofocus, autofocus sell asus, sell asus autofocus, autofocus buy asus, buy asus autofocus, autofocus cheap asus, cheap asus autofocus, autofocus best asus, best asus autofocus, autofocus asus review, asus review autofocus, autofocus where to buy asus, where to buy asus autofocus, autofocus how to choose asus, how to choose asus autofocus, autofocus top asus, top asus autofocus, autofocus asus guide, asus guide autofocus, autofocus asus for sale, asus for sale autofocus, autofocus asus deals, asus deals autofocus
2026-08-20 01:48:18,091 - INFO - Expanded 220 seed keywords to 385 variations
2026-08-20 01:48:18,091 - INFO - Language: en
2026-08-20 01:48:18,091 - INFO - Region: us
2026-08-20 01:52:51,186 - INFO - 🎯 After all filtering for 'asus': 119 relevant keywords
2026-08-20 01:52:51,471 - INFO - 🎯 Found 5 new keywords for niche 'asus': asus affordable autofocus, cheap affordable autofocus, best affordable autofocus, how to affordable autofocus, asus affordable megapixels
2026-08-20 01:52:51,889 - INFO - ✅ Niche 'asus' process complete! 822 total keyword results.
2026-08-20 01:52:51,890 - INFO - ✅ Completed processing niche: 'asus'
2026-08-20 01:52:51,890 - INFO - 🔧 Request Handler final stats - Success rate: 100.0%
2026-08-20 01:52:51,890 - INFO -    Total requests: 175916, Blocks: 1
2026-08-20 01:52:51,891 - INFO - 
========================================
2026-08-20 01:52:51,891 - INFO - Process Summary:
2026-08-20 01:52:51,891 - INFO - - Current niche: 'asus'
2026-08-20 01:52:51,891 - INFO - - Next niche will be: 'philips'
2026-08-20 01:52:51,891 - INFO - - Keywords saved in: languages/english/keywords/asus/
2026-08-20 01:52:51,892 - INFO - ========================================
