2026-09-24 20:09:26,649 - INFO - Log file created at: /home/runner/work/potensitech.com/potensitech.com/languages/english/keywords/logs/kw_search_20260924_200926.log
2026-09-24 20:09:26,649 - INFO - ============================================================
2026-09-24 20:09:26,649 - INFO - AUTOMATIC KEYWORD RESEARCH TOOL
2026-09-24 20:09:26,649 - INFO - ============================================================
2026-09-24 20:09:27,093 - INFO - ========================================
2026-09-24 20:09:27,093 - INFO - Found 14 niches to process: xiaomi, iphone, samsung, apple, sony, asus, philips, sandisk, intel, nvidia, amd, canon, nikon, huawei
2026-09-24 20:09:27,093 - INFO - ========================================
2026-09-24 20:09:27,093 - INFO - Continuing from last processed niche: amd
2026-09-24 20:09:27,093 - INFO - ========================================
2026-09-24 20:09:27,093 - INFO - 🎯 PROCESSING NICHE 12/14: 'canon'
2026-09-24 20:09:27,093 - INFO - ========================================
2026-09-24 20:09:27,093 - INFO - 📁 Niche directory: /home/runner/work/potensitech.com/potensitech.com/languages/english/keywords/canon
2026-09-24 20:09:27,093 - INFO - Selected region: us
2026-09-24 20:09:27,093 - INFO - Selected language: en
2026-09-24 20:09:27,093 - INFO - 🎯 Current niche: canon
2026-09-24 20:09:37,773 - INFO - 🎯 Niche terms for filtering: canon, cheap, best, latest, review, price, sell, buy, recommendation, tips, tutorial, guide, how to, vs, versus, compared to, comparison, alternatives, which is better, expensive, discount, deals, sale, affordable, cost, online, offline, marketplace, store, shop, retailer, where to buy, worst, quality, original, genuine, fake, replica, authentic, brand, manufacturer, company, product, canon product, sell canon, buy canon, cheap canon, best canon, canon review, where to buy canon, how to choose canon, top canon, canon guide, canon for sale, canon deals
2026-09-24 20:09:37,773 - INFO - Generated 50 niche-clue pairs for 'canon'.
2026-09-24 20:09:37,777 - INFO - Expanded 50 seed keywords to 218 variations
2026-09-24 20:09:37,778 - INFO - 🔧 Request Handler initialized - Success rate: 100.0%
2026-09-24 20:14:03,026 - INFO - Original clue keywords: overclocking capability, core speed
2026-09-24 20:14:03,027 - INFO - Niche-focused seeds: overclocking capability canon, canon overclocking capability, overclocking capability cheap, cheap overclocking capability, overclocking capability best, best overclocking capability, overclocking capability latest, latest overclocking capability, overclocking capability review, review overclocking capability, overclocking capability price, price overclocking capability, overclocking capability sell, sell overclocking capability, overclocking capability buy, buy overclocking capability, overclocking capability recommendation, recommendation overclocking capability, overclocking capability tips, tips overclocking capability, overclocking capability tutorial, tutorial overclocking capability, overclocking capability guide, guide overclocking capability, overclocking capability how to, how to overclocking capability, overclocking capability vs, vs overclocking capability, overclocking capability versus, versus overclocking capability, overclocking capability compared to, compared to overclocking capability, overclocking capability comparison, comparison overclocking capability, overclocking capability alternatives, alternatives overclocking capability, overclocking capability which is better, which is better overclocking capability, overclocking capability expensive, expensive overclocking capability, overclocking capability discount, discount overclocking capability, overclocking capability deals, deals overclocking capability, overclocking capability sale, sale overclocking capability, overclocking capability affordable, affordable overclocking capability, overclocking capability cost, cost overclocking capability, overclocking capability online, online overclocking capability, overclocking capability offline, offline overclocking capability, overclocking capability marketplace, marketplace overclocking capability, overclocking capability store, store overclocking capability, overclocking capability shop, shop overclocking capability, overclocking capability retailer, retailer overclocking capability, overclocking capability where to buy, where to buy overclocking capability, overclocking capability worst, worst overclocking capability, overclocking capability quality, quality overclocking capability, overclocking capability original, original overclocking capability, overclocking capability genuine, genuine overclocking capability, overclocking capability fake, fake overclocking capability, overclocking capability replica, replica overclocking capability, overclocking capability authentic, authentic overclocking capability, overclocking capability brand, brand overclocking capability, overclocking capability manufacturer, manufacturer overclocking capability, overclocking capability company, company overclocking capability, overclocking capability product, product overclocking capability, overclocking capability canon product, canon product overclocking capability, overclocking capability sell canon, sell canon overclocking capability, overclocking capability buy canon, buy canon overclocking capability, overclocking capability cheap canon, cheap canon overclocking capability, overclocking capability best canon, best canon overclocking capability, overclocking capability canon review, canon review overclocking capability, overclocking capability where to buy canon, where to buy canon overclocking capability, overclocking capability how to choose canon, how to choose canon overclocking capability, overclocking capability top canon, top canon overclocking capability, overclocking capability canon guide, canon guide overclocking capability, overclocking capability canon for sale, canon for sale overclocking capability, overclocking capability canon deals, canon deals overclocking capability, core speed canon, canon core speed, core speed cheap, cheap core speed, core speed best, best core speed, core speed latest, latest core speed, core speed review, review core speed, core speed price, price core speed, core speed sell, sell core speed, core speed buy, buy core speed, core speed recommendation, recommendation core speed, core speed tips, tips core speed, core speed tutorial, tutorial core speed, core speed guide, guide core speed, core speed how to, how to core speed, core speed vs, vs core speed, core speed versus, versus core speed, core speed compared to, compared to core speed, core speed comparison, comparison core speed, core speed alternatives, alternatives core speed, core speed which is better, which is better core speed, core speed expensive, expensive core speed, core speed discount, discount core speed, core speed deals, deals core speed, core speed sale, sale core speed, core speed affordable, affordable core speed, core speed cost, cost core speed, core speed online, online core speed, core speed offline, offline core speed, core speed marketplace, marketplace core speed, core speed store, store core speed, core speed shop, shop core speed, core speed retailer, retailer core speed, core speed where to buy, where to buy core speed, core speed worst, worst core speed, core speed quality, quality core speed, core speed original, original core speed, core speed genuine, genuine core speed, core speed fake, fake core speed, core speed replica, replica core speed, core speed authentic, authentic core speed, core speed brand, brand core speed, core speed manufacturer, manufacturer core speed, core speed company, company core speed, core speed product, product core speed, core speed canon product, canon product core speed, core speed sell canon, sell canon core speed, core speed buy canon, buy canon core speed, core speed cheap canon, cheap canon core speed, core speed best canon, best canon core speed, core speed canon review, canon review core speed, core speed where to buy canon, where to buy canon core speed, core speed how to choose canon, how to choose canon core speed, core speed top canon, top canon core speed, core speed canon guide, canon guide core speed, core speed canon for sale, canon for sale core speed, core speed canon deals, canon deals core speed
2026-09-24 20:14:03,030 - INFO - Expanded 220 seed keywords to 385 variations
2026-09-24 20:14:03,030 - INFO - Language: en
2026-09-24 20:14:03,030 - INFO - Region: us
2026-09-24 20:18:34,332 - INFO - 🎯 After all filtering for 'canon': 120 relevant keywords
2026-09-24 20:18:35,780 - INFO - 🎯 Found 5 new keywords for niche 'canon': canon affordable core speed, canon affordable overclocking capability, cheap alternatives core speed, cheap alternatives overclocking capability, best authentic core speed
2026-09-24 20:18:51,908 - INFO - ✅ Niche 'canon' process complete! 729 total keyword results.
2026-09-24 20:18:51,908 - INFO - ✅ Completed processing niche: 'canon'
2026-09-24 20:18:51,908 - INFO - 🔧 Request Handler final stats - Success rate: 100.0%
2026-09-24 20:18:51,908 - INFO -    Total requests: 205312, Blocks: 1
2026-09-24 20:18:51,910 - INFO - 
========================================
2026-09-24 20:18:51,910 - INFO - Process Summary:
2026-09-24 20:18:51,910 - INFO - - Current niche: 'canon'
2026-09-24 20:18:51,910 - INFO - - Next niche will be: 'nikon'
2026-09-24 20:18:51,910 - INFO - - Keywords saved in: languages/english/keywords/canon/
2026-09-24 20:18:51,910 - INFO - ========================================
