2026-09-24 09:35:22,132 - INFO - Log file created at: /home/runner/work/potensitech.com/potensitech.com/languages/english/keywords/logs/kw_search_20260924_093522.log
2026-09-24 09:35:22,132 - INFO - ============================================================
2026-09-24 09:35:22,132 - INFO - AUTOMATIC KEYWORD RESEARCH TOOL
2026-09-24 09:35:22,132 - INFO - ============================================================
2026-09-24 09:35:22,530 - INFO - ========================================
2026-09-24 09:35:22,530 - INFO - Found 14 niches to process: xiaomi, iphone, samsung, apple, sony, asus, philips, sandisk, intel, nvidia, amd, canon, nikon, huawei
2026-09-24 09:35:22,530 - INFO - ========================================
2026-09-24 09:35:22,530 - INFO - Continuing from last processed niche: asus
2026-09-24 09:35:22,531 - INFO - ========================================
2026-09-24 09:35:22,531 - INFO - 🎯 PROCESSING NICHE 7/14: 'philips'
2026-09-24 09:35:22,531 - INFO - ========================================
2026-09-24 09:35:22,531 - INFO - 📁 Niche directory: /home/runner/work/potensitech.com/potensitech.com/languages/english/keywords/philips
2026-09-24 09:35:22,531 - INFO - Selected region: us
2026-09-24 09:35:22,531 - INFO - Selected language: en
2026-09-24 09:35:22,531 - INFO - 🎯 Current niche: philips
2026-09-24 09:35:33,520 - INFO - 🎯 Niche terms for filtering: philips, cheap, best, latest, review, price, sell, buy, recommendation, tips, tutorial, guide, how to, vs, versus, compared to, comparison, alternatives, which is better, expensive, discount, deals, sale, affordable, cost, online, offline, marketplace, store, shop, retailer, where to buy, worst, quality, original, genuine, fake, replica, authentic, brand, manufacturer, company, product, philips product, sell philips, buy philips, cheap philips, best philips, philips review, where to buy philips, how to choose philips, top philips, philips guide, philips for sale, philips deals
2026-09-24 09:35:33,521 - INFO - Generated 50 niche-clue pairs for 'philips'.
2026-09-24 09:35:33,524 - INFO - Expanded 50 seed keywords to 218 variations
2026-09-24 09:35:33,525 - INFO - 🔧 Request Handler initialized - Success rate: 100.0%
2026-09-24 09:40:00,940 - INFO - Original clue keywords: overclocking capability, core speed
2026-09-24 09:40:00,940 - INFO - Niche-focused seeds: overclocking capability philips, philips overclocking capability, overclocking capability cheap, cheap overclocking capability, overclocking capability best, best overclocking capability, overclocking capability latest, latest overclocking capability, overclocking capability review, review overclocking capability, overclocking capability price, price overclocking capability, overclocking capability sell, sell overclocking capability, overclocking capability buy, buy overclocking capability, overclocking capability recommendation, recommendation overclocking capability, overclocking capability tips, tips overclocking capability, overclocking capability tutorial, tutorial overclocking capability, overclocking capability guide, guide overclocking capability, overclocking capability how to, how to overclocking capability, overclocking capability vs, vs overclocking capability, overclocking capability versus, versus overclocking capability, overclocking capability compared to, compared to overclocking capability, overclocking capability comparison, comparison overclocking capability, overclocking capability alternatives, alternatives overclocking capability, overclocking capability which is better, which is better overclocking capability, overclocking capability expensive, expensive overclocking capability, overclocking capability discount, discount overclocking capability, overclocking capability deals, deals overclocking capability, overclocking capability sale, sale overclocking capability, overclocking capability affordable, affordable overclocking capability, overclocking capability cost, cost overclocking capability, overclocking capability online, online overclocking capability, overclocking capability offline, offline overclocking capability, overclocking capability marketplace, marketplace overclocking capability, overclocking capability store, store overclocking capability, overclocking capability shop, shop overclocking capability, overclocking capability retailer, retailer overclocking capability, overclocking capability where to buy, where to buy overclocking capability, overclocking capability worst, worst overclocking capability, overclocking capability quality, quality overclocking capability, overclocking capability original, original overclocking capability, overclocking capability genuine, genuine overclocking capability, overclocking capability fake, fake overclocking capability, overclocking capability replica, replica overclocking capability, overclocking capability authentic, authentic overclocking capability, overclocking capability brand, brand overclocking capability, overclocking capability manufacturer, manufacturer overclocking capability, overclocking capability company, company overclocking capability, overclocking capability product, product overclocking capability, overclocking capability philips product, philips product overclocking capability, overclocking capability sell philips, sell philips overclocking capability, overclocking capability buy philips, buy philips overclocking capability, overclocking capability cheap philips, cheap philips overclocking capability, overclocking capability best philips, best philips overclocking capability, overclocking capability philips review, philips review overclocking capability, overclocking capability where to buy philips, where to buy philips overclocking capability, overclocking capability how to choose philips, how to choose philips overclocking capability, overclocking capability top philips, top philips overclocking capability, overclocking capability philips guide, philips guide overclocking capability, overclocking capability philips for sale, philips for sale overclocking capability, overclocking capability philips deals, philips deals overclocking capability, core speed philips, philips core speed, core speed cheap, cheap core speed, core speed best, best core speed, core speed latest, latest core speed, core speed review, review core speed, core speed price, price core speed, core speed sell, sell core speed, core speed buy, buy core speed, core speed recommendation, recommendation core speed, core speed tips, tips core speed, core speed tutorial, tutorial core speed, core speed guide, guide core speed, core speed how to, how to core speed, core speed vs, vs core speed, core speed versus, versus core speed, core speed compared to, compared to core speed, core speed comparison, comparison core speed, core speed alternatives, alternatives core speed, core speed which is better, which is better core speed, core speed expensive, expensive core speed, core speed discount, discount core speed, core speed deals, deals core speed, core speed sale, sale core speed, core speed affordable, affordable core speed, core speed cost, cost core speed, core speed online, online core speed, core speed offline, offline core speed, core speed marketplace, marketplace core speed, core speed store, store core speed, core speed shop, shop core speed, core speed retailer, retailer core speed, core speed where to buy, where to buy core speed, core speed worst, worst core speed, core speed quality, quality core speed, core speed original, original core speed, core speed genuine, genuine core speed, core speed fake, fake core speed, core speed replica, replica core speed, core speed authentic, authentic core speed, core speed brand, brand core speed, core speed manufacturer, manufacturer core speed, core speed company, company core speed, core speed product, product core speed, core speed philips product, philips product core speed, core speed sell philips, sell philips core speed, core speed buy philips, buy philips core speed, core speed cheap philips, cheap philips core speed, core speed best philips, best philips core speed, core speed philips review, philips review core speed, core speed where to buy philips, where to buy philips core speed, core speed how to choose philips, how to choose philips core speed, core speed top philips, top philips core speed, core speed philips guide, philips guide core speed, core speed philips for sale, philips for sale core speed, core speed philips deals, philips deals core speed
2026-09-24 09:40:00,943 - INFO - Expanded 220 seed keywords to 385 variations
2026-09-24 09:40:00,943 - INFO - Language: en
2026-09-24 09:40:00,943 - INFO - Region: us
2026-09-24 09:44:32,195 - INFO - 🎯 After all filtering for 'philips': 120 relevant keywords
2026-09-24 09:44:33,523 - INFO - 🎯 Found 5 new keywords for niche 'philips': philips affordable core speed, philips affordable overclocking capability, cheap alternatives core speed, cheap alternatives overclocking capability, best authentic core speed
2026-09-24 09:44:49,929 - INFO - ✅ Niche 'philips' process complete! 744 total keyword results.
2026-09-24 09:44:49,930 - INFO - ✅ Completed processing niche: 'philips'
2026-09-24 09:44:49,930 - INFO - 🔧 Request Handler final stats - Success rate: 100.0%
2026-09-24 09:44:49,930 - INFO -    Total requests: 204860, Blocks: 1
2026-09-24 09:44:49,931 - INFO - 
========================================
2026-09-24 09:44:49,931 - INFO - Process Summary:
2026-09-24 09:44:49,931 - INFO - - Current niche: 'philips'
2026-09-24 09:44:49,931 - INFO - - Next niche will be: 'sandisk'
2026-09-24 09:44:49,931 - INFO - - Keywords saved in: languages/english/keywords/philips/
2026-09-24 09:44:49,931 - INFO - ========================================
