2026-08-02 13:11:45,048 - INFO - Log file created at: /home/runner/work/potensitech.com/potensitech.com/languages/english/keywords/logs/kw_search_20260802_131145.log
2026-08-02 13:11:45,048 - INFO - ============================================================
2026-08-02 13:11:45,048 - INFO - AUTOMATIC KEYWORD RESEARCH TOOL
2026-08-02 13:11:45,049 - INFO - ============================================================
2026-08-02 13:11:45,306 - INFO - ========================================
2026-08-02 13:11:45,306 - INFO - Found 14 niches to process: xiaomi, iphone, samsung, apple, sony, asus, philips, sandisk, intel, nvidia, amd, canon, nikon, huawei
2026-08-02 13:11:45,306 - INFO - ========================================
2026-08-02 13:11:45,306 - INFO - All niches completed, starting over
2026-08-02 13:11:45,306 - INFO - ========================================
2026-08-02 13:11:45,306 - INFO - 🎯 PROCESSING NICHE 1/14: 'xiaomi'
2026-08-02 13:11:45,306 - INFO - ========================================
2026-08-02 13:11:45,306 - INFO - 📁 Niche directory: /home/runner/work/potensitech.com/potensitech.com/languages/english/keywords/xiaomi
2026-08-02 13:11:45,307 - INFO - Selected region: us
2026-08-02 13:11:45,307 - INFO - Selected language: en
2026-08-02 13:11:45,307 - INFO - 🎯 Current niche: xiaomi
2026-08-02 13:11:46,774 - INFO - 🎯 Niche terms for filtering: xiaomi, cheap, best, latest, review, price, sell, buy, recommendation, tips, tutorial, guide, how to, vs, versus, compared to, comparison, alternatives, which is better, expensive, discount, deals, sale, affordable, cost, online, offline, marketplace, store, shop, retailer, where to buy, worst, quality, original, genuine, fake, replica, authentic, brand, manufacturer, company, product, xiaomi product, sell xiaomi, buy xiaomi, cheap xiaomi, best xiaomi, xiaomi review, where to buy xiaomi, how to choose xiaomi, top xiaomi, xiaomi guide, xiaomi for sale, xiaomi deals
2026-08-02 13:11:46,774 - INFO - Generated 50 niche-clue pairs for 'xiaomi'.
2026-08-02 13:11:46,778 - INFO - Expanded 50 seed keywords to 218 variations
2026-08-02 13:11:46,778 - INFO - 🔧 Request Handler initialized - Success rate: 100.0%
2026-08-02 13:16:15,927 - INFO - Original clue keywords: solid state, mirrorless options
2026-08-02 13:16:15,927 - INFO - Niche-focused seeds: solid state xiaomi, xiaomi solid state, solid state cheap, cheap solid state, solid state best, best solid state, solid state latest, latest solid state, solid state review, review solid state, solid state price, price solid state, solid state sell, sell solid state, solid state buy, buy solid state, solid state recommendation, recommendation solid state, solid state tips, tips solid state, solid state tutorial, tutorial solid state, solid state guide, guide solid state, solid state how to, how to solid state, solid state vs, vs solid state, solid state versus, versus solid state, solid state compared to, compared to solid state, solid state comparison, comparison solid state, solid state alternatives, alternatives solid state, solid state which is better, which is better solid state, solid state expensive, expensive solid state, solid state discount, discount solid state, solid state deals, deals solid state, solid state sale, sale solid state, solid state affordable, affordable solid state, solid state cost, cost solid state, solid state online, online solid state, solid state offline, offline solid state, solid state marketplace, marketplace solid state, solid state store, store solid state, solid state shop, shop solid state, solid state retailer, retailer solid state, solid state where to buy, where to buy solid state, solid state worst, worst solid state, solid state quality, quality solid state, solid state original, original solid state, solid state genuine, genuine solid state, solid state fake, fake solid state, solid state replica, replica solid state, solid state authentic, authentic solid state, solid state brand, brand solid state, solid state manufacturer, manufacturer solid state, solid state company, company solid state, solid state product, product solid state, solid state xiaomi product, xiaomi product solid state, solid state sell xiaomi, sell xiaomi solid state, solid state buy xiaomi, buy xiaomi solid state, solid state cheap xiaomi, cheap xiaomi solid state, solid state best xiaomi, best xiaomi solid state, solid state xiaomi review, xiaomi review solid state, solid state where to buy xiaomi, where to buy xiaomi solid state, solid state how to choose xiaomi, how to choose xiaomi solid state, solid state top xiaomi, top xiaomi solid state, solid state xiaomi guide, xiaomi guide solid state, solid state xiaomi for sale, xiaomi for sale solid state, solid state xiaomi deals, xiaomi deals solid state, mirrorless options xiaomi, xiaomi mirrorless options, mirrorless options cheap, cheap mirrorless options, mirrorless options best, best mirrorless options, mirrorless options latest, latest mirrorless options, mirrorless options review, review mirrorless options, mirrorless options price, price mirrorless options, mirrorless options sell, sell mirrorless options, mirrorless options buy, buy mirrorless options, mirrorless options recommendation, recommendation mirrorless options, mirrorless options tips, tips mirrorless options, mirrorless options tutorial, tutorial mirrorless options, mirrorless options guide, guide mirrorless options, mirrorless options how to, how to mirrorless options, mirrorless options vs, vs mirrorless options, mirrorless options versus, versus mirrorless options, mirrorless options compared to, compared to mirrorless options, mirrorless options comparison, comparison mirrorless options, mirrorless options alternatives, alternatives mirrorless options, mirrorless options which is better, which is better mirrorless options, mirrorless options expensive, expensive mirrorless options, mirrorless options discount, discount mirrorless options, mirrorless options deals, deals mirrorless options, mirrorless options sale, sale mirrorless options, mirrorless options affordable, affordable mirrorless options, mirrorless options cost, cost mirrorless options, mirrorless options online, online mirrorless options, mirrorless options offline, offline mirrorless options, mirrorless options marketplace, marketplace mirrorless options, mirrorless options store, store mirrorless options, mirrorless options shop, shop mirrorless options, mirrorless options retailer, retailer mirrorless options, mirrorless options where to buy, where to buy mirrorless options, mirrorless options worst, worst mirrorless options, mirrorless options quality, quality mirrorless options, mirrorless options original, original mirrorless options, mirrorless options genuine, genuine mirrorless options, mirrorless options fake, fake mirrorless options, mirrorless options replica, replica mirrorless options, mirrorless options authentic, authentic mirrorless options, mirrorless options brand, brand mirrorless options, mirrorless options manufacturer, manufacturer mirrorless options, mirrorless options company, company mirrorless options, mirrorless options product, product mirrorless options, mirrorless options xiaomi product, xiaomi product mirrorless options, mirrorless options sell xiaomi, sell xiaomi mirrorless options, mirrorless options buy xiaomi, buy xiaomi mirrorless options, mirrorless options cheap xiaomi, cheap xiaomi mirrorless options, mirrorless options best xiaomi, best xiaomi mirrorless options, mirrorless options xiaomi review, xiaomi review mirrorless options, mirrorless options where to buy xiaomi, where to buy xiaomi mirrorless options, mirrorless options how to choose xiaomi, how to choose xiaomi mirrorless options, mirrorless options top xiaomi, top xiaomi mirrorless options, mirrorless options xiaomi guide, xiaomi guide mirrorless options, mirrorless options xiaomi for sale, xiaomi for sale mirrorless options, mirrorless options xiaomi deals, xiaomi deals mirrorless options
2026-08-02 13:16:15,930 - INFO - Expanded 220 seed keywords to 385 variations
2026-08-02 13:16:15,930 - INFO - Language: en
2026-08-02 13:16:15,930 - INFO - Region: us
2026-08-02 13:18:43,198 - INFO - 🎯 After all filtering for 'xiaomi': 120 relevant keywords
2026-08-02 13:18:44,457 - INFO - 🎯 Found 5 new keywords for niche 'xiaomi': xiaomi affordable mirrorless options, xiaomi affordable solid state, cheap alternatives mirrorless options, cheap alternatives solid state, best authentic mirrorless options
2026-08-02 13:18:45,840 - INFO - ✅ Niche 'xiaomi' process complete! 625 total keyword results.
2026-08-02 13:18:45,840 - INFO - ✅ Completed processing niche: 'xiaomi'
2026-08-02 13:18:45,840 - INFO - 🔧 Request Handler final stats - Success rate: 100.0%
2026-08-02 13:18:45,840 - INFO -    Total requests: 162622, Blocks: 1
2026-08-02 13:18:45,841 - INFO - 
========================================
2026-08-02 13:18:45,841 - INFO - Process Summary:
2026-08-02 13:18:45,841 - INFO - - Current niche: 'xiaomi'
2026-08-02 13:18:45,841 - INFO - - Next niche will be: 'iphone'
2026-08-02 13:18:45,841 - INFO - - Keywords saved in: languages/english/keywords/xiaomi/
2026-08-02 13:18:45,842 - INFO - ========================================
