2026-09-05 18:35:24,047 - INFO - Log file created at: /home/runner/work/potensitech.com/potensitech.com/languages/english/keywords/logs/kw_search_20260905_183524.log
2026-09-05 18:35:24,047 - INFO - ============================================================
2026-09-05 18:35:24,047 - INFO - AUTOMATIC KEYWORD RESEARCH TOOL
2026-09-05 18:35:24,048 - INFO - ============================================================
2026-09-05 18:35:24,400 - INFO - ========================================
2026-09-05 18:35:24,400 - INFO - Found 14 niches to process: xiaomi, iphone, samsung, apple, sony, asus, philips, sandisk, intel, nvidia, amd, canon, nikon, huawei
2026-09-05 18:35:24,400 - INFO - ========================================
2026-09-05 18:35:24,400 - INFO - Continuing from last processed niche: samsung
2026-09-05 18:35:24,400 - INFO - ========================================
2026-09-05 18:35:24,400 - INFO - 🎯 PROCESSING NICHE 4/14: 'apple'
2026-09-05 18:35:24,401 - INFO - ========================================
2026-09-05 18:35:24,401 - INFO - 📁 Niche directory: /home/runner/work/potensitech.com/potensitech.com/languages/english/keywords/apple
2026-09-05 18:35:24,401 - INFO - Selected region: us
2026-09-05 18:35:24,401 - INFO - Selected language: en
2026-09-05 18:35:24,401 - INFO - 🎯 Current niche: apple
2026-09-05 18:35:35,778 - INFO - 🎯 Niche terms for filtering: apple, cheap, best, latest, review, price, sell, buy, recommendation, tips, tutorial, guide, how to, vs, versus, compared to, comparison, alternatives, which is better, expensive, discount, deals, sale, affordable, cost, online, offline, marketplace, store, shop, retailer, where to buy, worst, quality, original, genuine, fake, replica, authentic, brand, manufacturer, company, product, apple product, sell apple, buy apple, cheap apple, best apple, apple review, where to buy apple, how to choose apple, top apple, apple guide, apple for sale, apple deals
2026-09-05 18:35:35,779 - INFO - Generated 50 niche-clue pairs for 'apple'.
2026-09-05 18:35:35,782 - INFO - Expanded 50 seed keywords to 218 variations
2026-09-05 18:35:35,783 - INFO - 🔧 Request Handler initialized - Success rate: 100.0%
2026-09-05 18:39:57,844 - INFO - Original clue keywords: durability, mirrorless innovation
2026-09-05 18:39:57,845 - INFO - Niche-focused seeds: durability apple, apple durability, durability cheap, cheap durability, durability best, best durability, durability latest, latest durability, durability review, review durability, durability price, price durability, durability sell, sell durability, durability buy, buy durability, durability recommendation, recommendation durability, durability tips, tips durability, durability tutorial, tutorial durability, durability guide, guide durability, durability how to, how to durability, durability vs, vs durability, durability versus, versus durability, durability compared to, compared to durability, durability comparison, comparison durability, durability alternatives, alternatives durability, durability which is better, which is better durability, durability expensive, expensive durability, durability discount, discount durability, durability deals, deals durability, durability sale, sale durability, durability affordable, affordable durability, durability cost, cost durability, durability online, online durability, durability offline, offline durability, durability marketplace, marketplace durability, durability store, store durability, durability shop, shop durability, durability retailer, retailer durability, durability where to buy, where to buy durability, durability worst, worst durability, durability quality, quality durability, durability original, original durability, durability genuine, genuine durability, durability fake, fake durability, durability replica, replica durability, durability authentic, authentic durability, durability brand, brand durability, durability manufacturer, manufacturer durability, durability company, company durability, durability product, product durability, durability apple product, apple product durability, durability sell apple, sell apple durability, durability buy apple, buy apple durability, durability cheap apple, cheap apple durability, durability best apple, best apple durability, durability apple review, apple review durability, durability where to buy apple, where to buy apple durability, durability how to choose apple, how to choose apple durability, durability top apple, top apple durability, durability apple guide, apple guide durability, durability apple for sale, apple for sale durability, durability apple deals, apple deals durability, mirrorless innovation apple, apple mirrorless innovation, mirrorless innovation cheap, cheap mirrorless innovation, mirrorless innovation best, best mirrorless innovation, mirrorless innovation latest, latest mirrorless innovation, mirrorless innovation review, review mirrorless innovation, mirrorless innovation price, price mirrorless innovation, mirrorless innovation sell, sell mirrorless innovation, mirrorless innovation buy, buy mirrorless innovation, mirrorless innovation recommendation, recommendation mirrorless innovation, mirrorless innovation tips, tips mirrorless innovation, mirrorless innovation tutorial, tutorial mirrorless innovation, mirrorless innovation guide, guide mirrorless innovation, mirrorless innovation how to, how to mirrorless innovation, mirrorless innovation vs, vs mirrorless innovation, mirrorless innovation versus, versus mirrorless innovation, mirrorless innovation compared to, compared to mirrorless innovation, mirrorless innovation comparison, comparison mirrorless innovation, mirrorless innovation alternatives, alternatives mirrorless innovation, mirrorless innovation which is better, which is better mirrorless innovation, mirrorless innovation expensive, expensive mirrorless innovation, mirrorless innovation discount, discount mirrorless innovation, mirrorless innovation deals, deals mirrorless innovation, mirrorless innovation sale, sale mirrorless innovation, mirrorless innovation affordable, affordable mirrorless innovation, mirrorless innovation cost, cost mirrorless innovation, mirrorless innovation online, online mirrorless innovation, mirrorless innovation offline, offline mirrorless innovation, mirrorless innovation marketplace, marketplace mirrorless innovation, mirrorless innovation store, store mirrorless innovation, mirrorless innovation shop, shop mirrorless innovation, mirrorless innovation retailer, retailer mirrorless innovation, mirrorless innovation where to buy, where to buy mirrorless innovation, mirrorless innovation worst, worst mirrorless innovation, mirrorless innovation quality, quality mirrorless innovation, mirrorless innovation original, original mirrorless innovation, mirrorless innovation genuine, genuine mirrorless innovation, mirrorless innovation fake, fake mirrorless innovation, mirrorless innovation replica, replica mirrorless innovation, mirrorless innovation authentic, authentic mirrorless innovation, mirrorless innovation brand, brand mirrorless innovation, mirrorless innovation manufacturer, manufacturer mirrorless innovation, mirrorless innovation company, company mirrorless innovation, mirrorless innovation product, product mirrorless innovation, mirrorless innovation apple product, apple product mirrorless innovation, mirrorless innovation sell apple, sell apple mirrorless innovation, mirrorless innovation buy apple, buy apple mirrorless innovation, mirrorless innovation cheap apple, cheap apple mirrorless innovation, mirrorless innovation best apple, best apple mirrorless innovation, mirrorless innovation apple review, apple review mirrorless innovation, mirrorless innovation where to buy apple, where to buy apple mirrorless innovation, mirrorless innovation how to choose apple, how to choose apple mirrorless innovation, mirrorless innovation top apple, top apple mirrorless innovation, mirrorless innovation apple guide, apple guide mirrorless innovation, mirrorless innovation apple for sale, apple for sale mirrorless innovation, mirrorless innovation apple deals, apple deals mirrorless innovation
2026-09-05 18:39:57,848 - INFO - Expanded 220 seed keywords to 385 variations
2026-09-05 18:39:57,848 - INFO - Language: en
2026-09-05 18:39:57,848 - INFO - Region: us
2026-09-05 18:44:28,724 - INFO - 🎯 After all filtering for 'apple': 120 relevant keywords
2026-09-05 18:44:28,908 - INFO - 🎯 Found 5 new keywords for niche 'apple': apple affordable durability, cheap affordable durability, best affordable durability, how to affordable durability, apple alternatives durability
2026-09-05 18:44:44,882 - INFO - ✅ Niche 'apple' process complete! 570 total keyword results.
2026-09-05 18:44:44,883 - INFO - ✅ Completed processing niche: 'apple'
2026-09-05 18:44:44,883 - INFO - 🔧 Request Handler final stats - Success rate: 100.0%
2026-09-05 18:44:44,883 - INFO -    Total requests: 189159, Blocks: 1
2026-09-05 18:44:44,884 - INFO - 
========================================
2026-09-05 18:44:44,884 - INFO - Process Summary:
2026-09-05 18:44:44,884 - INFO - - Current niche: 'apple'
2026-09-05 18:44:44,884 - INFO - - Next niche will be: 'sony'
2026-09-05 18:44:44,884 - INFO - - Keywords saved in: languages/english/keywords/apple/
2026-09-05 18:44:44,886 - INFO - ========================================
