2026-08-17 14:48:04,471 - INFO - Log file created at: /home/runner/work/potensitech.com/potensitech.com/languages/english/keywords/logs/kw_search_20260817_144804.log
2026-08-17 14:48:04,471 - INFO - ============================================================
2026-08-17 14:48:04,471 - INFO - AUTOMATIC KEYWORD RESEARCH TOOL
2026-08-17 14:48:04,471 - INFO - ============================================================
2026-08-17 14:48:04,769 - INFO - ========================================
2026-08-17 14:48:04,769 - INFO - Found 14 niches to process: xiaomi, iphone, samsung, apple, sony, asus, philips, sandisk, intel, nvidia, amd, canon, nikon, huawei
2026-08-17 14:48:04,769 - INFO - ========================================
2026-08-17 14:48:04,769 - INFO - Continuing from last processed niche: intel
2026-08-17 14:48:04,769 - INFO - ========================================
2026-08-17 14:48:04,769 - INFO - 🎯 PROCESSING NICHE 10/14: 'nvidia'
2026-08-17 14:48:04,769 - INFO - ========================================
2026-08-17 14:48:04,769 - INFO - 📁 Niche directory: /home/runner/work/potensitech.com/potensitech.com/languages/english/keywords/nvidia
2026-08-17 14:48:04,769 - INFO - Selected region: us
2026-08-17 14:48:04,769 - INFO - Selected language: en
2026-08-17 14:48:04,769 - INFO - 🎯 Current niche: nvidia
2026-08-17 14:48:05,499 - INFO - 🎯 Niche terms for filtering: nvidia, cheap, best, latest, review, price, sell, buy, recommendation, tips, tutorial, guide, how to, vs, versus, compared to, comparison, alternatives, which is better, expensive, discount, deals, sale, affordable, cost, online, offline, marketplace, store, shop, retailer, where to buy, worst, quality, original, genuine, fake, replica, authentic, brand, manufacturer, company, product, nvidia product, sell nvidia, buy nvidia, cheap nvidia, best nvidia, nvidia review, where to buy nvidia, how to choose nvidia, top nvidia, nvidia guide, nvidia for sale, nvidia deals
2026-08-17 14:48:05,499 - INFO - Generated 50 niche-clue pairs for 'nvidia'.
2026-08-17 14:48:05,503 - INFO - Expanded 50 seed keywords to 218 variations
2026-08-17 14:48:05,507 - INFO - 🔧 Request Handler initialized - Success rate: 100.0%
2026-08-17 14:52:30,786 - INFO - Original clue keywords: high-performance, gaming smartphone
2026-08-17 14:52:30,786 - INFO - Niche-focused seeds: high-performance nvidia, nvidia high-performance, high-performance cheap, cheap high-performance, high-performance best, best high-performance, high-performance latest, latest high-performance, high-performance review, review high-performance, high-performance price, price high-performance, high-performance sell, sell high-performance, high-performance buy, buy high-performance, high-performance recommendation, recommendation high-performance, high-performance tips, tips high-performance, high-performance tutorial, tutorial high-performance, high-performance guide, guide high-performance, high-performance how to, how to high-performance, high-performance vs, vs high-performance, high-performance versus, versus high-performance, high-performance compared to, compared to high-performance, high-performance comparison, comparison high-performance, high-performance alternatives, alternatives high-performance, high-performance which is better, which is better high-performance, high-performance expensive, expensive high-performance, high-performance discount, discount high-performance, high-performance deals, deals high-performance, high-performance sale, sale high-performance, high-performance affordable, affordable high-performance, high-performance cost, cost high-performance, high-performance online, online high-performance, high-performance offline, offline high-performance, high-performance marketplace, marketplace high-performance, high-performance store, store high-performance, high-performance shop, shop high-performance, high-performance retailer, retailer high-performance, high-performance where to buy, where to buy high-performance, high-performance worst, worst high-performance, high-performance quality, quality high-performance, high-performance original, original high-performance, high-performance genuine, genuine high-performance, high-performance fake, fake high-performance, high-performance replica, replica high-performance, high-performance authentic, authentic high-performance, high-performance brand, brand high-performance, high-performance manufacturer, manufacturer high-performance, high-performance company, company high-performance, high-performance product, product high-performance, high-performance nvidia product, nvidia product high-performance, high-performance sell nvidia, sell nvidia high-performance, high-performance buy nvidia, buy nvidia high-performance, high-performance cheap nvidia, cheap nvidia high-performance, high-performance best nvidia, best nvidia high-performance, high-performance nvidia review, nvidia review high-performance, high-performance where to buy nvidia, where to buy nvidia high-performance, high-performance how to choose nvidia, how to choose nvidia high-performance, high-performance top nvidia, top nvidia high-performance, high-performance nvidia guide, nvidia guide high-performance, high-performance nvidia for sale, nvidia for sale high-performance, high-performance nvidia deals, nvidia deals high-performance, gaming smartphone nvidia, nvidia gaming smartphone, gaming smartphone cheap, cheap gaming smartphone, gaming smartphone best, best gaming smartphone, gaming smartphone latest, latest gaming smartphone, gaming smartphone review, review gaming smartphone, gaming smartphone price, price gaming smartphone, gaming smartphone sell, sell gaming smartphone, gaming smartphone buy, buy gaming smartphone, gaming smartphone recommendation, recommendation gaming smartphone, gaming smartphone tips, tips gaming smartphone, gaming smartphone tutorial, tutorial gaming smartphone, gaming smartphone guide, guide gaming smartphone, gaming smartphone how to, how to gaming smartphone, gaming smartphone vs, vs gaming smartphone, gaming smartphone versus, versus gaming smartphone, gaming smartphone compared to, compared to gaming smartphone, gaming smartphone comparison, comparison gaming smartphone, gaming smartphone alternatives, alternatives gaming smartphone, gaming smartphone which is better, which is better gaming smartphone, gaming smartphone expensive, expensive gaming smartphone, gaming smartphone discount, discount gaming smartphone, gaming smartphone deals, deals gaming smartphone, gaming smartphone sale, sale gaming smartphone, gaming smartphone affordable, affordable gaming smartphone, gaming smartphone cost, cost gaming smartphone, gaming smartphone online, online gaming smartphone, gaming smartphone offline, offline gaming smartphone, gaming smartphone marketplace, marketplace gaming smartphone, gaming smartphone store, store gaming smartphone, gaming smartphone shop, shop gaming smartphone, gaming smartphone retailer, retailer gaming smartphone, gaming smartphone where to buy, where to buy gaming smartphone, gaming smartphone worst, worst gaming smartphone, gaming smartphone quality, quality gaming smartphone, gaming smartphone original, original gaming smartphone, gaming smartphone genuine, genuine gaming smartphone, gaming smartphone fake, fake gaming smartphone, gaming smartphone replica, replica gaming smartphone, gaming smartphone authentic, authentic gaming smartphone, gaming smartphone brand, brand gaming smartphone, gaming smartphone manufacturer, manufacturer gaming smartphone, gaming smartphone company, company gaming smartphone, gaming smartphone product, product gaming smartphone, gaming smartphone nvidia product, nvidia product gaming smartphone, gaming smartphone sell nvidia, sell nvidia gaming smartphone, gaming smartphone buy nvidia, buy nvidia gaming smartphone, gaming smartphone cheap nvidia, cheap nvidia gaming smartphone, gaming smartphone best nvidia, best nvidia gaming smartphone, gaming smartphone nvidia review, nvidia review gaming smartphone, gaming smartphone where to buy nvidia, where to buy nvidia gaming smartphone, gaming smartphone how to choose nvidia, how to choose nvidia gaming smartphone, gaming smartphone top nvidia, top nvidia gaming smartphone, gaming smartphone nvidia guide, nvidia guide gaming smartphone, gaming smartphone nvidia for sale, nvidia for sale gaming smartphone, gaming smartphone nvidia deals, nvidia deals gaming smartphone
2026-08-17 14:52:30,790 - INFO - Expanded 220 seed keywords to 385 variations
2026-08-17 14:52:30,790 - INFO - Language: en
2026-08-17 14:52:30,790 - INFO - Region: us
2026-08-17 14:53:05,965 - INFO - 🎯 After all filtering for 'nvidia': 120 relevant keywords
2026-08-17 14:53:06,737 - INFO - 🎯 Found 5 new keywords for niche 'nvidia': nvidia affordable high-performance, nvidia alternatives high-performance, nvidia authentic high-performance, cheap authentic high-performance, best authentic high-performance
2026-08-17 14:53:07,269 - INFO - ✅ Niche 'nvidia' process complete! 846 total keyword results.
2026-08-17 14:53:07,270 - INFO - ✅ Completed processing niche: 'nvidia'
2026-08-17 14:53:07,270 - INFO - 🔧 Request Handler final stats - Success rate: 100.0%
2026-08-17 14:53:07,270 - INFO -    Total requests: 173912, Blocks: 1
2026-08-17 14:53:07,271 - INFO - 
========================================
2026-08-17 14:53:07,271 - INFO - Process Summary:
2026-08-17 14:53:07,271 - INFO - - Current niche: 'nvidia'
2026-08-17 14:53:07,271 - INFO - - Next niche will be: 'amd'
2026-08-17 14:53:07,271 - INFO - - Keywords saved in: languages/english/keywords/nvidia/
2026-08-17 14:53:07,271 - INFO - ========================================
