2026-09-19 23:29:10,560 - INFO - Log file created at: /home/runner/work/potensitech.com/potensitech.com/languages/english/keywords/logs/kw_search_20260919_232910.log
2026-09-19 23:29:10,560 - INFO - ============================================================
2026-09-19 23:29:10,561 - INFO - AUTOMATIC KEYWORD RESEARCH TOOL
2026-09-19 23:29:10,561 - INFO - ============================================================
2026-09-19 23:29:10,973 - INFO - ========================================
2026-09-19 23:29:10,974 - INFO - Found 14 niches to process: xiaomi, iphone, samsung, apple, sony, asus, philips, sandisk, intel, nvidia, amd, canon, nikon, huawei
2026-09-19 23:29:10,974 - INFO - ========================================
2026-09-19 23:29:10,974 - INFO - Continuing from last processed niche: sony
2026-09-19 23:29:10,974 - INFO - ========================================
2026-09-19 23:29:10,974 - INFO - 🎯 PROCESSING NICHE 6/14: 'asus'
2026-09-19 23:29:10,974 - INFO - ========================================
2026-09-19 23:29:10,974 - INFO - 📁 Niche directory: /home/runner/work/potensitech.com/potensitech.com/languages/english/keywords/asus
2026-09-19 23:29:10,974 - INFO - Selected region: us
2026-09-19 23:29:10,974 - INFO - Selected language: en
2026-09-19 23:29:10,974 - INFO - 🎯 Current niche: asus
2026-09-19 23:29:21,715 - INFO - 🎯 Niche terms for filtering: asus, cheap, best, latest, review, price, sell, buy, recommendation, tips, tutorial, guide, how to, vs, versus, compared to, comparison, alternatives, which is better, expensive, discount, deals, sale, affordable, cost, online, offline, marketplace, store, shop, retailer, where to buy, worst, quality, original, genuine, fake, replica, authentic, brand, manufacturer, company, product, asus product, sell asus, buy asus, cheap asus, best asus, asus review, where to buy asus, how to choose asus, top asus, asus guide, asus for sale, asus deals
2026-09-19 23:29:21,715 - INFO - Generated 50 niche-clue pairs for 'asus'.
2026-09-19 23:29:21,719 - INFO - Expanded 50 seed keywords to 218 variations
2026-09-19 23:29:21,720 - INFO - 🔧 Request Handler initialized - Success rate: 100.0%
2026-09-19 23:33:44,010 - INFO - Original clue keywords: ssd storage, portable ssd
2026-09-19 23:33:44,010 - INFO - Niche-focused seeds: ssd storage asus, asus ssd storage, ssd storage cheap, cheap ssd storage, ssd storage best, best ssd storage, ssd storage latest, latest ssd storage, ssd storage review, review ssd storage, ssd storage price, price ssd storage, ssd storage sell, sell ssd storage, ssd storage buy, buy ssd storage, ssd storage recommendation, recommendation ssd storage, ssd storage tips, tips ssd storage, ssd storage tutorial, tutorial ssd storage, ssd storage guide, guide ssd storage, ssd storage how to, how to ssd storage, ssd storage vs, vs ssd storage, ssd storage versus, versus ssd storage, ssd storage compared to, compared to ssd storage, ssd storage comparison, comparison ssd storage, ssd storage alternatives, alternatives ssd storage, ssd storage which is better, which is better ssd storage, ssd storage expensive, expensive ssd storage, ssd storage discount, discount ssd storage, ssd storage deals, deals ssd storage, ssd storage sale, sale ssd storage, ssd storage affordable, affordable ssd storage, ssd storage cost, cost ssd storage, ssd storage online, online ssd storage, ssd storage offline, offline ssd storage, ssd storage marketplace, marketplace ssd storage, ssd storage store, store ssd storage, ssd storage shop, shop ssd storage, ssd storage retailer, retailer ssd storage, ssd storage where to buy, where to buy ssd storage, ssd storage worst, worst ssd storage, ssd storage quality, quality ssd storage, ssd storage original, original ssd storage, ssd storage genuine, genuine ssd storage, ssd storage fake, fake ssd storage, ssd storage replica, replica ssd storage, ssd storage authentic, authentic ssd storage, ssd storage brand, brand ssd storage, ssd storage manufacturer, manufacturer ssd storage, ssd storage company, company ssd storage, ssd storage product, product ssd storage, ssd storage asus product, asus product ssd storage, ssd storage sell asus, sell asus ssd storage, ssd storage buy asus, buy asus ssd storage, ssd storage cheap asus, cheap asus ssd storage, ssd storage best asus, best asus ssd storage, ssd storage asus review, asus review ssd storage, ssd storage where to buy asus, where to buy asus ssd storage, ssd storage how to choose asus, how to choose asus ssd storage, ssd storage top asus, top asus ssd storage, ssd storage asus guide, asus guide ssd storage, ssd storage asus for sale, asus for sale ssd storage, ssd storage asus deals, asus deals ssd storage, portable ssd asus, asus portable ssd, portable ssd cheap, cheap portable ssd, portable ssd best, best portable ssd, portable ssd latest, latest portable ssd, portable ssd review, review portable ssd, portable ssd price, price portable ssd, portable ssd sell, sell portable ssd, portable ssd buy, buy portable ssd, portable ssd recommendation, recommendation portable ssd, portable ssd tips, tips portable ssd, portable ssd tutorial, tutorial portable ssd, portable ssd guide, guide portable ssd, portable ssd how to, how to portable ssd, portable ssd vs, vs portable ssd, portable ssd versus, versus portable ssd, portable ssd compared to, compared to portable ssd, portable ssd comparison, comparison portable ssd, portable ssd alternatives, alternatives portable ssd, portable ssd which is better, which is better portable ssd, portable ssd expensive, expensive portable ssd, portable ssd discount, discount portable ssd, portable ssd deals, deals portable ssd, portable ssd sale, sale portable ssd, portable ssd affordable, affordable portable ssd, portable ssd cost, cost portable ssd, portable ssd online, online portable ssd, portable ssd offline, offline portable ssd, portable ssd marketplace, marketplace portable ssd, portable ssd store, store portable ssd, portable ssd shop, shop portable ssd, portable ssd retailer, retailer portable ssd, portable ssd where to buy, where to buy portable ssd, portable ssd worst, worst portable ssd, portable ssd quality, quality portable ssd, portable ssd original, original portable ssd, portable ssd genuine, genuine portable ssd, portable ssd fake, fake portable ssd, portable ssd replica, replica portable ssd, portable ssd authentic, authentic portable ssd, portable ssd brand, brand portable ssd, portable ssd manufacturer, manufacturer portable ssd, portable ssd company, company portable ssd, portable ssd product, product portable ssd, portable ssd asus product, asus product portable ssd, portable ssd sell asus, sell asus portable ssd, portable ssd buy asus, buy asus portable ssd, portable ssd cheap asus, cheap asus portable ssd, portable ssd best asus, best asus portable ssd, portable ssd asus review, asus review portable ssd, portable ssd where to buy asus, where to buy asus portable ssd, portable ssd how to choose asus, how to choose asus portable ssd, portable ssd top asus, top asus portable ssd, portable ssd asus guide, asus guide portable ssd, portable ssd asus for sale, asus for sale portable ssd, portable ssd asus deals, asus deals portable ssd
2026-09-19 23:33:44,014 - INFO - Expanded 220 seed keywords to 385 variations
2026-09-19 23:33:44,014 - INFO - Language: en
2026-09-19 23:33:44,014 - INFO - Region: us
2026-09-19 23:34:32,394 - INFO - 🎯 After all filtering for 'asus': 120 relevant keywords
2026-09-19 23:34:32,722 - INFO - 🎯 Found 2 new keywords for niche 'asus': asus affordable portable ssd, asus alternatives ssd storage
2026-09-19 23:34:48,657 - INFO - ✅ Niche 'asus' process complete! 863 total keyword results.
2026-09-19 23:34:48,657 - INFO - ✅ Completed processing niche: 'asus'
2026-09-19 23:34:48,658 - INFO - 🔧 Request Handler final stats - Success rate: 100.0%
2026-09-19 23:34:48,658 - INFO -    Total requests: 201289, Blocks: 1
2026-09-19 23:34:48,659 - INFO - 
========================================
2026-09-19 23:34:48,659 - INFO - Process Summary:
2026-09-19 23:34:48,659 - INFO - - Current niche: 'asus'
2026-09-19 23:34:48,659 - INFO - - Next niche will be: 'philips'
2026-09-19 23:34:48,659 - INFO - - Keywords saved in: languages/english/keywords/asus/
2026-09-19 23:34:48,660 - INFO - ========================================
