2026-09-03 07:16:13,640 - INFO - Log file created at: /home/runner/work/potensitech.com/potensitech.com/languages/english/keywords/logs/kw_search_20260903_071613.log
2026-09-03 07:16:13,640 - INFO - ============================================================
2026-09-03 07:16:13,640 - INFO - AUTOMATIC KEYWORD RESEARCH TOOL
2026-09-03 07:16:13,640 - INFO - ============================================================
2026-09-03 07:16:13,982 - INFO - ========================================
2026-09-03 07:16:13,983 - INFO - Found 14 niches to process: xiaomi, iphone, samsung, apple, sony, asus, philips, sandisk, intel, nvidia, amd, canon, nikon, huawei
2026-09-03 07:16:13,983 - INFO - ========================================
2026-09-03 07:16:13,983 - INFO - Continuing from last processed niche: asus
2026-09-03 07:16:13,983 - INFO - ========================================
2026-09-03 07:16:13,983 - INFO - 🎯 PROCESSING NICHE 7/14: 'philips'
2026-09-03 07:16:13,983 - INFO - ========================================
2026-09-03 07:16:13,983 - INFO - 📁 Niche directory: /home/runner/work/potensitech.com/potensitech.com/languages/english/keywords/philips
2026-09-03 07:16:13,983 - INFO - Selected region: us
2026-09-03 07:16:13,983 - INFO - Selected language: en
2026-09-03 07:16:13,983 - INFO - 🎯 Current niche: philips
2026-09-03 07:16:25,210 - INFO - 🎯 Niche terms for filtering: philips, cheap, best, latest, review, price, sell, buy, recommendation, tips, tutorial, guide, how to, vs, versus, compared to, comparison, alternatives, which is better, expensive, discount, deals, sale, affordable, cost, online, offline, marketplace, store, shop, retailer, where to buy, worst, quality, original, genuine, fake, replica, authentic, brand, manufacturer, company, product, philips product, sell philips, buy philips, cheap philips, best philips, philips review, where to buy philips, how to choose philips, top philips, philips guide, philips for sale, philips deals
2026-09-03 07:16:25,211 - INFO - Generated 50 niche-clue pairs for 'philips'.
2026-09-03 07:16:25,214 - INFO - Expanded 50 seed keywords to 218 variations
2026-09-03 07:16:25,214 - INFO - 🔧 Request Handler initialized - Success rate: 100.0%
2026-09-03 07:20:51,390 - INFO - Original clue keywords: laptop, performance
2026-09-03 07:20:51,390 - INFO - Niche-focused seeds: laptop philips, philips laptop, laptop cheap, cheap laptop, laptop best, best laptop, laptop latest, latest laptop, laptop review, review laptop, laptop price, price laptop, laptop sell, sell laptop, laptop buy, buy laptop, laptop recommendation, recommendation laptop, laptop tips, tips laptop, laptop tutorial, tutorial laptop, laptop guide, guide laptop, laptop how to, how to laptop, laptop vs, vs laptop, laptop versus, versus laptop, laptop compared to, compared to laptop, laptop comparison, comparison laptop, laptop alternatives, alternatives laptop, laptop which is better, which is better laptop, laptop expensive, expensive laptop, laptop discount, discount laptop, laptop deals, deals laptop, laptop sale, sale laptop, laptop affordable, affordable laptop, laptop cost, cost laptop, laptop online, online laptop, laptop offline, offline laptop, laptop marketplace, marketplace laptop, laptop store, store laptop, laptop shop, shop laptop, laptop retailer, retailer laptop, laptop where to buy, where to buy laptop, laptop worst, worst laptop, laptop quality, quality laptop, laptop original, original laptop, laptop genuine, genuine laptop, laptop fake, fake laptop, laptop replica, replica laptop, laptop authentic, authentic laptop, laptop brand, brand laptop, laptop manufacturer, manufacturer laptop, laptop company, company laptop, laptop product, product laptop, laptop philips product, philips product laptop, laptop sell philips, sell philips laptop, laptop buy philips, buy philips laptop, laptop cheap philips, cheap philips laptop, laptop best philips, best philips laptop, laptop philips review, philips review laptop, laptop where to buy philips, where to buy philips laptop, laptop how to choose philips, how to choose philips laptop, laptop top philips, top philips laptop, laptop philips guide, philips guide laptop, laptop philips for sale, philips for sale laptop, laptop philips deals, philips deals laptop, performance philips, philips performance, performance cheap, cheap performance, performance best, best performance, performance latest, latest performance, performance review, review performance, performance price, price performance, performance sell, sell performance, performance buy, buy performance, performance recommendation, recommendation performance, performance tips, tips performance, performance tutorial, tutorial performance, performance guide, guide performance, performance how to, how to performance, performance vs, vs performance, performance versus, versus performance, performance compared to, compared to performance, performance comparison, comparison performance, performance alternatives, alternatives performance, performance which is better, which is better performance, performance expensive, expensive performance, performance discount, discount performance, performance deals, deals performance, performance sale, sale performance, performance affordable, affordable performance, performance cost, cost performance, performance online, online performance, performance offline, offline performance, performance marketplace, marketplace performance, performance store, store performance, performance shop, shop performance, performance retailer, retailer performance, performance where to buy, where to buy performance, performance worst, worst performance, performance quality, quality performance, performance original, original performance, performance genuine, genuine performance, performance fake, fake performance, performance replica, replica performance, performance authentic, authentic performance, performance brand, brand performance, performance manufacturer, manufacturer performance, performance company, company performance, performance product, product performance, performance philips product, philips product performance, performance sell philips, sell philips performance, performance buy philips, buy philips performance, performance cheap philips, cheap philips performance, performance best philips, best philips performance, performance philips review, philips review performance, performance where to buy philips, where to buy philips performance, performance how to choose philips, how to choose philips performance, performance top philips, top philips performance, performance philips guide, philips guide performance, performance philips for sale, philips for sale performance, performance philips deals, philips deals performance
2026-09-03 07:20:51,394 - INFO - Expanded 220 seed keywords to 385 variations
2026-09-03 07:20:51,394 - INFO - Language: en
2026-09-03 07:20:51,394 - INFO - Region: us
2026-09-03 07:25:24,146 - INFO - 🎯 After all filtering for 'philips': 120 relevant keywords
2026-09-03 07:25:24,367 - INFO - 🎯 Found 5 new keywords for niche 'philips': philips affordable laptop, cheap affordable laptop, best affordable laptop, how to affordable laptop, philips affordable performance
2026-09-03 07:25:40,904 - INFO - ✅ Niche 'philips' process complete! 717 total keyword results.
2026-09-03 07:25:40,904 - INFO - ✅ Completed processing niche: 'philips'
2026-09-03 07:25:40,904 - INFO - 🔧 Request Handler final stats - Success rate: 100.0%
2026-09-03 07:25:40,904 - INFO -    Total requests: 187018, Blocks: 1
2026-09-03 07:25:40,905 - INFO - 
========================================
2026-09-03 07:25:40,905 - INFO - Process Summary:
2026-09-03 07:25:40,906 - INFO - - Current niche: 'philips'
2026-09-03 07:25:40,906 - INFO - - Next niche will be: 'sandisk'
2026-09-03 07:25:40,906 - INFO - - Keywords saved in: languages/english/keywords/philips/
2026-09-03 07:25:40,907 - INFO - ========================================
