2026-08-21 01:49:07,159 - INFO - Log file created at: /home/runner/work/potensitech.com/potensitech.com/languages/english/keywords/logs/kw_search_20260821_014907.log
2026-08-21 01:49:07,159 - INFO - ============================================================
2026-08-21 01:49:07,159 - INFO - AUTOMATIC KEYWORD RESEARCH TOOL
2026-08-21 01:49:07,160 - INFO - ============================================================
2026-08-21 01:49:07,430 - INFO - ========================================
2026-08-21 01:49:07,431 - INFO - Found 14 niches to process: xiaomi, iphone, samsung, apple, sony, asus, philips, sandisk, intel, nvidia, amd, canon, nikon, huawei
2026-08-21 01:49:07,431 - INFO - ========================================
2026-08-21 01:49:07,431 - INFO - Continuing from last processed niche: xiaomi
2026-08-21 01:49:07,431 - INFO - ========================================
2026-08-21 01:49:07,431 - INFO - 🎯 PROCESSING NICHE 2/14: 'iphone'
2026-08-21 01:49:07,431 - INFO - ========================================
2026-08-21 01:49:07,431 - INFO - 📁 Niche directory: /home/runner/work/potensitech.com/potensitech.com/languages/english/keywords/iphone
2026-08-21 01:49:07,431 - INFO - Selected region: us
2026-08-21 01:49:07,431 - INFO - Selected language: en
2026-08-21 01:49:07,431 - INFO - 🎯 Current niche: iphone
2026-08-21 01:49:07,977 - INFO - 🎯 Niche terms for filtering: iphone, cheap, best, latest, review, price, sell, buy, recommendation, tips, tutorial, guide, how to, vs, versus, compared to, comparison, alternatives, which is better, expensive, discount, deals, sale, affordable, cost, online, offline, marketplace, store, shop, retailer, where to buy, worst, quality, original, genuine, fake, replica, authentic, brand, manufacturer, company, product, iphone product, sell iphone, buy iphone, cheap iphone, best iphone, iphone review, where to buy iphone, how to choose iphone, top iphone, iphone guide, iphone for sale, iphone deals
2026-08-21 01:49:07,978 - INFO - Generated 50 niche-clue pairs for 'iphone'.
2026-08-21 01:49:07,980 - INFO - Expanded 50 seed keywords to 218 variations
2026-08-21 01:49:07,985 - INFO - 🔧 Request Handler initialized - Success rate: 100.0%
2026-08-21 01:53:29,605 - INFO - Original clue keywords: dslr, mirrorless
2026-08-21 01:53:29,605 - INFO - Niche-focused seeds: dslr iphone, iphone dslr, dslr cheap, cheap dslr, dslr best, best dslr, dslr latest, latest dslr, dslr review, review dslr, dslr price, price dslr, dslr sell, sell dslr, dslr buy, buy dslr, dslr recommendation, recommendation dslr, dslr tips, tips dslr, dslr tutorial, tutorial dslr, dslr guide, guide dslr, dslr how to, how to dslr, dslr vs, vs dslr, dslr versus, versus dslr, dslr compared to, compared to dslr, dslr comparison, comparison dslr, dslr alternatives, alternatives dslr, dslr which is better, which is better dslr, dslr expensive, expensive dslr, dslr discount, discount dslr, dslr deals, deals dslr, dslr sale, sale dslr, dslr affordable, affordable dslr, dslr cost, cost dslr, dslr online, online dslr, dslr offline, offline dslr, dslr marketplace, marketplace dslr, dslr store, store dslr, dslr shop, shop dslr, dslr retailer, retailer dslr, dslr where to buy, where to buy dslr, dslr worst, worst dslr, dslr quality, quality dslr, dslr original, original dslr, dslr genuine, genuine dslr, dslr fake, fake dslr, dslr replica, replica dslr, dslr authentic, authentic dslr, dslr brand, brand dslr, dslr manufacturer, manufacturer dslr, dslr company, company dslr, dslr product, product dslr, dslr iphone product, iphone product dslr, dslr sell iphone, sell iphone dslr, dslr buy iphone, buy iphone dslr, dslr cheap iphone, cheap iphone dslr, dslr best iphone, best iphone dslr, dslr iphone review, iphone review dslr, dslr where to buy iphone, where to buy iphone dslr, dslr how to choose iphone, how to choose iphone dslr, dslr top iphone, top iphone dslr, dslr iphone guide, iphone guide dslr, dslr iphone for sale, iphone for sale dslr, dslr iphone deals, iphone deals dslr, mirrorless iphone, iphone mirrorless, mirrorless cheap, cheap mirrorless, mirrorless best, best mirrorless, mirrorless latest, latest mirrorless, mirrorless review, review mirrorless, mirrorless price, price mirrorless, mirrorless sell, sell mirrorless, mirrorless buy, buy mirrorless, mirrorless recommendation, recommendation mirrorless, mirrorless tips, tips mirrorless, mirrorless tutorial, tutorial mirrorless, mirrorless guide, guide mirrorless, mirrorless how to, how to mirrorless, mirrorless vs, vs mirrorless, mirrorless versus, versus mirrorless, mirrorless compared to, compared to mirrorless, mirrorless comparison, comparison mirrorless, mirrorless alternatives, alternatives mirrorless, mirrorless which is better, which is better mirrorless, mirrorless expensive, expensive mirrorless, mirrorless discount, discount mirrorless, mirrorless deals, deals mirrorless, mirrorless sale, sale mirrorless, mirrorless affordable, affordable mirrorless, mirrorless cost, cost mirrorless, mirrorless online, online mirrorless, mirrorless offline, offline mirrorless, mirrorless marketplace, marketplace mirrorless, mirrorless store, store mirrorless, mirrorless shop, shop mirrorless, mirrorless retailer, retailer mirrorless, mirrorless where to buy, where to buy mirrorless, mirrorless worst, worst mirrorless, mirrorless quality, quality mirrorless, mirrorless original, original mirrorless, mirrorless genuine, genuine mirrorless, mirrorless fake, fake mirrorless, mirrorless replica, replica mirrorless, mirrorless authentic, authentic mirrorless, mirrorless brand, brand mirrorless, mirrorless manufacturer, manufacturer mirrorless, mirrorless company, company mirrorless, mirrorless product, product mirrorless, mirrorless iphone product, iphone product mirrorless, mirrorless sell iphone, sell iphone mirrorless, mirrorless buy iphone, buy iphone mirrorless, mirrorless cheap iphone, cheap iphone mirrorless, mirrorless best iphone, best iphone mirrorless, mirrorless iphone review, iphone review mirrorless, mirrorless where to buy iphone, where to buy iphone mirrorless, mirrorless how to choose iphone, how to choose iphone mirrorless, mirrorless top iphone, top iphone mirrorless, mirrorless iphone guide, iphone guide mirrorless, mirrorless iphone for sale, iphone for sale mirrorless, mirrorless iphone deals, iphone deals mirrorless
2026-08-21 01:53:29,608 - INFO - Expanded 220 seed keywords to 385 variations
2026-08-21 01:53:29,608 - INFO - Language: en
2026-08-21 01:53:29,608 - INFO - Region: us
2026-08-21 01:57:58,922 - INFO - 🎯 After all filtering for 'iphone': 120 relevant keywords
2026-08-21 01:57:59,122 - INFO - 🎯 Found 5 new keywords for niche 'iphone': iphone affordable dslr, cheap affordable dslr, best affordable dslr, iphone affordable mirrorless, cheap affordable mirrorless
2026-08-21 01:57:59,495 - INFO - ✅ Niche 'iphone' process complete! 854 total keyword results.
2026-08-21 01:57:59,495 - INFO - ✅ Completed processing niche: 'iphone'
2026-08-21 01:57:59,495 - INFO - 🔧 Request Handler final stats - Success rate: 100.0%
2026-08-21 01:57:59,495 - INFO -    Total requests: 176787, Blocks: 1
2026-08-21 01:57:59,496 - INFO - 
========================================
2026-08-21 01:57:59,497 - INFO - Process Summary:
2026-08-21 01:57:59,497 - INFO - - Current niche: 'iphone'
2026-08-21 01:57:59,497 - INFO - - Next niche will be: 'samsung'
2026-08-21 01:57:59,497 - INFO - - Keywords saved in: languages/english/keywords/iphone/
2026-08-21 01:57:59,497 - INFO - ========================================
