2026-08-16 14:43:16,328 - INFO - Log file created at: /home/runner/work/potensitech.com/potensitech.com/languages/english/keywords/logs/kw_search_20260816_144316.log
2026-08-16 14:43:16,328 - INFO - ============================================================
2026-08-16 14:43:16,328 - INFO - AUTOMATIC KEYWORD RESEARCH TOOL
2026-08-16 14:43:16,328 - INFO - ============================================================
2026-08-16 14:43:16,630 - INFO - ========================================
2026-08-16 14:43:16,630 - INFO - Found 14 niches to process: xiaomi, iphone, samsung, apple, sony, asus, philips, sandisk, intel, nvidia, amd, canon, nikon, huawei
2026-08-16 14:43:16,630 - INFO - ========================================
2026-08-16 14:43:16,630 - INFO - Continuing from last processed niche: nikon
2026-08-16 14:43:16,630 - INFO - ========================================
2026-08-16 14:43:16,630 - INFO - 🎯 PROCESSING NICHE 14/14: 'huawei'
2026-08-16 14:43:16,630 - INFO - ========================================
2026-08-16 14:43:16,630 - INFO - 📁 Niche directory: /home/runner/work/potensitech.com/potensitech.com/languages/english/keywords/huawei
2026-08-16 14:43:16,631 - INFO - Selected region: us
2026-08-16 14:43:16,631 - INFO - Selected language: en
2026-08-16 14:43:16,631 - INFO - 🎯 Current niche: huawei
2026-08-16 14:43:17,320 - INFO - 🎯 Niche terms for filtering: huawei, cheap, best, latest, review, price, sell, buy, recommendation, tips, tutorial, guide, how to, vs, versus, compared to, comparison, alternatives, which is better, expensive, discount, deals, sale, affordable, cost, online, offline, marketplace, store, shop, retailer, where to buy, worst, quality, original, genuine, fake, replica, authentic, brand, manufacturer, company, product, huawei product, sell huawei, buy huawei, cheap huawei, best huawei, huawei review, where to buy huawei, how to choose huawei, top huawei, huawei guide, huawei for sale, huawei deals
2026-08-16 14:43:17,320 - INFO - Generated 50 niche-clue pairs for 'huawei'.
2026-08-16 14:43:17,324 - INFO - Expanded 50 seed keywords to 218 variations
2026-08-16 14:43:17,330 - INFO - 🔧 Request Handler initialized - Success rate: 100.0%
2026-08-16 14:47:43,533 - INFO - Original clue keywords: external storage, high-performance
2026-08-16 14:47:43,533 - INFO - Niche-focused seeds: external storage huawei, huawei external storage, external storage cheap, cheap external storage, external storage best, best external storage, external storage latest, latest external storage, external storage review, review external storage, external storage price, price external storage, external storage sell, sell external storage, external storage buy, buy external storage, external storage recommendation, recommendation external storage, external storage tips, tips external storage, external storage tutorial, tutorial external storage, external storage guide, guide external storage, external storage how to, how to external storage, external storage vs, vs external storage, external storage versus, versus external storage, external storage compared to, compared to external storage, external storage comparison, comparison external storage, external storage alternatives, alternatives external storage, external storage which is better, which is better external storage, external storage expensive, expensive external storage, external storage discount, discount external storage, external storage deals, deals external storage, external storage sale, sale external storage, external storage affordable, affordable external storage, external storage cost, cost external storage, external storage online, online external storage, external storage offline, offline external storage, external storage marketplace, marketplace external storage, external storage store, store external storage, external storage shop, shop external storage, external storage retailer, retailer external storage, external storage where to buy, where to buy external storage, external storage worst, worst external storage, external storage quality, quality external storage, external storage original, original external storage, external storage genuine, genuine external storage, external storage fake, fake external storage, external storage replica, replica external storage, external storage authentic, authentic external storage, external storage brand, brand external storage, external storage manufacturer, manufacturer external storage, external storage company, company external storage, external storage product, product external storage, external storage huawei product, huawei product external storage, external storage sell huawei, sell huawei external storage, external storage buy huawei, buy huawei external storage, external storage cheap huawei, cheap huawei external storage, external storage best huawei, best huawei external storage, external storage huawei review, huawei review external storage, external storage where to buy huawei, where to buy huawei external storage, external storage how to choose huawei, how to choose huawei external storage, external storage top huawei, top huawei external storage, external storage huawei guide, huawei guide external storage, external storage huawei for sale, huawei for sale external storage, external storage huawei deals, huawei deals external storage, high-performance huawei, huawei high-performance, high-performance cheap, cheap high-performance, high-performance best, best high-performance, high-performance latest, latest high-performance, high-performance review, review high-performance, high-performance price, price high-performance, high-performance sell, sell high-performance, high-performance buy, buy high-performance, high-performance recommendation, recommendation high-performance, high-performance tips, tips high-performance, high-performance tutorial, tutorial high-performance, high-performance guide, guide high-performance, high-performance how to, how to high-performance, high-performance vs, vs high-performance, high-performance versus, versus high-performance, high-performance compared to, compared to high-performance, high-performance comparison, comparison high-performance, high-performance alternatives, alternatives high-performance, high-performance which is better, which is better high-performance, high-performance expensive, expensive high-performance, high-performance discount, discount high-performance, high-performance deals, deals high-performance, high-performance sale, sale high-performance, high-performance affordable, affordable high-performance, high-performance cost, cost high-performance, high-performance online, online high-performance, high-performance offline, offline high-performance, high-performance marketplace, marketplace high-performance, high-performance store, store high-performance, high-performance shop, shop high-performance, high-performance retailer, retailer high-performance, high-performance where to buy, where to buy high-performance, high-performance worst, worst high-performance, high-performance quality, quality high-performance, high-performance original, original high-performance, high-performance genuine, genuine high-performance, high-performance fake, fake high-performance, high-performance replica, replica high-performance, high-performance authentic, authentic high-performance, high-performance brand, brand high-performance, high-performance manufacturer, manufacturer high-performance, high-performance company, company high-performance, high-performance product, product high-performance, high-performance huawei product, huawei product high-performance, high-performance sell huawei, sell huawei high-performance, high-performance buy huawei, buy huawei high-performance, high-performance cheap huawei, cheap huawei high-performance, high-performance best huawei, best huawei high-performance, high-performance huawei review, huawei review high-performance, high-performance where to buy huawei, where to buy huawei high-performance, high-performance how to choose huawei, how to choose huawei high-performance, high-performance top huawei, top huawei high-performance, high-performance huawei guide, huawei guide high-performance, high-performance huawei for sale, huawei for sale high-performance, high-performance huawei deals, huawei deals high-performance
2026-08-16 14:47:43,537 - INFO - Expanded 220 seed keywords to 385 variations
2026-08-16 14:47:43,537 - INFO - Language: en
2026-08-16 14:47:43,537 - INFO - Region: us
2026-08-16 14:52:18,700 - INFO - 🎯 After all filtering for 'huawei': 120 relevant keywords
2026-08-16 14:52:19,015 - INFO - 🎯 Found 5 new keywords for niche 'huawei': huawei affordable high-performance, affordable high-performance cheap, best affordable high-performance, huawei alternatives high-performance, cheap alternatives high-performance
2026-08-16 14:52:19,440 - INFO - ✅ Niche 'huawei' process complete! 638 total keyword results.
2026-08-16 14:52:19,440 - INFO - ✅ Completed processing niche: 'huawei'
2026-08-16 14:52:19,440 - INFO - 🔧 Request Handler final stats - Success rate: 100.0%
2026-08-16 14:52:19,440 - INFO -    Total requests: 173133, Blocks: 1
2026-08-16 14:52:19,441 - INFO - 
========================================
2026-08-16 14:52:19,441 - INFO - Process Summary:
2026-08-16 14:52:19,442 - INFO - - Current niche: 'huawei'
2026-08-16 14:52:19,442 - INFO - - Next niche will be: 'xiaomi'
2026-08-16 14:52:19,442 - INFO - - Keywords saved in: languages/english/keywords/huawei/
2026-08-16 14:52:19,442 - INFO - ========================================
