2026-09-12 17:15:37,822 - INFO - Log file created at: /home/runner/work/potensitech.com/potensitech.com/languages/english/keywords/logs/kw_search_20260912_171537.log
2026-09-12 17:15:37,822 - INFO - ============================================================
2026-09-12 17:15:37,822 - INFO - AUTOMATIC KEYWORD RESEARCH TOOL
2026-09-12 17:15:37,822 - INFO - ============================================================
2026-09-12 17:15:38,167 - INFO - ========================================
2026-09-12 17:15:38,167 - INFO - Found 14 niches to process: xiaomi, iphone, samsung, apple, sony, asus, philips, sandisk, intel, nvidia, amd, canon, nikon, huawei
2026-09-12 17:15:38,167 - INFO - ========================================
2026-09-12 17:15:38,167 - INFO - Continuing from last processed niche: iphone
2026-09-12 17:15:38,167 - INFO - ========================================
2026-09-12 17:15:38,167 - INFO - 🎯 PROCESSING NICHE 3/14: 'samsung'
2026-09-12 17:15:38,167 - INFO - ========================================
2026-09-12 17:15:38,167 - INFO - 📁 Niche directory: /home/runner/work/potensitech.com/potensitech.com/languages/english/keywords/samsung
2026-09-12 17:15:38,168 - INFO - Selected region: us
2026-09-12 17:15:38,168 - INFO - Selected language: en
2026-09-12 17:15:38,168 - INFO - 🎯 Current niche: samsung
2026-09-12 17:15:49,374 - INFO - 🎯 Niche terms for filtering: samsung, cheap, best, latest, review, price, sell, buy, recommendation, tips, tutorial, guide, how to, vs, versus, compared to, comparison, alternatives, which is better, expensive, discount, deals, sale, affordable, cost, online, offline, marketplace, store, shop, retailer, where to buy, worst, quality, original, genuine, fake, replica, authentic, brand, manufacturer, company, product, samsung product, sell samsung, buy samsung, cheap samsung, best samsung, samsung review, where to buy samsung, how to choose samsung, top samsung, samsung guide, samsung for sale, samsung deals
2026-09-12 17:15:49,374 - INFO - Generated 50 niche-clue pairs for 'samsung'.
2026-09-12 17:15:49,378 - INFO - Expanded 50 seed keywords to 218 variations
2026-09-12 17:15:49,378 - INFO - 🔧 Request Handler initialized - Success rate: 100.0%
2026-09-12 17:20:12,855 - INFO - Original clue keywords: long battery, dlss technology
2026-09-12 17:20:12,855 - INFO - Niche-focused seeds: long battery samsung, samsung long battery, long battery cheap, cheap long battery, long battery best, best long battery, long battery latest, latest long battery, long battery review, review long battery, long battery price, price long battery, long battery sell, sell long battery, long battery buy, buy long battery, long battery recommendation, recommendation long battery, long battery tips, tips long battery, long battery tutorial, tutorial long battery, long battery guide, guide long battery, long battery how to, how to long battery, long battery vs, vs long battery, long battery versus, versus long battery, long battery compared to, compared to long battery, long battery comparison, comparison long battery, long battery alternatives, alternatives long battery, long battery which is better, which is better long battery, long battery expensive, expensive long battery, long battery discount, discount long battery, long battery deals, deals long battery, long battery sale, sale long battery, long battery affordable, affordable long battery, long battery cost, cost long battery, long battery online, online long battery, long battery offline, offline long battery, long battery marketplace, marketplace long battery, long battery store, store long battery, long battery shop, shop long battery, long battery retailer, retailer long battery, long battery where to buy, where to buy long battery, long battery worst, worst long battery, long battery quality, quality long battery, long battery original, original long battery, long battery genuine, genuine long battery, long battery fake, fake long battery, long battery replica, replica long battery, long battery authentic, authentic long battery, long battery brand, brand long battery, long battery manufacturer, manufacturer long battery, long battery company, company long battery, long battery product, product long battery, long battery samsung product, samsung product long battery, long battery sell samsung, sell samsung long battery, long battery buy samsung, buy samsung long battery, long battery cheap samsung, cheap samsung long battery, long battery best samsung, best samsung long battery, long battery samsung review, samsung review long battery, long battery where to buy samsung, where to buy samsung long battery, long battery how to choose samsung, how to choose samsung long battery, long battery top samsung, top samsung long battery, long battery samsung guide, samsung guide long battery, long battery samsung for sale, samsung for sale long battery, long battery samsung deals, samsung deals long battery, dlss technology samsung, samsung dlss technology, dlss technology cheap, cheap dlss technology, dlss technology best, best dlss technology, dlss technology latest, latest dlss technology, dlss technology review, review dlss technology, dlss technology price, price dlss technology, dlss technology sell, sell dlss technology, dlss technology buy, buy dlss technology, dlss technology recommendation, recommendation dlss technology, dlss technology tips, tips dlss technology, dlss technology tutorial, tutorial dlss technology, dlss technology guide, guide dlss technology, dlss technology how to, how to dlss technology, dlss technology vs, vs dlss technology, dlss technology versus, versus dlss technology, dlss technology compared to, compared to dlss technology, dlss technology comparison, comparison dlss technology, dlss technology alternatives, alternatives dlss technology, dlss technology which is better, which is better dlss technology, dlss technology expensive, expensive dlss technology, dlss technology discount, discount dlss technology, dlss technology deals, deals dlss technology, dlss technology sale, sale dlss technology, dlss technology affordable, affordable dlss technology, dlss technology cost, cost dlss technology, dlss technology online, online dlss technology, dlss technology offline, offline dlss technology, dlss technology marketplace, marketplace dlss technology, dlss technology store, store dlss technology, dlss technology shop, shop dlss technology, dlss technology retailer, retailer dlss technology, dlss technology where to buy, where to buy dlss technology, dlss technology worst, worst dlss technology, dlss technology quality, quality dlss technology, dlss technology original, original dlss technology, dlss technology genuine, genuine dlss technology, dlss technology fake, fake dlss technology, dlss technology replica, replica dlss technology, dlss technology authentic, authentic dlss technology, dlss technology brand, brand dlss technology, dlss technology manufacturer, manufacturer dlss technology, dlss technology company, company dlss technology, dlss technology product, product dlss technology, dlss technology samsung product, samsung product dlss technology, dlss technology sell samsung, sell samsung dlss technology, dlss technology buy samsung, buy samsung dlss technology, dlss technology cheap samsung, cheap samsung dlss technology, dlss technology best samsung, best samsung dlss technology, dlss technology samsung review, samsung review dlss technology, dlss technology where to buy samsung, where to buy samsung dlss technology, dlss technology how to choose samsung, how to choose samsung dlss technology, dlss technology top samsung, top samsung dlss technology, dlss technology samsung guide, samsung guide dlss technology, dlss technology samsung for sale, samsung for sale dlss technology, dlss technology samsung deals, samsung deals dlss technology
2026-09-12 17:20:12,859 - INFO - Expanded 220 seed keywords to 385 variations
2026-09-12 17:20:12,859 - INFO - Language: en
2026-09-12 17:20:12,859 - INFO - Region: us
2026-09-12 17:24:45,629 - INFO - 🎯 After all filtering for 'samsung': 120 relevant keywords
2026-09-12 17:24:46,831 - INFO - 🎯 Found 5 new keywords for niche 'samsung': samsung affordable dlss technology, samsung affordable long battery, cheap alternatives dlss technology, cheap alternatives long battery, best authentic dlss technology
2026-09-12 17:25:03,058 - INFO - ✅ Niche 'samsung' process complete! 648 total keyword results.
2026-09-12 17:25:03,058 - INFO - ✅ Completed processing niche: 'samsung'
2026-09-12 17:25:03,058 - INFO - 🔧 Request Handler final stats - Success rate: 100.0%
2026-09-12 17:25:03,058 - INFO -    Total requests: 194949, Blocks: 1
2026-09-12 17:25:03,059 - INFO - 
========================================
2026-09-12 17:25:03,059 - INFO - Process Summary:
2026-09-12 17:25:03,060 - INFO - - Current niche: 'samsung'
2026-09-12 17:25:03,060 - INFO - - Next niche will be: 'apple'
2026-09-12 17:25:03,060 - INFO - - Keywords saved in: languages/english/keywords/samsung/
2026-09-12 17:25:03,060 - INFO - ========================================
