2026-09-28 11:16:27,590 - INFO - Log file created at: /home/runner/work/potensitech.com/potensitech.com/languages/english/keywords/logs/kw_search_20260928_111627.log
2026-09-28 11:16:27,590 - INFO - ============================================================
2026-09-28 11:16:27,590 - INFO - AUTOMATIC KEYWORD RESEARCH TOOL
2026-09-28 11:16:27,590 - INFO - ============================================================
2026-09-28 11:16:28,172 - INFO - ========================================
2026-09-28 11:16:28,172 - INFO - Found 14 niches to process: xiaomi, iphone, samsung, apple, sony, asus, philips, sandisk, intel, nvidia, amd, canon, nikon, huawei
2026-09-28 11:16:28,172 - INFO - ========================================
2026-09-28 11:16:28,172 - INFO - Continuing from last processed niche: apple
2026-09-28 11:16:28,172 - INFO - ========================================
2026-09-28 11:16:28,172 - INFO - 🎯 PROCESSING NICHE 5/14: 'sony'
2026-09-28 11:16:28,172 - INFO - ========================================
2026-09-28 11:16:28,172 - INFO - 📁 Niche directory: /home/runner/work/potensitech.com/potensitech.com/languages/english/keywords/sony
2026-09-28 11:16:28,172 - INFO - Selected region: us
2026-09-28 11:16:28,173 - INFO - Selected language: en
2026-09-28 11:16:28,173 - INFO - 🎯 Current niche: sony
2026-09-28 11:16:38,740 - INFO - 🎯 Niche terms for filtering: sony, cheap, best, latest, review, price, sell, buy, recommendation, tips, tutorial, guide, how to, vs, versus, compared to, comparison, alternatives, which is better, expensive, discount, deals, sale, affordable, cost, online, offline, marketplace, store, shop, retailer, where to buy, worst, quality, original, genuine, fake, replica, authentic, brand, manufacturer, company, product, sony product, sell sony, buy sony, cheap sony, best sony, sony review, where to buy sony, how to choose sony, top sony, sony guide, sony for sale, sony deals
2026-09-28 11:16:38,740 - INFO - Generated 50 niche-clue pairs for 'sony'.
2026-09-28 11:16:38,742 - INFO - Expanded 50 seed keywords to 218 variations
2026-09-28 11:16:38,742 - INFO - 🔧 Request Handler initialized - Success rate: 100.0%
2026-09-28 11:21:05,517 - INFO - Original clue keywords: smartphone battery, smartphone display
2026-09-28 11:21:05,518 - INFO - Niche-focused seeds: smartphone battery sony, sony smartphone battery, smartphone battery cheap, cheap smartphone battery, smartphone battery best, best smartphone battery, smartphone battery latest, latest smartphone battery, smartphone battery review, review smartphone battery, smartphone battery price, price smartphone battery, smartphone battery sell, sell smartphone battery, smartphone battery buy, buy smartphone battery, smartphone battery recommendation, recommendation smartphone battery, smartphone battery tips, tips smartphone battery, smartphone battery tutorial, tutorial smartphone battery, smartphone battery guide, guide smartphone battery, smartphone battery how to, how to smartphone battery, smartphone battery vs, vs smartphone battery, smartphone battery versus, versus smartphone battery, smartphone battery compared to, compared to smartphone battery, smartphone battery comparison, comparison smartphone battery, smartphone battery alternatives, alternatives smartphone battery, smartphone battery which is better, which is better smartphone battery, smartphone battery expensive, expensive smartphone battery, smartphone battery discount, discount smartphone battery, smartphone battery deals, deals smartphone battery, smartphone battery sale, sale smartphone battery, smartphone battery affordable, affordable smartphone battery, smartphone battery cost, cost smartphone battery, smartphone battery online, online smartphone battery, smartphone battery offline, offline smartphone battery, smartphone battery marketplace, marketplace smartphone battery, smartphone battery store, store smartphone battery, smartphone battery shop, shop smartphone battery, smartphone battery retailer, retailer smartphone battery, smartphone battery where to buy, where to buy smartphone battery, smartphone battery worst, worst smartphone battery, smartphone battery quality, quality smartphone battery, smartphone battery original, original smartphone battery, smartphone battery genuine, genuine smartphone battery, smartphone battery fake, fake smartphone battery, smartphone battery replica, replica smartphone battery, smartphone battery authentic, authentic smartphone battery, smartphone battery brand, brand smartphone battery, smartphone battery manufacturer, manufacturer smartphone battery, smartphone battery company, company smartphone battery, smartphone battery product, product smartphone battery, smartphone battery sony product, sony product smartphone battery, smartphone battery sell sony, sell sony smartphone battery, smartphone battery buy sony, buy sony smartphone battery, smartphone battery cheap sony, cheap sony smartphone battery, smartphone battery best sony, best sony smartphone battery, smartphone battery sony review, sony review smartphone battery, smartphone battery where to buy sony, where to buy sony smartphone battery, smartphone battery how to choose sony, how to choose sony smartphone battery, smartphone battery top sony, top sony smartphone battery, smartphone battery sony guide, sony guide smartphone battery, smartphone battery sony for sale, sony for sale smartphone battery, smartphone battery sony deals, sony deals smartphone battery, smartphone display sony, sony smartphone display, smartphone display cheap, cheap smartphone display, smartphone display best, best smartphone display, smartphone display latest, latest smartphone display, smartphone display review, review smartphone display, smartphone display price, price smartphone display, smartphone display sell, sell smartphone display, smartphone display buy, buy smartphone display, smartphone display recommendation, recommendation smartphone display, smartphone display tips, tips smartphone display, smartphone display tutorial, tutorial smartphone display, smartphone display guide, guide smartphone display, smartphone display how to, how to smartphone display, smartphone display vs, vs smartphone display, smartphone display versus, versus smartphone display, smartphone display compared to, compared to smartphone display, smartphone display comparison, comparison smartphone display, smartphone display alternatives, alternatives smartphone display, smartphone display which is better, which is better smartphone display, smartphone display expensive, expensive smartphone display, smartphone display discount, discount smartphone display, smartphone display deals, deals smartphone display, smartphone display sale, sale smartphone display, smartphone display affordable, affordable smartphone display, smartphone display cost, cost smartphone display, smartphone display online, online smartphone display, smartphone display offline, offline smartphone display, smartphone display marketplace, marketplace smartphone display, smartphone display store, store smartphone display, smartphone display shop, shop smartphone display, smartphone display retailer, retailer smartphone display, smartphone display where to buy, where to buy smartphone display, smartphone display worst, worst smartphone display, smartphone display quality, quality smartphone display, smartphone display original, original smartphone display, smartphone display genuine, genuine smartphone display, smartphone display fake, fake smartphone display, smartphone display replica, replica smartphone display, smartphone display authentic, authentic smartphone display, smartphone display brand, brand smartphone display, smartphone display manufacturer, manufacturer smartphone display, smartphone display company, company smartphone display, smartphone display product, product smartphone display, smartphone display sony product, sony product smartphone display, smartphone display sell sony, sell sony smartphone display, smartphone display buy sony, buy sony smartphone display, smartphone display cheap sony, cheap sony smartphone display, smartphone display best sony, best sony smartphone display, smartphone display sony review, sony review smartphone display, smartphone display where to buy sony, where to buy sony smartphone display, smartphone display how to choose sony, how to choose sony smartphone display, smartphone display top sony, top sony smartphone display, smartphone display sony guide, sony guide smartphone display, smartphone display sony for sale, sony for sale smartphone display, smartphone display sony deals, sony deals smartphone display
2026-09-28 11:21:05,519 - INFO - Expanded 220 seed keywords to 385 variations
2026-09-28 11:21:05,519 - INFO - Language: en
2026-09-28 11:21:05,519 - INFO - Region: us
2026-09-28 11:23:19,101 - INFO - 🎯 After all filtering for 'sony': 120 relevant keywords
2026-09-28 11:23:19,211 - INFO - 🎯 Found 2 new keywords for niche 'sony': sony affordable smartphone battery, sony alternatives smartphone display
2026-09-28 11:23:35,495 - INFO - ✅ Niche 'sony' process complete! 698 total keyword results.
2026-09-28 11:23:35,495 - INFO - ✅ Completed processing niche: 'sony'
2026-09-28 11:23:35,496 - INFO - 🔧 Request Handler final stats - Success rate: 100.0%
2026-09-28 11:23:35,496 - INFO -    Total requests: 208371, Blocks: 1
2026-09-28 11:23:35,496 - INFO - 
========================================
2026-09-28 11:23:35,497 - INFO - Process Summary:
2026-09-28 11:23:35,497 - INFO - - Current niche: 'sony'
2026-09-28 11:23:35,497 - INFO - - Next niche will be: 'asus'
2026-09-28 11:23:35,497 - INFO - - Keywords saved in: languages/english/keywords/sony/
2026-09-28 11:23:35,497 - INFO - ========================================
