2026-08-06 07:27:34,460 - INFO - Log file created at: /home/runner/work/potensitech.com/potensitech.com/languages/english/keywords/logs/kw_search_20260806_072734.log
2026-08-06 07:27:34,460 - INFO - ============================================================
2026-08-06 07:27:34,460 - INFO - AUTOMATIC KEYWORD RESEARCH TOOL
2026-08-06 07:27:34,460 - INFO - ============================================================
2026-08-06 07:27:34,706 - INFO - ========================================
2026-08-06 07:27:34,706 - INFO - Found 14 niches to process: xiaomi, iphone, samsung, apple, sony, asus, philips, sandisk, intel, nvidia, amd, canon, nikon, huawei
2026-08-06 07:27:34,706 - INFO - ========================================
2026-08-06 07:27:34,706 - INFO - Continuing from last processed niche: intel
2026-08-06 07:27:34,706 - INFO - ========================================
2026-08-06 07:27:34,706 - INFO - 🎯 PROCESSING NICHE 10/14: 'nvidia'
2026-08-06 07:27:34,706 - INFO - ========================================
2026-08-06 07:27:34,706 - INFO - 📁 Niche directory: /home/runner/work/potensitech.com/potensitech.com/languages/english/keywords/nvidia
2026-08-06 07:27:34,707 - INFO - Selected region: us
2026-08-06 07:27:34,707 - INFO - Selected language: en
2026-08-06 07:27:34,707 - INFO - 🎯 Current niche: nvidia
2026-08-06 07:27:35,463 - INFO - 🎯 Niche terms for filtering: nvidia, cheap, best, latest, review, price, sell, buy, recommendation, tips, tutorial, guide, how to, vs, versus, compared to, comparison, alternatives, which is better, expensive, discount, deals, sale, affordable, cost, online, offline, marketplace, store, shop, retailer, where to buy, worst, quality, original, genuine, fake, replica, authentic, brand, manufacturer, company, product, nvidia product, sell nvidia, buy nvidia, cheap nvidia, best nvidia, nvidia review, where to buy nvidia, how to choose nvidia, top nvidia, nvidia guide, nvidia for sale, nvidia deals
2026-08-06 07:27:35,463 - INFO - Generated 50 niche-clue pairs for 'nvidia'.
2026-08-06 07:27:35,467 - INFO - Expanded 50 seed keywords to 218 variations
2026-08-06 07:27:35,467 - INFO - 🔧 Request Handler initialized - Success rate: 100.0%
2026-08-06 07:32:02,324 - INFO - Original clue keywords: camera resolution, autofocus technology
2026-08-06 07:32:02,324 - INFO - Niche-focused seeds: camera resolution nvidia, nvidia camera resolution, camera resolution cheap, cheap camera resolution, camera resolution best, best camera resolution, camera resolution latest, latest camera resolution, camera resolution review, review camera resolution, camera resolution price, price camera resolution, camera resolution sell, sell camera resolution, camera resolution buy, buy camera resolution, camera resolution recommendation, recommendation camera resolution, camera resolution tips, tips camera resolution, camera resolution tutorial, tutorial camera resolution, camera resolution guide, guide camera resolution, camera resolution how to, how to camera resolution, camera resolution vs, vs camera resolution, camera resolution versus, versus camera resolution, camera resolution compared to, compared to camera resolution, camera resolution comparison, comparison camera resolution, camera resolution alternatives, alternatives camera resolution, camera resolution which is better, which is better camera resolution, camera resolution expensive, expensive camera resolution, camera resolution discount, discount camera resolution, camera resolution deals, deals camera resolution, camera resolution sale, sale camera resolution, camera resolution affordable, affordable camera resolution, camera resolution cost, cost camera resolution, camera resolution online, online camera resolution, camera resolution offline, offline camera resolution, camera resolution marketplace, marketplace camera resolution, camera resolution store, store camera resolution, camera resolution shop, shop camera resolution, camera resolution retailer, retailer camera resolution, camera resolution where to buy, where to buy camera resolution, camera resolution worst, worst camera resolution, camera resolution quality, quality camera resolution, camera resolution original, original camera resolution, camera resolution genuine, genuine camera resolution, camera resolution fake, fake camera resolution, camera resolution replica, replica camera resolution, camera resolution authentic, authentic camera resolution, camera resolution brand, brand camera resolution, camera resolution manufacturer, manufacturer camera resolution, camera resolution company, company camera resolution, camera resolution product, product camera resolution, camera resolution nvidia product, nvidia product camera resolution, camera resolution sell nvidia, sell nvidia camera resolution, camera resolution buy nvidia, buy nvidia camera resolution, camera resolution cheap nvidia, cheap nvidia camera resolution, camera resolution best nvidia, best nvidia camera resolution, camera resolution nvidia review, nvidia review camera resolution, camera resolution where to buy nvidia, where to buy nvidia camera resolution, camera resolution how to choose nvidia, how to choose nvidia camera resolution, camera resolution top nvidia, top nvidia camera resolution, camera resolution nvidia guide, nvidia guide camera resolution, camera resolution nvidia for sale, nvidia for sale camera resolution, camera resolution nvidia deals, nvidia deals camera resolution, autofocus technology nvidia, nvidia autofocus technology, autofocus technology cheap, cheap autofocus technology, autofocus technology best, best autofocus technology, autofocus technology latest, latest autofocus technology, autofocus technology review, review autofocus technology, autofocus technology price, price autofocus technology, autofocus technology sell, sell autofocus technology, autofocus technology buy, buy autofocus technology, autofocus technology recommendation, recommendation autofocus technology, autofocus technology tips, tips autofocus technology, autofocus technology tutorial, tutorial autofocus technology, autofocus technology guide, guide autofocus technology, autofocus technology how to, how to autofocus technology, autofocus technology vs, vs autofocus technology, autofocus technology versus, versus autofocus technology, autofocus technology compared to, compared to autofocus technology, autofocus technology comparison, comparison autofocus technology, autofocus technology alternatives, alternatives autofocus technology, autofocus technology which is better, which is better autofocus technology, autofocus technology expensive, expensive autofocus technology, autofocus technology discount, discount autofocus technology, autofocus technology deals, deals autofocus technology, autofocus technology sale, sale autofocus technology, autofocus technology affordable, affordable autofocus technology, autofocus technology cost, cost autofocus technology, autofocus technology online, online autofocus technology, autofocus technology offline, offline autofocus technology, autofocus technology marketplace, marketplace autofocus technology, autofocus technology store, store autofocus technology, autofocus technology shop, shop autofocus technology, autofocus technology retailer, retailer autofocus technology, autofocus technology where to buy, where to buy autofocus technology, autofocus technology worst, worst autofocus technology, autofocus technology quality, quality autofocus technology, autofocus technology original, original autofocus technology, autofocus technology genuine, genuine autofocus technology, autofocus technology fake, fake autofocus technology, autofocus technology replica, replica autofocus technology, autofocus technology authentic, authentic autofocus technology, autofocus technology brand, brand autofocus technology, autofocus technology manufacturer, manufacturer autofocus technology, autofocus technology company, company autofocus technology, autofocus technology product, product autofocus technology, autofocus technology nvidia product, nvidia product autofocus technology, autofocus technology sell nvidia, sell nvidia autofocus technology, autofocus technology buy nvidia, buy nvidia autofocus technology, autofocus technology cheap nvidia, cheap nvidia autofocus technology, autofocus technology best nvidia, best nvidia autofocus technology, autofocus technology nvidia review, nvidia review autofocus technology, autofocus technology where to buy nvidia, where to buy nvidia autofocus technology, autofocus technology how to choose nvidia, how to choose nvidia autofocus technology, autofocus technology top nvidia, top nvidia autofocus technology, autofocus technology nvidia guide, nvidia guide autofocus technology, autofocus technology nvidia for sale, nvidia for sale autofocus technology, autofocus technology nvidia deals, nvidia deals autofocus technology
2026-08-06 07:32:02,327 - INFO - Expanded 220 seed keywords to 385 variations
2026-08-06 07:32:02,327 - INFO - Language: en
2026-08-06 07:32:02,327 - INFO - Region: us
2026-08-06 07:35:41,318 - INFO - 🎯 After all filtering for 'nvidia': 120 relevant keywords
2026-08-06 07:35:45,157 - INFO - 🎯 Found 5 new keywords for niche 'nvidia': nvidia affordable autofocus technology, nvidia affordable camera resolution, cheap alternatives autofocus technology, best authentic autofocus technology, how to autofocus technology brand
2026-08-06 07:35:45,643 - INFO - ✅ Niche 'nvidia' process complete! 832 total keyword results.
2026-08-06 07:35:45,643 - INFO - ✅ Completed processing niche: 'nvidia'
2026-08-06 07:35:45,643 - INFO - 🔧 Request Handler final stats - Success rate: 100.0%
2026-08-06 07:35:45,643 - INFO -    Total requests: 165379, Blocks: 1
2026-08-06 07:35:45,644 - INFO - 
========================================
2026-08-06 07:35:45,644 - INFO - Process Summary:
2026-08-06 07:35:45,644 - INFO - - Current niche: 'nvidia'
2026-08-06 07:35:45,644 - INFO - - Next niche will be: 'amd'
2026-08-06 07:35:45,645 - INFO - - Keywords saved in: languages/english/keywords/nvidia/
2026-08-06 07:35:45,645 - INFO - ========================================
