2026-09-26 13:49:52,692 - INFO - Log file created at: /home/runner/work/potensitech.com/potensitech.com/languages/english/keywords/logs/kw_search_20260926_134952.log
2026-09-26 13:49:52,692 - INFO - ============================================================
2026-09-26 13:49:52,693 - INFO - AUTOMATIC KEYWORD RESEARCH TOOL
2026-09-26 13:49:52,693 - INFO - ============================================================
2026-09-26 13:49:53,080 - INFO - ========================================
2026-09-26 13:49:53,080 - INFO - Found 14 niches to process: xiaomi, iphone, samsung, apple, sony, asus, philips, sandisk, intel, nvidia, amd, canon, nikon, huawei
2026-09-26 13:49:53,080 - INFO - ========================================
2026-09-26 13:49:53,080 - INFO - All niches completed, starting over
2026-09-26 13:49:53,080 - INFO - ========================================
2026-09-26 13:49:53,080 - INFO - 🎯 PROCESSING NICHE 1/14: 'xiaomi'
2026-09-26 13:49:53,080 - INFO - ========================================
2026-09-26 13:49:53,080 - INFO - 📁 Niche directory: /home/runner/work/potensitech.com/potensitech.com/languages/english/keywords/xiaomi
2026-09-26 13:49:53,080 - INFO - Selected region: us
2026-09-26 13:49:53,080 - INFO - Selected language: en
2026-09-26 13:49:53,080 - INFO - 🎯 Current niche: xiaomi
2026-09-26 13:50:03,813 - INFO - 🎯 Niche terms for filtering: xiaomi, cheap, best, latest, review, price, sell, buy, recommendation, tips, tutorial, guide, how to, vs, versus, compared to, comparison, alternatives, which is better, expensive, discount, deals, sale, affordable, cost, online, offline, marketplace, store, shop, retailer, where to buy, worst, quality, original, genuine, fake, replica, authentic, brand, manufacturer, company, product, xiaomi product, sell xiaomi, buy xiaomi, cheap xiaomi, best xiaomi, xiaomi review, where to buy xiaomi, how to choose xiaomi, top xiaomi, xiaomi guide, xiaomi for sale, xiaomi deals
2026-09-26 13:50:03,813 - INFO - Generated 50 niche-clue pairs for 'xiaomi'.
2026-09-26 13:50:03,815 - INFO - Expanded 50 seed keywords to 218 variations
2026-09-26 13:50:03,815 - INFO - 🔧 Request Handler initialized - Success rate: 100.0%
2026-09-26 13:54:25,515 - INFO - Original clue keywords: smartphone features, solid-state
2026-09-26 13:54:25,515 - INFO - Niche-focused seeds: smartphone features xiaomi, xiaomi smartphone features, smartphone features cheap, cheap smartphone features, smartphone features best, best smartphone features, smartphone features latest, latest smartphone features, smartphone features review, review smartphone features, smartphone features price, price smartphone features, smartphone features sell, sell smartphone features, smartphone features buy, buy smartphone features, smartphone features recommendation, recommendation smartphone features, smartphone features tips, tips smartphone features, smartphone features tutorial, tutorial smartphone features, smartphone features guide, guide smartphone features, smartphone features how to, how to smartphone features, smartphone features vs, vs smartphone features, smartphone features versus, versus smartphone features, smartphone features compared to, compared to smartphone features, smartphone features comparison, comparison smartphone features, smartphone features alternatives, alternatives smartphone features, smartphone features which is better, which is better smartphone features, smartphone features expensive, expensive smartphone features, smartphone features discount, discount smartphone features, smartphone features deals, deals smartphone features, smartphone features sale, sale smartphone features, smartphone features affordable, affordable smartphone features, smartphone features cost, cost smartphone features, smartphone features online, online smartphone features, smartphone features offline, offline smartphone features, smartphone features marketplace, marketplace smartphone features, smartphone features store, store smartphone features, smartphone features shop, shop smartphone features, smartphone features retailer, retailer smartphone features, smartphone features where to buy, where to buy smartphone features, smartphone features worst, worst smartphone features, smartphone features quality, quality smartphone features, smartphone features original, original smartphone features, smartphone features genuine, genuine smartphone features, smartphone features fake, fake smartphone features, smartphone features replica, replica smartphone features, smartphone features authentic, authentic smartphone features, smartphone features brand, brand smartphone features, smartphone features manufacturer, manufacturer smartphone features, smartphone features company, company smartphone features, smartphone features product, product smartphone features, smartphone features xiaomi product, xiaomi product smartphone features, smartphone features sell xiaomi, sell xiaomi smartphone features, smartphone features buy xiaomi, buy xiaomi smartphone features, smartphone features cheap xiaomi, cheap xiaomi smartphone features, smartphone features best xiaomi, best xiaomi smartphone features, smartphone features xiaomi review, xiaomi review smartphone features, smartphone features where to buy xiaomi, where to buy xiaomi smartphone features, smartphone features how to choose xiaomi, how to choose xiaomi smartphone features, smartphone features top xiaomi, top xiaomi smartphone features, smartphone features xiaomi guide, xiaomi guide smartphone features, smartphone features xiaomi for sale, xiaomi for sale smartphone features, smartphone features xiaomi deals, xiaomi deals smartphone features, solid-state xiaomi, xiaomi solid-state, solid-state cheap, cheap solid-state, solid-state best, best solid-state, solid-state latest, latest solid-state, solid-state review, review solid-state, solid-state price, price solid-state, solid-state sell, sell solid-state, solid-state buy, buy solid-state, solid-state recommendation, recommendation solid-state, solid-state tips, tips solid-state, solid-state tutorial, tutorial solid-state, solid-state guide, guide solid-state, solid-state how to, how to solid-state, solid-state vs, vs solid-state, solid-state versus, versus solid-state, solid-state compared to, compared to solid-state, solid-state comparison, comparison solid-state, solid-state alternatives, alternatives solid-state, solid-state which is better, which is better solid-state, solid-state expensive, expensive solid-state, solid-state discount, discount solid-state, solid-state deals, deals solid-state, solid-state sale, sale solid-state, solid-state affordable, affordable solid-state, solid-state cost, cost solid-state, solid-state online, online solid-state, solid-state offline, offline solid-state, solid-state marketplace, marketplace solid-state, solid-state store, store solid-state, solid-state shop, shop solid-state, solid-state retailer, retailer solid-state, solid-state where to buy, where to buy solid-state, solid-state worst, worst solid-state, solid-state quality, quality solid-state, solid-state original, original solid-state, solid-state genuine, genuine solid-state, solid-state fake, fake solid-state, solid-state replica, replica solid-state, solid-state authentic, authentic solid-state, solid-state brand, brand solid-state, solid-state manufacturer, manufacturer solid-state, solid-state company, company solid-state, solid-state product, product solid-state, solid-state xiaomi product, xiaomi product solid-state, solid-state sell xiaomi, sell xiaomi solid-state, solid-state buy xiaomi, buy xiaomi solid-state, solid-state cheap xiaomi, cheap xiaomi solid-state, solid-state best xiaomi, best xiaomi solid-state, solid-state xiaomi review, xiaomi review solid-state, solid-state where to buy xiaomi, where to buy xiaomi solid-state, solid-state how to choose xiaomi, how to choose xiaomi solid-state, solid-state top xiaomi, top xiaomi solid-state, solid-state xiaomi guide, xiaomi guide solid-state, solid-state xiaomi for sale, xiaomi for sale solid-state, solid-state xiaomi deals, xiaomi deals solid-state
2026-09-26 13:54:25,517 - INFO - Expanded 220 seed keywords to 385 variations
2026-09-26 13:54:25,517 - INFO - Language: en
2026-09-26 13:54:25,517 - INFO - Region: us
2026-09-26 13:58:53,969 - INFO - 🎯 After all filtering for 'xiaomi': 120 relevant keywords
2026-09-26 13:58:54,093 - INFO - 🎯 Found 5 new keywords for niche 'xiaomi': xiaomi affordable solid-state, affordable solid-state cheap, best affordable solid-state, how to affordable solid-state, xiaomi alternatives solid-state
2026-09-26 13:59:10,266 - INFO - ✅ Niche 'xiaomi' process complete! 698 total keyword results.
2026-09-26 13:59:10,266 - INFO - ✅ Completed processing niche: 'xiaomi'
2026-09-26 13:59:10,266 - INFO - 🔧 Request Handler final stats - Success rate: 100.0%
2026-09-26 13:59:10,266 - INFO -    Total requests: 206820, Blocks: 1
2026-09-26 13:59:10,267 - INFO - 
========================================
2026-09-26 13:59:10,267 - INFO - Process Summary:
2026-09-26 13:59:10,267 - INFO - - Current niche: 'xiaomi'
2026-09-26 13:59:10,267 - INFO - - Next niche will be: 'iphone'
2026-09-26 13:59:10,267 - INFO - - Keywords saved in: languages/english/keywords/xiaomi/
2026-09-26 13:59:10,267 - INFO - ========================================
