2026-08-10 17:37:35,956 - INFO - Log file created at: /home/runner/work/potensitech.com/potensitech.com/languages/english/keywords/logs/kw_search_20260810_173735.log
2026-08-10 17:37:35,956 - INFO - ============================================================
2026-08-10 17:37:35,956 - INFO - AUTOMATIC KEYWORD RESEARCH TOOL
2026-08-10 17:37:35,956 - INFO - ============================================================
2026-08-10 17:37:36,177 - INFO - ========================================
2026-08-10 17:37:36,177 - INFO - Found 14 niches to process: xiaomi, iphone, samsung, apple, sony, asus, philips, sandisk, intel, nvidia, amd, canon, nikon, huawei
2026-08-10 17:37:36,177 - INFO - ========================================
2026-08-10 17:37:36,177 - INFO - Continuing from last processed niche: nvidia
2026-08-10 17:37:36,177 - INFO - ========================================
2026-08-10 17:37:36,177 - INFO - 🎯 PROCESSING NICHE 11/14: 'amd'
2026-08-10 17:37:36,177 - INFO - ========================================
2026-08-10 17:37:36,177 - INFO - 📁 Niche directory: /home/runner/work/potensitech.com/potensitech.com/languages/english/keywords/amd
2026-08-10 17:37:36,177 - INFO - Selected region: us
2026-08-10 17:37:36,177 - INFO - Selected language: en
2026-08-10 17:37:36,177 - INFO - 🎯 Current niche: amd
2026-08-10 17:37:36,847 - INFO - 🎯 Niche terms for filtering: amd, cheap, best, latest, review, price, sell, buy, recommendation, tips, tutorial, guide, how to, vs, versus, compared to, comparison, alternatives, which is better, expensive, discount, deals, sale, affordable, cost, online, offline, marketplace, store, shop, retailer, where to buy, worst, quality, original, genuine, fake, replica, authentic, brand, manufacturer, company, product, amd product, sell amd, buy amd, cheap amd, best amd, amd review, where to buy amd, how to choose amd, top amd, amd guide, amd for sale, amd deals
2026-08-10 17:37:36,848 - INFO - Generated 50 niche-clue pairs for 'amd'.
2026-08-10 17:37:36,850 - INFO - Expanded 50 seed keywords to 218 variations
2026-08-10 17:37:36,850 - INFO - 🔧 Request Handler initialized - Success rate: 100.0%
2026-08-10 17:42:01,188 - INFO - Original clue keywords: battery life, mobile display
2026-08-10 17:42:01,188 - INFO - Niche-focused seeds: battery life amd, amd battery life, battery life cheap, cheap battery life, battery life best, best battery life, battery life latest, latest battery life, battery life review, review battery life, battery life price, price battery life, battery life sell, sell battery life, battery life buy, buy battery life, battery life recommendation, recommendation battery life, battery life tips, tips battery life, battery life tutorial, tutorial battery life, battery life guide, guide battery life, battery life how to, how to battery life, battery life vs, vs battery life, battery life versus, versus battery life, battery life compared to, compared to battery life, battery life comparison, comparison battery life, battery life alternatives, alternatives battery life, battery life which is better, which is better battery life, battery life expensive, expensive battery life, battery life discount, discount battery life, battery life deals, deals battery life, battery life sale, sale battery life, battery life affordable, affordable battery life, battery life cost, cost battery life, battery life online, online battery life, battery life offline, offline battery life, battery life marketplace, marketplace battery life, battery life store, store battery life, battery life shop, shop battery life, battery life retailer, retailer battery life, battery life where to buy, where to buy battery life, battery life worst, worst battery life, battery life quality, quality battery life, battery life original, original battery life, battery life genuine, genuine battery life, battery life fake, fake battery life, battery life replica, replica battery life, battery life authentic, authentic battery life, battery life brand, brand battery life, battery life manufacturer, manufacturer battery life, battery life company, company battery life, battery life product, product battery life, battery life amd product, amd product battery life, battery life sell amd, sell amd battery life, battery life buy amd, buy amd battery life, battery life cheap amd, cheap amd battery life, battery life best amd, best amd battery life, battery life amd review, amd review battery life, battery life where to buy amd, where to buy amd battery life, battery life how to choose amd, how to choose amd battery life, battery life top amd, top amd battery life, battery life amd guide, amd guide battery life, battery life amd for sale, amd for sale battery life, battery life amd deals, amd deals battery life, mobile display amd, amd mobile display, mobile display cheap, cheap mobile display, mobile display best, best mobile display, mobile display latest, latest mobile display, mobile display review, review mobile display, mobile display price, price mobile display, mobile display sell, sell mobile display, mobile display buy, buy mobile display, mobile display recommendation, recommendation mobile display, mobile display tips, tips mobile display, mobile display tutorial, tutorial mobile display, mobile display guide, guide mobile display, mobile display how to, how to mobile display, mobile display vs, vs mobile display, mobile display versus, versus mobile display, mobile display compared to, compared to mobile display, mobile display comparison, comparison mobile display, mobile display alternatives, alternatives mobile display, mobile display which is better, which is better mobile display, mobile display expensive, expensive mobile display, mobile display discount, discount mobile display, mobile display deals, deals mobile display, mobile display sale, sale mobile display, mobile display affordable, affordable mobile display, mobile display cost, cost mobile display, mobile display online, online mobile display, mobile display offline, offline mobile display, mobile display marketplace, marketplace mobile display, mobile display store, store mobile display, mobile display shop, shop mobile display, mobile display retailer, retailer mobile display, mobile display where to buy, where to buy mobile display, mobile display worst, worst mobile display, mobile display quality, quality mobile display, mobile display original, original mobile display, mobile display genuine, genuine mobile display, mobile display fake, fake mobile display, mobile display replica, replica mobile display, mobile display authentic, authentic mobile display, mobile display brand, brand mobile display, mobile display manufacturer, manufacturer mobile display, mobile display company, company mobile display, mobile display product, product mobile display, mobile display amd product, amd product mobile display, mobile display sell amd, sell amd mobile display, mobile display buy amd, buy amd mobile display, mobile display cheap amd, cheap amd mobile display, mobile display best amd, best amd mobile display, mobile display amd review, amd review mobile display, mobile display where to buy amd, where to buy amd mobile display, mobile display how to choose amd, how to choose amd mobile display, mobile display top amd, top amd mobile display, mobile display amd guide, amd guide mobile display, mobile display amd for sale, amd for sale mobile display, mobile display amd deals, amd deals mobile display
2026-08-10 17:42:01,190 - INFO - Expanded 220 seed keywords to 385 variations
2026-08-10 17:42:01,190 - INFO - Language: en
2026-08-10 17:42:01,190 - INFO - Region: us
2026-08-10 17:43:31,000 - INFO - 🎯 After all filtering for 'amd': 119 relevant keywords
2026-08-10 17:43:32,174 - INFO - 🎯 Found 5 new keywords for niche 'amd': amd affordable battery life, amd affordable mobile display, cheap alternatives battery life, cheap alternatives mobile display, best authentic battery life
2026-08-10 17:43:32,617 - INFO - ✅ Niche 'amd' process complete! 751 total keyword results.
2026-08-10 17:43:32,617 - INFO - ✅ Completed processing niche: 'amd'
2026-08-10 17:43:32,617 - INFO - 🔧 Request Handler final stats - Success rate: 100.0%
2026-08-10 17:43:32,617 - INFO -    Total requests: 168599, Blocks: 1
2026-08-10 17:43:32,618 - INFO - 
========================================
2026-08-10 17:43:32,618 - INFO - Process Summary:
2026-08-10 17:43:32,618 - INFO - - Current niche: 'amd'
2026-08-10 17:43:32,618 - INFO - - Next niche will be: 'canon'
2026-08-10 17:43:32,619 - INFO - - Keywords saved in: languages/english/keywords/amd/
2026-08-10 17:43:32,619 - INFO - ========================================
