2026-08-25 17:20:14,338 - INFO - Log file created at: /home/runner/work/potensitech.com/potensitech.com/languages/english/keywords/logs/kw_search_20260825_172014.log
2026-08-25 17:20:14,338 - INFO - ============================================================
2026-08-25 17:20:14,338 - INFO - AUTOMATIC KEYWORD RESEARCH TOOL
2026-08-25 17:20:14,338 - INFO - ============================================================
2026-08-25 17:20:14,638 - INFO - ========================================
2026-08-25 17:20:14,638 - INFO - Found 14 niches to process: xiaomi, iphone, samsung, apple, sony, asus, philips, sandisk, intel, nvidia, amd, canon, nikon, huawei
2026-08-25 17:20:14,638 - INFO - ========================================
2026-08-25 17:20:14,638 - INFO - Continuing from last processed niche: asus
2026-08-25 17:20:14,638 - INFO - ========================================
2026-08-25 17:20:14,638 - INFO - 🎯 PROCESSING NICHE 7/14: 'philips'
2026-08-25 17:20:14,638 - INFO - ========================================
2026-08-25 17:20:14,638 - INFO - 📁 Niche directory: /home/runner/work/potensitech.com/potensitech.com/languages/english/keywords/philips
2026-08-25 17:20:14,638 - INFO - Selected region: us
2026-08-25 17:20:14,638 - INFO - Selected language: en
2026-08-25 17:20:14,639 - INFO - 🎯 Current niche: philips
2026-08-25 17:20:25,611 - INFO - 🎯 Niche terms for filtering: philips, cheap, best, latest, review, price, sell, buy, recommendation, tips, tutorial, guide, how to, vs, versus, compared to, comparison, alternatives, which is better, expensive, discount, deals, sale, affordable, cost, online, offline, marketplace, store, shop, retailer, where to buy, worst, quality, original, genuine, fake, replica, authentic, brand, manufacturer, company, product, philips product, sell philips, buy philips, cheap philips, best philips, philips review, where to buy philips, how to choose philips, top philips, philips guide, philips for sale, philips deals
2026-08-25 17:20:25,612 - INFO - Generated 50 niche-clue pairs for 'philips'.
2026-08-25 17:20:25,615 - INFO - Expanded 50 seed keywords to 218 variations
2026-08-25 17:20:25,615 - INFO - 🔧 Request Handler initialized - Success rate: 100.0%
2026-08-25 17:24:51,561 - INFO - Original clue keywords: ray tracing, graphics card
2026-08-25 17:24:51,561 - INFO - Niche-focused seeds: ray tracing philips, philips ray tracing, ray tracing cheap, cheap ray tracing, ray tracing best, best ray tracing, ray tracing latest, latest ray tracing, ray tracing review, review ray tracing, ray tracing price, price ray tracing, ray tracing sell, sell ray tracing, ray tracing buy, buy ray tracing, ray tracing recommendation, recommendation ray tracing, ray tracing tips, tips ray tracing, ray tracing tutorial, tutorial ray tracing, ray tracing guide, guide ray tracing, ray tracing how to, how to ray tracing, ray tracing vs, vs ray tracing, ray tracing versus, versus ray tracing, ray tracing compared to, compared to ray tracing, ray tracing comparison, comparison ray tracing, ray tracing alternatives, alternatives ray tracing, ray tracing which is better, which is better ray tracing, ray tracing expensive, expensive ray tracing, ray tracing discount, discount ray tracing, ray tracing deals, deals ray tracing, ray tracing sale, sale ray tracing, ray tracing affordable, affordable ray tracing, ray tracing cost, cost ray tracing, ray tracing online, online ray tracing, ray tracing offline, offline ray tracing, ray tracing marketplace, marketplace ray tracing, ray tracing store, store ray tracing, ray tracing shop, shop ray tracing, ray tracing retailer, retailer ray tracing, ray tracing where to buy, where to buy ray tracing, ray tracing worst, worst ray tracing, ray tracing quality, quality ray tracing, ray tracing original, original ray tracing, ray tracing genuine, genuine ray tracing, ray tracing fake, fake ray tracing, ray tracing replica, replica ray tracing, ray tracing authentic, authentic ray tracing, ray tracing brand, brand ray tracing, ray tracing manufacturer, manufacturer ray tracing, ray tracing company, company ray tracing, ray tracing product, product ray tracing, ray tracing philips product, philips product ray tracing, ray tracing sell philips, sell philips ray tracing, ray tracing buy philips, buy philips ray tracing, ray tracing cheap philips, cheap philips ray tracing, ray tracing best philips, best philips ray tracing, ray tracing philips review, philips review ray tracing, ray tracing where to buy philips, where to buy philips ray tracing, ray tracing how to choose philips, how to choose philips ray tracing, ray tracing top philips, top philips ray tracing, ray tracing philips guide, philips guide ray tracing, ray tracing philips for sale, philips for sale ray tracing, ray tracing philips deals, philips deals ray tracing, graphics card philips, philips graphics card, graphics card cheap, cheap graphics card, graphics card best, best graphics card, graphics card latest, latest graphics card, graphics card review, review graphics card, graphics card price, price graphics card, graphics card sell, sell graphics card, graphics card buy, buy graphics card, graphics card recommendation, recommendation graphics card, graphics card tips, tips graphics card, graphics card tutorial, tutorial graphics card, graphics card guide, guide graphics card, graphics card how to, how to graphics card, graphics card vs, vs graphics card, graphics card versus, versus graphics card, graphics card compared to, compared to graphics card, graphics card comparison, comparison graphics card, graphics card alternatives, alternatives graphics card, graphics card which is better, which is better graphics card, graphics card expensive, expensive graphics card, graphics card discount, discount graphics card, graphics card deals, deals graphics card, graphics card sale, sale graphics card, graphics card affordable, affordable graphics card, graphics card cost, cost graphics card, graphics card online, online graphics card, graphics card offline, offline graphics card, graphics card marketplace, marketplace graphics card, graphics card store, store graphics card, graphics card shop, shop graphics card, graphics card retailer, retailer graphics card, graphics card where to buy, where to buy graphics card, graphics card worst, worst graphics card, graphics card quality, quality graphics card, graphics card original, original graphics card, graphics card genuine, genuine graphics card, graphics card fake, fake graphics card, graphics card replica, replica graphics card, graphics card authentic, authentic graphics card, graphics card brand, brand graphics card, graphics card manufacturer, manufacturer graphics card, graphics card company, company graphics card, graphics card product, product graphics card, graphics card philips product, philips product graphics card, graphics card sell philips, sell philips graphics card, graphics card buy philips, buy philips graphics card, graphics card cheap philips, cheap philips graphics card, graphics card best philips, best philips graphics card, graphics card philips review, philips review graphics card, graphics card where to buy philips, where to buy philips graphics card, graphics card how to choose philips, how to choose philips graphics card, graphics card top philips, top philips graphics card, graphics card philips guide, philips guide graphics card, graphics card philips for sale, philips for sale graphics card, graphics card philips deals, philips deals graphics card
2026-08-25 17:24:51,565 - INFO - Expanded 220 seed keywords to 385 variations
2026-08-25 17:24:51,565 - INFO - Language: en
2026-08-25 17:24:51,565 - INFO - Region: us
2026-08-25 17:29:18,596 - INFO - 🎯 After all filtering for 'philips': 120 relevant keywords
2026-08-25 17:29:19,765 - INFO - 🎯 Found 5 new keywords for niche 'philips': philips affordable graphics card, philips affordable ray tracing, cheap alternatives graphics card, cheap alternatives ray tracing, best authentic graphics card
2026-08-25 17:29:35,766 - INFO - ✅ Niche 'philips' process complete! 705 total keyword results.
2026-08-25 17:29:35,767 - INFO - ✅ Completed processing niche: 'philips'
2026-08-25 17:29:35,767 - INFO - 🔧 Request Handler final stats - Success rate: 100.0%
2026-08-25 17:29:35,767 - INFO -    Total requests: 180311, Blocks: 1
2026-08-25 17:29:35,768 - INFO - 
========================================
2026-08-25 17:29:35,768 - INFO - Process Summary:
2026-08-25 17:29:35,768 - INFO - - Current niche: 'philips'
2026-08-25 17:29:35,768 - INFO - - Next niche will be: 'sandisk'
2026-08-25 17:29:35,768 - INFO - - Keywords saved in: languages/english/keywords/philips/
2026-08-25 17:29:35,769 - INFO - ========================================
