2026-09-06 11:39:58,216 - INFO - Log file created at: /home/runner/work/potensitech.com/potensitech.com/languages/english/keywords/logs/kw_search_20260906_113958.log
2026-09-06 11:39:58,216 - INFO - ============================================================
2026-09-06 11:39:58,216 - INFO - AUTOMATIC KEYWORD RESEARCH TOOL
2026-09-06 11:39:58,216 - INFO - ============================================================
2026-09-06 11:39:58,429 - INFO - ========================================
2026-09-06 11:39:58,429 - INFO - Found 14 niches to process: xiaomi, iphone, samsung, apple, sony, asus, philips, sandisk, intel, nvidia, amd, canon, nikon, huawei
2026-09-06 11:39:58,429 - INFO - ========================================
2026-09-06 11:39:58,429 - INFO - Continuing from last processed niche: intel
2026-09-06 11:39:58,429 - INFO - ========================================
2026-09-06 11:39:58,429 - INFO - 🎯 PROCESSING NICHE 10/14: 'nvidia'
2026-09-06 11:39:58,429 - INFO - ========================================
2026-09-06 11:39:58,429 - INFO - 📁 Niche directory: /home/runner/work/potensitech.com/potensitech.com/languages/english/keywords/nvidia
2026-09-06 11:39:58,430 - INFO - Selected region: us
2026-09-06 11:39:58,430 - INFO - Selected language: en
2026-09-06 11:39:58,430 - INFO - 🎯 Current niche: nvidia
2026-09-06 11:40:09,878 - INFO - 🎯 Niche terms for filtering: nvidia, cheap, best, latest, review, price, sell, buy, recommendation, tips, tutorial, guide, how to, vs, versus, compared to, comparison, alternatives, which is better, expensive, discount, deals, sale, affordable, cost, online, offline, marketplace, store, shop, retailer, where to buy, worst, quality, original, genuine, fake, replica, authentic, brand, manufacturer, company, product, nvidia product, sell nvidia, buy nvidia, cheap nvidia, best nvidia, nvidia review, where to buy nvidia, how to choose nvidia, top nvidia, nvidia guide, nvidia for sale, nvidia deals
2026-09-06 11:40:09,879 - INFO - Generated 50 niche-clue pairs for 'nvidia'.
2026-09-06 11:40:09,881 - INFO - Expanded 50 seed keywords to 218 variations
2026-09-06 11:40:09,881 - INFO - 🔧 Request Handler initialized - Success rate: 100.0%
2026-09-06 11:44:30,922 - INFO - Original clue keywords: ai computing, usb performance
2026-09-06 11:44:30,923 - INFO - Niche-focused seeds: ai computing nvidia, nvidia ai computing, ai computing cheap, cheap ai computing, ai computing best, best ai computing, ai computing latest, latest ai computing, ai computing review, review ai computing, ai computing price, price ai computing, ai computing sell, sell ai computing, ai computing buy, buy ai computing, ai computing recommendation, recommendation ai computing, ai computing tips, tips ai computing, ai computing tutorial, tutorial ai computing, ai computing guide, guide ai computing, ai computing how to, how to ai computing, ai computing vs, vs ai computing, ai computing versus, versus ai computing, ai computing compared to, compared to ai computing, ai computing comparison, comparison ai computing, ai computing alternatives, alternatives ai computing, ai computing which is better, which is better ai computing, ai computing expensive, expensive ai computing, ai computing discount, discount ai computing, ai computing deals, deals ai computing, ai computing sale, sale ai computing, ai computing affordable, affordable ai computing, ai computing cost, cost ai computing, ai computing online, online ai computing, ai computing offline, offline ai computing, ai computing marketplace, marketplace ai computing, ai computing store, store ai computing, ai computing shop, shop ai computing, ai computing retailer, retailer ai computing, ai computing where to buy, where to buy ai computing, ai computing worst, worst ai computing, ai computing quality, quality ai computing, ai computing original, original ai computing, ai computing genuine, genuine ai computing, ai computing fake, fake ai computing, ai computing replica, replica ai computing, ai computing authentic, authentic ai computing, ai computing brand, brand ai computing, ai computing manufacturer, manufacturer ai computing, ai computing company, company ai computing, ai computing product, product ai computing, ai computing nvidia product, nvidia product ai computing, ai computing sell nvidia, sell nvidia ai computing, ai computing buy nvidia, buy nvidia ai computing, ai computing cheap nvidia, cheap nvidia ai computing, ai computing best nvidia, best nvidia ai computing, ai computing nvidia review, nvidia review ai computing, ai computing where to buy nvidia, where to buy nvidia ai computing, ai computing how to choose nvidia, how to choose nvidia ai computing, ai computing top nvidia, top nvidia ai computing, ai computing nvidia guide, nvidia guide ai computing, ai computing nvidia for sale, nvidia for sale ai computing, ai computing nvidia deals, nvidia deals ai computing, usb performance nvidia, nvidia usb performance, usb performance cheap, cheap usb performance, usb performance best, best usb performance, usb performance latest, latest usb performance, usb performance review, review usb performance, usb performance price, price usb performance, usb performance sell, sell usb performance, usb performance buy, buy usb performance, usb performance recommendation, recommendation usb performance, usb performance tips, tips usb performance, usb performance tutorial, tutorial usb performance, usb performance guide, guide usb performance, usb performance how to, how to usb performance, usb performance vs, vs usb performance, usb performance versus, versus usb performance, usb performance compared to, compared to usb performance, usb performance comparison, comparison usb performance, usb performance alternatives, alternatives usb performance, usb performance which is better, which is better usb performance, usb performance expensive, expensive usb performance, usb performance discount, discount usb performance, usb performance deals, deals usb performance, usb performance sale, sale usb performance, usb performance affordable, affordable usb performance, usb performance cost, cost usb performance, usb performance online, online usb performance, usb performance offline, offline usb performance, usb performance marketplace, marketplace usb performance, usb performance store, store usb performance, usb performance shop, shop usb performance, usb performance retailer, retailer usb performance, usb performance where to buy, where to buy usb performance, usb performance worst, worst usb performance, usb performance quality, quality usb performance, usb performance original, original usb performance, usb performance genuine, genuine usb performance, usb performance fake, fake usb performance, usb performance replica, replica usb performance, usb performance authentic, authentic usb performance, usb performance brand, brand usb performance, usb performance manufacturer, manufacturer usb performance, usb performance company, company usb performance, usb performance product, product usb performance, usb performance nvidia product, nvidia product usb performance, usb performance sell nvidia, sell nvidia usb performance, usb performance buy nvidia, buy nvidia usb performance, usb performance cheap nvidia, cheap nvidia usb performance, usb performance best nvidia, best nvidia usb performance, usb performance nvidia review, nvidia review usb performance, usb performance where to buy nvidia, where to buy nvidia usb performance, usb performance how to choose nvidia, how to choose nvidia usb performance, usb performance top nvidia, top nvidia usb performance, usb performance nvidia guide, nvidia guide usb performance, usb performance nvidia for sale, nvidia for sale usb performance, usb performance nvidia deals, nvidia deals usb performance
2026-09-06 11:44:30,924 - INFO - Expanded 220 seed keywords to 385 variations
2026-09-06 11:44:30,924 - INFO - Language: en
2026-09-06 11:44:30,925 - INFO - Region: us
2026-09-06 11:45:17,250 - INFO - 🎯 After all filtering for 'nvidia': 120 relevant keywords
2026-09-06 11:45:17,834 - INFO - 🎯 Found 2 new keywords for niche 'nvidia': nvidia affordable ai computing, nvidia affordable usb performance
2026-09-06 11:45:34,625 - INFO - ✅ Niche 'nvidia' process complete! 873 total keyword results.
2026-09-06 11:45:34,625 - INFO - ✅ Completed processing niche: 'nvidia'
2026-09-06 11:45:34,625 - INFO - 🔧 Request Handler final stats - Success rate: 100.0%
2026-09-06 11:45:34,625 - INFO -    Total requests: 189634, Blocks: 1
2026-09-06 11:45:34,626 - INFO - 
========================================
2026-09-06 11:45:34,626 - INFO - Process Summary:
2026-09-06 11:45:34,626 - INFO - - Current niche: 'nvidia'
2026-09-06 11:45:34,626 - INFO - - Next niche will be: 'amd'
2026-09-06 11:45:34,626 - INFO - - Keywords saved in: languages/english/keywords/nvidia/
2026-09-06 11:45:34,627 - INFO - ========================================
