2026-08-23 19:32:15,643 - INFO - Log file created at: /home/runner/work/potensitech.com/potensitech.com/languages/english/keywords/logs/kw_search_20260823_193215.log
2026-08-23 19:32:15,643 - INFO - ============================================================
2026-08-23 19:32:15,644 - INFO - AUTOMATIC KEYWORD RESEARCH TOOL
2026-08-23 19:32:15,644 - INFO - ============================================================
2026-08-23 19:32:15,881 - INFO - ========================================
2026-08-23 19:32:15,882 - INFO - Found 14 niches to process: xiaomi, iphone, samsung, apple, sony, asus, philips, sandisk, intel, nvidia, amd, canon, nikon, huawei
2026-08-23 19:32:15,882 - INFO - ========================================
2026-08-23 19:32:15,882 - INFO - Continuing from last processed niche: xiaomi
2026-08-23 19:32:15,882 - INFO - ========================================
2026-08-23 19:32:15,882 - INFO - 🎯 PROCESSING NICHE 2/14: 'iphone'
2026-08-23 19:32:15,882 - INFO - ========================================
2026-08-23 19:32:15,882 - INFO - 📁 Niche directory: /home/runner/work/potensitech.com/potensitech.com/languages/english/keywords/iphone
2026-08-23 19:32:15,882 - INFO - Selected region: us
2026-08-23 19:32:15,882 - INFO - Selected language: en
2026-08-23 19:32:15,882 - INFO - 🎯 Current niche: iphone
2026-08-23 19:32:27,046 - INFO - 🎯 Niche terms for filtering: iphone, cheap, best, latest, review, price, sell, buy, recommendation, tips, tutorial, guide, how to, vs, versus, compared to, comparison, alternatives, which is better, expensive, discount, deals, sale, affordable, cost, online, offline, marketplace, store, shop, retailer, where to buy, worst, quality, original, genuine, fake, replica, authentic, brand, manufacturer, company, product, iphone product, sell iphone, buy iphone, cheap iphone, best iphone, iphone review, where to buy iphone, how to choose iphone, top iphone, iphone guide, iphone for sale, iphone deals
2026-08-23 19:32:27,046 - INFO - Generated 50 niche-clue pairs for 'iphone'.
2026-08-23 19:32:27,048 - INFO - Expanded 50 seed keywords to 218 variations
2026-08-23 19:32:27,049 - INFO - 🔧 Request Handler initialized - Success rate: 100.0%
2026-08-23 19:36:48,819 - INFO - Original clue keywords: camera lens, mirrorless technology
2026-08-23 19:36:48,819 - INFO - Niche-focused seeds: camera lens iphone, iphone camera lens, camera lens cheap, cheap camera lens, camera lens best, best camera lens, camera lens latest, latest camera lens, camera lens review, review camera lens, camera lens price, price camera lens, camera lens sell, sell camera lens, camera lens buy, buy camera lens, camera lens recommendation, recommendation camera lens, camera lens tips, tips camera lens, camera lens tutorial, tutorial camera lens, camera lens guide, guide camera lens, camera lens how to, how to camera lens, camera lens vs, vs camera lens, camera lens versus, versus camera lens, camera lens compared to, compared to camera lens, camera lens comparison, comparison camera lens, camera lens alternatives, alternatives camera lens, camera lens which is better, which is better camera lens, camera lens expensive, expensive camera lens, camera lens discount, discount camera lens, camera lens deals, deals camera lens, camera lens sale, sale camera lens, camera lens affordable, affordable camera lens, camera lens cost, cost camera lens, camera lens online, online camera lens, camera lens offline, offline camera lens, camera lens marketplace, marketplace camera lens, camera lens store, store camera lens, camera lens shop, shop camera lens, camera lens retailer, retailer camera lens, camera lens where to buy, where to buy camera lens, camera lens worst, worst camera lens, camera lens quality, quality camera lens, camera lens original, original camera lens, camera lens genuine, genuine camera lens, camera lens fake, fake camera lens, camera lens replica, replica camera lens, camera lens authentic, authentic camera lens, camera lens brand, brand camera lens, camera lens manufacturer, manufacturer camera lens, camera lens company, company camera lens, camera lens product, product camera lens, camera lens iphone product, iphone product camera lens, camera lens sell iphone, sell iphone camera lens, camera lens buy iphone, buy iphone camera lens, camera lens cheap iphone, cheap iphone camera lens, camera lens best iphone, best iphone camera lens, camera lens iphone review, iphone review camera lens, camera lens where to buy iphone, where to buy iphone camera lens, camera lens how to choose iphone, how to choose iphone camera lens, camera lens top iphone, top iphone camera lens, camera lens iphone guide, iphone guide camera lens, camera lens iphone for sale, iphone for sale camera lens, camera lens iphone deals, iphone deals camera lens, mirrorless technology iphone, iphone mirrorless technology, mirrorless technology cheap, cheap mirrorless technology, mirrorless technology best, best mirrorless technology, mirrorless technology latest, latest mirrorless technology, mirrorless technology review, review mirrorless technology, mirrorless technology price, price mirrorless technology, mirrorless technology sell, sell mirrorless technology, mirrorless technology buy, buy mirrorless technology, mirrorless technology recommendation, recommendation mirrorless technology, mirrorless technology tips, tips mirrorless technology, mirrorless technology tutorial, tutorial mirrorless technology, mirrorless technology guide, guide mirrorless technology, mirrorless technology how to, how to mirrorless technology, mirrorless technology vs, vs mirrorless technology, mirrorless technology versus, versus mirrorless technology, mirrorless technology compared to, compared to mirrorless technology, mirrorless technology comparison, comparison mirrorless technology, mirrorless technology alternatives, alternatives mirrorless technology, mirrorless technology which is better, which is better mirrorless technology, mirrorless technology expensive, expensive mirrorless technology, mirrorless technology discount, discount mirrorless technology, mirrorless technology deals, deals mirrorless technology, mirrorless technology sale, sale mirrorless technology, mirrorless technology affordable, affordable mirrorless technology, mirrorless technology cost, cost mirrorless technology, mirrorless technology online, online mirrorless technology, mirrorless technology offline, offline mirrorless technology, mirrorless technology marketplace, marketplace mirrorless technology, mirrorless technology store, store mirrorless technology, mirrorless technology shop, shop mirrorless technology, mirrorless technology retailer, retailer mirrorless technology, mirrorless technology where to buy, where to buy mirrorless technology, mirrorless technology worst, worst mirrorless technology, mirrorless technology quality, quality mirrorless technology, mirrorless technology original, original mirrorless technology, mirrorless technology genuine, genuine mirrorless technology, mirrorless technology fake, fake mirrorless technology, mirrorless technology replica, replica mirrorless technology, mirrorless technology authentic, authentic mirrorless technology, mirrorless technology brand, brand mirrorless technology, mirrorless technology manufacturer, manufacturer mirrorless technology, mirrorless technology company, company mirrorless technology, mirrorless technology product, product mirrorless technology, mirrorless technology iphone product, iphone product mirrorless technology, mirrorless technology sell iphone, sell iphone mirrorless technology, mirrorless technology buy iphone, buy iphone mirrorless technology, mirrorless technology cheap iphone, cheap iphone mirrorless technology, mirrorless technology best iphone, best iphone mirrorless technology, mirrorless technology iphone review, iphone review mirrorless technology, mirrorless technology where to buy iphone, where to buy iphone mirrorless technology, mirrorless technology how to choose iphone, how to choose iphone mirrorless technology, mirrorless technology top iphone, top iphone mirrorless technology, mirrorless technology iphone guide, iphone guide mirrorless technology, mirrorless technology iphone for sale, iphone for sale mirrorless technology, mirrorless technology iphone deals, iphone deals mirrorless technology
2026-08-23 19:36:48,822 - INFO - Expanded 220 seed keywords to 385 variations
2026-08-23 19:36:48,822 - INFO - Language: en
2026-08-23 19:36:48,822 - INFO - Region: us
2026-08-23 19:37:22,672 - INFO - 🎯 After all filtering for 'iphone': 120 relevant keywords
2026-08-23 19:37:23,197 - INFO - 🎯 Found 2 new keywords for niche 'iphone': iphone affordable camera lens, iphone affordable mirrorless technology
2026-08-23 19:37:39,460 - INFO - ✅ Niche 'iphone' process complete! 857 total keyword results.
2026-08-23 19:37:39,460 - INFO - ✅ Completed processing niche: 'iphone'
2026-08-23 19:37:39,460 - INFO - 🔧 Request Handler final stats - Success rate: 100.0%
2026-08-23 19:37:39,461 - INFO -    Total requests: 178901, Blocks: 1
2026-08-23 19:37:39,461 - INFO - 
========================================
2026-08-23 19:37:39,461 - INFO - Process Summary:
2026-08-23 19:37:39,462 - INFO - - Current niche: 'iphone'
2026-08-23 19:37:39,462 - INFO - - Next niche will be: 'samsung'
2026-08-23 19:37:39,462 - INFO - - Keywords saved in: languages/english/keywords/iphone/
2026-08-23 19:37:39,462 - INFO - ========================================
