2026-10-01 16:40:07,799 - INFO - Log file created at: /home/runner/work/potensitech.com/potensitech.com/languages/english/keywords/logs/kw_search_20261001_164007.log
2026-10-01 16:40:07,799 - INFO - ============================================================
2026-10-01 16:40:07,800 - INFO - AUTOMATIC KEYWORD RESEARCH TOOL
2026-10-01 16:40:07,800 - INFO - ============================================================
2026-10-01 16:40:08,228 - INFO - ========================================
2026-10-01 16:40:08,228 - INFO - Found 14 niches to process: xiaomi, iphone, samsung, apple, sony, asus, philips, sandisk, intel, nvidia, amd, canon, nikon, huawei
2026-10-01 16:40:08,228 - INFO - ========================================
2026-10-01 16:40:08,229 - INFO - Continuing from last processed niche: sandisk
2026-10-01 16:40:08,229 - INFO - ========================================
2026-10-01 16:40:08,229 - INFO - 🎯 PROCESSING NICHE 9/14: 'intel'
2026-10-01 16:40:08,229 - INFO - ========================================
2026-10-01 16:40:08,229 - INFO - 📁 Niche directory: /home/runner/work/potensitech.com/potensitech.com/languages/english/keywords/intel
2026-10-01 16:40:08,229 - INFO - Selected region: us
2026-10-01 16:40:08,229 - INFO - Selected language: en
2026-10-01 16:40:08,229 - INFO - 🎯 Current niche: intel
2026-10-01 16:40:18,852 - INFO - 🎯 Niche terms for filtering: intel, cheap, best, latest, review, price, sell, buy, recommendation, tips, tutorial, guide, how to, vs, versus, compared to, comparison, alternatives, which is better, expensive, discount, deals, sale, affordable, cost, online, offline, marketplace, store, shop, retailer, where to buy, worst, quality, original, genuine, fake, replica, authentic, brand, manufacturer, company, product, intel product, sell intel, buy intel, cheap intel, best intel, intel review, where to buy intel, how to choose intel, top intel, intel guide, intel for sale, intel deals
2026-10-01 16:40:18,853 - INFO - Generated 50 niche-clue pairs for 'intel'.
2026-10-01 16:40:18,856 - INFO - Expanded 50 seed keywords to 218 variations
2026-10-01 16:40:18,857 - INFO - 🔧 Request Handler initialized - Success rate: 100.0%
2026-10-01 16:44:41,164 - INFO - Original clue keywords: mobile performance, sleek design
2026-10-01 16:44:41,164 - INFO - Niche-focused seeds: mobile performance intel, intel mobile performance, mobile performance cheap, cheap mobile performance, mobile performance best, best mobile performance, mobile performance latest, latest mobile performance, mobile performance review, review mobile performance, mobile performance price, price mobile performance, mobile performance sell, sell mobile performance, mobile performance buy, buy mobile performance, mobile performance recommendation, recommendation mobile performance, mobile performance tips, tips mobile performance, mobile performance tutorial, tutorial mobile performance, mobile performance guide, guide mobile performance, mobile performance how to, how to mobile performance, mobile performance vs, vs mobile performance, mobile performance versus, versus mobile performance, mobile performance compared to, compared to mobile performance, mobile performance comparison, comparison mobile performance, mobile performance alternatives, alternatives mobile performance, mobile performance which is better, which is better mobile performance, mobile performance expensive, expensive mobile performance, mobile performance discount, discount mobile performance, mobile performance deals, deals mobile performance, mobile performance sale, sale mobile performance, mobile performance affordable, affordable mobile performance, mobile performance cost, cost mobile performance, mobile performance online, online mobile performance, mobile performance offline, offline mobile performance, mobile performance marketplace, marketplace mobile performance, mobile performance store, store mobile performance, mobile performance shop, shop mobile performance, mobile performance retailer, retailer mobile performance, mobile performance where to buy, where to buy mobile performance, mobile performance worst, worst mobile performance, mobile performance quality, quality mobile performance, mobile performance original, original mobile performance, mobile performance genuine, genuine mobile performance, mobile performance fake, fake mobile performance, mobile performance replica, replica mobile performance, mobile performance authentic, authentic mobile performance, mobile performance brand, brand mobile performance, mobile performance manufacturer, manufacturer mobile performance, mobile performance company, company mobile performance, mobile performance product, product mobile performance, mobile performance intel product, intel product mobile performance, mobile performance sell intel, sell intel mobile performance, mobile performance buy intel, buy intel mobile performance, mobile performance cheap intel, cheap intel mobile performance, mobile performance best intel, best intel mobile performance, mobile performance intel review, intel review mobile performance, mobile performance where to buy intel, where to buy intel mobile performance, mobile performance how to choose intel, how to choose intel mobile performance, mobile performance top intel, top intel mobile performance, mobile performance intel guide, intel guide mobile performance, mobile performance intel for sale, intel for sale mobile performance, mobile performance intel deals, intel deals mobile performance, sleek design intel, intel sleek design, sleek design cheap, cheap sleek design, sleek design best, best sleek design, sleek design latest, latest sleek design, sleek design review, review sleek design, sleek design price, price sleek design, sleek design sell, sell sleek design, sleek design buy, buy sleek design, sleek design recommendation, recommendation sleek design, sleek design tips, tips sleek design, sleek design tutorial, tutorial sleek design, sleek design guide, guide sleek design, sleek design how to, how to sleek design, sleek design vs, vs sleek design, sleek design versus, versus sleek design, sleek design compared to, compared to sleek design, sleek design comparison, comparison sleek design, sleek design alternatives, alternatives sleek design, sleek design which is better, which is better sleek design, sleek design expensive, expensive sleek design, sleek design discount, discount sleek design, sleek design deals, deals sleek design, sleek design sale, sale sleek design, sleek design affordable, affordable sleek design, sleek design cost, cost sleek design, sleek design online, online sleek design, sleek design offline, offline sleek design, sleek design marketplace, marketplace sleek design, sleek design store, store sleek design, sleek design shop, shop sleek design, sleek design retailer, retailer sleek design, sleek design where to buy, where to buy sleek design, sleek design worst, worst sleek design, sleek design quality, quality sleek design, sleek design original, original sleek design, sleek design genuine, genuine sleek design, sleek design fake, fake sleek design, sleek design replica, replica sleek design, sleek design authentic, authentic sleek design, sleek design brand, brand sleek design, sleek design manufacturer, manufacturer sleek design, sleek design company, company sleek design, sleek design product, product sleek design, sleek design intel product, intel product sleek design, sleek design sell intel, sell intel sleek design, sleek design buy intel, buy intel sleek design, sleek design cheap intel, cheap intel sleek design, sleek design best intel, best intel sleek design, sleek design intel review, intel review sleek design, sleek design where to buy intel, where to buy intel sleek design, sleek design how to choose intel, how to choose intel sleek design, sleek design top intel, top intel sleek design, sleek design intel guide, intel guide sleek design, sleek design intel for sale, intel for sale sleek design, sleek design intel deals, intel deals sleek design
2026-10-01 16:44:41,167 - INFO - Expanded 220 seed keywords to 385 variations
2026-10-01 16:44:41,167 - INFO - Language: en
2026-10-01 16:44:41,167 - INFO - Region: us
2026-10-01 16:47:08,951 - INFO - 🎯 After all filtering for 'intel': 120 relevant keywords
2026-10-01 16:47:11,367 - INFO - 🎯 Found 4 new keywords for niche 'intel': intel affordable mobile performance, intel affordable sleek design, cheap alternatives sleek design, best authentic sleek design
2026-10-01 16:47:27,271 - INFO - ✅ Niche 'intel' process complete! 1055 total keyword results.
2026-10-01 16:47:27,271 - INFO - ✅ Completed processing niche: 'intel'
2026-10-01 16:47:27,271 - INFO - 🔧 Request Handler final stats - Success rate: 100.0%
2026-10-01 16:47:27,271 - INFO -    Total requests: 211204, Blocks: 1
2026-10-01 16:47:27,272 - INFO - 
========================================
2026-10-01 16:47:27,272 - INFO - Process Summary:
2026-10-01 16:47:27,273 - INFO - - Current niche: 'intel'
2026-10-01 16:47:27,273 - INFO - - Next niche will be: 'nvidia'
2026-10-01 16:47:27,273 - INFO - - Keywords saved in: languages/english/keywords/intel/
2026-10-01 16:47:27,273 - INFO - ========================================
